[2024-09-13T08:39:18.944+0000] {taskinstance.py:1165} INFO - Dependencies all met for <TaskInstance: group_dag.check_files manual__2024-09-13T08:38:15.380111+00:00 [queued]>
[2024-09-13T08:39:18.959+0000] {taskinstance.py:1165} INFO - Dependencies all met for <TaskInstance: group_dag.check_files manual__2024-09-13T08:38:15.380111+00:00 [queued]>
[2024-09-13T08:39:18.961+0000] {taskinstance.py:1362} INFO - 
--------------------------------------------------------------------------------
[2024-09-13T08:39:18.962+0000] {taskinstance.py:1363} INFO - Starting attempt 1 of 1
[2024-09-13T08:39:18.963+0000] {taskinstance.py:1364} INFO - 
--------------------------------------------------------------------------------
[2024-09-13T08:39:18.991+0000] {taskinstance.py:1383} INFO - Executing <Task(BashOperator): check_files> on 2024-09-13 08:38:15.380111+00:00
[2024-09-13T08:39:18.997+0000] {standard_task_runner.py:55} INFO - Started process 1966 to run task
[2024-09-13T08:39:19.002+0000] {standard_task_runner.py:82} INFO - Running: ['***', 'tasks', 'run', 'group_dag', 'check_files', 'manual__2024-09-13T08:38:15.380111+00:00', '--job-id', '11', '--raw', '--subdir', 'DAGS_FOLDER/group_dag.py', '--cfg-path', '/tmp/tmpxpfvgqlh']
[2024-09-13T08:39:19.003+0000] {standard_task_runner.py:83} INFO - Job 11: Subtask check_files
[2024-09-13T08:39:19.106+0000] {task_command.py:376} INFO - Running <TaskInstance: group_dag.check_files manual__2024-09-13T08:38:15.380111+00:00 [running]> on host 35989190ca54
[2024-09-13T08:39:19.200+0000] {taskinstance.py:1592} INFO - Exporting the following env vars:
AIRFLOW_CTX_DAG_OWNER=***
AIRFLOW_CTX_DAG_ID=group_dag
AIRFLOW_CTX_TASK_ID=check_files
AIRFLOW_CTX_EXECUTION_DATE=2024-09-13T08:38:15.380111+00:00
AIRFLOW_CTX_TRY_NUMBER=1
AIRFLOW_CTX_DAG_RUN_ID=manual__2024-09-13T08:38:15.380111+00:00
[2024-09-13T08:39:19.202+0000] {subprocess.py:63} INFO - Tmp dir root location: 
 /tmp
[2024-09-13T08:39:19.204+0000] {subprocess.py:75} INFO - Running command: ['/bin/bash', '-c', 'sleep 10']
[2024-09-13T08:39:19.215+0000] {subprocess.py:86} INFO - Output:
[2024-09-13T08:39:29.218+0000] {subprocess.py:97} INFO - Command exited with return code 0
[2024-09-13T08:39:29.254+0000] {taskinstance.py:1406} INFO - Marking task as SUCCESS. dag_id=group_dag, task_id=check_files, execution_date=20240913T083815, start_date=20240913T083918, end_date=20240913T083929
[2024-09-13T08:39:29.314+0000] {local_task_job.py:164} INFO - Task exited with return code 0
[2024-09-13T08:39:29.344+0000] {local_task_job.py:273} INFO - 3 downstream tasks scheduled from follow-on schedule check
