[2024-09-13T09:48:43.434+0000] {taskinstance.py:1165} INFO - Dependencies all met for <TaskInstance: xcom_dag.branch manual__2024-09-13T09:48:40.220328+00:00 [queued]>
[2024-09-13T09:48:43.460+0000] {taskinstance.py:1165} INFO - Dependencies all met for <TaskInstance: xcom_dag.branch manual__2024-09-13T09:48:40.220328+00:00 [queued]>
[2024-09-13T09:48:43.465+0000] {taskinstance.py:1362} INFO - 
--------------------------------------------------------------------------------
[2024-09-13T09:48:43.466+0000] {taskinstance.py:1363} INFO - Starting attempt 1 of 1
[2024-09-13T09:48:43.468+0000] {taskinstance.py:1364} INFO - 
--------------------------------------------------------------------------------
[2024-09-13T09:48:43.489+0000] {taskinstance.py:1383} INFO - Executing <Task(BranchPythonOperator): branch> on 2024-09-13 09:48:40.220328+00:00
[2024-09-13T09:48:43.496+0000] {standard_task_runner.py:55} INFO - Started process 5179 to run task
[2024-09-13T09:48:43.499+0000] {standard_task_runner.py:82} INFO - Running: ['***', 'tasks', 'run', 'xcom_dag', 'branch', 'manual__2024-09-13T09:48:40.220328+00:00', '--job-id', '37', '--raw', '--subdir', 'DAGS_FOLDER/xcom_dag.py', '--cfg-path', '/tmp/tmp92po369c']
[2024-09-13T09:48:43.500+0000] {standard_task_runner.py:83} INFO - Job 37: Subtask branch
[2024-09-13T09:48:43.583+0000] {task_command.py:376} INFO - Running <TaskInstance: xcom_dag.branch manual__2024-09-13T09:48:40.220328+00:00 [running]> on host 35989190ca54
[2024-09-13T09:48:43.673+0000] {taskinstance.py:1592} INFO - Exporting the following env vars:
AIRFLOW_CTX_DAG_OWNER=***
AIRFLOW_CTX_DAG_ID=xcom_dag
AIRFLOW_CTX_TASK_ID=branch
AIRFLOW_CTX_EXECUTION_DATE=2024-09-13T09:48:40.220328+00:00
AIRFLOW_CTX_TRY_NUMBER=1
AIRFLOW_CTX_DAG_RUN_ID=manual__2024-09-13T09:48:40.220328+00:00
[2024-09-13T09:48:43.690+0000] {python.py:177} INFO - Done. Returned value was: t2
[2024-09-13T09:48:43.691+0000] {skipmixin.py:155} INFO - Following branch t2
[2024-09-13T09:48:43.692+0000] {skipmixin.py:190} INFO - Skipping tasks ['t3']
[2024-09-13T09:48:43.754+0000] {taskinstance.py:1406} INFO - Marking task as SUCCESS. dag_id=xcom_dag, task_id=branch, execution_date=20240913T094840, start_date=20240913T094843, end_date=20240913T094843
[2024-09-13T09:48:43.795+0000] {local_task_job.py:164} INFO - Task exited with return code 0
[2024-09-13T09:48:44.856+0000] {local_task_job.py:273} INFO - 0 downstream tasks scheduled from follow-on schedule check
