[2024-09-13T08:38:17.231+0000] {taskinstance.py:1165} INFO - Dependencies all met for <TaskInstance: group_dag.download_b manual__2024-09-13T08:38:15.380111+00:00 [queued]>
[2024-09-13T08:38:17.245+0000] {taskinstance.py:1165} INFO - Dependencies all met for <TaskInstance: group_dag.download_b manual__2024-09-13T08:38:15.380111+00:00 [queued]>
[2024-09-13T08:38:17.245+0000] {taskinstance.py:1362} INFO - 
--------------------------------------------------------------------------------
[2024-09-13T08:38:17.246+0000] {taskinstance.py:1363} INFO - Starting attempt 1 of 1
[2024-09-13T08:38:17.246+0000] {taskinstance.py:1364} INFO - 
--------------------------------------------------------------------------------
[2024-09-13T08:38:17.278+0000] {taskinstance.py:1383} INFO - Executing <Task(BashOperator): download_b> on 2024-09-13 08:38:15.380111+00:00
[2024-09-13T08:38:17.283+0000] {standard_task_runner.py:55} INFO - Started process 1908 to run task
[2024-09-13T08:38:17.293+0000] {standard_task_runner.py:82} INFO - Running: ['***', 'tasks', 'run', 'group_dag', 'download_b', 'manual__2024-09-13T08:38:15.380111+00:00', '--job-id', '5', '--raw', '--subdir', 'DAGS_FOLDER/group_dag.py', '--cfg-path', '/tmp/tmpfiql77c4']
[2024-09-13T08:38:17.293+0000] {standard_task_runner.py:83} INFO - Job 5: Subtask download_b
[2024-09-13T08:38:17.374+0000] {task_command.py:376} INFO - Running <TaskInstance: group_dag.download_b manual__2024-09-13T08:38:15.380111+00:00 [running]> on host 35989190ca54
[2024-09-13T08:38:17.466+0000] {taskinstance.py:1592} INFO - Exporting the following env vars:
AIRFLOW_CTX_DAG_OWNER=***
AIRFLOW_CTX_DAG_ID=group_dag
AIRFLOW_CTX_TASK_ID=download_b
AIRFLOW_CTX_EXECUTION_DATE=2024-09-13T08:38:15.380111+00:00
AIRFLOW_CTX_TRY_NUMBER=1
AIRFLOW_CTX_DAG_RUN_ID=manual__2024-09-13T08:38:15.380111+00:00
[2024-09-13T08:38:17.468+0000] {subprocess.py:63} INFO - Tmp dir root location: 
 /tmp
[2024-09-13T08:38:17.471+0000] {subprocess.py:75} INFO - Running command: ['/bin/bash', '-c', 'sleep 10']
[2024-09-13T08:38:17.482+0000] {subprocess.py:86} INFO - Output:
[2024-09-13T08:38:27.486+0000] {subprocess.py:97} INFO - Command exited with return code 0
[2024-09-13T08:38:27.561+0000] {taskinstance.py:1406} INFO - Marking task as SUCCESS. dag_id=group_dag, task_id=download_b, execution_date=20240913T083815, start_date=20240913T083817, end_date=20240913T083827
[2024-09-13T08:38:27.623+0000] {local_task_job.py:164} INFO - Task exited with return code 0
[2024-09-13T08:38:27.645+0000] {local_task_job.py:273} INFO - 0 downstream tasks scheduled from follow-on schedule check
