[2024-08-05T12:12:16.395+0000] {processor.py:154} INFO - Started process (PID=50) to work on /opt/airflow/dags/parallel_dag.py
[2024-08-05T12:12:16.397+0000] {processor.py:756} INFO - Processing file /opt/airflow/dags/parallel_dag.py for tasks to queue
[2024-08-05T12:12:16.399+0000] {logging_mixin.py:120} INFO - [2024-08-05T12:12:16.399+0000] {dagbag.py:537} INFO - Filling up the DagBag from /opt/airflow/dags/parallel_dag.py
[2024-08-05T12:12:16.515+0000] {processor.py:766} INFO - DAG(s) dict_keys(['parallel_dag']) retrieved from /opt/airflow/dags/parallel_dag.py
[2024-08-05T12:12:16.936+0000] {logging_mixin.py:120} INFO - [2024-08-05T12:12:16.935+0000] {manager.py:507} INFO - Created Permission View: can read on DAG:parallel_dag
[2024-08-05T12:12:16.952+0000] {logging_mixin.py:120} INFO - [2024-08-05T12:12:16.951+0000] {manager.py:507} INFO - Created Permission View: can edit on DAG:parallel_dag
[2024-08-05T12:12:16.969+0000] {logging_mixin.py:120} INFO - [2024-08-05T12:12:16.969+0000] {manager.py:507} INFO - Created Permission View: can delete on DAG:parallel_dag
[2024-08-05T12:12:16.972+0000] {logging_mixin.py:120} INFO - [2024-08-05T12:12:16.972+0000] {dag.py:2585} INFO - Sync 1 DAGs
[2024-08-05T12:12:17.002+0000] {logging_mixin.py:120} INFO - [2024-08-05T12:12:17.002+0000] {dag.py:2606} INFO - Creating ORM DAG for parallel_dag
[2024-08-05T12:12:17.030+0000] {logging_mixin.py:120} INFO - [2024-08-05T12:12:17.029+0000] {dag.py:3340} INFO - Setting next_dagrun for parallel_dag to 2024-08-04T00:00:00+00:00, run_after=2024-08-05T00:00:00+00:00
[2024-08-05T12:12:17.073+0000] {processor.py:176} INFO - Processing /opt/airflow/dags/parallel_dag.py took 0.686 seconds
[2024-08-05T12:12:47.860+0000] {processor.py:154} INFO - Started process (PID=82) to work on /opt/airflow/dags/parallel_dag.py
[2024-08-05T12:12:47.862+0000] {processor.py:756} INFO - Processing file /opt/airflow/dags/parallel_dag.py for tasks to queue
[2024-08-05T12:12:47.867+0000] {logging_mixin.py:120} INFO - [2024-08-05T12:12:47.866+0000] {dagbag.py:537} INFO - Filling up the DagBag from /opt/airflow/dags/parallel_dag.py
[2024-08-05T12:12:47.905+0000] {processor.py:766} INFO - DAG(s) dict_keys(['parallel_dag']) retrieved from /opt/airflow/dags/parallel_dag.py
[2024-08-05T12:12:47.940+0000] {logging_mixin.py:120} INFO - [2024-08-05T12:12:47.940+0000] {dag.py:2585} INFO - Sync 1 DAGs
[2024-08-05T12:12:47.963+0000] {logging_mixin.py:120} INFO - [2024-08-05T12:12:47.963+0000] {dag.py:3340} INFO - Setting next_dagrun for parallel_dag to 2024-08-04T00:00:00+00:00, run_after=2024-08-05T00:00:00+00:00
[2024-08-05T12:12:47.990+0000] {processor.py:176} INFO - Processing /opt/airflow/dags/parallel_dag.py took 0.139 seconds
[2024-08-05T12:13:18.466+0000] {processor.py:154} INFO - Started process (PID=114) to work on /opt/airflow/dags/parallel_dag.py
[2024-08-05T12:13:18.467+0000] {processor.py:756} INFO - Processing file /opt/airflow/dags/parallel_dag.py for tasks to queue
[2024-08-05T12:13:18.468+0000] {logging_mixin.py:120} INFO - [2024-08-05T12:13:18.467+0000] {dagbag.py:537} INFO - Filling up the DagBag from /opt/airflow/dags/parallel_dag.py
[2024-08-05T12:13:18.494+0000] {processor.py:766} INFO - DAG(s) dict_keys(['parallel_dag']) retrieved from /opt/airflow/dags/parallel_dag.py
[2024-08-05T12:13:18.521+0000] {logging_mixin.py:120} INFO - [2024-08-05T12:13:18.521+0000] {dag.py:2585} INFO - Sync 1 DAGs
[2024-08-05T12:13:18.597+0000] {logging_mixin.py:120} INFO - [2024-08-05T12:13:18.596+0000] {dag.py:3340} INFO - Setting next_dagrun for parallel_dag to 2024-08-04T00:00:00+00:00, run_after=2024-08-05T00:00:00+00:00
[2024-08-05T12:13:18.667+0000] {processor.py:176} INFO - Processing /opt/airflow/dags/parallel_dag.py took 0.203 seconds
[2024-08-05T12:13:49.596+0000] {processor.py:154} INFO - Started process (PID=137) to work on /opt/airflow/dags/parallel_dag.py
[2024-08-05T12:13:49.597+0000] {processor.py:756} INFO - Processing file /opt/airflow/dags/parallel_dag.py for tasks to queue
[2024-08-05T12:13:49.598+0000] {logging_mixin.py:120} INFO - [2024-08-05T12:13:49.598+0000] {dagbag.py:537} INFO - Filling up the DagBag from /opt/airflow/dags/parallel_dag.py
[2024-08-05T12:13:49.663+0000] {processor.py:766} INFO - DAG(s) dict_keys(['parallel_dag']) retrieved from /opt/airflow/dags/parallel_dag.py
[2024-08-05T12:13:49.720+0000] {logging_mixin.py:120} INFO - [2024-08-05T12:13:49.720+0000] {dag.py:2585} INFO - Sync 1 DAGs
[2024-08-05T12:13:49.758+0000] {logging_mixin.py:120} INFO - [2024-08-05T12:13:49.757+0000] {dag.py:3340} INFO - Setting next_dagrun for parallel_dag to 2024-08-04T00:00:00+00:00, run_after=2024-08-05T00:00:00+00:00
[2024-08-05T12:13:49.789+0000] {processor.py:176} INFO - Processing /opt/airflow/dags/parallel_dag.py took 0.197 seconds
[2024-08-05T12:14:20.264+0000] {processor.py:154} INFO - Started process (PID=177) to work on /opt/airflow/dags/parallel_dag.py
[2024-08-05T12:14:20.268+0000] {processor.py:756} INFO - Processing file /opt/airflow/dags/parallel_dag.py for tasks to queue
[2024-08-05T12:14:20.270+0000] {logging_mixin.py:120} INFO - [2024-08-05T12:14:20.269+0000] {dagbag.py:537} INFO - Filling up the DagBag from /opt/airflow/dags/parallel_dag.py
[2024-08-05T12:14:20.300+0000] {processor.py:766} INFO - DAG(s) dict_keys(['parallel_dag']) retrieved from /opt/airflow/dags/parallel_dag.py
[2024-08-05T12:14:20.335+0000] {logging_mixin.py:120} INFO - [2024-08-05T12:14:20.335+0000] {dag.py:2585} INFO - Sync 1 DAGs
[2024-08-05T12:14:20.356+0000] {logging_mixin.py:120} INFO - [2024-08-05T12:14:20.356+0000] {dag.py:3340} INFO - Setting next_dagrun for parallel_dag to 2024-08-05T00:00:00+00:00, run_after=2024-08-06T00:00:00+00:00
[2024-08-05T12:14:20.375+0000] {processor.py:176} INFO - Processing /opt/airflow/dags/parallel_dag.py took 0.114 seconds
[2024-08-05T12:14:51.118+0000] {processor.py:154} INFO - Started process (PID=209) to work on /opt/airflow/dags/parallel_dag.py
[2024-08-05T12:14:51.119+0000] {processor.py:756} INFO - Processing file /opt/airflow/dags/parallel_dag.py for tasks to queue
[2024-08-05T12:14:51.120+0000] {logging_mixin.py:120} INFO - [2024-08-05T12:14:51.120+0000] {dagbag.py:537} INFO - Filling up the DagBag from /opt/airflow/dags/parallel_dag.py
[2024-08-05T12:14:51.151+0000] {processor.py:766} INFO - DAG(s) dict_keys(['parallel_dag']) retrieved from /opt/airflow/dags/parallel_dag.py
[2024-08-05T12:14:51.192+0000] {logging_mixin.py:120} INFO - [2024-08-05T12:14:51.192+0000] {dag.py:2585} INFO - Sync 1 DAGs
[2024-08-05T12:14:51.219+0000] {logging_mixin.py:120} INFO - [2024-08-05T12:14:51.219+0000] {dag.py:3340} INFO - Setting next_dagrun for parallel_dag to 2024-08-05T00:00:00+00:00, run_after=2024-08-06T00:00:00+00:00
[2024-08-05T12:14:51.245+0000] {processor.py:176} INFO - Processing /opt/airflow/dags/parallel_dag.py took 0.130 seconds
[2024-08-05T12:15:21.747+0000] {processor.py:154} INFO - Started process (PID=241) to work on /opt/airflow/dags/parallel_dag.py
[2024-08-05T12:15:21.748+0000] {processor.py:756} INFO - Processing file /opt/airflow/dags/parallel_dag.py for tasks to queue
[2024-08-05T12:15:21.750+0000] {logging_mixin.py:120} INFO - [2024-08-05T12:15:21.750+0000] {dagbag.py:537} INFO - Filling up the DagBag from /opt/airflow/dags/parallel_dag.py
[2024-08-05T12:15:21.794+0000] {processor.py:766} INFO - DAG(s) dict_keys(['parallel_dag']) retrieved from /opt/airflow/dags/parallel_dag.py
[2024-08-05T12:15:21.851+0000] {logging_mixin.py:120} INFO - [2024-08-05T12:15:21.851+0000] {dag.py:2585} INFO - Sync 1 DAGs
[2024-08-05T12:15:21.893+0000] {logging_mixin.py:120} INFO - [2024-08-05T12:15:21.893+0000] {dag.py:3340} INFO - Setting next_dagrun for parallel_dag to 2024-08-05T00:00:00+00:00, run_after=2024-08-06T00:00:00+00:00
[2024-08-05T12:15:21.928+0000] {processor.py:176} INFO - Processing /opt/airflow/dags/parallel_dag.py took 0.188 seconds
[2024-08-05T12:15:52.977+0000] {processor.py:154} INFO - Started process (PID=263) to work on /opt/airflow/dags/parallel_dag.py
[2024-08-05T12:15:52.979+0000] {processor.py:756} INFO - Processing file /opt/airflow/dags/parallel_dag.py for tasks to queue
[2024-08-05T12:15:52.980+0000] {logging_mixin.py:120} INFO - [2024-08-05T12:15:52.979+0000] {dagbag.py:537} INFO - Filling up the DagBag from /opt/airflow/dags/parallel_dag.py
[2024-08-05T12:15:53.015+0000] {processor.py:766} INFO - DAG(s) dict_keys(['parallel_dag']) retrieved from /opt/airflow/dags/parallel_dag.py
[2024-08-05T12:15:53.070+0000] {logging_mixin.py:120} INFO - [2024-08-05T12:15:53.070+0000] {dag.py:2585} INFO - Sync 1 DAGs
[2024-08-05T12:15:53.103+0000] {logging_mixin.py:120} INFO - [2024-08-05T12:15:53.103+0000] {dag.py:3340} INFO - Setting next_dagrun for parallel_dag to 2024-08-05T00:00:00+00:00, run_after=2024-08-06T00:00:00+00:00
[2024-08-05T12:15:53.134+0000] {processor.py:176} INFO - Processing /opt/airflow/dags/parallel_dag.py took 0.160 seconds
[2024-08-05T12:16:23.235+0000] {processor.py:154} INFO - Started process (PID=294) to work on /opt/airflow/dags/parallel_dag.py
[2024-08-05T12:16:23.236+0000] {processor.py:756} INFO - Processing file /opt/airflow/dags/parallel_dag.py for tasks to queue
[2024-08-05T12:16:23.237+0000] {logging_mixin.py:120} INFO - [2024-08-05T12:16:23.237+0000] {dagbag.py:537} INFO - Filling up the DagBag from /opt/airflow/dags/parallel_dag.py
[2024-08-05T12:16:23.283+0000] {processor.py:766} INFO - DAG(s) dict_keys(['parallel_dag']) retrieved from /opt/airflow/dags/parallel_dag.py
[2024-08-05T12:16:23.313+0000] {logging_mixin.py:120} INFO - [2024-08-05T12:16:23.313+0000] {dag.py:2585} INFO - Sync 1 DAGs
[2024-08-05T12:16:23.335+0000] {logging_mixin.py:120} INFO - [2024-08-05T12:16:23.335+0000] {dag.py:3340} INFO - Setting next_dagrun for parallel_dag to 2024-08-05T00:00:00+00:00, run_after=2024-08-06T00:00:00+00:00
[2024-08-05T12:16:23.362+0000] {processor.py:176} INFO - Processing /opt/airflow/dags/parallel_dag.py took 0.130 seconds
[2024-08-05T12:16:54.077+0000] {processor.py:154} INFO - Started process (PID=326) to work on /opt/airflow/dags/parallel_dag.py
[2024-08-05T12:16:54.078+0000] {processor.py:756} INFO - Processing file /opt/airflow/dags/parallel_dag.py for tasks to queue
[2024-08-05T12:16:54.079+0000] {logging_mixin.py:120} INFO - [2024-08-05T12:16:54.079+0000] {dagbag.py:537} INFO - Filling up the DagBag from /opt/airflow/dags/parallel_dag.py
[2024-08-05T12:16:54.109+0000] {processor.py:766} INFO - DAG(s) dict_keys(['parallel_dag']) retrieved from /opt/airflow/dags/parallel_dag.py
[2024-08-05T12:16:54.142+0000] {logging_mixin.py:120} INFO - [2024-08-05T12:16:54.142+0000] {dag.py:2585} INFO - Sync 1 DAGs
[2024-08-05T12:16:54.165+0000] {logging_mixin.py:120} INFO - [2024-08-05T12:16:54.164+0000] {dag.py:3340} INFO - Setting next_dagrun for parallel_dag to 2024-08-05T00:00:00+00:00, run_after=2024-08-06T00:00:00+00:00
[2024-08-05T12:16:54.293+0000] {processor.py:176} INFO - Processing /opt/airflow/dags/parallel_dag.py took 0.219 seconds
[2024-08-05T12:17:24.468+0000] {processor.py:154} INFO - Started process (PID=349) to work on /opt/airflow/dags/parallel_dag.py
[2024-08-05T12:17:24.469+0000] {processor.py:756} INFO - Processing file /opt/airflow/dags/parallel_dag.py for tasks to queue
[2024-08-05T12:17:24.470+0000] {logging_mixin.py:120} INFO - [2024-08-05T12:17:24.470+0000] {dagbag.py:537} INFO - Filling up the DagBag from /opt/airflow/dags/parallel_dag.py
[2024-08-05T12:17:24.509+0000] {processor.py:766} INFO - DAG(s) dict_keys(['parallel_dag']) retrieved from /opt/airflow/dags/parallel_dag.py
[2024-08-05T12:17:24.544+0000] {logging_mixin.py:120} INFO - [2024-08-05T12:17:24.544+0000] {dag.py:2585} INFO - Sync 1 DAGs
[2024-08-05T12:17:24.568+0000] {logging_mixin.py:120} INFO - [2024-08-05T12:17:24.568+0000] {dag.py:3340} INFO - Setting next_dagrun for parallel_dag to 2024-08-05T00:00:00+00:00, run_after=2024-08-06T00:00:00+00:00
[2024-08-05T12:17:24.589+0000] {processor.py:176} INFO - Processing /opt/airflow/dags/parallel_dag.py took 0.124 seconds
[2024-08-05T12:17:54.933+0000] {processor.py:154} INFO - Started process (PID=381) to work on /opt/airflow/dags/parallel_dag.py
[2024-08-05T12:17:54.934+0000] {processor.py:756} INFO - Processing file /opt/airflow/dags/parallel_dag.py for tasks to queue
[2024-08-05T12:17:54.935+0000] {logging_mixin.py:120} INFO - [2024-08-05T12:17:54.935+0000] {dagbag.py:537} INFO - Filling up the DagBag from /opt/airflow/dags/parallel_dag.py
[2024-08-05T12:17:54.959+0000] {processor.py:766} INFO - DAG(s) dict_keys(['parallel_dag']) retrieved from /opt/airflow/dags/parallel_dag.py
[2024-08-05T12:17:55.011+0000] {logging_mixin.py:120} INFO - [2024-08-05T12:17:55.011+0000] {dag.py:2585} INFO - Sync 1 DAGs
[2024-08-05T12:17:55.035+0000] {logging_mixin.py:120} INFO - [2024-08-05T12:17:55.035+0000] {dag.py:3340} INFO - Setting next_dagrun for parallel_dag to 2024-08-05T00:00:00+00:00, run_after=2024-08-06T00:00:00+00:00
[2024-08-05T12:17:55.058+0000] {processor.py:176} INFO - Processing /opt/airflow/dags/parallel_dag.py took 0.128 seconds
[2024-08-05T12:18:25.363+0000] {processor.py:154} INFO - Started process (PID=412) to work on /opt/airflow/dags/parallel_dag.py
[2024-08-05T12:18:25.364+0000] {processor.py:756} INFO - Processing file /opt/airflow/dags/parallel_dag.py for tasks to queue
[2024-08-05T12:18:25.365+0000] {logging_mixin.py:120} INFO - [2024-08-05T12:18:25.364+0000] {dagbag.py:537} INFO - Filling up the DagBag from /opt/airflow/dags/parallel_dag.py
[2024-08-05T12:18:25.390+0000] {processor.py:766} INFO - DAG(s) dict_keys(['parallel_dag']) retrieved from /opt/airflow/dags/parallel_dag.py
[2024-08-05T12:18:25.427+0000] {logging_mixin.py:120} INFO - [2024-08-05T12:18:25.427+0000] {dag.py:2585} INFO - Sync 1 DAGs
[2024-08-05T12:18:25.449+0000] {logging_mixin.py:120} INFO - [2024-08-05T12:18:25.449+0000] {dag.py:3340} INFO - Setting next_dagrun for parallel_dag to 2024-08-05T00:00:00+00:00, run_after=2024-08-06T00:00:00+00:00
[2024-08-05T12:18:25.470+0000] {processor.py:176} INFO - Processing /opt/airflow/dags/parallel_dag.py took 0.110 seconds
[2024-08-05T12:18:55.884+0000] {processor.py:154} INFO - Started process (PID=444) to work on /opt/airflow/dags/parallel_dag.py
[2024-08-05T12:18:55.889+0000] {processor.py:756} INFO - Processing file /opt/airflow/dags/parallel_dag.py for tasks to queue
[2024-08-05T12:18:55.890+0000] {logging_mixin.py:120} INFO - [2024-08-05T12:18:55.890+0000] {dagbag.py:537} INFO - Filling up the DagBag from /opt/airflow/dags/parallel_dag.py
[2024-08-05T12:18:56.020+0000] {processor.py:766} INFO - DAG(s) dict_keys(['parallel_dag']) retrieved from /opt/airflow/dags/parallel_dag.py
[2024-08-05T12:18:56.125+0000] {logging_mixin.py:120} INFO - [2024-08-05T12:18:56.124+0000] {dag.py:2585} INFO - Sync 1 DAGs
[2024-08-05T12:18:56.188+0000] {logging_mixin.py:120} INFO - [2024-08-05T12:18:56.188+0000] {dag.py:3340} INFO - Setting next_dagrun for parallel_dag to 2024-08-05T00:00:00+00:00, run_after=2024-08-06T00:00:00+00:00
[2024-08-05T12:18:56.521+0000] {processor.py:176} INFO - Processing /opt/airflow/dags/parallel_dag.py took 0.640 seconds
[2024-08-05T12:19:26.773+0000] {processor.py:154} INFO - Started process (PID=473) to work on /opt/airflow/dags/parallel_dag.py
[2024-08-05T12:19:26.775+0000] {processor.py:756} INFO - Processing file /opt/airflow/dags/parallel_dag.py for tasks to queue
[2024-08-05T12:19:26.777+0000] {logging_mixin.py:120} INFO - [2024-08-05T12:19:26.776+0000] {dagbag.py:537} INFO - Filling up the DagBag from /opt/airflow/dags/parallel_dag.py
[2024-08-05T12:19:26.810+0000] {processor.py:766} INFO - DAG(s) dict_keys(['parallel_dag']) retrieved from /opt/airflow/dags/parallel_dag.py
[2024-08-05T12:19:26.840+0000] {logging_mixin.py:120} INFO - [2024-08-05T12:19:26.840+0000] {dag.py:2585} INFO - Sync 1 DAGs
[2024-08-05T12:19:26.861+0000] {logging_mixin.py:120} INFO - [2024-08-05T12:19:26.861+0000] {dag.py:3340} INFO - Setting next_dagrun for parallel_dag to 2024-08-05T00:00:00+00:00, run_after=2024-08-06T00:00:00+00:00
[2024-08-05T12:19:26.883+0000] {processor.py:176} INFO - Processing /opt/airflow/dags/parallel_dag.py took 0.114 seconds
[2024-08-05T12:19:57.701+0000] {processor.py:154} INFO - Started process (PID=498) to work on /opt/airflow/dags/parallel_dag.py
[2024-08-05T12:19:57.702+0000] {processor.py:756} INFO - Processing file /opt/airflow/dags/parallel_dag.py for tasks to queue
[2024-08-05T12:19:57.703+0000] {logging_mixin.py:120} INFO - [2024-08-05T12:19:57.703+0000] {dagbag.py:537} INFO - Filling up the DagBag from /opt/airflow/dags/parallel_dag.py
[2024-08-05T12:19:57.743+0000] {processor.py:766} INFO - DAG(s) dict_keys(['parallel_dag']) retrieved from /opt/airflow/dags/parallel_dag.py
[2024-08-05T12:19:57.779+0000] {logging_mixin.py:120} INFO - [2024-08-05T12:19:57.779+0000] {dag.py:2585} INFO - Sync 1 DAGs
[2024-08-05T12:19:57.809+0000] {logging_mixin.py:120} INFO - [2024-08-05T12:19:57.809+0000] {dag.py:3340} INFO - Setting next_dagrun for parallel_dag to 2024-08-05T00:00:00+00:00, run_after=2024-08-06T00:00:00+00:00
[2024-08-05T12:19:57.837+0000] {processor.py:176} INFO - Processing /opt/airflow/dags/parallel_dag.py took 0.139 seconds
[2024-08-05T12:20:28.174+0000] {processor.py:154} INFO - Started process (PID=530) to work on /opt/airflow/dags/parallel_dag.py
[2024-08-05T12:20:28.176+0000] {processor.py:756} INFO - Processing file /opt/airflow/dags/parallel_dag.py for tasks to queue
[2024-08-05T12:20:28.177+0000] {logging_mixin.py:120} INFO - [2024-08-05T12:20:28.177+0000] {dagbag.py:537} INFO - Filling up the DagBag from /opt/airflow/dags/parallel_dag.py
[2024-08-05T12:20:28.213+0000] {processor.py:766} INFO - DAG(s) dict_keys(['parallel_dag']) retrieved from /opt/airflow/dags/parallel_dag.py
[2024-08-05T12:20:28.271+0000] {logging_mixin.py:120} INFO - [2024-08-05T12:20:28.271+0000] {dag.py:2585} INFO - Sync 1 DAGs
[2024-08-05T12:20:28.307+0000] {logging_mixin.py:120} INFO - [2024-08-05T12:20:28.307+0000] {dag.py:3340} INFO - Setting next_dagrun for parallel_dag to 2024-08-05T00:00:00+00:00, run_after=2024-08-06T00:00:00+00:00
[2024-08-05T12:20:28.342+0000] {processor.py:176} INFO - Processing /opt/airflow/dags/parallel_dag.py took 0.171 seconds
[2024-08-05T12:20:58.781+0000] {processor.py:154} INFO - Started process (PID=563) to work on /opt/airflow/dags/parallel_dag.py
[2024-08-05T12:20:58.790+0000] {processor.py:756} INFO - Processing file /opt/airflow/dags/parallel_dag.py for tasks to queue
[2024-08-05T12:20:58.791+0000] {logging_mixin.py:120} INFO - [2024-08-05T12:20:58.791+0000] {dagbag.py:537} INFO - Filling up the DagBag from /opt/airflow/dags/parallel_dag.py
[2024-08-05T12:20:58.831+0000] {processor.py:766} INFO - DAG(s) dict_keys(['parallel_dag']) retrieved from /opt/airflow/dags/parallel_dag.py
[2024-08-05T12:20:58.864+0000] {logging_mixin.py:120} INFO - [2024-08-05T12:20:58.864+0000] {dag.py:2585} INFO - Sync 1 DAGs
[2024-08-05T12:20:58.886+0000] {logging_mixin.py:120} INFO - [2024-08-05T12:20:58.886+0000] {dag.py:3340} INFO - Setting next_dagrun for parallel_dag to 2024-08-05T00:00:00+00:00, run_after=2024-08-06T00:00:00+00:00
[2024-08-05T12:20:58.907+0000] {processor.py:176} INFO - Processing /opt/airflow/dags/parallel_dag.py took 0.130 seconds
[2024-08-05T12:21:29.896+0000] {processor.py:154} INFO - Started process (PID=586) to work on /opt/airflow/dags/parallel_dag.py
[2024-08-05T12:21:29.897+0000] {processor.py:756} INFO - Processing file /opt/airflow/dags/parallel_dag.py for tasks to queue
[2024-08-05T12:21:29.901+0000] {logging_mixin.py:120} INFO - [2024-08-05T12:21:29.901+0000] {dagbag.py:537} INFO - Filling up the DagBag from /opt/airflow/dags/parallel_dag.py
[2024-08-05T12:21:29.942+0000] {processor.py:766} INFO - DAG(s) dict_keys(['parallel_dag']) retrieved from /opt/airflow/dags/parallel_dag.py
[2024-08-05T12:21:29.989+0000] {logging_mixin.py:120} INFO - [2024-08-05T12:21:29.989+0000] {dag.py:2585} INFO - Sync 1 DAGs
[2024-08-05T12:21:30.012+0000] {logging_mixin.py:120} INFO - [2024-08-05T12:21:30.012+0000] {dag.py:3340} INFO - Setting next_dagrun for parallel_dag to 2024-08-05T00:00:00+00:00, run_after=2024-08-06T00:00:00+00:00
[2024-08-05T12:21:30.037+0000] {processor.py:176} INFO - Processing /opt/airflow/dags/parallel_dag.py took 0.145 seconds
[2024-08-05T12:22:00.978+0000] {processor.py:154} INFO - Started process (PID=618) to work on /opt/airflow/dags/parallel_dag.py
[2024-08-05T12:22:00.979+0000] {processor.py:756} INFO - Processing file /opt/airflow/dags/parallel_dag.py for tasks to queue
[2024-08-05T12:22:00.980+0000] {logging_mixin.py:120} INFO - [2024-08-05T12:22:00.980+0000] {dagbag.py:537} INFO - Filling up the DagBag from /opt/airflow/dags/parallel_dag.py
[2024-08-05T12:22:01.004+0000] {processor.py:766} INFO - DAG(s) dict_keys(['parallel_dag']) retrieved from /opt/airflow/dags/parallel_dag.py
[2024-08-05T12:22:01.038+0000] {logging_mixin.py:120} INFO - [2024-08-05T12:22:01.038+0000] {dag.py:2585} INFO - Sync 1 DAGs
[2024-08-05T12:22:01.064+0000] {logging_mixin.py:120} INFO - [2024-08-05T12:22:01.064+0000] {dag.py:3340} INFO - Setting next_dagrun for parallel_dag to 2024-08-05T00:00:00+00:00, run_after=2024-08-06T00:00:00+00:00
[2024-08-05T12:22:01.088+0000] {processor.py:176} INFO - Processing /opt/airflow/dags/parallel_dag.py took 0.113 seconds
[2024-08-05T12:22:32.069+0000] {processor.py:154} INFO - Started process (PID=650) to work on /opt/airflow/dags/parallel_dag.py
[2024-08-05T12:22:32.116+0000] {processor.py:756} INFO - Processing file /opt/airflow/dags/parallel_dag.py for tasks to queue
[2024-08-05T12:22:32.166+0000] {logging_mixin.py:120} INFO - [2024-08-05T12:22:32.166+0000] {dagbag.py:537} INFO - Filling up the DagBag from /opt/airflow/dags/parallel_dag.py
[2024-08-05T12:22:35.111+0000] {processor.py:766} INFO - DAG(s) dict_keys(['parallel_dag']) retrieved from /opt/airflow/dags/parallel_dag.py
[2024-08-05T12:22:35.170+0000] {logging_mixin.py:120} INFO - [2024-08-05T12:22:35.169+0000] {dag.py:2585} INFO - Sync 1 DAGs
[2024-08-05T12:22:35.218+0000] {logging_mixin.py:120} INFO - [2024-08-05T12:22:35.218+0000] {dag.py:3340} INFO - Setting next_dagrun for parallel_dag to 2024-08-05T00:00:00+00:00, run_after=2024-08-06T00:00:00+00:00
[2024-08-05T12:22:35.261+0000] {processor.py:176} INFO - Processing /opt/airflow/dags/parallel_dag.py took 3.197 seconds
[2024-08-05T12:23:05.988+0000] {processor.py:154} INFO - Started process (PID=683) to work on /opt/airflow/dags/parallel_dag.py
[2024-08-05T12:23:05.990+0000] {processor.py:756} INFO - Processing file /opt/airflow/dags/parallel_dag.py for tasks to queue
[2024-08-05T12:23:05.992+0000] {logging_mixin.py:120} INFO - [2024-08-05T12:23:05.991+0000] {dagbag.py:537} INFO - Filling up the DagBag from /opt/airflow/dags/parallel_dag.py
[2024-08-05T12:23:06.040+0000] {processor.py:766} INFO - DAG(s) dict_keys(['parallel_dag']) retrieved from /opt/airflow/dags/parallel_dag.py
[2024-08-05T12:23:06.095+0000] {logging_mixin.py:120} INFO - [2024-08-05T12:23:06.095+0000] {dag.py:2585} INFO - Sync 1 DAGs
[2024-08-05T12:23:06.145+0000] {logging_mixin.py:120} INFO - [2024-08-05T12:23:06.145+0000] {dag.py:3340} INFO - Setting next_dagrun for parallel_dag to 2024-08-05T00:00:00+00:00, run_after=2024-08-06T00:00:00+00:00
[2024-08-05T12:23:06.195+0000] {processor.py:176} INFO - Processing /opt/airflow/dags/parallel_dag.py took 0.212 seconds
[2024-08-05T12:23:36.561+0000] {processor.py:154} INFO - Started process (PID=707) to work on /opt/airflow/dags/parallel_dag.py
[2024-08-05T12:23:36.562+0000] {processor.py:756} INFO - Processing file /opt/airflow/dags/parallel_dag.py for tasks to queue
[2024-08-05T12:23:36.563+0000] {logging_mixin.py:120} INFO - [2024-08-05T12:23:36.563+0000] {dagbag.py:537} INFO - Filling up the DagBag from /opt/airflow/dags/parallel_dag.py
[2024-08-05T12:23:36.602+0000] {processor.py:766} INFO - DAG(s) dict_keys(['parallel_dag']) retrieved from /opt/airflow/dags/parallel_dag.py
[2024-08-05T12:23:36.685+0000] {logging_mixin.py:120} INFO - [2024-08-05T12:23:36.685+0000] {dag.py:2585} INFO - Sync 1 DAGs
[2024-08-05T12:23:36.734+0000] {logging_mixin.py:120} INFO - [2024-08-05T12:23:36.734+0000] {dag.py:3340} INFO - Setting next_dagrun for parallel_dag to 2024-08-05T00:00:00+00:00, run_after=2024-08-06T00:00:00+00:00
[2024-08-05T12:23:36.771+0000] {processor.py:176} INFO - Processing /opt/airflow/dags/parallel_dag.py took 0.214 seconds
[2024-08-05T12:24:07.118+0000] {processor.py:154} INFO - Started process (PID=740) to work on /opt/airflow/dags/parallel_dag.py
[2024-08-05T12:24:07.125+0000] {processor.py:756} INFO - Processing file /opt/airflow/dags/parallel_dag.py for tasks to queue
[2024-08-05T12:24:07.127+0000] {logging_mixin.py:120} INFO - [2024-08-05T12:24:07.126+0000] {dagbag.py:537} INFO - Filling up the DagBag from /opt/airflow/dags/parallel_dag.py
[2024-08-05T12:24:07.174+0000] {processor.py:766} INFO - DAG(s) dict_keys(['parallel_dag']) retrieved from /opt/airflow/dags/parallel_dag.py
[2024-08-05T12:24:07.219+0000] {logging_mixin.py:120} INFO - [2024-08-05T12:24:07.219+0000] {dag.py:2585} INFO - Sync 1 DAGs
[2024-08-05T12:24:07.254+0000] {logging_mixin.py:120} INFO - [2024-08-05T12:24:07.254+0000] {dag.py:3340} INFO - Setting next_dagrun for parallel_dag to 2024-08-05T00:00:00+00:00, run_after=2024-08-06T00:00:00+00:00
[2024-08-05T12:24:07.280+0000] {processor.py:176} INFO - Processing /opt/airflow/dags/parallel_dag.py took 0.180 seconds
[2024-08-05T12:24:38.293+0000] {processor.py:154} INFO - Started process (PID=763) to work on /opt/airflow/dags/parallel_dag.py
[2024-08-05T12:24:38.295+0000] {processor.py:756} INFO - Processing file /opt/airflow/dags/parallel_dag.py for tasks to queue
[2024-08-05T12:24:38.296+0000] {logging_mixin.py:120} INFO - [2024-08-05T12:24:38.296+0000] {dagbag.py:537} INFO - Filling up the DagBag from /opt/airflow/dags/parallel_dag.py
[2024-08-05T12:24:38.327+0000] {processor.py:766} INFO - DAG(s) dict_keys(['parallel_dag']) retrieved from /opt/airflow/dags/parallel_dag.py
[2024-08-05T12:24:38.377+0000] {logging_mixin.py:120} INFO - [2024-08-05T12:24:38.377+0000] {dag.py:2585} INFO - Sync 1 DAGs
[2024-08-05T12:24:38.415+0000] {logging_mixin.py:120} INFO - [2024-08-05T12:24:38.415+0000] {dag.py:3340} INFO - Setting next_dagrun for parallel_dag to 2024-08-05T00:00:00+00:00, run_after=2024-08-06T00:00:00+00:00
[2024-08-05T12:24:38.441+0000] {processor.py:176} INFO - Processing /opt/airflow/dags/parallel_dag.py took 0.152 seconds
[2024-08-05T12:25:10.603+0000] {processor.py:154} INFO - Started process (PID=795) to work on /opt/airflow/dags/parallel_dag.py
[2024-08-05T12:25:10.605+0000] {processor.py:756} INFO - Processing file /opt/airflow/dags/parallel_dag.py for tasks to queue
[2024-08-05T12:25:10.606+0000] {logging_mixin.py:120} INFO - [2024-08-05T12:25:10.605+0000] {dagbag.py:537} INFO - Filling up the DagBag from /opt/airflow/dags/parallel_dag.py
[2024-08-05T12:25:10.772+0000] {processor.py:766} INFO - DAG(s) dict_keys(['parallel_dag']) retrieved from /opt/airflow/dags/parallel_dag.py
[2024-08-05T12:25:10.824+0000] {logging_mixin.py:120} INFO - [2024-08-05T12:25:10.824+0000] {dag.py:2585} INFO - Sync 1 DAGs
[2024-08-05T12:25:10.854+0000] {logging_mixin.py:120} INFO - [2024-08-05T12:25:10.853+0000] {dag.py:3340} INFO - Setting next_dagrun for parallel_dag to 2024-08-05T00:00:00+00:00, run_after=2024-08-06T00:00:00+00:00
[2024-08-05T12:25:10.881+0000] {processor.py:176} INFO - Processing /opt/airflow/dags/parallel_dag.py took 0.281 seconds
[2024-08-05T12:25:41.336+0000] {processor.py:154} INFO - Started process (PID=827) to work on /opt/airflow/dags/parallel_dag.py
[2024-08-05T12:25:41.338+0000] {processor.py:756} INFO - Processing file /opt/airflow/dags/parallel_dag.py for tasks to queue
[2024-08-05T12:25:41.339+0000] {logging_mixin.py:120} INFO - [2024-08-05T12:25:41.339+0000] {dagbag.py:537} INFO - Filling up the DagBag from /opt/airflow/dags/parallel_dag.py
[2024-08-05T12:25:41.413+0000] {processor.py:766} INFO - DAG(s) dict_keys(['parallel_dag']) retrieved from /opt/airflow/dags/parallel_dag.py
[2024-08-05T12:25:41.575+0000] {logging_mixin.py:120} INFO - [2024-08-05T12:25:41.575+0000] {dag.py:2585} INFO - Sync 1 DAGs
[2024-08-05T12:25:41.719+0000] {logging_mixin.py:120} INFO - [2024-08-05T12:25:41.719+0000] {dag.py:3340} INFO - Setting next_dagrun for parallel_dag to 2024-08-05T00:00:00+00:00, run_after=2024-08-06T00:00:00+00:00
[2024-08-05T12:25:42.024+0000] {processor.py:176} INFO - Processing /opt/airflow/dags/parallel_dag.py took 0.691 seconds
[2024-08-05T12:26:54.356+0000] {processor.py:154} INFO - Started process (PID=50) to work on /opt/airflow/dags/parallel_dag.py
[2024-08-05T12:26:54.360+0000] {processor.py:756} INFO - Processing file /opt/airflow/dags/parallel_dag.py for tasks to queue
[2024-08-05T12:26:54.367+0000] {logging_mixin.py:120} INFO - [2024-08-05T12:26:54.367+0000] {dagbag.py:537} INFO - Filling up the DagBag from /opt/airflow/dags/parallel_dag.py
[2024-08-05T12:26:54.610+0000] {processor.py:766} INFO - DAG(s) dict_keys(['parallel_dag']) retrieved from /opt/airflow/dags/parallel_dag.py
[2024-08-05T12:26:54.800+0000] {logging_mixin.py:120} INFO - [2024-08-05T12:26:54.800+0000] {dag.py:2585} INFO - Sync 1 DAGs
[2024-08-05T12:26:54.840+0000] {logging_mixin.py:120} INFO - [2024-08-05T12:26:54.840+0000] {dag.py:3340} INFO - Setting next_dagrun for parallel_dag to 2024-08-05T00:00:00+00:00, run_after=2024-08-06T00:00:00+00:00
[2024-08-05T12:26:54.883+0000] {processor.py:176} INFO - Processing /opt/airflow/dags/parallel_dag.py took 0.534 seconds
[2024-08-05T12:27:25.482+0000] {processor.py:154} INFO - Started process (PID=83) to work on /opt/airflow/dags/parallel_dag.py
[2024-08-05T12:27:25.483+0000] {processor.py:756} INFO - Processing file /opt/airflow/dags/parallel_dag.py for tasks to queue
[2024-08-05T12:27:25.484+0000] {logging_mixin.py:120} INFO - [2024-08-05T12:27:25.484+0000] {dagbag.py:537} INFO - Filling up the DagBag from /opt/airflow/dags/parallel_dag.py
[2024-08-05T12:27:25.516+0000] {processor.py:766} INFO - DAG(s) dict_keys(['parallel_dag']) retrieved from /opt/airflow/dags/parallel_dag.py
[2024-08-05T12:27:25.568+0000] {logging_mixin.py:120} INFO - [2024-08-05T12:27:25.568+0000] {dag.py:2585} INFO - Sync 1 DAGs
[2024-08-05T12:27:25.603+0000] {logging_mixin.py:120} INFO - [2024-08-05T12:27:25.603+0000] {dag.py:3340} INFO - Setting next_dagrun for parallel_dag to 2024-08-05T00:00:00+00:00, run_after=2024-08-06T00:00:00+00:00
[2024-08-05T12:27:25.634+0000] {processor.py:176} INFO - Processing /opt/airflow/dags/parallel_dag.py took 0.155 seconds
[2024-08-05T12:27:56.345+0000] {processor.py:154} INFO - Started process (PID=105) to work on /opt/airflow/dags/parallel_dag.py
[2024-08-05T12:27:56.348+0000] {processor.py:756} INFO - Processing file /opt/airflow/dags/parallel_dag.py for tasks to queue
[2024-08-05T12:27:56.350+0000] {logging_mixin.py:120} INFO - [2024-08-05T12:27:56.349+0000] {dagbag.py:537} INFO - Filling up the DagBag from /opt/airflow/dags/parallel_dag.py
[2024-08-05T12:27:56.409+0000] {processor.py:766} INFO - DAG(s) dict_keys(['parallel_dag']) retrieved from /opt/airflow/dags/parallel_dag.py
[2024-08-05T12:27:56.466+0000] {logging_mixin.py:120} INFO - [2024-08-05T12:27:56.466+0000] {dag.py:2585} INFO - Sync 1 DAGs
[2024-08-05T12:27:56.509+0000] {logging_mixin.py:120} INFO - [2024-08-05T12:27:56.508+0000] {dag.py:3340} INFO - Setting next_dagrun for parallel_dag to 2024-08-05T00:00:00+00:00, run_after=2024-08-06T00:00:00+00:00
[2024-08-05T12:27:56.539+0000] {processor.py:176} INFO - Processing /opt/airflow/dags/parallel_dag.py took 0.198 seconds
[2024-08-05T12:28:26.821+0000] {processor.py:154} INFO - Started process (PID=138) to work on /opt/airflow/dags/parallel_dag.py
[2024-08-05T12:28:26.823+0000] {processor.py:756} INFO - Processing file /opt/airflow/dags/parallel_dag.py for tasks to queue
[2024-08-05T12:28:26.825+0000] {logging_mixin.py:120} INFO - [2024-08-05T12:28:26.825+0000] {dagbag.py:537} INFO - Filling up the DagBag from /opt/airflow/dags/parallel_dag.py
[2024-08-05T12:28:27.124+0000] {processor.py:766} INFO - DAG(s) dict_keys(['parallel_dag']) retrieved from /opt/airflow/dags/parallel_dag.py
[2024-08-05T12:28:27.187+0000] {logging_mixin.py:120} INFO - [2024-08-05T12:28:27.187+0000] {dag.py:2585} INFO - Sync 1 DAGs
[2024-08-05T12:28:27.233+0000] {logging_mixin.py:120} INFO - [2024-08-05T12:28:27.232+0000] {dag.py:3340} INFO - Setting next_dagrun for parallel_dag to 2024-08-05T00:00:00+00:00, run_after=2024-08-06T00:00:00+00:00
[2024-08-05T12:28:27.279+0000] {processor.py:176} INFO - Processing /opt/airflow/dags/parallel_dag.py took 0.464 seconds
[2024-08-05T12:28:57.558+0000] {processor.py:154} INFO - Started process (PID=161) to work on /opt/airflow/dags/parallel_dag.py
[2024-08-05T12:28:57.560+0000] {processor.py:756} INFO - Processing file /opt/airflow/dags/parallel_dag.py for tasks to queue
[2024-08-05T12:28:57.562+0000] {logging_mixin.py:120} INFO - [2024-08-05T12:28:57.562+0000] {dagbag.py:537} INFO - Filling up the DagBag from /opt/airflow/dags/parallel_dag.py
[2024-08-05T12:28:57.636+0000] {processor.py:766} INFO - DAG(s) dict_keys(['parallel_dag']) retrieved from /opt/airflow/dags/parallel_dag.py
[2024-08-05T12:28:57.706+0000] {logging_mixin.py:120} INFO - [2024-08-05T12:28:57.705+0000] {dag.py:2585} INFO - Sync 1 DAGs
[2024-08-05T12:28:57.744+0000] {logging_mixin.py:120} INFO - [2024-08-05T12:28:57.744+0000] {dag.py:3340} INFO - Setting next_dagrun for parallel_dag to 2024-08-05T00:00:00+00:00, run_after=2024-08-06T00:00:00+00:00
[2024-08-05T12:28:57.776+0000] {processor.py:176} INFO - Processing /opt/airflow/dags/parallel_dag.py took 0.223 seconds
[2024-08-05T12:29:27.958+0000] {processor.py:154} INFO - Started process (PID=194) to work on /opt/airflow/dags/parallel_dag.py
[2024-08-05T12:29:28.003+0000] {processor.py:756} INFO - Processing file /opt/airflow/dags/parallel_dag.py for tasks to queue
[2024-08-05T12:29:28.007+0000] {logging_mixin.py:120} INFO - [2024-08-05T12:29:28.007+0000] {dagbag.py:537} INFO - Filling up the DagBag from /opt/airflow/dags/parallel_dag.py
[2024-08-05T12:29:28.175+0000] {processor.py:766} INFO - DAG(s) dict_keys(['parallel_dag']) retrieved from /opt/airflow/dags/parallel_dag.py
[2024-08-05T12:29:28.252+0000] {logging_mixin.py:120} INFO - [2024-08-05T12:29:28.252+0000] {dag.py:2585} INFO - Sync 1 DAGs
[2024-08-05T12:29:28.347+0000] {logging_mixin.py:120} INFO - [2024-08-05T12:29:28.346+0000] {dag.py:3340} INFO - Setting next_dagrun for parallel_dag to 2024-08-05T00:00:00+00:00, run_after=2024-08-06T00:00:00+00:00
[2024-08-05T12:29:28.461+0000] {processor.py:176} INFO - Processing /opt/airflow/dags/parallel_dag.py took 0.507 seconds
[2024-08-05T12:29:59.634+0000] {processor.py:154} INFO - Started process (PID=217) to work on /opt/airflow/dags/parallel_dag.py
[2024-08-05T12:29:59.811+0000] {processor.py:756} INFO - Processing file /opt/airflow/dags/parallel_dag.py for tasks to queue
[2024-08-05T12:29:59.894+0000] {logging_mixin.py:120} INFO - [2024-08-05T12:29:59.894+0000] {dagbag.py:537} INFO - Filling up the DagBag from /opt/airflow/dags/parallel_dag.py
[2024-08-05T12:30:00.699+0000] {processor.py:766} INFO - DAG(s) dict_keys(['parallel_dag']) retrieved from /opt/airflow/dags/parallel_dag.py
[2024-08-05T12:30:00.821+0000] {logging_mixin.py:120} INFO - [2024-08-05T12:30:00.821+0000] {dag.py:2585} INFO - Sync 1 DAGs
[2024-08-05T12:30:00.880+0000] {logging_mixin.py:120} INFO - [2024-08-05T12:30:00.879+0000] {dag.py:3340} INFO - Setting next_dagrun for parallel_dag to 2024-08-05T00:00:00+00:00, run_after=2024-08-06T00:00:00+00:00
[2024-08-05T12:30:00.980+0000] {processor.py:176} INFO - Processing /opt/airflow/dags/parallel_dag.py took 1.350 seconds
[2024-08-05T12:30:31.949+0000] {processor.py:154} INFO - Started process (PID=249) to work on /opt/airflow/dags/parallel_dag.py
[2024-08-05T12:30:31.950+0000] {processor.py:756} INFO - Processing file /opt/airflow/dags/parallel_dag.py for tasks to queue
[2024-08-05T12:30:31.951+0000] {logging_mixin.py:120} INFO - [2024-08-05T12:30:31.951+0000] {dagbag.py:537} INFO - Filling up the DagBag from /opt/airflow/dags/parallel_dag.py
[2024-08-05T12:30:32.094+0000] {processor.py:766} INFO - DAG(s) dict_keys(['parallel_dag']) retrieved from /opt/airflow/dags/parallel_dag.py
[2024-08-05T12:30:32.155+0000] {logging_mixin.py:120} INFO - [2024-08-05T12:30:32.155+0000] {dag.py:2585} INFO - Sync 1 DAGs
[2024-08-05T12:30:32.196+0000] {logging_mixin.py:120} INFO - [2024-08-05T12:30:32.196+0000] {dag.py:3340} INFO - Setting next_dagrun for parallel_dag to 2024-08-05T00:00:00+00:00, run_after=2024-08-06T00:00:00+00:00
[2024-08-05T12:30:32.224+0000] {processor.py:176} INFO - Processing /opt/airflow/dags/parallel_dag.py took 0.278 seconds
[2024-08-05T12:31:04.293+0000] {processor.py:154} INFO - Started process (PID=281) to work on /opt/airflow/dags/parallel_dag.py
[2024-08-05T12:31:04.294+0000] {processor.py:756} INFO - Processing file /opt/airflow/dags/parallel_dag.py for tasks to queue
[2024-08-05T12:31:04.296+0000] {logging_mixin.py:120} INFO - [2024-08-05T12:31:04.296+0000] {dagbag.py:537} INFO - Filling up the DagBag from /opt/airflow/dags/parallel_dag.py
[2024-08-05T12:31:04.376+0000] {processor.py:766} INFO - DAG(s) dict_keys(['parallel_dag']) retrieved from /opt/airflow/dags/parallel_dag.py
[2024-08-05T12:31:04.469+0000] {logging_mixin.py:120} INFO - [2024-08-05T12:31:04.468+0000] {dag.py:2585} INFO - Sync 1 DAGs
[2024-08-05T12:31:04.514+0000] {logging_mixin.py:120} INFO - [2024-08-05T12:31:04.513+0000] {dag.py:3340} INFO - Setting next_dagrun for parallel_dag to 2024-08-05T00:00:00+00:00, run_after=2024-08-06T00:00:00+00:00
[2024-08-05T12:31:04.552+0000] {processor.py:176} INFO - Processing /opt/airflow/dags/parallel_dag.py took 0.264 seconds
[2024-08-05T12:32:22.307+0000] {processor.py:154} INFO - Started process (PID=50) to work on /opt/airflow/dags/parallel_dag.py
[2024-08-05T12:32:22.309+0000] {processor.py:756} INFO - Processing file /opt/airflow/dags/parallel_dag.py for tasks to queue
[2024-08-05T12:32:22.311+0000] {logging_mixin.py:120} INFO - [2024-08-05T12:32:22.311+0000] {dagbag.py:537} INFO - Filling up the DagBag from /opt/airflow/dags/parallel_dag.py
[2024-08-05T12:32:22.412+0000] {processor.py:766} INFO - DAG(s) dict_keys(['parallel_dag']) retrieved from /opt/airflow/dags/parallel_dag.py
[2024-08-05T12:32:22.597+0000] {logging_mixin.py:120} INFO - [2024-08-05T12:32:22.596+0000] {dag.py:2585} INFO - Sync 1 DAGs
[2024-08-05T12:32:22.660+0000] {logging_mixin.py:120} INFO - [2024-08-05T12:32:22.660+0000] {dag.py:3340} INFO - Setting next_dagrun for parallel_dag to 2024-08-05T00:00:00+00:00, run_after=2024-08-06T00:00:00+00:00
[2024-08-05T12:32:22.711+0000] {processor.py:176} INFO - Processing /opt/airflow/dags/parallel_dag.py took 0.411 seconds
[2024-08-05T12:32:53.315+0000] {processor.py:154} INFO - Started process (PID=82) to work on /opt/airflow/dags/parallel_dag.py
[2024-08-05T12:32:53.326+0000] {processor.py:756} INFO - Processing file /opt/airflow/dags/parallel_dag.py for tasks to queue
[2024-08-05T12:32:53.331+0000] {logging_mixin.py:120} INFO - [2024-08-05T12:32:53.331+0000] {dagbag.py:537} INFO - Filling up the DagBag from /opt/airflow/dags/parallel_dag.py
[2024-08-05T12:32:53.385+0000] {processor.py:766} INFO - DAG(s) dict_keys(['parallel_dag']) retrieved from /opt/airflow/dags/parallel_dag.py
[2024-08-05T12:32:53.431+0000] {logging_mixin.py:120} INFO - [2024-08-05T12:32:53.431+0000] {dag.py:2585} INFO - Sync 1 DAGs
[2024-08-05T12:32:53.462+0000] {logging_mixin.py:120} INFO - [2024-08-05T12:32:53.462+0000] {dag.py:3340} INFO - Setting next_dagrun for parallel_dag to 2024-08-05T00:00:00+00:00, run_after=2024-08-06T00:00:00+00:00
[2024-08-05T12:32:53.591+0000] {processor.py:176} INFO - Processing /opt/airflow/dags/parallel_dag.py took 0.280 seconds
[2024-08-05T12:33:23.864+0000] {processor.py:154} INFO - Started process (PID=105) to work on /opt/airflow/dags/parallel_dag.py
[2024-08-05T12:33:23.865+0000] {processor.py:756} INFO - Processing file /opt/airflow/dags/parallel_dag.py for tasks to queue
[2024-08-05T12:33:23.866+0000] {logging_mixin.py:120} INFO - [2024-08-05T12:33:23.866+0000] {dagbag.py:537} INFO - Filling up the DagBag from /opt/airflow/dags/parallel_dag.py
[2024-08-05T12:33:23.915+0000] {processor.py:766} INFO - DAG(s) dict_keys(['parallel_dag']) retrieved from /opt/airflow/dags/parallel_dag.py
[2024-08-05T12:33:23.967+0000] {logging_mixin.py:120} INFO - [2024-08-05T12:33:23.967+0000] {dag.py:2585} INFO - Sync 1 DAGs
[2024-08-05T12:33:24.001+0000] {logging_mixin.py:120} INFO - [2024-08-05T12:33:24.001+0000] {dag.py:3340} INFO - Setting next_dagrun for parallel_dag to 2024-08-05T00:00:00+00:00, run_after=2024-08-06T00:00:00+00:00
[2024-08-05T12:33:24.030+0000] {processor.py:176} INFO - Processing /opt/airflow/dags/parallel_dag.py took 0.169 seconds
[2024-08-05T12:33:54.794+0000] {processor.py:154} INFO - Started process (PID=137) to work on /opt/airflow/dags/parallel_dag.py
[2024-08-05T12:33:54.805+0000] {processor.py:756} INFO - Processing file /opt/airflow/dags/parallel_dag.py for tasks to queue
[2024-08-05T12:33:54.812+0000] {logging_mixin.py:120} INFO - [2024-08-05T12:33:54.812+0000] {dagbag.py:537} INFO - Filling up the DagBag from /opt/airflow/dags/parallel_dag.py
[2024-08-05T12:33:55.146+0000] {processor.py:766} INFO - DAG(s) dict_keys(['parallel_dag']) retrieved from /opt/airflow/dags/parallel_dag.py
[2024-08-05T12:33:55.228+0000] {logging_mixin.py:120} INFO - [2024-08-05T12:33:55.228+0000] {dag.py:2585} INFO - Sync 1 DAGs
[2024-08-05T12:33:55.276+0000] {logging_mixin.py:120} INFO - [2024-08-05T12:33:55.276+0000] {dag.py:3340} INFO - Setting next_dagrun for parallel_dag to 2024-08-05T00:00:00+00:00, run_after=2024-08-06T00:00:00+00:00
[2024-08-05T12:33:55.332+0000] {processor.py:176} INFO - Processing /opt/airflow/dags/parallel_dag.py took 0.542 seconds
[2024-08-05T12:34:26.155+0000] {processor.py:154} INFO - Started process (PID=170) to work on /opt/airflow/dags/parallel_dag.py
[2024-08-05T12:34:26.157+0000] {processor.py:756} INFO - Processing file /opt/airflow/dags/parallel_dag.py for tasks to queue
[2024-08-05T12:34:26.159+0000] {logging_mixin.py:120} INFO - [2024-08-05T12:34:26.159+0000] {dagbag.py:537} INFO - Filling up the DagBag from /opt/airflow/dags/parallel_dag.py
[2024-08-05T12:34:26.198+0000] {processor.py:766} INFO - DAG(s) dict_keys(['parallel_dag']) retrieved from /opt/airflow/dags/parallel_dag.py
[2024-08-05T12:34:26.261+0000] {logging_mixin.py:120} INFO - [2024-08-05T12:34:26.260+0000] {dag.py:2585} INFO - Sync 1 DAGs
[2024-08-05T12:34:26.303+0000] {logging_mixin.py:120} INFO - [2024-08-05T12:34:26.303+0000] {dag.py:3340} INFO - Setting next_dagrun for parallel_dag to 2024-08-05T00:00:00+00:00, run_after=2024-08-06T00:00:00+00:00
[2024-08-05T12:34:26.338+0000] {processor.py:176} INFO - Processing /opt/airflow/dags/parallel_dag.py took 0.187 seconds
[2024-08-05T12:34:56.802+0000] {processor.py:154} INFO - Started process (PID=193) to work on /opt/airflow/dags/parallel_dag.py
[2024-08-05T12:34:56.804+0000] {processor.py:756} INFO - Processing file /opt/airflow/dags/parallel_dag.py for tasks to queue
[2024-08-05T12:34:56.806+0000] {logging_mixin.py:120} INFO - [2024-08-05T12:34:56.805+0000] {dagbag.py:537} INFO - Filling up the DagBag from /opt/airflow/dags/parallel_dag.py
[2024-08-05T12:34:56.874+0000] {processor.py:766} INFO - DAG(s) dict_keys(['parallel_dag']) retrieved from /opt/airflow/dags/parallel_dag.py
[2024-08-05T12:34:56.940+0000] {logging_mixin.py:120} INFO - [2024-08-05T12:34:56.940+0000] {dag.py:2585} INFO - Sync 1 DAGs
[2024-08-05T12:34:56.980+0000] {logging_mixin.py:120} INFO - [2024-08-05T12:34:56.979+0000] {dag.py:3340} INFO - Setting next_dagrun for parallel_dag to 2024-08-05T00:00:00+00:00, run_after=2024-08-06T00:00:00+00:00
[2024-08-05T12:34:57.018+0000] {processor.py:176} INFO - Processing /opt/airflow/dags/parallel_dag.py took 0.221 seconds
[2024-08-05T12:35:28.088+0000] {processor.py:154} INFO - Started process (PID=225) to work on /opt/airflow/dags/parallel_dag.py
[2024-08-05T12:35:28.211+0000] {processor.py:756} INFO - Processing file /opt/airflow/dags/parallel_dag.py for tasks to queue
[2024-08-05T12:35:28.746+0000] {logging_mixin.py:120} INFO - [2024-08-05T12:35:28.746+0000] {dagbag.py:537} INFO - Filling up the DagBag from /opt/airflow/dags/parallel_dag.py
[2024-08-05T12:35:32.581+0000] {processor.py:766} INFO - DAG(s) dict_keys(['parallel_dag']) retrieved from /opt/airflow/dags/parallel_dag.py
[2024-08-05T12:35:32.643+0000] {logging_mixin.py:120} INFO - [2024-08-05T12:35:32.643+0000] {dag.py:2585} INFO - Sync 1 DAGs
[2024-08-05T12:35:32.682+0000] {logging_mixin.py:120} INFO - [2024-08-05T12:35:32.682+0000] {dag.py:3340} INFO - Setting next_dagrun for parallel_dag to 2024-08-05T00:00:00+00:00, run_after=2024-08-06T00:00:00+00:00
[2024-08-05T12:35:32.741+0000] {processor.py:176} INFO - Processing /opt/airflow/dags/parallel_dag.py took 4.657 seconds
[2024-08-05T12:36:03.620+0000] {processor.py:154} INFO - Started process (PID=258) to work on /opt/airflow/dags/parallel_dag.py
[2024-08-05T12:36:03.623+0000] {processor.py:756} INFO - Processing file /opt/airflow/dags/parallel_dag.py for tasks to queue
[2024-08-05T12:36:03.624+0000] {logging_mixin.py:120} INFO - [2024-08-05T12:36:03.624+0000] {dagbag.py:537} INFO - Filling up the DagBag from /opt/airflow/dags/parallel_dag.py
[2024-08-05T12:36:03.675+0000] {processor.py:766} INFO - DAG(s) dict_keys(['parallel_dag']) retrieved from /opt/airflow/dags/parallel_dag.py
[2024-08-05T12:36:03.728+0000] {logging_mixin.py:120} INFO - [2024-08-05T12:36:03.728+0000] {dag.py:2585} INFO - Sync 1 DAGs
[2024-08-05T12:36:03.769+0000] {logging_mixin.py:120} INFO - [2024-08-05T12:36:03.769+0000] {dag.py:3340} INFO - Setting next_dagrun for parallel_dag to 2024-08-05T00:00:00+00:00, run_after=2024-08-06T00:00:00+00:00
[2024-08-05T12:36:03.798+0000] {processor.py:176} INFO - Processing /opt/airflow/dags/parallel_dag.py took 0.181 seconds
[2024-08-05T12:36:19.269+0000] {processor.py:154} INFO - Started process (PID=271) to work on /opt/airflow/dags/parallel_dag.py
[2024-08-05T12:36:19.272+0000] {processor.py:756} INFO - Processing file /opt/airflow/dags/parallel_dag.py for tasks to queue
[2024-08-05T12:36:19.273+0000] {logging_mixin.py:120} INFO - [2024-08-05T12:36:19.273+0000] {dagbag.py:537} INFO - Filling up the DagBag from /opt/airflow/dags/parallel_dag.py
[2024-08-05T12:36:19.404+0000] {processor.py:766} INFO - DAG(s) dict_keys(['parallel_dag']) retrieved from /opt/airflow/dags/parallel_dag.py
[2024-08-05T12:36:19.491+0000] {logging_mixin.py:120} INFO - [2024-08-05T12:36:19.491+0000] {dag.py:2585} INFO - Sync 1 DAGs
[2024-08-05T12:36:19.546+0000] {logging_mixin.py:120} INFO - [2024-08-05T12:36:19.546+0000] {dag.py:3340} INFO - Setting next_dagrun for parallel_dag to 2024-08-05T00:00:00+00:00, run_after=2024-08-06T00:00:00+00:00
[2024-08-05T12:36:19.592+0000] {processor.py:176} INFO - Processing /opt/airflow/dags/parallel_dag.py took 0.327 seconds
[2024-08-05T12:36:49.865+0000] {processor.py:154} INFO - Started process (PID=303) to work on /opt/airflow/dags/parallel_dag.py
[2024-08-05T12:36:49.866+0000] {processor.py:756} INFO - Processing file /opt/airflow/dags/parallel_dag.py for tasks to queue
[2024-08-05T12:36:49.867+0000] {logging_mixin.py:120} INFO - [2024-08-05T12:36:49.867+0000] {dagbag.py:537} INFO - Filling up the DagBag from /opt/airflow/dags/parallel_dag.py
[2024-08-05T12:36:49.922+0000] {processor.py:766} INFO - DAG(s) dict_keys(['parallel_dag']) retrieved from /opt/airflow/dags/parallel_dag.py
[2024-08-05T12:36:49.972+0000] {logging_mixin.py:120} INFO - [2024-08-05T12:36:49.971+0000] {dag.py:2585} INFO - Sync 1 DAGs
[2024-08-05T12:36:50.010+0000] {logging_mixin.py:120} INFO - [2024-08-05T12:36:50.010+0000] {dag.py:3340} INFO - Setting next_dagrun for parallel_dag to 2024-08-05T00:00:00+00:00, run_after=2024-08-06T00:00:00+00:00
[2024-08-05T12:36:50.044+0000] {processor.py:176} INFO - Processing /opt/airflow/dags/parallel_dag.py took 0.182 seconds
[2024-08-05T12:37:20.295+0000] {processor.py:154} INFO - Started process (PID=326) to work on /opt/airflow/dags/parallel_dag.py
[2024-08-05T12:37:20.297+0000] {processor.py:756} INFO - Processing file /opt/airflow/dags/parallel_dag.py for tasks to queue
[2024-08-05T12:37:20.298+0000] {logging_mixin.py:120} INFO - [2024-08-05T12:37:20.298+0000] {dagbag.py:537} INFO - Filling up the DagBag from /opt/airflow/dags/parallel_dag.py
[2024-08-05T12:37:20.460+0000] {processor.py:766} INFO - DAG(s) dict_keys(['parallel_dag']) retrieved from /opt/airflow/dags/parallel_dag.py
[2024-08-05T12:37:20.598+0000] {logging_mixin.py:120} INFO - [2024-08-05T12:37:20.598+0000] {dag.py:2585} INFO - Sync 1 DAGs
[2024-08-05T12:37:20.666+0000] {logging_mixin.py:120} INFO - [2024-08-05T12:37:20.663+0000] {dag.py:3340} INFO - Setting next_dagrun for parallel_dag to 2024-08-05T00:00:00+00:00, run_after=2024-08-06T00:00:00+00:00
[2024-08-05T12:37:20.773+0000] {processor.py:176} INFO - Processing /opt/airflow/dags/parallel_dag.py took 0.482 seconds
[2024-08-05T12:37:29.492+0000] {processor.py:154} INFO - Started process (PID=336) to work on /opt/airflow/dags/parallel_dag.py
[2024-08-05T12:37:29.518+0000] {processor.py:756} INFO - Processing file /opt/airflow/dags/parallel_dag.py for tasks to queue
[2024-08-05T12:37:29.541+0000] {logging_mixin.py:120} INFO - [2024-08-05T12:37:29.541+0000] {dagbag.py:537} INFO - Filling up the DagBag from /opt/airflow/dags/parallel_dag.py
[2024-08-05T12:37:34.029+0000] {processor.py:766} INFO - DAG(s) dict_keys(['parallel_dag']) retrieved from /opt/airflow/dags/parallel_dag.py
[2024-08-05T12:37:34.180+0000] {logging_mixin.py:120} INFO - [2024-08-05T12:37:34.179+0000] {dag.py:2585} INFO - Sync 1 DAGs
[2024-08-05T12:37:34.217+0000] {logging_mixin.py:120} INFO - [2024-08-05T12:37:34.217+0000] {dag.py:3340} INFO - Setting next_dagrun for parallel_dag to 2024-08-05T00:00:00+00:00, run_after=2024-08-06T00:00:00+00:00
[2024-08-05T12:37:34.261+0000] {processor.py:176} INFO - Processing /opt/airflow/dags/parallel_dag.py took 4.772 seconds
[2024-08-05T12:38:04.804+0000] {processor.py:154} INFO - Started process (PID=372) to work on /opt/airflow/dags/parallel_dag.py
[2024-08-05T12:38:04.806+0000] {processor.py:756} INFO - Processing file /opt/airflow/dags/parallel_dag.py for tasks to queue
[2024-08-05T12:38:04.807+0000] {logging_mixin.py:120} INFO - [2024-08-05T12:38:04.807+0000] {dagbag.py:537} INFO - Filling up the DagBag from /opt/airflow/dags/parallel_dag.py
[2024-08-05T12:38:04.870+0000] {processor.py:766} INFO - DAG(s) dict_keys(['parallel_dag']) retrieved from /opt/airflow/dags/parallel_dag.py
[2024-08-05T12:38:04.934+0000] {logging_mixin.py:120} INFO - [2024-08-05T12:38:04.934+0000] {dag.py:2585} INFO - Sync 1 DAGs
[2024-08-05T12:38:04.969+0000] {logging_mixin.py:120} INFO - [2024-08-05T12:38:04.969+0000] {dag.py:3340} INFO - Setting next_dagrun for parallel_dag to 2024-08-05T00:00:00+00:00, run_after=2024-08-06T00:00:00+00:00
[2024-08-05T12:38:04.995+0000] {processor.py:176} INFO - Processing /opt/airflow/dags/parallel_dag.py took 0.194 seconds
[2024-08-05T12:38:35.777+0000] {processor.py:154} INFO - Started process (PID=409) to work on /opt/airflow/dags/parallel_dag.py
[2024-08-05T12:38:35.779+0000] {processor.py:756} INFO - Processing file /opt/airflow/dags/parallel_dag.py for tasks to queue
[2024-08-05T12:38:35.781+0000] {logging_mixin.py:120} INFO - [2024-08-05T12:38:35.780+0000] {dagbag.py:537} INFO - Filling up the DagBag from /opt/airflow/dags/parallel_dag.py
[2024-08-05T12:38:35.834+0000] {processor.py:766} INFO - DAG(s) dict_keys(['parallel_dag']) retrieved from /opt/airflow/dags/parallel_dag.py
[2024-08-05T12:38:35.902+0000] {logging_mixin.py:120} INFO - [2024-08-05T12:38:35.902+0000] {dag.py:2585} INFO - Sync 1 DAGs
[2024-08-05T12:38:35.950+0000] {logging_mixin.py:120} INFO - [2024-08-05T12:38:35.949+0000] {dag.py:3340} INFO - Setting next_dagrun for parallel_dag to 2024-08-05T00:00:00+00:00, run_after=2024-08-06T00:00:00+00:00
[2024-08-05T12:38:35.985+0000] {processor.py:176} INFO - Processing /opt/airflow/dags/parallel_dag.py took 0.214 seconds
[2024-08-05T12:39:06.792+0000] {processor.py:154} INFO - Started process (PID=432) to work on /opt/airflow/dags/parallel_dag.py
[2024-08-05T12:39:06.795+0000] {processor.py:756} INFO - Processing file /opt/airflow/dags/parallel_dag.py for tasks to queue
[2024-08-05T12:39:06.797+0000] {logging_mixin.py:120} INFO - [2024-08-05T12:39:06.797+0000] {dagbag.py:537} INFO - Filling up the DagBag from /opt/airflow/dags/parallel_dag.py
[2024-08-05T12:39:06.964+0000] {processor.py:766} INFO - DAG(s) dict_keys(['parallel_dag']) retrieved from /opt/airflow/dags/parallel_dag.py
[2024-08-05T12:39:07.101+0000] {logging_mixin.py:120} INFO - [2024-08-05T12:39:07.101+0000] {dag.py:2585} INFO - Sync 1 DAGs
[2024-08-05T12:39:07.145+0000] {logging_mixin.py:120} INFO - [2024-08-05T12:39:07.145+0000] {dag.py:3340} INFO - Setting next_dagrun for parallel_dag to 2024-08-05T00:00:00+00:00, run_after=2024-08-06T00:00:00+00:00
[2024-08-05T12:39:07.194+0000] {processor.py:176} INFO - Processing /opt/airflow/dags/parallel_dag.py took 0.410 seconds
[2024-08-05T12:39:37.951+0000] {processor.py:154} INFO - Started process (PID=464) to work on /opt/airflow/dags/parallel_dag.py
[2024-08-05T12:39:37.956+0000] {processor.py:756} INFO - Processing file /opt/airflow/dags/parallel_dag.py for tasks to queue
[2024-08-05T12:39:37.958+0000] {logging_mixin.py:120} INFO - [2024-08-05T12:39:37.958+0000] {dagbag.py:537} INFO - Filling up the DagBag from /opt/airflow/dags/parallel_dag.py
[2024-08-05T12:39:38.029+0000] {processor.py:766} INFO - DAG(s) dict_keys(['parallel_dag']) retrieved from /opt/airflow/dags/parallel_dag.py
[2024-08-05T12:39:38.102+0000] {logging_mixin.py:120} INFO - [2024-08-05T12:39:38.101+0000] {dag.py:2585} INFO - Sync 1 DAGs
[2024-08-05T12:39:38.148+0000] {logging_mixin.py:120} INFO - [2024-08-05T12:39:38.148+0000] {dag.py:3340} INFO - Setting next_dagrun for parallel_dag to 2024-08-05T00:00:00+00:00, run_after=2024-08-06T00:00:00+00:00
[2024-08-05T12:39:38.184+0000] {processor.py:176} INFO - Processing /opt/airflow/dags/parallel_dag.py took 0.237 seconds
[2024-08-05T12:40:09.325+0000] {processor.py:154} INFO - Started process (PID=486) to work on /opt/airflow/dags/parallel_dag.py
[2024-08-05T12:40:09.329+0000] {processor.py:756} INFO - Processing file /opt/airflow/dags/parallel_dag.py for tasks to queue
[2024-08-05T12:40:09.332+0000] {logging_mixin.py:120} INFO - [2024-08-05T12:40:09.332+0000] {dagbag.py:537} INFO - Filling up the DagBag from /opt/airflow/dags/parallel_dag.py
[2024-08-05T12:40:09.435+0000] {processor.py:766} INFO - DAG(s) dict_keys(['parallel_dag']) retrieved from /opt/airflow/dags/parallel_dag.py
[2024-08-05T12:40:09.494+0000] {logging_mixin.py:120} INFO - [2024-08-05T12:40:09.494+0000] {dag.py:2585} INFO - Sync 1 DAGs
[2024-08-05T12:40:09.540+0000] {logging_mixin.py:120} INFO - [2024-08-05T12:40:09.540+0000] {dag.py:3340} INFO - Setting next_dagrun for parallel_dag to 2024-08-05T00:00:00+00:00, run_after=2024-08-06T00:00:00+00:00
[2024-08-05T12:40:09.651+0000] {processor.py:176} INFO - Processing /opt/airflow/dags/parallel_dag.py took 0.329 seconds
[2024-08-05T12:40:40.022+0000] {processor.py:154} INFO - Started process (PID=517) to work on /opt/airflow/dags/parallel_dag.py
[2024-08-05T12:40:40.023+0000] {processor.py:756} INFO - Processing file /opt/airflow/dags/parallel_dag.py for tasks to queue
[2024-08-05T12:40:40.024+0000] {logging_mixin.py:120} INFO - [2024-08-05T12:40:40.024+0000] {dagbag.py:537} INFO - Filling up the DagBag from /opt/airflow/dags/parallel_dag.py
[2024-08-05T12:40:40.062+0000] {processor.py:766} INFO - DAG(s) dict_keys(['parallel_dag']) retrieved from /opt/airflow/dags/parallel_dag.py
[2024-08-05T12:40:40.121+0000] {logging_mixin.py:120} INFO - [2024-08-05T12:40:40.120+0000] {dag.py:2585} INFO - Sync 1 DAGs
[2024-08-05T12:40:40.163+0000] {logging_mixin.py:120} INFO - [2024-08-05T12:40:40.163+0000] {dag.py:3340} INFO - Setting next_dagrun for parallel_dag to 2024-08-05T00:00:00+00:00, run_after=2024-08-06T00:00:00+00:00
[2024-08-05T12:40:40.192+0000] {processor.py:176} INFO - Processing /opt/airflow/dags/parallel_dag.py took 0.173 seconds
[2024-08-05T12:41:11.191+0000] {processor.py:154} INFO - Started process (PID=549) to work on /opt/airflow/dags/parallel_dag.py
[2024-08-05T12:41:11.192+0000] {processor.py:756} INFO - Processing file /opt/airflow/dags/parallel_dag.py for tasks to queue
[2024-08-05T12:41:11.193+0000] {logging_mixin.py:120} INFO - [2024-08-05T12:41:11.193+0000] {dagbag.py:537} INFO - Filling up the DagBag from /opt/airflow/dags/parallel_dag.py
[2024-08-05T12:41:11.616+0000] {processor.py:766} INFO - DAG(s) dict_keys(['parallel_dag']) retrieved from /opt/airflow/dags/parallel_dag.py
[2024-08-05T12:41:11.878+0000] {logging_mixin.py:120} INFO - [2024-08-05T12:41:11.877+0000] {dag.py:2585} INFO - Sync 1 DAGs
[2024-08-05T12:41:11.986+0000] {logging_mixin.py:120} INFO - [2024-08-05T12:41:11.986+0000] {dag.py:3340} INFO - Setting next_dagrun for parallel_dag to 2024-08-05T00:00:00+00:00, run_after=2024-08-06T00:00:00+00:00
[2024-08-05T12:41:12.036+0000] {processor.py:176} INFO - Processing /opt/airflow/dags/parallel_dag.py took 0.850 seconds
[2024-08-05T12:41:43.081+0000] {processor.py:154} INFO - Started process (PID=572) to work on /opt/airflow/dags/parallel_dag.py
[2024-08-05T12:41:43.083+0000] {processor.py:756} INFO - Processing file /opt/airflow/dags/parallel_dag.py for tasks to queue
[2024-08-05T12:41:43.084+0000] {logging_mixin.py:120} INFO - [2024-08-05T12:41:43.084+0000] {dagbag.py:537} INFO - Filling up the DagBag from /opt/airflow/dags/parallel_dag.py
[2024-08-05T12:41:43.115+0000] {processor.py:766} INFO - DAG(s) dict_keys(['parallel_dag']) retrieved from /opt/airflow/dags/parallel_dag.py
[2024-08-05T12:41:43.163+0000] {logging_mixin.py:120} INFO - [2024-08-05T12:41:43.163+0000] {dag.py:2585} INFO - Sync 1 DAGs
[2024-08-05T12:41:43.237+0000] {logging_mixin.py:120} INFO - [2024-08-05T12:41:43.237+0000] {dag.py:3340} INFO - Setting next_dagrun for parallel_dag to 2024-08-05T00:00:00+00:00, run_after=2024-08-06T00:00:00+00:00
[2024-08-05T12:41:43.301+0000] {processor.py:176} INFO - Processing /opt/airflow/dags/parallel_dag.py took 0.224 seconds
[2024-08-05T12:42:13.474+0000] {processor.py:154} INFO - Started process (PID=604) to work on /opt/airflow/dags/parallel_dag.py
[2024-08-05T12:42:13.475+0000] {processor.py:756} INFO - Processing file /opt/airflow/dags/parallel_dag.py for tasks to queue
[2024-08-05T12:42:13.477+0000] {logging_mixin.py:120} INFO - [2024-08-05T12:42:13.476+0000] {dagbag.py:537} INFO - Filling up the DagBag from /opt/airflow/dags/parallel_dag.py
[2024-08-05T12:42:13.511+0000] {processor.py:766} INFO - DAG(s) dict_keys(['parallel_dag']) retrieved from /opt/airflow/dags/parallel_dag.py
[2024-08-05T12:42:13.575+0000] {logging_mixin.py:120} INFO - [2024-08-05T12:42:13.575+0000] {dag.py:2585} INFO - Sync 1 DAGs
[2024-08-05T12:42:13.615+0000] {logging_mixin.py:120} INFO - [2024-08-05T12:42:13.615+0000] {dag.py:3340} INFO - Setting next_dagrun for parallel_dag to 2024-08-05T00:00:00+00:00, run_after=2024-08-06T00:00:00+00:00
[2024-08-05T12:42:13.641+0000] {processor.py:176} INFO - Processing /opt/airflow/dags/parallel_dag.py took 0.172 seconds
[2024-08-05T12:42:43.706+0000] {processor.py:154} INFO - Started process (PID=637) to work on /opt/airflow/dags/parallel_dag.py
[2024-08-05T12:42:43.708+0000] {processor.py:756} INFO - Processing file /opt/airflow/dags/parallel_dag.py for tasks to queue
[2024-08-05T12:42:43.710+0000] {logging_mixin.py:120} INFO - [2024-08-05T12:42:43.710+0000] {dagbag.py:537} INFO - Filling up the DagBag from /opt/airflow/dags/parallel_dag.py
[2024-08-05T12:42:43.765+0000] {processor.py:766} INFO - DAG(s) dict_keys(['parallel_dag']) retrieved from /opt/airflow/dags/parallel_dag.py
[2024-08-05T12:42:43.826+0000] {logging_mixin.py:120} INFO - [2024-08-05T12:42:43.825+0000] {dag.py:2585} INFO - Sync 1 DAGs
[2024-08-05T12:42:43.866+0000] {logging_mixin.py:120} INFO - [2024-08-05T12:42:43.866+0000] {dag.py:3340} INFO - Setting next_dagrun for parallel_dag to 2024-08-05T00:00:00+00:00, run_after=2024-08-06T00:00:00+00:00
[2024-08-05T12:42:43.907+0000] {processor.py:176} INFO - Processing /opt/airflow/dags/parallel_dag.py took 0.207 seconds
[2024-08-05T12:43:14.648+0000] {processor.py:154} INFO - Started process (PID=660) to work on /opt/airflow/dags/parallel_dag.py
[2024-08-05T12:43:14.649+0000] {processor.py:756} INFO - Processing file /opt/airflow/dags/parallel_dag.py for tasks to queue
[2024-08-05T12:43:14.651+0000] {logging_mixin.py:120} INFO - [2024-08-05T12:43:14.651+0000] {dagbag.py:537} INFO - Filling up the DagBag from /opt/airflow/dags/parallel_dag.py
[2024-08-05T12:43:14.718+0000] {processor.py:766} INFO - DAG(s) dict_keys(['parallel_dag']) retrieved from /opt/airflow/dags/parallel_dag.py
[2024-08-05T12:43:14.777+0000] {logging_mixin.py:120} INFO - [2024-08-05T12:43:14.776+0000] {dag.py:2585} INFO - Sync 1 DAGs
[2024-08-05T12:43:14.812+0000] {logging_mixin.py:120} INFO - [2024-08-05T12:43:14.812+0000] {dag.py:3340} INFO - Setting next_dagrun for parallel_dag to 2024-08-05T00:00:00+00:00, run_after=2024-08-06T00:00:00+00:00
[2024-08-05T12:43:14.845+0000] {processor.py:176} INFO - Processing /opt/airflow/dags/parallel_dag.py took 0.201 seconds
[2024-08-05T12:43:45.510+0000] {processor.py:154} INFO - Started process (PID=692) to work on /opt/airflow/dags/parallel_dag.py
[2024-08-05T12:43:45.512+0000] {processor.py:756} INFO - Processing file /opt/airflow/dags/parallel_dag.py for tasks to queue
[2024-08-05T12:43:45.514+0000] {logging_mixin.py:120} INFO - [2024-08-05T12:43:45.514+0000] {dagbag.py:537} INFO - Filling up the DagBag from /opt/airflow/dags/parallel_dag.py
[2024-08-05T12:43:45.581+0000] {processor.py:766} INFO - DAG(s) dict_keys(['parallel_dag']) retrieved from /opt/airflow/dags/parallel_dag.py
[2024-08-05T12:43:45.638+0000] {logging_mixin.py:120} INFO - [2024-08-05T12:43:45.637+0000] {dag.py:2585} INFO - Sync 1 DAGs
[2024-08-05T12:43:45.683+0000] {logging_mixin.py:120} INFO - [2024-08-05T12:43:45.683+0000] {dag.py:3340} INFO - Setting next_dagrun for parallel_dag to 2024-08-05T00:00:00+00:00, run_after=2024-08-06T00:00:00+00:00
[2024-08-05T12:43:45.710+0000] {processor.py:176} INFO - Processing /opt/airflow/dags/parallel_dag.py took 0.202 seconds
[2024-08-05T12:44:16.153+0000] {processor.py:154} INFO - Started process (PID=715) to work on /opt/airflow/dags/parallel_dag.py
[2024-08-05T12:44:16.155+0000] {processor.py:756} INFO - Processing file /opt/airflow/dags/parallel_dag.py for tasks to queue
[2024-08-05T12:44:16.156+0000] {logging_mixin.py:120} INFO - [2024-08-05T12:44:16.155+0000] {dagbag.py:537} INFO - Filling up the DagBag from /opt/airflow/dags/parallel_dag.py
[2024-08-05T12:44:16.210+0000] {processor.py:766} INFO - DAG(s) dict_keys(['parallel_dag']) retrieved from /opt/airflow/dags/parallel_dag.py
[2024-08-05T12:44:16.260+0000] {logging_mixin.py:120} INFO - [2024-08-05T12:44:16.260+0000] {dag.py:2585} INFO - Sync 1 DAGs
[2024-08-05T12:44:16.288+0000] {logging_mixin.py:120} INFO - [2024-08-05T12:44:16.288+0000] {dag.py:3340} INFO - Setting next_dagrun for parallel_dag to 2024-08-05T00:00:00+00:00, run_after=2024-08-06T00:00:00+00:00
[2024-08-05T12:44:16.310+0000] {processor.py:176} INFO - Processing /opt/airflow/dags/parallel_dag.py took 0.160 seconds
[2024-08-05T12:44:46.750+0000] {processor.py:154} INFO - Started process (PID=747) to work on /opt/airflow/dags/parallel_dag.py
[2024-08-05T12:44:46.751+0000] {processor.py:756} INFO - Processing file /opt/airflow/dags/parallel_dag.py for tasks to queue
[2024-08-05T12:44:46.752+0000] {logging_mixin.py:120} INFO - [2024-08-05T12:44:46.752+0000] {dagbag.py:537} INFO - Filling up the DagBag from /opt/airflow/dags/parallel_dag.py
[2024-08-05T12:44:46.808+0000] {processor.py:766} INFO - DAG(s) dict_keys(['parallel_dag']) retrieved from /opt/airflow/dags/parallel_dag.py
[2024-08-05T12:44:46.864+0000] {logging_mixin.py:120} INFO - [2024-08-05T12:44:46.864+0000] {dag.py:2585} INFO - Sync 1 DAGs
[2024-08-05T12:44:46.906+0000] {logging_mixin.py:120} INFO - [2024-08-05T12:44:46.906+0000] {dag.py:3340} INFO - Setting next_dagrun for parallel_dag to 2024-08-05T00:00:00+00:00, run_after=2024-08-06T00:00:00+00:00
[2024-08-05T12:44:46.961+0000] {processor.py:176} INFO - Processing /opt/airflow/dags/parallel_dag.py took 0.216 seconds
[2024-08-05T12:45:17.127+0000] {processor.py:154} INFO - Started process (PID=779) to work on /opt/airflow/dags/parallel_dag.py
[2024-08-05T12:45:17.130+0000] {processor.py:756} INFO - Processing file /opt/airflow/dags/parallel_dag.py for tasks to queue
[2024-08-05T12:45:17.131+0000] {logging_mixin.py:120} INFO - [2024-08-05T12:45:17.131+0000] {dagbag.py:537} INFO - Filling up the DagBag from /opt/airflow/dags/parallel_dag.py
[2024-08-05T12:45:17.208+0000] {processor.py:766} INFO - DAG(s) dict_keys(['parallel_dag']) retrieved from /opt/airflow/dags/parallel_dag.py
[2024-08-05T12:45:17.348+0000] {logging_mixin.py:120} INFO - [2024-08-05T12:45:17.347+0000] {dag.py:2585} INFO - Sync 1 DAGs
[2024-08-05T12:45:17.409+0000] {logging_mixin.py:120} INFO - [2024-08-05T12:45:17.409+0000] {dag.py:3340} INFO - Setting next_dagrun for parallel_dag to 2024-08-05T00:00:00+00:00, run_after=2024-08-06T00:00:00+00:00
[2024-08-05T12:45:17.462+0000] {processor.py:176} INFO - Processing /opt/airflow/dags/parallel_dag.py took 0.343 seconds
[2024-08-05T12:45:47.985+0000] {processor.py:154} INFO - Started process (PID=802) to work on /opt/airflow/dags/parallel_dag.py
[2024-08-05T12:45:47.996+0000] {processor.py:756} INFO - Processing file /opt/airflow/dags/parallel_dag.py for tasks to queue
[2024-08-05T12:45:47.997+0000] {logging_mixin.py:120} INFO - [2024-08-05T12:45:47.997+0000] {dagbag.py:537} INFO - Filling up the DagBag from /opt/airflow/dags/parallel_dag.py
[2024-08-05T12:45:48.042+0000] {processor.py:766} INFO - DAG(s) dict_keys(['parallel_dag']) retrieved from /opt/airflow/dags/parallel_dag.py
[2024-08-05T12:45:48.196+0000] {logging_mixin.py:120} INFO - [2024-08-05T12:45:48.196+0000] {dag.py:2585} INFO - Sync 1 DAGs
[2024-08-05T12:45:48.338+0000] {logging_mixin.py:120} INFO - [2024-08-05T12:45:48.338+0000] {dag.py:3340} INFO - Setting next_dagrun for parallel_dag to 2024-08-05T00:00:00+00:00, run_after=2024-08-06T00:00:00+00:00
[2024-08-05T12:45:48.504+0000] {processor.py:176} INFO - Processing /opt/airflow/dags/parallel_dag.py took 0.522 seconds
