[2024-08-05T07:09:15.510+0000] {taskinstance.py:1165} INFO - Dependencies all met for <TaskInstance: producer.update_dataset__1 manual__2024-08-05T07:09:14.356996+00:00 [queued]>
[2024-08-05T07:09:15.527+0000] {taskinstance.py:1165} INFO - Dependencies all met for <TaskInstance: producer.update_dataset__1 manual__2024-08-05T07:09:14.356996+00:00 [queued]>
[2024-08-05T07:09:15.528+0000] {taskinstance.py:1362} INFO - 
--------------------------------------------------------------------------------
[2024-08-05T07:09:15.528+0000] {taskinstance.py:1363} INFO - Starting attempt 1 of 1
[2024-08-05T07:09:15.529+0000] {taskinstance.py:1364} INFO - 
--------------------------------------------------------------------------------
[2024-08-05T07:09:15.550+0000] {taskinstance.py:1383} INFO - Executing <Task(_PythonDecoratedOperator): update_dataset__1> on 2024-08-05 07:09:14.356996+00:00
[2024-08-05T07:09:15.558+0000] {standard_task_runner.py:55} INFO - Started process 3251 to run task
[2024-08-05T07:09:15.563+0000] {standard_task_runner.py:82} INFO - Running: ['***', 'tasks', 'run', 'producer', 'update_dataset__1', 'manual__2024-08-05T07:09:14.356996+00:00', '--job-id', '43', '--raw', '--subdir', 'DAGS_FOLDER/producer.py', '--cfg-path', '/tmp/tmp0w_ii1nk']
[2024-08-05T07:09:15.564+0000] {standard_task_runner.py:83} INFO - Job 43: Subtask update_dataset__1
[2024-08-05T07:09:15.654+0000] {task_command.py:376} INFO - Running <TaskInstance: producer.update_dataset__1 manual__2024-08-05T07:09:14.356996+00:00 [running]> on host 6111c72ad3dd
[2024-08-05T07:09:15.749+0000] {taskinstance.py:1592} INFO - Exporting the following env vars:
AIRFLOW_CTX_DAG_OWNER=***
AIRFLOW_CTX_DAG_ID=producer
AIRFLOW_CTX_TASK_ID=update_dataset__1
AIRFLOW_CTX_EXECUTION_DATE=2024-08-05T07:09:14.356996+00:00
AIRFLOW_CTX_TRY_NUMBER=1
AIRFLOW_CTX_DAG_RUN_ID=manual__2024-08-05T07:09:14.356996+00:00
[2024-08-05T07:09:15.758+0000] {python.py:177} INFO - Done. Returned value was: None
[2024-08-05T07:09:15.834+0000] {warnings.py:110} WARNING - /home/***/.local/lib/python3.7/site-packages/***/models/baseoperator.py:1390: RemovedInAirflow3Warning: Passing 'execution_date' to 'TaskInstance.xcom_push()' is deprecated.
  context['ti'].xcom_push(key=key, value=value, execution_date=execution_date)

[2024-08-05T07:09:15.927+0000] {taskinstance.py:1406} INFO - Marking task as SUCCESS. dag_id=producer, task_id=update_dataset__1, execution_date=20240805T070914, start_date=20240805T070915, end_date=20240805T070915
[2024-08-05T07:09:16.056+0000] {local_task_job.py:164} INFO - Task exited with return code 0
[2024-08-05T07:09:16.146+0000] {local_task_job.py:273} INFO - 1 downstream tasks scheduled from follow-on schedule check
