[2024-08-02T06:21:39.084+0000] {taskinstance.py:1165} INFO - Dependencies all met for <TaskInstance: user_processing.create_table manual__2024-08-02T06:21:37.887038+00:00 [queued]>
[2024-08-02T06:21:39.099+0000] {taskinstance.py:1165} INFO - Dependencies all met for <TaskInstance: user_processing.create_table manual__2024-08-02T06:21:37.887038+00:00 [queued]>
[2024-08-02T06:21:39.100+0000] {taskinstance.py:1362} INFO - 
--------------------------------------------------------------------------------
[2024-08-02T06:21:39.101+0000] {taskinstance.py:1363} INFO - Starting attempt 1 of 1
[2024-08-02T06:21:39.101+0000] {taskinstance.py:1364} INFO - 
--------------------------------------------------------------------------------
[2024-08-02T06:21:39.119+0000] {taskinstance.py:1383} INFO - Executing <Task(PostgresOperator): create_table> on 2024-08-02 06:21:37.887038+00:00
[2024-08-02T06:21:39.127+0000] {standard_task_runner.py:55} INFO - Started process 2958 to run task
[2024-08-02T06:21:39.131+0000] {standard_task_runner.py:82} INFO - Running: ['***', 'tasks', 'run', 'user_processing', 'create_table', 'manual__2024-08-02T06:21:37.887038+00:00', '--job-id', '18', '--raw', '--subdir', 'DAGS_FOLDER/user_processing.py', '--cfg-path', '/tmp/tmpsflrsbl4']
[2024-08-02T06:21:39.133+0000] {standard_task_runner.py:83} INFO - Job 18: Subtask create_table
[2024-08-02T06:21:39.197+0000] {task_command.py:376} INFO - Running <TaskInstance: user_processing.create_table manual__2024-08-02T06:21:37.887038+00:00 [running]> on host 18f5bdb82dad
[2024-08-02T06:21:39.301+0000] {taskinstance.py:1592} INFO - Exporting the following env vars:
AIRFLOW_CTX_DAG_OWNER=***
AIRFLOW_CTX_DAG_ID=user_processing
AIRFLOW_CTX_TASK_ID=create_table
AIRFLOW_CTX_EXECUTION_DATE=2024-08-02T06:21:37.887038+00:00
AIRFLOW_CTX_TRY_NUMBER=1
AIRFLOW_CTX_DAG_RUN_ID=manual__2024-08-02T06:21:37.887038+00:00
[2024-08-02T06:21:39.317+0000] {base.py:71} INFO - Using connection ID 'postgres' for task execution.
[2024-08-02T06:21:39.322+0000] {sql.py:315} INFO - Running statement: 
            CREATE TABLE IF NOT EXISTS users(
                firstname TEXT NOT NULL,
                lastname TEXT NOT NULL,
                country TEXT NOT NULL,
                username TEXT NOT NULL,
                password TEXT NOT NULL,
                email TEXT NOT NULL
            );
        , parameters: None
[2024-08-02T06:21:39.325+0000] {postgres.py:96} INFO - NOTICE:  relation "users" already exists, skipping

[2024-08-02T06:21:39.338+0000] {taskinstance.py:1406} INFO - Marking task as SUCCESS. dag_id=user_processing, task_id=create_table, execution_date=20240802T062137, start_date=20240802T062139, end_date=20240802T062139
[2024-08-02T06:21:39.385+0000] {local_task_job.py:164} INFO - Task exited with return code 0
[2024-08-02T06:21:39.424+0000] {local_task_job.py:273} INFO - 1 downstream tasks scheduled from follow-on schedule check
