[2024-09-02T13:30:55.653+0000] {processor.py:154} INFO - Started process (PID=70) to work on /opt/airflow/dags/consumer.py
[2024-09-02T13:30:55.656+0000] {processor.py:756} INFO - Processing file /opt/airflow/dags/consumer.py for tasks to queue
[2024-09-02T13:30:55.659+0000] {logging_mixin.py:120} INFO - [2024-09-02T13:30:55.659+0000] {dagbag.py:537} INFO - Filling up the DagBag from /opt/airflow/dags/consumer.py
[2024-09-02T13:30:55.734+0000] {processor.py:766} INFO - DAG(s) dict_keys(['consumer']) retrieved from /opt/airflow/dags/consumer.py
[2024-09-02T13:30:56.064+0000] {logging_mixin.py:120} INFO - [2024-09-02T13:30:56.063+0000] {manager.py:507} INFO - Created Permission View: can read on DAG:consumer
[2024-09-02T13:30:56.103+0000] {logging_mixin.py:120} INFO - [2024-09-02T13:30:56.102+0000] {manager.py:507} INFO - Created Permission View: can delete on DAG:consumer
[2024-09-02T13:30:56.134+0000] {logging_mixin.py:120} INFO - [2024-09-02T13:30:56.133+0000] {manager.py:507} INFO - Created Permission View: can edit on DAG:consumer
[2024-09-02T13:30:56.136+0000] {logging_mixin.py:120} INFO - [2024-09-02T13:30:56.136+0000] {dag.py:2585} INFO - Sync 1 DAGs
[2024-09-02T13:30:56.184+0000] {logging_mixin.py:120} INFO - [2024-09-02T13:30:56.183+0000] {dag.py:2606} INFO - Creating ORM DAG for consumer
[2024-09-02T13:30:56.212+0000] {logging_mixin.py:120} INFO - [2024-09-02T13:30:56.211+0000] {dag.py:3340} INFO - Setting next_dagrun for consumer to None, run_after=None
[2024-09-02T13:30:56.292+0000] {processor.py:176} INFO - Processing /opt/airflow/dags/consumer.py took 0.645 seconds
[2024-09-02T13:31:26.554+0000] {processor.py:154} INFO - Started process (PID=92) to work on /opt/airflow/dags/consumer.py
[2024-09-02T13:31:26.567+0000] {processor.py:756} INFO - Processing file /opt/airflow/dags/consumer.py for tasks to queue
[2024-09-02T13:31:26.572+0000] {logging_mixin.py:120} INFO - [2024-09-02T13:31:26.572+0000] {dagbag.py:537} INFO - Filling up the DagBag from /opt/airflow/dags/consumer.py
[2024-09-02T13:31:26.660+0000] {processor.py:766} INFO - DAG(s) dict_keys(['consumer']) retrieved from /opt/airflow/dags/consumer.py
[2024-09-02T13:31:26.752+0000] {logging_mixin.py:120} INFO - [2024-09-02T13:31:26.752+0000] {dag.py:2585} INFO - Sync 1 DAGs
[2024-09-02T13:31:26.814+0000] {logging_mixin.py:120} INFO - [2024-09-02T13:31:26.813+0000] {dag.py:3340} INFO - Setting next_dagrun for consumer to None, run_after=None
[2024-09-02T13:31:26.885+0000] {processor.py:176} INFO - Processing /opt/airflow/dags/consumer.py took 0.338 seconds
[2024-09-02T13:31:57.624+0000] {processor.py:154} INFO - Started process (PID=115) to work on /opt/airflow/dags/consumer.py
[2024-09-02T13:31:57.627+0000] {processor.py:756} INFO - Processing file /opt/airflow/dags/consumer.py for tasks to queue
[2024-09-02T13:31:57.630+0000] {logging_mixin.py:120} INFO - [2024-09-02T13:31:57.630+0000] {dagbag.py:537} INFO - Filling up the DagBag from /opt/airflow/dags/consumer.py
[2024-09-02T13:31:57.750+0000] {processor.py:766} INFO - DAG(s) dict_keys(['consumer']) retrieved from /opt/airflow/dags/consumer.py
[2024-09-02T13:31:57.881+0000] {logging_mixin.py:120} INFO - [2024-09-02T13:31:57.881+0000] {dag.py:2585} INFO - Sync 1 DAGs
[2024-09-02T13:31:57.957+0000] {logging_mixin.py:120} INFO - [2024-09-02T13:31:57.956+0000] {dag.py:3340} INFO - Setting next_dagrun for consumer to None, run_after=None
[2024-09-02T13:31:58.039+0000] {processor.py:176} INFO - Processing /opt/airflow/dags/consumer.py took 0.421 seconds
[2024-09-02T13:32:29.155+0000] {processor.py:154} INFO - Started process (PID=138) to work on /opt/airflow/dags/consumer.py
[2024-09-02T13:32:29.158+0000] {processor.py:756} INFO - Processing file /opt/airflow/dags/consumer.py for tasks to queue
[2024-09-02T13:32:29.160+0000] {logging_mixin.py:120} INFO - [2024-09-02T13:32:29.159+0000] {dagbag.py:537} INFO - Filling up the DagBag from /opt/airflow/dags/consumer.py
[2024-09-02T13:32:29.905+0000] {processor.py:766} INFO - DAG(s) dict_keys(['consumer']) retrieved from /opt/airflow/dags/consumer.py
[2024-09-02T13:32:30.040+0000] {logging_mixin.py:120} INFO - [2024-09-02T13:32:30.040+0000] {dag.py:2585} INFO - Sync 1 DAGs
[2024-09-02T13:32:30.151+0000] {logging_mixin.py:120} INFO - [2024-09-02T13:32:30.150+0000] {dag.py:3340} INFO - Setting next_dagrun for consumer to None, run_after=None
[2024-09-02T13:32:30.370+0000] {processor.py:176} INFO - Processing /opt/airflow/dags/consumer.py took 1.223 seconds
[2024-09-02T13:33:00.596+0000] {processor.py:154} INFO - Started process (PID=170) to work on /opt/airflow/dags/consumer.py
[2024-09-02T13:33:00.600+0000] {processor.py:756} INFO - Processing file /opt/airflow/dags/consumer.py for tasks to queue
[2024-09-02T13:33:00.605+0000] {logging_mixin.py:120} INFO - [2024-09-02T13:33:00.604+0000] {dagbag.py:537} INFO - Filling up the DagBag from /opt/airflow/dags/consumer.py
[2024-09-02T13:33:00.681+0000] {processor.py:766} INFO - DAG(s) dict_keys(['consumer']) retrieved from /opt/airflow/dags/consumer.py
[2024-09-02T13:33:00.776+0000] {logging_mixin.py:120} INFO - [2024-09-02T13:33:00.776+0000] {dag.py:2585} INFO - Sync 1 DAGs
[2024-09-02T13:33:00.850+0000] {logging_mixin.py:120} INFO - [2024-09-02T13:33:00.850+0000] {dag.py:3340} INFO - Setting next_dagrun for consumer to None, run_after=None
[2024-09-02T13:33:00.926+0000] {processor.py:176} INFO - Processing /opt/airflow/dags/consumer.py took 0.336 seconds
[2024-09-02T13:33:33.652+0000] {processor.py:154} INFO - Started process (PID=193) to work on /opt/airflow/dags/consumer.py
[2024-09-02T13:33:33.653+0000] {processor.py:756} INFO - Processing file /opt/airflow/dags/consumer.py for tasks to queue
[2024-09-02T13:33:33.654+0000] {logging_mixin.py:120} INFO - [2024-09-02T13:33:33.654+0000] {dagbag.py:537} INFO - Filling up the DagBag from /opt/airflow/dags/consumer.py
[2024-09-02T13:33:33.684+0000] {processor.py:766} INFO - DAG(s) dict_keys(['consumer']) retrieved from /opt/airflow/dags/consumer.py
[2024-09-02T13:33:33.733+0000] {logging_mixin.py:120} INFO - [2024-09-02T13:33:33.733+0000] {dag.py:2585} INFO - Sync 1 DAGs
[2024-09-02T13:33:33.763+0000] {logging_mixin.py:120} INFO - [2024-09-02T13:33:33.763+0000] {dag.py:3340} INFO - Setting next_dagrun for consumer to None, run_after=None
[2024-09-02T13:33:33.807+0000] {processor.py:176} INFO - Processing /opt/airflow/dags/consumer.py took 0.159 seconds
[2024-09-02T13:34:06.867+0000] {processor.py:154} INFO - Started process (PID=225) to work on /opt/airflow/dags/consumer.py
[2024-09-02T13:34:06.868+0000] {processor.py:756} INFO - Processing file /opt/airflow/dags/consumer.py for tasks to queue
[2024-09-02T13:34:06.869+0000] {logging_mixin.py:120} INFO - [2024-09-02T13:34:06.869+0000] {dagbag.py:537} INFO - Filling up the DagBag from /opt/airflow/dags/consumer.py
[2024-09-02T13:34:06.919+0000] {processor.py:766} INFO - DAG(s) dict_keys(['consumer']) retrieved from /opt/airflow/dags/consumer.py
[2024-09-02T13:34:06.983+0000] {logging_mixin.py:120} INFO - [2024-09-02T13:34:06.983+0000] {dag.py:2585} INFO - Sync 1 DAGs
[2024-09-02T13:34:07.024+0000] {logging_mixin.py:120} INFO - [2024-09-02T13:34:07.024+0000] {dag.py:3340} INFO - Setting next_dagrun for consumer to None, run_after=None
[2024-09-02T13:34:07.064+0000] {processor.py:176} INFO - Processing /opt/airflow/dags/consumer.py took 0.200 seconds
[2024-09-02T13:34:41.505+0000] {processor.py:154} INFO - Started process (PID=257) to work on /opt/airflow/dags/consumer.py
[2024-09-02T13:34:41.507+0000] {processor.py:756} INFO - Processing file /opt/airflow/dags/consumer.py for tasks to queue
[2024-09-02T13:34:41.508+0000] {logging_mixin.py:120} INFO - [2024-09-02T13:34:41.508+0000] {dagbag.py:537} INFO - Filling up the DagBag from /opt/airflow/dags/consumer.py
[2024-09-02T13:34:41.659+0000] {processor.py:766} INFO - DAG(s) dict_keys(['consumer']) retrieved from /opt/airflow/dags/consumer.py
[2024-09-02T13:34:42.069+0000] {logging_mixin.py:120} INFO - [2024-09-02T13:34:42.069+0000] {dag.py:2585} INFO - Sync 1 DAGs
[2024-09-02T13:34:42.221+0000] {logging_mixin.py:120} INFO - [2024-09-02T13:34:42.221+0000] {dag.py:3340} INFO - Setting next_dagrun for consumer to None, run_after=None
[2024-09-02T13:34:42.385+0000] {processor.py:176} INFO - Processing /opt/airflow/dags/consumer.py took 0.885 seconds
[2024-09-02T13:35:13.542+0000] {processor.py:154} INFO - Started process (PID=279) to work on /opt/airflow/dags/consumer.py
[2024-09-02T13:35:13.543+0000] {processor.py:756} INFO - Processing file /opt/airflow/dags/consumer.py for tasks to queue
[2024-09-02T13:35:13.544+0000] {logging_mixin.py:120} INFO - [2024-09-02T13:35:13.544+0000] {dagbag.py:537} INFO - Filling up the DagBag from /opt/airflow/dags/consumer.py
[2024-09-02T13:35:13.577+0000] {processor.py:766} INFO - DAG(s) dict_keys(['consumer']) retrieved from /opt/airflow/dags/consumer.py
[2024-09-02T13:35:13.620+0000] {logging_mixin.py:120} INFO - [2024-09-02T13:35:13.620+0000] {dag.py:2585} INFO - Sync 1 DAGs
[2024-09-02T13:35:13.652+0000] {logging_mixin.py:120} INFO - [2024-09-02T13:35:13.651+0000] {dag.py:3340} INFO - Setting next_dagrun for consumer to None, run_after=None
[2024-09-02T13:35:13.709+0000] {processor.py:176} INFO - Processing /opt/airflow/dags/consumer.py took 0.170 seconds
[2024-09-02T13:35:49.556+0000] {processor.py:154} INFO - Started process (PID=313) to work on /opt/airflow/dags/consumer.py
[2024-09-02T13:35:49.563+0000] {processor.py:756} INFO - Processing file /opt/airflow/dags/consumer.py for tasks to queue
[2024-09-02T13:35:49.564+0000] {logging_mixin.py:120} INFO - [2024-09-02T13:35:49.564+0000] {dagbag.py:537} INFO - Filling up the DagBag from /opt/airflow/dags/consumer.py
[2024-09-02T13:35:49.610+0000] {processor.py:766} INFO - DAG(s) dict_keys(['consumer']) retrieved from /opt/airflow/dags/consumer.py
[2024-09-02T13:35:49.661+0000] {logging_mixin.py:120} INFO - [2024-09-02T13:35:49.661+0000] {dag.py:2585} INFO - Sync 1 DAGs
[2024-09-02T13:35:49.698+0000] {logging_mixin.py:120} INFO - [2024-09-02T13:35:49.698+0000] {dag.py:3340} INFO - Setting next_dagrun for consumer to None, run_after=None
[2024-09-02T13:35:49.852+0000] {processor.py:176} INFO - Processing /opt/airflow/dags/consumer.py took 0.300 seconds
[2024-09-02T13:36:21.948+0000] {processor.py:154} INFO - Started process (PID=345) to work on /opt/airflow/dags/consumer.py
[2024-09-02T13:36:21.950+0000] {processor.py:756} INFO - Processing file /opt/airflow/dags/consumer.py for tasks to queue
[2024-09-02T13:36:22.274+0000] {logging_mixin.py:120} INFO - [2024-09-02T13:36:22.273+0000] {dagbag.py:537} INFO - Filling up the DagBag from /opt/airflow/dags/consumer.py
[2024-09-02T13:36:24.657+0000] {processor.py:766} INFO - DAG(s) dict_keys(['consumer']) retrieved from /opt/airflow/dags/consumer.py
[2024-09-02T13:36:24.858+0000] {logging_mixin.py:120} INFO - [2024-09-02T13:36:24.858+0000] {dag.py:2585} INFO - Sync 1 DAGs
[2024-09-02T13:36:25.026+0000] {logging_mixin.py:120} INFO - [2024-09-02T13:36:25.026+0000] {dag.py:3340} INFO - Setting next_dagrun for consumer to None, run_after=None
[2024-09-02T13:36:25.259+0000] {processor.py:176} INFO - Processing /opt/airflow/dags/consumer.py took 3.316 seconds
[2024-09-02T13:36:55.770+0000] {processor.py:154} INFO - Started process (PID=369) to work on /opt/airflow/dags/consumer.py
[2024-09-02T13:36:55.779+0000] {processor.py:756} INFO - Processing file /opt/airflow/dags/consumer.py for tasks to queue
[2024-09-02T13:36:55.780+0000] {logging_mixin.py:120} INFO - [2024-09-02T13:36:55.780+0000] {dagbag.py:537} INFO - Filling up the DagBag from /opt/airflow/dags/consumer.py
[2024-09-02T13:36:56.084+0000] {processor.py:766} INFO - DAG(s) dict_keys(['consumer']) retrieved from /opt/airflow/dags/consumer.py
[2024-09-02T13:36:56.234+0000] {logging_mixin.py:120} INFO - [2024-09-02T13:36:56.234+0000] {dag.py:2585} INFO - Sync 1 DAGs
[2024-09-02T13:36:56.370+0000] {logging_mixin.py:120} INFO - [2024-09-02T13:36:56.370+0000] {dag.py:3340} INFO - Setting next_dagrun for consumer to None, run_after=None
[2024-09-02T13:36:56.558+0000] {processor.py:176} INFO - Processing /opt/airflow/dags/consumer.py took 0.792 seconds
[2024-09-02T13:37:26.846+0000] {processor.py:154} INFO - Started process (PID=402) to work on /opt/airflow/dags/consumer.py
[2024-09-02T13:37:26.847+0000] {processor.py:756} INFO - Processing file /opt/airflow/dags/consumer.py for tasks to queue
[2024-09-02T13:37:26.849+0000] {logging_mixin.py:120} INFO - [2024-09-02T13:37:26.848+0000] {dagbag.py:537} INFO - Filling up the DagBag from /opt/airflow/dags/consumer.py
[2024-09-02T13:37:27.023+0000] {processor.py:766} INFO - DAG(s) dict_keys(['consumer']) retrieved from /opt/airflow/dags/consumer.py
[2024-09-02T13:37:27.194+0000] {logging_mixin.py:120} INFO - [2024-09-02T13:37:27.194+0000] {dag.py:2585} INFO - Sync 1 DAGs
[2024-09-02T13:37:27.353+0000] {logging_mixin.py:120} INFO - [2024-09-02T13:37:27.353+0000] {dag.py:3340} INFO - Setting next_dagrun for consumer to None, run_after=None
[2024-09-02T13:37:27.446+0000] {processor.py:176} INFO - Processing /opt/airflow/dags/consumer.py took 0.605 seconds
[2024-09-02T13:37:58.332+0000] {processor.py:154} INFO - Started process (PID=434) to work on /opt/airflow/dags/consumer.py
[2024-09-02T13:37:58.431+0000] {processor.py:756} INFO - Processing file /opt/airflow/dags/consumer.py for tasks to queue
[2024-09-02T13:37:58.433+0000] {logging_mixin.py:120} INFO - [2024-09-02T13:37:58.433+0000] {dagbag.py:537} INFO - Filling up the DagBag from /opt/airflow/dags/consumer.py
[2024-09-02T13:37:58.520+0000] {processor.py:766} INFO - DAG(s) dict_keys(['consumer']) retrieved from /opt/airflow/dags/consumer.py
[2024-09-02T13:37:58.684+0000] {logging_mixin.py:120} INFO - [2024-09-02T13:37:58.684+0000] {dag.py:2585} INFO - Sync 1 DAGs
[2024-09-02T13:37:58.851+0000] {logging_mixin.py:120} INFO - [2024-09-02T13:37:58.851+0000] {dag.py:3340} INFO - Setting next_dagrun for consumer to None, run_after=None
[2024-09-02T13:37:59.042+0000] {processor.py:176} INFO - Processing /opt/airflow/dags/consumer.py took 0.714 seconds
[2024-09-02T13:38:29.619+0000] {processor.py:154} INFO - Started process (PID=457) to work on /opt/airflow/dags/consumer.py
[2024-09-02T13:38:29.620+0000] {processor.py:756} INFO - Processing file /opt/airflow/dags/consumer.py for tasks to queue
[2024-09-02T13:38:29.631+0000] {logging_mixin.py:120} INFO - [2024-09-02T13:38:29.630+0000] {dagbag.py:537} INFO - Filling up the DagBag from /opt/airflow/dags/consumer.py
[2024-09-02T13:38:29.672+0000] {processor.py:766} INFO - DAG(s) dict_keys(['consumer']) retrieved from /opt/airflow/dags/consumer.py
[2024-09-02T13:38:29.782+0000] {logging_mixin.py:120} INFO - [2024-09-02T13:38:29.782+0000] {dag.py:2585} INFO - Sync 1 DAGs
[2024-09-02T13:38:29.868+0000] {logging_mixin.py:120} INFO - [2024-09-02T13:38:29.868+0000] {dag.py:3340} INFO - Setting next_dagrun for consumer to None, run_after=None
[2024-09-02T13:38:29.918+0000] {processor.py:176} INFO - Processing /opt/airflow/dags/consumer.py took 0.304 seconds
[2024-09-02T13:39:01.252+0000] {processor.py:154} INFO - Started process (PID=489) to work on /opt/airflow/dags/consumer.py
[2024-09-02T13:39:01.253+0000] {processor.py:756} INFO - Processing file /opt/airflow/dags/consumer.py for tasks to queue
[2024-09-02T13:39:01.253+0000] {logging_mixin.py:120} INFO - [2024-09-02T13:39:01.253+0000] {dagbag.py:537} INFO - Filling up the DagBag from /opt/airflow/dags/consumer.py
[2024-09-02T13:39:01.273+0000] {processor.py:766} INFO - DAG(s) dict_keys(['consumer']) retrieved from /opt/airflow/dags/consumer.py
[2024-09-02T13:39:01.305+0000] {logging_mixin.py:120} INFO - [2024-09-02T13:39:01.305+0000] {dag.py:2585} INFO - Sync 1 DAGs
[2024-09-02T13:39:01.321+0000] {logging_mixin.py:120} INFO - [2024-09-02T13:39:01.321+0000] {dag.py:3340} INFO - Setting next_dagrun for consumer to None, run_after=None
[2024-09-02T13:39:01.348+0000] {processor.py:176} INFO - Processing /opt/airflow/dags/consumer.py took 0.098 seconds
[2024-09-02T13:39:32.225+0000] {processor.py:154} INFO - Started process (PID=522) to work on /opt/airflow/dags/consumer.py
[2024-09-02T13:39:32.253+0000] {processor.py:756} INFO - Processing file /opt/airflow/dags/consumer.py for tasks to queue
[2024-09-02T13:39:32.297+0000] {logging_mixin.py:120} INFO - [2024-09-02T13:39:32.297+0000] {dagbag.py:537} INFO - Filling up the DagBag from /opt/airflow/dags/consumer.py
[2024-09-02T13:39:32.690+0000] {processor.py:766} INFO - DAG(s) dict_keys(['consumer']) retrieved from /opt/airflow/dags/consumer.py
[2024-09-02T13:39:32.740+0000] {logging_mixin.py:120} INFO - [2024-09-02T13:39:32.739+0000] {dag.py:2585} INFO - Sync 1 DAGs
[2024-09-02T13:39:32.770+0000] {logging_mixin.py:120} INFO - [2024-09-02T13:39:32.770+0000] {dag.py:3340} INFO - Setting next_dagrun for consumer to None, run_after=None
[2024-09-02T13:39:32.822+0000] {processor.py:176} INFO - Processing /opt/airflow/dags/consumer.py took 0.601 seconds
[2024-09-02T13:40:03.012+0000] {processor.py:154} INFO - Started process (PID=554) to work on /opt/airflow/dags/consumer.py
[2024-09-02T13:40:03.013+0000] {processor.py:756} INFO - Processing file /opt/airflow/dags/consumer.py for tasks to queue
[2024-09-02T13:40:03.014+0000] {logging_mixin.py:120} INFO - [2024-09-02T13:40:03.014+0000] {dagbag.py:537} INFO - Filling up the DagBag from /opt/airflow/dags/consumer.py
[2024-09-02T13:40:03.045+0000] {processor.py:766} INFO - DAG(s) dict_keys(['consumer']) retrieved from /opt/airflow/dags/consumer.py
[2024-09-02T13:40:03.075+0000] {logging_mixin.py:120} INFO - [2024-09-02T13:40:03.075+0000] {dag.py:2585} INFO - Sync 1 DAGs
[2024-09-02T13:40:03.094+0000] {logging_mixin.py:120} INFO - [2024-09-02T13:40:03.093+0000] {dag.py:3340} INFO - Setting next_dagrun for consumer to None, run_after=None
[2024-09-02T13:40:03.116+0000] {processor.py:176} INFO - Processing /opt/airflow/dags/consumer.py took 0.107 seconds
[2024-09-02T13:40:33.782+0000] {processor.py:154} INFO - Started process (PID=577) to work on /opt/airflow/dags/consumer.py
[2024-09-02T13:40:33.783+0000] {processor.py:756} INFO - Processing file /opt/airflow/dags/consumer.py for tasks to queue
[2024-09-02T13:40:33.784+0000] {logging_mixin.py:120} INFO - [2024-09-02T13:40:33.784+0000] {dagbag.py:537} INFO - Filling up the DagBag from /opt/airflow/dags/consumer.py
[2024-09-02T13:40:33.814+0000] {processor.py:766} INFO - DAG(s) dict_keys(['consumer']) retrieved from /opt/airflow/dags/consumer.py
[2024-09-02T13:40:33.854+0000] {logging_mixin.py:120} INFO - [2024-09-02T13:40:33.854+0000] {dag.py:2585} INFO - Sync 1 DAGs
[2024-09-02T13:40:33.878+0000] {logging_mixin.py:120} INFO - [2024-09-02T13:40:33.878+0000] {dag.py:3340} INFO - Setting next_dagrun for consumer to None, run_after=None
[2024-09-02T13:40:33.908+0000] {processor.py:176} INFO - Processing /opt/airflow/dags/consumer.py took 0.131 seconds
[2024-09-02T13:41:04.499+0000] {processor.py:154} INFO - Started process (PID=609) to work on /opt/airflow/dags/consumer.py
[2024-09-02T13:41:04.613+0000] {processor.py:756} INFO - Processing file /opt/airflow/dags/consumer.py for tasks to queue
[2024-09-02T13:41:04.718+0000] {logging_mixin.py:120} INFO - [2024-09-02T13:41:04.718+0000] {dagbag.py:537} INFO - Filling up the DagBag from /opt/airflow/dags/consumer.py
[2024-09-02T13:41:05.590+0000] {processor.py:766} INFO - DAG(s) dict_keys(['consumer']) retrieved from /opt/airflow/dags/consumer.py
[2024-09-02T13:41:05.714+0000] {logging_mixin.py:120} INFO - [2024-09-02T13:41:05.714+0000] {dag.py:2585} INFO - Sync 1 DAGs
[2024-09-02T13:41:05.924+0000] {logging_mixin.py:120} INFO - [2024-09-02T13:41:05.924+0000] {dag.py:3340} INFO - Setting next_dagrun for consumer to None, run_after=None
[2024-09-02T13:41:06.229+0000] {processor.py:176} INFO - Processing /opt/airflow/dags/consumer.py took 1.732 seconds
[2024-09-02T13:41:37.788+0000] {processor.py:154} INFO - Started process (PID=641) to work on /opt/airflow/dags/consumer.py
[2024-09-02T13:41:37.790+0000] {processor.py:756} INFO - Processing file /opt/airflow/dags/consumer.py for tasks to queue
[2024-09-02T13:41:37.790+0000] {logging_mixin.py:120} INFO - [2024-09-02T13:41:37.790+0000] {dagbag.py:537} INFO - Filling up the DagBag from /opt/airflow/dags/consumer.py
[2024-09-02T13:41:37.866+0000] {processor.py:766} INFO - DAG(s) dict_keys(['consumer']) retrieved from /opt/airflow/dags/consumer.py
[2024-09-02T13:41:37.915+0000] {logging_mixin.py:120} INFO - [2024-09-02T13:41:37.915+0000] {dag.py:2585} INFO - Sync 1 DAGs
[2024-09-02T13:41:37.938+0000] {logging_mixin.py:120} INFO - [2024-09-02T13:41:37.938+0000] {dag.py:3340} INFO - Setting next_dagrun for consumer to None, run_after=None
[2024-09-02T13:41:37.967+0000] {processor.py:176} INFO - Processing /opt/airflow/dags/consumer.py took 0.181 seconds
[2024-09-02T13:42:08.148+0000] {processor.py:154} INFO - Started process (PID=673) to work on /opt/airflow/dags/consumer.py
[2024-09-02T13:42:08.151+0000] {processor.py:756} INFO - Processing file /opt/airflow/dags/consumer.py for tasks to queue
[2024-09-02T13:42:08.158+0000] {logging_mixin.py:120} INFO - [2024-09-02T13:42:08.158+0000] {dagbag.py:537} INFO - Filling up the DagBag from /opt/airflow/dags/consumer.py
[2024-09-02T13:42:08.196+0000] {processor.py:766} INFO - DAG(s) dict_keys(['consumer']) retrieved from /opt/airflow/dags/consumer.py
[2024-09-02T13:42:08.242+0000] {logging_mixin.py:120} INFO - [2024-09-02T13:42:08.242+0000] {dag.py:2585} INFO - Sync 1 DAGs
[2024-09-02T13:42:08.288+0000] {logging_mixin.py:120} INFO - [2024-09-02T13:42:08.288+0000] {dag.py:3340} INFO - Setting next_dagrun for consumer to None, run_after=None
[2024-09-02T13:42:08.316+0000] {processor.py:176} INFO - Processing /opt/airflow/dags/consumer.py took 0.172 seconds
[2024-09-02T13:42:39.033+0000] {processor.py:154} INFO - Started process (PID=695) to work on /opt/airflow/dags/consumer.py
[2024-09-02T13:42:39.034+0000] {processor.py:756} INFO - Processing file /opt/airflow/dags/consumer.py for tasks to queue
[2024-09-02T13:42:39.035+0000] {logging_mixin.py:120} INFO - [2024-09-02T13:42:39.035+0000] {dagbag.py:537} INFO - Filling up the DagBag from /opt/airflow/dags/consumer.py
[2024-09-02T13:42:39.059+0000] {processor.py:766} INFO - DAG(s) dict_keys(['consumer']) retrieved from /opt/airflow/dags/consumer.py
[2024-09-02T13:42:39.089+0000] {logging_mixin.py:120} INFO - [2024-09-02T13:42:39.089+0000] {dag.py:2585} INFO - Sync 1 DAGs
[2024-09-02T13:42:39.117+0000] {logging_mixin.py:120} INFO - [2024-09-02T13:42:39.117+0000] {dag.py:3340} INFO - Setting next_dagrun for consumer to None, run_after=None
[2024-09-02T13:42:39.148+0000] {processor.py:176} INFO - Processing /opt/airflow/dags/consumer.py took 0.117 seconds
[2024-09-02T13:43:09.484+0000] {processor.py:154} INFO - Started process (PID=727) to work on /opt/airflow/dags/consumer.py
[2024-09-02T13:43:09.485+0000] {processor.py:756} INFO - Processing file /opt/airflow/dags/consumer.py for tasks to queue
[2024-09-02T13:43:09.486+0000] {logging_mixin.py:120} INFO - [2024-09-02T13:43:09.486+0000] {dagbag.py:537} INFO - Filling up the DagBag from /opt/airflow/dags/consumer.py
[2024-09-02T13:43:09.513+0000] {processor.py:766} INFO - DAG(s) dict_keys(['consumer']) retrieved from /opt/airflow/dags/consumer.py
[2024-09-02T13:43:09.552+0000] {logging_mixin.py:120} INFO - [2024-09-02T13:43:09.552+0000] {dag.py:2585} INFO - Sync 1 DAGs
[2024-09-02T13:43:09.576+0000] {logging_mixin.py:120} INFO - [2024-09-02T13:43:09.576+0000] {dag.py:3340} INFO - Setting next_dagrun for consumer to None, run_after=None
[2024-09-02T13:43:09.602+0000] {processor.py:176} INFO - Processing /opt/airflow/dags/consumer.py took 0.123 seconds
[2024-09-02T13:43:40.868+0000] {processor.py:154} INFO - Started process (PID=759) to work on /opt/airflow/dags/consumer.py
[2024-09-02T13:43:40.898+0000] {processor.py:756} INFO - Processing file /opt/airflow/dags/consumer.py for tasks to queue
[2024-09-02T13:43:40.969+0000] {logging_mixin.py:120} INFO - [2024-09-02T13:43:40.969+0000] {dagbag.py:537} INFO - Filling up the DagBag from /opt/airflow/dags/consumer.py
[2024-09-02T13:43:41.329+0000] {processor.py:766} INFO - DAG(s) dict_keys(['consumer']) retrieved from /opt/airflow/dags/consumer.py
[2024-09-02T13:43:41.445+0000] {logging_mixin.py:120} INFO - [2024-09-02T13:43:41.445+0000] {dag.py:2585} INFO - Sync 1 DAGs
[2024-09-02T13:43:41.489+0000] {logging_mixin.py:120} INFO - [2024-09-02T13:43:41.488+0000] {dag.py:3340} INFO - Setting next_dagrun for consumer to None, run_after=None
[2024-09-02T13:43:41.609+0000] {processor.py:176} INFO - Processing /opt/airflow/dags/consumer.py took 0.744 seconds
[2024-09-02T13:44:11.927+0000] {processor.py:154} INFO - Started process (PID=782) to work on /opt/airflow/dags/consumer.py
[2024-09-02T13:44:11.934+0000] {processor.py:756} INFO - Processing file /opt/airflow/dags/consumer.py for tasks to queue
[2024-09-02T13:44:11.935+0000] {logging_mixin.py:120} INFO - [2024-09-02T13:44:11.935+0000] {dagbag.py:537} INFO - Filling up the DagBag from /opt/airflow/dags/consumer.py
[2024-09-02T13:44:12.015+0000] {processor.py:766} INFO - DAG(s) dict_keys(['consumer']) retrieved from /opt/airflow/dags/consumer.py
[2024-09-02T13:44:12.058+0000] {logging_mixin.py:120} INFO - [2024-09-02T13:44:12.058+0000] {dag.py:2585} INFO - Sync 1 DAGs
[2024-09-02T13:44:12.090+0000] {logging_mixin.py:120} INFO - [2024-09-02T13:44:12.089+0000] {dag.py:3340} INFO - Setting next_dagrun for consumer to None, run_after=None
[2024-09-02T13:44:12.129+0000] {processor.py:176} INFO - Processing /opt/airflow/dags/consumer.py took 0.204 seconds
[2024-09-02T13:44:42.397+0000] {processor.py:154} INFO - Started process (PID=814) to work on /opt/airflow/dags/consumer.py
[2024-09-02T13:44:42.400+0000] {processor.py:756} INFO - Processing file /opt/airflow/dags/consumer.py for tasks to queue
[2024-09-02T13:44:42.402+0000] {logging_mixin.py:120} INFO - [2024-09-02T13:44:42.401+0000] {dagbag.py:537} INFO - Filling up the DagBag from /opt/airflow/dags/consumer.py
[2024-09-02T13:44:42.456+0000] {processor.py:766} INFO - DAG(s) dict_keys(['consumer']) retrieved from /opt/airflow/dags/consumer.py
[2024-09-02T13:44:42.523+0000] {logging_mixin.py:120} INFO - [2024-09-02T13:44:42.523+0000] {dag.py:2585} INFO - Sync 1 DAGs
[2024-09-02T13:44:42.566+0000] {logging_mixin.py:120} INFO - [2024-09-02T13:44:42.566+0000] {dag.py:3340} INFO - Setting next_dagrun for consumer to None, run_after=None
[2024-09-02T13:44:42.650+0000] {processor.py:176} INFO - Processing /opt/airflow/dags/consumer.py took 0.258 seconds
[2024-09-02T13:45:13.072+0000] {processor.py:154} INFO - Started process (PID=844) to work on /opt/airflow/dags/consumer.py
[2024-09-02T13:45:13.078+0000] {processor.py:756} INFO - Processing file /opt/airflow/dags/consumer.py for tasks to queue
[2024-09-02T13:45:13.086+0000] {logging_mixin.py:120} INFO - [2024-09-02T13:45:13.086+0000] {dagbag.py:537} INFO - Filling up the DagBag from /opt/airflow/dags/consumer.py
[2024-09-02T13:45:13.256+0000] {processor.py:766} INFO - DAG(s) dict_keys(['consumer']) retrieved from /opt/airflow/dags/consumer.py
[2024-09-02T13:45:13.414+0000] {logging_mixin.py:120} INFO - [2024-09-02T13:45:13.414+0000] {dag.py:2585} INFO - Sync 1 DAGs
[2024-09-02T13:45:13.522+0000] {logging_mixin.py:120} INFO - [2024-09-02T13:45:13.521+0000] {dag.py:3340} INFO - Setting next_dagrun for consumer to None, run_after=None
[2024-09-02T13:45:13.622+0000] {processor.py:176} INFO - Processing /opt/airflow/dags/consumer.py took 0.562 seconds
[2024-09-02T13:45:43.742+0000] {processor.py:154} INFO - Started process (PID=869) to work on /opt/airflow/dags/consumer.py
[2024-09-02T13:45:43.744+0000] {processor.py:756} INFO - Processing file /opt/airflow/dags/consumer.py for tasks to queue
[2024-09-02T13:45:43.748+0000] {logging_mixin.py:120} INFO - [2024-09-02T13:45:43.747+0000] {dagbag.py:537} INFO - Filling up the DagBag from /opt/airflow/dags/consumer.py
[2024-09-02T13:45:43.847+0000] {processor.py:766} INFO - DAG(s) dict_keys(['consumer']) retrieved from /opt/airflow/dags/consumer.py
[2024-09-02T13:45:43.956+0000] {logging_mixin.py:120} INFO - [2024-09-02T13:45:43.956+0000] {dag.py:2585} INFO - Sync 1 DAGs
[2024-09-02T13:45:44.016+0000] {logging_mixin.py:120} INFO - [2024-09-02T13:45:44.016+0000] {dag.py:3340} INFO - Setting next_dagrun for consumer to None, run_after=None
[2024-09-02T13:45:44.089+0000] {processor.py:176} INFO - Processing /opt/airflow/dags/consumer.py took 0.355 seconds
[2024-09-02T13:46:14.991+0000] {processor.py:154} INFO - Started process (PID=892) to work on /opt/airflow/dags/consumer.py
[2024-09-02T13:46:14.992+0000] {processor.py:756} INFO - Processing file /opt/airflow/dags/consumer.py for tasks to queue
[2024-09-02T13:46:14.994+0000] {logging_mixin.py:120} INFO - [2024-09-02T13:46:14.994+0000] {dagbag.py:537} INFO - Filling up the DagBag from /opt/airflow/dags/consumer.py
[2024-09-02T13:46:15.057+0000] {processor.py:766} INFO - DAG(s) dict_keys(['consumer']) retrieved from /opt/airflow/dags/consumer.py
[2024-09-02T13:46:15.135+0000] {logging_mixin.py:120} INFO - [2024-09-02T13:46:15.134+0000] {dag.py:2585} INFO - Sync 1 DAGs
[2024-09-02T13:46:15.183+0000] {logging_mixin.py:120} INFO - [2024-09-02T13:46:15.183+0000] {dag.py:3340} INFO - Setting next_dagrun for consumer to None, run_after=None
[2024-09-02T13:46:15.238+0000] {processor.py:176} INFO - Processing /opt/airflow/dags/consumer.py took 0.253 seconds
[2024-09-02T13:46:45.312+0000] {processor.py:154} INFO - Started process (PID=924) to work on /opt/airflow/dags/consumer.py
[2024-09-02T13:46:45.315+0000] {processor.py:756} INFO - Processing file /opt/airflow/dags/consumer.py for tasks to queue
[2024-09-02T13:46:45.317+0000] {logging_mixin.py:120} INFO - [2024-09-02T13:46:45.317+0000] {dagbag.py:537} INFO - Filling up the DagBag from /opt/airflow/dags/consumer.py
[2024-09-02T13:46:45.383+0000] {processor.py:766} INFO - DAG(s) dict_keys(['consumer']) retrieved from /opt/airflow/dags/consumer.py
[2024-09-02T13:46:45.481+0000] {logging_mixin.py:120} INFO - [2024-09-02T13:46:45.480+0000] {dag.py:2585} INFO - Sync 1 DAGs
[2024-09-02T13:46:45.528+0000] {logging_mixin.py:120} INFO - [2024-09-02T13:46:45.527+0000] {dag.py:3340} INFO - Setting next_dagrun for consumer to None, run_after=None
[2024-09-02T13:46:45.594+0000] {processor.py:176} INFO - Processing /opt/airflow/dags/consumer.py took 0.288 seconds
