[2024-09-02T13:30:44.386+0000] {processor.py:154} INFO - Started process (PID=59) to work on /opt/airflow/dags/parallel_dag.py
[2024-09-02T13:30:44.396+0000] {processor.py:756} INFO - Processing file /opt/airflow/dags/parallel_dag.py for tasks to queue
[2024-09-02T13:30:44.446+0000] {logging_mixin.py:120} INFO - [2024-09-02T13:30:44.446+0000] {dagbag.py:537} INFO - Filling up the DagBag from /opt/airflow/dags/parallel_dag.py
[2024-09-02T13:30:54.463+0000] {processor.py:766} INFO - DAG(s) dict_keys(['parallel_dag']) retrieved from /opt/airflow/dags/parallel_dag.py
[2024-09-02T13:30:55.161+0000] {logging_mixin.py:120} INFO - [2024-09-02T13:30:55.160+0000] {manager.py:507} INFO - Created Permission View: can read on DAG:parallel_dag
[2024-09-02T13:30:55.225+0000] {logging_mixin.py:120} INFO - [2024-09-02T13:30:55.224+0000] {manager.py:507} INFO - Created Permission View: can delete on DAG:parallel_dag
[2024-09-02T13:30:55.259+0000] {logging_mixin.py:120} INFO - [2024-09-02T13:30:55.258+0000] {manager.py:507} INFO - Created Permission View: can edit on DAG:parallel_dag
[2024-09-02T13:30:55.261+0000] {logging_mixin.py:120} INFO - [2024-09-02T13:30:55.260+0000] {dag.py:2585} INFO - Sync 1 DAGs
[2024-09-02T13:30:55.330+0000] {logging_mixin.py:120} INFO - [2024-09-02T13:30:55.329+0000] {dag.py:2606} INFO - Creating ORM DAG for parallel_dag
[2024-09-02T13:30:55.388+0000] {logging_mixin.py:120} INFO - [2024-09-02T13:30:55.387+0000] {dag.py:3340} INFO - Setting next_dagrun for parallel_dag to 2024-09-01T00:00:00+00:00, run_after=2024-09-02T00:00:00+00:00
[2024-09-02T13:30:55.493+0000] {processor.py:176} INFO - Processing /opt/airflow/dags/parallel_dag.py took 11.115 seconds
[2024-09-02T13:31:26.108+0000] {processor.py:154} INFO - Started process (PID=90) to work on /opt/airflow/dags/parallel_dag.py
[2024-09-02T13:31:26.112+0000] {processor.py:756} INFO - Processing file /opt/airflow/dags/parallel_dag.py for tasks to queue
[2024-09-02T13:31:26.114+0000] {logging_mixin.py:120} INFO - [2024-09-02T13:31:26.114+0000] {dagbag.py:537} INFO - Filling up the DagBag from /opt/airflow/dags/parallel_dag.py
[2024-09-02T13:31:26.187+0000] {processor.py:766} INFO - DAG(s) dict_keys(['parallel_dag']) retrieved from /opt/airflow/dags/parallel_dag.py
[2024-09-02T13:31:26.294+0000] {logging_mixin.py:120} INFO - [2024-09-02T13:31:26.293+0000] {dag.py:2585} INFO - Sync 1 DAGs
[2024-09-02T13:31:26.361+0000] {logging_mixin.py:120} INFO - [2024-09-02T13:31:26.360+0000] {dag.py:3340} INFO - Setting next_dagrun for parallel_dag to 2024-09-01T00:00:00+00:00, run_after=2024-09-02T00:00:00+00:00
[2024-09-02T13:31:26.452+0000] {processor.py:176} INFO - Processing /opt/airflow/dags/parallel_dag.py took 0.352 seconds
[2024-09-02T13:31:57.134+0000] {processor.py:154} INFO - Started process (PID=113) to work on /opt/airflow/dags/parallel_dag.py
[2024-09-02T13:31:57.139+0000] {processor.py:756} INFO - Processing file /opt/airflow/dags/parallel_dag.py for tasks to queue
[2024-09-02T13:31:57.142+0000] {logging_mixin.py:120} INFO - [2024-09-02T13:31:57.141+0000] {dagbag.py:537} INFO - Filling up the DagBag from /opt/airflow/dags/parallel_dag.py
[2024-09-02T13:31:57.239+0000] {processor.py:766} INFO - DAG(s) dict_keys(['parallel_dag']) retrieved from /opt/airflow/dags/parallel_dag.py
[2024-09-02T13:31:57.358+0000] {logging_mixin.py:120} INFO - [2024-09-02T13:31:57.357+0000] {dag.py:2585} INFO - Sync 1 DAGs
[2024-09-02T13:31:57.437+0000] {logging_mixin.py:120} INFO - [2024-09-02T13:31:57.437+0000] {dag.py:3340} INFO - Setting next_dagrun for parallel_dag to 2024-09-01T00:00:00+00:00, run_after=2024-09-02T00:00:00+00:00
[2024-09-02T13:31:57.497+0000] {processor.py:176} INFO - Processing /opt/airflow/dags/parallel_dag.py took 0.369 seconds
[2024-09-02T13:32:28.859+0000] {processor.py:154} INFO - Started process (PID=136) to work on /opt/airflow/dags/parallel_dag.py
[2024-09-02T13:32:28.861+0000] {processor.py:756} INFO - Processing file /opt/airflow/dags/parallel_dag.py for tasks to queue
[2024-09-02T13:32:28.862+0000] {logging_mixin.py:120} INFO - [2024-09-02T13:32:28.862+0000] {dagbag.py:537} INFO - Filling up the DagBag from /opt/airflow/dags/parallel_dag.py
[2024-09-02T13:32:28.915+0000] {processor.py:766} INFO - DAG(s) dict_keys(['parallel_dag']) retrieved from /opt/airflow/dags/parallel_dag.py
[2024-09-02T13:32:28.997+0000] {logging_mixin.py:120} INFO - [2024-09-02T13:32:28.997+0000] {dag.py:2585} INFO - Sync 1 DAGs
[2024-09-02T13:32:29.051+0000] {logging_mixin.py:120} INFO - [2024-09-02T13:32:29.051+0000] {dag.py:3340} INFO - Setting next_dagrun for parallel_dag to 2024-09-01T00:00:00+00:00, run_after=2024-09-02T00:00:00+00:00
[2024-09-02T13:32:29.105+0000] {processor.py:176} INFO - Processing /opt/airflow/dags/parallel_dag.py took 0.253 seconds
[2024-09-02T13:32:59.186+0000] {processor.py:154} INFO - Started process (PID=168) to work on /opt/airflow/dags/parallel_dag.py
[2024-09-02T13:32:59.189+0000] {processor.py:756} INFO - Processing file /opt/airflow/dags/parallel_dag.py for tasks to queue
[2024-09-02T13:32:59.194+0000] {logging_mixin.py:120} INFO - [2024-09-02T13:32:59.194+0000] {dagbag.py:537} INFO - Filling up the DagBag from /opt/airflow/dags/parallel_dag.py
[2024-09-02T13:32:59.252+0000] {processor.py:766} INFO - DAG(s) dict_keys(['parallel_dag']) retrieved from /opt/airflow/dags/parallel_dag.py
[2024-09-02T13:32:59.351+0000] {logging_mixin.py:120} INFO - [2024-09-02T13:32:59.351+0000] {dag.py:2585} INFO - Sync 1 DAGs
[2024-09-02T13:32:59.418+0000] {logging_mixin.py:120} INFO - [2024-09-02T13:32:59.418+0000] {dag.py:3340} INFO - Setting next_dagrun for parallel_dag to 2024-09-01T00:00:00+00:00, run_after=2024-09-02T00:00:00+00:00
[2024-09-02T13:32:59.474+0000] {processor.py:176} INFO - Processing /opt/airflow/dags/parallel_dag.py took 0.293 seconds
[2024-09-02T13:33:33.453+0000] {processor.py:154} INFO - Started process (PID=191) to work on /opt/airflow/dags/parallel_dag.py
[2024-09-02T13:33:33.455+0000] {processor.py:756} INFO - Processing file /opt/airflow/dags/parallel_dag.py for tasks to queue
[2024-09-02T13:33:33.456+0000] {logging_mixin.py:120} INFO - [2024-09-02T13:33:33.456+0000] {dagbag.py:537} INFO - Filling up the DagBag from /opt/airflow/dags/parallel_dag.py
[2024-09-02T13:33:33.491+0000] {processor.py:766} INFO - DAG(s) dict_keys(['parallel_dag']) retrieved from /opt/airflow/dags/parallel_dag.py
[2024-09-02T13:33:33.546+0000] {logging_mixin.py:120} INFO - [2024-09-02T13:33:33.545+0000] {dag.py:2585} INFO - Sync 1 DAGs
[2024-09-02T13:33:33.576+0000] {logging_mixin.py:120} INFO - [2024-09-02T13:33:33.576+0000] {dag.py:3340} INFO - Setting next_dagrun for parallel_dag to 2024-09-01T00:00:00+00:00, run_after=2024-09-02T00:00:00+00:00
[2024-09-02T13:33:33.610+0000] {processor.py:176} INFO - Processing /opt/airflow/dags/parallel_dag.py took 0.162 seconds
[2024-09-02T13:34:04.041+0000] {processor.py:154} INFO - Started process (PID=223) to work on /opt/airflow/dags/parallel_dag.py
[2024-09-02T13:34:04.042+0000] {processor.py:756} INFO - Processing file /opt/airflow/dags/parallel_dag.py for tasks to queue
[2024-09-02T13:34:04.044+0000] {logging_mixin.py:120} INFO - [2024-09-02T13:34:04.043+0000] {dagbag.py:537} INFO - Filling up the DagBag from /opt/airflow/dags/parallel_dag.py
[2024-09-02T13:34:06.915+0000] {processor.py:766} INFO - DAG(s) dict_keys(['parallel_dag']) retrieved from /opt/airflow/dags/parallel_dag.py
[2024-09-02T13:34:06.985+0000] {logging_mixin.py:120} INFO - [2024-09-02T13:34:06.985+0000] {dag.py:2585} INFO - Sync 1 DAGs
[2024-09-02T13:34:07.027+0000] {logging_mixin.py:120} INFO - [2024-09-02T13:34:07.027+0000] {dag.py:3340} INFO - Setting next_dagrun for parallel_dag to 2024-09-01T00:00:00+00:00, run_after=2024-09-02T00:00:00+00:00
[2024-09-02T13:34:07.059+0000] {processor.py:176} INFO - Processing /opt/airflow/dags/parallel_dag.py took 3.023 seconds
[2024-09-02T13:34:37.725+0000] {processor.py:154} INFO - Started process (PID=255) to work on /opt/airflow/dags/parallel_dag.py
[2024-09-02T13:34:37.737+0000] {processor.py:756} INFO - Processing file /opt/airflow/dags/parallel_dag.py for tasks to queue
[2024-09-02T13:34:37.738+0000] {logging_mixin.py:120} INFO - [2024-09-02T13:34:37.738+0000] {dagbag.py:537} INFO - Filling up the DagBag from /opt/airflow/dags/parallel_dag.py
[2024-09-02T13:34:37.907+0000] {processor.py:766} INFO - DAG(s) dict_keys(['parallel_dag']) retrieved from /opt/airflow/dags/parallel_dag.py
[2024-09-02T13:34:38.566+0000] {logging_mixin.py:120} INFO - [2024-09-02T13:34:38.566+0000] {dag.py:2585} INFO - Sync 1 DAGs
[2024-09-02T13:34:38.839+0000] {logging_mixin.py:120} INFO - [2024-09-02T13:34:38.839+0000] {dag.py:3340} INFO - Setting next_dagrun for parallel_dag to 2024-09-01T00:00:00+00:00, run_after=2024-09-02T00:00:00+00:00
[2024-09-02T13:34:41.457+0000] {processor.py:176} INFO - Processing /opt/airflow/dags/parallel_dag.py took 3.736 seconds
[2024-09-02T13:35:13.539+0000] {processor.py:154} INFO - Started process (PID=278) to work on /opt/airflow/dags/parallel_dag.py
[2024-09-02T13:35:13.540+0000] {processor.py:756} INFO - Processing file /opt/airflow/dags/parallel_dag.py for tasks to queue
[2024-09-02T13:35:13.541+0000] {logging_mixin.py:120} INFO - [2024-09-02T13:35:13.541+0000] {dagbag.py:537} INFO - Filling up the DagBag from /opt/airflow/dags/parallel_dag.py
[2024-09-02T13:35:13.577+0000] {processor.py:766} INFO - DAG(s) dict_keys(['parallel_dag']) retrieved from /opt/airflow/dags/parallel_dag.py
[2024-09-02T13:35:13.623+0000] {logging_mixin.py:120} INFO - [2024-09-02T13:35:13.623+0000] {dag.py:2585} INFO - Sync 1 DAGs
[2024-09-02T13:35:13.673+0000] {logging_mixin.py:120} INFO - [2024-09-02T13:35:13.672+0000] {dag.py:3340} INFO - Setting next_dagrun for parallel_dag to 2024-09-01T00:00:00+00:00, run_after=2024-09-02T00:00:00+00:00
[2024-09-02T13:35:13.729+0000] {processor.py:176} INFO - Processing /opt/airflow/dags/parallel_dag.py took 0.193 seconds
[2024-09-02T13:35:48.848+0000] {processor.py:154} INFO - Started process (PID=312) to work on /opt/airflow/dags/parallel_dag.py
[2024-09-02T13:35:48.940+0000] {processor.py:756} INFO - Processing file /opt/airflow/dags/parallel_dag.py for tasks to queue
[2024-09-02T13:35:48.958+0000] {logging_mixin.py:120} INFO - [2024-09-02T13:35:48.958+0000] {dagbag.py:537} INFO - Filling up the DagBag from /opt/airflow/dags/parallel_dag.py
[2024-09-02T13:35:49.663+0000] {processor.py:766} INFO - DAG(s) dict_keys(['parallel_dag']) retrieved from /opt/airflow/dags/parallel_dag.py
[2024-09-02T13:35:49.750+0000] {logging_mixin.py:120} INFO - [2024-09-02T13:35:49.750+0000] {dag.py:2585} INFO - Sync 1 DAGs
[2024-09-02T13:35:49.863+0000] {logging_mixin.py:120} INFO - [2024-09-02T13:35:49.863+0000] {dag.py:3340} INFO - Setting next_dagrun for parallel_dag to 2024-09-01T00:00:00+00:00, run_after=2024-09-02T00:00:00+00:00
[2024-09-02T13:35:50.204+0000] {processor.py:176} INFO - Processing /opt/airflow/dags/parallel_dag.py took 1.362 seconds
[2024-09-02T13:36:21.947+0000] {processor.py:154} INFO - Started process (PID=344) to work on /opt/airflow/dags/parallel_dag.py
[2024-09-02T13:36:21.953+0000] {processor.py:756} INFO - Processing file /opt/airflow/dags/parallel_dag.py for tasks to queue
[2024-09-02T13:36:21.957+0000] {logging_mixin.py:120} INFO - [2024-09-02T13:36:21.957+0000] {dagbag.py:537} INFO - Filling up the DagBag from /opt/airflow/dags/parallel_dag.py
[2024-09-02T13:36:23.254+0000] {processor.py:766} INFO - DAG(s) dict_keys(['parallel_dag']) retrieved from /opt/airflow/dags/parallel_dag.py
[2024-09-02T13:36:23.292+0000] {logging_mixin.py:120} INFO - [2024-09-02T13:36:23.292+0000] {dag.py:2585} INFO - Sync 1 DAGs
[2024-09-02T13:36:23.318+0000] {logging_mixin.py:120} INFO - [2024-09-02T13:36:23.318+0000] {dag.py:3340} INFO - Setting next_dagrun for parallel_dag to 2024-09-01T00:00:00+00:00, run_after=2024-09-02T00:00:00+00:00
[2024-09-02T13:36:23.345+0000] {processor.py:176} INFO - Processing /opt/airflow/dags/parallel_dag.py took 1.404 seconds
[2024-09-02T13:36:53.987+0000] {processor.py:154} INFO - Started process (PID=367) to work on /opt/airflow/dags/parallel_dag.py
[2024-09-02T13:36:53.992+0000] {processor.py:756} INFO - Processing file /opt/airflow/dags/parallel_dag.py for tasks to queue
[2024-09-02T13:36:53.994+0000] {logging_mixin.py:120} INFO - [2024-09-02T13:36:53.993+0000] {dagbag.py:537} INFO - Filling up the DagBag from /opt/airflow/dags/parallel_dag.py
[2024-09-02T13:36:54.060+0000] {processor.py:766} INFO - DAG(s) dict_keys(['parallel_dag']) retrieved from /opt/airflow/dags/parallel_dag.py
[2024-09-02T13:36:54.236+0000] {logging_mixin.py:120} INFO - [2024-09-02T13:36:54.235+0000] {dag.py:2585} INFO - Sync 1 DAGs
[2024-09-02T13:36:54.380+0000] {logging_mixin.py:120} INFO - [2024-09-02T13:36:54.379+0000] {dag.py:3340} INFO - Setting next_dagrun for parallel_dag to 2024-09-01T00:00:00+00:00, run_after=2024-09-02T00:00:00+00:00
[2024-09-02T13:36:54.533+0000] {processor.py:176} INFO - Processing /opt/airflow/dags/parallel_dag.py took 0.550 seconds
[2024-09-02T13:37:24.910+0000] {processor.py:154} INFO - Started process (PID=400) to work on /opt/airflow/dags/parallel_dag.py
[2024-09-02T13:37:24.911+0000] {processor.py:756} INFO - Processing file /opt/airflow/dags/parallel_dag.py for tasks to queue
[2024-09-02T13:37:24.916+0000] {logging_mixin.py:120} INFO - [2024-09-02T13:37:24.912+0000] {dagbag.py:537} INFO - Filling up the DagBag from /opt/airflow/dags/parallel_dag.py
[2024-09-02T13:37:25.108+0000] {processor.py:766} INFO - DAG(s) dict_keys(['parallel_dag']) retrieved from /opt/airflow/dags/parallel_dag.py
[2024-09-02T13:37:25.289+0000] {logging_mixin.py:120} INFO - [2024-09-02T13:37:25.289+0000] {dag.py:2585} INFO - Sync 1 DAGs
[2024-09-02T13:37:25.421+0000] {logging_mixin.py:120} INFO - [2024-09-02T13:37:25.421+0000] {dag.py:3340} INFO - Setting next_dagrun for parallel_dag to 2024-09-01T00:00:00+00:00, run_after=2024-09-02T00:00:00+00:00
[2024-09-02T13:37:25.557+0000] {processor.py:176} INFO - Processing /opt/airflow/dags/parallel_dag.py took 0.652 seconds
[2024-09-02T13:37:56.002+0000] {processor.py:154} INFO - Started process (PID=430) to work on /opt/airflow/dags/parallel_dag.py
[2024-09-02T13:37:56.003+0000] {processor.py:756} INFO - Processing file /opt/airflow/dags/parallel_dag.py for tasks to queue
[2024-09-02T13:37:56.004+0000] {logging_mixin.py:120} INFO - [2024-09-02T13:37:56.004+0000] {dagbag.py:537} INFO - Filling up the DagBag from /opt/airflow/dags/parallel_dag.py
[2024-09-02T13:37:56.031+0000] {processor.py:766} INFO - DAG(s) dict_keys(['parallel_dag']) retrieved from /opt/airflow/dags/parallel_dag.py
[2024-09-02T13:37:56.072+0000] {logging_mixin.py:120} INFO - [2024-09-02T13:37:56.072+0000] {dag.py:2585} INFO - Sync 1 DAGs
[2024-09-02T13:37:56.097+0000] {logging_mixin.py:120} INFO - [2024-09-02T13:37:56.097+0000] {dag.py:3340} INFO - Setting next_dagrun for parallel_dag to 2024-09-01T00:00:00+00:00, run_after=2024-09-02T00:00:00+00:00
[2024-09-02T13:37:56.122+0000] {processor.py:176} INFO - Processing /opt/airflow/dags/parallel_dag.py took 0.123 seconds
[2024-09-02T13:38:26.475+0000] {processor.py:154} INFO - Started process (PID=455) to work on /opt/airflow/dags/parallel_dag.py
[2024-09-02T13:38:26.478+0000] {processor.py:756} INFO - Processing file /opt/airflow/dags/parallel_dag.py for tasks to queue
[2024-09-02T13:38:26.489+0000] {logging_mixin.py:120} INFO - [2024-09-02T13:38:26.489+0000] {dagbag.py:537} INFO - Filling up the DagBag from /opt/airflow/dags/parallel_dag.py
[2024-09-02T13:38:26.525+0000] {processor.py:766} INFO - DAG(s) dict_keys(['parallel_dag']) retrieved from /opt/airflow/dags/parallel_dag.py
[2024-09-02T13:38:26.634+0000] {logging_mixin.py:120} INFO - [2024-09-02T13:38:26.634+0000] {dag.py:2585} INFO - Sync 1 DAGs
[2024-09-02T13:38:26.721+0000] {logging_mixin.py:120} INFO - [2024-09-02T13:38:26.721+0000] {dag.py:3340} INFO - Setting next_dagrun for parallel_dag to 2024-09-01T00:00:00+00:00, run_after=2024-09-02T00:00:00+00:00
[2024-09-02T13:38:26.777+0000] {processor.py:176} INFO - Processing /opt/airflow/dags/parallel_dag.py took 0.305 seconds
[2024-09-02T13:38:56.948+0000] {processor.py:154} INFO - Started process (PID=487) to work on /opt/airflow/dags/parallel_dag.py
[2024-09-02T13:38:56.950+0000] {processor.py:756} INFO - Processing file /opt/airflow/dags/parallel_dag.py for tasks to queue
[2024-09-02T13:38:56.952+0000] {logging_mixin.py:120} INFO - [2024-09-02T13:38:56.952+0000] {dagbag.py:537} INFO - Filling up the DagBag from /opt/airflow/dags/parallel_dag.py
[2024-09-02T13:38:57.030+0000] {processor.py:766} INFO - DAG(s) dict_keys(['parallel_dag']) retrieved from /opt/airflow/dags/parallel_dag.py
[2024-09-02T13:38:57.129+0000] {logging_mixin.py:120} INFO - [2024-09-02T13:38:57.129+0000] {dag.py:2585} INFO - Sync 1 DAGs
[2024-09-02T13:38:57.186+0000] {logging_mixin.py:120} INFO - [2024-09-02T13:38:57.186+0000] {dag.py:3340} INFO - Setting next_dagrun for parallel_dag to 2024-09-01T00:00:00+00:00, run_after=2024-09-02T00:00:00+00:00
[2024-09-02T13:38:57.222+0000] {processor.py:176} INFO - Processing /opt/airflow/dags/parallel_dag.py took 0.280 seconds
[2024-09-02T13:39:28.078+0000] {processor.py:154} INFO - Started process (PID=511) to work on /opt/airflow/dags/parallel_dag.py
[2024-09-02T13:39:28.096+0000] {processor.py:756} INFO - Processing file /opt/airflow/dags/parallel_dag.py for tasks to queue
[2024-09-02T13:39:28.098+0000] {logging_mixin.py:120} INFO - [2024-09-02T13:39:28.097+0000] {dagbag.py:537} INFO - Filling up the DagBag from /opt/airflow/dags/parallel_dag.py
[2024-09-02T13:39:28.180+0000] {processor.py:766} INFO - DAG(s) dict_keys(['parallel_dag']) retrieved from /opt/airflow/dags/parallel_dag.py
[2024-09-02T13:39:28.209+0000] {logging_mixin.py:120} INFO - [2024-09-02T13:39:28.209+0000] {dag.py:2585} INFO - Sync 1 DAGs
[2024-09-02T13:39:28.232+0000] {logging_mixin.py:120} INFO - [2024-09-02T13:39:28.232+0000] {dag.py:3340} INFO - Setting next_dagrun for parallel_dag to 2024-09-01T00:00:00+00:00, run_after=2024-09-02T00:00:00+00:00
[2024-09-02T13:39:28.252+0000] {processor.py:176} INFO - Processing /opt/airflow/dags/parallel_dag.py took 0.179 seconds
[2024-09-02T13:39:58.623+0000] {processor.py:154} INFO - Started process (PID=543) to work on /opt/airflow/dags/parallel_dag.py
[2024-09-02T13:39:58.663+0000] {processor.py:756} INFO - Processing file /opt/airflow/dags/parallel_dag.py for tasks to queue
[2024-09-02T13:39:58.751+0000] {logging_mixin.py:120} INFO - [2024-09-02T13:39:58.751+0000] {dagbag.py:537} INFO - Filling up the DagBag from /opt/airflow/dags/parallel_dag.py
[2024-09-02T13:39:58.793+0000] {processor.py:766} INFO - DAG(s) dict_keys(['parallel_dag']) retrieved from /opt/airflow/dags/parallel_dag.py
[2024-09-02T13:39:58.851+0000] {logging_mixin.py:120} INFO - [2024-09-02T13:39:58.851+0000] {dag.py:2585} INFO - Sync 1 DAGs
[2024-09-02T13:39:58.878+0000] {logging_mixin.py:120} INFO - [2024-09-02T13:39:58.877+0000] {dag.py:3340} INFO - Setting next_dagrun for parallel_dag to 2024-09-01T00:00:00+00:00, run_after=2024-09-02T00:00:00+00:00
[2024-09-02T13:39:58.901+0000] {processor.py:176} INFO - Processing /opt/airflow/dags/parallel_dag.py took 0.282 seconds
[2024-09-02T13:40:30.173+0000] {processor.py:154} INFO - Started process (PID=575) to work on /opt/airflow/dags/parallel_dag.py
[2024-09-02T13:40:30.176+0000] {processor.py:756} INFO - Processing file /opt/airflow/dags/parallel_dag.py for tasks to queue
[2024-09-02T13:40:30.235+0000] {logging_mixin.py:120} INFO - [2024-09-02T13:40:30.235+0000] {dagbag.py:537} INFO - Filling up the DagBag from /opt/airflow/dags/parallel_dag.py
[2024-09-02T13:40:30.770+0000] {processor.py:766} INFO - DAG(s) dict_keys(['parallel_dag']) retrieved from /opt/airflow/dags/parallel_dag.py
[2024-09-02T13:40:30.810+0000] {logging_mixin.py:120} INFO - [2024-09-02T13:40:30.809+0000] {dag.py:2585} INFO - Sync 1 DAGs
[2024-09-02T13:40:30.890+0000] {logging_mixin.py:120} INFO - [2024-09-02T13:40:30.890+0000] {dag.py:3340} INFO - Setting next_dagrun for parallel_dag to 2024-09-01T00:00:00+00:00, run_after=2024-09-02T00:00:00+00:00
[2024-09-02T13:40:30.977+0000] {processor.py:176} INFO - Processing /opt/airflow/dags/parallel_dag.py took 0.806 seconds
[2024-09-02T13:41:02.150+0000] {processor.py:154} INFO - Started process (PID=607) to work on /opt/airflow/dags/parallel_dag.py
[2024-09-02T13:41:02.155+0000] {processor.py:756} INFO - Processing file /opt/airflow/dags/parallel_dag.py for tasks to queue
[2024-09-02T13:41:02.156+0000] {logging_mixin.py:120} INFO - [2024-09-02T13:41:02.156+0000] {dagbag.py:537} INFO - Filling up the DagBag from /opt/airflow/dags/parallel_dag.py
[2024-09-02T13:41:03.003+0000] {processor.py:766} INFO - DAG(s) dict_keys(['parallel_dag']) retrieved from /opt/airflow/dags/parallel_dag.py
[2024-09-02T13:41:03.056+0000] {logging_mixin.py:120} INFO - [2024-09-02T13:41:03.056+0000] {dag.py:2585} INFO - Sync 1 DAGs
[2024-09-02T13:41:03.117+0000] {logging_mixin.py:120} INFO - [2024-09-02T13:41:03.117+0000] {dag.py:3340} INFO - Setting next_dagrun for parallel_dag to 2024-09-01T00:00:00+00:00, run_after=2024-09-02T00:00:00+00:00
[2024-09-02T13:41:03.202+0000] {processor.py:176} INFO - Processing /opt/airflow/dags/parallel_dag.py took 1.056 seconds
[2024-09-02T13:41:33.440+0000] {processor.py:154} INFO - Started process (PID=640) to work on /opt/airflow/dags/parallel_dag.py
[2024-09-02T13:41:33.442+0000] {processor.py:756} INFO - Processing file /opt/airflow/dags/parallel_dag.py for tasks to queue
[2024-09-02T13:41:33.443+0000] {logging_mixin.py:120} INFO - [2024-09-02T13:41:33.443+0000] {dagbag.py:537} INFO - Filling up the DagBag from /opt/airflow/dags/parallel_dag.py
[2024-09-02T13:41:33.476+0000] {processor.py:766} INFO - DAG(s) dict_keys(['parallel_dag']) retrieved from /opt/airflow/dags/parallel_dag.py
[2024-09-02T13:41:33.529+0000] {logging_mixin.py:120} INFO - [2024-09-02T13:41:33.529+0000] {dag.py:2585} INFO - Sync 1 DAGs
[2024-09-02T13:41:33.559+0000] {logging_mixin.py:120} INFO - [2024-09-02T13:41:33.559+0000] {dag.py:3340} INFO - Setting next_dagrun for parallel_dag to 2024-09-01T00:00:00+00:00, run_after=2024-09-02T00:00:00+00:00
[2024-09-02T13:41:33.585+0000] {processor.py:176} INFO - Processing /opt/airflow/dags/parallel_dag.py took 0.151 seconds
[2024-09-02T13:42:03.878+0000] {processor.py:154} INFO - Started process (PID=662) to work on /opt/airflow/dags/parallel_dag.py
[2024-09-02T13:42:03.880+0000] {processor.py:756} INFO - Processing file /opt/airflow/dags/parallel_dag.py for tasks to queue
[2024-09-02T13:42:03.881+0000] {logging_mixin.py:120} INFO - [2024-09-02T13:42:03.881+0000] {dagbag.py:537} INFO - Filling up the DagBag from /opt/airflow/dags/parallel_dag.py
[2024-09-02T13:42:03.921+0000] {processor.py:766} INFO - DAG(s) dict_keys(['parallel_dag']) retrieved from /opt/airflow/dags/parallel_dag.py
[2024-09-02T13:42:03.967+0000] {logging_mixin.py:120} INFO - [2024-09-02T13:42:03.967+0000] {dag.py:2585} INFO - Sync 1 DAGs
[2024-09-02T13:42:04.001+0000] {logging_mixin.py:120} INFO - [2024-09-02T13:42:04.001+0000] {dag.py:3340} INFO - Setting next_dagrun for parallel_dag to 2024-09-01T00:00:00+00:00, run_after=2024-09-02T00:00:00+00:00
[2024-09-02T13:42:04.030+0000] {processor.py:176} INFO - Processing /opt/airflow/dags/parallel_dag.py took 0.155 seconds
[2024-09-02T13:42:34.768+0000] {processor.py:154} INFO - Started process (PID=693) to work on /opt/airflow/dags/parallel_dag.py
[2024-09-02T13:42:34.769+0000] {processor.py:756} INFO - Processing file /opt/airflow/dags/parallel_dag.py for tasks to queue
[2024-09-02T13:42:34.771+0000] {logging_mixin.py:120} INFO - [2024-09-02T13:42:34.771+0000] {dagbag.py:537} INFO - Filling up the DagBag from /opt/airflow/dags/parallel_dag.py
[2024-09-02T13:42:34.936+0000] {processor.py:766} INFO - DAG(s) dict_keys(['parallel_dag']) retrieved from /opt/airflow/dags/parallel_dag.py
[2024-09-02T13:42:35.044+0000] {logging_mixin.py:120} INFO - [2024-09-02T13:42:35.044+0000] {dag.py:2585} INFO - Sync 1 DAGs
[2024-09-02T13:42:35.076+0000] {logging_mixin.py:120} INFO - [2024-09-02T13:42:35.076+0000] {dag.py:3340} INFO - Setting next_dagrun for parallel_dag to 2024-09-01T00:00:00+00:00, run_after=2024-09-02T00:00:00+00:00
[2024-09-02T13:42:35.172+0000] {processor.py:176} INFO - Processing /opt/airflow/dags/parallel_dag.py took 0.407 seconds
[2024-09-02T13:43:05.871+0000] {processor.py:154} INFO - Started process (PID=726) to work on /opt/airflow/dags/parallel_dag.py
[2024-09-02T13:43:05.875+0000] {processor.py:756} INFO - Processing file /opt/airflow/dags/parallel_dag.py for tasks to queue
[2024-09-02T13:43:05.957+0000] {logging_mixin.py:120} INFO - [2024-09-02T13:43:05.957+0000] {dagbag.py:537} INFO - Filling up the DagBag from /opt/airflow/dags/parallel_dag.py
[2024-09-02T13:43:06.197+0000] {processor.py:766} INFO - DAG(s) dict_keys(['parallel_dag']) retrieved from /opt/airflow/dags/parallel_dag.py
[2024-09-02T13:43:06.240+0000] {logging_mixin.py:120} INFO - [2024-09-02T13:43:06.239+0000] {dag.py:2585} INFO - Sync 1 DAGs
[2024-09-02T13:43:06.267+0000] {logging_mixin.py:120} INFO - [2024-09-02T13:43:06.267+0000] {dag.py:3340} INFO - Setting next_dagrun for parallel_dag to 2024-09-01T00:00:00+00:00, run_after=2024-09-02T00:00:00+00:00
[2024-09-02T13:43:06.296+0000] {processor.py:176} INFO - Processing /opt/airflow/dags/parallel_dag.py took 0.428 seconds
[2024-09-02T13:43:36.721+0000] {processor.py:154} INFO - Started process (PID=748) to work on /opt/airflow/dags/parallel_dag.py
[2024-09-02T13:43:36.724+0000] {processor.py:756} INFO - Processing file /opt/airflow/dags/parallel_dag.py for tasks to queue
[2024-09-02T13:43:36.725+0000] {logging_mixin.py:120} INFO - [2024-09-02T13:43:36.725+0000] {dagbag.py:537} INFO - Filling up the DagBag from /opt/airflow/dags/parallel_dag.py
[2024-09-02T13:43:36.756+0000] {processor.py:766} INFO - DAG(s) dict_keys(['parallel_dag']) retrieved from /opt/airflow/dags/parallel_dag.py
[2024-09-02T13:43:36.806+0000] {logging_mixin.py:120} INFO - [2024-09-02T13:43:36.805+0000] {dag.py:2585} INFO - Sync 1 DAGs
[2024-09-02T13:43:36.840+0000] {logging_mixin.py:120} INFO - [2024-09-02T13:43:36.839+0000] {dag.py:3340} INFO - Setting next_dagrun for parallel_dag to 2024-09-01T00:00:00+00:00, run_after=2024-09-02T00:00:00+00:00
[2024-09-02T13:43:36.870+0000] {processor.py:176} INFO - Processing /opt/airflow/dags/parallel_dag.py took 0.152 seconds
[2024-09-02T13:44:07.193+0000] {processor.py:154} INFO - Started process (PID=780) to work on /opt/airflow/dags/parallel_dag.py
[2024-09-02T13:44:07.195+0000] {processor.py:756} INFO - Processing file /opt/airflow/dags/parallel_dag.py for tasks to queue
[2024-09-02T13:44:07.199+0000] {logging_mixin.py:120} INFO - [2024-09-02T13:44:07.199+0000] {dagbag.py:537} INFO - Filling up the DagBag from /opt/airflow/dags/parallel_dag.py
[2024-09-02T13:44:07.232+0000] {processor.py:766} INFO - DAG(s) dict_keys(['parallel_dag']) retrieved from /opt/airflow/dags/parallel_dag.py
[2024-09-02T13:44:07.270+0000] {logging_mixin.py:120} INFO - [2024-09-02T13:44:07.270+0000] {dag.py:2585} INFO - Sync 1 DAGs
[2024-09-02T13:44:07.293+0000] {logging_mixin.py:120} INFO - [2024-09-02T13:44:07.292+0000] {dag.py:3340} INFO - Setting next_dagrun for parallel_dag to 2024-09-01T00:00:00+00:00, run_after=2024-09-02T00:00:00+00:00
[2024-09-02T13:44:07.313+0000] {processor.py:176} INFO - Processing /opt/airflow/dags/parallel_dag.py took 0.123 seconds
[2024-09-02T13:44:37.762+0000] {processor.py:154} INFO - Started process (PID=812) to work on /opt/airflow/dags/parallel_dag.py
[2024-09-02T13:44:37.765+0000] {processor.py:756} INFO - Processing file /opt/airflow/dags/parallel_dag.py for tasks to queue
[2024-09-02T13:44:37.768+0000] {logging_mixin.py:120} INFO - [2024-09-02T13:44:37.767+0000] {dagbag.py:537} INFO - Filling up the DagBag from /opt/airflow/dags/parallel_dag.py
[2024-09-02T13:44:37.878+0000] {processor.py:766} INFO - DAG(s) dict_keys(['parallel_dag']) retrieved from /opt/airflow/dags/parallel_dag.py
[2024-09-02T13:44:37.993+0000] {logging_mixin.py:120} INFO - [2024-09-02T13:44:37.992+0000] {dag.py:2585} INFO - Sync 1 DAGs
[2024-09-02T13:44:38.080+0000] {logging_mixin.py:120} INFO - [2024-09-02T13:44:38.078+0000] {dag.py:3340} INFO - Setting next_dagrun for parallel_dag to 2024-09-01T00:00:00+00:00, run_after=2024-09-02T00:00:00+00:00
[2024-09-02T13:44:38.154+0000] {processor.py:176} INFO - Processing /opt/airflow/dags/parallel_dag.py took 0.400 seconds
[2024-09-02T13:45:09.340+0000] {processor.py:154} INFO - Started process (PID=835) to work on /opt/airflow/dags/parallel_dag.py
[2024-09-02T13:45:09.343+0000] {processor.py:756} INFO - Processing file /opt/airflow/dags/parallel_dag.py for tasks to queue
[2024-09-02T13:45:09.355+0000] {logging_mixin.py:120} INFO - [2024-09-02T13:45:09.354+0000] {dagbag.py:537} INFO - Filling up the DagBag from /opt/airflow/dags/parallel_dag.py
[2024-09-02T13:45:09.695+0000] {processor.py:766} INFO - DAG(s) dict_keys(['parallel_dag']) retrieved from /opt/airflow/dags/parallel_dag.py
[2024-09-02T13:45:09.777+0000] {logging_mixin.py:120} INFO - [2024-09-02T13:45:09.776+0000] {dag.py:2585} INFO - Sync 1 DAGs
[2024-09-02T13:45:09.827+0000] {logging_mixin.py:120} INFO - [2024-09-02T13:45:09.827+0000] {dag.py:3340} INFO - Setting next_dagrun for parallel_dag to 2024-09-01T00:00:00+00:00, run_after=2024-09-02T00:00:00+00:00
[2024-09-02T13:45:09.872+0000] {processor.py:176} INFO - Processing /opt/airflow/dags/parallel_dag.py took 0.535 seconds
[2024-09-02T13:45:40.567+0000] {processor.py:154} INFO - Started process (PID=867) to work on /opt/airflow/dags/parallel_dag.py
[2024-09-02T13:45:40.569+0000] {processor.py:756} INFO - Processing file /opt/airflow/dags/parallel_dag.py for tasks to queue
[2024-09-02T13:45:40.572+0000] {logging_mixin.py:120} INFO - [2024-09-02T13:45:40.572+0000] {dagbag.py:537} INFO - Filling up the DagBag from /opt/airflow/dags/parallel_dag.py
[2024-09-02T13:45:40.705+0000] {processor.py:766} INFO - DAG(s) dict_keys(['parallel_dag']) retrieved from /opt/airflow/dags/parallel_dag.py
[2024-09-02T13:45:40.845+0000] {logging_mixin.py:120} INFO - [2024-09-02T13:45:40.845+0000] {dag.py:2585} INFO - Sync 1 DAGs
[2024-09-02T13:45:40.939+0000] {logging_mixin.py:120} INFO - [2024-09-02T13:45:40.938+0000] {dag.py:3340} INFO - Setting next_dagrun for parallel_dag to 2024-09-01T00:00:00+00:00, run_after=2024-09-02T00:00:00+00:00
[2024-09-02T13:45:41.040+0000] {processor.py:176} INFO - Processing /opt/airflow/dags/parallel_dag.py took 0.480 seconds
[2024-09-02T13:46:11.459+0000] {processor.py:154} INFO - Started process (PID=890) to work on /opt/airflow/dags/parallel_dag.py
[2024-09-02T13:46:11.460+0000] {processor.py:756} INFO - Processing file /opt/airflow/dags/parallel_dag.py for tasks to queue
[2024-09-02T13:46:11.461+0000] {logging_mixin.py:120} INFO - [2024-09-02T13:46:11.461+0000] {dagbag.py:537} INFO - Filling up the DagBag from /opt/airflow/dags/parallel_dag.py
[2024-09-02T13:46:11.496+0000] {processor.py:766} INFO - DAG(s) dict_keys(['parallel_dag']) retrieved from /opt/airflow/dags/parallel_dag.py
[2024-09-02T13:46:11.558+0000] {logging_mixin.py:120} INFO - [2024-09-02T13:46:11.557+0000] {dag.py:2585} INFO - Sync 1 DAGs
[2024-09-02T13:46:11.614+0000] {logging_mixin.py:120} INFO - [2024-09-02T13:46:11.614+0000] {dag.py:3340} INFO - Setting next_dagrun for parallel_dag to 2024-09-01T00:00:00+00:00, run_after=2024-09-02T00:00:00+00:00
[2024-09-02T13:46:11.659+0000] {processor.py:176} INFO - Processing /opt/airflow/dags/parallel_dag.py took 0.208 seconds
[2024-09-02T13:46:42.433+0000] {processor.py:154} INFO - Started process (PID=920) to work on /opt/airflow/dags/parallel_dag.py
[2024-09-02T13:46:42.442+0000] {processor.py:756} INFO - Processing file /opt/airflow/dags/parallel_dag.py for tasks to queue
[2024-09-02T13:46:42.453+0000] {logging_mixin.py:120} INFO - [2024-09-02T13:46:42.452+0000] {dagbag.py:537} INFO - Filling up the DagBag from /opt/airflow/dags/parallel_dag.py
[2024-09-02T13:46:42.651+0000] {processor.py:766} INFO - DAG(s) dict_keys(['parallel_dag']) retrieved from /opt/airflow/dags/parallel_dag.py
[2024-09-02T13:46:42.809+0000] {logging_mixin.py:120} INFO - [2024-09-02T13:46:42.808+0000] {dag.py:2585} INFO - Sync 1 DAGs
[2024-09-02T13:46:42.971+0000] {logging_mixin.py:120} INFO - [2024-09-02T13:46:42.970+0000] {dag.py:3340} INFO - Setting next_dagrun for parallel_dag to 2024-09-01T00:00:00+00:00, run_after=2024-09-02T00:00:00+00:00
[2024-09-02T13:46:43.060+0000] {processor.py:176} INFO - Processing /opt/airflow/dags/parallel_dag.py took 0.635 seconds
