[2024-09-02T13:30:44.180+0000] {processor.py:154} INFO - Started process (PID=60) to work on /opt/airflow/dags/producer.py
[2024-09-02T13:30:44.352+0000] {processor.py:756} INFO - Processing file /opt/airflow/dags/producer.py for tasks to queue
[2024-09-02T13:30:44.380+0000] {logging_mixin.py:120} INFO - [2024-09-02T13:30:44.379+0000] {dagbag.py:537} INFO - Filling up the DagBag from /opt/airflow/dags/producer.py
[2024-09-02T13:30:54.568+0000] {processor.py:766} INFO - DAG(s) dict_keys(['producer']) retrieved from /opt/airflow/dags/producer.py
[2024-09-02T13:30:55.180+0000] {logging_mixin.py:120} INFO - [2024-09-02T13:30:55.179+0000] {manager.py:507} INFO - Created Permission View: can read on DAG:producer
[2024-09-02T13:30:55.244+0000] {logging_mixin.py:120} INFO - [2024-09-02T13:30:55.244+0000] {manager.py:507} INFO - Created Permission View: can delete on DAG:producer
[2024-09-02T13:30:55.300+0000] {logging_mixin.py:120} INFO - [2024-09-02T13:30:55.300+0000] {manager.py:507} INFO - Created Permission View: can edit on DAG:producer
[2024-09-02T13:30:55.316+0000] {logging_mixin.py:120} INFO - [2024-09-02T13:30:55.315+0000] {dag.py:2585} INFO - Sync 1 DAGs
[2024-09-02T13:30:55.372+0000] {logging_mixin.py:120} INFO - [2024-09-02T13:30:55.372+0000] {dag.py:2606} INFO - Creating ORM DAG for producer
[2024-09-02T13:30:55.410+0000] {logging_mixin.py:120} INFO - [2024-09-02T13:30:55.410+0000] {dag.py:3340} INFO - Setting next_dagrun for producer to 2024-09-01T00:00:00+00:00, run_after=2024-09-02T00:00:00+00:00
[2024-09-02T13:30:55.531+0000] {processor.py:176} INFO - Processing /opt/airflow/dags/producer.py took 11.369 seconds
[2024-09-02T13:31:26.108+0000] {processor.py:154} INFO - Started process (PID=91) to work on /opt/airflow/dags/producer.py
[2024-09-02T13:31:26.112+0000] {processor.py:756} INFO - Processing file /opt/airflow/dags/producer.py for tasks to queue
[2024-09-02T13:31:26.114+0000] {logging_mixin.py:120} INFO - [2024-09-02T13:31:26.114+0000] {dagbag.py:537} INFO - Filling up the DagBag from /opt/airflow/dags/producer.py
[2024-09-02T13:31:26.204+0000] {processor.py:766} INFO - DAG(s) dict_keys(['producer']) retrieved from /opt/airflow/dags/producer.py
[2024-09-02T13:31:26.310+0000] {logging_mixin.py:120} INFO - [2024-09-02T13:31:26.310+0000] {dag.py:2585} INFO - Sync 1 DAGs
[2024-09-02T13:31:26.377+0000] {logging_mixin.py:120} INFO - [2024-09-02T13:31:26.376+0000] {dag.py:3340} INFO - Setting next_dagrun for producer to 2024-09-01T00:00:00+00:00, run_after=2024-09-02T00:00:00+00:00
[2024-09-02T13:31:26.492+0000] {processor.py:176} INFO - Processing /opt/airflow/dags/producer.py took 0.393 seconds
[2024-09-02T13:31:57.135+0000] {processor.py:154} INFO - Started process (PID=114) to work on /opt/airflow/dags/producer.py
[2024-09-02T13:31:57.139+0000] {processor.py:756} INFO - Processing file /opt/airflow/dags/producer.py for tasks to queue
[2024-09-02T13:31:57.142+0000] {logging_mixin.py:120} INFO - [2024-09-02T13:31:57.142+0000] {dagbag.py:537} INFO - Filling up the DagBag from /opt/airflow/dags/producer.py
[2024-09-02T13:31:57.256+0000] {processor.py:766} INFO - DAG(s) dict_keys(['producer']) retrieved from /opt/airflow/dags/producer.py
[2024-09-02T13:31:57.368+0000] {logging_mixin.py:120} INFO - [2024-09-02T13:31:57.367+0000] {dag.py:2585} INFO - Sync 1 DAGs
[2024-09-02T13:31:57.446+0000] {logging_mixin.py:120} INFO - [2024-09-02T13:31:57.445+0000] {dag.py:3340} INFO - Setting next_dagrun for producer to 2024-09-01T00:00:00+00:00, run_after=2024-09-02T00:00:00+00:00
[2024-09-02T13:31:57.512+0000] {processor.py:176} INFO - Processing /opt/airflow/dags/producer.py took 0.381 seconds
[2024-09-02T13:32:28.861+0000] {processor.py:154} INFO - Started process (PID=137) to work on /opt/airflow/dags/producer.py
[2024-09-02T13:32:28.863+0000] {processor.py:756} INFO - Processing file /opt/airflow/dags/producer.py for tasks to queue
[2024-09-02T13:32:28.864+0000] {logging_mixin.py:120} INFO - [2024-09-02T13:32:28.864+0000] {dagbag.py:537} INFO - Filling up the DagBag from /opt/airflow/dags/producer.py
[2024-09-02T13:32:28.942+0000] {processor.py:766} INFO - DAG(s) dict_keys(['producer']) retrieved from /opt/airflow/dags/producer.py
[2024-09-02T13:32:29.021+0000] {logging_mixin.py:120} INFO - [2024-09-02T13:32:29.021+0000] {dag.py:2585} INFO - Sync 1 DAGs
[2024-09-02T13:32:29.078+0000] {logging_mixin.py:120} INFO - [2024-09-02T13:32:29.077+0000] {dag.py:3340} INFO - Setting next_dagrun for producer to 2024-09-01T00:00:00+00:00, run_after=2024-09-02T00:00:00+00:00
[2024-09-02T13:32:29.145+0000] {processor.py:176} INFO - Processing /opt/airflow/dags/producer.py took 0.290 seconds
[2024-09-02T13:32:59.340+0000] {processor.py:154} INFO - Started process (PID=169) to work on /opt/airflow/dags/producer.py
[2024-09-02T13:32:59.352+0000] {processor.py:756} INFO - Processing file /opt/airflow/dags/producer.py for tasks to queue
[2024-09-02T13:32:59.355+0000] {logging_mixin.py:120} INFO - [2024-09-02T13:32:59.355+0000] {dagbag.py:537} INFO - Filling up the DagBag from /opt/airflow/dags/producer.py
[2024-09-02T13:32:59.452+0000] {processor.py:766} INFO - DAG(s) dict_keys(['producer']) retrieved from /opt/airflow/dags/producer.py
[2024-09-02T13:32:59.544+0000] {logging_mixin.py:120} INFO - [2024-09-02T13:32:59.543+0000] {dag.py:2585} INFO - Sync 1 DAGs
[2024-09-02T13:32:59.598+0000] {logging_mixin.py:120} INFO - [2024-09-02T13:32:59.597+0000] {dag.py:3340} INFO - Setting next_dagrun for producer to 2024-09-01T00:00:00+00:00, run_after=2024-09-02T00:00:00+00:00
[2024-09-02T13:32:59.664+0000] {processor.py:176} INFO - Processing /opt/airflow/dags/producer.py took 0.334 seconds
[2024-09-02T13:33:33.458+0000] {processor.py:154} INFO - Started process (PID=192) to work on /opt/airflow/dags/producer.py
[2024-09-02T13:33:33.460+0000] {processor.py:756} INFO - Processing file /opt/airflow/dags/producer.py for tasks to queue
[2024-09-02T13:33:33.461+0000] {logging_mixin.py:120} INFO - [2024-09-02T13:33:33.461+0000] {dagbag.py:537} INFO - Filling up the DagBag from /opt/airflow/dags/producer.py
[2024-09-02T13:33:33.504+0000] {processor.py:766} INFO - DAG(s) dict_keys(['producer']) retrieved from /opt/airflow/dags/producer.py
[2024-09-02T13:33:33.556+0000] {logging_mixin.py:120} INFO - [2024-09-02T13:33:33.556+0000] {dag.py:2585} INFO - Sync 1 DAGs
[2024-09-02T13:33:33.588+0000] {logging_mixin.py:120} INFO - [2024-09-02T13:33:33.588+0000] {dag.py:3340} INFO - Setting next_dagrun for producer to 2024-09-01T00:00:00+00:00, run_after=2024-09-02T00:00:00+00:00
[2024-09-02T13:33:33.627+0000] {processor.py:176} INFO - Processing /opt/airflow/dags/producer.py took 0.174 seconds
[2024-09-02T13:34:04.049+0000] {processor.py:154} INFO - Started process (PID=224) to work on /opt/airflow/dags/producer.py
[2024-09-02T13:34:04.051+0000] {processor.py:756} INFO - Processing file /opt/airflow/dags/producer.py for tasks to queue
[2024-09-02T13:34:04.052+0000] {logging_mixin.py:120} INFO - [2024-09-02T13:34:04.052+0000] {dagbag.py:537} INFO - Filling up the DagBag from /opt/airflow/dags/producer.py
[2024-09-02T13:34:05.368+0000] {processor.py:766} INFO - DAG(s) dict_keys(['producer']) retrieved from /opt/airflow/dags/producer.py
[2024-09-02T13:34:05.559+0000] {logging_mixin.py:120} INFO - [2024-09-02T13:34:05.559+0000] {dag.py:2585} INFO - Sync 1 DAGs
[2024-09-02T13:34:06.814+0000] {logging_mixin.py:120} INFO - [2024-09-02T13:34:06.814+0000] {dag.py:3340} INFO - Setting next_dagrun for producer to 2024-09-01T00:00:00+00:00, run_after=2024-09-02T00:00:00+00:00
[2024-09-02T13:34:06.841+0000] {processor.py:176} INFO - Processing /opt/airflow/dags/producer.py took 2.800 seconds
[2024-09-02T13:34:37.866+0000] {processor.py:154} INFO - Started process (PID=256) to work on /opt/airflow/dags/producer.py
[2024-09-02T13:34:37.867+0000] {processor.py:756} INFO - Processing file /opt/airflow/dags/producer.py for tasks to queue
[2024-09-02T13:34:37.878+0000] {logging_mixin.py:120} INFO - [2024-09-02T13:34:37.878+0000] {dagbag.py:537} INFO - Filling up the DagBag from /opt/airflow/dags/producer.py
[2024-09-02T13:34:47.779+0000] {processor.py:766} INFO - DAG(s) dict_keys(['producer']) retrieved from /opt/airflow/dags/producer.py
[2024-09-02T13:34:47.970+0000] {logging_mixin.py:120} INFO - [2024-09-02T13:34:47.970+0000] {dag.py:2585} INFO - Sync 1 DAGs
[2024-09-02T13:34:48.103+0000] {logging_mixin.py:120} INFO - [2024-09-02T13:34:48.103+0000] {dag.py:3340} INFO - Setting next_dagrun for producer to 2024-09-01T00:00:00+00:00, run_after=2024-09-02T00:00:00+00:00
[2024-09-02T13:34:48.226+0000] {processor.py:176} INFO - Processing /opt/airflow/dags/producer.py took 10.361 seconds
[2024-09-02T13:35:19.672+0000] {processor.py:154} INFO - Started process (PID=290) to work on /opt/airflow/dags/producer.py
[2024-09-02T13:35:19.673+0000] {processor.py:756} INFO - Processing file /opt/airflow/dags/producer.py for tasks to queue
[2024-09-02T13:35:19.674+0000] {logging_mixin.py:120} INFO - [2024-09-02T13:35:19.673+0000] {dagbag.py:537} INFO - Filling up the DagBag from /opt/airflow/dags/producer.py
[2024-09-02T13:35:19.713+0000] {processor.py:766} INFO - DAG(s) dict_keys(['producer']) retrieved from /opt/airflow/dags/producer.py
[2024-09-02T13:35:19.752+0000] {logging_mixin.py:120} INFO - [2024-09-02T13:35:19.752+0000] {dag.py:2585} INFO - Sync 1 DAGs
[2024-09-02T13:35:19.781+0000] {logging_mixin.py:120} INFO - [2024-09-02T13:35:19.781+0000] {dag.py:3340} INFO - Setting next_dagrun for producer to 2024-09-01T00:00:00+00:00, run_after=2024-09-02T00:00:00+00:00
[2024-09-02T13:35:19.937+0000] {processor.py:176} INFO - Processing /opt/airflow/dags/producer.py took 0.269 seconds
[2024-09-02T13:35:51.520+0000] {processor.py:154} INFO - Started process (PID=314) to work on /opt/airflow/dags/producer.py
[2024-09-02T13:35:51.521+0000] {processor.py:756} INFO - Processing file /opt/airflow/dags/producer.py for tasks to queue
[2024-09-02T13:35:51.522+0000] {logging_mixin.py:120} INFO - [2024-09-02T13:35:51.522+0000] {dagbag.py:537} INFO - Filling up the DagBag from /opt/airflow/dags/producer.py
[2024-09-02T13:35:51.591+0000] {processor.py:766} INFO - DAG(s) dict_keys(['producer']) retrieved from /opt/airflow/dags/producer.py
[2024-09-02T13:35:51.628+0000] {logging_mixin.py:120} INFO - [2024-09-02T13:35:51.628+0000] {dag.py:2585} INFO - Sync 1 DAGs
[2024-09-02T13:35:51.653+0000] {logging_mixin.py:120} INFO - [2024-09-02T13:35:51.652+0000] {dag.py:3340} INFO - Setting next_dagrun for producer to 2024-09-01T00:00:00+00:00, run_after=2024-09-02T00:00:00+00:00
[2024-09-02T13:35:51.680+0000] {processor.py:176} INFO - Processing /opt/airflow/dags/producer.py took 0.163 seconds
[2024-09-02T13:36:23.387+0000] {processor.py:154} INFO - Started process (PID=346) to work on /opt/airflow/dags/producer.py
[2024-09-02T13:36:23.389+0000] {processor.py:756} INFO - Processing file /opt/airflow/dags/producer.py for tasks to queue
[2024-09-02T13:36:23.390+0000] {logging_mixin.py:120} INFO - [2024-09-02T13:36:23.390+0000] {dagbag.py:537} INFO - Filling up the DagBag from /opt/airflow/dags/producer.py
[2024-09-02T13:36:23.423+0000] {processor.py:766} INFO - DAG(s) dict_keys(['producer']) retrieved from /opt/airflow/dags/producer.py
[2024-09-02T13:36:23.474+0000] {logging_mixin.py:120} INFO - [2024-09-02T13:36:23.473+0000] {dag.py:2585} INFO - Sync 1 DAGs
[2024-09-02T13:36:23.503+0000] {logging_mixin.py:120} INFO - [2024-09-02T13:36:23.503+0000] {dag.py:3340} INFO - Setting next_dagrun for producer to 2024-09-01T00:00:00+00:00, run_after=2024-09-02T00:00:00+00:00
[2024-09-02T13:36:23.533+0000] {processor.py:176} INFO - Processing /opt/airflow/dags/producer.py took 0.149 seconds
[2024-09-02T13:36:54.002+0000] {processor.py:154} INFO - Started process (PID=368) to work on /opt/airflow/dags/producer.py
[2024-09-02T13:36:54.006+0000] {processor.py:756} INFO - Processing file /opt/airflow/dags/producer.py for tasks to queue
[2024-09-02T13:36:54.009+0000] {logging_mixin.py:120} INFO - [2024-09-02T13:36:54.009+0000] {dagbag.py:537} INFO - Filling up the DagBag from /opt/airflow/dags/producer.py
[2024-09-02T13:36:54.235+0000] {processor.py:766} INFO - DAG(s) dict_keys(['producer']) retrieved from /opt/airflow/dags/producer.py
[2024-09-02T13:36:54.397+0000] {logging_mixin.py:120} INFO - [2024-09-02T13:36:54.397+0000] {dag.py:2585} INFO - Sync 1 DAGs
[2024-09-02T13:36:54.454+0000] {logging_mixin.py:120} INFO - [2024-09-02T13:36:54.454+0000] {dag.py:3340} INFO - Setting next_dagrun for producer to 2024-09-01T00:00:00+00:00, run_after=2024-09-02T00:00:00+00:00
[2024-09-02T13:36:54.558+0000] {processor.py:176} INFO - Processing /opt/airflow/dags/producer.py took 0.559 seconds
[2024-09-02T13:37:24.910+0000] {processor.py:154} INFO - Started process (PID=401) to work on /opt/airflow/dags/producer.py
[2024-09-02T13:37:24.911+0000] {processor.py:756} INFO - Processing file /opt/airflow/dags/producer.py for tasks to queue
[2024-09-02T13:37:24.913+0000] {logging_mixin.py:120} INFO - [2024-09-02T13:37:24.912+0000] {dagbag.py:537} INFO - Filling up the DagBag from /opt/airflow/dags/producer.py
[2024-09-02T13:37:25.106+0000] {processor.py:766} INFO - DAG(s) dict_keys(['producer']) retrieved from /opt/airflow/dags/producer.py
[2024-09-02T13:37:25.288+0000] {logging_mixin.py:120} INFO - [2024-09-02T13:37:25.287+0000] {dag.py:2585} INFO - Sync 1 DAGs
[2024-09-02T13:37:25.416+0000] {logging_mixin.py:120} INFO - [2024-09-02T13:37:25.416+0000] {dag.py:3340} INFO - Setting next_dagrun for producer to 2024-09-01T00:00:00+00:00, run_after=2024-09-02T00:00:00+00:00
[2024-09-02T13:37:25.565+0000] {processor.py:176} INFO - Processing /opt/airflow/dags/producer.py took 0.658 seconds
[2024-09-02T13:37:56.224+0000] {processor.py:154} INFO - Started process (PID=431) to work on /opt/airflow/dags/producer.py
[2024-09-02T13:37:56.226+0000] {processor.py:756} INFO - Processing file /opt/airflow/dags/producer.py for tasks to queue
[2024-09-02T13:37:56.227+0000] {logging_mixin.py:120} INFO - [2024-09-02T13:37:56.227+0000] {dagbag.py:537} INFO - Filling up the DagBag from /opt/airflow/dags/producer.py
[2024-09-02T13:37:56.270+0000] {processor.py:766} INFO - DAG(s) dict_keys(['producer']) retrieved from /opt/airflow/dags/producer.py
[2024-09-02T13:37:56.311+0000] {logging_mixin.py:120} INFO - [2024-09-02T13:37:56.311+0000] {dag.py:2585} INFO - Sync 1 DAGs
[2024-09-02T13:37:56.339+0000] {logging_mixin.py:120} INFO - [2024-09-02T13:37:56.339+0000] {dag.py:3340} INFO - Setting next_dagrun for producer to 2024-09-01T00:00:00+00:00, run_after=2024-09-02T00:00:00+00:00
[2024-09-02T13:37:56.371+0000] {processor.py:176} INFO - Processing /opt/airflow/dags/producer.py took 0.151 seconds
[2024-09-02T13:38:26.476+0000] {processor.py:154} INFO - Started process (PID=456) to work on /opt/airflow/dags/producer.py
[2024-09-02T13:38:26.477+0000] {processor.py:756} INFO - Processing file /opt/airflow/dags/producer.py for tasks to queue
[2024-09-02T13:38:26.489+0000] {logging_mixin.py:120} INFO - [2024-09-02T13:38:26.478+0000] {dagbag.py:537} INFO - Filling up the DagBag from /opt/airflow/dags/producer.py
[2024-09-02T13:38:26.530+0000] {processor.py:766} INFO - DAG(s) dict_keys(['producer']) retrieved from /opt/airflow/dags/producer.py
[2024-09-02T13:38:26.635+0000] {logging_mixin.py:120} INFO - [2024-09-02T13:38:26.634+0000] {dag.py:2585} INFO - Sync 1 DAGs
[2024-09-02T13:38:26.710+0000] {logging_mixin.py:120} INFO - [2024-09-02T13:38:26.710+0000] {dag.py:3340} INFO - Setting next_dagrun for producer to 2024-09-01T00:00:00+00:00, run_after=2024-09-02T00:00:00+00:00
[2024-09-02T13:38:26.776+0000] {processor.py:176} INFO - Processing /opt/airflow/dags/producer.py took 0.304 seconds
[2024-09-02T13:38:56.951+0000] {processor.py:154} INFO - Started process (PID=488) to work on /opt/airflow/dags/producer.py
[2024-09-02T13:38:56.954+0000] {processor.py:756} INFO - Processing file /opt/airflow/dags/producer.py for tasks to queue
[2024-09-02T13:38:56.956+0000] {logging_mixin.py:120} INFO - [2024-09-02T13:38:56.956+0000] {dagbag.py:537} INFO - Filling up the DagBag from /opt/airflow/dags/producer.py
[2024-09-02T13:38:57.052+0000] {processor.py:766} INFO - DAG(s) dict_keys(['producer']) retrieved from /opt/airflow/dags/producer.py
[2024-09-02T13:38:57.136+0000] {logging_mixin.py:120} INFO - [2024-09-02T13:38:57.136+0000] {dag.py:2585} INFO - Sync 1 DAGs
[2024-09-02T13:38:57.188+0000] {logging_mixin.py:120} INFO - [2024-09-02T13:38:57.188+0000] {dag.py:3340} INFO - Setting next_dagrun for producer to 2024-09-01T00:00:00+00:00, run_after=2024-09-02T00:00:00+00:00
[2024-09-02T13:38:57.222+0000] {processor.py:176} INFO - Processing /opt/airflow/dags/producer.py took 0.278 seconds
[2024-09-02T13:39:27.691+0000] {processor.py:154} INFO - Started process (PID=512) to work on /opt/airflow/dags/producer.py
[2024-09-02T13:39:27.692+0000] {processor.py:756} INFO - Processing file /opt/airflow/dags/producer.py for tasks to queue
[2024-09-02T13:39:27.693+0000] {logging_mixin.py:120} INFO - [2024-09-02T13:39:27.693+0000] {dagbag.py:537} INFO - Filling up the DagBag from /opt/airflow/dags/producer.py
[2024-09-02T13:39:27.856+0000] {processor.py:766} INFO - DAG(s) dict_keys(['producer']) retrieved from /opt/airflow/dags/producer.py
[2024-09-02T13:39:27.975+0000] {logging_mixin.py:120} INFO - [2024-09-02T13:39:27.975+0000] {dag.py:2585} INFO - Sync 1 DAGs
[2024-09-02T13:39:28.047+0000] {logging_mixin.py:120} INFO - [2024-09-02T13:39:28.047+0000] {dag.py:3340} INFO - Setting next_dagrun for producer to 2024-09-01T00:00:00+00:00, run_after=2024-09-02T00:00:00+00:00
[2024-09-02T13:39:28.127+0000] {processor.py:176} INFO - Processing /opt/airflow/dags/producer.py took 0.439 seconds
[2024-09-02T13:39:58.711+0000] {processor.py:154} INFO - Started process (PID=544) to work on /opt/airflow/dags/producer.py
[2024-09-02T13:39:58.733+0000] {processor.py:756} INFO - Processing file /opt/airflow/dags/producer.py for tasks to queue
[2024-09-02T13:39:58.761+0000] {logging_mixin.py:120} INFO - [2024-09-02T13:39:58.760+0000] {dagbag.py:537} INFO - Filling up the DagBag from /opt/airflow/dags/producer.py
[2024-09-02T13:39:58.847+0000] {processor.py:766} INFO - DAG(s) dict_keys(['producer']) retrieved from /opt/airflow/dags/producer.py
[2024-09-02T13:39:58.882+0000] {logging_mixin.py:120} INFO - [2024-09-02T13:39:58.882+0000] {dag.py:2585} INFO - Sync 1 DAGs
[2024-09-02T13:39:58.902+0000] {logging_mixin.py:120} INFO - [2024-09-02T13:39:58.902+0000] {dag.py:3340} INFO - Setting next_dagrun for producer to 2024-09-01T00:00:00+00:00, run_after=2024-09-02T00:00:00+00:00
[2024-09-02T13:39:58.931+0000] {processor.py:176} INFO - Processing /opt/airflow/dags/producer.py took 0.222 seconds
[2024-09-02T13:40:30.174+0000] {processor.py:154} INFO - Started process (PID=576) to work on /opt/airflow/dags/producer.py
[2024-09-02T13:40:30.177+0000] {processor.py:756} INFO - Processing file /opt/airflow/dags/producer.py for tasks to queue
[2024-09-02T13:40:30.235+0000] {logging_mixin.py:120} INFO - [2024-09-02T13:40:30.235+0000] {dagbag.py:537} INFO - Filling up the DagBag from /opt/airflow/dags/producer.py
[2024-09-02T13:40:30.791+0000] {processor.py:766} INFO - DAG(s) dict_keys(['producer']) retrieved from /opt/airflow/dags/producer.py
[2024-09-02T13:40:30.984+0000] {logging_mixin.py:120} INFO - [2024-09-02T13:40:30.984+0000] {dag.py:2585} INFO - Sync 1 DAGs
[2024-09-02T13:40:31.053+0000] {logging_mixin.py:120} INFO - [2024-09-02T13:40:31.053+0000] {dag.py:3340} INFO - Setting next_dagrun for producer to 2024-09-01T00:00:00+00:00, run_after=2024-09-02T00:00:00+00:00
[2024-09-02T13:40:31.276+0000] {processor.py:176} INFO - Processing /opt/airflow/dags/producer.py took 1.104 seconds
[2024-09-02T13:41:02.363+0000] {processor.py:154} INFO - Started process (PID=608) to work on /opt/airflow/dags/producer.py
[2024-09-02T13:41:02.364+0000] {processor.py:756} INFO - Processing file /opt/airflow/dags/producer.py for tasks to queue
[2024-09-02T13:41:02.365+0000] {logging_mixin.py:120} INFO - [2024-09-02T13:41:02.365+0000] {dagbag.py:537} INFO - Filling up the DagBag from /opt/airflow/dags/producer.py
[2024-09-02T13:41:02.394+0000] {processor.py:766} INFO - DAG(s) dict_keys(['producer']) retrieved from /opt/airflow/dags/producer.py
[2024-09-02T13:41:02.432+0000] {logging_mixin.py:120} INFO - [2024-09-02T13:41:02.432+0000] {dag.py:2585} INFO - Sync 1 DAGs
[2024-09-02T13:41:02.497+0000] {logging_mixin.py:120} INFO - [2024-09-02T13:41:02.497+0000] {dag.py:3340} INFO - Setting next_dagrun for producer to 2024-09-01T00:00:00+00:00, run_after=2024-09-02T00:00:00+00:00
[2024-09-02T13:41:02.623+0000] {processor.py:176} INFO - Processing /opt/airflow/dags/producer.py took 0.263 seconds
[2024-09-02T13:41:33.207+0000] {processor.py:154} INFO - Started process (PID=639) to work on /opt/airflow/dags/producer.py
[2024-09-02T13:41:33.209+0000] {processor.py:756} INFO - Processing file /opt/airflow/dags/producer.py for tasks to queue
[2024-09-02T13:41:33.210+0000] {logging_mixin.py:120} INFO - [2024-09-02T13:41:33.210+0000] {dagbag.py:537} INFO - Filling up the DagBag from /opt/airflow/dags/producer.py
[2024-09-02T13:41:33.259+0000] {processor.py:766} INFO - DAG(s) dict_keys(['producer']) retrieved from /opt/airflow/dags/producer.py
[2024-09-02T13:41:33.307+0000] {logging_mixin.py:120} INFO - [2024-09-02T13:41:33.306+0000] {dag.py:2585} INFO - Sync 1 DAGs
[2024-09-02T13:41:33.350+0000] {logging_mixin.py:120} INFO - [2024-09-02T13:41:33.350+0000] {dag.py:3340} INFO - Setting next_dagrun for producer to 2024-09-01T00:00:00+00:00, run_after=2024-09-02T00:00:00+00:00
[2024-09-02T13:41:33.398+0000] {processor.py:176} INFO - Processing /opt/airflow/dags/producer.py took 0.194 seconds
[2024-09-02T13:42:03.882+0000] {processor.py:154} INFO - Started process (PID=663) to work on /opt/airflow/dags/producer.py
[2024-09-02T13:42:03.884+0000] {processor.py:756} INFO - Processing file /opt/airflow/dags/producer.py for tasks to queue
[2024-09-02T13:42:03.885+0000] {logging_mixin.py:120} INFO - [2024-09-02T13:42:03.885+0000] {dagbag.py:537} INFO - Filling up the DagBag from /opt/airflow/dags/producer.py
[2024-09-02T13:42:03.929+0000] {processor.py:766} INFO - DAG(s) dict_keys(['producer']) retrieved from /opt/airflow/dags/producer.py
[2024-09-02T13:42:03.979+0000] {logging_mixin.py:120} INFO - [2024-09-02T13:42:03.978+0000] {dag.py:2585} INFO - Sync 1 DAGs
[2024-09-02T13:42:04.005+0000] {logging_mixin.py:120} INFO - [2024-09-02T13:42:04.004+0000] {dag.py:3340} INFO - Setting next_dagrun for producer to 2024-09-01T00:00:00+00:00, run_after=2024-09-02T00:00:00+00:00
[2024-09-02T13:42:04.035+0000] {processor.py:176} INFO - Processing /opt/airflow/dags/producer.py took 0.160 seconds
[2024-09-02T13:42:34.768+0000] {processor.py:154} INFO - Started process (PID=694) to work on /opt/airflow/dags/producer.py
[2024-09-02T13:42:34.769+0000] {processor.py:756} INFO - Processing file /opt/airflow/dags/producer.py for tasks to queue
[2024-09-02T13:42:34.771+0000] {logging_mixin.py:120} INFO - [2024-09-02T13:42:34.771+0000] {dagbag.py:537} INFO - Filling up the DagBag from /opt/airflow/dags/producer.py
[2024-09-02T13:42:34.939+0000] {processor.py:766} INFO - DAG(s) dict_keys(['producer']) retrieved from /opt/airflow/dags/producer.py
[2024-09-02T13:42:35.014+0000] {logging_mixin.py:120} INFO - [2024-09-02T13:42:35.013+0000] {dag.py:2585} INFO - Sync 1 DAGs
[2024-09-02T13:42:35.036+0000] {logging_mixin.py:120} INFO - [2024-09-02T13:42:35.036+0000] {dag.py:3340} INFO - Setting next_dagrun for producer to 2024-09-01T00:00:00+00:00, run_after=2024-09-02T00:00:00+00:00
[2024-09-02T13:42:35.175+0000] {processor.py:176} INFO - Processing /opt/airflow/dags/producer.py took 0.409 seconds
[2024-09-02T13:43:05.549+0000] {processor.py:154} INFO - Started process (PID=725) to work on /opt/airflow/dags/producer.py
[2024-09-02T13:43:05.629+0000] {processor.py:756} INFO - Processing file /opt/airflow/dags/producer.py for tasks to queue
[2024-09-02T13:43:05.646+0000] {logging_mixin.py:120} INFO - [2024-09-02T13:43:05.645+0000] {dagbag.py:537} INFO - Filling up the DagBag from /opt/airflow/dags/producer.py
[2024-09-02T13:43:05.731+0000] {processor.py:766} INFO - DAG(s) dict_keys(['producer']) retrieved from /opt/airflow/dags/producer.py
[2024-09-02T13:43:05.812+0000] {logging_mixin.py:120} INFO - [2024-09-02T13:43:05.812+0000] {dag.py:2585} INFO - Sync 1 DAGs
[2024-09-02T13:43:05.882+0000] {logging_mixin.py:120} INFO - [2024-09-02T13:43:05.882+0000] {dag.py:3340} INFO - Setting next_dagrun for producer to 2024-09-01T00:00:00+00:00, run_after=2024-09-02T00:00:00+00:00
[2024-09-02T13:43:06.003+0000] {processor.py:176} INFO - Processing /opt/airflow/dags/producer.py took 0.458 seconds
[2024-09-02T13:43:36.717+0000] {processor.py:154} INFO - Started process (PID=749) to work on /opt/airflow/dags/producer.py
[2024-09-02T13:43:36.723+0000] {processor.py:756} INFO - Processing file /opt/airflow/dags/producer.py for tasks to queue
[2024-09-02T13:43:36.724+0000] {logging_mixin.py:120} INFO - [2024-09-02T13:43:36.724+0000] {dagbag.py:537} INFO - Filling up the DagBag from /opt/airflow/dags/producer.py
[2024-09-02T13:43:36.770+0000] {processor.py:766} INFO - DAG(s) dict_keys(['producer']) retrieved from /opt/airflow/dags/producer.py
[2024-09-02T13:43:36.814+0000] {logging_mixin.py:120} INFO - [2024-09-02T13:43:36.814+0000] {dag.py:2585} INFO - Sync 1 DAGs
[2024-09-02T13:43:36.845+0000] {logging_mixin.py:120} INFO - [2024-09-02T13:43:36.845+0000] {dag.py:3340} INFO - Setting next_dagrun for producer to 2024-09-01T00:00:00+00:00, run_after=2024-09-02T00:00:00+00:00
[2024-09-02T13:43:36.880+0000] {processor.py:176} INFO - Processing /opt/airflow/dags/producer.py took 0.166 seconds
[2024-09-02T13:44:07.196+0000] {processor.py:154} INFO - Started process (PID=781) to work on /opt/airflow/dags/producer.py
[2024-09-02T13:44:07.198+0000] {processor.py:756} INFO - Processing file /opt/airflow/dags/producer.py for tasks to queue
[2024-09-02T13:44:07.199+0000] {logging_mixin.py:120} INFO - [2024-09-02T13:44:07.199+0000] {dagbag.py:537} INFO - Filling up the DagBag from /opt/airflow/dags/producer.py
[2024-09-02T13:44:07.239+0000] {processor.py:766} INFO - DAG(s) dict_keys(['producer']) retrieved from /opt/airflow/dags/producer.py
[2024-09-02T13:44:07.273+0000] {logging_mixin.py:120} INFO - [2024-09-02T13:44:07.273+0000] {dag.py:2585} INFO - Sync 1 DAGs
[2024-09-02T13:44:07.300+0000] {logging_mixin.py:120} INFO - [2024-09-02T13:44:07.299+0000] {dag.py:3340} INFO - Setting next_dagrun for producer to 2024-09-01T00:00:00+00:00, run_after=2024-09-02T00:00:00+00:00
[2024-09-02T13:44:07.332+0000] {processor.py:176} INFO - Processing /opt/airflow/dags/producer.py took 0.140 seconds
[2024-09-02T13:44:37.770+0000] {processor.py:154} INFO - Started process (PID=813) to work on /opt/airflow/dags/producer.py
[2024-09-02T13:44:37.774+0000] {processor.py:756} INFO - Processing file /opt/airflow/dags/producer.py for tasks to queue
[2024-09-02T13:44:37.776+0000] {logging_mixin.py:120} INFO - [2024-09-02T13:44:37.776+0000] {dagbag.py:537} INFO - Filling up the DagBag from /opt/airflow/dags/producer.py
[2024-09-02T13:44:37.916+0000] {processor.py:766} INFO - DAG(s) dict_keys(['producer']) retrieved from /opt/airflow/dags/producer.py
[2024-09-02T13:44:38.038+0000] {logging_mixin.py:120} INFO - [2024-09-02T13:44:38.038+0000] {dag.py:2585} INFO - Sync 1 DAGs
[2024-09-02T13:44:38.125+0000] {logging_mixin.py:120} INFO - [2024-09-02T13:44:38.124+0000] {dag.py:3340} INFO - Setting next_dagrun for producer to 2024-09-01T00:00:00+00:00, run_after=2024-09-02T00:00:00+00:00
[2024-09-02T13:44:38.205+0000] {processor.py:176} INFO - Processing /opt/airflow/dags/producer.py took 0.446 seconds
[2024-09-02T13:45:09.346+0000] {processor.py:154} INFO - Started process (PID=836) to work on /opt/airflow/dags/producer.py
[2024-09-02T13:45:09.354+0000] {processor.py:756} INFO - Processing file /opt/airflow/dags/producer.py for tasks to queue
[2024-09-02T13:45:09.357+0000] {logging_mixin.py:120} INFO - [2024-09-02T13:45:09.356+0000] {dagbag.py:537} INFO - Filling up the DagBag from /opt/airflow/dags/producer.py
[2024-09-02T13:45:09.706+0000] {processor.py:766} INFO - DAG(s) dict_keys(['producer']) retrieved from /opt/airflow/dags/producer.py
[2024-09-02T13:45:09.785+0000] {logging_mixin.py:120} INFO - [2024-09-02T13:45:09.784+0000] {dag.py:2585} INFO - Sync 1 DAGs
[2024-09-02T13:45:09.826+0000] {logging_mixin.py:120} INFO - [2024-09-02T13:45:09.826+0000] {dag.py:3340} INFO - Setting next_dagrun for producer to 2024-09-01T00:00:00+00:00, run_after=2024-09-02T00:00:00+00:00
[2024-09-02T13:45:09.877+0000] {processor.py:176} INFO - Processing /opt/airflow/dags/producer.py took 0.535 seconds
[2024-09-02T13:45:40.569+0000] {processor.py:154} INFO - Started process (PID=868) to work on /opt/airflow/dags/producer.py
[2024-09-02T13:45:40.571+0000] {processor.py:756} INFO - Processing file /opt/airflow/dags/producer.py for tasks to queue
[2024-09-02T13:45:40.576+0000] {logging_mixin.py:120} INFO - [2024-09-02T13:45:40.575+0000] {dagbag.py:537} INFO - Filling up the DagBag from /opt/airflow/dags/producer.py
[2024-09-02T13:45:40.728+0000] {processor.py:766} INFO - DAG(s) dict_keys(['producer']) retrieved from /opt/airflow/dags/producer.py
[2024-09-02T13:45:40.858+0000] {logging_mixin.py:120} INFO - [2024-09-02T13:45:40.857+0000] {dag.py:2585} INFO - Sync 1 DAGs
[2024-09-02T13:45:40.930+0000] {logging_mixin.py:120} INFO - [2024-09-02T13:45:40.930+0000] {dag.py:3340} INFO - Setting next_dagrun for producer to 2024-09-01T00:00:00+00:00, run_after=2024-09-02T00:00:00+00:00
[2024-09-02T13:45:41.044+0000] {processor.py:176} INFO - Processing /opt/airflow/dags/producer.py took 0.481 seconds
[2024-09-02T13:46:11.725+0000] {processor.py:154} INFO - Started process (PID=891) to work on /opt/airflow/dags/producer.py
[2024-09-02T13:46:11.730+0000] {processor.py:756} INFO - Processing file /opt/airflow/dags/producer.py for tasks to queue
[2024-09-02T13:46:11.732+0000] {logging_mixin.py:120} INFO - [2024-09-02T13:46:11.731+0000] {dagbag.py:537} INFO - Filling up the DagBag from /opt/airflow/dags/producer.py
[2024-09-02T13:46:11.781+0000] {processor.py:766} INFO - DAG(s) dict_keys(['producer']) retrieved from /opt/airflow/dags/producer.py
[2024-09-02T13:46:11.823+0000] {logging_mixin.py:120} INFO - [2024-09-02T13:46:11.823+0000] {dag.py:2585} INFO - Sync 1 DAGs
[2024-09-02T13:46:11.861+0000] {logging_mixin.py:120} INFO - [2024-09-02T13:46:11.861+0000] {dag.py:3340} INFO - Setting next_dagrun for producer to 2024-09-01T00:00:00+00:00, run_after=2024-09-02T00:00:00+00:00
[2024-09-02T13:46:11.904+0000] {processor.py:176} INFO - Processing /opt/airflow/dags/producer.py took 0.184 seconds
[2024-09-02T13:46:42.432+0000] {processor.py:154} INFO - Started process (PID=921) to work on /opt/airflow/dags/producer.py
[2024-09-02T13:46:42.442+0000] {processor.py:756} INFO - Processing file /opt/airflow/dags/producer.py for tasks to queue
[2024-09-02T13:46:42.453+0000] {logging_mixin.py:120} INFO - [2024-09-02T13:46:42.452+0000] {dagbag.py:537} INFO - Filling up the DagBag from /opt/airflow/dags/producer.py
[2024-09-02T13:46:42.670+0000] {processor.py:766} INFO - DAG(s) dict_keys(['producer']) retrieved from /opt/airflow/dags/producer.py
[2024-09-02T13:46:42.840+0000] {logging_mixin.py:120} INFO - [2024-09-02T13:46:42.840+0000] {dag.py:2585} INFO - Sync 1 DAGs
[2024-09-02T13:46:43.001+0000] {logging_mixin.py:120} INFO - [2024-09-02T13:46:43.000+0000] {dag.py:3340} INFO - Setting next_dagrun for producer to 2024-09-01T00:00:00+00:00, run_after=2024-09-02T00:00:00+00:00
[2024-09-02T13:46:43.107+0000] {processor.py:176} INFO - Processing /opt/airflow/dags/producer.py took 0.682 seconds
