[2024-09-02T13:30:55.664+0000] {processor.py:154} INFO - Started process (PID=71) to work on /opt/airflow/dags/user_processing.py
[2024-09-02T13:30:55.668+0000] {processor.py:756} INFO - Processing file /opt/airflow/dags/user_processing.py for tasks to queue
[2024-09-02T13:30:55.671+0000] {logging_mixin.py:120} INFO - [2024-09-02T13:30:55.671+0000] {dagbag.py:537} INFO - Filling up the DagBag from /opt/airflow/dags/user_processing.py
[2024-09-02T13:30:58.432+0000] {processor.py:766} INFO - DAG(s) dict_keys(['user_processing']) retrieved from /opt/airflow/dags/user_processing.py
[2024-09-02T13:30:59.085+0000] {logging_mixin.py:120} INFO - [2024-09-02T13:30:59.085+0000] {manager.py:507} INFO - Created Permission View: can read on DAG:user_processing
[2024-09-02T13:30:59.119+0000] {logging_mixin.py:120} INFO - [2024-09-02T13:30:59.118+0000] {manager.py:507} INFO - Created Permission View: can delete on DAG:user_processing
[2024-09-02T13:30:59.149+0000] {logging_mixin.py:120} INFO - [2024-09-02T13:30:59.149+0000] {manager.py:507} INFO - Created Permission View: can edit on DAG:user_processing
[2024-09-02T13:30:59.152+0000] {logging_mixin.py:120} INFO - [2024-09-02T13:30:59.151+0000] {dag.py:2585} INFO - Sync 1 DAGs
[2024-09-02T13:30:59.199+0000] {logging_mixin.py:120} INFO - [2024-09-02T13:30:59.197+0000] {dag.py:2606} INFO - Creating ORM DAG for user_processing
[2024-09-02T13:30:59.236+0000] {logging_mixin.py:120} INFO - [2024-09-02T13:30:59.235+0000] {dag.py:3340} INFO - Setting next_dagrun for user_processing to 2024-09-01T00:00:00+00:00, run_after=2024-09-02T00:00:00+00:00
[2024-09-02T13:30:59.321+0000] {processor.py:176} INFO - Processing /opt/airflow/dags/user_processing.py took 3.666 seconds
[2024-09-02T13:31:29.816+0000] {processor.py:154} INFO - Started process (PID=93) to work on /opt/airflow/dags/user_processing.py
[2024-09-02T13:31:29.818+0000] {processor.py:756} INFO - Processing file /opt/airflow/dags/user_processing.py for tasks to queue
[2024-09-02T13:31:29.820+0000] {logging_mixin.py:120} INFO - [2024-09-02T13:31:29.820+0000] {dagbag.py:537} INFO - Filling up the DagBag from /opt/airflow/dags/user_processing.py
[2024-09-02T13:31:31.292+0000] {processor.py:766} INFO - DAG(s) dict_keys(['user_processing']) retrieved from /opt/airflow/dags/user_processing.py
[2024-09-02T13:31:31.878+0000] {logging_mixin.py:120} INFO - [2024-09-02T13:31:31.877+0000] {dag.py:2585} INFO - Sync 1 DAGs
[2024-09-02T13:31:31.914+0000] {logging_mixin.py:120} INFO - [2024-09-02T13:31:31.914+0000] {dag.py:3340} INFO - Setting next_dagrun for user_processing to 2024-09-01T00:00:00+00:00, run_after=2024-09-02T00:00:00+00:00
[2024-09-02T13:31:31.944+0000] {processor.py:176} INFO - Processing /opt/airflow/dags/user_processing.py took 2.132 seconds
[2024-09-02T13:32:02.525+0000] {processor.py:154} INFO - Started process (PID=116) to work on /opt/airflow/dags/user_processing.py
[2024-09-02T13:32:02.529+0000] {processor.py:756} INFO - Processing file /opt/airflow/dags/user_processing.py for tasks to queue
[2024-09-02T13:32:02.536+0000] {logging_mixin.py:120} INFO - [2024-09-02T13:32:02.536+0000] {dagbag.py:537} INFO - Filling up the DagBag from /opt/airflow/dags/user_processing.py
[2024-09-02T13:32:03.953+0000] {processor.py:766} INFO - DAG(s) dict_keys(['user_processing']) retrieved from /opt/airflow/dags/user_processing.py
[2024-09-02T13:32:04.634+0000] {logging_mixin.py:120} INFO - [2024-09-02T13:32:04.632+0000] {dag.py:2585} INFO - Sync 1 DAGs
[2024-09-02T13:32:04.745+0000] {logging_mixin.py:120} INFO - [2024-09-02T13:32:04.745+0000] {dag.py:3340} INFO - Setting next_dagrun for user_processing to 2024-09-01T00:00:00+00:00, run_after=2024-09-02T00:00:00+00:00
[2024-09-02T13:32:04.822+0000] {processor.py:176} INFO - Processing /opt/airflow/dags/user_processing.py took 2.305 seconds
[2024-09-02T13:32:35.335+0000] {processor.py:154} INFO - Started process (PID=148) to work on /opt/airflow/dags/user_processing.py
[2024-09-02T13:32:35.346+0000] {processor.py:756} INFO - Processing file /opt/airflow/dags/user_processing.py for tasks to queue
[2024-09-02T13:32:35.349+0000] {logging_mixin.py:120} INFO - [2024-09-02T13:32:35.349+0000] {dagbag.py:537} INFO - Filling up the DagBag from /opt/airflow/dags/user_processing.py
[2024-09-02T13:32:36.412+0000] {processor.py:766} INFO - DAG(s) dict_keys(['user_processing']) retrieved from /opt/airflow/dags/user_processing.py
[2024-09-02T13:32:36.785+0000] {logging_mixin.py:120} INFO - [2024-09-02T13:32:36.784+0000] {dag.py:2585} INFO - Sync 1 DAGs
[2024-09-02T13:32:36.840+0000] {logging_mixin.py:120} INFO - [2024-09-02T13:32:36.840+0000] {dag.py:3340} INFO - Setting next_dagrun for user_processing to 2024-09-01T00:00:00+00:00, run_after=2024-09-02T00:00:00+00:00
[2024-09-02T13:32:36.896+0000] {processor.py:176} INFO - Processing /opt/airflow/dags/user_processing.py took 1.566 seconds
[2024-09-02T13:33:09.171+0000] {processor.py:154} INFO - Started process (PID=180) to work on /opt/airflow/dags/user_processing.py
[2024-09-02T13:33:09.227+0000] {processor.py:756} INFO - Processing file /opt/airflow/dags/user_processing.py for tasks to queue
[2024-09-02T13:33:09.326+0000] {logging_mixin.py:120} INFO - [2024-09-02T13:33:09.326+0000] {dagbag.py:537} INFO - Filling up the DagBag from /opt/airflow/dags/user_processing.py
[2024-09-02T13:33:11.362+0000] {processor.py:766} INFO - DAG(s) dict_keys(['user_processing']) retrieved from /opt/airflow/dags/user_processing.py
[2024-09-02T13:33:12.086+0000] {logging_mixin.py:120} INFO - [2024-09-02T13:33:12.085+0000] {dag.py:2585} INFO - Sync 1 DAGs
[2024-09-02T13:33:12.178+0000] {logging_mixin.py:120} INFO - [2024-09-02T13:33:12.177+0000] {dag.py:3340} INFO - Setting next_dagrun for user_processing to 2024-09-01T00:00:00+00:00, run_after=2024-09-02T00:00:00+00:00
[2024-09-02T13:33:12.253+0000] {processor.py:176} INFO - Processing /opt/airflow/dags/user_processing.py took 3.090 seconds
[2024-09-02T13:33:42.893+0000] {processor.py:154} INFO - Started process (PID=203) to work on /opt/airflow/dags/user_processing.py
[2024-09-02T13:33:42.946+0000] {processor.py:756} INFO - Processing file /opt/airflow/dags/user_processing.py for tasks to queue
[2024-09-02T13:33:42.948+0000] {logging_mixin.py:120} INFO - [2024-09-02T13:33:42.948+0000] {dagbag.py:537} INFO - Filling up the DagBag from /opt/airflow/dags/user_processing.py
[2024-09-02T13:33:44.309+0000] {processor.py:766} INFO - DAG(s) dict_keys(['user_processing']) retrieved from /opt/airflow/dags/user_processing.py
[2024-09-02T13:33:44.550+0000] {logging_mixin.py:120} INFO - [2024-09-02T13:33:44.549+0000] {dag.py:2585} INFO - Sync 1 DAGs
[2024-09-02T13:33:44.599+0000] {logging_mixin.py:120} INFO - [2024-09-02T13:33:44.599+0000] {dag.py:3340} INFO - Setting next_dagrun for user_processing to 2024-09-01T00:00:00+00:00, run_after=2024-09-02T00:00:00+00:00
[2024-09-02T13:33:44.637+0000] {processor.py:176} INFO - Processing /opt/airflow/dags/user_processing.py took 1.747 seconds
[2024-09-02T13:34:14.871+0000] {processor.py:154} INFO - Started process (PID=235) to work on /opt/airflow/dags/user_processing.py
[2024-09-02T13:34:14.873+0000] {processor.py:756} INFO - Processing file /opt/airflow/dags/user_processing.py for tasks to queue
[2024-09-02T13:34:14.874+0000] {logging_mixin.py:120} INFO - [2024-09-02T13:34:14.874+0000] {dagbag.py:537} INFO - Filling up the DagBag from /opt/airflow/dags/user_processing.py
[2024-09-02T13:34:17.876+0000] {processor.py:766} INFO - DAG(s) dict_keys(['user_processing']) retrieved from /opt/airflow/dags/user_processing.py
[2024-09-02T13:34:18.789+0000] {logging_mixin.py:120} INFO - [2024-09-02T13:34:18.789+0000] {dag.py:2585} INFO - Sync 1 DAGs
[2024-09-02T13:34:18.955+0000] {logging_mixin.py:120} INFO - [2024-09-02T13:34:18.955+0000] {dag.py:3340} INFO - Setting next_dagrun for user_processing to 2024-09-01T00:00:00+00:00, run_after=2024-09-02T00:00:00+00:00
[2024-09-02T13:34:19.580+0000] {processor.py:176} INFO - Processing /opt/airflow/dags/user_processing.py took 4.714 seconds
[2024-09-02T13:34:56.060+0000] {processor.py:154} INFO - Started process (PID=267) to work on /opt/airflow/dags/user_processing.py
[2024-09-02T13:34:56.061+0000] {processor.py:756} INFO - Processing file /opt/airflow/dags/user_processing.py for tasks to queue
[2024-09-02T13:34:56.062+0000] {logging_mixin.py:120} INFO - [2024-09-02T13:34:56.062+0000] {dagbag.py:537} INFO - Filling up the DagBag from /opt/airflow/dags/user_processing.py
[2024-09-02T13:34:57.586+0000] {processor.py:766} INFO - DAG(s) dict_keys(['user_processing']) retrieved from /opt/airflow/dags/user_processing.py
[2024-09-02T13:35:01.712+0000] {logging_mixin.py:120} INFO - [2024-09-02T13:35:01.704+0000] {dag.py:2585} INFO - Sync 1 DAGs
[2024-09-02T13:35:01.746+0000] {logging_mixin.py:120} INFO - [2024-09-02T13:35:01.746+0000] {dag.py:3340} INFO - Setting next_dagrun for user_processing to 2024-09-01T00:00:00+00:00, run_after=2024-09-02T00:00:00+00:00
[2024-09-02T13:35:01.771+0000] {processor.py:176} INFO - Processing /opt/airflow/dags/user_processing.py took 5.722 seconds
[2024-09-02T13:35:32.360+0000] {processor.py:154} INFO - Started process (PID=301) to work on /opt/airflow/dags/user_processing.py
[2024-09-02T13:35:32.362+0000] {processor.py:756} INFO - Processing file /opt/airflow/dags/user_processing.py for tasks to queue
[2024-09-02T13:35:32.363+0000] {logging_mixin.py:120} INFO - [2024-09-02T13:35:32.363+0000] {dagbag.py:537} INFO - Filling up the DagBag from /opt/airflow/dags/user_processing.py
[2024-09-02T13:35:32.891+0000] {processor.py:766} INFO - DAG(s) dict_keys(['user_processing']) retrieved from /opt/airflow/dags/user_processing.py
[2024-09-02T13:35:33.117+0000] {logging_mixin.py:120} INFO - [2024-09-02T13:35:33.107+0000] {dag.py:2585} INFO - Sync 1 DAGs
[2024-09-02T13:35:33.152+0000] {logging_mixin.py:120} INFO - [2024-09-02T13:35:33.152+0000] {dag.py:3340} INFO - Setting next_dagrun for user_processing to 2024-09-01T00:00:00+00:00, run_after=2024-09-02T00:00:00+00:00
[2024-09-02T13:35:33.168+0000] {processor.py:176} INFO - Processing /opt/airflow/dags/user_processing.py took 0.814 seconds
[2024-09-02T13:36:04.158+0000] {processor.py:154} INFO - Started process (PID=324) to work on /opt/airflow/dags/user_processing.py
[2024-09-02T13:36:04.160+0000] {processor.py:756} INFO - Processing file /opt/airflow/dags/user_processing.py for tasks to queue
[2024-09-02T13:36:04.161+0000] {logging_mixin.py:120} INFO - [2024-09-02T13:36:04.161+0000] {dagbag.py:537} INFO - Filling up the DagBag from /opt/airflow/dags/user_processing.py
[2024-09-02T13:36:05.085+0000] {processor.py:766} INFO - DAG(s) dict_keys(['user_processing']) retrieved from /opt/airflow/dags/user_processing.py
[2024-09-02T13:36:05.299+0000] {logging_mixin.py:120} INFO - [2024-09-02T13:36:05.298+0000] {dag.py:2585} INFO - Sync 1 DAGs
[2024-09-02T13:36:05.329+0000] {logging_mixin.py:120} INFO - [2024-09-02T13:36:05.329+0000] {dag.py:3340} INFO - Setting next_dagrun for user_processing to 2024-09-01T00:00:00+00:00, run_after=2024-09-02T00:00:00+00:00
[2024-09-02T13:36:05.357+0000] {processor.py:176} INFO - Processing /opt/airflow/dags/user_processing.py took 1.201 seconds
[2024-09-02T13:36:36.448+0000] {processor.py:154} INFO - Started process (PID=356) to work on /opt/airflow/dags/user_processing.py
[2024-09-02T13:36:36.469+0000] {processor.py:756} INFO - Processing file /opt/airflow/dags/user_processing.py for tasks to queue
[2024-09-02T13:36:36.470+0000] {logging_mixin.py:120} INFO - [2024-09-02T13:36:36.470+0000] {dagbag.py:537} INFO - Filling up the DagBag from /opt/airflow/dags/user_processing.py
[2024-09-02T13:36:37.859+0000] {processor.py:766} INFO - DAG(s) dict_keys(['user_processing']) retrieved from /opt/airflow/dags/user_processing.py
[2024-09-02T13:36:38.260+0000] {logging_mixin.py:120} INFO - [2024-09-02T13:36:38.260+0000] {dag.py:2585} INFO - Sync 1 DAGs
[2024-09-02T13:36:38.307+0000] {logging_mixin.py:120} INFO - [2024-09-02T13:36:38.307+0000] {dag.py:3340} INFO - Setting next_dagrun for user_processing to 2024-09-01T00:00:00+00:00, run_after=2024-09-02T00:00:00+00:00
[2024-09-02T13:36:38.423+0000] {processor.py:176} INFO - Processing /opt/airflow/dags/user_processing.py took 1.981 seconds
[2024-09-02T13:37:09.108+0000] {processor.py:154} INFO - Started process (PID=388) to work on /opt/airflow/dags/user_processing.py
[2024-09-02T13:37:09.110+0000] {processor.py:756} INFO - Processing file /opt/airflow/dags/user_processing.py for tasks to queue
[2024-09-02T13:37:09.111+0000] {logging_mixin.py:120} INFO - [2024-09-02T13:37:09.111+0000] {dagbag.py:537} INFO - Filling up the DagBag from /opt/airflow/dags/user_processing.py
[2024-09-02T13:37:10.452+0000] {processor.py:766} INFO - DAG(s) dict_keys(['user_processing']) retrieved from /opt/airflow/dags/user_processing.py
[2024-09-02T13:37:10.810+0000] {logging_mixin.py:120} INFO - [2024-09-02T13:37:10.809+0000] {dag.py:2585} INFO - Sync 1 DAGs
[2024-09-02T13:37:10.846+0000] {logging_mixin.py:120} INFO - [2024-09-02T13:37:10.846+0000] {dag.py:3340} INFO - Setting next_dagrun for user_processing to 2024-09-01T00:00:00+00:00, run_after=2024-09-02T00:00:00+00:00
[2024-09-02T13:37:11.016+0000] {processor.py:176} INFO - Processing /opt/airflow/dags/user_processing.py took 1.912 seconds
[2024-09-02T13:37:41.848+0000] {processor.py:154} INFO - Started process (PID=412) to work on /opt/airflow/dags/user_processing.py
[2024-09-02T13:37:41.849+0000] {processor.py:756} INFO - Processing file /opt/airflow/dags/user_processing.py for tasks to queue
[2024-09-02T13:37:41.850+0000] {logging_mixin.py:120} INFO - [2024-09-02T13:37:41.849+0000] {dagbag.py:537} INFO - Filling up the DagBag from /opt/airflow/dags/user_processing.py
[2024-09-02T13:37:42.391+0000] {processor.py:766} INFO - DAG(s) dict_keys(['user_processing']) retrieved from /opt/airflow/dags/user_processing.py
[2024-09-02T13:37:42.598+0000] {logging_mixin.py:120} INFO - [2024-09-02T13:37:42.598+0000] {dag.py:2585} INFO - Sync 1 DAGs
[2024-09-02T13:37:42.620+0000] {logging_mixin.py:120} INFO - [2024-09-02T13:37:42.619+0000] {dag.py:3340} INFO - Setting next_dagrun for user_processing to 2024-09-01T00:00:00+00:00, run_after=2024-09-02T00:00:00+00:00
[2024-09-02T13:37:42.652+0000] {processor.py:176} INFO - Processing /opt/airflow/dags/user_processing.py took 0.807 seconds
[2024-09-02T13:38:13.034+0000] {processor.py:154} INFO - Started process (PID=444) to work on /opt/airflow/dags/user_processing.py
[2024-09-02T13:38:13.036+0000] {processor.py:756} INFO - Processing file /opt/airflow/dags/user_processing.py for tasks to queue
[2024-09-02T13:38:13.037+0000] {logging_mixin.py:120} INFO - [2024-09-02T13:38:13.036+0000] {dagbag.py:537} INFO - Filling up the DagBag from /opt/airflow/dags/user_processing.py
[2024-09-02T13:38:13.892+0000] {processor.py:766} INFO - DAG(s) dict_keys(['user_processing']) retrieved from /opt/airflow/dags/user_processing.py
[2024-09-02T13:38:14.342+0000] {logging_mixin.py:120} INFO - [2024-09-02T13:38:14.342+0000] {dag.py:2585} INFO - Sync 1 DAGs
[2024-09-02T13:38:14.399+0000] {logging_mixin.py:120} INFO - [2024-09-02T13:38:14.399+0000] {dag.py:3340} INFO - Setting next_dagrun for user_processing to 2024-09-01T00:00:00+00:00, run_after=2024-09-02T00:00:00+00:00
[2024-09-02T13:38:14.470+0000] {processor.py:176} INFO - Processing /opt/airflow/dags/user_processing.py took 1.442 seconds
[2024-09-02T13:38:45.515+0000] {processor.py:154} INFO - Started process (PID=476) to work on /opt/airflow/dags/user_processing.py
[2024-09-02T13:38:45.519+0000] {processor.py:756} INFO - Processing file /opt/airflow/dags/user_processing.py for tasks to queue
[2024-09-02T13:38:45.523+0000] {logging_mixin.py:120} INFO - [2024-09-02T13:38:45.523+0000] {dagbag.py:537} INFO - Filling up the DagBag from /opt/airflow/dags/user_processing.py
[2024-09-02T13:38:46.287+0000] {processor.py:766} INFO - DAG(s) dict_keys(['user_processing']) retrieved from /opt/airflow/dags/user_processing.py
[2024-09-02T13:38:46.643+0000] {logging_mixin.py:120} INFO - [2024-09-02T13:38:46.642+0000] {dag.py:2585} INFO - Sync 1 DAGs
[2024-09-02T13:38:46.689+0000] {logging_mixin.py:120} INFO - [2024-09-02T13:38:46.689+0000] {dag.py:3340} INFO - Setting next_dagrun for user_processing to 2024-09-01T00:00:00+00:00, run_after=2024-09-02T00:00:00+00:00
[2024-09-02T13:38:46.731+0000] {processor.py:176} INFO - Processing /opt/airflow/dags/user_processing.py took 1.221 seconds
[2024-09-02T13:39:16.932+0000] {processor.py:154} INFO - Started process (PID=499) to work on /opt/airflow/dags/user_processing.py
[2024-09-02T13:39:16.933+0000] {processor.py:756} INFO - Processing file /opt/airflow/dags/user_processing.py for tasks to queue
[2024-09-02T13:39:16.934+0000] {logging_mixin.py:120} INFO - [2024-09-02T13:39:16.934+0000] {dagbag.py:537} INFO - Filling up the DagBag from /opt/airflow/dags/user_processing.py
[2024-09-02T13:39:17.339+0000] {processor.py:766} INFO - DAG(s) dict_keys(['user_processing']) retrieved from /opt/airflow/dags/user_processing.py
[2024-09-02T13:39:17.444+0000] {logging_mixin.py:120} INFO - [2024-09-02T13:39:17.443+0000] {dag.py:2585} INFO - Sync 1 DAGs
[2024-09-02T13:39:17.459+0000] {logging_mixin.py:120} INFO - [2024-09-02T13:39:17.459+0000] {dag.py:3340} INFO - Setting next_dagrun for user_processing to 2024-09-01T00:00:00+00:00, run_after=2024-09-02T00:00:00+00:00
[2024-09-02T13:39:17.475+0000] {processor.py:176} INFO - Processing /opt/airflow/dags/user_processing.py took 0.545 seconds
[2024-09-02T13:39:48.828+0000] {processor.py:154} INFO - Started process (PID=532) to work on /opt/airflow/dags/user_processing.py
[2024-09-02T13:39:48.830+0000] {processor.py:756} INFO - Processing file /opt/airflow/dags/user_processing.py for tasks to queue
[2024-09-02T13:39:48.832+0000] {logging_mixin.py:120} INFO - [2024-09-02T13:39:48.832+0000] {dagbag.py:537} INFO - Filling up the DagBag from /opt/airflow/dags/user_processing.py
[2024-09-02T13:39:49.226+0000] {processor.py:766} INFO - DAG(s) dict_keys(['user_processing']) retrieved from /opt/airflow/dags/user_processing.py
[2024-09-02T13:39:49.355+0000] {logging_mixin.py:120} INFO - [2024-09-02T13:39:49.354+0000] {dag.py:2585} INFO - Sync 1 DAGs
[2024-09-02T13:39:49.373+0000] {logging_mixin.py:120} INFO - [2024-09-02T13:39:49.373+0000] {dag.py:3340} INFO - Setting next_dagrun for user_processing to 2024-09-01T00:00:00+00:00, run_after=2024-09-02T00:00:00+00:00
[2024-09-02T13:39:49.394+0000] {processor.py:176} INFO - Processing /opt/airflow/dags/user_processing.py took 0.568 seconds
[2024-09-02T13:40:20.045+0000] {processor.py:154} INFO - Started process (PID=564) to work on /opt/airflow/dags/user_processing.py
[2024-09-02T13:40:20.048+0000] {processor.py:756} INFO - Processing file /opt/airflow/dags/user_processing.py for tasks to queue
[2024-09-02T13:40:20.056+0000] {logging_mixin.py:120} INFO - [2024-09-02T13:40:20.056+0000] {dagbag.py:537} INFO - Filling up the DagBag from /opt/airflow/dags/user_processing.py
[2024-09-02T13:40:21.220+0000] {processor.py:766} INFO - DAG(s) dict_keys(['user_processing']) retrieved from /opt/airflow/dags/user_processing.py
[2024-09-02T13:40:21.341+0000] {logging_mixin.py:120} INFO - [2024-09-02T13:40:21.340+0000] {dag.py:2585} INFO - Sync 1 DAGs
[2024-09-02T13:40:21.361+0000] {logging_mixin.py:120} INFO - [2024-09-02T13:40:21.361+0000] {dag.py:3340} INFO - Setting next_dagrun for user_processing to 2024-09-01T00:00:00+00:00, run_after=2024-09-02T00:00:00+00:00
[2024-09-02T13:40:21.385+0000] {processor.py:176} INFO - Processing /opt/airflow/dags/user_processing.py took 1.344 seconds
[2024-09-02T13:40:51.500+0000] {processor.py:154} INFO - Started process (PID=596) to work on /opt/airflow/dags/user_processing.py
[2024-09-02T13:40:51.501+0000] {processor.py:756} INFO - Processing file /opt/airflow/dags/user_processing.py for tasks to queue
[2024-09-02T13:40:51.502+0000] {logging_mixin.py:120} INFO - [2024-09-02T13:40:51.502+0000] {dagbag.py:537} INFO - Filling up the DagBag from /opt/airflow/dags/user_processing.py
[2024-09-02T13:40:52.150+0000] {processor.py:766} INFO - DAG(s) dict_keys(['user_processing']) retrieved from /opt/airflow/dags/user_processing.py
[2024-09-02T13:40:52.272+0000] {logging_mixin.py:120} INFO - [2024-09-02T13:40:52.271+0000] {dag.py:2585} INFO - Sync 1 DAGs
[2024-09-02T13:40:52.310+0000] {logging_mixin.py:120} INFO - [2024-09-02T13:40:52.310+0000] {dag.py:3340} INFO - Setting next_dagrun for user_processing to 2024-09-01T00:00:00+00:00, run_after=2024-09-02T00:00:00+00:00
[2024-09-02T13:40:52.349+0000] {processor.py:176} INFO - Processing /opt/airflow/dags/user_processing.py took 0.852 seconds
[2024-09-02T13:41:22.602+0000] {processor.py:154} INFO - Started process (PID=628) to work on /opt/airflow/dags/user_processing.py
[2024-09-02T13:41:22.607+0000] {processor.py:756} INFO - Processing file /opt/airflow/dags/user_processing.py for tasks to queue
[2024-09-02T13:41:22.618+0000] {logging_mixin.py:120} INFO - [2024-09-02T13:41:22.618+0000] {dagbag.py:537} INFO - Filling up the DagBag from /opt/airflow/dags/user_processing.py
[2024-09-02T13:41:23.154+0000] {processor.py:766} INFO - DAG(s) dict_keys(['user_processing']) retrieved from /opt/airflow/dags/user_processing.py
[2024-09-02T13:41:23.361+0000] {logging_mixin.py:120} INFO - [2024-09-02T13:41:23.361+0000] {dag.py:2585} INFO - Sync 1 DAGs
[2024-09-02T13:41:23.400+0000] {logging_mixin.py:120} INFO - [2024-09-02T13:41:23.400+0000] {dag.py:3340} INFO - Setting next_dagrun for user_processing to 2024-09-01T00:00:00+00:00, run_after=2024-09-02T00:00:00+00:00
[2024-09-02T13:41:23.441+0000] {processor.py:176} INFO - Processing /opt/airflow/dags/user_processing.py took 0.842 seconds
[2024-09-02T13:41:53.699+0000] {processor.py:154} INFO - Started process (PID=651) to work on /opt/airflow/dags/user_processing.py
[2024-09-02T13:41:53.700+0000] {processor.py:756} INFO - Processing file /opt/airflow/dags/user_processing.py for tasks to queue
[2024-09-02T13:41:53.702+0000] {logging_mixin.py:120} INFO - [2024-09-02T13:41:53.702+0000] {dagbag.py:537} INFO - Filling up the DagBag from /opt/airflow/dags/user_processing.py
[2024-09-02T13:41:54.068+0000] {processor.py:766} INFO - DAG(s) dict_keys(['user_processing']) retrieved from /opt/airflow/dags/user_processing.py
[2024-09-02T13:41:54.185+0000] {logging_mixin.py:120} INFO - [2024-09-02T13:41:54.185+0000] {dag.py:2585} INFO - Sync 1 DAGs
[2024-09-02T13:41:54.206+0000] {logging_mixin.py:120} INFO - [2024-09-02T13:41:54.206+0000] {dag.py:3340} INFO - Setting next_dagrun for user_processing to 2024-09-01T00:00:00+00:00, run_after=2024-09-02T00:00:00+00:00
[2024-09-02T13:41:54.232+0000] {processor.py:176} INFO - Processing /opt/airflow/dags/user_processing.py took 0.539 seconds
[2024-09-02T13:42:24.813+0000] {processor.py:154} INFO - Started process (PID=683) to work on /opt/airflow/dags/user_processing.py
[2024-09-02T13:42:24.815+0000] {processor.py:756} INFO - Processing file /opt/airflow/dags/user_processing.py for tasks to queue
[2024-09-02T13:42:24.816+0000] {logging_mixin.py:120} INFO - [2024-09-02T13:42:24.816+0000] {dagbag.py:537} INFO - Filling up the DagBag from /opt/airflow/dags/user_processing.py
[2024-09-02T13:42:25.216+0000] {processor.py:766} INFO - DAG(s) dict_keys(['user_processing']) retrieved from /opt/airflow/dags/user_processing.py
[2024-09-02T13:42:25.352+0000] {logging_mixin.py:120} INFO - [2024-09-02T13:42:25.352+0000] {dag.py:2585} INFO - Sync 1 DAGs
[2024-09-02T13:42:25.378+0000] {logging_mixin.py:120} INFO - [2024-09-02T13:42:25.378+0000] {dag.py:3340} INFO - Setting next_dagrun for user_processing to 2024-09-01T00:00:00+00:00, run_after=2024-09-02T00:00:00+00:00
[2024-09-02T13:42:25.406+0000] {processor.py:176} INFO - Processing /opt/airflow/dags/user_processing.py took 0.596 seconds
[2024-09-02T13:42:55.664+0000] {processor.py:154} INFO - Started process (PID=714) to work on /opt/airflow/dags/user_processing.py
[2024-09-02T13:42:55.665+0000] {processor.py:756} INFO - Processing file /opt/airflow/dags/user_processing.py for tasks to queue
[2024-09-02T13:42:55.666+0000] {logging_mixin.py:120} INFO - [2024-09-02T13:42:55.666+0000] {dagbag.py:537} INFO - Filling up the DagBag from /opt/airflow/dags/user_processing.py
[2024-09-02T13:42:56.017+0000] {processor.py:766} INFO - DAG(s) dict_keys(['user_processing']) retrieved from /opt/airflow/dags/user_processing.py
[2024-09-02T13:42:56.152+0000] {logging_mixin.py:120} INFO - [2024-09-02T13:42:56.152+0000] {dag.py:2585} INFO - Sync 1 DAGs
[2024-09-02T13:42:56.187+0000] {logging_mixin.py:120} INFO - [2024-09-02T13:42:56.187+0000] {dag.py:3340} INFO - Setting next_dagrun for user_processing to 2024-09-01T00:00:00+00:00, run_after=2024-09-02T00:00:00+00:00
[2024-09-02T13:42:56.217+0000] {processor.py:176} INFO - Processing /opt/airflow/dags/user_processing.py took 0.559 seconds
[2024-09-02T13:43:28.276+0000] {processor.py:154} INFO - Started process (PID=746) to work on /opt/airflow/dags/user_processing.py
[2024-09-02T13:43:28.280+0000] {processor.py:756} INFO - Processing file /opt/airflow/dags/user_processing.py for tasks to queue
[2024-09-02T13:43:28.283+0000] {logging_mixin.py:120} INFO - [2024-09-02T13:43:28.283+0000] {dagbag.py:537} INFO - Filling up the DagBag from /opt/airflow/dags/user_processing.py
[2024-09-02T13:43:30.021+0000] {processor.py:766} INFO - DAG(s) dict_keys(['user_processing']) retrieved from /opt/airflow/dags/user_processing.py
[2024-09-02T13:43:30.171+0000] {logging_mixin.py:120} INFO - [2024-09-02T13:43:30.170+0000] {dag.py:2585} INFO - Sync 1 DAGs
[2024-09-02T13:43:30.192+0000] {logging_mixin.py:120} INFO - [2024-09-02T13:43:30.192+0000] {dag.py:3340} INFO - Setting next_dagrun for user_processing to 2024-09-01T00:00:00+00:00, run_after=2024-09-02T00:00:00+00:00
[2024-09-02T13:43:30.209+0000] {processor.py:176} INFO - Processing /opt/airflow/dags/user_processing.py took 1.935 seconds
[2024-09-02T13:44:00.625+0000] {processor.py:154} INFO - Started process (PID=776) to work on /opt/airflow/dags/user_processing.py
[2024-09-02T13:44:00.627+0000] {processor.py:756} INFO - Processing file /opt/airflow/dags/user_processing.py for tasks to queue
[2024-09-02T13:44:00.628+0000] {logging_mixin.py:120} INFO - [2024-09-02T13:44:00.628+0000] {dagbag.py:537} INFO - Filling up the DagBag from /opt/airflow/dags/user_processing.py
[2024-09-02T13:44:01.145+0000] {processor.py:766} INFO - DAG(s) dict_keys(['user_processing']) retrieved from /opt/airflow/dags/user_processing.py
[2024-09-02T13:44:01.349+0000] {logging_mixin.py:120} INFO - [2024-09-02T13:44:01.349+0000] {dag.py:2585} INFO - Sync 1 DAGs
[2024-09-02T13:44:01.379+0000] {logging_mixin.py:120} INFO - [2024-09-02T13:44:01.379+0000] {dag.py:3340} INFO - Setting next_dagrun for user_processing to 2024-09-01T00:00:00+00:00, run_after=2024-09-02T00:00:00+00:00
[2024-09-02T13:44:01.416+0000] {processor.py:176} INFO - Processing /opt/airflow/dags/user_processing.py took 0.794 seconds
[2024-09-02T13:44:34.665+0000] {processor.py:154} INFO - Started process (PID=801) to work on /opt/airflow/dags/user_processing.py
[2024-09-02T13:44:34.666+0000] {processor.py:756} INFO - Processing file /opt/airflow/dags/user_processing.py for tasks to queue
[2024-09-02T13:44:34.672+0000] {logging_mixin.py:120} INFO - [2024-09-02T13:44:34.670+0000] {dagbag.py:537} INFO - Filling up the DagBag from /opt/airflow/dags/user_processing.py
[2024-09-02T13:44:35.862+0000] {processor.py:766} INFO - DAG(s) dict_keys(['user_processing']) retrieved from /opt/airflow/dags/user_processing.py
[2024-09-02T13:44:36.617+0000] {logging_mixin.py:120} INFO - [2024-09-02T13:44:36.616+0000] {dag.py:2585} INFO - Sync 1 DAGs
[2024-09-02T13:44:36.700+0000] {logging_mixin.py:120} INFO - [2024-09-02T13:44:36.700+0000] {dag.py:3340} INFO - Setting next_dagrun for user_processing to 2024-09-01T00:00:00+00:00, run_after=2024-09-02T00:00:00+00:00
[2024-09-02T13:44:36.753+0000] {processor.py:176} INFO - Processing /opt/airflow/dags/user_processing.py took 2.093 seconds
[2024-09-02T13:45:06.953+0000] {processor.py:154} INFO - Started process (PID=833) to work on /opt/airflow/dags/user_processing.py
[2024-09-02T13:45:06.955+0000] {processor.py:756} INFO - Processing file /opt/airflow/dags/user_processing.py for tasks to queue
[2024-09-02T13:45:06.958+0000] {logging_mixin.py:120} INFO - [2024-09-02T13:45:06.957+0000] {dagbag.py:537} INFO - Filling up the DagBag from /opt/airflow/dags/user_processing.py
[2024-09-02T13:45:07.659+0000] {processor.py:766} INFO - DAG(s) dict_keys(['user_processing']) retrieved from /opt/airflow/dags/user_processing.py
[2024-09-02T13:45:07.877+0000] {logging_mixin.py:120} INFO - [2024-09-02T13:45:07.876+0000] {dag.py:2585} INFO - Sync 1 DAGs
[2024-09-02T13:45:07.902+0000] {logging_mixin.py:120} INFO - [2024-09-02T13:45:07.902+0000] {dag.py:3340} INFO - Setting next_dagrun for user_processing to 2024-09-01T00:00:00+00:00, run_after=2024-09-02T00:00:00+00:00
[2024-09-02T13:45:07.927+0000] {processor.py:176} INFO - Processing /opt/airflow/dags/user_processing.py took 0.986 seconds
[2024-09-02T13:45:38.569+0000] {processor.py:154} INFO - Started process (PID=863) to work on /opt/airflow/dags/user_processing.py
[2024-09-02T13:45:38.572+0000] {processor.py:756} INFO - Processing file /opt/airflow/dags/user_processing.py for tasks to queue
[2024-09-02T13:45:38.575+0000] {logging_mixin.py:120} INFO - [2024-09-02T13:45:38.575+0000] {dagbag.py:537} INFO - Filling up the DagBag from /opt/airflow/dags/user_processing.py
[2024-09-02T13:45:39.695+0000] {processor.py:766} INFO - DAG(s) dict_keys(['user_processing']) retrieved from /opt/airflow/dags/user_processing.py
[2024-09-02T13:45:40.341+0000] {logging_mixin.py:120} INFO - [2024-09-02T13:45:40.340+0000] {dag.py:2585} INFO - Sync 1 DAGs
[2024-09-02T13:45:40.424+0000] {logging_mixin.py:120} INFO - [2024-09-02T13:45:40.424+0000] {dag.py:3340} INFO - Setting next_dagrun for user_processing to 2024-09-01T00:00:00+00:00, run_after=2024-09-02T00:00:00+00:00
[2024-09-02T13:45:40.478+0000] {processor.py:176} INFO - Processing /opt/airflow/dags/user_processing.py took 1.921 seconds
[2024-09-02T13:46:11.196+0000] {processor.py:154} INFO - Started process (PID=888) to work on /opt/airflow/dags/user_processing.py
[2024-09-02T13:46:11.197+0000] {processor.py:756} INFO - Processing file /opt/airflow/dags/user_processing.py for tasks to queue
[2024-09-02T13:46:11.197+0000] {logging_mixin.py:120} INFO - [2024-09-02T13:46:11.197+0000] {dagbag.py:537} INFO - Filling up the DagBag from /opt/airflow/dags/user_processing.py
[2024-09-02T13:46:11.651+0000] {processor.py:766} INFO - DAG(s) dict_keys(['user_processing']) retrieved from /opt/airflow/dags/user_processing.py
[2024-09-02T13:46:11.940+0000] {logging_mixin.py:120} INFO - [2024-09-02T13:46:11.940+0000] {dag.py:2585} INFO - Sync 1 DAGs
[2024-09-02T13:46:11.972+0000] {logging_mixin.py:120} INFO - [2024-09-02T13:46:11.972+0000] {dag.py:3340} INFO - Setting next_dagrun for user_processing to 2024-09-01T00:00:00+00:00, run_after=2024-09-02T00:00:00+00:00
[2024-09-02T13:46:11.996+0000] {processor.py:176} INFO - Processing /opt/airflow/dags/user_processing.py took 0.803 seconds
[2024-09-02T13:46:43.162+0000] {processor.py:154} INFO - Started process (PID=922) to work on /opt/airflow/dags/user_processing.py
[2024-09-02T13:46:43.167+0000] {processor.py:756} INFO - Processing file /opt/airflow/dags/user_processing.py for tasks to queue
[2024-09-02T13:46:43.170+0000] {logging_mixin.py:120} INFO - [2024-09-02T13:46:43.170+0000] {dagbag.py:537} INFO - Filling up the DagBag from /opt/airflow/dags/user_processing.py
[2024-09-02T13:46:44.629+0000] {processor.py:766} INFO - DAG(s) dict_keys(['user_processing']) retrieved from /opt/airflow/dags/user_processing.py
[2024-09-02T13:46:45.114+0000] {logging_mixin.py:120} INFO - [2024-09-02T13:46:45.113+0000] {dag.py:2585} INFO - Sync 1 DAGs
[2024-09-02T13:46:45.179+0000] {logging_mixin.py:120} INFO - [2024-09-02T13:46:45.178+0000] {dag.py:3340} INFO - Setting next_dagrun for user_processing to 2024-09-01T00:00:00+00:00, run_after=2024-09-02T00:00:00+00:00
[2024-09-02T13:46:45.230+0000] {processor.py:176} INFO - Processing /opt/airflow/dags/user_processing.py took 2.074 seconds
