[2024-08-05T12:37:56.249+0000] {taskinstance.py:1165} INFO - Dependencies all met for <TaskInstance: parallel_dag.extract_a manual__2024-08-05T12:37:54.801380+00:00 [queued]>
[2024-08-05T12:37:56.265+0000] {taskinstance.py:1165} INFO - Dependencies all met for <TaskInstance: parallel_dag.extract_a manual__2024-08-05T12:37:54.801380+00:00 [queued]>
[2024-08-05T12:37:56.266+0000] {taskinstance.py:1362} INFO - 
--------------------------------------------------------------------------------
[2024-08-05T12:37:56.267+0000] {taskinstance.py:1363} INFO - Starting attempt 1 of 1
[2024-08-05T12:37:56.267+0000] {taskinstance.py:1364} INFO - 
--------------------------------------------------------------------------------
[2024-08-05T12:37:56.297+0000] {taskinstance.py:1383} INFO - Executing <Task(BashOperator): extract_a> on 2024-08-05 12:37:54.801380+00:00
[2024-08-05T12:37:56.308+0000] {standard_task_runner.py:55} INFO - Started process 316 to run task
[2024-08-05T12:37:56.313+0000] {standard_task_runner.py:82} INFO - Running: ['***', 'tasks', 'run', 'parallel_dag', 'extract_a', 'manual__2024-08-05T12:37:54.801380+00:00', '--job-id', '66', '--raw', '--subdir', 'DAGS_FOLDER/parallel_dag.py', '--cfg-path', '/tmp/tmps6_c0wy8']
[2024-08-05T12:37:56.315+0000] {standard_task_runner.py:83} INFO - Job 66: Subtask extract_a
[2024-08-05T12:37:56.458+0000] {task_command.py:376} INFO - Running <TaskInstance: parallel_dag.extract_a manual__2024-08-05T12:37:54.801380+00:00 [running]> on host bf2ee2ebe7b3
[2024-08-05T12:37:56.602+0000] {taskinstance.py:1592} INFO - Exporting the following env vars:
AIRFLOW_CTX_DAG_OWNER=***
AIRFLOW_CTX_DAG_ID=parallel_dag
AIRFLOW_CTX_TASK_ID=extract_a
AIRFLOW_CTX_EXECUTION_DATE=2024-08-05T12:37:54.801380+00:00
AIRFLOW_CTX_TRY_NUMBER=1
AIRFLOW_CTX_DAG_RUN_ID=manual__2024-08-05T12:37:54.801380+00:00
[2024-08-05T12:37:56.608+0000] {subprocess.py:63} INFO - Tmp dir root location: 
 /tmp
[2024-08-05T12:37:56.609+0000] {subprocess.py:75} INFO - Running command: ['/bin/bash', '-c', 'sleep 10']
[2024-08-05T12:37:56.626+0000] {subprocess.py:86} INFO - Output:
[2024-08-05T12:38:06.628+0000] {subprocess.py:97} INFO - Command exited with return code 0
[2024-08-05T12:38:06.681+0000] {taskinstance.py:1406} INFO - Marking task as SUCCESS. dag_id=parallel_dag, task_id=extract_a, execution_date=20240805T123754, start_date=20240805T123756, end_date=20240805T123806
[2024-08-05T12:38:07.064+0000] {local_task_job.py:164} INFO - Task exited with return code 0
[2024-08-05T12:38:07.151+0000] {local_task_job.py:273} INFO - 1 downstream tasks scheduled from follow-on schedule check
