[2024-08-05T12:14:19.418+0000] {taskinstance.py:1165} INFO - Dependencies all met for <TaskInstance: parallel_dag.load_a scheduled__2024-08-04T00:00:00+00:00 [queued]>
[2024-08-05T12:14:19.429+0000] {taskinstance.py:1165} INFO - Dependencies all met for <TaskInstance: parallel_dag.load_a scheduled__2024-08-04T00:00:00+00:00 [queued]>
[2024-08-05T12:14:19.429+0000] {taskinstance.py:1362} INFO - 
--------------------------------------------------------------------------------
[2024-08-05T12:14:19.430+0000] {taskinstance.py:1363} INFO - Starting attempt 1 of 1
[2024-08-05T12:14:19.430+0000] {taskinstance.py:1364} INFO - 
--------------------------------------------------------------------------------
[2024-08-05T12:14:19.445+0000] {taskinstance.py:1383} INFO - Executing <Task(BashOperator): load_a> on 2024-08-04 00:00:00+00:00
[2024-08-05T12:14:19.450+0000] {standard_task_runner.py:55} INFO - Started process 175 to run task
[2024-08-05T12:14:19.453+0000] {standard_task_runner.py:82} INFO - Running: ['***', 'tasks', 'run', 'parallel_dag', 'load_a', 'scheduled__2024-08-04T00:00:00+00:00', '--job-id', '59', '--raw', '--subdir', 'DAGS_FOLDER/parallel_dag.py', '--cfg-path', '/tmp/tmp0lhvux0x']
[2024-08-05T12:14:19.454+0000] {standard_task_runner.py:83} INFO - Job 59: Subtask load_a
[2024-08-05T12:14:19.519+0000] {task_command.py:376} INFO - Running <TaskInstance: parallel_dag.load_a scheduled__2024-08-04T00:00:00+00:00 [running]> on host 4273f51e63d5
[2024-08-05T12:14:19.597+0000] {taskinstance.py:1592} INFO - Exporting the following env vars:
AIRFLOW_CTX_DAG_OWNER=***
AIRFLOW_CTX_DAG_ID=parallel_dag
AIRFLOW_CTX_TASK_ID=load_a
AIRFLOW_CTX_EXECUTION_DATE=2024-08-04T00:00:00+00:00
AIRFLOW_CTX_TRY_NUMBER=1
AIRFLOW_CTX_DAG_RUN_ID=scheduled__2024-08-04T00:00:00+00:00
[2024-08-05T12:14:19.600+0000] {subprocess.py:63} INFO - Tmp dir root location: 
 /tmp
[2024-08-05T12:14:19.601+0000] {subprocess.py:75} INFO - Running command: ['/bin/bash', '-c', 'sleep 10']
[2024-08-05T12:14:19.612+0000] {subprocess.py:86} INFO - Output:
[2024-08-05T12:14:29.615+0000] {subprocess.py:97} INFO - Command exited with return code 0
[2024-08-05T12:14:29.638+0000] {taskinstance.py:1406} INFO - Marking task as SUCCESS. dag_id=parallel_dag, task_id=load_a, execution_date=20240804T000000, start_date=20240805T121419, end_date=20240805T121429
[2024-08-05T12:14:29.667+0000] {local_task_job.py:164} INFO - Task exited with return code 0
[2024-08-05T12:14:29.719+0000] {local_task_job.py:273} INFO - 1 downstream tasks scheduled from follow-on schedule check
