[2024-09-13T09:48:41.779+0000] {taskinstance.py:1165} INFO - Dependencies all met for <TaskInstance: xcom_dag.t1 manual__2024-09-13T09:48:40.220328+00:00 [queued]>
[2024-09-13T09:48:41.793+0000] {taskinstance.py:1165} INFO - Dependencies all met for <TaskInstance: xcom_dag.t1 manual__2024-09-13T09:48:40.220328+00:00 [queued]>
[2024-09-13T09:48:41.794+0000] {taskinstance.py:1362} INFO - 
--------------------------------------------------------------------------------
[2024-09-13T09:48:41.794+0000] {taskinstance.py:1363} INFO - Starting attempt 1 of 1
[2024-09-13T09:48:41.797+0000] {taskinstance.py:1364} INFO - 
--------------------------------------------------------------------------------
[2024-09-13T09:48:41.817+0000] {taskinstance.py:1383} INFO - Executing <Task(PythonOperator): t1> on 2024-09-13 09:48:40.220328+00:00
[2024-09-13T09:48:41.826+0000] {standard_task_runner.py:55} INFO - Started process 5177 to run task
[2024-09-13T09:48:41.831+0000] {standard_task_runner.py:82} INFO - Running: ['***', 'tasks', 'run', 'xcom_dag', 't1', 'manual__2024-09-13T09:48:40.220328+00:00', '--job-id', '36', '--raw', '--subdir', 'DAGS_FOLDER/xcom_dag.py', '--cfg-path', '/tmp/tmpoeywrd_b']
[2024-09-13T09:48:41.833+0000] {standard_task_runner.py:83} INFO - Job 36: Subtask t1
[2024-09-13T09:48:41.911+0000] {task_command.py:376} INFO - Running <TaskInstance: xcom_dag.t1 manual__2024-09-13T09:48:40.220328+00:00 [running]> on host 35989190ca54
[2024-09-13T09:48:41.989+0000] {taskinstance.py:1592} INFO - Exporting the following env vars:
AIRFLOW_CTX_DAG_OWNER=***
AIRFLOW_CTX_DAG_ID=xcom_dag
AIRFLOW_CTX_TASK_ID=t1
AIRFLOW_CTX_EXECUTION_DATE=2024-09-13T09:48:40.220328+00:00
AIRFLOW_CTX_TRY_NUMBER=1
AIRFLOW_CTX_DAG_RUN_ID=manual__2024-09-13T09:48:40.220328+00:00
[2024-09-13T09:48:42.007+0000] {python.py:177} INFO - Done. Returned value was: None
[2024-09-13T09:48:42.018+0000] {taskinstance.py:1406} INFO - Marking task as SUCCESS. dag_id=xcom_dag, task_id=t1, execution_date=20240913T094840, start_date=20240913T094841, end_date=20240913T094842
[2024-09-13T09:48:42.042+0000] {local_task_job.py:164} INFO - Task exited with return code 0
[2024-09-13T09:48:42.079+0000] {local_task_job.py:273} INFO - 1 downstream tasks scheduled from follow-on schedule check
