[2024-09-13T08:39:30.733+0000] {taskinstance.py:1165} INFO - Dependencies all met for <TaskInstance: group_dag.transform_c scheduled__2024-09-12T00:00:00+00:00 [queued]>
[2024-09-13T08:39:30.749+0000] {taskinstance.py:1165} INFO - Dependencies all met for <TaskInstance: group_dag.transform_c scheduled__2024-09-12T00:00:00+00:00 [queued]>
[2024-09-13T08:39:30.750+0000] {taskinstance.py:1362} INFO - 
--------------------------------------------------------------------------------
[2024-09-13T08:39:30.751+0000] {taskinstance.py:1363} INFO - Starting attempt 1 of 1
[2024-09-13T08:39:30.752+0000] {taskinstance.py:1364} INFO - 
--------------------------------------------------------------------------------
[2024-09-13T08:39:30.789+0000] {taskinstance.py:1383} INFO - Executing <Task(BashOperator): transform_c> on 2024-09-12 00:00:00+00:00
[2024-09-13T08:39:30.796+0000] {standard_task_runner.py:55} INFO - Started process 1990 to run task
[2024-09-13T08:39:30.800+0000] {standard_task_runner.py:82} INFO - Running: ['***', 'tasks', 'run', 'group_dag', 'transform_c', 'scheduled__2024-09-12T00:00:00+00:00', '--job-id', '18', '--raw', '--subdir', 'DAGS_FOLDER/group_dag.py', '--cfg-path', '/tmp/tmpf4y2vg2t']
[2024-09-13T08:39:30.801+0000] {standard_task_runner.py:83} INFO - Job 18: Subtask transform_c
[2024-09-13T08:39:30.934+0000] {task_command.py:376} INFO - Running <TaskInstance: group_dag.transform_c scheduled__2024-09-12T00:00:00+00:00 [running]> on host 35989190ca54
[2024-09-13T08:39:31.110+0000] {taskinstance.py:1592} INFO - Exporting the following env vars:
AIRFLOW_CTX_DAG_OWNER=***
AIRFLOW_CTX_DAG_ID=group_dag
AIRFLOW_CTX_TASK_ID=transform_c
AIRFLOW_CTX_EXECUTION_DATE=2024-09-12T00:00:00+00:00
AIRFLOW_CTX_TRY_NUMBER=1
AIRFLOW_CTX_DAG_RUN_ID=scheduled__2024-09-12T00:00:00+00:00
[2024-09-13T08:39:31.114+0000] {subprocess.py:63} INFO - Tmp dir root location: 
 /tmp
[2024-09-13T08:39:31.115+0000] {subprocess.py:75} INFO - Running command: ['/bin/bash', '-c', 'sleep 10']
[2024-09-13T08:39:31.139+0000] {subprocess.py:86} INFO - Output:
[2024-09-13T08:39:41.141+0000] {subprocess.py:97} INFO - Command exited with return code 0
[2024-09-13T08:39:41.193+0000] {taskinstance.py:1406} INFO - Marking task as SUCCESS. dag_id=group_dag, task_id=transform_c, execution_date=20240912T000000, start_date=20240913T083930, end_date=20240913T083941
[2024-09-13T08:39:41.245+0000] {local_task_job.py:164} INFO - Task exited with return code 0
[2024-09-13T08:39:41.300+0000] {local_task_job.py:273} INFO - 0 downstream tasks scheduled from follow-on schedule check
