[2024-09-14T10:20:38.511+0000] {processor.py:154} INFO - Started process (PID=53) to work on /opt/airflow/dags/groups/group_downloads.py
[2024-09-14T10:20:38.513+0000] {processor.py:756} INFO - Processing file /opt/airflow/dags/groups/group_downloads.py for tasks to queue
[2024-09-14T10:20:38.515+0000] {logging_mixin.py:120} INFO - [2024-09-14T10:20:38.514+0000] {dagbag.py:537} INFO - Filling up the DagBag from /opt/airflow/dags/groups/group_downloads.py
[2024-09-14T10:20:38.580+0000] {processor.py:768} WARNING - No viable dags retrieved from /opt/airflow/dags/groups/group_downloads.py
[2024-09-14T10:20:38.606+0000] {processor.py:176} INFO - Processing /opt/airflow/dags/groups/group_downloads.py took 0.100 seconds
[2024-09-14T10:21:10.154+0000] {processor.py:154} INFO - Started process (PID=100) to work on /opt/airflow/dags/groups/group_downloads.py
[2024-09-14T10:21:10.155+0000] {processor.py:756} INFO - Processing file /opt/airflow/dags/groups/group_downloads.py for tasks to queue
[2024-09-14T10:21:10.156+0000] {logging_mixin.py:120} INFO - [2024-09-14T10:21:10.156+0000] {dagbag.py:537} INFO - Filling up the DagBag from /opt/airflow/dags/groups/group_downloads.py
[2024-09-14T10:21:10.403+0000] {processor.py:768} WARNING - No viable dags retrieved from /opt/airflow/dags/groups/group_downloads.py
[2024-09-14T10:21:10.426+0000] {processor.py:176} INFO - Processing /opt/airflow/dags/groups/group_downloads.py took 0.275 seconds
[2024-09-14T10:21:40.756+0000] {processor.py:154} INFO - Started process (PID=128) to work on /opt/airflow/dags/groups/group_downloads.py
[2024-09-14T10:21:40.757+0000] {processor.py:756} INFO - Processing file /opt/airflow/dags/groups/group_downloads.py for tasks to queue
[2024-09-14T10:21:40.759+0000] {logging_mixin.py:120} INFO - [2024-09-14T10:21:40.758+0000] {dagbag.py:537} INFO - Filling up the DagBag from /opt/airflow/dags/groups/group_downloads.py
[2024-09-14T10:21:40.787+0000] {processor.py:768} WARNING - No viable dags retrieved from /opt/airflow/dags/groups/group_downloads.py
[2024-09-14T10:21:40.807+0000] {processor.py:176} INFO - Processing /opt/airflow/dags/groups/group_downloads.py took 0.055 seconds
[2024-09-14T10:22:10.923+0000] {processor.py:154} INFO - Started process (PID=164) to work on /opt/airflow/dags/groups/group_downloads.py
[2024-09-14T10:22:10.925+0000] {processor.py:756} INFO - Processing file /opt/airflow/dags/groups/group_downloads.py for tasks to queue
[2024-09-14T10:22:10.926+0000] {logging_mixin.py:120} INFO - [2024-09-14T10:22:10.926+0000] {dagbag.py:537} INFO - Filling up the DagBag from /opt/airflow/dags/groups/group_downloads.py
[2024-09-14T10:22:10.954+0000] {processor.py:768} WARNING - No viable dags retrieved from /opt/airflow/dags/groups/group_downloads.py
[2024-09-14T10:22:10.973+0000] {processor.py:176} INFO - Processing /opt/airflow/dags/groups/group_downloads.py took 0.053 seconds
[2024-09-14T10:22:41.043+0000] {processor.py:154} INFO - Started process (PID=199) to work on /opt/airflow/dags/groups/group_downloads.py
[2024-09-14T10:22:41.044+0000] {processor.py:756} INFO - Processing file /opt/airflow/dags/groups/group_downloads.py for tasks to queue
[2024-09-14T10:22:41.046+0000] {logging_mixin.py:120} INFO - [2024-09-14T10:22:41.046+0000] {dagbag.py:537} INFO - Filling up the DagBag from /opt/airflow/dags/groups/group_downloads.py
[2024-09-14T10:22:41.067+0000] {processor.py:768} WARNING - No viable dags retrieved from /opt/airflow/dags/groups/group_downloads.py
[2024-09-14T10:22:41.084+0000] {processor.py:176} INFO - Processing /opt/airflow/dags/groups/group_downloads.py took 0.045 seconds
[2024-09-14T10:23:12.154+0000] {processor.py:154} INFO - Started process (PID=227) to work on /opt/airflow/dags/groups/group_downloads.py
[2024-09-14T10:23:12.155+0000] {processor.py:756} INFO - Processing file /opt/airflow/dags/groups/group_downloads.py for tasks to queue
[2024-09-14T10:23:12.155+0000] {logging_mixin.py:120} INFO - [2024-09-14T10:23:12.155+0000] {dagbag.py:537} INFO - Filling up the DagBag from /opt/airflow/dags/groups/group_downloads.py
[2024-09-14T10:23:12.185+0000] {processor.py:768} WARNING - No viable dags retrieved from /opt/airflow/dags/groups/group_downloads.py
[2024-09-14T10:23:12.196+0000] {processor.py:176} INFO - Processing /opt/airflow/dags/groups/group_downloads.py took 0.046 seconds
[2024-09-14T10:23:43.452+0000] {processor.py:154} INFO - Started process (PID=263) to work on /opt/airflow/dags/groups/group_downloads.py
[2024-09-14T10:23:43.455+0000] {processor.py:756} INFO - Processing file /opt/airflow/dags/groups/group_downloads.py for tasks to queue
[2024-09-14T10:23:43.458+0000] {logging_mixin.py:120} INFO - [2024-09-14T10:23:43.458+0000] {dagbag.py:537} INFO - Filling up the DagBag from /opt/airflow/dags/groups/group_downloads.py
[2024-09-14T10:23:43.824+0000] {processor.py:768} WARNING - No viable dags retrieved from /opt/airflow/dags/groups/group_downloads.py
[2024-09-14T10:23:43.859+0000] {processor.py:176} INFO - Processing /opt/airflow/dags/groups/group_downloads.py took 0.411 seconds
[2024-09-14T10:24:14.186+0000] {processor.py:154} INFO - Started process (PID=299) to work on /opt/airflow/dags/groups/group_downloads.py
[2024-09-14T10:24:14.187+0000] {processor.py:756} INFO - Processing file /opt/airflow/dags/groups/group_downloads.py for tasks to queue
[2024-09-14T10:24:14.189+0000] {logging_mixin.py:120} INFO - [2024-09-14T10:24:14.189+0000] {dagbag.py:537} INFO - Filling up the DagBag from /opt/airflow/dags/groups/group_downloads.py
[2024-09-14T10:24:14.219+0000] {processor.py:768} WARNING - No viable dags retrieved from /opt/airflow/dags/groups/group_downloads.py
[2024-09-14T10:24:14.241+0000] {processor.py:176} INFO - Processing /opt/airflow/dags/groups/group_downloads.py took 0.060 seconds
[2024-09-14T10:24:46.300+0000] {processor.py:154} INFO - Started process (PID=326) to work on /opt/airflow/dags/groups/group_downloads.py
[2024-09-14T10:24:46.301+0000] {processor.py:756} INFO - Processing file /opt/airflow/dags/groups/group_downloads.py for tasks to queue
[2024-09-14T10:24:46.302+0000] {logging_mixin.py:120} INFO - [2024-09-14T10:24:46.302+0000] {dagbag.py:537} INFO - Filling up the DagBag from /opt/airflow/dags/groups/group_downloads.py
[2024-09-14T10:24:46.334+0000] {processor.py:768} WARNING - No viable dags retrieved from /opt/airflow/dags/groups/group_downloads.py
[2024-09-14T10:24:46.352+0000] {processor.py:176} INFO - Processing /opt/airflow/dags/groups/group_downloads.py took 0.055 seconds
[2024-09-14T10:25:17.546+0000] {processor.py:154} INFO - Started process (PID=363) to work on /opt/airflow/dags/groups/group_downloads.py
[2024-09-14T10:25:17.548+0000] {processor.py:756} INFO - Processing file /opt/airflow/dags/groups/group_downloads.py for tasks to queue
[2024-09-14T10:25:17.550+0000] {logging_mixin.py:120} INFO - [2024-09-14T10:25:17.549+0000] {dagbag.py:537} INFO - Filling up the DagBag from /opt/airflow/dags/groups/group_downloads.py
[2024-09-14T10:25:17.695+0000] {processor.py:768} WARNING - No viable dags retrieved from /opt/airflow/dags/groups/group_downloads.py
[2024-09-14T10:25:17.716+0000] {processor.py:176} INFO - Processing /opt/airflow/dags/groups/group_downloads.py took 0.174 seconds
[2024-09-14T10:25:50.324+0000] {processor.py:154} INFO - Started process (PID=399) to work on /opt/airflow/dags/groups/group_downloads.py
[2024-09-14T10:25:50.333+0000] {processor.py:756} INFO - Processing file /opt/airflow/dags/groups/group_downloads.py for tasks to queue
[2024-09-14T10:25:50.335+0000] {logging_mixin.py:120} INFO - [2024-09-14T10:25:50.335+0000] {dagbag.py:537} INFO - Filling up the DagBag from /opt/airflow/dags/groups/group_downloads.py
[2024-09-14T10:25:50.357+0000] {processor.py:768} WARNING - No viable dags retrieved from /opt/airflow/dags/groups/group_downloads.py
[2024-09-14T10:25:50.409+0000] {processor.py:176} INFO - Processing /opt/airflow/dags/groups/group_downloads.py took 0.090 seconds
[2024-09-14T10:26:21.932+0000] {processor.py:154} INFO - Started process (PID=426) to work on /opt/airflow/dags/groups/group_downloads.py
[2024-09-14T10:26:21.934+0000] {processor.py:756} INFO - Processing file /opt/airflow/dags/groups/group_downloads.py for tasks to queue
[2024-09-14T10:26:21.936+0000] {logging_mixin.py:120} INFO - [2024-09-14T10:26:21.936+0000] {dagbag.py:537} INFO - Filling up the DagBag from /opt/airflow/dags/groups/group_downloads.py
[2024-09-14T10:26:21.972+0000] {processor.py:768} WARNING - No viable dags retrieved from /opt/airflow/dags/groups/group_downloads.py
[2024-09-14T10:26:22.050+0000] {processor.py:176} INFO - Processing /opt/airflow/dags/groups/group_downloads.py took 0.121 seconds
[2024-09-14T10:26:52.565+0000] {processor.py:154} INFO - Started process (PID=462) to work on /opt/airflow/dags/groups/group_downloads.py
[2024-09-14T10:26:52.567+0000] {processor.py:756} INFO - Processing file /opt/airflow/dags/groups/group_downloads.py for tasks to queue
[2024-09-14T10:26:52.568+0000] {logging_mixin.py:120} INFO - [2024-09-14T10:26:52.568+0000] {dagbag.py:537} INFO - Filling up the DagBag from /opt/airflow/dags/groups/group_downloads.py
[2024-09-14T10:26:52.712+0000] {processor.py:768} WARNING - No viable dags retrieved from /opt/airflow/dags/groups/group_downloads.py
[2024-09-14T10:26:52.731+0000] {processor.py:176} INFO - Processing /opt/airflow/dags/groups/group_downloads.py took 0.170 seconds
[2024-09-14T10:27:23.377+0000] {processor.py:154} INFO - Started process (PID=498) to work on /opt/airflow/dags/groups/group_downloads.py
[2024-09-14T10:27:23.378+0000] {processor.py:756} INFO - Processing file /opt/airflow/dags/groups/group_downloads.py for tasks to queue
[2024-09-14T10:27:23.380+0000] {logging_mixin.py:120} INFO - [2024-09-14T10:27:23.379+0000] {dagbag.py:537} INFO - Filling up the DagBag from /opt/airflow/dags/groups/group_downloads.py
[2024-09-14T10:27:23.427+0000] {processor.py:768} WARNING - No viable dags retrieved from /opt/airflow/dags/groups/group_downloads.py
[2024-09-14T10:27:23.448+0000] {processor.py:176} INFO - Processing /opt/airflow/dags/groups/group_downloads.py took 0.077 seconds
[2024-09-14T10:27:54.287+0000] {processor.py:154} INFO - Started process (PID=525) to work on /opt/airflow/dags/groups/group_downloads.py
[2024-09-14T10:27:54.288+0000] {processor.py:756} INFO - Processing file /opt/airflow/dags/groups/group_downloads.py for tasks to queue
[2024-09-14T10:27:54.289+0000] {logging_mixin.py:120} INFO - [2024-09-14T10:27:54.289+0000] {dagbag.py:537} INFO - Filling up the DagBag from /opt/airflow/dags/groups/group_downloads.py
[2024-09-14T10:27:54.351+0000] {processor.py:768} WARNING - No viable dags retrieved from /opt/airflow/dags/groups/group_downloads.py
[2024-09-14T10:27:54.384+0000] {processor.py:176} INFO - Processing /opt/airflow/dags/groups/group_downloads.py took 0.099 seconds
[2024-09-14T10:28:24.583+0000] {processor.py:154} INFO - Started process (PID=561) to work on /opt/airflow/dags/groups/group_downloads.py
[2024-09-14T10:28:24.584+0000] {processor.py:756} INFO - Processing file /opt/airflow/dags/groups/group_downloads.py for tasks to queue
[2024-09-14T10:28:24.586+0000] {logging_mixin.py:120} INFO - [2024-09-14T10:28:24.586+0000] {dagbag.py:537} INFO - Filling up the DagBag from /opt/airflow/dags/groups/group_downloads.py
[2024-09-14T10:28:24.612+0000] {processor.py:768} WARNING - No viable dags retrieved from /opt/airflow/dags/groups/group_downloads.py
[2024-09-14T10:28:24.630+0000] {processor.py:176} INFO - Processing /opt/airflow/dags/groups/group_downloads.py took 0.050 seconds
[2024-09-14T10:28:55.036+0000] {processor.py:154} INFO - Started process (PID=597) to work on /opt/airflow/dags/groups/group_downloads.py
[2024-09-14T10:28:55.046+0000] {processor.py:756} INFO - Processing file /opt/airflow/dags/groups/group_downloads.py for tasks to queue
[2024-09-14T10:28:55.048+0000] {logging_mixin.py:120} INFO - [2024-09-14T10:28:55.048+0000] {dagbag.py:537} INFO - Filling up the DagBag from /opt/airflow/dags/groups/group_downloads.py
[2024-09-14T10:28:55.150+0000] {processor.py:768} WARNING - No viable dags retrieved from /opt/airflow/dags/groups/group_downloads.py
[2024-09-14T10:28:55.166+0000] {processor.py:176} INFO - Processing /opt/airflow/dags/groups/group_downloads.py took 0.134 seconds
[2024-09-14T10:29:25.368+0000] {processor.py:154} INFO - Started process (PID=623) to work on /opt/airflow/dags/groups/group_downloads.py
[2024-09-14T10:29:25.370+0000] {processor.py:756} INFO - Processing file /opt/airflow/dags/groups/group_downloads.py for tasks to queue
[2024-09-14T10:29:25.372+0000] {logging_mixin.py:120} INFO - [2024-09-14T10:29:25.371+0000] {dagbag.py:537} INFO - Filling up the DagBag from /opt/airflow/dags/groups/group_downloads.py
[2024-09-14T10:29:25.397+0000] {processor.py:768} WARNING - No viable dags retrieved from /opt/airflow/dags/groups/group_downloads.py
[2024-09-14T10:29:25.411+0000] {processor.py:176} INFO - Processing /opt/airflow/dags/groups/group_downloads.py took 0.048 seconds
[2024-09-14T10:29:56.156+0000] {processor.py:154} INFO - Started process (PID=659) to work on /opt/airflow/dags/groups/group_downloads.py
[2024-09-14T10:29:56.163+0000] {processor.py:756} INFO - Processing file /opt/airflow/dags/groups/group_downloads.py for tasks to queue
[2024-09-14T10:29:56.166+0000] {logging_mixin.py:120} INFO - [2024-09-14T10:29:56.166+0000] {dagbag.py:537} INFO - Filling up the DagBag from /opt/airflow/dags/groups/group_downloads.py
[2024-09-14T10:29:56.210+0000] {processor.py:768} WARNING - No viable dags retrieved from /opt/airflow/dags/groups/group_downloads.py
[2024-09-14T10:29:56.241+0000] {processor.py:176} INFO - Processing /opt/airflow/dags/groups/group_downloads.py took 0.089 seconds
[2024-09-14T10:30:27.558+0000] {processor.py:154} INFO - Started process (PID=686) to work on /opt/airflow/dags/groups/group_downloads.py
[2024-09-14T10:30:27.568+0000] {processor.py:756} INFO - Processing file /opt/airflow/dags/groups/group_downloads.py for tasks to queue
[2024-09-14T10:30:27.570+0000] {logging_mixin.py:120} INFO - [2024-09-14T10:30:27.570+0000] {dagbag.py:537} INFO - Filling up the DagBag from /opt/airflow/dags/groups/group_downloads.py
[2024-09-14T10:30:27.681+0000] {processor.py:768} WARNING - No viable dags retrieved from /opt/airflow/dags/groups/group_downloads.py
[2024-09-14T10:30:27.741+0000] {processor.py:176} INFO - Processing /opt/airflow/dags/groups/group_downloads.py took 0.186 seconds
[2024-09-14T10:30:58.140+0000] {processor.py:154} INFO - Started process (PID=722) to work on /opt/airflow/dags/groups/group_downloads.py
[2024-09-14T10:30:58.141+0000] {processor.py:756} INFO - Processing file /opt/airflow/dags/groups/group_downloads.py for tasks to queue
[2024-09-14T10:30:58.142+0000] {logging_mixin.py:120} INFO - [2024-09-14T10:30:58.142+0000] {dagbag.py:537} INFO - Filling up the DagBag from /opt/airflow/dags/groups/group_downloads.py
[2024-09-14T10:30:58.175+0000] {processor.py:768} WARNING - No viable dags retrieved from /opt/airflow/dags/groups/group_downloads.py
[2024-09-14T10:30:58.197+0000] {processor.py:176} INFO - Processing /opt/airflow/dags/groups/group_downloads.py took 0.060 seconds
[2024-09-14T10:31:29.275+0000] {processor.py:154} INFO - Started process (PID=759) to work on /opt/airflow/dags/groups/group_downloads.py
[2024-09-14T10:31:29.277+0000] {processor.py:756} INFO - Processing file /opt/airflow/dags/groups/group_downloads.py for tasks to queue
[2024-09-14T10:31:29.278+0000] {logging_mixin.py:120} INFO - [2024-09-14T10:31:29.278+0000] {dagbag.py:537} INFO - Filling up the DagBag from /opt/airflow/dags/groups/group_downloads.py
[2024-09-14T10:31:29.323+0000] {processor.py:768} WARNING - No viable dags retrieved from /opt/airflow/dags/groups/group_downloads.py
[2024-09-14T10:31:29.338+0000] {processor.py:176} INFO - Processing /opt/airflow/dags/groups/group_downloads.py took 0.065 seconds
[2024-09-14T10:31:59.815+0000] {processor.py:154} INFO - Started process (PID=793) to work on /opt/airflow/dags/groups/group_downloads.py
[2024-09-14T10:31:59.817+0000] {processor.py:756} INFO - Processing file /opt/airflow/dags/groups/group_downloads.py for tasks to queue
[2024-09-14T10:31:59.818+0000] {logging_mixin.py:120} INFO - [2024-09-14T10:31:59.818+0000] {dagbag.py:537} INFO - Filling up the DagBag from /opt/airflow/dags/groups/group_downloads.py
[2024-09-14T10:31:59.843+0000] {processor.py:768} WARNING - No viable dags retrieved from /opt/airflow/dags/groups/group_downloads.py
[2024-09-14T10:31:59.862+0000] {processor.py:176} INFO - Processing /opt/airflow/dags/groups/group_downloads.py took 0.051 seconds
[2024-09-14T10:32:30.435+0000] {processor.py:154} INFO - Started process (PID=822) to work on /opt/airflow/dags/groups/group_downloads.py
[2024-09-14T10:32:30.436+0000] {processor.py:756} INFO - Processing file /opt/airflow/dags/groups/group_downloads.py for tasks to queue
[2024-09-14T10:32:30.437+0000] {logging_mixin.py:120} INFO - [2024-09-14T10:32:30.437+0000] {dagbag.py:537} INFO - Filling up the DagBag from /opt/airflow/dags/groups/group_downloads.py
[2024-09-14T10:32:30.454+0000] {processor.py:768} WARNING - No viable dags retrieved from /opt/airflow/dags/groups/group_downloads.py
[2024-09-14T10:32:30.475+0000] {processor.py:176} INFO - Processing /opt/airflow/dags/groups/group_downloads.py took 0.043 seconds
[2024-09-14T10:33:00.750+0000] {processor.py:154} INFO - Started process (PID=858) to work on /opt/airflow/dags/groups/group_downloads.py
[2024-09-14T10:33:00.752+0000] {processor.py:756} INFO - Processing file /opt/airflow/dags/groups/group_downloads.py for tasks to queue
[2024-09-14T10:33:00.753+0000] {logging_mixin.py:120} INFO - [2024-09-14T10:33:00.753+0000] {dagbag.py:537} INFO - Filling up the DagBag from /opt/airflow/dags/groups/group_downloads.py
[2024-09-14T10:33:00.771+0000] {processor.py:768} WARNING - No viable dags retrieved from /opt/airflow/dags/groups/group_downloads.py
[2024-09-14T10:33:00.781+0000] {processor.py:176} INFO - Processing /opt/airflow/dags/groups/group_downloads.py took 0.034 seconds
[2024-09-14T10:33:33.882+0000] {processor.py:154} INFO - Started process (PID=894) to work on /opt/airflow/dags/groups/group_downloads.py
[2024-09-14T10:33:33.884+0000] {processor.py:756} INFO - Processing file /opt/airflow/dags/groups/group_downloads.py for tasks to queue
[2024-09-14T10:33:33.886+0000] {logging_mixin.py:120} INFO - [2024-09-14T10:33:33.885+0000] {dagbag.py:537} INFO - Filling up the DagBag from /opt/airflow/dags/groups/group_downloads.py
[2024-09-14T10:33:33.961+0000] {processor.py:768} WARNING - No viable dags retrieved from /opt/airflow/dags/groups/group_downloads.py
[2024-09-14T10:33:34.018+0000] {processor.py:176} INFO - Processing /opt/airflow/dags/groups/group_downloads.py took 0.140 seconds
[2024-09-14T10:34:06.133+0000] {processor.py:154} INFO - Started process (PID=921) to work on /opt/airflow/dags/groups/group_downloads.py
[2024-09-14T10:34:06.138+0000] {processor.py:756} INFO - Processing file /opt/airflow/dags/groups/group_downloads.py for tasks to queue
[2024-09-14T10:34:06.261+0000] {logging_mixin.py:120} INFO - [2024-09-14T10:34:06.260+0000] {dagbag.py:537} INFO - Filling up the DagBag from /opt/airflow/dags/groups/group_downloads.py
[2024-09-14T10:34:06.783+0000] {processor.py:768} WARNING - No viable dags retrieved from /opt/airflow/dags/groups/group_downloads.py
[2024-09-14T10:34:06.807+0000] {processor.py:176} INFO - Processing /opt/airflow/dags/groups/group_downloads.py took 0.679 seconds
[2024-09-14T10:34:37.724+0000] {processor.py:154} INFO - Started process (PID=957) to work on /opt/airflow/dags/groups/group_downloads.py
[2024-09-14T10:34:37.732+0000] {processor.py:756} INFO - Processing file /opt/airflow/dags/groups/group_downloads.py for tasks to queue
[2024-09-14T10:34:37.733+0000] {logging_mixin.py:120} INFO - [2024-09-14T10:34:37.733+0000] {dagbag.py:537} INFO - Filling up the DagBag from /opt/airflow/dags/groups/group_downloads.py
[2024-09-14T10:34:37.764+0000] {processor.py:768} WARNING - No viable dags retrieved from /opt/airflow/dags/groups/group_downloads.py
[2024-09-14T10:34:37.790+0000] {processor.py:176} INFO - Processing /opt/airflow/dags/groups/group_downloads.py took 0.070 seconds
[2024-09-14T10:35:07.870+0000] {processor.py:154} INFO - Started process (PID=992) to work on /opt/airflow/dags/groups/group_downloads.py
[2024-09-14T10:35:07.871+0000] {processor.py:756} INFO - Processing file /opt/airflow/dags/groups/group_downloads.py for tasks to queue
[2024-09-14T10:35:07.873+0000] {logging_mixin.py:120} INFO - [2024-09-14T10:35:07.872+0000] {dagbag.py:537} INFO - Filling up the DagBag from /opt/airflow/dags/groups/group_downloads.py
[2024-09-14T10:35:07.890+0000] {processor.py:768} WARNING - No viable dags retrieved from /opt/airflow/dags/groups/group_downloads.py
[2024-09-14T10:35:07.916+0000] {processor.py:176} INFO - Processing /opt/airflow/dags/groups/group_downloads.py took 0.050 seconds
[2024-09-14T10:35:38.716+0000] {processor.py:154} INFO - Started process (PID=1018) to work on /opt/airflow/dags/groups/group_downloads.py
[2024-09-14T10:35:38.717+0000] {processor.py:756} INFO - Processing file /opt/airflow/dags/groups/group_downloads.py for tasks to queue
[2024-09-14T10:35:38.718+0000] {logging_mixin.py:120} INFO - [2024-09-14T10:35:38.718+0000] {dagbag.py:537} INFO - Filling up the DagBag from /opt/airflow/dags/groups/group_downloads.py
[2024-09-14T10:35:38.736+0000] {processor.py:768} WARNING - No viable dags retrieved from /opt/airflow/dags/groups/group_downloads.py
[2024-09-14T10:35:38.750+0000] {processor.py:176} INFO - Processing /opt/airflow/dags/groups/group_downloads.py took 0.037 seconds
[2024-09-14T10:36:09.374+0000] {processor.py:154} INFO - Started process (PID=1054) to work on /opt/airflow/dags/groups/group_downloads.py
[2024-09-14T10:36:09.408+0000] {processor.py:756} INFO - Processing file /opt/airflow/dags/groups/group_downloads.py for tasks to queue
[2024-09-14T10:36:09.410+0000] {logging_mixin.py:120} INFO - [2024-09-14T10:36:09.410+0000] {dagbag.py:537} INFO - Filling up the DagBag from /opt/airflow/dags/groups/group_downloads.py
[2024-09-14T10:36:09.495+0000] {processor.py:768} WARNING - No viable dags retrieved from /opt/airflow/dags/groups/group_downloads.py
[2024-09-14T10:36:09.513+0000] {processor.py:176} INFO - Processing /opt/airflow/dags/groups/group_downloads.py took 0.151 seconds
[2024-09-14T10:36:40.549+0000] {processor.py:154} INFO - Started process (PID=1081) to work on /opt/airflow/dags/groups/group_downloads.py
[2024-09-14T10:36:40.552+0000] {processor.py:756} INFO - Processing file /opt/airflow/dags/groups/group_downloads.py for tasks to queue
[2024-09-14T10:36:40.657+0000] {logging_mixin.py:120} INFO - [2024-09-14T10:36:40.657+0000] {dagbag.py:537} INFO - Filling up the DagBag from /opt/airflow/dags/groups/group_downloads.py
[2024-09-14T10:36:40.999+0000] {processor.py:768} WARNING - No viable dags retrieved from /opt/airflow/dags/groups/group_downloads.py
[2024-09-14T10:36:41.015+0000] {processor.py:176} INFO - Processing /opt/airflow/dags/groups/group_downloads.py took 0.470 seconds
[2024-09-14T10:37:11.584+0000] {processor.py:154} INFO - Started process (PID=1118) to work on /opt/airflow/dags/groups/group_downloads.py
[2024-09-14T10:37:11.585+0000] {processor.py:756} INFO - Processing file /opt/airflow/dags/groups/group_downloads.py for tasks to queue
[2024-09-14T10:37:11.587+0000] {logging_mixin.py:120} INFO - [2024-09-14T10:37:11.586+0000] {dagbag.py:537} INFO - Filling up the DagBag from /opt/airflow/dags/groups/group_downloads.py
[2024-09-14T10:37:11.602+0000] {processor.py:768} WARNING - No viable dags retrieved from /opt/airflow/dags/groups/group_downloads.py
[2024-09-14T10:37:11.613+0000] {processor.py:176} INFO - Processing /opt/airflow/dags/groups/group_downloads.py took 0.032 seconds
[2024-09-14T10:37:42.360+0000] {processor.py:154} INFO - Started process (PID=1155) to work on /opt/airflow/dags/groups/group_downloads.py
[2024-09-14T10:37:42.361+0000] {processor.py:756} INFO - Processing file /opt/airflow/dags/groups/group_downloads.py for tasks to queue
[2024-09-14T10:37:42.363+0000] {logging_mixin.py:120} INFO - [2024-09-14T10:37:42.363+0000] {dagbag.py:537} INFO - Filling up the DagBag from /opt/airflow/dags/groups/group_downloads.py
[2024-09-14T10:37:42.397+0000] {processor.py:768} WARNING - No viable dags retrieved from /opt/airflow/dags/groups/group_downloads.py
[2024-09-14T10:37:42.413+0000] {processor.py:176} INFO - Processing /opt/airflow/dags/groups/group_downloads.py took 0.056 seconds
[2024-09-14T10:38:12.565+0000] {processor.py:154} INFO - Started process (PID=1184) to work on /opt/airflow/dags/groups/group_downloads.py
[2024-09-14T10:38:12.566+0000] {processor.py:756} INFO - Processing file /opt/airflow/dags/groups/group_downloads.py for tasks to queue
[2024-09-14T10:38:12.567+0000] {logging_mixin.py:120} INFO - [2024-09-14T10:38:12.567+0000] {dagbag.py:537} INFO - Filling up the DagBag from /opt/airflow/dags/groups/group_downloads.py
[2024-09-14T10:38:12.585+0000] {processor.py:768} WARNING - No viable dags retrieved from /opt/airflow/dags/groups/group_downloads.py
[2024-09-14T10:38:12.598+0000] {processor.py:176} INFO - Processing /opt/airflow/dags/groups/group_downloads.py took 0.036 seconds
[2024-09-14T10:38:57.288+0000] {processor.py:154} INFO - Started process (PID=51) to work on /opt/airflow/dags/groups/group_downloads.py
[2024-09-14T10:38:57.290+0000] {processor.py:756} INFO - Processing file /opt/airflow/dags/groups/group_downloads.py for tasks to queue
[2024-09-14T10:38:57.293+0000] {logging_mixin.py:120} INFO - [2024-09-14T10:38:57.292+0000] {dagbag.py:537} INFO - Filling up the DagBag from /opt/airflow/dags/groups/group_downloads.py
[2024-09-14T10:38:57.329+0000] {processor.py:768} WARNING - No viable dags retrieved from /opt/airflow/dags/groups/group_downloads.py
[2024-09-14T10:38:57.371+0000] {processor.py:176} INFO - Processing /opt/airflow/dags/groups/group_downloads.py took 0.087 seconds
[2024-09-14T10:39:28.203+0000] {processor.py:154} INFO - Started process (PID=80) to work on /opt/airflow/dags/groups/group_downloads.py
[2024-09-14T10:39:28.207+0000] {processor.py:756} INFO - Processing file /opt/airflow/dags/groups/group_downloads.py for tasks to queue
[2024-09-14T10:39:28.211+0000] {logging_mixin.py:120} INFO - [2024-09-14T10:39:28.210+0000] {dagbag.py:537} INFO - Filling up the DagBag from /opt/airflow/dags/groups/group_downloads.py
[2024-09-14T10:39:28.331+0000] {processor.py:768} WARNING - No viable dags retrieved from /opt/airflow/dags/groups/group_downloads.py
[2024-09-14T10:39:28.345+0000] {processor.py:176} INFO - Processing /opt/airflow/dags/groups/group_downloads.py took 0.148 seconds
[2024-09-14T10:39:58.815+0000] {processor.py:154} INFO - Started process (PID=108) to work on /opt/airflow/dags/groups/group_downloads.py
[2024-09-14T10:39:58.818+0000] {processor.py:756} INFO - Processing file /opt/airflow/dags/groups/group_downloads.py for tasks to queue
[2024-09-14T10:39:58.820+0000] {logging_mixin.py:120} INFO - [2024-09-14T10:39:58.819+0000] {dagbag.py:537} INFO - Filling up the DagBag from /opt/airflow/dags/groups/group_downloads.py
[2024-09-14T10:39:58.845+0000] {processor.py:768} WARNING - No viable dags retrieved from /opt/airflow/dags/groups/group_downloads.py
[2024-09-14T10:39:58.858+0000] {processor.py:176} INFO - Processing /opt/airflow/dags/groups/group_downloads.py took 0.050 seconds
[2024-09-14T10:40:29.146+0000] {processor.py:154} INFO - Started process (PID=151) to work on /opt/airflow/dags/groups/group_downloads.py
[2024-09-14T10:40:29.147+0000] {processor.py:756} INFO - Processing file /opt/airflow/dags/groups/group_downloads.py for tasks to queue
[2024-09-14T10:40:29.150+0000] {logging_mixin.py:120} INFO - [2024-09-14T10:40:29.150+0000] {dagbag.py:537} INFO - Filling up the DagBag from /opt/airflow/dags/groups/group_downloads.py
[2024-09-14T10:40:29.166+0000] {processor.py:768} WARNING - No viable dags retrieved from /opt/airflow/dags/groups/group_downloads.py
[2024-09-14T10:40:29.182+0000] {processor.py:176} INFO - Processing /opt/airflow/dags/groups/group_downloads.py took 0.040 seconds
[2024-09-14T10:41:00.316+0000] {processor.py:154} INFO - Started process (PID=202) to work on /opt/airflow/dags/groups/group_downloads.py
[2024-09-14T10:41:00.317+0000] {processor.py:756} INFO - Processing file /opt/airflow/dags/groups/group_downloads.py for tasks to queue
[2024-09-14T10:41:00.318+0000] {logging_mixin.py:120} INFO - [2024-09-14T10:41:00.318+0000] {dagbag.py:537} INFO - Filling up the DagBag from /opt/airflow/dags/groups/group_downloads.py
[2024-09-14T10:41:00.345+0000] {processor.py:768} WARNING - No viable dags retrieved from /opt/airflow/dags/groups/group_downloads.py
[2024-09-14T10:41:00.358+0000] {processor.py:176} INFO - Processing /opt/airflow/dags/groups/group_downloads.py took 0.045 seconds
[2024-09-14T10:41:30.690+0000] {processor.py:154} INFO - Started process (PID=238) to work on /opt/airflow/dags/groups/group_downloads.py
[2024-09-14T10:41:30.691+0000] {processor.py:756} INFO - Processing file /opt/airflow/dags/groups/group_downloads.py for tasks to queue
[2024-09-14T10:41:30.692+0000] {logging_mixin.py:120} INFO - [2024-09-14T10:41:30.692+0000] {dagbag.py:537} INFO - Filling up the DagBag from /opt/airflow/dags/groups/group_downloads.py
[2024-09-14T10:41:30.717+0000] {processor.py:768} WARNING - No viable dags retrieved from /opt/airflow/dags/groups/group_downloads.py
[2024-09-14T10:41:30.735+0000] {processor.py:176} INFO - Processing /opt/airflow/dags/groups/group_downloads.py took 0.048 seconds
[2024-09-14T10:42:01.231+0000] {processor.py:154} INFO - Started process (PID=265) to work on /opt/airflow/dags/groups/group_downloads.py
[2024-09-14T10:42:01.233+0000] {processor.py:756} INFO - Processing file /opt/airflow/dags/groups/group_downloads.py for tasks to queue
[2024-09-14T10:42:01.234+0000] {logging_mixin.py:120} INFO - [2024-09-14T10:42:01.234+0000] {dagbag.py:537} INFO - Filling up the DagBag from /opt/airflow/dags/groups/group_downloads.py
[2024-09-14T10:42:01.274+0000] {processor.py:768} WARNING - No viable dags retrieved from /opt/airflow/dags/groups/group_downloads.py
[2024-09-14T10:42:01.288+0000] {processor.py:176} INFO - Processing /opt/airflow/dags/groups/group_downloads.py took 0.059 seconds
[2024-09-14T10:42:31.381+0000] {processor.py:154} INFO - Started process (PID=301) to work on /opt/airflow/dags/groups/group_downloads.py
[2024-09-14T10:42:31.382+0000] {processor.py:756} INFO - Processing file /opt/airflow/dags/groups/group_downloads.py for tasks to queue
[2024-09-14T10:42:31.384+0000] {logging_mixin.py:120} INFO - [2024-09-14T10:42:31.384+0000] {dagbag.py:537} INFO - Filling up the DagBag from /opt/airflow/dags/groups/group_downloads.py
[2024-09-14T10:42:31.406+0000] {processor.py:768} WARNING - No viable dags retrieved from /opt/airflow/dags/groups/group_downloads.py
[2024-09-14T10:42:31.417+0000] {processor.py:176} INFO - Processing /opt/airflow/dags/groups/group_downloads.py took 0.040 seconds
[2024-09-14T10:43:02.416+0000] {processor.py:154} INFO - Started process (PID=335) to work on /opt/airflow/dags/groups/group_downloads.py
[2024-09-14T10:43:02.418+0000] {processor.py:756} INFO - Processing file /opt/airflow/dags/groups/group_downloads.py for tasks to queue
[2024-09-14T10:43:02.419+0000] {logging_mixin.py:120} INFO - [2024-09-14T10:43:02.419+0000] {dagbag.py:537} INFO - Filling up the DagBag from /opt/airflow/dags/groups/group_downloads.py
[2024-09-14T10:43:02.454+0000] {processor.py:768} WARNING - No viable dags retrieved from /opt/airflow/dags/groups/group_downloads.py
[2024-09-14T10:43:02.469+0000] {processor.py:176} INFO - Processing /opt/airflow/dags/groups/group_downloads.py took 0.056 seconds
[2024-09-14T10:43:33.337+0000] {processor.py:154} INFO - Started process (PID=363) to work on /opt/airflow/dags/groups/group_downloads.py
[2024-09-14T10:43:33.339+0000] {processor.py:756} INFO - Processing file /opt/airflow/dags/groups/group_downloads.py for tasks to queue
[2024-09-14T10:43:33.340+0000] {logging_mixin.py:120} INFO - [2024-09-14T10:43:33.340+0000] {dagbag.py:537} INFO - Filling up the DagBag from /opt/airflow/dags/groups/group_downloads.py
[2024-09-14T10:43:33.381+0000] {processor.py:768} WARNING - No viable dags retrieved from /opt/airflow/dags/groups/group_downloads.py
[2024-09-14T10:43:33.399+0000] {processor.py:176} INFO - Processing /opt/airflow/dags/groups/group_downloads.py took 0.065 seconds
[2024-09-14T10:44:05.329+0000] {processor.py:154} INFO - Started process (PID=401) to work on /opt/airflow/dags/groups/group_downloads.py
[2024-09-14T10:44:05.395+0000] {processor.py:756} INFO - Processing file /opt/airflow/dags/groups/group_downloads.py for tasks to queue
[2024-09-14T10:44:05.459+0000] {logging_mixin.py:120} INFO - [2024-09-14T10:44:05.458+0000] {dagbag.py:537} INFO - Filling up the DagBag from /opt/airflow/dags/groups/group_downloads.py
[2024-09-14T10:44:05.514+0000] {processor.py:768} WARNING - No viable dags retrieved from /opt/airflow/dags/groups/group_downloads.py
[2024-09-14T10:44:05.583+0000] {processor.py:176} INFO - Processing /opt/airflow/dags/groups/group_downloads.py took 0.258 seconds
[2024-09-14T10:44:36.035+0000] {processor.py:154} INFO - Started process (PID=443) to work on /opt/airflow/dags/groups/group_downloads.py
[2024-09-14T10:44:36.036+0000] {processor.py:756} INFO - Processing file /opt/airflow/dags/groups/group_downloads.py for tasks to queue
[2024-09-14T10:44:36.036+0000] {logging_mixin.py:120} INFO - [2024-09-14T10:44:36.036+0000] {dagbag.py:537} INFO - Filling up the DagBag from /opt/airflow/dags/groups/group_downloads.py
[2024-09-14T10:44:36.054+0000] {processor.py:768} WARNING - No viable dags retrieved from /opt/airflow/dags/groups/group_downloads.py
[2024-09-14T10:44:36.076+0000] {processor.py:176} INFO - Processing /opt/airflow/dags/groups/group_downloads.py took 0.044 seconds
[2024-09-14T10:45:07.711+0000] {processor.py:154} INFO - Started process (PID=472) to work on /opt/airflow/dags/groups/group_downloads.py
[2024-09-14T10:45:07.714+0000] {processor.py:756} INFO - Processing file /opt/airflow/dags/groups/group_downloads.py for tasks to queue
[2024-09-14T10:45:07.715+0000] {logging_mixin.py:120} INFO - [2024-09-14T10:45:07.715+0000] {dagbag.py:537} INFO - Filling up the DagBag from /opt/airflow/dags/groups/group_downloads.py
[2024-09-14T10:45:07.740+0000] {processor.py:768} WARNING - No viable dags retrieved from /opt/airflow/dags/groups/group_downloads.py
[2024-09-14T10:45:07.771+0000] {processor.py:176} INFO - Processing /opt/airflow/dags/groups/group_downloads.py took 0.063 seconds
[2024-09-14T10:45:38.302+0000] {processor.py:154} INFO - Started process (PID=509) to work on /opt/airflow/dags/groups/group_downloads.py
[2024-09-14T10:45:38.304+0000] {processor.py:756} INFO - Processing file /opt/airflow/dags/groups/group_downloads.py for tasks to queue
[2024-09-14T10:45:38.305+0000] {logging_mixin.py:120} INFO - [2024-09-14T10:45:38.305+0000] {dagbag.py:537} INFO - Filling up the DagBag from /opt/airflow/dags/groups/group_downloads.py
[2024-09-14T10:45:38.325+0000] {processor.py:768} WARNING - No viable dags retrieved from /opt/airflow/dags/groups/group_downloads.py
[2024-09-14T10:45:38.344+0000] {processor.py:176} INFO - Processing /opt/airflow/dags/groups/group_downloads.py took 0.047 seconds
[2024-09-14T10:46:08.960+0000] {processor.py:154} INFO - Started process (PID=548) to work on /opt/airflow/dags/groups/group_downloads.py
[2024-09-14T10:46:08.961+0000] {processor.py:756} INFO - Processing file /opt/airflow/dags/groups/group_downloads.py for tasks to queue
[2024-09-14T10:46:08.962+0000] {logging_mixin.py:120} INFO - [2024-09-14T10:46:08.962+0000] {dagbag.py:537} INFO - Filling up the DagBag from /opt/airflow/dags/groups/group_downloads.py
[2024-09-14T10:46:08.992+0000] {processor.py:768} WARNING - No viable dags retrieved from /opt/airflow/dags/groups/group_downloads.py
[2024-09-14T10:46:09.012+0000] {processor.py:176} INFO - Processing /opt/airflow/dags/groups/group_downloads.py took 0.056 seconds
[2024-09-14T10:46:41.160+0000] {processor.py:154} INFO - Started process (PID=577) to work on /opt/airflow/dags/groups/group_downloads.py
[2024-09-14T10:46:41.174+0000] {processor.py:756} INFO - Processing file /opt/airflow/dags/groups/group_downloads.py for tasks to queue
[2024-09-14T10:46:41.194+0000] {logging_mixin.py:120} INFO - [2024-09-14T10:46:41.194+0000] {dagbag.py:537} INFO - Filling up the DagBag from /opt/airflow/dags/groups/group_downloads.py
[2024-09-14T10:46:41.362+0000] {processor.py:768} WARNING - No viable dags retrieved from /opt/airflow/dags/groups/group_downloads.py
[2024-09-14T10:46:41.388+0000] {processor.py:176} INFO - Processing /opt/airflow/dags/groups/group_downloads.py took 0.230 seconds
[2024-09-14T10:47:11.459+0000] {processor.py:154} INFO - Started process (PID=616) to work on /opt/airflow/dags/groups/group_downloads.py
[2024-09-14T10:47:11.460+0000] {processor.py:756} INFO - Processing file /opt/airflow/dags/groups/group_downloads.py for tasks to queue
[2024-09-14T10:47:11.461+0000] {logging_mixin.py:120} INFO - [2024-09-14T10:47:11.461+0000] {dagbag.py:537} INFO - Filling up the DagBag from /opt/airflow/dags/groups/group_downloads.py
[2024-09-14T10:47:11.479+0000] {processor.py:768} WARNING - No viable dags retrieved from /opt/airflow/dags/groups/group_downloads.py
[2024-09-14T10:47:11.501+0000] {processor.py:176} INFO - Processing /opt/airflow/dags/groups/group_downloads.py took 0.047 seconds
[2024-09-14T10:47:43.668+0000] {processor.py:154} INFO - Started process (PID=655) to work on /opt/airflow/dags/groups/group_downloads.py
[2024-09-14T10:47:43.672+0000] {processor.py:756} INFO - Processing file /opt/airflow/dags/groups/group_downloads.py for tasks to queue
[2024-09-14T10:47:43.675+0000] {logging_mixin.py:120} INFO - [2024-09-14T10:47:43.675+0000] {dagbag.py:537} INFO - Filling up the DagBag from /opt/airflow/dags/groups/group_downloads.py
[2024-09-14T10:47:43.711+0000] {processor.py:768} WARNING - No viable dags retrieved from /opt/airflow/dags/groups/group_downloads.py
[2024-09-14T10:47:43.755+0000] {processor.py:176} INFO - Processing /opt/airflow/dags/groups/group_downloads.py took 0.091 seconds
[2024-09-14T10:48:14.290+0000] {processor.py:154} INFO - Started process (PID=684) to work on /opt/airflow/dags/groups/group_downloads.py
[2024-09-14T10:48:14.292+0000] {processor.py:756} INFO - Processing file /opt/airflow/dags/groups/group_downloads.py for tasks to queue
[2024-09-14T10:48:14.292+0000] {logging_mixin.py:120} INFO - [2024-09-14T10:48:14.292+0000] {dagbag.py:537} INFO - Filling up the DagBag from /opt/airflow/dags/groups/group_downloads.py
[2024-09-14T10:48:14.312+0000] {processor.py:768} WARNING - No viable dags retrieved from /opt/airflow/dags/groups/group_downloads.py
[2024-09-14T10:48:14.330+0000] {processor.py:176} INFO - Processing /opt/airflow/dags/groups/group_downloads.py took 0.043 seconds
[2024-09-14T10:48:44.914+0000] {processor.py:154} INFO - Started process (PID=722) to work on /opt/airflow/dags/groups/group_downloads.py
[2024-09-14T10:48:44.915+0000] {processor.py:756} INFO - Processing file /opt/airflow/dags/groups/group_downloads.py for tasks to queue
[2024-09-14T10:48:44.916+0000] {logging_mixin.py:120} INFO - [2024-09-14T10:48:44.916+0000] {dagbag.py:537} INFO - Filling up the DagBag from /opt/airflow/dags/groups/group_downloads.py
[2024-09-14T10:48:44.934+0000] {processor.py:768} WARNING - No viable dags retrieved from /opt/airflow/dags/groups/group_downloads.py
[2024-09-14T10:48:44.947+0000] {processor.py:176} INFO - Processing /opt/airflow/dags/groups/group_downloads.py took 0.036 seconds
[2024-09-14T10:49:15.632+0000] {processor.py:154} INFO - Started process (PID=751) to work on /opt/airflow/dags/groups/group_downloads.py
[2024-09-14T10:49:15.650+0000] {processor.py:756} INFO - Processing file /opt/airflow/dags/groups/group_downloads.py for tasks to queue
[2024-09-14T10:49:15.651+0000] {logging_mixin.py:120} INFO - [2024-09-14T10:49:15.651+0000] {dagbag.py:537} INFO - Filling up the DagBag from /opt/airflow/dags/groups/group_downloads.py
[2024-09-14T10:49:15.681+0000] {processor.py:768} WARNING - No viable dags retrieved from /opt/airflow/dags/groups/group_downloads.py
[2024-09-14T10:49:15.695+0000] {processor.py:176} INFO - Processing /opt/airflow/dags/groups/group_downloads.py took 0.066 seconds
[2024-09-14T10:49:46.152+0000] {processor.py:154} INFO - Started process (PID=789) to work on /opt/airflow/dags/groups/group_downloads.py
[2024-09-14T10:49:46.154+0000] {processor.py:756} INFO - Processing file /opt/airflow/dags/groups/group_downloads.py for tasks to queue
[2024-09-14T10:49:46.155+0000] {logging_mixin.py:120} INFO - [2024-09-14T10:49:46.155+0000] {dagbag.py:537} INFO - Filling up the DagBag from /opt/airflow/dags/groups/group_downloads.py
[2024-09-14T10:49:46.180+0000] {processor.py:768} WARNING - No viable dags retrieved from /opt/airflow/dags/groups/group_downloads.py
[2024-09-14T10:49:46.197+0000] {processor.py:176} INFO - Processing /opt/airflow/dags/groups/group_downloads.py took 0.049 seconds
[2024-09-14T10:50:17.108+0000] {processor.py:154} INFO - Started process (PID=827) to work on /opt/airflow/dags/groups/group_downloads.py
[2024-09-14T10:50:17.110+0000] {processor.py:756} INFO - Processing file /opt/airflow/dags/groups/group_downloads.py for tasks to queue
[2024-09-14T10:50:17.111+0000] {logging_mixin.py:120} INFO - [2024-09-14T10:50:17.111+0000] {dagbag.py:537} INFO - Filling up the DagBag from /opt/airflow/dags/groups/group_downloads.py
[2024-09-14T10:50:17.144+0000] {processor.py:768} WARNING - No viable dags retrieved from /opt/airflow/dags/groups/group_downloads.py
[2024-09-14T10:50:17.168+0000] {processor.py:176} INFO - Processing /opt/airflow/dags/groups/group_downloads.py took 0.065 seconds
[2024-09-14T10:50:50.835+0000] {processor.py:154} INFO - Started process (PID=864) to work on /opt/airflow/dags/groups/group_downloads.py
[2024-09-14T10:50:50.837+0000] {processor.py:756} INFO - Processing file /opt/airflow/dags/groups/group_downloads.py for tasks to queue
[2024-09-14T10:50:50.839+0000] {logging_mixin.py:120} INFO - [2024-09-14T10:50:50.838+0000] {dagbag.py:537} INFO - Filling up the DagBag from /opt/airflow/dags/groups/group_downloads.py
[2024-09-14T10:50:50.877+0000] {processor.py:768} WARNING - No viable dags retrieved from /opt/airflow/dags/groups/group_downloads.py
[2024-09-14T10:50:50.897+0000] {processor.py:176} INFO - Processing /opt/airflow/dags/groups/group_downloads.py took 0.068 seconds
[2024-09-14T10:51:21.118+0000] {processor.py:154} INFO - Started process (PID=896) to work on /opt/airflow/dags/groups/group_downloads.py
[2024-09-14T10:51:21.127+0000] {processor.py:756} INFO - Processing file /opt/airflow/dags/groups/group_downloads.py for tasks to queue
[2024-09-14T10:51:21.132+0000] {logging_mixin.py:120} INFO - [2024-09-14T10:51:21.132+0000] {dagbag.py:537} INFO - Filling up the DagBag from /opt/airflow/dags/groups/group_downloads.py
[2024-09-14T10:51:21.618+0000] {processor.py:768} WARNING - No viable dags retrieved from /opt/airflow/dags/groups/group_downloads.py
[2024-09-14T10:51:21.640+0000] {processor.py:176} INFO - Processing /opt/airflow/dags/groups/group_downloads.py took 0.526 seconds
[2024-09-14T10:51:53.038+0000] {processor.py:154} INFO - Started process (PID=933) to work on /opt/airflow/dags/groups/group_downloads.py
[2024-09-14T10:51:53.041+0000] {processor.py:756} INFO - Processing file /opt/airflow/dags/groups/group_downloads.py for tasks to queue
[2024-09-14T10:51:53.044+0000] {logging_mixin.py:120} INFO - [2024-09-14T10:51:53.044+0000] {dagbag.py:537} INFO - Filling up the DagBag from /opt/airflow/dags/groups/group_downloads.py
[2024-09-14T10:51:53.071+0000] {processor.py:768} WARNING - No viable dags retrieved from /opt/airflow/dags/groups/group_downloads.py
[2024-09-14T10:51:53.109+0000] {processor.py:176} INFO - Processing /opt/airflow/dags/groups/group_downloads.py took 0.075 seconds
[2024-09-14T10:52:23.802+0000] {processor.py:154} INFO - Started process (PID=960) to work on /opt/airflow/dags/groups/group_downloads.py
[2024-09-14T10:52:23.804+0000] {processor.py:756} INFO - Processing file /opt/airflow/dags/groups/group_downloads.py for tasks to queue
[2024-09-14T10:52:23.805+0000] {logging_mixin.py:120} INFO - [2024-09-14T10:52:23.805+0000] {dagbag.py:537} INFO - Filling up the DagBag from /opt/airflow/dags/groups/group_downloads.py
[2024-09-14T10:52:23.839+0000] {processor.py:768} WARNING - No viable dags retrieved from /opt/airflow/dags/groups/group_downloads.py
[2024-09-14T10:52:23.855+0000] {processor.py:176} INFO - Processing /opt/airflow/dags/groups/group_downloads.py took 0.056 seconds
[2024-09-14T10:52:54.644+0000] {processor.py:154} INFO - Started process (PID=998) to work on /opt/airflow/dags/groups/group_downloads.py
[2024-09-14T10:52:54.645+0000] {processor.py:756} INFO - Processing file /opt/airflow/dags/groups/group_downloads.py for tasks to queue
[2024-09-14T10:52:54.647+0000] {logging_mixin.py:120} INFO - [2024-09-14T10:52:54.647+0000] {dagbag.py:537} INFO - Filling up the DagBag from /opt/airflow/dags/groups/group_downloads.py
[2024-09-14T10:52:55.354+0000] {processor.py:768} WARNING - No viable dags retrieved from /opt/airflow/dags/groups/group_downloads.py
[2024-09-14T10:52:55.368+0000] {processor.py:176} INFO - Processing /opt/airflow/dags/groups/group_downloads.py took 0.729 seconds
[2024-09-14T10:53:25.965+0000] {processor.py:154} INFO - Started process (PID=1037) to work on /opt/airflow/dags/groups/group_downloads.py
[2024-09-14T10:53:25.966+0000] {processor.py:756} INFO - Processing file /opt/airflow/dags/groups/group_downloads.py for tasks to queue
[2024-09-14T10:53:25.967+0000] {logging_mixin.py:120} INFO - [2024-09-14T10:53:25.967+0000] {dagbag.py:537} INFO - Filling up the DagBag from /opt/airflow/dags/groups/group_downloads.py
[2024-09-14T10:53:26.033+0000] {processor.py:768} WARNING - No viable dags retrieved from /opt/airflow/dags/groups/group_downloads.py
[2024-09-14T10:53:26.054+0000] {processor.py:176} INFO - Processing /opt/airflow/dags/groups/group_downloads.py took 0.093 seconds
[2024-09-14T10:53:58.249+0000] {processor.py:154} INFO - Started process (PID=1066) to work on /opt/airflow/dags/groups/group_downloads.py
[2024-09-14T10:53:58.250+0000] {processor.py:756} INFO - Processing file /opt/airflow/dags/groups/group_downloads.py for tasks to queue
[2024-09-14T10:53:58.251+0000] {logging_mixin.py:120} INFO - [2024-09-14T10:53:58.251+0000] {dagbag.py:537} INFO - Filling up the DagBag from /opt/airflow/dags/groups/group_downloads.py
[2024-09-14T10:53:58.293+0000] {processor.py:768} WARNING - No viable dags retrieved from /opt/airflow/dags/groups/group_downloads.py
[2024-09-14T10:53:58.312+0000] {processor.py:176} INFO - Processing /opt/airflow/dags/groups/group_downloads.py took 0.066 seconds
[2024-09-14T10:54:29.079+0000] {processor.py:154} INFO - Started process (PID=1104) to work on /opt/airflow/dags/groups/group_downloads.py
[2024-09-14T10:54:29.080+0000] {processor.py:756} INFO - Processing file /opt/airflow/dags/groups/group_downloads.py for tasks to queue
[2024-09-14T10:54:29.081+0000] {logging_mixin.py:120} INFO - [2024-09-14T10:54:29.081+0000] {dagbag.py:537} INFO - Filling up the DagBag from /opt/airflow/dags/groups/group_downloads.py
[2024-09-14T10:54:29.100+0000] {processor.py:768} WARNING - No viable dags retrieved from /opt/airflow/dags/groups/group_downloads.py
[2024-09-14T10:54:29.124+0000] {processor.py:176} INFO - Processing /opt/airflow/dags/groups/group_downloads.py took 0.049 seconds
[2024-09-14T10:54:59.896+0000] {processor.py:154} INFO - Started process (PID=1142) to work on /opt/airflow/dags/groups/group_downloads.py
[2024-09-14T10:54:59.898+0000] {processor.py:756} INFO - Processing file /opt/airflow/dags/groups/group_downloads.py for tasks to queue
[2024-09-14T10:54:59.900+0000] {logging_mixin.py:120} INFO - [2024-09-14T10:54:59.900+0000] {dagbag.py:537} INFO - Filling up the DagBag from /opt/airflow/dags/groups/group_downloads.py
[2024-09-14T10:54:59.932+0000] {processor.py:768} WARNING - No viable dags retrieved from /opt/airflow/dags/groups/group_downloads.py
[2024-09-14T10:54:59.953+0000] {processor.py:176} INFO - Processing /opt/airflow/dags/groups/group_downloads.py took 0.060 seconds
[2024-09-14T10:55:30.223+0000] {processor.py:154} INFO - Started process (PID=1171) to work on /opt/airflow/dags/groups/group_downloads.py
[2024-09-14T10:55:30.232+0000] {processor.py:756} INFO - Processing file /opt/airflow/dags/groups/group_downloads.py for tasks to queue
[2024-09-14T10:55:30.237+0000] {logging_mixin.py:120} INFO - [2024-09-14T10:55:30.236+0000] {dagbag.py:537} INFO - Filling up the DagBag from /opt/airflow/dags/groups/group_downloads.py
[2024-09-14T10:55:31.256+0000] {processor.py:768} WARNING - No viable dags retrieved from /opt/airflow/dags/groups/group_downloads.py
[2024-09-14T10:55:31.278+0000] {processor.py:176} INFO - Processing /opt/airflow/dags/groups/group_downloads.py took 1.059 seconds
[2024-09-14T10:56:01.351+0000] {processor.py:154} INFO - Started process (PID=1209) to work on /opt/airflow/dags/groups/group_downloads.py
[2024-09-14T10:56:01.353+0000] {processor.py:756} INFO - Processing file /opt/airflow/dags/groups/group_downloads.py for tasks to queue
[2024-09-14T10:56:01.354+0000] {logging_mixin.py:120} INFO - [2024-09-14T10:56:01.354+0000] {dagbag.py:537} INFO - Filling up the DagBag from /opt/airflow/dags/groups/group_downloads.py
[2024-09-14T10:56:01.370+0000] {processor.py:768} WARNING - No viable dags retrieved from /opt/airflow/dags/groups/group_downloads.py
[2024-09-14T10:56:01.385+0000] {processor.py:176} INFO - Processing /opt/airflow/dags/groups/group_downloads.py took 0.038 seconds
[2024-09-14T10:56:32.101+0000] {processor.py:154} INFO - Started process (PID=1238) to work on /opt/airflow/dags/groups/group_downloads.py
[2024-09-14T10:56:32.103+0000] {processor.py:756} INFO - Processing file /opt/airflow/dags/groups/group_downloads.py for tasks to queue
[2024-09-14T10:56:32.104+0000] {logging_mixin.py:120} INFO - [2024-09-14T10:56:32.104+0000] {dagbag.py:537} INFO - Filling up the DagBag from /opt/airflow/dags/groups/group_downloads.py
[2024-09-14T10:56:32.125+0000] {processor.py:768} WARNING - No viable dags retrieved from /opt/airflow/dags/groups/group_downloads.py
[2024-09-14T10:56:32.138+0000] {processor.py:176} INFO - Processing /opt/airflow/dags/groups/group_downloads.py took 0.040 seconds
[2024-09-14T10:57:02.799+0000] {processor.py:154} INFO - Started process (PID=1275) to work on /opt/airflow/dags/groups/group_downloads.py
[2024-09-14T10:57:02.801+0000] {processor.py:756} INFO - Processing file /opt/airflow/dags/groups/group_downloads.py for tasks to queue
[2024-09-14T10:57:02.801+0000] {logging_mixin.py:120} INFO - [2024-09-14T10:57:02.801+0000] {dagbag.py:537} INFO - Filling up the DagBag from /opt/airflow/dags/groups/group_downloads.py
[2024-09-14T10:57:02.818+0000] {processor.py:768} WARNING - No viable dags retrieved from /opt/airflow/dags/groups/group_downloads.py
[2024-09-14T10:57:02.832+0000] {processor.py:176} INFO - Processing /opt/airflow/dags/groups/group_downloads.py took 0.036 seconds
[2024-09-14T10:57:35.738+0000] {processor.py:154} INFO - Started process (PID=1315) to work on /opt/airflow/dags/groups/group_downloads.py
[2024-09-14T10:57:35.739+0000] {processor.py:756} INFO - Processing file /opt/airflow/dags/groups/group_downloads.py for tasks to queue
[2024-09-14T10:57:35.741+0000] {logging_mixin.py:120} INFO - [2024-09-14T10:57:35.740+0000] {dagbag.py:537} INFO - Filling up the DagBag from /opt/airflow/dags/groups/group_downloads.py
[2024-09-14T10:57:35.780+0000] {processor.py:768} WARNING - No viable dags retrieved from /opt/airflow/dags/groups/group_downloads.py
[2024-09-14T10:57:35.798+0000] {processor.py:176} INFO - Processing /opt/airflow/dags/groups/group_downloads.py took 0.063 seconds
[2024-09-14T10:58:05.988+0000] {processor.py:154} INFO - Started process (PID=1343) to work on /opt/airflow/dags/groups/group_downloads.py
[2024-09-14T10:58:05.990+0000] {processor.py:756} INFO - Processing file /opt/airflow/dags/groups/group_downloads.py for tasks to queue
[2024-09-14T10:58:05.991+0000] {logging_mixin.py:120} INFO - [2024-09-14T10:58:05.991+0000] {dagbag.py:537} INFO - Filling up the DagBag from /opt/airflow/dags/groups/group_downloads.py
[2024-09-14T10:58:06.047+0000] {processor.py:768} WARNING - No viable dags retrieved from /opt/airflow/dags/groups/group_downloads.py
[2024-09-14T10:58:06.060+0000] {processor.py:176} INFO - Processing /opt/airflow/dags/groups/group_downloads.py took 0.075 seconds
[2024-09-14T10:58:37.350+0000] {processor.py:154} INFO - Started process (PID=1382) to work on /opt/airflow/dags/groups/group_downloads.py
[2024-09-14T10:58:37.353+0000] {processor.py:756} INFO - Processing file /opt/airflow/dags/groups/group_downloads.py for tasks to queue
[2024-09-14T10:58:37.354+0000] {logging_mixin.py:120} INFO - [2024-09-14T10:58:37.354+0000] {dagbag.py:537} INFO - Filling up the DagBag from /opt/airflow/dags/groups/group_downloads.py
[2024-09-14T10:58:37.379+0000] {processor.py:768} WARNING - No viable dags retrieved from /opt/airflow/dags/groups/group_downloads.py
[2024-09-14T10:58:37.393+0000] {processor.py:176} INFO - Processing /opt/airflow/dags/groups/group_downloads.py took 0.046 seconds
[2024-09-14T10:59:08.374+0000] {processor.py:154} INFO - Started process (PID=1420) to work on /opt/airflow/dags/groups/group_downloads.py
[2024-09-14T10:59:08.375+0000] {processor.py:756} INFO - Processing file /opt/airflow/dags/groups/group_downloads.py for tasks to queue
[2024-09-14T10:59:08.376+0000] {logging_mixin.py:120} INFO - [2024-09-14T10:59:08.376+0000] {dagbag.py:537} INFO - Filling up the DagBag from /opt/airflow/dags/groups/group_downloads.py
[2024-09-14T10:59:08.396+0000] {processor.py:768} WARNING - No viable dags retrieved from /opt/airflow/dags/groups/group_downloads.py
[2024-09-14T10:59:08.414+0000] {processor.py:176} INFO - Processing /opt/airflow/dags/groups/group_downloads.py took 0.043 seconds
[2024-09-14T10:59:39.569+0000] {processor.py:154} INFO - Started process (PID=1450) to work on /opt/airflow/dags/groups/group_downloads.py
[2024-09-14T10:59:39.570+0000] {processor.py:756} INFO - Processing file /opt/airflow/dags/groups/group_downloads.py for tasks to queue
[2024-09-14T10:59:39.571+0000] {logging_mixin.py:120} INFO - [2024-09-14T10:59:39.571+0000] {dagbag.py:537} INFO - Filling up the DagBag from /opt/airflow/dags/groups/group_downloads.py
[2024-09-14T10:59:39.596+0000] {processor.py:768} WARNING - No viable dags retrieved from /opt/airflow/dags/groups/group_downloads.py
[2024-09-14T10:59:39.611+0000] {processor.py:176} INFO - Processing /opt/airflow/dags/groups/group_downloads.py took 0.046 seconds
[2024-09-14T11:00:10.197+0000] {processor.py:154} INFO - Started process (PID=1488) to work on /opt/airflow/dags/groups/group_downloads.py
[2024-09-14T11:00:10.198+0000] {processor.py:756} INFO - Processing file /opt/airflow/dags/groups/group_downloads.py for tasks to queue
[2024-09-14T11:00:10.199+0000] {logging_mixin.py:120} INFO - [2024-09-14T11:00:10.199+0000] {dagbag.py:537} INFO - Filling up the DagBag from /opt/airflow/dags/groups/group_downloads.py
[2024-09-14T11:00:10.232+0000] {processor.py:768} WARNING - No viable dags retrieved from /opt/airflow/dags/groups/group_downloads.py
[2024-09-14T11:00:10.256+0000] {processor.py:176} INFO - Processing /opt/airflow/dags/groups/group_downloads.py took 0.062 seconds
[2024-09-14T11:00:40.604+0000] {processor.py:154} INFO - Started process (PID=1526) to work on /opt/airflow/dags/groups/group_downloads.py
[2024-09-14T11:00:40.605+0000] {processor.py:756} INFO - Processing file /opt/airflow/dags/groups/group_downloads.py for tasks to queue
[2024-09-14T11:00:40.609+0000] {logging_mixin.py:120} INFO - [2024-09-14T11:00:40.608+0000] {dagbag.py:537} INFO - Filling up the DagBag from /opt/airflow/dags/groups/group_downloads.py
[2024-09-14T11:00:40.643+0000] {processor.py:768} WARNING - No viable dags retrieved from /opt/airflow/dags/groups/group_downloads.py
[2024-09-14T11:00:40.702+0000] {processor.py:176} INFO - Processing /opt/airflow/dags/groups/group_downloads.py took 0.101 seconds
[2024-09-14T11:01:11.822+0000] {processor.py:154} INFO - Started process (PID=1556) to work on /opt/airflow/dags/groups/group_downloads.py
[2024-09-14T11:01:11.823+0000] {processor.py:756} INFO - Processing file /opt/airflow/dags/groups/group_downloads.py for tasks to queue
[2024-09-14T11:01:11.825+0000] {logging_mixin.py:120} INFO - [2024-09-14T11:01:11.825+0000] {dagbag.py:537} INFO - Filling up the DagBag from /opt/airflow/dags/groups/group_downloads.py
[2024-09-14T11:01:11.857+0000] {processor.py:768} WARNING - No viable dags retrieved from /opt/airflow/dags/groups/group_downloads.py
[2024-09-14T11:01:11.871+0000] {processor.py:176} INFO - Processing /opt/airflow/dags/groups/group_downloads.py took 0.052 seconds
[2024-09-14T11:01:42.831+0000] {processor.py:154} INFO - Started process (PID=1594) to work on /opt/airflow/dags/groups/group_downloads.py
[2024-09-14T11:01:42.832+0000] {processor.py:756} INFO - Processing file /opt/airflow/dags/groups/group_downloads.py for tasks to queue
[2024-09-14T11:01:42.833+0000] {logging_mixin.py:120} INFO - [2024-09-14T11:01:42.833+0000] {dagbag.py:537} INFO - Filling up the DagBag from /opt/airflow/dags/groups/group_downloads.py
[2024-09-14T11:01:42.848+0000] {processor.py:768} WARNING - No viable dags retrieved from /opt/airflow/dags/groups/group_downloads.py
[2024-09-14T11:01:42.859+0000] {processor.py:176} INFO - Processing /opt/airflow/dags/groups/group_downloads.py took 0.033 seconds
[2024-09-14T11:02:13.573+0000] {processor.py:154} INFO - Started process (PID=1632) to work on /opt/airflow/dags/groups/group_downloads.py
[2024-09-14T11:02:13.574+0000] {processor.py:756} INFO - Processing file /opt/airflow/dags/groups/group_downloads.py for tasks to queue
[2024-09-14T11:02:13.575+0000] {logging_mixin.py:120} INFO - [2024-09-14T11:02:13.574+0000] {dagbag.py:537} INFO - Filling up the DagBag from /opt/airflow/dags/groups/group_downloads.py
[2024-09-14T11:02:13.597+0000] {processor.py:768} WARNING - No viable dags retrieved from /opt/airflow/dags/groups/group_downloads.py
[2024-09-14T11:02:13.611+0000] {processor.py:176} INFO - Processing /opt/airflow/dags/groups/group_downloads.py took 0.041 seconds
[2024-09-14T11:02:44.854+0000] {processor.py:154} INFO - Started process (PID=1661) to work on /opt/airflow/dags/groups/group_downloads.py
[2024-09-14T11:02:44.856+0000] {processor.py:756} INFO - Processing file /opt/airflow/dags/groups/group_downloads.py for tasks to queue
[2024-09-14T11:02:44.857+0000] {logging_mixin.py:120} INFO - [2024-09-14T11:02:44.857+0000] {dagbag.py:537} INFO - Filling up the DagBag from /opt/airflow/dags/groups/group_downloads.py
[2024-09-14T11:02:44.904+0000] {processor.py:768} WARNING - No viable dags retrieved from /opt/airflow/dags/groups/group_downloads.py
[2024-09-14T11:02:44.919+0000] {processor.py:176} INFO - Processing /opt/airflow/dags/groups/group_downloads.py took 0.068 seconds
[2024-09-14T11:03:15.636+0000] {processor.py:154} INFO - Started process (PID=1699) to work on /opt/airflow/dags/groups/group_downloads.py
[2024-09-14T11:03:15.723+0000] {processor.py:756} INFO - Processing file /opt/airflow/dags/groups/group_downloads.py for tasks to queue
[2024-09-14T11:03:15.728+0000] {logging_mixin.py:120} INFO - [2024-09-14T11:03:15.727+0000] {dagbag.py:537} INFO - Filling up the DagBag from /opt/airflow/dags/groups/group_downloads.py
[2024-09-14T11:03:15.750+0000] {processor.py:768} WARNING - No viable dags retrieved from /opt/airflow/dags/groups/group_downloads.py
[2024-09-14T11:03:15.764+0000] {processor.py:176} INFO - Processing /opt/airflow/dags/groups/group_downloads.py took 0.132 seconds
[2024-09-14T11:03:46.450+0000] {processor.py:154} INFO - Started process (PID=1737) to work on /opt/airflow/dags/groups/group_downloads.py
[2024-09-14T11:03:46.451+0000] {processor.py:756} INFO - Processing file /opt/airflow/dags/groups/group_downloads.py for tasks to queue
[2024-09-14T11:03:46.452+0000] {logging_mixin.py:120} INFO - [2024-09-14T11:03:46.452+0000] {dagbag.py:537} INFO - Filling up the DagBag from /opt/airflow/dags/groups/group_downloads.py
[2024-09-14T11:03:46.474+0000] {processor.py:768} WARNING - No viable dags retrieved from /opt/airflow/dags/groups/group_downloads.py
[2024-09-14T11:03:46.496+0000] {processor.py:176} INFO - Processing /opt/airflow/dags/groups/group_downloads.py took 0.048 seconds
[2024-09-14T11:04:17.424+0000] {processor.py:154} INFO - Started process (PID=1766) to work on /opt/airflow/dags/groups/group_downloads.py
[2024-09-14T11:04:17.425+0000] {processor.py:756} INFO - Processing file /opt/airflow/dags/groups/group_downloads.py for tasks to queue
[2024-09-14T11:04:17.426+0000] {logging_mixin.py:120} INFO - [2024-09-14T11:04:17.426+0000] {dagbag.py:537} INFO - Filling up the DagBag from /opt/airflow/dags/groups/group_downloads.py
[2024-09-14T11:04:17.449+0000] {processor.py:768} WARNING - No viable dags retrieved from /opt/airflow/dags/groups/group_downloads.py
[2024-09-14T11:04:17.464+0000] {processor.py:176} INFO - Processing /opt/airflow/dags/groups/group_downloads.py took 0.044 seconds
[2024-09-14T11:04:47.863+0000] {processor.py:154} INFO - Started process (PID=1803) to work on /opt/airflow/dags/groups/group_downloads.py
[2024-09-14T11:04:47.865+0000] {processor.py:756} INFO - Processing file /opt/airflow/dags/groups/group_downloads.py for tasks to queue
[2024-09-14T11:04:47.866+0000] {logging_mixin.py:120} INFO - [2024-09-14T11:04:47.866+0000] {dagbag.py:537} INFO - Filling up the DagBag from /opt/airflow/dags/groups/group_downloads.py
[2024-09-14T11:04:47.891+0000] {processor.py:768} WARNING - No viable dags retrieved from /opt/airflow/dags/groups/group_downloads.py
[2024-09-14T11:04:47.906+0000] {processor.py:176} INFO - Processing /opt/airflow/dags/groups/group_downloads.py took 0.047 seconds
[2024-09-14T11:05:18.803+0000] {processor.py:154} INFO - Started process (PID=1832) to work on /opt/airflow/dags/groups/group_downloads.py
[2024-09-14T11:05:18.805+0000] {processor.py:756} INFO - Processing file /opt/airflow/dags/groups/group_downloads.py for tasks to queue
[2024-09-14T11:05:18.807+0000] {logging_mixin.py:120} INFO - [2024-09-14T11:05:18.806+0000] {dagbag.py:537} INFO - Filling up the DagBag from /opt/airflow/dags/groups/group_downloads.py
[2024-09-14T11:05:18.841+0000] {processor.py:768} WARNING - No viable dags retrieved from /opt/airflow/dags/groups/group_downloads.py
[2024-09-14T11:05:18.858+0000] {processor.py:176} INFO - Processing /opt/airflow/dags/groups/group_downloads.py took 0.057 seconds
[2024-09-14T11:05:49.752+0000] {processor.py:154} INFO - Started process (PID=1870) to work on /opt/airflow/dags/groups/group_downloads.py
[2024-09-14T11:05:49.753+0000] {processor.py:756} INFO - Processing file /opt/airflow/dags/groups/group_downloads.py for tasks to queue
[2024-09-14T11:05:49.754+0000] {logging_mixin.py:120} INFO - [2024-09-14T11:05:49.754+0000] {dagbag.py:537} INFO - Filling up the DagBag from /opt/airflow/dags/groups/group_downloads.py
[2024-09-14T11:05:50.220+0000] {processor.py:768} WARNING - No viable dags retrieved from /opt/airflow/dags/groups/group_downloads.py
[2024-09-14T11:05:50.237+0000] {processor.py:176} INFO - Processing /opt/airflow/dags/groups/group_downloads.py took 0.491 seconds
[2024-09-14T11:06:20.654+0000] {processor.py:154} INFO - Started process (PID=1907) to work on /opt/airflow/dags/groups/group_downloads.py
[2024-09-14T11:06:20.655+0000] {processor.py:756} INFO - Processing file /opt/airflow/dags/groups/group_downloads.py for tasks to queue
[2024-09-14T11:06:20.657+0000] {logging_mixin.py:120} INFO - [2024-09-14T11:06:20.656+0000] {dagbag.py:537} INFO - Filling up the DagBag from /opt/airflow/dags/groups/group_downloads.py
[2024-09-14T11:06:20.688+0000] {processor.py:768} WARNING - No viable dags retrieved from /opt/airflow/dags/groups/group_downloads.py
[2024-09-14T11:06:20.709+0000] {processor.py:176} INFO - Processing /opt/airflow/dags/groups/group_downloads.py took 0.059 seconds
[2024-09-14T11:06:50.927+0000] {processor.py:154} INFO - Started process (PID=1936) to work on /opt/airflow/dags/groups/group_downloads.py
[2024-09-14T11:06:50.931+0000] {processor.py:756} INFO - Processing file /opt/airflow/dags/groups/group_downloads.py for tasks to queue
[2024-09-14T11:06:50.936+0000] {logging_mixin.py:120} INFO - [2024-09-14T11:06:50.935+0000] {dagbag.py:537} INFO - Filling up the DagBag from /opt/airflow/dags/groups/group_downloads.py
[2024-09-14T11:06:51.007+0000] {processor.py:768} WARNING - No viable dags retrieved from /opt/airflow/dags/groups/group_downloads.py
[2024-09-14T11:06:51.040+0000] {processor.py:176} INFO - Processing /opt/airflow/dags/groups/group_downloads.py took 0.119 seconds
[2024-09-14T11:07:21.922+0000] {processor.py:154} INFO - Started process (PID=1974) to work on /opt/airflow/dags/groups/group_downloads.py
[2024-09-14T11:07:21.925+0000] {processor.py:756} INFO - Processing file /opt/airflow/dags/groups/group_downloads.py for tasks to queue
[2024-09-14T11:07:21.927+0000] {logging_mixin.py:120} INFO - [2024-09-14T11:07:21.927+0000] {dagbag.py:537} INFO - Filling up the DagBag from /opt/airflow/dags/groups/group_downloads.py
[2024-09-14T11:07:21.966+0000] {processor.py:768} WARNING - No viable dags retrieved from /opt/airflow/dags/groups/group_downloads.py
[2024-09-14T11:07:21.983+0000] {processor.py:176} INFO - Processing /opt/airflow/dags/groups/group_downloads.py took 0.066 seconds
[2024-09-14T11:07:55.207+0000] {processor.py:154} INFO - Started process (PID=2012) to work on /opt/airflow/dags/groups/group_downloads.py
[2024-09-14T11:07:55.210+0000] {processor.py:756} INFO - Processing file /opt/airflow/dags/groups/group_downloads.py for tasks to queue
[2024-09-14T11:07:55.212+0000] {logging_mixin.py:120} INFO - [2024-09-14T11:07:55.211+0000] {dagbag.py:537} INFO - Filling up the DagBag from /opt/airflow/dags/groups/group_downloads.py
[2024-09-14T11:07:55.228+0000] {processor.py:768} WARNING - No viable dags retrieved from /opt/airflow/dags/groups/group_downloads.py
[2024-09-14T11:07:55.244+0000] {processor.py:176} INFO - Processing /opt/airflow/dags/groups/group_downloads.py took 0.040 seconds
[2024-09-14T11:08:25.618+0000] {processor.py:154} INFO - Started process (PID=2041) to work on /opt/airflow/dags/groups/group_downloads.py
[2024-09-14T11:08:25.619+0000] {processor.py:756} INFO - Processing file /opt/airflow/dags/groups/group_downloads.py for tasks to queue
[2024-09-14T11:08:25.620+0000] {logging_mixin.py:120} INFO - [2024-09-14T11:08:25.620+0000] {dagbag.py:537} INFO - Filling up the DagBag from /opt/airflow/dags/groups/group_downloads.py
[2024-09-14T11:08:25.667+0000] {processor.py:768} WARNING - No viable dags retrieved from /opt/airflow/dags/groups/group_downloads.py
[2024-09-14T11:08:25.692+0000] {processor.py:176} INFO - Processing /opt/airflow/dags/groups/group_downloads.py took 0.078 seconds
[2024-09-14T11:08:57.378+0000] {processor.py:154} INFO - Started process (PID=2078) to work on /opt/airflow/dags/groups/group_downloads.py
[2024-09-14T11:08:57.381+0000] {processor.py:756} INFO - Processing file /opt/airflow/dags/groups/group_downloads.py for tasks to queue
[2024-09-14T11:08:57.383+0000] {logging_mixin.py:120} INFO - [2024-09-14T11:08:57.383+0000] {dagbag.py:537} INFO - Filling up the DagBag from /opt/airflow/dags/groups/group_downloads.py
[2024-09-14T11:08:57.505+0000] {processor.py:768} WARNING - No viable dags retrieved from /opt/airflow/dags/groups/group_downloads.py
[2024-09-14T11:08:57.532+0000] {processor.py:176} INFO - Processing /opt/airflow/dags/groups/group_downloads.py took 0.158 seconds
[2024-09-14T11:09:29.250+0000] {processor.py:154} INFO - Started process (PID=2116) to work on /opt/airflow/dags/groups/group_downloads.py
[2024-09-14T11:09:29.251+0000] {processor.py:756} INFO - Processing file /opt/airflow/dags/groups/group_downloads.py for tasks to queue
[2024-09-14T11:09:29.253+0000] {logging_mixin.py:120} INFO - [2024-09-14T11:09:29.253+0000] {dagbag.py:537} INFO - Filling up the DagBag from /opt/airflow/dags/groups/group_downloads.py
[2024-09-14T11:09:29.518+0000] {processor.py:768} WARNING - No viable dags retrieved from /opt/airflow/dags/groups/group_downloads.py
[2024-09-14T11:09:29.533+0000] {processor.py:176} INFO - Processing /opt/airflow/dags/groups/group_downloads.py took 0.287 seconds
[2024-09-14T11:10:01.069+0000] {processor.py:154} INFO - Started process (PID=2153) to work on /opt/airflow/dags/groups/group_downloads.py
[2024-09-14T11:10:01.073+0000] {processor.py:756} INFO - Processing file /opt/airflow/dags/groups/group_downloads.py for tasks to queue
[2024-09-14T11:10:01.077+0000] {logging_mixin.py:120} INFO - [2024-09-14T11:10:01.077+0000] {dagbag.py:537} INFO - Filling up the DagBag from /opt/airflow/dags/groups/group_downloads.py
[2024-09-14T11:10:01.222+0000] {processor.py:768} WARNING - No viable dags retrieved from /opt/airflow/dags/groups/group_downloads.py
[2024-09-14T11:10:01.254+0000] {processor.py:176} INFO - Processing /opt/airflow/dags/groups/group_downloads.py took 0.188 seconds
[2024-09-14T11:10:31.977+0000] {processor.py:154} INFO - Started process (PID=2182) to work on /opt/airflow/dags/groups/group_downloads.py
[2024-09-14T11:10:31.988+0000] {processor.py:756} INFO - Processing file /opt/airflow/dags/groups/group_downloads.py for tasks to queue
[2024-09-14T11:10:31.989+0000] {logging_mixin.py:120} INFO - [2024-09-14T11:10:31.989+0000] {dagbag.py:537} INFO - Filling up the DagBag from /opt/airflow/dags/groups/group_downloads.py
[2024-09-14T11:10:32.126+0000] {processor.py:768} WARNING - No viable dags retrieved from /opt/airflow/dags/groups/group_downloads.py
[2024-09-14T11:10:32.140+0000] {processor.py:176} INFO - Processing /opt/airflow/dags/groups/group_downloads.py took 0.166 seconds
[2024-09-14T11:11:03.352+0000] {processor.py:154} INFO - Started process (PID=2219) to work on /opt/airflow/dags/groups/group_downloads.py
[2024-09-14T11:11:03.359+0000] {processor.py:756} INFO - Processing file /opt/airflow/dags/groups/group_downloads.py for tasks to queue
[2024-09-14T11:11:03.370+0000] {logging_mixin.py:120} INFO - [2024-09-14T11:11:03.370+0000] {dagbag.py:537} INFO - Filling up the DagBag from /opt/airflow/dags/groups/group_downloads.py
[2024-09-14T11:11:03.580+0000] {processor.py:768} WARNING - No viable dags retrieved from /opt/airflow/dags/groups/group_downloads.py
[2024-09-14T11:11:03.594+0000] {processor.py:176} INFO - Processing /opt/airflow/dags/groups/group_downloads.py took 0.246 seconds
[2024-09-14T11:11:35.135+0000] {processor.py:154} INFO - Started process (PID=2257) to work on /opt/airflow/dags/groups/group_downloads.py
[2024-09-14T11:11:35.136+0000] {processor.py:756} INFO - Processing file /opt/airflow/dags/groups/group_downloads.py for tasks to queue
[2024-09-14T11:11:35.137+0000] {logging_mixin.py:120} INFO - [2024-09-14T11:11:35.137+0000] {dagbag.py:537} INFO - Filling up the DagBag from /opt/airflow/dags/groups/group_downloads.py
[2024-09-14T11:11:35.157+0000] {processor.py:768} WARNING - No viable dags retrieved from /opt/airflow/dags/groups/group_downloads.py
[2024-09-14T11:11:35.177+0000] {processor.py:176} INFO - Processing /opt/airflow/dags/groups/group_downloads.py took 0.044 seconds
[2024-09-14T11:12:06.323+0000] {processor.py:154} INFO - Started process (PID=2295) to work on /opt/airflow/dags/groups/group_downloads.py
[2024-09-14T11:12:06.326+0000] {processor.py:756} INFO - Processing file /opt/airflow/dags/groups/group_downloads.py for tasks to queue
[2024-09-14T11:12:06.340+0000] {logging_mixin.py:120} INFO - [2024-09-14T11:12:06.340+0000] {dagbag.py:537} INFO - Filling up the DagBag from /opt/airflow/dags/groups/group_downloads.py
[2024-09-14T11:12:06.411+0000] {processor.py:768} WARNING - No viable dags retrieved from /opt/airflow/dags/groups/group_downloads.py
[2024-09-14T11:12:06.455+0000] {processor.py:176} INFO - Processing /opt/airflow/dags/groups/group_downloads.py took 0.136 seconds
[2024-09-14T11:12:38.655+0000] {processor.py:154} INFO - Started process (PID=2325) to work on /opt/airflow/dags/groups/group_downloads.py
[2024-09-14T11:12:38.656+0000] {processor.py:756} INFO - Processing file /opt/airflow/dags/groups/group_downloads.py for tasks to queue
[2024-09-14T11:12:38.657+0000] {logging_mixin.py:120} INFO - [2024-09-14T11:12:38.657+0000] {dagbag.py:537} INFO - Filling up the DagBag from /opt/airflow/dags/groups/group_downloads.py
[2024-09-14T11:12:38.768+0000] {processor.py:768} WARNING - No viable dags retrieved from /opt/airflow/dags/groups/group_downloads.py
[2024-09-14T11:12:38.807+0000] {processor.py:176} INFO - Processing /opt/airflow/dags/groups/group_downloads.py took 0.155 seconds
[2024-09-14T11:13:09.312+0000] {processor.py:154} INFO - Started process (PID=2363) to work on /opt/airflow/dags/groups/group_downloads.py
[2024-09-14T11:13:09.334+0000] {processor.py:756} INFO - Processing file /opt/airflow/dags/groups/group_downloads.py for tasks to queue
[2024-09-14T11:13:09.416+0000] {logging_mixin.py:120} INFO - [2024-09-14T11:13:09.416+0000] {dagbag.py:537} INFO - Filling up the DagBag from /opt/airflow/dags/groups/group_downloads.py
[2024-09-14T11:13:09.660+0000] {processor.py:768} WARNING - No viable dags retrieved from /opt/airflow/dags/groups/group_downloads.py
[2024-09-14T11:13:09.678+0000] {processor.py:176} INFO - Processing /opt/airflow/dags/groups/group_downloads.py took 0.370 seconds
[2024-09-14T11:13:40.663+0000] {processor.py:154} INFO - Started process (PID=2401) to work on /opt/airflow/dags/groups/group_downloads.py
[2024-09-14T11:13:40.668+0000] {processor.py:756} INFO - Processing file /opt/airflow/dags/groups/group_downloads.py for tasks to queue
[2024-09-14T11:13:40.678+0000] {logging_mixin.py:120} INFO - [2024-09-14T11:13:40.677+0000] {dagbag.py:537} INFO - Filling up the DagBag from /opt/airflow/dags/groups/group_downloads.py
[2024-09-14T11:13:41.165+0000] {processor.py:768} WARNING - No viable dags retrieved from /opt/airflow/dags/groups/group_downloads.py
[2024-09-14T11:13:41.185+0000] {processor.py:176} INFO - Processing /opt/airflow/dags/groups/group_downloads.py took 0.524 seconds
[2024-09-14T11:14:13.341+0000] {processor.py:154} INFO - Started process (PID=2429) to work on /opt/airflow/dags/groups/group_downloads.py
[2024-09-14T11:14:13.352+0000] {processor.py:756} INFO - Processing file /opt/airflow/dags/groups/group_downloads.py for tasks to queue
[2024-09-14T11:14:13.436+0000] {logging_mixin.py:120} INFO - [2024-09-14T11:14:13.436+0000] {dagbag.py:537} INFO - Filling up the DagBag from /opt/airflow/dags/groups/group_downloads.py
[2024-09-14T11:14:14.356+0000] {processor.py:768} WARNING - No viable dags retrieved from /opt/airflow/dags/groups/group_downloads.py
[2024-09-14T11:14:14.392+0000] {processor.py:176} INFO - Processing /opt/airflow/dags/groups/group_downloads.py took 1.055 seconds
[2024-09-14T11:14:44.495+0000] {processor.py:154} INFO - Started process (PID=2467) to work on /opt/airflow/dags/groups/group_downloads.py
[2024-09-14T11:14:44.543+0000] {processor.py:756} INFO - Processing file /opt/airflow/dags/groups/group_downloads.py for tasks to queue
[2024-09-14T11:14:44.585+0000] {logging_mixin.py:120} INFO - [2024-09-14T11:14:44.585+0000] {dagbag.py:537} INFO - Filling up the DagBag from /opt/airflow/dags/groups/group_downloads.py
[2024-09-14T11:14:44.630+0000] {processor.py:768} WARNING - No viable dags retrieved from /opt/airflow/dags/groups/group_downloads.py
[2024-09-14T11:14:44.653+0000] {processor.py:176} INFO - Processing /opt/airflow/dags/groups/group_downloads.py took 0.161 seconds
[2024-09-14T11:15:14.709+0000] {processor.py:154} INFO - Started process (PID=2504) to work on /opt/airflow/dags/groups/group_downloads.py
[2024-09-14T11:15:14.710+0000] {processor.py:756} INFO - Processing file /opt/airflow/dags/groups/group_downloads.py for tasks to queue
[2024-09-14T11:15:14.713+0000] {logging_mixin.py:120} INFO - [2024-09-14T11:15:14.713+0000] {dagbag.py:537} INFO - Filling up the DagBag from /opt/airflow/dags/groups/group_downloads.py
[2024-09-14T11:15:14.743+0000] {processor.py:768} WARNING - No viable dags retrieved from /opt/airflow/dags/groups/group_downloads.py
[2024-09-14T11:15:14.770+0000] {processor.py:176} INFO - Processing /opt/airflow/dags/groups/group_downloads.py took 0.064 seconds
[2024-09-14T11:15:44.861+0000] {processor.py:154} INFO - Started process (PID=2533) to work on /opt/airflow/dags/groups/group_downloads.py
[2024-09-14T11:15:44.863+0000] {processor.py:756} INFO - Processing file /opt/airflow/dags/groups/group_downloads.py for tasks to queue
[2024-09-14T11:15:44.864+0000] {logging_mixin.py:120} INFO - [2024-09-14T11:15:44.864+0000] {dagbag.py:537} INFO - Filling up the DagBag from /opt/airflow/dags/groups/group_downloads.py
[2024-09-14T11:15:45.040+0000] {processor.py:768} WARNING - No viable dags retrieved from /opt/airflow/dags/groups/group_downloads.py
[2024-09-14T11:15:45.057+0000] {processor.py:176} INFO - Processing /opt/airflow/dags/groups/group_downloads.py took 0.200 seconds
[2024-09-14T11:16:15.674+0000] {processor.py:154} INFO - Started process (PID=2571) to work on /opt/airflow/dags/groups/group_downloads.py
[2024-09-14T11:16:15.678+0000] {processor.py:756} INFO - Processing file /opt/airflow/dags/groups/group_downloads.py for tasks to queue
[2024-09-14T11:16:15.681+0000] {logging_mixin.py:120} INFO - [2024-09-14T11:16:15.680+0000] {dagbag.py:537} INFO - Filling up the DagBag from /opt/airflow/dags/groups/group_downloads.py
[2024-09-14T11:16:15.715+0000] {processor.py:768} WARNING - No viable dags retrieved from /opt/airflow/dags/groups/group_downloads.py
[2024-09-14T11:16:15.735+0000] {processor.py:176} INFO - Processing /opt/airflow/dags/groups/group_downloads.py took 0.079 seconds
[2024-09-14T11:16:46.316+0000] {processor.py:154} INFO - Started process (PID=2600) to work on /opt/airflow/dags/groups/group_downloads.py
[2024-09-14T11:16:46.381+0000] {processor.py:756} INFO - Processing file /opt/airflow/dags/groups/group_downloads.py for tasks to queue
[2024-09-14T11:16:46.468+0000] {logging_mixin.py:120} INFO - [2024-09-14T11:16:46.468+0000] {dagbag.py:537} INFO - Filling up the DagBag from /opt/airflow/dags/groups/group_downloads.py
[2024-09-14T11:16:46.764+0000] {processor.py:768} WARNING - No viable dags retrieved from /opt/airflow/dags/groups/group_downloads.py
[2024-09-14T11:16:46.783+0000] {processor.py:176} INFO - Processing /opt/airflow/dags/groups/group_downloads.py took 0.470 seconds
