[2024-09-13T08:38:18.436+0000] {taskinstance.py:1165} INFO - Dependencies all met for <TaskInstance: group_dag.downloads.download_a scheduled__2024-09-13T08:38:15.380111+00:00 [queued]>
[2024-09-13T08:38:18.445+0000] {taskinstance.py:1165} INFO - Dependencies all met for <TaskInstance: group_dag.downloads.download_a scheduled__2024-09-13T08:38:15.380111+00:00 [queued]>
[2024-09-13T08:38:18.446+0000] {taskinstance.py:1362} INFO - 
--------------------------------------------------------------------------------
[2024-09-13T08:38:18.447+0000] {taskinstance.py:1363} INFO - Starting attempt 1 of 1
[2024-09-13T08:38:18.447+0000] {taskinstance.py:1364} INFO - 
--------------------------------------------------------------------------------
[2024-09-13T08:38:18.459+0000] {taskinstance.py:1383} INFO - Executing <Task(BashOperator): download_a> on 2024-09-13 08:38:15.380111+00:00
[2024-09-13T08:38:18.464+0000] {standard_task_runner.py:55} INFO - Started process 1915 to run task
[2024-09-13T08:38:18.467+0000] {standard_task_runner.py:82} INFO - Running: ['***', 'tasks', 'run', 'group_dag.downloads', 'download_a', 'scheduled__2024-09-13T08:38:15.380111+00:00', '--job-id', '9', '--raw', '--subdir', 'DAGS_FOLDER/group_dag.py', '--cfg-path', '/tmp/tmpfquw7ql8']
[2024-09-13T08:38:18.467+0000] {standard_task_runner.py:83} INFO - Job 9: Subtask download_a
[2024-09-13T08:38:18.517+0000] {task_command.py:376} INFO - Running <TaskInstance: group_dag.downloads.download_a scheduled__2024-09-13T08:38:15.380111+00:00 [running]> on host 35989190ca54
[2024-09-13T08:38:18.623+0000] {taskinstance.py:1592} INFO - Exporting the following env vars:
AIRFLOW_CTX_DAG_OWNER=***
AIRFLOW_CTX_DAG_ID=group_dag.downloads
AIRFLOW_CTX_TASK_ID=download_a
AIRFLOW_CTX_EXECUTION_DATE=2024-09-13T08:38:15.380111+00:00
AIRFLOW_CTX_TRY_NUMBER=1
AIRFLOW_CTX_DAG_RUN_ID=scheduled__2024-09-13T08:38:15.380111+00:00
[2024-09-13T08:38:18.626+0000] {subprocess.py:63} INFO - Tmp dir root location: 
 /tmp
[2024-09-13T08:38:18.628+0000] {subprocess.py:75} INFO - Running command: ['/bin/bash', '-c', 'sleep 10']
[2024-09-13T08:38:18.646+0000] {subprocess.py:86} INFO - Output:
[2024-09-13T08:38:28.650+0000] {subprocess.py:97} INFO - Command exited with return code 0
[2024-09-13T08:38:28.677+0000] {taskinstance.py:1406} INFO - Marking task as SUCCESS. dag_id=group_dag.downloads, task_id=download_a, execution_date=20240913T083815, start_date=20240913T083818, end_date=20240913T083828
[2024-09-13T08:38:28.701+0000] {local_task_job.py:164} INFO - Task exited with return code 0
[2024-09-13T08:38:28.736+0000] {local_task_job.py:273} INFO - 0 downstream tasks scheduled from follow-on schedule check
