[2024-08-26T11:43:41.555+0000] {taskinstance.py:1165} INFO - Dependencies all met for <TaskInstance: producer.update_dataset2 scheduled__2024-08-25T00:00:00+00:00 [queued]>
[2024-08-26T11:43:41.600+0000] {taskinstance.py:1165} INFO - Dependencies all met for <TaskInstance: producer.update_dataset2 scheduled__2024-08-25T00:00:00+00:00 [queued]>
[2024-08-26T11:43:41.621+0000] {taskinstance.py:1362} INFO - 
--------------------------------------------------------------------------------
[2024-08-26T11:43:41.627+0000] {taskinstance.py:1363} INFO - Starting attempt 1 of 1
[2024-08-26T11:43:41.633+0000] {taskinstance.py:1364} INFO - 
--------------------------------------------------------------------------------
[2024-08-26T11:43:41.682+0000] {taskinstance.py:1383} INFO - Executing <Task(_PythonDecoratedOperator): update_dataset2> on 2024-08-25 00:00:00+00:00
[2024-08-26T11:43:41.710+0000] {standard_task_runner.py:55} INFO - Started process 88 to run task
[2024-08-26T11:43:41.730+0000] {standard_task_runner.py:82} INFO - Running: ['***', 'tasks', 'run', 'producer', 'update_dataset2', 'scheduled__2024-08-25T00:00:00+00:00', '--job-id', '75', '--raw', '--subdir', 'DAGS_FOLDER/producer.py', '--cfg-path', '/tmp/tmp7jxfkg3l']
[2024-08-26T11:43:41.742+0000] {standard_task_runner.py:83} INFO - Job 75: Subtask update_dataset2
[2024-08-26T11:43:41.976+0000] {task_command.py:376} INFO - Running <TaskInstance: producer.update_dataset2 scheduled__2024-08-25T00:00:00+00:00 [running]> on host b67495cd0aeb
[2024-08-26T11:43:42.234+0000] {taskinstance.py:1592} INFO - Exporting the following env vars:
AIRFLOW_CTX_DAG_OWNER=***
AIRFLOW_CTX_DAG_ID=producer
AIRFLOW_CTX_TASK_ID=update_dataset2
AIRFLOW_CTX_EXECUTION_DATE=2024-08-25T00:00:00+00:00
AIRFLOW_CTX_TRY_NUMBER=1
AIRFLOW_CTX_DAG_RUN_ID=scheduled__2024-08-25T00:00:00+00:00
[2024-08-26T11:43:42.243+0000] {python.py:177} INFO - Done. Returned value was: None
[2024-08-26T11:43:42.262+0000] {warnings.py:110} WARNING - /home/***/.local/lib/python3.7/site-packages/***/models/baseoperator.py:1390: RemovedInAirflow3Warning: Passing 'execution_date' to 'TaskInstance.xcom_push()' is deprecated.
  context['ti'].xcom_push(key=key, value=value, execution_date=execution_date)

[2024-08-26T11:43:42.335+0000] {taskinstance.py:1406} INFO - Marking task as SUCCESS. dag_id=producer, task_id=update_dataset2, execution_date=20240825T000000, start_date=20240826T114341, end_date=20240826T114342
[2024-08-26T11:43:42.433+0000] {local_task_job.py:164} INFO - Task exited with return code 0
[2024-08-26T11:43:42.505+0000] {local_task_job.py:273} INFO - 0 downstream tasks scheduled from follow-on schedule check
