[2024-08-05T12:14:08.218+0000] {taskinstance.py:1165} INFO - Dependencies all met for <TaskInstance: parallel_dag.extract_a scheduled__2024-08-04T00:00:00+00:00 [queued]>
[2024-08-05T12:14:08.233+0000] {taskinstance.py:1165} INFO - Dependencies all met for <TaskInstance: parallel_dag.extract_a scheduled__2024-08-04T00:00:00+00:00 [queued]>
[2024-08-05T12:14:08.234+0000] {taskinstance.py:1362} INFO - 
--------------------------------------------------------------------------------
[2024-08-05T12:14:08.235+0000] {taskinstance.py:1363} INFO - Starting attempt 1 of 1
[2024-08-05T12:14:08.236+0000] {taskinstance.py:1364} INFO - 
--------------------------------------------------------------------------------
[2024-08-05T12:14:08.253+0000] {taskinstance.py:1383} INFO - Executing <Task(BashOperator): extract_a> on 2024-08-04 00:00:00+00:00
[2024-08-05T12:14:08.260+0000] {standard_task_runner.py:55} INFO - Started process 160 to run task
[2024-08-05T12:14:08.264+0000] {standard_task_runner.py:82} INFO - Running: ['***', 'tasks', 'run', 'parallel_dag', 'extract_a', 'scheduled__2024-08-04T00:00:00+00:00', '--job-id', '56', '--raw', '--subdir', 'DAGS_FOLDER/parallel_dag.py', '--cfg-path', '/tmp/tmpfx3swxr4']
[2024-08-05T12:14:08.265+0000] {standard_task_runner.py:83} INFO - Job 56: Subtask extract_a
[2024-08-05T12:14:08.331+0000] {task_command.py:376} INFO - Running <TaskInstance: parallel_dag.extract_a scheduled__2024-08-04T00:00:00+00:00 [running]> on host 4273f51e63d5
[2024-08-05T12:14:08.416+0000] {taskinstance.py:1592} INFO - Exporting the following env vars:
AIRFLOW_CTX_DAG_OWNER=***
AIRFLOW_CTX_DAG_ID=parallel_dag
AIRFLOW_CTX_TASK_ID=extract_a
AIRFLOW_CTX_EXECUTION_DATE=2024-08-04T00:00:00+00:00
AIRFLOW_CTX_TRY_NUMBER=1
AIRFLOW_CTX_DAG_RUN_ID=scheduled__2024-08-04T00:00:00+00:00
[2024-08-05T12:14:08.418+0000] {subprocess.py:63} INFO - Tmp dir root location: 
 /tmp
[2024-08-05T12:14:08.419+0000] {subprocess.py:75} INFO - Running command: ['/bin/bash', '-c', 'sleep 10']
[2024-08-05T12:14:08.432+0000] {subprocess.py:86} INFO - Output:
[2024-08-05T12:14:18.445+0000] {subprocess.py:97} INFO - Command exited with return code 0
[2024-08-05T12:14:18.469+0000] {taskinstance.py:1406} INFO - Marking task as SUCCESS. dag_id=parallel_dag, task_id=extract_a, execution_date=20240804T000000, start_date=20240805T121408, end_date=20240805T121418
[2024-08-05T12:14:18.522+0000] {local_task_job.py:164} INFO - Task exited with return code 0
[2024-08-05T12:14:18.549+0000] {local_task_job.py:273} INFO - 1 downstream tasks scheduled from follow-on schedule check
