[2024-09-13T09:25:01.980+0000] {taskinstance.py:1165} INFO - Dependencies all met for <TaskInstance: xcom_dag.t2 manual__2024-09-13T09:24:59.811427+00:00 [queued]>
[2024-09-13T09:25:01.996+0000] {taskinstance.py:1165} INFO - Dependencies all met for <TaskInstance: xcom_dag.t2 manual__2024-09-13T09:24:59.811427+00:00 [queued]>
[2024-09-13T09:25:01.996+0000] {taskinstance.py:1362} INFO - 
--------------------------------------------------------------------------------
[2024-09-13T09:25:01.997+0000] {taskinstance.py:1363} INFO - Starting attempt 1 of 1
[2024-09-13T09:25:02.000+0000] {taskinstance.py:1364} INFO - 
--------------------------------------------------------------------------------
[2024-09-13T09:25:02.016+0000] {taskinstance.py:1383} INFO - Executing <Task(PythonOperator): t2> on 2024-09-13 09:24:59.811427+00:00
[2024-09-13T09:25:02.021+0000] {standard_task_runner.py:55} INFO - Started process 4107 to run task
[2024-09-13T09:25:02.024+0000] {standard_task_runner.py:82} INFO - Running: ['***', 'tasks', 'run', 'xcom_dag', 't2', 'manual__2024-09-13T09:24:59.811427+00:00', '--job-id', '34', '--raw', '--subdir', 'DAGS_FOLDER/xcom_dag.py', '--cfg-path', '/tmp/tmp2kdeuu1t']
[2024-09-13T09:25:02.024+0000] {standard_task_runner.py:83} INFO - Job 34: Subtask t2
[2024-09-13T09:25:02.090+0000] {task_command.py:376} INFO - Running <TaskInstance: xcom_dag.t2 manual__2024-09-13T09:24:59.811427+00:00 [running]> on host 35989190ca54
[2024-09-13T09:25:02.156+0000] {taskinstance.py:1592} INFO - Exporting the following env vars:
AIRFLOW_CTX_DAG_OWNER=***
AIRFLOW_CTX_DAG_ID=xcom_dag
AIRFLOW_CTX_TASK_ID=t2
AIRFLOW_CTX_EXECUTION_DATE=2024-09-13T09:24:59.811427+00:00
AIRFLOW_CTX_TRY_NUMBER=1
AIRFLOW_CTX_DAG_RUN_ID=manual__2024-09-13T09:24:59.811427+00:00
[2024-09-13T09:25:02.176+0000] {logging_mixin.py:120} INFO - 42
[2024-09-13T09:25:02.186+0000] {python.py:177} INFO - Done. Returned value was: None
[2024-09-13T09:25:02.197+0000] {taskinstance.py:1406} INFO - Marking task as SUCCESS. dag_id=xcom_dag, task_id=t2, execution_date=20240913T092459, start_date=20240913T092501, end_date=20240913T092502
[2024-09-13T09:25:02.236+0000] {local_task_job.py:164} INFO - Task exited with return code 0
[2024-09-13T09:25:02.257+0000] {local_task_job.py:273} INFO - 1 downstream tasks scheduled from follow-on schedule check
