[2024-08-05T07:09:15.523+0000] {taskinstance.py:1165} INFO - Dependencies all met for <TaskInstance: producer.update_dataset2 manual__2024-08-05T07:09:14.356996+00:00 [queued]>
[2024-08-05T07:09:15.539+0000] {taskinstance.py:1165} INFO - Dependencies all met for <TaskInstance: producer.update_dataset2 manual__2024-08-05T07:09:14.356996+00:00 [queued]>
[2024-08-05T07:09:15.540+0000] {taskinstance.py:1362} INFO - 
--------------------------------------------------------------------------------
[2024-08-05T07:09:15.540+0000] {taskinstance.py:1363} INFO - Starting attempt 1 of 1
[2024-08-05T07:09:15.541+0000] {taskinstance.py:1364} INFO - 
--------------------------------------------------------------------------------
[2024-08-05T07:09:15.559+0000] {taskinstance.py:1383} INFO - Executing <Task(_PythonDecoratedOperator): update_dataset2> on 2024-08-05 07:09:14.356996+00:00
[2024-08-05T07:09:15.569+0000] {standard_task_runner.py:55} INFO - Started process 3252 to run task
[2024-08-05T07:09:15.573+0000] {standard_task_runner.py:82} INFO - Running: ['***', 'tasks', 'run', 'producer', 'update_dataset2', 'manual__2024-08-05T07:09:14.356996+00:00', '--job-id', '44', '--raw', '--subdir', 'DAGS_FOLDER/producer.py', '--cfg-path', '/tmp/tmpgy1eyf0f']
[2024-08-05T07:09:15.574+0000] {standard_task_runner.py:83} INFO - Job 44: Subtask update_dataset2
[2024-08-05T07:09:15.655+0000] {task_command.py:376} INFO - Running <TaskInstance: producer.update_dataset2 manual__2024-08-05T07:09:14.356996+00:00 [running]> on host 6111c72ad3dd
[2024-08-05T07:09:15.745+0000] {taskinstance.py:1592} INFO - Exporting the following env vars:
AIRFLOW_CTX_DAG_OWNER=***
AIRFLOW_CTX_DAG_ID=producer
AIRFLOW_CTX_TASK_ID=update_dataset2
AIRFLOW_CTX_EXECUTION_DATE=2024-08-05T07:09:14.356996+00:00
AIRFLOW_CTX_TRY_NUMBER=1
AIRFLOW_CTX_DAG_RUN_ID=manual__2024-08-05T07:09:14.356996+00:00
[2024-08-05T07:09:15.748+0000] {python.py:177} INFO - Done. Returned value was: None
[2024-08-05T07:09:15.759+0000] {warnings.py:110} WARNING - /home/***/.local/lib/python3.7/site-packages/***/models/baseoperator.py:1390: RemovedInAirflow3Warning: Passing 'execution_date' to 'TaskInstance.xcom_push()' is deprecated.
  context['ti'].xcom_push(key=key, value=value, execution_date=execution_date)

[2024-08-05T07:09:15.819+0000] {taskinstance.py:1406} INFO - Marking task as SUCCESS. dag_id=producer, task_id=update_dataset2, execution_date=20240805T070914, start_date=20240805T070915, end_date=20240805T070915
[2024-08-05T07:09:15.988+0000] {local_task_job.py:164} INFO - Task exited with return code 0
[2024-08-05T07:09:16.094+0000] {local_task_job.py:273} INFO - 0 downstream tasks scheduled from follow-on schedule check
