[2024-09-13T09:17:17.841+0000] {taskinstance.py:1165} INFO - Dependencies all met for <TaskInstance: xcom_dag.t3 scheduled__2024-09-12T00:00:00+00:00 [queued]>
[2024-09-13T09:17:17.866+0000] {taskinstance.py:1165} INFO - Dependencies all met for <TaskInstance: xcom_dag.t3 scheduled__2024-09-12T00:00:00+00:00 [queued]>
[2024-09-13T09:17:17.867+0000] {taskinstance.py:1362} INFO - 
--------------------------------------------------------------------------------
[2024-09-13T09:17:17.867+0000] {taskinstance.py:1363} INFO - Starting attempt 1 of 1
[2024-09-13T09:17:17.870+0000] {taskinstance.py:1364} INFO - 
--------------------------------------------------------------------------------
[2024-09-13T09:17:17.901+0000] {taskinstance.py:1383} INFO - Executing <Task(BashOperator): t3> on 2024-09-12 00:00:00+00:00
[2024-09-13T09:17:17.909+0000] {standard_task_runner.py:55} INFO - Started process 3731 to run task
[2024-09-13T09:17:17.915+0000] {standard_task_runner.py:82} INFO - Running: ['***', 'tasks', 'run', 'xcom_dag', 't3', 'scheduled__2024-09-12T00:00:00+00:00', '--job-id', '23', '--raw', '--subdir', 'DAGS_FOLDER/xcom_dag.py', '--cfg-path', '/tmp/tmplth8l1_0']
[2024-09-13T09:17:17.916+0000] {standard_task_runner.py:83} INFO - Job 23: Subtask t3
[2024-09-13T09:17:18.010+0000] {task_command.py:376} INFO - Running <TaskInstance: xcom_dag.t3 scheduled__2024-09-12T00:00:00+00:00 [running]> on host 35989190ca54
[2024-09-13T09:17:18.110+0000] {taskinstance.py:1592} INFO - Exporting the following env vars:
AIRFLOW_CTX_DAG_OWNER=***
AIRFLOW_CTX_DAG_ID=xcom_dag
AIRFLOW_CTX_TASK_ID=t3
AIRFLOW_CTX_EXECUTION_DATE=2024-09-12T00:00:00+00:00
AIRFLOW_CTX_TRY_NUMBER=1
AIRFLOW_CTX_DAG_RUN_ID=scheduled__2024-09-12T00:00:00+00:00
[2024-09-13T09:17:18.112+0000] {subprocess.py:63} INFO - Tmp dir root location: 
 /tmp
[2024-09-13T09:17:18.113+0000] {subprocess.py:75} INFO - Running command: ['/bin/bash', '-c', "echo ''"]
[2024-09-13T09:17:18.129+0000] {subprocess.py:86} INFO - Output:
[2024-09-13T09:17:18.130+0000] {subprocess.py:93} INFO - 
[2024-09-13T09:17:18.131+0000] {subprocess.py:97} INFO - Command exited with return code 0
[2024-09-13T09:17:18.167+0000] {taskinstance.py:1406} INFO - Marking task as SUCCESS. dag_id=xcom_dag, task_id=t3, execution_date=20240912T000000, start_date=20240913T091717, end_date=20240913T091718
[2024-09-13T09:17:18.206+0000] {local_task_job.py:164} INFO - Task exited with return code 0
[2024-09-13T09:17:18.238+0000] {local_task_job.py:273} INFO - 0 downstream tasks scheduled from follow-on schedule check
