[2024-09-13T09:18:39.734+0000] {taskinstance.py:1165} INFO - Dependencies all met for <TaskInstance: xcom_dag.t3 manual__2024-09-13T09:18:35.480213+00:00 [queued]>
[2024-09-13T09:18:39.788+0000] {taskinstance.py:1165} INFO - Dependencies all met for <TaskInstance: xcom_dag.t3 manual__2024-09-13T09:18:35.480213+00:00 [queued]>
[2024-09-13T09:18:39.814+0000] {taskinstance.py:1362} INFO - 
--------------------------------------------------------------------------------
[2024-09-13T09:18:39.816+0000] {taskinstance.py:1363} INFO - Starting attempt 1 of 1
[2024-09-13T09:18:39.820+0000] {taskinstance.py:1364} INFO - 
--------------------------------------------------------------------------------
[2024-09-13T09:18:39.851+0000] {taskinstance.py:1383} INFO - Executing <Task(BashOperator): t3> on 2024-09-13 09:18:35.480213+00:00
[2024-09-13T09:18:39.857+0000] {standard_task_runner.py:55} INFO - Started process 3802 to run task
[2024-09-13T09:18:39.860+0000] {standard_task_runner.py:82} INFO - Running: ['***', 'tasks', 'run', 'xcom_dag', 't3', 'manual__2024-09-13T09:18:35.480213+00:00', '--job-id', '27', '--raw', '--subdir', 'DAGS_FOLDER/xcom_dag.py', '--cfg-path', '/tmp/tmpocmpj2dq']
[2024-09-13T09:18:39.861+0000] {standard_task_runner.py:83} INFO - Job 27: Subtask t3
[2024-09-13T09:18:40.039+0000] {task_command.py:376} INFO - Running <TaskInstance: xcom_dag.t3 manual__2024-09-13T09:18:35.480213+00:00 [running]> on host 35989190ca54
[2024-09-13T09:18:40.217+0000] {taskinstance.py:1592} INFO - Exporting the following env vars:
AIRFLOW_CTX_DAG_OWNER=***
AIRFLOW_CTX_DAG_ID=xcom_dag
AIRFLOW_CTX_TASK_ID=t3
AIRFLOW_CTX_EXECUTION_DATE=2024-09-13T09:18:35.480213+00:00
AIRFLOW_CTX_TRY_NUMBER=1
AIRFLOW_CTX_DAG_RUN_ID=manual__2024-09-13T09:18:35.480213+00:00
[2024-09-13T09:18:40.219+0000] {subprocess.py:63} INFO - Tmp dir root location: 
 /tmp
[2024-09-13T09:18:40.220+0000] {subprocess.py:75} INFO - Running command: ['/bin/bash', '-c', "echo ''"]
[2024-09-13T09:18:40.230+0000] {subprocess.py:86} INFO - Output:
[2024-09-13T09:18:40.232+0000] {subprocess.py:93} INFO - 
[2024-09-13T09:18:40.232+0000] {subprocess.py:97} INFO - Command exited with return code 0
[2024-09-13T09:18:40.260+0000] {taskinstance.py:1406} INFO - Marking task as SUCCESS. dag_id=xcom_dag, task_id=t3, execution_date=20240913T091835, start_date=20240913T091839, end_date=20240913T091840
[2024-09-13T09:18:40.279+0000] {local_task_job.py:164} INFO - Task exited with return code 0
[2024-09-13T09:18:40.300+0000] {local_task_job.py:273} INFO - 0 downstream tasks scheduled from follow-on schedule check
