[2024-09-14T10:20:49.403+0000] {taskinstance.py:1165} INFO - Dependencies all met for <TaskInstance: xcom_dag.t4 scheduled__2024-09-13T00:00:00+00:00 [queued]>
[2024-09-14T10:20:49.428+0000] {taskinstance.py:1165} INFO - Dependencies all met for <TaskInstance: xcom_dag.t4 scheduled__2024-09-13T00:00:00+00:00 [queued]>
[2024-09-14T10:20:49.429+0000] {taskinstance.py:1362} INFO - 
--------------------------------------------------------------------------------
[2024-09-14T10:20:49.430+0000] {taskinstance.py:1363} INFO - Starting attempt 1 of 1
[2024-09-14T10:20:49.432+0000] {taskinstance.py:1364} INFO - 
--------------------------------------------------------------------------------
[2024-09-14T10:20:49.461+0000] {taskinstance.py:1383} INFO - Executing <Task(BashOperator): t4> on 2024-09-13 00:00:00+00:00
[2024-09-14T10:20:49.477+0000] {standard_task_runner.py:55} INFO - Started process 92 to run task
[2024-09-14T10:20:49.481+0000] {standard_task_runner.py:82} INFO - Running: ['***', 'tasks', 'run', 'xcom_dag', 't4', 'scheduled__2024-09-13T00:00:00+00:00', '--job-id', '51', '--raw', '--subdir', 'DAGS_FOLDER/xcom_dag.py', '--cfg-path', '/tmp/tmpb6qhc_7m']
[2024-09-14T10:20:49.483+0000] {standard_task_runner.py:83} INFO - Job 51: Subtask t4
[2024-09-14T10:20:49.606+0000] {task_command.py:376} INFO - Running <TaskInstance: xcom_dag.t4 scheduled__2024-09-13T00:00:00+00:00 [running]> on host 92ae82aad1c9
[2024-09-14T10:20:49.731+0000] {taskinstance.py:1592} INFO - Exporting the following env vars:
AIRFLOW_CTX_DAG_OWNER=***
AIRFLOW_CTX_DAG_ID=xcom_dag
AIRFLOW_CTX_TASK_ID=t4
AIRFLOW_CTX_EXECUTION_DATE=2024-09-13T00:00:00+00:00
AIRFLOW_CTX_TRY_NUMBER=1
AIRFLOW_CTX_DAG_RUN_ID=scheduled__2024-09-13T00:00:00+00:00
[2024-09-14T10:20:49.734+0000] {subprocess.py:63} INFO - Tmp dir root location: 
 /tmp
[2024-09-14T10:20:49.736+0000] {subprocess.py:75} INFO - Running command: ['/bin/bash', '-c', "echo ''"]
[2024-09-14T10:20:49.755+0000] {subprocess.py:86} INFO - Output:
[2024-09-14T10:20:49.757+0000] {subprocess.py:93} INFO - 
[2024-09-14T10:20:49.758+0000] {subprocess.py:97} INFO - Command exited with return code 0
[2024-09-14T10:20:49.808+0000] {taskinstance.py:1406} INFO - Marking task as SUCCESS. dag_id=xcom_dag, task_id=t4, execution_date=20240913T000000, start_date=20240914T102049, end_date=20240914T102049
[2024-09-14T10:20:49.855+0000] {local_task_job.py:164} INFO - Task exited with return code 0
[2024-09-14T10:20:49.881+0000] {local_task_job.py:273} INFO - 0 downstream tasks scheduled from follow-on schedule check
