[2024-08-05T12:38:19.630+0000] {taskinstance.py:1165} INFO - Dependencies all met for <TaskInstance: parallel_dag.transform manual__2024-08-05T12:37:54.801380+00:00 [queued]>
[2024-08-05T12:38:19.662+0000] {taskinstance.py:1165} INFO - Dependencies all met for <TaskInstance: parallel_dag.transform manual__2024-08-05T12:37:54.801380+00:00 [queued]>
[2024-08-05T12:38:19.664+0000] {taskinstance.py:1362} INFO - 
--------------------------------------------------------------------------------
[2024-08-05T12:38:19.671+0000] {taskinstance.py:1363} INFO - Starting attempt 1 of 1
[2024-08-05T12:38:19.672+0000] {taskinstance.py:1364} INFO - 
--------------------------------------------------------------------------------
[2024-08-05T12:38:19.691+0000] {taskinstance.py:1383} INFO - Executing <Task(BashOperator): transform> on 2024-08-05 12:37:54.801380+00:00
[2024-08-05T12:38:19.767+0000] {standard_task_runner.py:55} INFO - Started process 331 to run task
[2024-08-05T12:38:19.771+0000] {standard_task_runner.py:82} INFO - Running: ['***', 'tasks', 'run', 'parallel_dag', 'transform', 'manual__2024-08-05T12:37:54.801380+00:00', '--job-id', '69', '--raw', '--subdir', 'DAGS_FOLDER/parallel_dag.py', '--cfg-path', '/tmp/tmpmwu0o89_']
[2024-08-05T12:38:19.774+0000] {standard_task_runner.py:83} INFO - Job 69: Subtask transform
[2024-08-05T12:38:19.884+0000] {task_command.py:376} INFO - Running <TaskInstance: parallel_dag.transform manual__2024-08-05T12:37:54.801380+00:00 [running]> on host c1ec6dfa3987
[2024-08-05T12:38:20.010+0000] {taskinstance.py:1592} INFO - Exporting the following env vars:
AIRFLOW_CTX_DAG_OWNER=***
AIRFLOW_CTX_DAG_ID=parallel_dag
AIRFLOW_CTX_TASK_ID=transform
AIRFLOW_CTX_EXECUTION_DATE=2024-08-05T12:37:54.801380+00:00
AIRFLOW_CTX_TRY_NUMBER=1
AIRFLOW_CTX_DAG_RUN_ID=manual__2024-08-05T12:37:54.801380+00:00
[2024-08-05T12:38:20.017+0000] {subprocess.py:63} INFO - Tmp dir root location: 
 /tmp
[2024-08-05T12:38:20.018+0000] {subprocess.py:75} INFO - Running command: ['/bin/bash', '-c', 'sleep 30']
[2024-08-05T12:38:20.047+0000] {subprocess.py:86} INFO - Output:
[2024-08-05T12:38:50.048+0000] {subprocess.py:97} INFO - Command exited with return code 0
[2024-08-05T12:38:50.089+0000] {taskinstance.py:1406} INFO - Marking task as SUCCESS. dag_id=parallel_dag, task_id=transform, execution_date=20240805T123754, start_date=20240805T123819, end_date=20240805T123850
[2024-08-05T12:38:50.115+0000] {local_task_job.py:164} INFO - Task exited with return code 0
[2024-08-05T12:38:50.149+0000] {local_task_job.py:273} INFO - 0 downstream tasks scheduled from follow-on schedule check
