[2024-09-13T09:22:09.086+0000] {taskinstance.py:1165} INFO - Dependencies all met for <TaskInstance: xcom_dag.t2 manual__2024-09-13T09:22:04.680821+00:00 [queued]>
[2024-09-13T09:22:09.195+0000] {taskinstance.py:1165} INFO - Dependencies all met for <TaskInstance: xcom_dag.t2 manual__2024-09-13T09:22:04.680821+00:00 [queued]>
[2024-09-13T09:22:09.208+0000] {taskinstance.py:1362} INFO - 
--------------------------------------------------------------------------------
[2024-09-13T09:22:09.216+0000] {taskinstance.py:1363} INFO - Starting attempt 1 of 1
[2024-09-13T09:22:09.317+0000] {taskinstance.py:1364} INFO - 
--------------------------------------------------------------------------------
[2024-09-13T09:22:09.364+0000] {taskinstance.py:1383} INFO - Executing <Task(PythonOperator): t2> on 2024-09-13 09:22:04.680821+00:00
[2024-09-13T09:22:09.372+0000] {standard_task_runner.py:55} INFO - Started process 3960 to run task
[2024-09-13T09:22:09.375+0000] {standard_task_runner.py:82} INFO - Running: ['***', 'tasks', 'run', 'xcom_dag', 't2', 'manual__2024-09-13T09:22:04.680821+00:00', '--job-id', '29', '--raw', '--subdir', 'DAGS_FOLDER/xcom_dag.py', '--cfg-path', '/tmp/tmpiowjjv16']
[2024-09-13T09:22:09.376+0000] {standard_task_runner.py:83} INFO - Job 29: Subtask t2
[2024-09-13T09:22:09.707+0000] {task_command.py:376} INFO - Running <TaskInstance: xcom_dag.t2 manual__2024-09-13T09:22:04.680821+00:00 [running]> on host 35989190ca54
[2024-09-13T09:22:09.788+0000] {taskinstance.py:1592} INFO - Exporting the following env vars:
AIRFLOW_CTX_DAG_OWNER=***
AIRFLOW_CTX_DAG_ID=xcom_dag
AIRFLOW_CTX_TASK_ID=t2
AIRFLOW_CTX_EXECUTION_DATE=2024-09-13T09:22:04.680821+00:00
AIRFLOW_CTX_TRY_NUMBER=1
AIRFLOW_CTX_DAG_RUN_ID=manual__2024-09-13T09:22:04.680821+00:00
[2024-09-13T09:22:09.826+0000] {python.py:177} INFO - Done. Returned value was: None
[2024-09-13T09:22:09.838+0000] {taskinstance.py:1406} INFO - Marking task as SUCCESS. dag_id=xcom_dag, task_id=t2, execution_date=20240913T092204, start_date=20240913T092209, end_date=20240913T092209
[2024-09-13T09:22:09.909+0000] {local_task_job.py:164} INFO - Task exited with return code 0
[2024-09-13T09:22:10.005+0000] {local_task_job.py:273} INFO - 1 downstream tasks scheduled from follow-on schedule check
