[2024-09-14T10:20:43.417+0000] {taskinstance.py:1165} INFO - Dependencies all met for <TaskInstance: xcom_dag.t1 scheduled__2024-09-13T00:00:00+00:00 [queued]>
[2024-09-14T10:20:43.447+0000] {taskinstance.py:1165} INFO - Dependencies all met for <TaskInstance: xcom_dag.t1 scheduled__2024-09-13T00:00:00+00:00 [queued]>
[2024-09-14T10:20:43.450+0000] {taskinstance.py:1362} INFO - 
--------------------------------------------------------------------------------
[2024-09-14T10:20:43.454+0000] {taskinstance.py:1363} INFO - Starting attempt 1 of 1
[2024-09-14T10:20:43.457+0000] {taskinstance.py:1364} INFO - 
--------------------------------------------------------------------------------
[2024-09-14T10:20:43.516+0000] {taskinstance.py:1383} INFO - Executing <Task(PythonOperator): t1> on 2024-09-13 00:00:00+00:00
[2024-09-14T10:20:43.536+0000] {standard_task_runner.py:55} INFO - Started process 73 to run task
[2024-09-14T10:20:43.551+0000] {standard_task_runner.py:82} INFO - Running: ['***', 'tasks', 'run', 'xcom_dag', 't1', 'scheduled__2024-09-13T00:00:00+00:00', '--job-id', '46', '--raw', '--subdir', 'DAGS_FOLDER/xcom_dag.py', '--cfg-path', '/tmp/tmp2_zimnms']
[2024-09-14T10:20:43.561+0000] {standard_task_runner.py:83} INFO - Job 46: Subtask t1
[2024-09-14T10:20:43.748+0000] {task_command.py:376} INFO - Running <TaskInstance: xcom_dag.t1 scheduled__2024-09-13T00:00:00+00:00 [running]> on host 92ae82aad1c9
[2024-09-14T10:20:43.929+0000] {taskinstance.py:1592} INFO - Exporting the following env vars:
AIRFLOW_CTX_DAG_OWNER=***
AIRFLOW_CTX_DAG_ID=xcom_dag
AIRFLOW_CTX_TASK_ID=t1
AIRFLOW_CTX_EXECUTION_DATE=2024-09-13T00:00:00+00:00
AIRFLOW_CTX_TRY_NUMBER=1
AIRFLOW_CTX_DAG_RUN_ID=scheduled__2024-09-13T00:00:00+00:00
[2024-09-14T10:20:43.969+0000] {python.py:177} INFO - Done. Returned value was: None
[2024-09-14T10:20:43.992+0000] {taskinstance.py:1406} INFO - Marking task as SUCCESS. dag_id=xcom_dag, task_id=t1, execution_date=20240913T000000, start_date=20240914T102043, end_date=20240914T102043
[2024-09-14T10:20:44.044+0000] {local_task_job.py:164} INFO - Task exited with return code 0
[2024-09-14T10:20:44.111+0000] {local_task_job.py:273} INFO - 1 downstream tasks scheduled from follow-on schedule check
