[2024-08-05T12:14:30.852+0000] {taskinstance.py:1165} INFO - Dependencies all met for <TaskInstance: parallel_dag.transform scheduled__2024-08-04T00:00:00+00:00 [queued]>
[2024-08-05T12:14:30.860+0000] {taskinstance.py:1165} INFO - Dependencies all met for <TaskInstance: parallel_dag.transform scheduled__2024-08-04T00:00:00+00:00 [queued]>
[2024-08-05T12:14:30.861+0000] {taskinstance.py:1362} INFO - 
--------------------------------------------------------------------------------
[2024-08-05T12:14:30.862+0000] {taskinstance.py:1363} INFO - Starting attempt 1 of 1
[2024-08-05T12:14:30.862+0000] {taskinstance.py:1364} INFO - 
--------------------------------------------------------------------------------
[2024-08-05T12:14:30.876+0000] {taskinstance.py:1383} INFO - Executing <Task(BashOperator): transform> on 2024-08-04 00:00:00+00:00
[2024-08-05T12:14:30.881+0000] {standard_task_runner.py:55} INFO - Started process 189 to run task
[2024-08-05T12:14:30.884+0000] {standard_task_runner.py:82} INFO - Running: ['***', 'tasks', 'run', 'parallel_dag', 'transform', 'scheduled__2024-08-04T00:00:00+00:00', '--job-id', '60', '--raw', '--subdir', 'DAGS_FOLDER/parallel_dag.py', '--cfg-path', '/tmp/tmpqyskgx1b']
[2024-08-05T12:14:30.885+0000] {standard_task_runner.py:83} INFO - Job 60: Subtask transform
[2024-08-05T12:14:30.949+0000] {task_command.py:376} INFO - Running <TaskInstance: parallel_dag.transform scheduled__2024-08-04T00:00:00+00:00 [running]> on host 4273f51e63d5
[2024-08-05T12:14:31.009+0000] {taskinstance.py:1592} INFO - Exporting the following env vars:
AIRFLOW_CTX_DAG_OWNER=***
AIRFLOW_CTX_DAG_ID=parallel_dag
AIRFLOW_CTX_TASK_ID=transform
AIRFLOW_CTX_EXECUTION_DATE=2024-08-04T00:00:00+00:00
AIRFLOW_CTX_TRY_NUMBER=1
AIRFLOW_CTX_DAG_RUN_ID=scheduled__2024-08-04T00:00:00+00:00
[2024-08-05T12:14:31.015+0000] {subprocess.py:63} INFO - Tmp dir root location: 
 /tmp
[2024-08-05T12:14:31.016+0000] {subprocess.py:75} INFO - Running command: ['/bin/bash', '-c', 'sleep 10']
[2024-08-05T12:14:31.027+0000] {subprocess.py:86} INFO - Output:
[2024-08-05T12:14:41.028+0000] {subprocess.py:97} INFO - Command exited with return code 0
[2024-08-05T12:14:41.053+0000] {taskinstance.py:1406} INFO - Marking task as SUCCESS. dag_id=parallel_dag, task_id=transform, execution_date=20240804T000000, start_date=20240805T121430, end_date=20240805T121441
[2024-08-05T12:14:41.106+0000] {local_task_job.py:164} INFO - Task exited with return code 0
[2024-08-05T12:14:41.124+0000] {local_task_job.py:273} INFO - 0 downstream tasks scheduled from follow-on schedule check
