[2024-09-13T08:38:17.228+0000] {taskinstance.py:1165} INFO - Dependencies all met for <TaskInstance: group_dag.downloads scheduled__2024-09-12T00:00:00+00:00 [queued]>
[2024-09-13T08:38:17.240+0000] {taskinstance.py:1165} INFO - Dependencies all met for <TaskInstance: group_dag.downloads scheduled__2024-09-12T00:00:00+00:00 [queued]>
[2024-09-13T08:38:17.241+0000] {taskinstance.py:1362} INFO - 
--------------------------------------------------------------------------------
[2024-09-13T08:38:17.241+0000] {taskinstance.py:1363} INFO - Starting attempt 1 of 1
[2024-09-13T08:38:17.242+0000] {taskinstance.py:1364} INFO - 
--------------------------------------------------------------------------------
[2024-09-13T08:38:17.262+0000] {taskinstance.py:1383} INFO - Executing <Task(SubDagOperator): downloads> on 2024-09-12 00:00:00+00:00
[2024-09-13T08:38:17.275+0000] {standard_task_runner.py:55} INFO - Started process 1905 to run task
[2024-09-13T08:38:17.283+0000] {standard_task_runner.py:82} INFO - Running: ['***', 'tasks', 'run', 'group_dag', 'downloads', 'scheduled__2024-09-12T00:00:00+00:00', '--job-id', '7', '--raw', '--subdir', 'DAGS_FOLDER/group_dag.py', '--cfg-path', '/tmp/tmplgzj4b0p']
[2024-09-13T08:38:17.284+0000] {standard_task_runner.py:83} INFO - Job 7: Subtask downloads
[2024-09-13T08:38:17.365+0000] {task_command.py:376} INFO - Running <TaskInstance: group_dag.downloads scheduled__2024-09-12T00:00:00+00:00 [running]> on host 35989190ca54
[2024-09-13T08:38:17.453+0000] {taskinstance.py:1592} INFO - Exporting the following env vars:
AIRFLOW_CTX_DAG_OWNER=***
AIRFLOW_CTX_DAG_ID=group_dag
AIRFLOW_CTX_TASK_ID=downloads
AIRFLOW_CTX_EXECUTION_DATE=2024-09-12T00:00:00+00:00
AIRFLOW_CTX_TRY_NUMBER=1
AIRFLOW_CTX_DAG_RUN_ID=scheduled__2024-09-12T00:00:00+00:00
[2024-09-13T08:38:17.457+0000] {warnings.py:110} WARNING - /home/***/.local/lib/python3.7/site-packages/***/utils/context.py:204: AirflowContextDeprecationWarning: Accessing 'execution_date' from the template is deprecated and will be removed in a future version. Please use 'data_interval_start' or 'logical_date' instead.
  warnings.warn(_create_deprecation_warning(key, self._deprecation_replacements[key]))

[2024-09-13T08:38:17.491+0000] {subdag.py:171} INFO - Created DagRun: scheduled__2024-09-12T00:00:00+00:00
[2024-09-13T08:39:17.568+0000] {base.py:213} INFO - Success criteria met. Exiting.
[2024-09-13T08:39:17.580+0000] {subdag.py:186} INFO - Execution finished. State is success
[2024-09-13T08:39:17.594+0000] {taskinstance.py:1406} INFO - Marking task as SUCCESS. dag_id=group_dag, task_id=downloads, execution_date=20240912T000000, start_date=20240913T083817, end_date=20240913T083917
[2024-09-13T08:39:17.655+0000] {local_task_job.py:164} INFO - Task exited with return code 0
[2024-09-13T08:39:17.687+0000] {local_task_job.py:273} INFO - 1 downstream tasks scheduled from follow-on schedule check
