[2024-08-02T06:03:44.575+0000] {taskinstance.py:1165} INFO - Dependencies all met for <TaskInstance: user_processing.process_user manual__2024-08-02T06:03:37.722717+00:00 [queued]>
[2024-08-02T06:03:44.592+0000] {taskinstance.py:1165} INFO - Dependencies all met for <TaskInstance: user_processing.process_user manual__2024-08-02T06:03:37.722717+00:00 [queued]>
[2024-08-02T06:03:44.593+0000] {taskinstance.py:1362} INFO - 
--------------------------------------------------------------------------------
[2024-08-02T06:03:44.595+0000] {taskinstance.py:1363} INFO - Starting attempt 1 of 1
[2024-08-02T06:03:44.596+0000] {taskinstance.py:1364} INFO - 
--------------------------------------------------------------------------------
[2024-08-02T06:03:44.620+0000] {taskinstance.py:1383} INFO - Executing <Task(PythonOperator): process_user> on 2024-08-02 06:03:37.722717+00:00
[2024-08-02T06:03:44.632+0000] {standard_task_runner.py:55} INFO - Started process 2075 to run task
[2024-08-02T06:03:44.639+0000] {standard_task_runner.py:82} INFO - Running: ['***', 'tasks', 'run', 'user_processing', 'process_user', 'manual__2024-08-02T06:03:37.722717+00:00', '--job-id', '16', '--raw', '--subdir', 'DAGS_FOLDER/user_processing.py', '--cfg-path', '/tmp/tmpwh8ejwbk']
[2024-08-02T06:03:44.648+0000] {standard_task_runner.py:83} INFO - Job 16: Subtask process_user
[2024-08-02T06:03:44.787+0000] {task_command.py:376} INFO - Running <TaskInstance: user_processing.process_user manual__2024-08-02T06:03:37.722717+00:00 [running]> on host 18f5bdb82dad
[2024-08-02T06:03:44.872+0000] {taskinstance.py:1592} INFO - Exporting the following env vars:
AIRFLOW_CTX_DAG_OWNER=***
AIRFLOW_CTX_DAG_ID=user_processing
AIRFLOW_CTX_TASK_ID=process_user
AIRFLOW_CTX_EXECUTION_DATE=2024-08-02T06:03:37.722717+00:00
AIRFLOW_CTX_TRY_NUMBER=1
AIRFLOW_CTX_DAG_RUN_ID=manual__2024-08-02T06:03:37.722717+00:00
[2024-08-02T06:03:44.894+0000] {python.py:177} INFO - Done. Returned value was: None
[2024-08-02T06:03:44.905+0000] {taskinstance.py:1406} INFO - Marking task as SUCCESS. dag_id=user_processing, task_id=process_user, execution_date=20240802T060337, start_date=20240802T060344, end_date=20240802T060344
[2024-08-02T06:03:44.936+0000] {local_task_job.py:164} INFO - Task exited with return code 0
[2024-08-02T06:03:44.965+0000] {local_task_job.py:273} INFO - 1 downstream tasks scheduled from follow-on schedule check
