[2024-09-14T10:21:06.658+0000] {taskinstance.py:1165} INFO - Dependencies all met for <TaskInstance: group_dag.transforms.transform_b scheduled__2024-09-13T00:00:00+00:00 [queued]>
[2024-09-14T10:21:06.708+0000] {taskinstance.py:1165} INFO - Dependencies all met for <TaskInstance: group_dag.transforms.transform_b scheduled__2024-09-13T00:00:00+00:00 [queued]>
[2024-09-14T10:21:06.710+0000] {taskinstance.py:1362} INFO - 
--------------------------------------------------------------------------------
[2024-09-14T10:21:06.711+0000] {taskinstance.py:1363} INFO - Starting attempt 1 of 1
[2024-09-14T10:21:06.711+0000] {taskinstance.py:1364} INFO - 
--------------------------------------------------------------------------------
[2024-09-14T10:21:06.742+0000] {taskinstance.py:1383} INFO - Executing <Task(BashOperator): transforms.transform_b> on 2024-09-13 00:00:00+00:00
[2024-09-14T10:21:06.750+0000] {standard_task_runner.py:55} INFO - Started process 111 to run task
[2024-09-14T10:21:06.753+0000] {standard_task_runner.py:82} INFO - Running: ['***', 'tasks', 'run', 'group_dag', 'transforms.transform_b', 'scheduled__2024-09-13T00:00:00+00:00', '--job-id', '55', '--raw', '--subdir', 'DAGS_FOLDER/group_dag.py', '--cfg-path', '/tmp/tmpsr5s6snu']
[2024-09-14T10:21:06.755+0000] {standard_task_runner.py:83} INFO - Job 55: Subtask transforms.transform_b
[2024-09-14T10:21:06.849+0000] {task_command.py:376} INFO - Running <TaskInstance: group_dag.transforms.transform_b scheduled__2024-09-13T00:00:00+00:00 [running]> on host 92ae82aad1c9
[2024-09-14T10:21:06.926+0000] {taskinstance.py:1592} INFO - Exporting the following env vars:
AIRFLOW_CTX_DAG_OWNER=***
AIRFLOW_CTX_DAG_ID=group_dag
AIRFLOW_CTX_TASK_ID=transforms.transform_b
AIRFLOW_CTX_EXECUTION_DATE=2024-09-13T00:00:00+00:00
AIRFLOW_CTX_TRY_NUMBER=1
AIRFLOW_CTX_DAG_RUN_ID=scheduled__2024-09-13T00:00:00+00:00
[2024-09-14T10:21:06.939+0000] {subprocess.py:63} INFO - Tmp dir root location: 
 /tmp
[2024-09-14T10:21:06.944+0000] {subprocess.py:75} INFO - Running command: ['/bin/bash', '-c', 'sleep 10']
[2024-09-14T10:21:06.955+0000] {subprocess.py:86} INFO - Output:
[2024-09-14T10:21:16.958+0000] {subprocess.py:97} INFO - Command exited with return code 0
[2024-09-14T10:21:16.999+0000] {taskinstance.py:1406} INFO - Marking task as SUCCESS. dag_id=group_dag, task_id=transforms.transform_b, execution_date=20240913T000000, start_date=20240914T102106, end_date=20240914T102116
[2024-09-14T10:21:17.172+0000] {local_task_job.py:164} INFO - Task exited with return code 0
[2024-09-14T10:21:17.294+0000] {local_task_job.py:273} INFO - 0 downstream tasks scheduled from follow-on schedule check
