[2024-08-05T07:10:18.555+0000] {taskinstance.py:1165} INFO - Dependencies all met for <TaskInstance: consumer.read_dataset dataset_triggered__2024-08-05T07:10:17.248818+00:00 [queued]>
[2024-08-05T07:10:18.580+0000] {taskinstance.py:1165} INFO - Dependencies all met for <TaskInstance: consumer.read_dataset dataset_triggered__2024-08-05T07:10:17.248818+00:00 [queued]>
[2024-08-05T07:10:18.599+0000] {taskinstance.py:1362} INFO - 
--------------------------------------------------------------------------------
[2024-08-05T07:10:18.604+0000] {taskinstance.py:1363} INFO - Starting attempt 1 of 1
[2024-08-05T07:10:18.606+0000] {taskinstance.py:1364} INFO - 
--------------------------------------------------------------------------------
[2024-08-05T07:10:18.629+0000] {taskinstance.py:1383} INFO - Executing <Task(_PythonDecoratedOperator): read_dataset> on 2024-08-05 07:10:17.248818+00:00
[2024-08-05T07:10:18.638+0000] {standard_task_runner.py:55} INFO - Started process 3316 to run task
[2024-08-05T07:10:18.642+0000] {standard_task_runner.py:82} INFO - Running: ['***', 'tasks', 'run', 'consumer', 'read_dataset', 'dataset_triggered__2024-08-05T07:10:17.248818+00:00', '--job-id', '49', '--raw', '--subdir', 'DAGS_FOLDER/consumer.py', '--cfg-path', '/tmp/tmp9qm82e6u']
[2024-08-05T07:10:18.646+0000] {standard_task_runner.py:83} INFO - Job 49: Subtask read_dataset
[2024-08-05T07:10:18.723+0000] {task_command.py:376} INFO - Running <TaskInstance: consumer.read_dataset dataset_triggered__2024-08-05T07:10:17.248818+00:00 [running]> on host 6111c72ad3dd
[2024-08-05T07:10:18.840+0000] {taskinstance.py:1592} INFO - Exporting the following env vars:
AIRFLOW_CTX_DAG_OWNER=***
AIRFLOW_CTX_DAG_ID=consumer
AIRFLOW_CTX_TASK_ID=read_dataset
AIRFLOW_CTX_EXECUTION_DATE=2024-08-05T07:10:17.248818+00:00
AIRFLOW_CTX_TRY_NUMBER=1
AIRFLOW_CTX_DAG_RUN_ID=dataset_triggered__2024-08-05T07:10:17.248818+00:00
[2024-08-05T07:10:18.957+0000] {logging_mixin.py:120} INFO - Producer updateProducer updateProducer updateProducer updateProducer update
[2024-08-05T07:10:19.050+0000] {python.py:177} INFO - Done. Returned value was: None
[2024-08-05T07:10:19.076+0000] {taskinstance.py:1406} INFO - Marking task as SUCCESS. dag_id=consumer, task_id=read_dataset, execution_date=20240805T071017, start_date=20240805T071018, end_date=20240805T071019
[2024-08-05T07:10:19.308+0000] {local_task_job.py:164} INFO - Task exited with return code 0
[2024-08-05T07:10:19.537+0000] {local_task_job.py:273} INFO - 0 downstream tasks scheduled from follow-on schedule check
