[2024-08-26T11:44:04.862+0000] {taskinstance.py:1165} INFO - Dependencies all met for <TaskInstance: parallel_dag.transform scheduled__2024-08-25T00:00:00+00:00 [queued]>
[2024-08-26T11:44:04.876+0000] {taskinstance.py:1165} INFO - Dependencies all met for <TaskInstance: parallel_dag.transform scheduled__2024-08-25T00:00:00+00:00 [queued]>
[2024-08-26T11:44:04.877+0000] {taskinstance.py:1362} INFO - 
--------------------------------------------------------------------------------
[2024-08-26T11:44:04.879+0000] {taskinstance.py:1363} INFO - Starting attempt 1 of 1
[2024-08-26T11:44:04.879+0000] {taskinstance.py:1364} INFO - 
--------------------------------------------------------------------------------
[2024-08-26T11:44:04.905+0000] {taskinstance.py:1383} INFO - Executing <Task(BashOperator): transform> on 2024-08-25 00:00:00+00:00
[2024-08-26T11:44:04.912+0000] {standard_task_runner.py:55} INFO - Started process 96 to run task
[2024-08-26T11:44:04.917+0000] {standard_task_runner.py:82} INFO - Running: ['***', 'tasks', 'run', 'parallel_dag', 'transform', 'scheduled__2024-08-25T00:00:00+00:00', '--job-id', '84', '--raw', '--subdir', 'DAGS_FOLDER/parallel_dag.py', '--cfg-path', '/tmp/tmplwxl7bae']
[2024-08-26T11:44:04.918+0000] {standard_task_runner.py:83} INFO - Job 84: Subtask transform
[2024-08-26T11:44:05.083+0000] {task_command.py:376} INFO - Running <TaskInstance: parallel_dag.transform scheduled__2024-08-25T00:00:00+00:00 [running]> on host 87e448025e9f
[2024-08-26T11:44:05.236+0000] {taskinstance.py:1592} INFO - Exporting the following env vars:
AIRFLOW_CTX_DAG_OWNER=***
AIRFLOW_CTX_DAG_ID=parallel_dag
AIRFLOW_CTX_TASK_ID=transform
AIRFLOW_CTX_EXECUTION_DATE=2024-08-25T00:00:00+00:00
AIRFLOW_CTX_TRY_NUMBER=1
AIRFLOW_CTX_DAG_RUN_ID=scheduled__2024-08-25T00:00:00+00:00
[2024-08-26T11:44:05.238+0000] {subprocess.py:63} INFO - Tmp dir root location: 
 /tmp
[2024-08-26T11:44:05.239+0000] {subprocess.py:75} INFO - Running command: ['/bin/bash', '-c', 'sleep 30']
[2024-08-26T11:44:05.255+0000] {subprocess.py:86} INFO - Output:
[2024-08-26T11:44:35.268+0000] {subprocess.py:97} INFO - Command exited with return code 0
[2024-08-26T11:44:35.359+0000] {taskinstance.py:1406} INFO - Marking task as SUCCESS. dag_id=parallel_dag, task_id=transform, execution_date=20240825T000000, start_date=20240826T114404, end_date=20240826T114435
[2024-08-26T11:44:35.445+0000] {local_task_job.py:164} INFO - Task exited with return code 0
[2024-08-26T11:44:35.498+0000] {local_task_job.py:273} INFO - 0 downstream tasks scheduled from follow-on schedule check
