[2024-08-02T06:25:38.116+0000] {taskinstance.py:1165} INFO - Dependencies all met for <TaskInstance: user_processing.extract_user manual__2024-08-02T06:25:32.230788+00:00 [queued]>
[2024-08-02T06:25:38.134+0000] {taskinstance.py:1165} INFO - Dependencies all met for <TaskInstance: user_processing.extract_user manual__2024-08-02T06:25:32.230788+00:00 [queued]>
[2024-08-02T06:25:38.135+0000] {taskinstance.py:1362} INFO - 
--------------------------------------------------------------------------------
[2024-08-02T06:25:38.137+0000] {taskinstance.py:1363} INFO - Starting attempt 1 of 1
[2024-08-02T06:25:38.138+0000] {taskinstance.py:1364} INFO - 
--------------------------------------------------------------------------------
[2024-08-02T06:25:38.153+0000] {taskinstance.py:1383} INFO - Executing <Task(SimpleHttpOperator): extract_user> on 2024-08-02 06:25:32.230788+00:00
[2024-08-02T06:25:38.161+0000] {standard_task_runner.py:55} INFO - Started process 3171 to run task
[2024-08-02T06:25:38.167+0000] {standard_task_runner.py:82} INFO - Running: ['***', 'tasks', 'run', 'user_processing', 'extract_user', 'manual__2024-08-02T06:25:32.230788+00:00', '--job-id', '25', '--raw', '--subdir', 'DAGS_FOLDER/user_processing.py', '--cfg-path', '/tmp/tmpj6z8yzlh']
[2024-08-02T06:25:38.170+0000] {standard_task_runner.py:83} INFO - Job 25: Subtask extract_user
[2024-08-02T06:25:38.264+0000] {task_command.py:376} INFO - Running <TaskInstance: user_processing.extract_user manual__2024-08-02T06:25:32.230788+00:00 [running]> on host 18f5bdb82dad
[2024-08-02T06:25:38.341+0000] {taskinstance.py:1592} INFO - Exporting the following env vars:
AIRFLOW_CTX_DAG_OWNER=***
AIRFLOW_CTX_DAG_ID=user_processing
AIRFLOW_CTX_TASK_ID=extract_user
AIRFLOW_CTX_EXECUTION_DATE=2024-08-02T06:25:32.230788+00:00
AIRFLOW_CTX_TRY_NUMBER=1
AIRFLOW_CTX_DAG_RUN_ID=manual__2024-08-02T06:25:32.230788+00:00
[2024-08-02T06:25:38.343+0000] {http.py:121} INFO - Calling HTTP method
[2024-08-02T06:25:38.354+0000] {base.py:71} INFO - Using connection ID 'user_api' for task execution.
[2024-08-02T06:25:38.357+0000] {http.py:148} INFO - Sending 'GET' to url: http://randomuser.me/api/
[2024-08-02T06:25:39.598+0000] {http.py:125} INFO - {"results":[{"gender":"female","name":{"title":"Miss","first":"Uaira","last":"Mendes"},"location":{"street":{"number":1711,"name":"Rua São Paulo "},"city":"Poá","state":"Bahia","country":"Brazil","postcode":38644,"coordinates":{"latitude":"-79.5652","longitude":"127.2459"},"timezone":{"offset":"-7:00","description":"Mountain Time (US & Canada)"}},"email":"uaira.mendes@example.com","login":{"uuid":"e9132cb2-5b13-4439-86bf-fded7127b9ad","username":"whitezebra874","password":"presto","salt":"SgprnKcx","md5":"5a06286d1e25ac58af583abe6f5a7ac4","sha1":"44ce0e14d411a7480b54970f72698c516901faa3","sha256":"da78dc0715d69250134106a959b76b437314ef7f7dd0c775ebb7353f67a7823c"},"dob":{"date":"1996-04-28T17:57:04.153Z","age":28},"registered":{"date":"2019-04-27T14:26:02.014Z","age":5},"phone":"(11) 4766-8410","cell":"(32) 4647-0131","id":{"name":"CPF","value":"204.572.172-02"},"picture":{"large":"https://randomuser.me/api/portraits/women/46.jpg","medium":"https://randomuser.me/api/portraits/med/women/46.jpg","thumbnail":"https://randomuser.me/api/portraits/thumb/women/46.jpg"},"nat":"BR"}],"info":{"seed":"9f9c2ddc6af9ad3d","results":1,"page":1,"version":"1.4"}}
[2024-08-02T06:25:39.625+0000] {taskinstance.py:1406} INFO - Marking task as SUCCESS. dag_id=user_processing, task_id=extract_user, execution_date=20240802T062532, start_date=20240802T062538, end_date=20240802T062539
[2024-08-02T06:25:39.664+0000] {local_task_job.py:164} INFO - Task exited with return code 0
[2024-08-02T06:25:39.701+0000] {local_task_job.py:273} INFO - 1 downstream tasks scheduled from follow-on schedule check
