[2024-08-05T12:38:08.681+0000] {taskinstance.py:1165} INFO - Dependencies all met for <TaskInstance: parallel_dag.load_a manual__2024-08-05T12:37:54.801380+00:00 [queued]>
[2024-08-05T12:38:08.697+0000] {taskinstance.py:1165} INFO - Dependencies all met for <TaskInstance: parallel_dag.load_a manual__2024-08-05T12:37:54.801380+00:00 [queued]>
[2024-08-05T12:38:08.698+0000] {taskinstance.py:1362} INFO - 
--------------------------------------------------------------------------------
[2024-08-05T12:38:08.699+0000] {taskinstance.py:1363} INFO - Starting attempt 1 of 1
[2024-08-05T12:38:08.699+0000] {taskinstance.py:1364} INFO - 
--------------------------------------------------------------------------------
[2024-08-05T12:38:08.722+0000] {taskinstance.py:1383} INFO - Executing <Task(BashOperator): load_a> on 2024-08-05 12:37:54.801380+00:00
[2024-08-05T12:38:08.729+0000] {standard_task_runner.py:55} INFO - Started process 331 to run task
[2024-08-05T12:38:08.734+0000] {standard_task_runner.py:82} INFO - Running: ['***', 'tasks', 'run', 'parallel_dag', 'load_a', 'manual__2024-08-05T12:37:54.801380+00:00', '--job-id', '68', '--raw', '--subdir', 'DAGS_FOLDER/parallel_dag.py', '--cfg-path', '/tmp/tmpxkc9jnl_']
[2024-08-05T12:38:08.735+0000] {standard_task_runner.py:83} INFO - Job 68: Subtask load_a
[2024-08-05T12:38:08.825+0000] {task_command.py:376} INFO - Running <TaskInstance: parallel_dag.load_a manual__2024-08-05T12:37:54.801380+00:00 [running]> on host bf2ee2ebe7b3
[2024-08-05T12:38:08.917+0000] {taskinstance.py:1592} INFO - Exporting the following env vars:
AIRFLOW_CTX_DAG_OWNER=***
AIRFLOW_CTX_DAG_ID=parallel_dag
AIRFLOW_CTX_TASK_ID=load_a
AIRFLOW_CTX_EXECUTION_DATE=2024-08-05T12:37:54.801380+00:00
AIRFLOW_CTX_TRY_NUMBER=1
AIRFLOW_CTX_DAG_RUN_ID=manual__2024-08-05T12:37:54.801380+00:00
[2024-08-05T12:38:08.919+0000] {subprocess.py:63} INFO - Tmp dir root location: 
 /tmp
[2024-08-05T12:38:08.920+0000] {subprocess.py:75} INFO - Running command: ['/bin/bash', '-c', 'sleep 10']
[2024-08-05T12:38:08.932+0000] {subprocess.py:86} INFO - Output:
[2024-08-05T12:38:18.936+0000] {subprocess.py:97} INFO - Command exited with return code 0
[2024-08-05T12:38:18.979+0000] {taskinstance.py:1406} INFO - Marking task as SUCCESS. dag_id=parallel_dag, task_id=load_a, execution_date=20240805T123754, start_date=20240805T123808, end_date=20240805T123818
[2024-08-05T12:38:19.020+0000] {local_task_job.py:164} INFO - Task exited with return code 0
[2024-08-05T12:38:19.069+0000] {local_task_job.py:273} INFO - 0 downstream tasks scheduled from follow-on schedule check
