[2024-09-13T08:58:22.102+0000] {processor.py:154} INFO - Started process (PID=3645) to work on /opt/airflow/dags/groups/group_transforms.py
[2024-09-13T08:58:22.104+0000] {processor.py:756} INFO - Processing file /opt/airflow/dags/groups/group_transforms.py for tasks to queue
[2024-09-13T08:58:22.105+0000] {logging_mixin.py:120} INFO - [2024-09-13T08:58:22.105+0000] {dagbag.py:537} INFO - Filling up the DagBag from /opt/airflow/dags/groups/group_transforms.py
[2024-09-13T08:58:22.570+0000] {processor.py:768} WARNING - No viable dags retrieved from /opt/airflow/dags/groups/group_transforms.py
[2024-09-13T08:58:22.585+0000] {processor.py:176} INFO - Processing /opt/airflow/dags/groups/group_transforms.py took 0.486 seconds
[2024-09-13T08:58:53.453+0000] {processor.py:154} INFO - Started process (PID=3679) to work on /opt/airflow/dags/groups/group_transforms.py
[2024-09-13T08:58:53.488+0000] {processor.py:756} INFO - Processing file /opt/airflow/dags/groups/group_transforms.py for tasks to queue
[2024-09-13T08:58:53.542+0000] {logging_mixin.py:120} INFO - [2024-09-13T08:58:53.542+0000] {dagbag.py:537} INFO - Filling up the DagBag from /opt/airflow/dags/groups/group_transforms.py
[2024-09-13T08:58:54.165+0000] {processor.py:768} WARNING - No viable dags retrieved from /opt/airflow/dags/groups/group_transforms.py
[2024-09-13T08:58:54.259+0000] {processor.py:176} INFO - Processing /opt/airflow/dags/groups/group_transforms.py took 0.812 seconds
[2024-09-13T08:59:26.309+0000] {processor.py:154} INFO - Started process (PID=3715) to work on /opt/airflow/dags/groups/group_transforms.py
[2024-09-13T08:59:26.315+0000] {processor.py:756} INFO - Processing file /opt/airflow/dags/groups/group_transforms.py for tasks to queue
[2024-09-13T08:59:26.321+0000] {logging_mixin.py:120} INFO - [2024-09-13T08:59:26.321+0000] {dagbag.py:537} INFO - Filling up the DagBag from /opt/airflow/dags/groups/group_transforms.py
[2024-09-13T08:59:26.339+0000] {processor.py:768} WARNING - No viable dags retrieved from /opt/airflow/dags/groups/group_transforms.py
[2024-09-13T08:59:26.366+0000] {processor.py:176} INFO - Processing /opt/airflow/dags/groups/group_transforms.py took 0.060 seconds
[2024-09-13T08:59:57.639+0000] {processor.py:154} INFO - Started process (PID=3741) to work on /opt/airflow/dags/groups/group_transforms.py
[2024-09-13T08:59:57.644+0000] {processor.py:756} INFO - Processing file /opt/airflow/dags/groups/group_transforms.py for tasks to queue
[2024-09-13T08:59:57.656+0000] {logging_mixin.py:120} INFO - [2024-09-13T08:59:57.655+0000] {dagbag.py:537} INFO - Filling up the DagBag from /opt/airflow/dags/groups/group_transforms.py
[2024-09-13T08:59:57.787+0000] {processor.py:768} WARNING - No viable dags retrieved from /opt/airflow/dags/groups/group_transforms.py
[2024-09-13T08:59:57.802+0000] {processor.py:176} INFO - Processing /opt/airflow/dags/groups/group_transforms.py took 0.166 seconds
[2024-09-13T09:00:28.252+0000] {processor.py:154} INFO - Started process (PID=3775) to work on /opt/airflow/dags/groups/group_transforms.py
[2024-09-13T09:00:28.299+0000] {processor.py:756} INFO - Processing file /opt/airflow/dags/groups/group_transforms.py for tasks to queue
[2024-09-13T09:00:28.302+0000] {logging_mixin.py:120} INFO - [2024-09-13T09:00:28.302+0000] {dagbag.py:537} INFO - Filling up the DagBag from /opt/airflow/dags/groups/group_transforms.py
[2024-09-13T09:00:28.333+0000] {processor.py:768} WARNING - No viable dags retrieved from /opt/airflow/dags/groups/group_transforms.py
[2024-09-13T09:00:28.350+0000] {processor.py:176} INFO - Processing /opt/airflow/dags/groups/group_transforms.py took 0.101 seconds
[2024-09-13T09:00:58.722+0000] {processor.py:154} INFO - Started process (PID=3801) to work on /opt/airflow/dags/groups/group_transforms.py
[2024-09-13T09:00:58.729+0000] {processor.py:756} INFO - Processing file /opt/airflow/dags/groups/group_transforms.py for tasks to queue
[2024-09-13T09:00:58.732+0000] {logging_mixin.py:120} INFO - [2024-09-13T09:00:58.732+0000] {dagbag.py:537} INFO - Filling up the DagBag from /opt/airflow/dags/groups/group_transforms.py
[2024-09-13T09:00:58.844+0000] {processor.py:768} WARNING - No viable dags retrieved from /opt/airflow/dags/groups/group_transforms.py
[2024-09-13T09:00:58.867+0000] {processor.py:176} INFO - Processing /opt/airflow/dags/groups/group_transforms.py took 0.153 seconds
[2024-09-13T09:01:29.431+0000] {processor.py:154} INFO - Started process (PID=3837) to work on /opt/airflow/dags/groups/group_transforms.py
[2024-09-13T09:01:29.441+0000] {processor.py:756} INFO - Processing file /opt/airflow/dags/groups/group_transforms.py for tasks to queue
[2024-09-13T09:01:29.493+0000] {logging_mixin.py:120} INFO - [2024-09-13T09:01:29.493+0000] {dagbag.py:537} INFO - Filling up the DagBag from /opt/airflow/dags/groups/group_transforms.py
[2024-09-13T09:01:29.575+0000] {processor.py:768} WARNING - No viable dags retrieved from /opt/airflow/dags/groups/group_transforms.py
[2024-09-13T09:01:29.591+0000] {processor.py:176} INFO - Processing /opt/airflow/dags/groups/group_transforms.py took 0.164 seconds
[2024-09-13T09:02:00.285+0000] {processor.py:154} INFO - Started process (PID=3863) to work on /opt/airflow/dags/groups/group_transforms.py
[2024-09-13T09:02:00.290+0000] {processor.py:756} INFO - Processing file /opt/airflow/dags/groups/group_transforms.py for tasks to queue
[2024-09-13T09:02:00.292+0000] {logging_mixin.py:120} INFO - [2024-09-13T09:02:00.291+0000] {dagbag.py:537} INFO - Filling up the DagBag from /opt/airflow/dags/groups/group_transforms.py
[2024-09-13T09:02:00.329+0000] {processor.py:768} WARNING - No viable dags retrieved from /opt/airflow/dags/groups/group_transforms.py
[2024-09-13T09:02:00.354+0000] {processor.py:176} INFO - Processing /opt/airflow/dags/groups/group_transforms.py took 0.073 seconds
[2024-09-13T09:02:31.217+0000] {processor.py:154} INFO - Started process (PID=3898) to work on /opt/airflow/dags/groups/group_transforms.py
[2024-09-13T09:02:31.218+0000] {processor.py:756} INFO - Processing file /opt/airflow/dags/groups/group_transforms.py for tasks to queue
[2024-09-13T09:02:31.219+0000] {logging_mixin.py:120} INFO - [2024-09-13T09:02:31.219+0000] {dagbag.py:537} INFO - Filling up the DagBag from /opt/airflow/dags/groups/group_transforms.py
[2024-09-13T09:02:31.269+0000] {processor.py:768} WARNING - No viable dags retrieved from /opt/airflow/dags/groups/group_transforms.py
[2024-09-13T09:02:31.293+0000] {processor.py:176} INFO - Processing /opt/airflow/dags/groups/group_transforms.py took 0.081 seconds
[2024-09-13T09:03:01.428+0000] {processor.py:154} INFO - Started process (PID=3933) to work on /opt/airflow/dags/groups/group_transforms.py
[2024-09-13T09:03:01.434+0000] {processor.py:756} INFO - Processing file /opt/airflow/dags/groups/group_transforms.py for tasks to queue
[2024-09-13T09:03:01.435+0000] {logging_mixin.py:120} INFO - [2024-09-13T09:03:01.435+0000] {dagbag.py:537} INFO - Filling up the DagBag from /opt/airflow/dags/groups/group_transforms.py
[2024-09-13T09:03:01.486+0000] {processor.py:768} WARNING - No viable dags retrieved from /opt/airflow/dags/groups/group_transforms.py
[2024-09-13T09:03:01.508+0000] {processor.py:176} INFO - Processing /opt/airflow/dags/groups/group_transforms.py took 0.087 seconds
[2024-09-13T09:03:31.803+0000] {processor.py:154} INFO - Started process (PID=3961) to work on /opt/airflow/dags/groups/group_transforms.py
[2024-09-13T09:03:31.805+0000] {processor.py:756} INFO - Processing file /opt/airflow/dags/groups/group_transforms.py for tasks to queue
[2024-09-13T09:03:31.806+0000] {logging_mixin.py:120} INFO - [2024-09-13T09:03:31.806+0000] {dagbag.py:537} INFO - Filling up the DagBag from /opt/airflow/dags/groups/group_transforms.py
[2024-09-13T09:03:31.830+0000] {processor.py:768} WARNING - No viable dags retrieved from /opt/airflow/dags/groups/group_transforms.py
[2024-09-13T09:03:31.847+0000] {processor.py:176} INFO - Processing /opt/airflow/dags/groups/group_transforms.py took 0.047 seconds
[2024-09-13T09:04:02.439+0000] {processor.py:154} INFO - Started process (PID=3997) to work on /opt/airflow/dags/groups/group_transforms.py
[2024-09-13T09:04:02.442+0000] {processor.py:756} INFO - Processing file /opt/airflow/dags/groups/group_transforms.py for tasks to queue
[2024-09-13T09:04:02.445+0000] {logging_mixin.py:120} INFO - [2024-09-13T09:04:02.445+0000] {dagbag.py:537} INFO - Filling up the DagBag from /opt/airflow/dags/groups/group_transforms.py
[2024-09-13T09:04:02.472+0000] {processor.py:768} WARNING - No viable dags retrieved from /opt/airflow/dags/groups/group_transforms.py
[2024-09-13T09:04:02.491+0000] {processor.py:176} INFO - Processing /opt/airflow/dags/groups/group_transforms.py took 0.056 seconds
[2024-09-13T09:04:33.641+0000] {processor.py:154} INFO - Started process (PID=4023) to work on /opt/airflow/dags/groups/group_transforms.py
[2024-09-13T09:04:33.684+0000] {processor.py:756} INFO - Processing file /opt/airflow/dags/groups/group_transforms.py for tasks to queue
[2024-09-13T09:04:33.689+0000] {logging_mixin.py:120} INFO - [2024-09-13T09:04:33.689+0000] {dagbag.py:537} INFO - Filling up the DagBag from /opt/airflow/dags/groups/group_transforms.py
[2024-09-13T09:04:34.028+0000] {processor.py:768} WARNING - No viable dags retrieved from /opt/airflow/dags/groups/group_transforms.py
[2024-09-13T09:04:34.048+0000] {processor.py:176} INFO - Processing /opt/airflow/dags/groups/group_transforms.py took 0.410 seconds
[2024-09-13T09:05:04.510+0000] {processor.py:154} INFO - Started process (PID=4057) to work on /opt/airflow/dags/groups/group_transforms.py
[2024-09-13T09:05:04.511+0000] {processor.py:756} INFO - Processing file /opt/airflow/dags/groups/group_transforms.py for tasks to queue
[2024-09-13T09:05:04.513+0000] {logging_mixin.py:120} INFO - [2024-09-13T09:05:04.513+0000] {dagbag.py:537} INFO - Filling up the DagBag from /opt/airflow/dags/groups/group_transforms.py
[2024-09-13T09:05:04.595+0000] {processor.py:768} WARNING - No viable dags retrieved from /opt/airflow/dags/groups/group_transforms.py
[2024-09-13T09:05:04.614+0000] {processor.py:176} INFO - Processing /opt/airflow/dags/groups/group_transforms.py took 0.109 seconds
[2024-09-13T09:05:34.846+0000] {processor.py:154} INFO - Started process (PID=4092) to work on /opt/airflow/dags/groups/group_transforms.py
[2024-09-13T09:05:34.850+0000] {processor.py:756} INFO - Processing file /opt/airflow/dags/groups/group_transforms.py for tasks to queue
[2024-09-13T09:05:34.852+0000] {logging_mixin.py:120} INFO - [2024-09-13T09:05:34.852+0000] {dagbag.py:537} INFO - Filling up the DagBag from /opt/airflow/dags/groups/group_transforms.py
[2024-09-13T09:05:35.177+0000] {processor.py:768} WARNING - No viable dags retrieved from /opt/airflow/dags/groups/group_transforms.py
[2024-09-13T09:05:35.200+0000] {processor.py:176} INFO - Processing /opt/airflow/dags/groups/group_transforms.py took 0.359 seconds
[2024-09-13T09:06:05.506+0000] {processor.py:154} INFO - Started process (PID=4118) to work on /opt/airflow/dags/groups/group_transforms.py
[2024-09-13T09:06:05.507+0000] {processor.py:756} INFO - Processing file /opt/airflow/dags/groups/group_transforms.py for tasks to queue
[2024-09-13T09:06:05.508+0000] {logging_mixin.py:120} INFO - [2024-09-13T09:06:05.508+0000] {dagbag.py:537} INFO - Filling up the DagBag from /opt/airflow/dags/groups/group_transforms.py
[2024-09-13T09:06:05.528+0000] {processor.py:768} WARNING - No viable dags retrieved from /opt/airflow/dags/groups/group_transforms.py
[2024-09-13T09:06:05.543+0000] {processor.py:176} INFO - Processing /opt/airflow/dags/groups/group_transforms.py took 0.041 seconds
[2024-09-13T09:06:35.934+0000] {processor.py:154} INFO - Started process (PID=4153) to work on /opt/airflow/dags/groups/group_transforms.py
[2024-09-13T09:06:35.935+0000] {processor.py:756} INFO - Processing file /opt/airflow/dags/groups/group_transforms.py for tasks to queue
[2024-09-13T09:06:35.936+0000] {logging_mixin.py:120} INFO - [2024-09-13T09:06:35.936+0000] {dagbag.py:537} INFO - Filling up the DagBag from /opt/airflow/dags/groups/group_transforms.py
[2024-09-13T09:06:35.955+0000] {processor.py:768} WARNING - No viable dags retrieved from /opt/airflow/dags/groups/group_transforms.py
[2024-09-13T09:06:35.971+0000] {processor.py:176} INFO - Processing /opt/airflow/dags/groups/group_transforms.py took 0.040 seconds
[2024-09-13T09:07:06.773+0000] {processor.py:154} INFO - Started process (PID=4190) to work on /opt/airflow/dags/groups/group_transforms.py
[2024-09-13T09:07:06.774+0000] {processor.py:756} INFO - Processing file /opt/airflow/dags/groups/group_transforms.py for tasks to queue
[2024-09-13T09:07:06.776+0000] {logging_mixin.py:120} INFO - [2024-09-13T09:07:06.775+0000] {dagbag.py:537} INFO - Filling up the DagBag from /opt/airflow/dags/groups/group_transforms.py
[2024-09-13T09:07:06.846+0000] {processor.py:768} WARNING - No viable dags retrieved from /opt/airflow/dags/groups/group_transforms.py
[2024-09-13T09:07:06.862+0000] {processor.py:176} INFO - Processing /opt/airflow/dags/groups/group_transforms.py took 0.092 seconds
[2024-09-13T09:07:37.766+0000] {processor.py:154} INFO - Started process (PID=4216) to work on /opt/airflow/dags/groups/group_transforms.py
[2024-09-13T09:07:37.777+0000] {processor.py:756} INFO - Processing file /opt/airflow/dags/groups/group_transforms.py for tasks to queue
[2024-09-13T09:07:37.790+0000] {logging_mixin.py:120} INFO - [2024-09-13T09:07:37.790+0000] {dagbag.py:537} INFO - Filling up the DagBag from /opt/airflow/dags/groups/group_transforms.py
[2024-09-13T09:07:38.036+0000] {processor.py:768} WARNING - No viable dags retrieved from /opt/airflow/dags/groups/group_transforms.py
[2024-09-13T09:07:38.107+0000] {processor.py:176} INFO - Processing /opt/airflow/dags/groups/group_transforms.py took 0.344 seconds
[2024-09-13T09:08:09.904+0000] {processor.py:154} INFO - Started process (PID=4252) to work on /opt/airflow/dags/groups/group_transforms.py
[2024-09-13T09:08:09.912+0000] {processor.py:756} INFO - Processing file /opt/airflow/dags/groups/group_transforms.py for tasks to queue
[2024-09-13T09:08:09.915+0000] {logging_mixin.py:120} INFO - [2024-09-13T09:08:09.914+0000] {dagbag.py:537} INFO - Filling up the DagBag from /opt/airflow/dags/groups/group_transforms.py
[2024-09-13T09:08:09.958+0000] {processor.py:768} WARNING - No viable dags retrieved from /opt/airflow/dags/groups/group_transforms.py
[2024-09-13T09:08:09.980+0000] {processor.py:176} INFO - Processing /opt/airflow/dags/groups/group_transforms.py took 0.081 seconds
[2024-09-13T09:08:25.415+0000] {processor.py:154} INFO - Started process (PID=4265) to work on /opt/airflow/dags/groups/group_transforms.py
[2024-09-13T09:08:25.421+0000] {processor.py:756} INFO - Processing file /opt/airflow/dags/groups/group_transforms.py for tasks to queue
[2024-09-13T09:08:25.423+0000] {logging_mixin.py:120} INFO - [2024-09-13T09:08:25.423+0000] {dagbag.py:537} INFO - Filling up the DagBag from /opt/airflow/dags/groups/group_transforms.py
[2024-09-13T09:08:26.304+0000] {processor.py:768} WARNING - No viable dags retrieved from /opt/airflow/dags/groups/group_transforms.py
[2024-09-13T09:08:26.407+0000] {processor.py:176} INFO - Processing /opt/airflow/dags/groups/group_transforms.py took 0.996 seconds
[2024-09-13T09:08:58.216+0000] {processor.py:154} INFO - Started process (PID=4300) to work on /opt/airflow/dags/groups/group_transforms.py
[2024-09-13T09:08:58.401+0000] {processor.py:756} INFO - Processing file /opt/airflow/dags/groups/group_transforms.py for tasks to queue
[2024-09-13T09:08:58.531+0000] {logging_mixin.py:120} INFO - [2024-09-13T09:08:58.531+0000] {dagbag.py:537} INFO - Filling up the DagBag from /opt/airflow/dags/groups/group_transforms.py
[2024-09-13T09:08:58.978+0000] {processor.py:768} WARNING - No viable dags retrieved from /opt/airflow/dags/groups/group_transforms.py
[2024-09-13T09:08:59.075+0000] {processor.py:176} INFO - Processing /opt/airflow/dags/groups/group_transforms.py took 0.862 seconds
[2024-09-13T09:09:29.592+0000] {processor.py:154} INFO - Started process (PID=4335) to work on /opt/airflow/dags/groups/group_transforms.py
[2024-09-13T09:09:29.693+0000] {processor.py:756} INFO - Processing file /opt/airflow/dags/groups/group_transforms.py for tasks to queue
[2024-09-13T09:09:29.717+0000] {logging_mixin.py:120} INFO - [2024-09-13T09:09:29.716+0000] {dagbag.py:537} INFO - Filling up the DagBag from /opt/airflow/dags/groups/group_transforms.py
[2024-09-13T09:09:30.202+0000] {processor.py:768} WARNING - No viable dags retrieved from /opt/airflow/dags/groups/group_transforms.py
[2024-09-13T09:09:30.225+0000] {processor.py:176} INFO - Processing /opt/airflow/dags/groups/group_transforms.py took 0.636 seconds
[2024-09-13T09:10:00.829+0000] {processor.py:154} INFO - Started process (PID=4369) to work on /opt/airflow/dags/groups/group_transforms.py
[2024-09-13T09:10:00.830+0000] {processor.py:756} INFO - Processing file /opt/airflow/dags/groups/group_transforms.py for tasks to queue
[2024-09-13T09:10:00.832+0000] {logging_mixin.py:120} INFO - [2024-09-13T09:10:00.832+0000] {dagbag.py:537} INFO - Filling up the DagBag from /opt/airflow/dags/groups/group_transforms.py
[2024-09-13T09:10:00.880+0000] {processor.py:768} WARNING - No viable dags retrieved from /opt/airflow/dags/groups/group_transforms.py
[2024-09-13T09:10:00.906+0000] {processor.py:176} INFO - Processing /opt/airflow/dags/groups/group_transforms.py took 0.082 seconds
[2024-09-13T09:10:31.319+0000] {processor.py:154} INFO - Started process (PID=4397) to work on /opt/airflow/dags/groups/group_transforms.py
[2024-09-13T09:10:31.338+0000] {processor.py:756} INFO - Processing file /opt/airflow/dags/groups/group_transforms.py for tasks to queue
[2024-09-13T09:10:31.339+0000] {logging_mixin.py:120} INFO - [2024-09-13T09:10:31.339+0000] {dagbag.py:537} INFO - Filling up the DagBag from /opt/airflow/dags/groups/group_transforms.py
[2024-09-13T09:10:31.356+0000] {processor.py:768} WARNING - No viable dags retrieved from /opt/airflow/dags/groups/group_transforms.py
[2024-09-13T09:10:31.374+0000] {processor.py:176} INFO - Processing /opt/airflow/dags/groups/group_transforms.py took 0.058 seconds
[2024-09-13T09:11:01.535+0000] {processor.py:154} INFO - Started process (PID=4423) to work on /opt/airflow/dags/groups/group_transforms.py
[2024-09-13T09:11:01.538+0000] {processor.py:756} INFO - Processing file /opt/airflow/dags/groups/group_transforms.py for tasks to queue
[2024-09-13T09:11:01.541+0000] {logging_mixin.py:120} INFO - [2024-09-13T09:11:01.541+0000] {dagbag.py:537} INFO - Filling up the DagBag from /opt/airflow/dags/groups/group_transforms.py
[2024-09-13T09:11:01.717+0000] {processor.py:768} WARNING - No viable dags retrieved from /opt/airflow/dags/groups/group_transforms.py
[2024-09-13T09:11:01.740+0000] {processor.py:176} INFO - Processing /opt/airflow/dags/groups/group_transforms.py took 0.209 seconds
[2024-09-13T09:11:32.373+0000] {processor.py:154} INFO - Started process (PID=4458) to work on /opt/airflow/dags/groups/group_transforms.py
[2024-09-13T09:11:32.377+0000] {processor.py:756} INFO - Processing file /opt/airflow/dags/groups/group_transforms.py for tasks to queue
[2024-09-13T09:11:32.378+0000] {logging_mixin.py:120} INFO - [2024-09-13T09:11:32.378+0000] {dagbag.py:537} INFO - Filling up the DagBag from /opt/airflow/dags/groups/group_transforms.py
[2024-09-13T09:11:32.417+0000] {processor.py:768} WARNING - No viable dags retrieved from /opt/airflow/dags/groups/group_transforms.py
[2024-09-13T09:11:32.436+0000] {processor.py:176} INFO - Processing /opt/airflow/dags/groups/group_transforms.py took 0.065 seconds
[2024-09-13T09:12:02.569+0000] {processor.py:154} INFO - Started process (PID=4492) to work on /opt/airflow/dags/groups/group_transforms.py
[2024-09-13T09:12:02.570+0000] {processor.py:756} INFO - Processing file /opt/airflow/dags/groups/group_transforms.py for tasks to queue
[2024-09-13T09:12:02.572+0000] {logging_mixin.py:120} INFO - [2024-09-13T09:12:02.572+0000] {dagbag.py:537} INFO - Filling up the DagBag from /opt/airflow/dags/groups/group_transforms.py
[2024-09-13T09:12:02.728+0000] {processor.py:768} WARNING - No viable dags retrieved from /opt/airflow/dags/groups/group_transforms.py
[2024-09-13T09:12:02.741+0000] {processor.py:176} INFO - Processing /opt/airflow/dags/groups/group_transforms.py took 0.184 seconds
[2024-09-13T09:12:32.857+0000] {processor.py:154} INFO - Started process (PID=4518) to work on /opt/airflow/dags/groups/group_transforms.py
[2024-09-13T09:12:32.859+0000] {processor.py:756} INFO - Processing file /opt/airflow/dags/groups/group_transforms.py for tasks to queue
[2024-09-13T09:12:32.860+0000] {logging_mixin.py:120} INFO - [2024-09-13T09:12:32.860+0000] {dagbag.py:537} INFO - Filling up the DagBag from /opt/airflow/dags/groups/group_transforms.py
[2024-09-13T09:12:32.983+0000] {processor.py:768} WARNING - No viable dags retrieved from /opt/airflow/dags/groups/group_transforms.py
[2024-09-13T09:12:33.005+0000] {processor.py:176} INFO - Processing /opt/airflow/dags/groups/group_transforms.py took 0.152 seconds
[2024-09-13T09:13:03.521+0000] {processor.py:154} INFO - Started process (PID=4553) to work on /opt/airflow/dags/groups/group_transforms.py
[2024-09-13T09:13:03.530+0000] {processor.py:756} INFO - Processing file /opt/airflow/dags/groups/group_transforms.py for tasks to queue
[2024-09-13T09:13:03.531+0000] {logging_mixin.py:120} INFO - [2024-09-13T09:13:03.531+0000] {dagbag.py:537} INFO - Filling up the DagBag from /opt/airflow/dags/groups/group_transforms.py
[2024-09-13T09:13:03.694+0000] {processor.py:768} WARNING - No viable dags retrieved from /opt/airflow/dags/groups/group_transforms.py
[2024-09-13T09:13:03.717+0000] {processor.py:176} INFO - Processing /opt/airflow/dags/groups/group_transforms.py took 0.199 seconds
[2024-09-13T09:13:34.200+0000] {processor.py:154} INFO - Started process (PID=4587) to work on /opt/airflow/dags/groups/group_transforms.py
[2024-09-13T09:13:34.202+0000] {processor.py:756} INFO - Processing file /opt/airflow/dags/groups/group_transforms.py for tasks to queue
[2024-09-13T09:13:34.204+0000] {logging_mixin.py:120} INFO - [2024-09-13T09:13:34.203+0000] {dagbag.py:537} INFO - Filling up the DagBag from /opt/airflow/dags/groups/group_transforms.py
[2024-09-13T09:13:34.235+0000] {processor.py:768} WARNING - No viable dags retrieved from /opt/airflow/dags/groups/group_transforms.py
[2024-09-13T09:13:34.252+0000] {processor.py:176} INFO - Processing /opt/airflow/dags/groups/group_transforms.py took 0.056 seconds
[2024-09-13T09:14:05.415+0000] {processor.py:154} INFO - Started process (PID=4616) to work on /opt/airflow/dags/groups/group_transforms.py
[2024-09-13T09:14:05.419+0000] {processor.py:756} INFO - Processing file /opt/airflow/dags/groups/group_transforms.py for tasks to queue
[2024-09-13T09:14:05.423+0000] {logging_mixin.py:120} INFO - [2024-09-13T09:14:05.423+0000] {dagbag.py:537} INFO - Filling up the DagBag from /opt/airflow/dags/groups/group_transforms.py
[2024-09-13T09:14:05.590+0000] {processor.py:768} WARNING - No viable dags retrieved from /opt/airflow/dags/groups/group_transforms.py
[2024-09-13T09:14:05.610+0000] {processor.py:176} INFO - Processing /opt/airflow/dags/groups/group_transforms.py took 0.199 seconds
[2024-09-13T09:14:40.610+0000] {processor.py:154} INFO - Started process (PID=4653) to work on /opt/airflow/dags/groups/group_transforms.py
[2024-09-13T09:14:40.611+0000] {processor.py:756} INFO - Processing file /opt/airflow/dags/groups/group_transforms.py for tasks to queue
[2024-09-13T09:14:40.612+0000] {logging_mixin.py:120} INFO - [2024-09-13T09:14:40.612+0000] {dagbag.py:537} INFO - Filling up the DagBag from /opt/airflow/dags/groups/group_transforms.py
[2024-09-13T09:14:40.632+0000] {processor.py:768} WARNING - No viable dags retrieved from /opt/airflow/dags/groups/group_transforms.py
[2024-09-13T09:14:40.647+0000] {processor.py:176} INFO - Processing /opt/airflow/dags/groups/group_transforms.py took 0.040 seconds
[2024-09-13T09:15:10.810+0000] {processor.py:154} INFO - Started process (PID=4689) to work on /opt/airflow/dags/groups/group_transforms.py
[2024-09-13T09:15:10.811+0000] {processor.py:756} INFO - Processing file /opt/airflow/dags/groups/group_transforms.py for tasks to queue
[2024-09-13T09:15:10.813+0000] {logging_mixin.py:120} INFO - [2024-09-13T09:15:10.812+0000] {dagbag.py:537} INFO - Filling up the DagBag from /opt/airflow/dags/groups/group_transforms.py
[2024-09-13T09:15:10.840+0000] {processor.py:768} WARNING - No viable dags retrieved from /opt/airflow/dags/groups/group_transforms.py
[2024-09-13T09:15:10.862+0000] {processor.py:176} INFO - Processing /opt/airflow/dags/groups/group_transforms.py took 0.055 seconds
[2024-09-13T09:15:42.747+0000] {processor.py:154} INFO - Started process (PID=4717) to work on /opt/airflow/dags/groups/group_transforms.py
[2024-09-13T09:15:42.782+0000] {processor.py:756} INFO - Processing file /opt/airflow/dags/groups/group_transforms.py for tasks to queue
[2024-09-13T09:15:42.784+0000] {logging_mixin.py:120} INFO - [2024-09-13T09:15:42.783+0000] {dagbag.py:537} INFO - Filling up the DagBag from /opt/airflow/dags/groups/group_transforms.py
[2024-09-13T09:15:42.811+0000] {processor.py:768} WARNING - No viable dags retrieved from /opt/airflow/dags/groups/group_transforms.py
[2024-09-13T09:15:42.830+0000] {processor.py:176} INFO - Processing /opt/airflow/dags/groups/group_transforms.py took 0.086 seconds
[2024-09-13T09:16:14.639+0000] {processor.py:154} INFO - Started process (PID=4752) to work on /opt/airflow/dags/groups/group_transforms.py
[2024-09-13T09:16:14.644+0000] {processor.py:756} INFO - Processing file /opt/airflow/dags/groups/group_transforms.py for tasks to queue
[2024-09-13T09:16:14.645+0000] {logging_mixin.py:120} INFO - [2024-09-13T09:16:14.645+0000] {dagbag.py:537} INFO - Filling up the DagBag from /opt/airflow/dags/groups/group_transforms.py
[2024-09-13T09:16:14.708+0000] {processor.py:768} WARNING - No viable dags retrieved from /opt/airflow/dags/groups/group_transforms.py
[2024-09-13T09:16:14.729+0000] {processor.py:176} INFO - Processing /opt/airflow/dags/groups/group_transforms.py took 0.092 seconds
[2024-09-13T09:16:45.682+0000] {processor.py:154} INFO - Started process (PID=4787) to work on /opt/airflow/dags/groups/group_transforms.py
[2024-09-13T09:16:45.683+0000] {processor.py:756} INFO - Processing file /opt/airflow/dags/groups/group_transforms.py for tasks to queue
[2024-09-13T09:16:45.685+0000] {logging_mixin.py:120} INFO - [2024-09-13T09:16:45.685+0000] {dagbag.py:537} INFO - Filling up the DagBag from /opt/airflow/dags/groups/group_transforms.py
[2024-09-13T09:16:45.816+0000] {processor.py:768} WARNING - No viable dags retrieved from /opt/airflow/dags/groups/group_transforms.py
[2024-09-13T09:16:45.836+0000] {processor.py:176} INFO - Processing /opt/airflow/dags/groups/group_transforms.py took 0.157 seconds
[2024-09-13T09:17:15.929+0000] {processor.py:154} INFO - Started process (PID=4819) to work on /opt/airflow/dags/groups/group_transforms.py
[2024-09-13T09:17:15.931+0000] {processor.py:756} INFO - Processing file /opt/airflow/dags/groups/group_transforms.py for tasks to queue
[2024-09-13T09:17:15.933+0000] {logging_mixin.py:120} INFO - [2024-09-13T09:17:15.933+0000] {dagbag.py:537} INFO - Filling up the DagBag from /opt/airflow/dags/groups/group_transforms.py
[2024-09-13T09:17:15.958+0000] {processor.py:768} WARNING - No viable dags retrieved from /opt/airflow/dags/groups/group_transforms.py
[2024-09-13T09:17:15.974+0000] {processor.py:176} INFO - Processing /opt/airflow/dags/groups/group_transforms.py took 0.049 seconds
[2024-09-13T09:17:46.284+0000] {processor.py:154} INFO - Started process (PID=4863) to work on /opt/airflow/dags/groups/group_transforms.py
[2024-09-13T09:17:46.288+0000] {processor.py:756} INFO - Processing file /opt/airflow/dags/groups/group_transforms.py for tasks to queue
[2024-09-13T09:17:46.290+0000] {logging_mixin.py:120} INFO - [2024-09-13T09:17:46.290+0000] {dagbag.py:537} INFO - Filling up the DagBag from /opt/airflow/dags/groups/group_transforms.py
[2024-09-13T09:17:46.703+0000] {processor.py:768} WARNING - No viable dags retrieved from /opt/airflow/dags/groups/group_transforms.py
[2024-09-13T09:17:46.733+0000] {processor.py:176} INFO - Processing /opt/airflow/dags/groups/group_transforms.py took 0.455 seconds
[2024-09-13T09:18:17.917+0000] {processor.py:154} INFO - Started process (PID=4891) to work on /opt/airflow/dags/groups/group_transforms.py
[2024-09-13T09:18:17.918+0000] {processor.py:756} INFO - Processing file /opt/airflow/dags/groups/group_transforms.py for tasks to queue
[2024-09-13T09:18:17.919+0000] {logging_mixin.py:120} INFO - [2024-09-13T09:18:17.919+0000] {dagbag.py:537} INFO - Filling up the DagBag from /opt/airflow/dags/groups/group_transforms.py
[2024-09-13T09:18:18.037+0000] {processor.py:768} WARNING - No viable dags retrieved from /opt/airflow/dags/groups/group_transforms.py
[2024-09-13T09:18:18.060+0000] {processor.py:176} INFO - Processing /opt/airflow/dags/groups/group_transforms.py took 0.147 seconds
[2024-09-13T09:18:48.101+0000] {processor.py:154} INFO - Started process (PID=4927) to work on /opt/airflow/dags/groups/group_transforms.py
[2024-09-13T09:18:48.102+0000] {processor.py:756} INFO - Processing file /opt/airflow/dags/groups/group_transforms.py for tasks to queue
[2024-09-13T09:18:48.103+0000] {logging_mixin.py:120} INFO - [2024-09-13T09:18:48.103+0000] {dagbag.py:537} INFO - Filling up the DagBag from /opt/airflow/dags/groups/group_transforms.py
[2024-09-13T09:18:48.119+0000] {processor.py:768} WARNING - No viable dags retrieved from /opt/airflow/dags/groups/group_transforms.py
[2024-09-13T09:18:48.133+0000] {processor.py:176} INFO - Processing /opt/airflow/dags/groups/group_transforms.py took 0.037 seconds
[2024-09-13T09:19:18.639+0000] {processor.py:154} INFO - Started process (PID=4962) to work on /opt/airflow/dags/groups/group_transforms.py
[2024-09-13T09:19:18.650+0000] {processor.py:756} INFO - Processing file /opt/airflow/dags/groups/group_transforms.py for tasks to queue
[2024-09-13T09:19:18.659+0000] {logging_mixin.py:120} INFO - [2024-09-13T09:19:18.659+0000] {dagbag.py:537} INFO - Filling up the DagBag from /opt/airflow/dags/groups/group_transforms.py
[2024-09-13T09:19:18.793+0000] {processor.py:768} WARNING - No viable dags retrieved from /opt/airflow/dags/groups/group_transforms.py
[2024-09-13T09:19:18.822+0000] {processor.py:176} INFO - Processing /opt/airflow/dags/groups/group_transforms.py took 0.187 seconds
[2024-09-13T09:19:49.597+0000] {processor.py:154} INFO - Started process (PID=4989) to work on /opt/airflow/dags/groups/group_transforms.py
[2024-09-13T09:19:49.598+0000] {processor.py:756} INFO - Processing file /opt/airflow/dags/groups/group_transforms.py for tasks to queue
[2024-09-13T09:19:49.599+0000] {logging_mixin.py:120} INFO - [2024-09-13T09:19:49.599+0000] {dagbag.py:537} INFO - Filling up the DagBag from /opt/airflow/dags/groups/group_transforms.py
[2024-09-13T09:19:49.618+0000] {processor.py:768} WARNING - No viable dags retrieved from /opt/airflow/dags/groups/group_transforms.py
[2024-09-13T09:19:49.631+0000] {processor.py:176} INFO - Processing /opt/airflow/dags/groups/group_transforms.py took 0.038 seconds
[2024-09-13T09:20:21.983+0000] {processor.py:154} INFO - Started process (PID=5025) to work on /opt/airflow/dags/groups/group_transforms.py
[2024-09-13T09:20:21.984+0000] {processor.py:756} INFO - Processing file /opt/airflow/dags/groups/group_transforms.py for tasks to queue
[2024-09-13T09:20:21.985+0000] {logging_mixin.py:120} INFO - [2024-09-13T09:20:21.985+0000] {dagbag.py:537} INFO - Filling up the DagBag from /opt/airflow/dags/groups/group_transforms.py
[2024-09-13T09:20:22.065+0000] {processor.py:768} WARNING - No viable dags retrieved from /opt/airflow/dags/groups/group_transforms.py
[2024-09-13T09:20:22.099+0000] {processor.py:176} INFO - Processing /opt/airflow/dags/groups/group_transforms.py took 0.119 seconds
[2024-09-13T09:20:52.320+0000] {processor.py:154} INFO - Started process (PID=5053) to work on /opt/airflow/dags/groups/group_transforms.py
[2024-09-13T09:20:52.321+0000] {processor.py:756} INFO - Processing file /opt/airflow/dags/groups/group_transforms.py for tasks to queue
[2024-09-13T09:20:52.322+0000] {logging_mixin.py:120} INFO - [2024-09-13T09:20:52.322+0000] {dagbag.py:537} INFO - Filling up the DagBag from /opt/airflow/dags/groups/group_transforms.py
[2024-09-13T09:20:52.354+0000] {processor.py:768} WARNING - No viable dags retrieved from /opt/airflow/dags/groups/group_transforms.py
[2024-09-13T09:20:52.453+0000] {processor.py:176} INFO - Processing /opt/airflow/dags/groups/group_transforms.py took 0.137 seconds
[2024-09-13T09:21:23.306+0000] {processor.py:154} INFO - Started process (PID=5089) to work on /opt/airflow/dags/groups/group_transforms.py
[2024-09-13T09:21:23.308+0000] {processor.py:756} INFO - Processing file /opt/airflow/dags/groups/group_transforms.py for tasks to queue
[2024-09-13T09:21:23.309+0000] {logging_mixin.py:120} INFO - [2024-09-13T09:21:23.309+0000] {dagbag.py:537} INFO - Filling up the DagBag from /opt/airflow/dags/groups/group_transforms.py
[2024-09-13T09:21:23.361+0000] {processor.py:768} WARNING - No viable dags retrieved from /opt/airflow/dags/groups/group_transforms.py
[2024-09-13T09:21:23.378+0000] {processor.py:176} INFO - Processing /opt/airflow/dags/groups/group_transforms.py took 0.075 seconds
[2024-09-13T09:21:54.347+0000] {processor.py:154} INFO - Started process (PID=5124) to work on /opt/airflow/dags/groups/group_transforms.py
[2024-09-13T09:21:54.348+0000] {processor.py:756} INFO - Processing file /opt/airflow/dags/groups/group_transforms.py for tasks to queue
[2024-09-13T09:21:54.349+0000] {logging_mixin.py:120} INFO - [2024-09-13T09:21:54.349+0000] {dagbag.py:537} INFO - Filling up the DagBag from /opt/airflow/dags/groups/group_transforms.py
[2024-09-13T09:21:54.364+0000] {processor.py:768} WARNING - No viable dags retrieved from /opt/airflow/dags/groups/group_transforms.py
[2024-09-13T09:21:54.386+0000] {processor.py:176} INFO - Processing /opt/airflow/dags/groups/group_transforms.py took 0.042 seconds
[2024-09-13T09:22:24.851+0000] {processor.py:154} INFO - Started process (PID=5151) to work on /opt/airflow/dags/groups/group_transforms.py
[2024-09-13T09:22:24.853+0000] {processor.py:756} INFO - Processing file /opt/airflow/dags/groups/group_transforms.py for tasks to queue
[2024-09-13T09:22:24.856+0000] {logging_mixin.py:120} INFO - [2024-09-13T09:22:24.856+0000] {dagbag.py:537} INFO - Filling up the DagBag from /opt/airflow/dags/groups/group_transforms.py
[2024-09-13T09:22:24.876+0000] {processor.py:768} WARNING - No viable dags retrieved from /opt/airflow/dags/groups/group_transforms.py
[2024-09-13T09:22:24.897+0000] {processor.py:176} INFO - Processing /opt/airflow/dags/groups/group_transforms.py took 0.049 seconds
[2024-09-13T09:22:55.679+0000] {processor.py:154} INFO - Started process (PID=5187) to work on /opt/airflow/dags/groups/group_transforms.py
[2024-09-13T09:22:55.680+0000] {processor.py:756} INFO - Processing file /opt/airflow/dags/groups/group_transforms.py for tasks to queue
[2024-09-13T09:22:55.681+0000] {logging_mixin.py:120} INFO - [2024-09-13T09:22:55.681+0000] {dagbag.py:537} INFO - Filling up the DagBag from /opt/airflow/dags/groups/group_transforms.py
[2024-09-13T09:22:55.699+0000] {processor.py:768} WARNING - No viable dags retrieved from /opt/airflow/dags/groups/group_transforms.py
[2024-09-13T09:22:55.712+0000] {processor.py:176} INFO - Processing /opt/airflow/dags/groups/group_transforms.py took 0.036 seconds
[2024-09-13T09:23:26.053+0000] {processor.py:154} INFO - Started process (PID=5224) to work on /opt/airflow/dags/groups/group_transforms.py
[2024-09-13T09:23:26.078+0000] {processor.py:756} INFO - Processing file /opt/airflow/dags/groups/group_transforms.py for tasks to queue
[2024-09-13T09:23:26.080+0000] {logging_mixin.py:120} INFO - [2024-09-13T09:23:26.080+0000] {dagbag.py:537} INFO - Filling up the DagBag from /opt/airflow/dags/groups/group_transforms.py
[2024-09-13T09:23:26.150+0000] {processor.py:768} WARNING - No viable dags retrieved from /opt/airflow/dags/groups/group_transforms.py
[2024-09-13T09:23:26.168+0000] {processor.py:176} INFO - Processing /opt/airflow/dags/groups/group_transforms.py took 0.120 seconds
[2024-09-13T09:23:57.010+0000] {processor.py:154} INFO - Started process (PID=5249) to work on /opt/airflow/dags/groups/group_transforms.py
[2024-09-13T09:23:57.011+0000] {processor.py:756} INFO - Processing file /opt/airflow/dags/groups/group_transforms.py for tasks to queue
[2024-09-13T09:23:57.013+0000] {logging_mixin.py:120} INFO - [2024-09-13T09:23:57.012+0000] {dagbag.py:537} INFO - Filling up the DagBag from /opt/airflow/dags/groups/group_transforms.py
[2024-09-13T09:23:57.039+0000] {processor.py:768} WARNING - No viable dags retrieved from /opt/airflow/dags/groups/group_transforms.py
[2024-09-13T09:23:57.056+0000] {processor.py:176} INFO - Processing /opt/airflow/dags/groups/group_transforms.py took 0.051 seconds
[2024-09-13T09:24:27.198+0000] {processor.py:154} INFO - Started process (PID=5285) to work on /opt/airflow/dags/groups/group_transforms.py
[2024-09-13T09:24:27.199+0000] {processor.py:756} INFO - Processing file /opt/airflow/dags/groups/group_transforms.py for tasks to queue
[2024-09-13T09:24:27.200+0000] {logging_mixin.py:120} INFO - [2024-09-13T09:24:27.200+0000] {dagbag.py:537} INFO - Filling up the DagBag from /opt/airflow/dags/groups/group_transforms.py
[2024-09-13T09:24:27.605+0000] {processor.py:768} WARNING - No viable dags retrieved from /opt/airflow/dags/groups/group_transforms.py
[2024-09-13T09:24:27.631+0000] {processor.py:176} INFO - Processing /opt/airflow/dags/groups/group_transforms.py took 0.436 seconds
[2024-09-13T09:24:58.152+0000] {processor.py:154} INFO - Started process (PID=5312) to work on /opt/airflow/dags/groups/group_transforms.py
[2024-09-13T09:24:58.157+0000] {processor.py:756} INFO - Processing file /opt/airflow/dags/groups/group_transforms.py for tasks to queue
[2024-09-13T09:24:58.248+0000] {logging_mixin.py:120} INFO - [2024-09-13T09:24:58.248+0000] {dagbag.py:537} INFO - Filling up the DagBag from /opt/airflow/dags/groups/group_transforms.py
[2024-09-13T09:24:58.927+0000] {processor.py:768} WARNING - No viable dags retrieved from /opt/airflow/dags/groups/group_transforms.py
[2024-09-13T09:24:58.962+0000] {processor.py:176} INFO - Processing /opt/airflow/dags/groups/group_transforms.py took 0.814 seconds
[2024-09-13T09:25:30.507+0000] {processor.py:154} INFO - Started process (PID=5348) to work on /opt/airflow/dags/groups/group_transforms.py
[2024-09-13T09:25:30.629+0000] {processor.py:756} INFO - Processing file /opt/airflow/dags/groups/group_transforms.py for tasks to queue
[2024-09-13T09:25:30.698+0000] {logging_mixin.py:120} INFO - [2024-09-13T09:25:30.698+0000] {dagbag.py:537} INFO - Filling up the DagBag from /opt/airflow/dags/groups/group_transforms.py
[2024-09-13T09:25:30.908+0000] {processor.py:768} WARNING - No viable dags retrieved from /opt/airflow/dags/groups/group_transforms.py
[2024-09-13T09:25:30.937+0000] {processor.py:176} INFO - Processing /opt/airflow/dags/groups/group_transforms.py took 0.433 seconds
[2024-09-13T09:26:01.520+0000] {processor.py:154} INFO - Started process (PID=5383) to work on /opt/airflow/dags/groups/group_transforms.py
[2024-09-13T09:26:01.522+0000] {processor.py:756} INFO - Processing file /opt/airflow/dags/groups/group_transforms.py for tasks to queue
[2024-09-13T09:26:01.523+0000] {logging_mixin.py:120} INFO - [2024-09-13T09:26:01.523+0000] {dagbag.py:537} INFO - Filling up the DagBag from /opt/airflow/dags/groups/group_transforms.py
[2024-09-13T09:26:01.562+0000] {processor.py:768} WARNING - No viable dags retrieved from /opt/airflow/dags/groups/group_transforms.py
[2024-09-13T09:26:01.587+0000] {processor.py:176} INFO - Processing /opt/airflow/dags/groups/group_transforms.py took 0.070 seconds
[2024-09-13T09:26:33.132+0000] {processor.py:154} INFO - Started process (PID=5410) to work on /opt/airflow/dags/groups/group_transforms.py
[2024-09-13T09:26:33.134+0000] {processor.py:756} INFO - Processing file /opt/airflow/dags/groups/group_transforms.py for tasks to queue
[2024-09-13T09:26:33.136+0000] {logging_mixin.py:120} INFO - [2024-09-13T09:26:33.136+0000] {dagbag.py:537} INFO - Filling up the DagBag from /opt/airflow/dags/groups/group_transforms.py
[2024-09-13T09:26:33.229+0000] {processor.py:768} WARNING - No viable dags retrieved from /opt/airflow/dags/groups/group_transforms.py
[2024-09-13T09:26:33.249+0000] {processor.py:176} INFO - Processing /opt/airflow/dags/groups/group_transforms.py took 0.120 seconds
[2024-09-13T09:27:03.656+0000] {processor.py:154} INFO - Started process (PID=5446) to work on /opt/airflow/dags/groups/group_transforms.py
[2024-09-13T09:27:03.658+0000] {processor.py:756} INFO - Processing file /opt/airflow/dags/groups/group_transforms.py for tasks to queue
[2024-09-13T09:27:03.659+0000] {logging_mixin.py:120} INFO - [2024-09-13T09:27:03.659+0000] {dagbag.py:537} INFO - Filling up the DagBag from /opt/airflow/dags/groups/group_transforms.py
[2024-09-13T09:27:03.678+0000] {processor.py:768} WARNING - No viable dags retrieved from /opt/airflow/dags/groups/group_transforms.py
[2024-09-13T09:27:03.695+0000] {processor.py:176} INFO - Processing /opt/airflow/dags/groups/group_transforms.py took 0.042 seconds
[2024-09-13T09:27:33.904+0000] {processor.py:154} INFO - Started process (PID=5473) to work on /opt/airflow/dags/groups/group_transforms.py
[2024-09-13T09:27:33.907+0000] {processor.py:756} INFO - Processing file /opt/airflow/dags/groups/group_transforms.py for tasks to queue
[2024-09-13T09:27:33.908+0000] {logging_mixin.py:120} INFO - [2024-09-13T09:27:33.908+0000] {dagbag.py:537} INFO - Filling up the DagBag from /opt/airflow/dags/groups/group_transforms.py
[2024-09-13T09:27:33.952+0000] {processor.py:768} WARNING - No viable dags retrieved from /opt/airflow/dags/groups/group_transforms.py
[2024-09-13T09:27:33.973+0000] {processor.py:176} INFO - Processing /opt/airflow/dags/groups/group_transforms.py took 0.072 seconds
[2024-09-13T09:28:04.563+0000] {processor.py:154} INFO - Started process (PID=5509) to work on /opt/airflow/dags/groups/group_transforms.py
[2024-09-13T09:28:04.565+0000] {processor.py:756} INFO - Processing file /opt/airflow/dags/groups/group_transforms.py for tasks to queue
[2024-09-13T09:28:04.566+0000] {logging_mixin.py:120} INFO - [2024-09-13T09:28:04.566+0000] {dagbag.py:537} INFO - Filling up the DagBag from /opt/airflow/dags/groups/group_transforms.py
[2024-09-13T09:28:04.597+0000] {processor.py:768} WARNING - No viable dags retrieved from /opt/airflow/dags/groups/group_transforms.py
[2024-09-13T09:28:04.611+0000] {processor.py:176} INFO - Processing /opt/airflow/dags/groups/group_transforms.py took 0.050 seconds
[2024-09-13T09:28:34.964+0000] {processor.py:154} INFO - Started process (PID=5545) to work on /opt/airflow/dags/groups/group_transforms.py
[2024-09-13T09:28:34.966+0000] {processor.py:756} INFO - Processing file /opt/airflow/dags/groups/group_transforms.py for tasks to queue
[2024-09-13T09:28:34.969+0000] {logging_mixin.py:120} INFO - [2024-09-13T09:28:34.968+0000] {dagbag.py:537} INFO - Filling up the DagBag from /opt/airflow/dags/groups/group_transforms.py
[2024-09-13T09:28:34.995+0000] {processor.py:768} WARNING - No viable dags retrieved from /opt/airflow/dags/groups/group_transforms.py
[2024-09-13T09:28:35.018+0000] {processor.py:176} INFO - Processing /opt/airflow/dags/groups/group_transforms.py took 0.057 seconds
[2024-09-13T09:29:05.572+0000] {processor.py:154} INFO - Started process (PID=5572) to work on /opt/airflow/dags/groups/group_transforms.py
[2024-09-13T09:29:05.573+0000] {processor.py:756} INFO - Processing file /opt/airflow/dags/groups/group_transforms.py for tasks to queue
[2024-09-13T09:29:05.574+0000] {logging_mixin.py:120} INFO - [2024-09-13T09:29:05.573+0000] {dagbag.py:537} INFO - Filling up the DagBag from /opt/airflow/dags/groups/group_transforms.py
[2024-09-13T09:29:05.589+0000] {processor.py:768} WARNING - No viable dags retrieved from /opt/airflow/dags/groups/group_transforms.py
[2024-09-13T09:29:05.602+0000] {processor.py:176} INFO - Processing /opt/airflow/dags/groups/group_transforms.py took 0.032 seconds
[2024-09-13T09:29:36.409+0000] {processor.py:154} INFO - Started process (PID=5608) to work on /opt/airflow/dags/groups/group_transforms.py
[2024-09-13T09:29:36.411+0000] {processor.py:756} INFO - Processing file /opt/airflow/dags/groups/group_transforms.py for tasks to queue
[2024-09-13T09:29:36.412+0000] {logging_mixin.py:120} INFO - [2024-09-13T09:29:36.412+0000] {dagbag.py:537} INFO - Filling up the DagBag from /opt/airflow/dags/groups/group_transforms.py
[2024-09-13T09:29:36.430+0000] {processor.py:768} WARNING - No viable dags retrieved from /opt/airflow/dags/groups/group_transforms.py
[2024-09-13T09:29:36.507+0000] {processor.py:176} INFO - Processing /opt/airflow/dags/groups/group_transforms.py took 0.101 seconds
[2024-09-13T09:30:07.167+0000] {processor.py:154} INFO - Started process (PID=5644) to work on /opt/airflow/dags/groups/group_transforms.py
[2024-09-13T09:30:07.168+0000] {processor.py:756} INFO - Processing file /opt/airflow/dags/groups/group_transforms.py for tasks to queue
[2024-09-13T09:30:07.169+0000] {logging_mixin.py:120} INFO - [2024-09-13T09:30:07.169+0000] {dagbag.py:537} INFO - Filling up the DagBag from /opt/airflow/dags/groups/group_transforms.py
[2024-09-13T09:30:07.201+0000] {processor.py:768} WARNING - No viable dags retrieved from /opt/airflow/dags/groups/group_transforms.py
[2024-09-13T09:30:07.222+0000] {processor.py:176} INFO - Processing /opt/airflow/dags/groups/group_transforms.py took 0.059 seconds
[2024-09-13T09:30:37.818+0000] {processor.py:154} INFO - Started process (PID=5672) to work on /opt/airflow/dags/groups/group_transforms.py
[2024-09-13T09:30:37.830+0000] {processor.py:756} INFO - Processing file /opt/airflow/dags/groups/group_transforms.py for tasks to queue
[2024-09-13T09:30:37.832+0000] {logging_mixin.py:120} INFO - [2024-09-13T09:30:37.832+0000] {dagbag.py:537} INFO - Filling up the DagBag from /opt/airflow/dags/groups/group_transforms.py
[2024-09-13T09:30:37.851+0000] {processor.py:768} WARNING - No viable dags retrieved from /opt/airflow/dags/groups/group_transforms.py
[2024-09-13T09:30:37.870+0000] {processor.py:176} INFO - Processing /opt/airflow/dags/groups/group_transforms.py took 0.057 seconds
[2024-09-13T09:31:08.573+0000] {processor.py:154} INFO - Started process (PID=5708) to work on /opt/airflow/dags/groups/group_transforms.py
[2024-09-13T09:31:08.576+0000] {processor.py:756} INFO - Processing file /opt/airflow/dags/groups/group_transforms.py for tasks to queue
[2024-09-13T09:31:08.578+0000] {logging_mixin.py:120} INFO - [2024-09-13T09:31:08.578+0000] {dagbag.py:537} INFO - Filling up the DagBag from /opt/airflow/dags/groups/group_transforms.py
[2024-09-13T09:31:08.855+0000] {processor.py:768} WARNING - No viable dags retrieved from /opt/airflow/dags/groups/group_transforms.py
[2024-09-13T09:31:08.884+0000] {processor.py:176} INFO - Processing /opt/airflow/dags/groups/group_transforms.py took 0.317 seconds
[2024-09-13T09:31:39.281+0000] {processor.py:154} INFO - Started process (PID=5735) to work on /opt/airflow/dags/groups/group_transforms.py
[2024-09-13T09:31:39.286+0000] {processor.py:756} INFO - Processing file /opt/airflow/dags/groups/group_transforms.py for tasks to queue
[2024-09-13T09:31:39.288+0000] {logging_mixin.py:120} INFO - [2024-09-13T09:31:39.287+0000] {dagbag.py:537} INFO - Filling up the DagBag from /opt/airflow/dags/groups/group_transforms.py
[2024-09-13T09:31:39.315+0000] {processor.py:768} WARNING - No viable dags retrieved from /opt/airflow/dags/groups/group_transforms.py
[2024-09-13T09:31:39.328+0000] {processor.py:176} INFO - Processing /opt/airflow/dags/groups/group_transforms.py took 0.051 seconds
[2024-09-13T09:32:09.932+0000] {processor.py:154} INFO - Started process (PID=5769) to work on /opt/airflow/dags/groups/group_transforms.py
[2024-09-13T09:32:09.934+0000] {processor.py:756} INFO - Processing file /opt/airflow/dags/groups/group_transforms.py for tasks to queue
[2024-09-13T09:32:09.936+0000] {logging_mixin.py:120} INFO - [2024-09-13T09:32:09.936+0000] {dagbag.py:537} INFO - Filling up the DagBag from /opt/airflow/dags/groups/group_transforms.py
[2024-09-13T09:32:10.118+0000] {processor.py:768} WARNING - No viable dags retrieved from /opt/airflow/dags/groups/group_transforms.py
[2024-09-13T09:32:10.143+0000] {processor.py:176} INFO - Processing /opt/airflow/dags/groups/group_transforms.py took 0.214 seconds
[2024-09-13T09:32:40.806+0000] {processor.py:154} INFO - Started process (PID=5796) to work on /opt/airflow/dags/groups/group_transforms.py
[2024-09-13T09:32:40.807+0000] {processor.py:756} INFO - Processing file /opt/airflow/dags/groups/group_transforms.py for tasks to queue
[2024-09-13T09:32:40.808+0000] {logging_mixin.py:120} INFO - [2024-09-13T09:32:40.808+0000] {dagbag.py:537} INFO - Filling up the DagBag from /opt/airflow/dags/groups/group_transforms.py
[2024-09-13T09:32:40.826+0000] {processor.py:768} WARNING - No viable dags retrieved from /opt/airflow/dags/groups/group_transforms.py
[2024-09-13T09:32:40.841+0000] {processor.py:176} INFO - Processing /opt/airflow/dags/groups/group_transforms.py took 0.038 seconds
[2024-09-13T09:33:11.147+0000] {processor.py:154} INFO - Started process (PID=5832) to work on /opt/airflow/dags/groups/group_transforms.py
[2024-09-13T09:33:11.149+0000] {processor.py:756} INFO - Processing file /opt/airflow/dags/groups/group_transforms.py for tasks to queue
[2024-09-13T09:33:11.151+0000] {logging_mixin.py:120} INFO - [2024-09-13T09:33:11.151+0000] {dagbag.py:537} INFO - Filling up the DagBag from /opt/airflow/dags/groups/group_transforms.py
[2024-09-13T09:33:11.185+0000] {processor.py:768} WARNING - No viable dags retrieved from /opt/airflow/dags/groups/group_transforms.py
[2024-09-13T09:33:11.202+0000] {processor.py:176} INFO - Processing /opt/airflow/dags/groups/group_transforms.py took 0.060 seconds
[2024-09-13T09:33:42.098+0000] {processor.py:154} INFO - Started process (PID=5869) to work on /opt/airflow/dags/groups/group_transforms.py
[2024-09-13T09:33:42.100+0000] {processor.py:756} INFO - Processing file /opt/airflow/dags/groups/group_transforms.py for tasks to queue
[2024-09-13T09:33:42.107+0000] {logging_mixin.py:120} INFO - [2024-09-13T09:33:42.107+0000] {dagbag.py:537} INFO - Filling up the DagBag from /opt/airflow/dags/groups/group_transforms.py
[2024-09-13T09:33:42.187+0000] {processor.py:768} WARNING - No viable dags retrieved from /opt/airflow/dags/groups/group_transforms.py
[2024-09-13T09:33:42.200+0000] {processor.py:176} INFO - Processing /opt/airflow/dags/groups/group_transforms.py took 0.106 seconds
[2024-09-13T09:34:12.772+0000] {processor.py:154} INFO - Started process (PID=5895) to work on /opt/airflow/dags/groups/group_transforms.py
[2024-09-13T09:34:12.773+0000] {processor.py:756} INFO - Processing file /opt/airflow/dags/groups/group_transforms.py for tasks to queue
[2024-09-13T09:34:12.774+0000] {logging_mixin.py:120} INFO - [2024-09-13T09:34:12.774+0000] {dagbag.py:537} INFO - Filling up the DagBag from /opt/airflow/dags/groups/group_transforms.py
[2024-09-13T09:34:12.801+0000] {processor.py:768} WARNING - No viable dags retrieved from /opt/airflow/dags/groups/group_transforms.py
[2024-09-13T09:34:12.820+0000] {processor.py:176} INFO - Processing /opt/airflow/dags/groups/group_transforms.py took 0.050 seconds
[2024-09-13T09:34:43.802+0000] {processor.py:154} INFO - Started process (PID=5931) to work on /opt/airflow/dags/groups/group_transforms.py
[2024-09-13T09:34:43.804+0000] {processor.py:756} INFO - Processing file /opt/airflow/dags/groups/group_transforms.py for tasks to queue
[2024-09-13T09:34:43.805+0000] {logging_mixin.py:120} INFO - [2024-09-13T09:34:43.805+0000] {dagbag.py:537} INFO - Filling up the DagBag from /opt/airflow/dags/groups/group_transforms.py
[2024-09-13T09:34:43.830+0000] {processor.py:768} WARNING - No viable dags retrieved from /opt/airflow/dags/groups/group_transforms.py
[2024-09-13T09:34:43.857+0000] {processor.py:176} INFO - Processing /opt/airflow/dags/groups/group_transforms.py took 0.060 seconds
[2024-09-13T09:35:14.222+0000] {processor.py:154} INFO - Started process (PID=5958) to work on /opt/airflow/dags/groups/group_transforms.py
[2024-09-13T09:35:14.223+0000] {processor.py:756} INFO - Processing file /opt/airflow/dags/groups/group_transforms.py for tasks to queue
[2024-09-13T09:35:14.224+0000] {logging_mixin.py:120} INFO - [2024-09-13T09:35:14.224+0000] {dagbag.py:537} INFO - Filling up the DagBag from /opt/airflow/dags/groups/group_transforms.py
[2024-09-13T09:35:14.348+0000] {processor.py:768} WARNING - No viable dags retrieved from /opt/airflow/dags/groups/group_transforms.py
[2024-09-13T09:35:14.374+0000] {processor.py:176} INFO - Processing /opt/airflow/dags/groups/group_transforms.py took 0.156 seconds
[2024-09-13T09:35:44.519+0000] {processor.py:154} INFO - Started process (PID=5994) to work on /opt/airflow/dags/groups/group_transforms.py
[2024-09-13T09:35:44.521+0000] {processor.py:756} INFO - Processing file /opt/airflow/dags/groups/group_transforms.py for tasks to queue
[2024-09-13T09:35:44.523+0000] {logging_mixin.py:120} INFO - [2024-09-13T09:35:44.523+0000] {dagbag.py:537} INFO - Filling up the DagBag from /opt/airflow/dags/groups/group_transforms.py
[2024-09-13T09:35:44.556+0000] {processor.py:768} WARNING - No viable dags retrieved from /opt/airflow/dags/groups/group_transforms.py
[2024-09-13T09:35:44.587+0000] {processor.py:176} INFO - Processing /opt/airflow/dags/groups/group_transforms.py took 0.073 seconds
[2024-09-13T09:36:15.390+0000] {processor.py:154} INFO - Started process (PID=6029) to work on /opt/airflow/dags/groups/group_transforms.py
[2024-09-13T09:36:15.391+0000] {processor.py:756} INFO - Processing file /opt/airflow/dags/groups/group_transforms.py for tasks to queue
[2024-09-13T09:36:15.392+0000] {logging_mixin.py:120} INFO - [2024-09-13T09:36:15.392+0000] {dagbag.py:537} INFO - Filling up the DagBag from /opt/airflow/dags/groups/group_transforms.py
[2024-09-13T09:36:15.418+0000] {processor.py:768} WARNING - No viable dags retrieved from /opt/airflow/dags/groups/group_transforms.py
[2024-09-13T09:36:15.440+0000] {processor.py:176} INFO - Processing /opt/airflow/dags/groups/group_transforms.py took 0.055 seconds
[2024-09-13T09:36:46.390+0000] {processor.py:154} INFO - Started process (PID=6056) to work on /opt/airflow/dags/groups/group_transforms.py
[2024-09-13T09:36:46.392+0000] {processor.py:756} INFO - Processing file /opt/airflow/dags/groups/group_transforms.py for tasks to queue
[2024-09-13T09:36:46.393+0000] {logging_mixin.py:120} INFO - [2024-09-13T09:36:46.393+0000] {dagbag.py:537} INFO - Filling up the DagBag from /opt/airflow/dags/groups/group_transforms.py
[2024-09-13T09:36:46.429+0000] {processor.py:768} WARNING - No viable dags retrieved from /opt/airflow/dags/groups/group_transforms.py
[2024-09-13T09:36:46.449+0000] {processor.py:176} INFO - Processing /opt/airflow/dags/groups/group_transforms.py took 0.062 seconds
[2024-09-13T09:37:16.824+0000] {processor.py:154} INFO - Started process (PID=6092) to work on /opt/airflow/dags/groups/group_transforms.py
[2024-09-13T09:37:16.833+0000] {processor.py:756} INFO - Processing file /opt/airflow/dags/groups/group_transforms.py for tasks to queue
[2024-09-13T09:37:16.836+0000] {logging_mixin.py:120} INFO - [2024-09-13T09:37:16.836+0000] {dagbag.py:537} INFO - Filling up the DagBag from /opt/airflow/dags/groups/group_transforms.py
[2024-09-13T09:37:16.856+0000] {processor.py:768} WARNING - No viable dags retrieved from /opt/airflow/dags/groups/group_transforms.py
[2024-09-13T09:37:16.880+0000] {processor.py:176} INFO - Processing /opt/airflow/dags/groups/group_transforms.py took 0.059 seconds
[2024-09-13T09:37:47.104+0000] {processor.py:154} INFO - Started process (PID=6125) to work on /opt/airflow/dags/groups/group_transforms.py
[2024-09-13T09:37:47.106+0000] {processor.py:756} INFO - Processing file /opt/airflow/dags/groups/group_transforms.py for tasks to queue
[2024-09-13T09:37:47.107+0000] {logging_mixin.py:120} INFO - [2024-09-13T09:37:47.107+0000] {dagbag.py:537} INFO - Filling up the DagBag from /opt/airflow/dags/groups/group_transforms.py
[2024-09-13T09:37:47.134+0000] {processor.py:768} WARNING - No viable dags retrieved from /opt/airflow/dags/groups/group_transforms.py
[2024-09-13T09:37:47.152+0000] {processor.py:176} INFO - Processing /opt/airflow/dags/groups/group_transforms.py took 0.052 seconds
[2024-09-13T09:38:17.867+0000] {processor.py:154} INFO - Started process (PID=6154) to work on /opt/airflow/dags/groups/group_transforms.py
[2024-09-13T09:38:17.868+0000] {processor.py:756} INFO - Processing file /opt/airflow/dags/groups/group_transforms.py for tasks to queue
[2024-09-13T09:38:17.870+0000] {logging_mixin.py:120} INFO - [2024-09-13T09:38:17.869+0000] {dagbag.py:537} INFO - Filling up the DagBag from /opt/airflow/dags/groups/group_transforms.py
[2024-09-13T09:38:18.003+0000] {processor.py:768} WARNING - No viable dags retrieved from /opt/airflow/dags/groups/group_transforms.py
[2024-09-13T09:38:18.028+0000] {processor.py:176} INFO - Processing /opt/airflow/dags/groups/group_transforms.py took 0.169 seconds
[2024-09-13T09:38:48.824+0000] {processor.py:154} INFO - Started process (PID=6190) to work on /opt/airflow/dags/groups/group_transforms.py
[2024-09-13T09:38:49.049+0000] {processor.py:756} INFO - Processing file /opt/airflow/dags/groups/group_transforms.py for tasks to queue
[2024-09-13T09:38:49.050+0000] {logging_mixin.py:120} INFO - [2024-09-13T09:38:49.050+0000] {dagbag.py:537} INFO - Filling up the DagBag from /opt/airflow/dags/groups/group_transforms.py
[2024-09-13T09:38:49.072+0000] {processor.py:768} WARNING - No viable dags retrieved from /opt/airflow/dags/groups/group_transforms.py
[2024-09-13T09:38:49.088+0000] {processor.py:176} INFO - Processing /opt/airflow/dags/groups/group_transforms.py took 0.267 seconds
[2024-09-13T09:39:19.868+0000] {processor.py:154} INFO - Started process (PID=6216) to work on /opt/airflow/dags/groups/group_transforms.py
[2024-09-13T09:39:19.870+0000] {processor.py:756} INFO - Processing file /opt/airflow/dags/groups/group_transforms.py for tasks to queue
[2024-09-13T09:39:19.871+0000] {logging_mixin.py:120} INFO - [2024-09-13T09:39:19.870+0000] {dagbag.py:537} INFO - Filling up the DagBag from /opt/airflow/dags/groups/group_transforms.py
[2024-09-13T09:39:20.113+0000] {processor.py:768} WARNING - No viable dags retrieved from /opt/airflow/dags/groups/group_transforms.py
[2024-09-13T09:39:20.192+0000] {processor.py:176} INFO - Processing /opt/airflow/dags/groups/group_transforms.py took 0.327 seconds
[2024-09-13T09:39:51.972+0000] {processor.py:154} INFO - Started process (PID=6252) to work on /opt/airflow/dags/groups/group_transforms.py
[2024-09-13T09:39:52.067+0000] {processor.py:756} INFO - Processing file /opt/airflow/dags/groups/group_transforms.py for tasks to queue
[2024-09-13T09:39:52.070+0000] {logging_mixin.py:120} INFO - [2024-09-13T09:39:52.069+0000] {dagbag.py:537} INFO - Filling up the DagBag from /opt/airflow/dags/groups/group_transforms.py
[2024-09-13T09:39:52.209+0000] {processor.py:768} WARNING - No viable dags retrieved from /opt/airflow/dags/groups/group_transforms.py
[2024-09-13T09:39:52.239+0000] {processor.py:176} INFO - Processing /opt/airflow/dags/groups/group_transforms.py took 0.269 seconds
[2024-09-13T09:40:23.766+0000] {processor.py:154} INFO - Started process (PID=6288) to work on /opt/airflow/dags/groups/group_transforms.py
[2024-09-13T09:40:23.768+0000] {processor.py:756} INFO - Processing file /opt/airflow/dags/groups/group_transforms.py for tasks to queue
[2024-09-13T09:40:23.769+0000] {logging_mixin.py:120} INFO - [2024-09-13T09:40:23.769+0000] {dagbag.py:537} INFO - Filling up the DagBag from /opt/airflow/dags/groups/group_transforms.py
[2024-09-13T09:40:23.807+0000] {processor.py:768} WARNING - No viable dags retrieved from /opt/airflow/dags/groups/group_transforms.py
[2024-09-13T09:40:23.826+0000] {processor.py:176} INFO - Processing /opt/airflow/dags/groups/group_transforms.py took 0.063 seconds
[2024-09-13T09:40:54.442+0000] {processor.py:154} INFO - Started process (PID=6315) to work on /opt/airflow/dags/groups/group_transforms.py
[2024-09-13T09:40:54.444+0000] {processor.py:756} INFO - Processing file /opt/airflow/dags/groups/group_transforms.py for tasks to queue
[2024-09-13T09:40:54.445+0000] {logging_mixin.py:120} INFO - [2024-09-13T09:40:54.445+0000] {dagbag.py:537} INFO - Filling up the DagBag from /opt/airflow/dags/groups/group_transforms.py
[2024-09-13T09:40:54.586+0000] {processor.py:768} WARNING - No viable dags retrieved from /opt/airflow/dags/groups/group_transforms.py
[2024-09-13T09:40:54.616+0000] {processor.py:176} INFO - Processing /opt/airflow/dags/groups/group_transforms.py took 0.178 seconds
[2024-09-13T09:41:24.979+0000] {processor.py:154} INFO - Started process (PID=6351) to work on /opt/airflow/dags/groups/group_transforms.py
[2024-09-13T09:41:24.980+0000] {processor.py:756} INFO - Processing file /opt/airflow/dags/groups/group_transforms.py for tasks to queue
[2024-09-13T09:41:24.981+0000] {logging_mixin.py:120} INFO - [2024-09-13T09:41:24.981+0000] {dagbag.py:537} INFO - Filling up the DagBag from /opt/airflow/dags/groups/group_transforms.py
[2024-09-13T09:41:24.999+0000] {processor.py:768} WARNING - No viable dags retrieved from /opt/airflow/dags/groups/group_transforms.py
[2024-09-13T09:41:25.014+0000] {processor.py:176} INFO - Processing /opt/airflow/dags/groups/group_transforms.py took 0.038 seconds
[2024-09-13T09:41:56.003+0000] {processor.py:154} INFO - Started process (PID=6378) to work on /opt/airflow/dags/groups/group_transforms.py
[2024-09-13T09:41:56.009+0000] {processor.py:756} INFO - Processing file /opt/airflow/dags/groups/group_transforms.py for tasks to queue
[2024-09-13T09:41:56.011+0000] {logging_mixin.py:120} INFO - [2024-09-13T09:41:56.010+0000] {dagbag.py:537} INFO - Filling up the DagBag from /opt/airflow/dags/groups/group_transforms.py
[2024-09-13T09:41:56.349+0000] {processor.py:768} WARNING - No viable dags retrieved from /opt/airflow/dags/groups/group_transforms.py
[2024-09-13T09:41:56.362+0000] {processor.py:176} INFO - Processing /opt/airflow/dags/groups/group_transforms.py took 0.364 seconds
[2024-09-13T09:42:27.017+0000] {processor.py:154} INFO - Started process (PID=6414) to work on /opt/airflow/dags/groups/group_transforms.py
[2024-09-13T09:42:27.019+0000] {processor.py:756} INFO - Processing file /opt/airflow/dags/groups/group_transforms.py for tasks to queue
[2024-09-13T09:42:27.089+0000] {logging_mixin.py:120} INFO - [2024-09-13T09:42:27.088+0000] {dagbag.py:537} INFO - Filling up the DagBag from /opt/airflow/dags/groups/group_transforms.py
[2024-09-13T09:42:27.273+0000] {processor.py:768} WARNING - No viable dags retrieved from /opt/airflow/dags/groups/group_transforms.py
[2024-09-13T09:42:27.291+0000] {processor.py:176} INFO - Processing /opt/airflow/dags/groups/group_transforms.py took 0.279 seconds
[2024-09-13T09:42:57.955+0000] {processor.py:154} INFO - Started process (PID=6450) to work on /opt/airflow/dags/groups/group_transforms.py
[2024-09-13T09:42:57.956+0000] {processor.py:756} INFO - Processing file /opt/airflow/dags/groups/group_transforms.py for tasks to queue
[2024-09-13T09:42:57.957+0000] {logging_mixin.py:120} INFO - [2024-09-13T09:42:57.957+0000] {dagbag.py:537} INFO - Filling up the DagBag from /opt/airflow/dags/groups/group_transforms.py
[2024-09-13T09:42:57.985+0000] {processor.py:768} WARNING - No viable dags retrieved from /opt/airflow/dags/groups/group_transforms.py
[2024-09-13T09:42:58.003+0000] {processor.py:176} INFO - Processing /opt/airflow/dags/groups/group_transforms.py took 0.053 seconds
[2024-09-13T09:43:28.682+0000] {processor.py:154} INFO - Started process (PID=6477) to work on /opt/airflow/dags/groups/group_transforms.py
[2024-09-13T09:43:28.684+0000] {processor.py:756} INFO - Processing file /opt/airflow/dags/groups/group_transforms.py for tasks to queue
[2024-09-13T09:43:28.685+0000] {logging_mixin.py:120} INFO - [2024-09-13T09:43:28.685+0000] {dagbag.py:537} INFO - Filling up the DagBag from /opt/airflow/dags/groups/group_transforms.py
[2024-09-13T09:43:28.818+0000] {processor.py:768} WARNING - No viable dags retrieved from /opt/airflow/dags/groups/group_transforms.py
[2024-09-13T09:43:28.841+0000] {processor.py:176} INFO - Processing /opt/airflow/dags/groups/group_transforms.py took 0.162 seconds
[2024-09-13T09:43:59.318+0000] {processor.py:154} INFO - Started process (PID=6513) to work on /opt/airflow/dags/groups/group_transforms.py
[2024-09-13T09:43:59.320+0000] {processor.py:756} INFO - Processing file /opt/airflow/dags/groups/group_transforms.py for tasks to queue
[2024-09-13T09:43:59.322+0000] {logging_mixin.py:120} INFO - [2024-09-13T09:43:59.322+0000] {dagbag.py:537} INFO - Filling up the DagBag from /opt/airflow/dags/groups/group_transforms.py
[2024-09-13T09:43:59.356+0000] {processor.py:768} WARNING - No viable dags retrieved from /opt/airflow/dags/groups/group_transforms.py
[2024-09-13T09:43:59.374+0000] {processor.py:176} INFO - Processing /opt/airflow/dags/groups/group_transforms.py took 0.061 seconds
[2024-09-13T09:44:30.289+0000] {processor.py:154} INFO - Started process (PID=6540) to work on /opt/airflow/dags/groups/group_transforms.py
[2024-09-13T09:44:30.290+0000] {processor.py:756} INFO - Processing file /opt/airflow/dags/groups/group_transforms.py for tasks to queue
[2024-09-13T09:44:30.293+0000] {logging_mixin.py:120} INFO - [2024-09-13T09:44:30.293+0000] {dagbag.py:537} INFO - Filling up the DagBag from /opt/airflow/dags/groups/group_transforms.py
[2024-09-13T09:44:30.449+0000] {processor.py:768} WARNING - No viable dags retrieved from /opt/airflow/dags/groups/group_transforms.py
[2024-09-13T09:44:30.468+0000] {processor.py:176} INFO - Processing /opt/airflow/dags/groups/group_transforms.py took 0.182 seconds
[2024-09-13T09:45:01.591+0000] {processor.py:154} INFO - Started process (PID=6575) to work on /opt/airflow/dags/groups/group_transforms.py
[2024-09-13T09:45:01.592+0000] {processor.py:756} INFO - Processing file /opt/airflow/dags/groups/group_transforms.py for tasks to queue
[2024-09-13T09:45:01.593+0000] {logging_mixin.py:120} INFO - [2024-09-13T09:45:01.593+0000] {dagbag.py:537} INFO - Filling up the DagBag from /opt/airflow/dags/groups/group_transforms.py
[2024-09-13T09:45:01.935+0000] {processor.py:768} WARNING - No viable dags retrieved from /opt/airflow/dags/groups/group_transforms.py
[2024-09-13T09:45:02.068+0000] {processor.py:176} INFO - Processing /opt/airflow/dags/groups/group_transforms.py took 0.483 seconds
[2024-09-13T09:45:32.451+0000] {processor.py:154} INFO - Started process (PID=6611) to work on /opt/airflow/dags/groups/group_transforms.py
[2024-09-13T09:45:32.452+0000] {processor.py:756} INFO - Processing file /opt/airflow/dags/groups/group_transforms.py for tasks to queue
[2024-09-13T09:45:32.454+0000] {logging_mixin.py:120} INFO - [2024-09-13T09:45:32.453+0000] {dagbag.py:537} INFO - Filling up the DagBag from /opt/airflow/dags/groups/group_transforms.py
[2024-09-13T09:45:32.482+0000] {processor.py:768} WARNING - No viable dags retrieved from /opt/airflow/dags/groups/group_transforms.py
[2024-09-13T09:45:32.500+0000] {processor.py:176} INFO - Processing /opt/airflow/dags/groups/group_transforms.py took 0.054 seconds
[2024-09-13T09:46:02.630+0000] {processor.py:154} INFO - Started process (PID=6638) to work on /opt/airflow/dags/groups/group_transforms.py
[2024-09-13T09:46:02.632+0000] {processor.py:756} INFO - Processing file /opt/airflow/dags/groups/group_transforms.py for tasks to queue
[2024-09-13T09:46:02.634+0000] {logging_mixin.py:120} INFO - [2024-09-13T09:46:02.634+0000] {dagbag.py:537} INFO - Filling up the DagBag from /opt/airflow/dags/groups/group_transforms.py
[2024-09-13T09:46:02.767+0000] {processor.py:768} WARNING - No viable dags retrieved from /opt/airflow/dags/groups/group_transforms.py
[2024-09-13T09:46:02.790+0000] {processor.py:176} INFO - Processing /opt/airflow/dags/groups/group_transforms.py took 0.163 seconds
[2024-09-13T09:46:34.124+0000] {processor.py:154} INFO - Started process (PID=6675) to work on /opt/airflow/dags/groups/group_transforms.py
[2024-09-13T09:46:34.126+0000] {processor.py:756} INFO - Processing file /opt/airflow/dags/groups/group_transforms.py for tasks to queue
[2024-09-13T09:46:34.127+0000] {logging_mixin.py:120} INFO - [2024-09-13T09:46:34.126+0000] {dagbag.py:537} INFO - Filling up the DagBag from /opt/airflow/dags/groups/group_transforms.py
[2024-09-13T09:46:34.145+0000] {processor.py:768} WARNING - No viable dags retrieved from /opt/airflow/dags/groups/group_transforms.py
[2024-09-13T09:46:34.167+0000] {processor.py:176} INFO - Processing /opt/airflow/dags/groups/group_transforms.py took 0.046 seconds
[2024-09-13T09:47:04.365+0000] {processor.py:154} INFO - Started process (PID=6702) to work on /opt/airflow/dags/groups/group_transforms.py
[2024-09-13T09:47:04.366+0000] {processor.py:756} INFO - Processing file /opt/airflow/dags/groups/group_transforms.py for tasks to queue
[2024-09-13T09:47:04.367+0000] {logging_mixin.py:120} INFO - [2024-09-13T09:47:04.367+0000] {dagbag.py:537} INFO - Filling up the DagBag from /opt/airflow/dags/groups/group_transforms.py
[2024-09-13T09:47:04.386+0000] {processor.py:768} WARNING - No viable dags retrieved from /opt/airflow/dags/groups/group_transforms.py
[2024-09-13T09:47:04.400+0000] {processor.py:176} INFO - Processing /opt/airflow/dags/groups/group_transforms.py took 0.039 seconds
[2024-09-13T09:47:35.376+0000] {processor.py:154} INFO - Started process (PID=6737) to work on /opt/airflow/dags/groups/group_transforms.py
[2024-09-13T09:47:35.377+0000] {processor.py:756} INFO - Processing file /opt/airflow/dags/groups/group_transforms.py for tasks to queue
[2024-09-13T09:47:35.378+0000] {logging_mixin.py:120} INFO - [2024-09-13T09:47:35.378+0000] {dagbag.py:537} INFO - Filling up the DagBag from /opt/airflow/dags/groups/group_transforms.py
[2024-09-13T09:47:35.397+0000] {processor.py:768} WARNING - No viable dags retrieved from /opt/airflow/dags/groups/group_transforms.py
[2024-09-13T09:47:35.427+0000] {processor.py:176} INFO - Processing /opt/airflow/dags/groups/group_transforms.py took 0.055 seconds
[2024-09-13T09:48:05.657+0000] {processor.py:154} INFO - Started process (PID=6771) to work on /opt/airflow/dags/groups/group_transforms.py
[2024-09-13T09:48:05.658+0000] {processor.py:756} INFO - Processing file /opt/airflow/dags/groups/group_transforms.py for tasks to queue
[2024-09-13T09:48:05.760+0000] {logging_mixin.py:120} INFO - [2024-09-13T09:48:05.760+0000] {dagbag.py:537} INFO - Filling up the DagBag from /opt/airflow/dags/groups/group_transforms.py
[2024-09-13T09:48:06.164+0000] {processor.py:768} WARNING - No viable dags retrieved from /opt/airflow/dags/groups/group_transforms.py
[2024-09-13T09:48:06.187+0000] {processor.py:176} INFO - Processing /opt/airflow/dags/groups/group_transforms.py took 0.534 seconds
[2024-09-13T09:48:36.276+0000] {processor.py:154} INFO - Started process (PID=6800) to work on /opt/airflow/dags/groups/group_transforms.py
[2024-09-13T09:48:36.277+0000] {processor.py:756} INFO - Processing file /opt/airflow/dags/groups/group_transforms.py for tasks to queue
[2024-09-13T09:48:36.278+0000] {logging_mixin.py:120} INFO - [2024-09-13T09:48:36.278+0000] {dagbag.py:537} INFO - Filling up the DagBag from /opt/airflow/dags/groups/group_transforms.py
[2024-09-13T09:48:36.330+0000] {processor.py:768} WARNING - No viable dags retrieved from /opt/airflow/dags/groups/group_transforms.py
[2024-09-13T09:48:36.347+0000] {processor.py:176} INFO - Processing /opt/airflow/dags/groups/group_transforms.py took 0.074 seconds
[2024-09-13T09:49:07.066+0000] {processor.py:154} INFO - Started process (PID=6835) to work on /opt/airflow/dags/groups/group_transforms.py
[2024-09-13T09:49:07.067+0000] {processor.py:756} INFO - Processing file /opt/airflow/dags/groups/group_transforms.py for tasks to queue
[2024-09-13T09:49:07.069+0000] {logging_mixin.py:120} INFO - [2024-09-13T09:49:07.068+0000] {dagbag.py:537} INFO - Filling up the DagBag from /opt/airflow/dags/groups/group_transforms.py
[2024-09-13T09:49:07.117+0000] {processor.py:768} WARNING - No viable dags retrieved from /opt/airflow/dags/groups/group_transforms.py
[2024-09-13T09:49:07.130+0000] {processor.py:176} INFO - Processing /opt/airflow/dags/groups/group_transforms.py took 0.068 seconds
[2024-09-13T09:49:37.939+0000] {processor.py:154} INFO - Started process (PID=6860) to work on /opt/airflow/dags/groups/group_transforms.py
[2024-09-13T09:49:37.942+0000] {processor.py:756} INFO - Processing file /opt/airflow/dags/groups/group_transforms.py for tasks to queue
[2024-09-13T09:49:37.945+0000] {logging_mixin.py:120} INFO - [2024-09-13T09:49:37.944+0000] {dagbag.py:537} INFO - Filling up the DagBag from /opt/airflow/dags/groups/group_transforms.py
[2024-09-13T09:49:37.962+0000] {processor.py:768} WARNING - No viable dags retrieved from /opt/airflow/dags/groups/group_transforms.py
[2024-09-13T09:49:37.978+0000] {processor.py:176} INFO - Processing /opt/airflow/dags/groups/group_transforms.py took 0.042 seconds
[2024-09-13T09:50:08.030+0000] {processor.py:154} INFO - Started process (PID=6896) to work on /opt/airflow/dags/groups/group_transforms.py
[2024-09-13T09:50:08.032+0000] {processor.py:756} INFO - Processing file /opt/airflow/dags/groups/group_transforms.py for tasks to queue
[2024-09-13T09:50:08.033+0000] {logging_mixin.py:120} INFO - [2024-09-13T09:50:08.032+0000] {dagbag.py:537} INFO - Filling up the DagBag from /opt/airflow/dags/groups/group_transforms.py
[2024-09-13T09:50:08.082+0000] {processor.py:768} WARNING - No viable dags retrieved from /opt/airflow/dags/groups/group_transforms.py
[2024-09-13T09:50:08.098+0000] {processor.py:176} INFO - Processing /opt/airflow/dags/groups/group_transforms.py took 0.072 seconds
[2024-09-13T09:50:38.609+0000] {processor.py:154} INFO - Started process (PID=6932) to work on /opt/airflow/dags/groups/group_transforms.py
[2024-09-13T09:50:38.610+0000] {processor.py:756} INFO - Processing file /opt/airflow/dags/groups/group_transforms.py for tasks to queue
[2024-09-13T09:50:38.611+0000] {logging_mixin.py:120} INFO - [2024-09-13T09:50:38.611+0000] {dagbag.py:537} INFO - Filling up the DagBag from /opt/airflow/dags/groups/group_transforms.py
[2024-09-13T09:50:38.972+0000] {processor.py:768} WARNING - No viable dags retrieved from /opt/airflow/dags/groups/group_transforms.py
[2024-09-13T09:50:38.988+0000] {processor.py:176} INFO - Processing /opt/airflow/dags/groups/group_transforms.py took 0.382 seconds
[2024-09-13T09:51:09.530+0000] {processor.py:154} INFO - Started process (PID=6959) to work on /opt/airflow/dags/groups/group_transforms.py
[2024-09-13T09:51:09.531+0000] {processor.py:756} INFO - Processing file /opt/airflow/dags/groups/group_transforms.py for tasks to queue
[2024-09-13T09:51:09.532+0000] {logging_mixin.py:120} INFO - [2024-09-13T09:51:09.532+0000] {dagbag.py:537} INFO - Filling up the DagBag from /opt/airflow/dags/groups/group_transforms.py
[2024-09-13T09:51:09.575+0000] {processor.py:768} WARNING - No viable dags retrieved from /opt/airflow/dags/groups/group_transforms.py
[2024-09-13T09:51:09.589+0000] {processor.py:176} INFO - Processing /opt/airflow/dags/groups/group_transforms.py took 0.062 seconds
[2024-09-13T09:51:39.774+0000] {processor.py:154} INFO - Started process (PID=6995) to work on /opt/airflow/dags/groups/group_transforms.py
[2024-09-13T09:51:39.775+0000] {processor.py:756} INFO - Processing file /opt/airflow/dags/groups/group_transforms.py for tasks to queue
[2024-09-13T09:51:39.777+0000] {logging_mixin.py:120} INFO - [2024-09-13T09:51:39.776+0000] {dagbag.py:537} INFO - Filling up the DagBag from /opt/airflow/dags/groups/group_transforms.py
[2024-09-13T09:51:39.797+0000] {processor.py:768} WARNING - No viable dags retrieved from /opt/airflow/dags/groups/group_transforms.py
[2024-09-13T09:51:39.816+0000] {processor.py:176} INFO - Processing /opt/airflow/dags/groups/group_transforms.py took 0.046 seconds
[2024-09-13T09:52:09.929+0000] {processor.py:154} INFO - Started process (PID=7023) to work on /opt/airflow/dags/groups/group_transforms.py
[2024-09-13T09:52:09.930+0000] {processor.py:756} INFO - Processing file /opt/airflow/dags/groups/group_transforms.py for tasks to queue
[2024-09-13T09:52:09.931+0000] {logging_mixin.py:120} INFO - [2024-09-13T09:52:09.931+0000] {dagbag.py:537} INFO - Filling up the DagBag from /opt/airflow/dags/groups/group_transforms.py
[2024-09-13T09:52:11.248+0000] {processor.py:768} WARNING - No viable dags retrieved from /opt/airflow/dags/groups/group_transforms.py
[2024-09-13T09:52:11.264+0000] {processor.py:176} INFO - Processing /opt/airflow/dags/groups/group_transforms.py took 1.339 seconds
[2024-09-13T09:52:42.110+0000] {processor.py:154} INFO - Started process (PID=7059) to work on /opt/airflow/dags/groups/group_transforms.py
[2024-09-13T09:52:42.111+0000] {processor.py:756} INFO - Processing file /opt/airflow/dags/groups/group_transforms.py for tasks to queue
[2024-09-13T09:52:42.114+0000] {logging_mixin.py:120} INFO - [2024-09-13T09:52:42.114+0000] {dagbag.py:537} INFO - Filling up the DagBag from /opt/airflow/dags/groups/group_transforms.py
[2024-09-13T09:52:42.142+0000] {processor.py:768} WARNING - No viable dags retrieved from /opt/airflow/dags/groups/group_transforms.py
[2024-09-13T09:52:42.161+0000] {processor.py:176} INFO - Processing /opt/airflow/dags/groups/group_transforms.py took 0.057 seconds
[2024-09-13T09:53:12.302+0000] {processor.py:154} INFO - Started process (PID=7095) to work on /opt/airflow/dags/groups/group_transforms.py
[2024-09-13T09:53:12.303+0000] {processor.py:756} INFO - Processing file /opt/airflow/dags/groups/group_transforms.py for tasks to queue
[2024-09-13T09:53:12.304+0000] {logging_mixin.py:120} INFO - [2024-09-13T09:53:12.304+0000] {dagbag.py:537} INFO - Filling up the DagBag from /opt/airflow/dags/groups/group_transforms.py
[2024-09-13T09:53:12.320+0000] {processor.py:768} WARNING - No viable dags retrieved from /opt/airflow/dags/groups/group_transforms.py
[2024-09-13T09:53:12.337+0000] {processor.py:176} INFO - Processing /opt/airflow/dags/groups/group_transforms.py took 0.040 seconds
[2024-09-13T09:53:43.525+0000] {processor.py:154} INFO - Started process (PID=7122) to work on /opt/airflow/dags/groups/group_transforms.py
[2024-09-13T09:53:43.526+0000] {processor.py:756} INFO - Processing file /opt/airflow/dags/groups/group_transforms.py for tasks to queue
[2024-09-13T09:53:43.527+0000] {logging_mixin.py:120} INFO - [2024-09-13T09:53:43.527+0000] {dagbag.py:537} INFO - Filling up the DagBag from /opt/airflow/dags/groups/group_transforms.py
[2024-09-13T09:53:43.541+0000] {processor.py:768} WARNING - No viable dags retrieved from /opt/airflow/dags/groups/group_transforms.py
[2024-09-13T09:53:43.558+0000] {processor.py:176} INFO - Processing /opt/airflow/dags/groups/group_transforms.py took 0.038 seconds
[2024-09-13T09:54:13.733+0000] {processor.py:154} INFO - Started process (PID=7158) to work on /opt/airflow/dags/groups/group_transforms.py
[2024-09-13T09:54:13.993+0000] {processor.py:756} INFO - Processing file /opt/airflow/dags/groups/group_transforms.py for tasks to queue
[2024-09-13T09:54:14.121+0000] {logging_mixin.py:120} INFO - [2024-09-13T09:54:14.120+0000] {dagbag.py:537} INFO - Filling up the DagBag from /opt/airflow/dags/groups/group_transforms.py
[2024-09-13T09:54:14.641+0000] {processor.py:768} WARNING - No viable dags retrieved from /opt/airflow/dags/groups/group_transforms.py
[2024-09-13T09:54:14.658+0000] {processor.py:176} INFO - Processing /opt/airflow/dags/groups/group_transforms.py took 0.929 seconds
[2024-09-13T09:54:44.842+0000] {processor.py:154} INFO - Started process (PID=7185) to work on /opt/airflow/dags/groups/group_transforms.py
[2024-09-13T09:54:44.846+0000] {processor.py:756} INFO - Processing file /opt/airflow/dags/groups/group_transforms.py for tasks to queue
[2024-09-13T09:54:44.850+0000] {logging_mixin.py:120} INFO - [2024-09-13T09:54:44.850+0000] {dagbag.py:537} INFO - Filling up the DagBag from /opt/airflow/dags/groups/group_transforms.py
[2024-09-13T09:54:47.037+0000] {processor.py:768} WARNING - No viable dags retrieved from /opt/airflow/dags/groups/group_transforms.py
[2024-09-13T09:54:47.053+0000] {processor.py:176} INFO - Processing /opt/airflow/dags/groups/group_transforms.py took 2.215 seconds
[2024-09-13T09:55:17.407+0000] {processor.py:154} INFO - Started process (PID=7221) to work on /opt/airflow/dags/groups/group_transforms.py
[2024-09-13T09:55:17.408+0000] {processor.py:756} INFO - Processing file /opt/airflow/dags/groups/group_transforms.py for tasks to queue
[2024-09-13T09:55:17.409+0000] {logging_mixin.py:120} INFO - [2024-09-13T09:55:17.409+0000] {dagbag.py:537} INFO - Filling up the DagBag from /opt/airflow/dags/groups/group_transforms.py
[2024-09-13T09:55:17.425+0000] {processor.py:768} WARNING - No viable dags retrieved from /opt/airflow/dags/groups/group_transforms.py
[2024-09-13T09:55:17.442+0000] {processor.py:176} INFO - Processing /opt/airflow/dags/groups/group_transforms.py took 0.038 seconds
[2024-09-13T09:55:47.721+0000] {processor.py:154} INFO - Started process (PID=7250) to work on /opt/airflow/dags/groups/group_transforms.py
[2024-09-13T09:55:47.722+0000] {processor.py:756} INFO - Processing file /opt/airflow/dags/groups/group_transforms.py for tasks to queue
[2024-09-13T09:55:47.723+0000] {logging_mixin.py:120} INFO - [2024-09-13T09:55:47.723+0000] {dagbag.py:537} INFO - Filling up the DagBag from /opt/airflow/dags/groups/group_transforms.py
[2024-09-13T09:55:47.996+0000] {processor.py:768} WARNING - No viable dags retrieved from /opt/airflow/dags/groups/group_transforms.py
[2024-09-13T09:55:48.025+0000] {processor.py:176} INFO - Processing /opt/airflow/dags/groups/group_transforms.py took 0.307 seconds
[2024-09-13T09:56:18.588+0000] {processor.py:154} INFO - Started process (PID=7286) to work on /opt/airflow/dags/groups/group_transforms.py
[2024-09-13T09:56:18.591+0000] {processor.py:756} INFO - Processing file /opt/airflow/dags/groups/group_transforms.py for tasks to queue
[2024-09-13T09:56:18.592+0000] {logging_mixin.py:120} INFO - [2024-09-13T09:56:18.592+0000] {dagbag.py:537} INFO - Filling up the DagBag from /opt/airflow/dags/groups/group_transforms.py
[2024-09-13T09:56:18.668+0000] {processor.py:768} WARNING - No viable dags retrieved from /opt/airflow/dags/groups/group_transforms.py
[2024-09-13T09:56:18.704+0000] {processor.py:176} INFO - Processing /opt/airflow/dags/groups/group_transforms.py took 0.120 seconds
[2024-09-13T09:56:49.123+0000] {processor.py:154} INFO - Started process (PID=7322) to work on /opt/airflow/dags/groups/group_transforms.py
[2024-09-13T09:56:49.125+0000] {processor.py:756} INFO - Processing file /opt/airflow/dags/groups/group_transforms.py for tasks to queue
[2024-09-13T09:56:49.126+0000] {logging_mixin.py:120} INFO - [2024-09-13T09:56:49.126+0000] {dagbag.py:537} INFO - Filling up the DagBag from /opt/airflow/dags/groups/group_transforms.py
[2024-09-13T09:56:49.168+0000] {processor.py:768} WARNING - No viable dags retrieved from /opt/airflow/dags/groups/group_transforms.py
[2024-09-13T09:56:49.191+0000] {processor.py:176} INFO - Processing /opt/airflow/dags/groups/group_transforms.py took 0.072 seconds
[2024-09-13T09:57:19.372+0000] {processor.py:154} INFO - Started process (PID=7349) to work on /opt/airflow/dags/groups/group_transforms.py
[2024-09-13T09:57:19.374+0000] {processor.py:756} INFO - Processing file /opt/airflow/dags/groups/group_transforms.py for tasks to queue
[2024-09-13T09:57:19.375+0000] {logging_mixin.py:120} INFO - [2024-09-13T09:57:19.375+0000] {dagbag.py:537} INFO - Filling up the DagBag from /opt/airflow/dags/groups/group_transforms.py
[2024-09-13T09:57:19.828+0000] {processor.py:768} WARNING - No viable dags retrieved from /opt/airflow/dags/groups/group_transforms.py
[2024-09-13T09:57:19.851+0000] {processor.py:176} INFO - Processing /opt/airflow/dags/groups/group_transforms.py took 0.482 seconds
[2024-09-13T09:57:51.289+0000] {processor.py:154} INFO - Started process (PID=7384) to work on /opt/airflow/dags/groups/group_transforms.py
[2024-09-13T09:57:51.291+0000] {processor.py:756} INFO - Processing file /opt/airflow/dags/groups/group_transforms.py for tasks to queue
[2024-09-13T09:57:51.293+0000] {logging_mixin.py:120} INFO - [2024-09-13T09:57:51.293+0000] {dagbag.py:537} INFO - Filling up the DagBag from /opt/airflow/dags/groups/group_transforms.py
[2024-09-13T09:57:51.567+0000] {processor.py:768} WARNING - No viable dags retrieved from /opt/airflow/dags/groups/group_transforms.py
[2024-09-13T09:57:51.639+0000] {processor.py:176} INFO - Processing /opt/airflow/dags/groups/group_transforms.py took 0.354 seconds
[2024-09-13T09:58:24.958+0000] {processor.py:154} INFO - Started process (PID=7411) to work on /opt/airflow/dags/groups/group_transforms.py
[2024-09-13T09:58:24.959+0000] {processor.py:756} INFO - Processing file /opt/airflow/dags/groups/group_transforms.py for tasks to queue
[2024-09-13T09:58:24.960+0000] {logging_mixin.py:120} INFO - [2024-09-13T09:58:24.960+0000] {dagbag.py:537} INFO - Filling up the DagBag from /opt/airflow/dags/groups/group_transforms.py
[2024-09-13T09:58:24.980+0000] {processor.py:768} WARNING - No viable dags retrieved from /opt/airflow/dags/groups/group_transforms.py
[2024-09-13T09:58:24.995+0000] {processor.py:176} INFO - Processing /opt/airflow/dags/groups/group_transforms.py took 0.039 seconds
[2024-09-13T09:58:55.363+0000] {processor.py:154} INFO - Started process (PID=7447) to work on /opt/airflow/dags/groups/group_transforms.py
[2024-09-13T09:58:55.365+0000] {processor.py:756} INFO - Processing file /opt/airflow/dags/groups/group_transforms.py for tasks to queue
[2024-09-13T09:58:55.366+0000] {logging_mixin.py:120} INFO - [2024-09-13T09:58:55.366+0000] {dagbag.py:537} INFO - Filling up the DagBag from /opt/airflow/dags/groups/group_transforms.py
[2024-09-13T09:58:55.400+0000] {processor.py:768} WARNING - No viable dags retrieved from /opt/airflow/dags/groups/group_transforms.py
[2024-09-13T09:58:55.423+0000] {processor.py:176} INFO - Processing /opt/airflow/dags/groups/group_transforms.py took 0.064 seconds
[2024-09-13T09:59:25.678+0000] {processor.py:154} INFO - Started process (PID=7475) to work on /opt/airflow/dags/groups/group_transforms.py
[2024-09-13T09:59:25.679+0000] {processor.py:756} INFO - Processing file /opt/airflow/dags/groups/group_transforms.py for tasks to queue
[2024-09-13T09:59:25.680+0000] {logging_mixin.py:120} INFO - [2024-09-13T09:59:25.680+0000] {dagbag.py:537} INFO - Filling up the DagBag from /opt/airflow/dags/groups/group_transforms.py
[2024-09-13T09:59:25.788+0000] {processor.py:768} WARNING - No viable dags retrieved from /opt/airflow/dags/groups/group_transforms.py
[2024-09-13T09:59:25.809+0000] {processor.py:176} INFO - Processing /opt/airflow/dags/groups/group_transforms.py took 0.134 seconds
[2024-09-13T09:59:56.191+0000] {processor.py:154} INFO - Started process (PID=7512) to work on /opt/airflow/dags/groups/group_transforms.py
[2024-09-13T09:59:56.200+0000] {processor.py:756} INFO - Processing file /opt/airflow/dags/groups/group_transforms.py for tasks to queue
[2024-09-13T09:59:56.205+0000] {logging_mixin.py:120} INFO - [2024-09-13T09:59:56.205+0000] {dagbag.py:537} INFO - Filling up the DagBag from /opt/airflow/dags/groups/group_transforms.py
[2024-09-13T09:59:56.310+0000] {processor.py:768} WARNING - No viable dags retrieved from /opt/airflow/dags/groups/group_transforms.py
[2024-09-13T09:59:56.342+0000] {processor.py:176} INFO - Processing /opt/airflow/dags/groups/group_transforms.py took 0.156 seconds
