[2024-09-13T08:58:22.094+0000] {processor.py:154} INFO - Started process (PID=3644) to work on /opt/airflow/dags/groups/group_downloads.py
[2024-09-13T08:58:22.103+0000] {processor.py:756} INFO - Processing file /opt/airflow/dags/groups/group_downloads.py for tasks to queue
[2024-09-13T08:58:22.105+0000] {logging_mixin.py:120} INFO - [2024-09-13T08:58:22.105+0000] {dagbag.py:537} INFO - Filling up the DagBag from /opt/airflow/dags/groups/group_downloads.py
[2024-09-13T08:58:22.171+0000] {processor.py:768} WARNING - No viable dags retrieved from /opt/airflow/dags/groups/group_downloads.py
[2024-09-13T08:58:22.185+0000] {processor.py:176} INFO - Processing /opt/airflow/dags/groups/group_downloads.py took 0.094 seconds
[2024-09-13T08:58:53.450+0000] {processor.py:154} INFO - Started process (PID=3678) to work on /opt/airflow/dags/groups/group_downloads.py
[2024-09-13T08:58:53.457+0000] {processor.py:756} INFO - Processing file /opt/airflow/dags/groups/group_downloads.py for tasks to queue
[2024-09-13T08:58:53.532+0000] {logging_mixin.py:120} INFO - [2024-09-13T08:58:53.532+0000] {dagbag.py:537} INFO - Filling up the DagBag from /opt/airflow/dags/groups/group_downloads.py
[2024-09-13T08:58:54.020+0000] {processor.py:768} WARNING - No viable dags retrieved from /opt/airflow/dags/groups/group_downloads.py
[2024-09-13T08:58:54.049+0000] {processor.py:176} INFO - Processing /opt/airflow/dags/groups/group_downloads.py took 0.605 seconds
[2024-09-13T08:59:25.761+0000] {processor.py:154} INFO - Started process (PID=3714) to work on /opt/airflow/dags/groups/group_downloads.py
[2024-09-13T08:59:25.897+0000] {processor.py:756} INFO - Processing file /opt/airflow/dags/groups/group_downloads.py for tasks to queue
[2024-09-13T08:59:25.940+0000] {logging_mixin.py:120} INFO - [2024-09-13T08:59:25.939+0000] {dagbag.py:537} INFO - Filling up the DagBag from /opt/airflow/dags/groups/group_downloads.py
[2024-09-13T08:59:26.331+0000] {processor.py:768} WARNING - No viable dags retrieved from /opt/airflow/dags/groups/group_downloads.py
[2024-09-13T08:59:26.365+0000] {processor.py:176} INFO - Processing /opt/airflow/dags/groups/group_downloads.py took 0.609 seconds
[2024-09-13T08:59:57.642+0000] {processor.py:154} INFO - Started process (PID=3740) to work on /opt/airflow/dags/groups/group_downloads.py
[2024-09-13T08:59:57.645+0000] {processor.py:756} INFO - Processing file /opt/airflow/dags/groups/group_downloads.py for tasks to queue
[2024-09-13T08:59:57.656+0000] {logging_mixin.py:120} INFO - [2024-09-13T08:59:57.656+0000] {dagbag.py:537} INFO - Filling up the DagBag from /opt/airflow/dags/groups/group_downloads.py
[2024-09-13T08:59:58.315+0000] {processor.py:768} WARNING - No viable dags retrieved from /opt/airflow/dags/groups/group_downloads.py
[2024-09-13T08:59:58.331+0000] {processor.py:176} INFO - Processing /opt/airflow/dags/groups/group_downloads.py took 0.692 seconds
[2024-09-13T09:00:28.554+0000] {processor.py:154} INFO - Started process (PID=3776) to work on /opt/airflow/dags/groups/group_downloads.py
[2024-09-13T09:00:28.555+0000] {processor.py:756} INFO - Processing file /opt/airflow/dags/groups/group_downloads.py for tasks to queue
[2024-09-13T09:00:28.556+0000] {logging_mixin.py:120} INFO - [2024-09-13T09:00:28.556+0000] {dagbag.py:537} INFO - Filling up the DagBag from /opt/airflow/dags/groups/group_downloads.py
[2024-09-13T09:00:28.674+0000] {processor.py:768} WARNING - No viable dags retrieved from /opt/airflow/dags/groups/group_downloads.py
[2024-09-13T09:00:28.698+0000] {processor.py:176} INFO - Processing /opt/airflow/dags/groups/group_downloads.py took 0.148 seconds
[2024-09-13T09:00:58.987+0000] {processor.py:154} INFO - Started process (PID=3802) to work on /opt/airflow/dags/groups/group_downloads.py
[2024-09-13T09:00:58.988+0000] {processor.py:756} INFO - Processing file /opt/airflow/dags/groups/group_downloads.py for tasks to queue
[2024-09-13T09:00:58.989+0000] {logging_mixin.py:120} INFO - [2024-09-13T09:00:58.989+0000] {dagbag.py:537} INFO - Filling up the DagBag from /opt/airflow/dags/groups/group_downloads.py
[2024-09-13T09:00:59.250+0000] {processor.py:768} WARNING - No viable dags retrieved from /opt/airflow/dags/groups/group_downloads.py
[2024-09-13T09:00:59.264+0000] {processor.py:176} INFO - Processing /opt/airflow/dags/groups/group_downloads.py took 0.282 seconds
[2024-09-13T09:01:04.918+0000] {processor.py:154} INFO - Started process (PID=3812) to work on /opt/airflow/dags/groups/group_downloads.py
[2024-09-13T09:01:04.920+0000] {processor.py:756} INFO - Processing file /opt/airflow/dags/groups/group_downloads.py for tasks to queue
[2024-09-13T09:01:04.921+0000] {logging_mixin.py:120} INFO - [2024-09-13T09:01:04.921+0000] {dagbag.py:537} INFO - Filling up the DagBag from /opt/airflow/dags/groups/group_downloads.py
[2024-09-13T09:01:06.171+0000] {processor.py:768} WARNING - No viable dags retrieved from /opt/airflow/dags/groups/group_downloads.py
[2024-09-13T09:01:06.194+0000] {processor.py:176} INFO - Processing /opt/airflow/dags/groups/group_downloads.py took 1.280 seconds
[2024-09-13T09:01:37.320+0000] {processor.py:154} INFO - Started process (PID=3838) to work on /opt/airflow/dags/groups/group_downloads.py
[2024-09-13T09:01:37.331+0000] {processor.py:756} INFO - Processing file /opt/airflow/dags/groups/group_downloads.py for tasks to queue
[2024-09-13T09:01:37.427+0000] {logging_mixin.py:120} INFO - [2024-09-13T09:01:37.427+0000] {dagbag.py:537} INFO - Filling up the DagBag from /opt/airflow/dags/groups/group_downloads.py
[2024-09-13T09:01:38.143+0000] {processor.py:768} WARNING - No viable dags retrieved from /opt/airflow/dags/groups/group_downloads.py
[2024-09-13T09:01:38.165+0000] {processor.py:176} INFO - Processing /opt/airflow/dags/groups/group_downloads.py took 0.849 seconds
[2024-09-13T09:02:08.547+0000] {processor.py:154} INFO - Started process (PID=3873) to work on /opt/airflow/dags/groups/group_downloads.py
[2024-09-13T09:02:08.550+0000] {processor.py:756} INFO - Processing file /opt/airflow/dags/groups/group_downloads.py for tasks to queue
[2024-09-13T09:02:08.552+0000] {logging_mixin.py:120} INFO - [2024-09-13T09:02:08.552+0000] {dagbag.py:537} INFO - Filling up the DagBag from /opt/airflow/dags/groups/group_downloads.py
[2024-09-13T09:02:08.591+0000] {processor.py:768} WARNING - No viable dags retrieved from /opt/airflow/dags/groups/group_downloads.py
[2024-09-13T09:02:08.613+0000] {processor.py:176} INFO - Processing /opt/airflow/dags/groups/group_downloads.py took 0.070 seconds
[2024-09-13T09:02:38.821+0000] {processor.py:154} INFO - Started process (PID=3908) to work on /opt/airflow/dags/groups/group_downloads.py
[2024-09-13T09:02:38.826+0000] {processor.py:756} INFO - Processing file /opt/airflow/dags/groups/group_downloads.py for tasks to queue
[2024-09-13T09:02:38.934+0000] {logging_mixin.py:120} INFO - [2024-09-13T09:02:38.934+0000] {dagbag.py:537} INFO - Filling up the DagBag from /opt/airflow/dags/groups/group_downloads.py
[2024-09-13T09:02:39.145+0000] {processor.py:768} WARNING - No viable dags retrieved from /opt/airflow/dags/groups/group_downloads.py
[2024-09-13T09:02:39.163+0000] {processor.py:176} INFO - Processing /opt/airflow/dags/groups/group_downloads.py took 0.346 seconds
[2024-09-13T09:03:09.303+0000] {processor.py:154} INFO - Started process (PID=3934) to work on /opt/airflow/dags/groups/group_downloads.py
[2024-09-13T09:03:09.304+0000] {processor.py:756} INFO - Processing file /opt/airflow/dags/groups/group_downloads.py for tasks to queue
[2024-09-13T09:03:09.305+0000] {logging_mixin.py:120} INFO - [2024-09-13T09:03:09.305+0000] {dagbag.py:537} INFO - Filling up the DagBag from /opt/airflow/dags/groups/group_downloads.py
[2024-09-13T09:03:09.339+0000] {processor.py:768} WARNING - No viable dags retrieved from /opt/airflow/dags/groups/group_downloads.py
[2024-09-13T09:03:09.355+0000] {processor.py:176} INFO - Processing /opt/airflow/dags/groups/group_downloads.py took 0.055 seconds
[2024-09-13T09:03:41.007+0000] {processor.py:154} INFO - Started process (PID=3971) to work on /opt/airflow/dags/groups/group_downloads.py
[2024-09-13T09:03:41.008+0000] {processor.py:756} INFO - Processing file /opt/airflow/dags/groups/group_downloads.py for tasks to queue
[2024-09-13T09:03:41.012+0000] {logging_mixin.py:120} INFO - [2024-09-13T09:03:41.012+0000] {dagbag.py:537} INFO - Filling up the DagBag from /opt/airflow/dags/groups/group_downloads.py
[2024-09-13T09:03:41.592+0000] {processor.py:768} WARNING - No viable dags retrieved from /opt/airflow/dags/groups/group_downloads.py
[2024-09-13T09:03:41.619+0000] {processor.py:176} INFO - Processing /opt/airflow/dags/groups/group_downloads.py took 0.616 seconds
[2024-09-13T09:04:12.452+0000] {processor.py:154} INFO - Started process (PID=4007) to work on /opt/airflow/dags/groups/group_downloads.py
[2024-09-13T09:04:12.454+0000] {processor.py:756} INFO - Processing file /opt/airflow/dags/groups/group_downloads.py for tasks to queue
[2024-09-13T09:04:12.455+0000] {logging_mixin.py:120} INFO - [2024-09-13T09:04:12.454+0000] {dagbag.py:537} INFO - Filling up the DagBag from /opt/airflow/dags/groups/group_downloads.py
[2024-09-13T09:04:12.583+0000] {processor.py:768} WARNING - No viable dags retrieved from /opt/airflow/dags/groups/group_downloads.py
[2024-09-13T09:04:12.599+0000] {processor.py:176} INFO - Processing /opt/airflow/dags/groups/group_downloads.py took 0.149 seconds
[2024-09-13T09:04:43.505+0000] {processor.py:154} INFO - Started process (PID=4033) to work on /opt/airflow/dags/groups/group_downloads.py
[2024-09-13T09:04:43.517+0000] {processor.py:756} INFO - Processing file /opt/airflow/dags/groups/group_downloads.py for tasks to queue
[2024-09-13T09:04:43.519+0000] {logging_mixin.py:120} INFO - [2024-09-13T09:04:43.518+0000] {dagbag.py:537} INFO - Filling up the DagBag from /opt/airflow/dags/groups/group_downloads.py
[2024-09-13T09:04:43.637+0000] {processor.py:768} WARNING - No viable dags retrieved from /opt/airflow/dags/groups/group_downloads.py
[2024-09-13T09:04:43.651+0000] {processor.py:176} INFO - Processing /opt/airflow/dags/groups/group_downloads.py took 0.148 seconds
[2024-09-13T09:05:13.990+0000] {processor.py:154} INFO - Started process (PID=4067) to work on /opt/airflow/dags/groups/group_downloads.py
[2024-09-13T09:05:13.991+0000] {processor.py:756} INFO - Processing file /opt/airflow/dags/groups/group_downloads.py for tasks to queue
[2024-09-13T09:05:13.993+0000] {logging_mixin.py:120} INFO - [2024-09-13T09:05:13.993+0000] {dagbag.py:537} INFO - Filling up the DagBag from /opt/airflow/dags/groups/group_downloads.py
[2024-09-13T09:05:14.028+0000] {processor.py:768} WARNING - No viable dags retrieved from /opt/airflow/dags/groups/group_downloads.py
[2024-09-13T09:05:14.044+0000] {processor.py:176} INFO - Processing /opt/airflow/dags/groups/group_downloads.py took 0.057 seconds
[2024-09-13T09:05:44.286+0000] {processor.py:154} INFO - Started process (PID=4102) to work on /opt/airflow/dags/groups/group_downloads.py
[2024-09-13T09:05:44.287+0000] {processor.py:756} INFO - Processing file /opt/airflow/dags/groups/group_downloads.py for tasks to queue
[2024-09-13T09:05:44.288+0000] {logging_mixin.py:120} INFO - [2024-09-13T09:05:44.288+0000] {dagbag.py:537} INFO - Filling up the DagBag from /opt/airflow/dags/groups/group_downloads.py
[2024-09-13T09:05:44.305+0000] {processor.py:768} WARNING - No viable dags retrieved from /opt/airflow/dags/groups/group_downloads.py
[2024-09-13T09:05:44.328+0000] {processor.py:176} INFO - Processing /opt/airflow/dags/groups/group_downloads.py took 0.045 seconds
[2024-09-13T09:06:15.005+0000] {processor.py:154} INFO - Started process (PID=4128) to work on /opt/airflow/dags/groups/group_downloads.py
[2024-09-13T09:06:15.007+0000] {processor.py:756} INFO - Processing file /opt/airflow/dags/groups/group_downloads.py for tasks to queue
[2024-09-13T09:06:15.009+0000] {logging_mixin.py:120} INFO - [2024-09-13T09:06:15.009+0000] {dagbag.py:537} INFO - Filling up the DagBag from /opt/airflow/dags/groups/group_downloads.py
[2024-09-13T09:06:15.029+0000] {processor.py:768} WARNING - No viable dags retrieved from /opt/airflow/dags/groups/group_downloads.py
[2024-09-13T09:06:15.062+0000] {processor.py:176} INFO - Processing /opt/airflow/dags/groups/group_downloads.py took 0.060 seconds
[2024-09-13T09:06:45.353+0000] {processor.py:154} INFO - Started process (PID=4165) to work on /opt/airflow/dags/groups/group_downloads.py
[2024-09-13T09:06:45.354+0000] {processor.py:756} INFO - Processing file /opt/airflow/dags/groups/group_downloads.py for tasks to queue
[2024-09-13T09:06:45.355+0000] {logging_mixin.py:120} INFO - [2024-09-13T09:06:45.355+0000] {dagbag.py:537} INFO - Filling up the DagBag from /opt/airflow/dags/groups/group_downloads.py
[2024-09-13T09:06:45.373+0000] {processor.py:768} WARNING - No viable dags retrieved from /opt/airflow/dags/groups/group_downloads.py
[2024-09-13T09:06:45.388+0000] {processor.py:176} INFO - Processing /opt/airflow/dags/groups/group_downloads.py took 0.038 seconds
[2024-09-13T09:07:15.460+0000] {processor.py:154} INFO - Started process (PID=4192) to work on /opt/airflow/dags/groups/group_downloads.py
[2024-09-13T09:07:15.461+0000] {processor.py:756} INFO - Processing file /opt/airflow/dags/groups/group_downloads.py for tasks to queue
[2024-09-13T09:07:15.462+0000] {logging_mixin.py:120} INFO - [2024-09-13T09:07:15.462+0000] {dagbag.py:537} INFO - Filling up the DagBag from /opt/airflow/dags/groups/group_downloads.py
[2024-09-13T09:07:15.486+0000] {processor.py:768} WARNING - No viable dags retrieved from /opt/airflow/dags/groups/group_downloads.py
[2024-09-13T09:07:15.506+0000] {processor.py:176} INFO - Processing /opt/airflow/dags/groups/group_downloads.py took 0.050 seconds
[2024-09-13T09:07:45.985+0000] {processor.py:154} INFO - Started process (PID=4227) to work on /opt/airflow/dags/groups/group_downloads.py
[2024-09-13T09:07:45.986+0000] {processor.py:756} INFO - Processing file /opt/airflow/dags/groups/group_downloads.py for tasks to queue
[2024-09-13T09:07:45.988+0000] {logging_mixin.py:120} INFO - [2024-09-13T09:07:45.988+0000] {dagbag.py:537} INFO - Filling up the DagBag from /opt/airflow/dags/groups/group_downloads.py
[2024-09-13T09:07:46.014+0000] {processor.py:768} WARNING - No viable dags retrieved from /opt/airflow/dags/groups/group_downloads.py
[2024-09-13T09:07:46.028+0000] {processor.py:176} INFO - Processing /opt/airflow/dags/groups/group_downloads.py took 0.047 seconds
[2024-09-13T09:08:16.378+0000] {processor.py:154} INFO - Started process (PID=4262) to work on /opt/airflow/dags/groups/group_downloads.py
[2024-09-13T09:08:16.379+0000] {processor.py:756} INFO - Processing file /opt/airflow/dags/groups/group_downloads.py for tasks to queue
[2024-09-13T09:08:16.380+0000] {logging_mixin.py:120} INFO - [2024-09-13T09:08:16.380+0000] {dagbag.py:537} INFO - Filling up the DagBag from /opt/airflow/dags/groups/group_downloads.py
[2024-09-13T09:08:16.423+0000] {processor.py:768} WARNING - No viable dags retrieved from /opt/airflow/dags/groups/group_downloads.py
[2024-09-13T09:08:16.439+0000] {processor.py:176} INFO - Processing /opt/airflow/dags/groups/group_downloads.py took 0.065 seconds
[2024-09-13T09:08:47.063+0000] {processor.py:154} INFO - Started process (PID=4288) to work on /opt/airflow/dags/groups/group_downloads.py
[2024-09-13T09:08:47.306+0000] {processor.py:756} INFO - Processing file /opt/airflow/dags/groups/group_downloads.py for tasks to queue
[2024-09-13T09:08:47.381+0000] {logging_mixin.py:120} INFO - [2024-09-13T09:08:47.380+0000] {dagbag.py:537} INFO - Filling up the DagBag from /opt/airflow/dags/groups/group_downloads.py
[2024-09-13T09:08:47.730+0000] {processor.py:768} WARNING - No viable dags retrieved from /opt/airflow/dags/groups/group_downloads.py
[2024-09-13T09:08:47.749+0000] {processor.py:176} INFO - Processing /opt/airflow/dags/groups/group_downloads.py took 0.690 seconds
[2024-09-13T09:09:18.201+0000] {processor.py:154} INFO - Started process (PID=4323) to work on /opt/airflow/dags/groups/group_downloads.py
[2024-09-13T09:09:18.202+0000] {processor.py:756} INFO - Processing file /opt/airflow/dags/groups/group_downloads.py for tasks to queue
[2024-09-13T09:09:18.203+0000] {logging_mixin.py:120} INFO - [2024-09-13T09:09:18.203+0000] {dagbag.py:537} INFO - Filling up the DagBag from /opt/airflow/dags/groups/group_downloads.py
[2024-09-13T09:09:18.221+0000] {processor.py:768} WARNING - No viable dags retrieved from /opt/airflow/dags/groups/group_downloads.py
[2024-09-13T09:09:18.257+0000] {processor.py:176} INFO - Processing /opt/airflow/dags/groups/group_downloads.py took 0.059 seconds
[2024-09-13T09:09:49.529+0000] {processor.py:154} INFO - Started process (PID=4357) to work on /opt/airflow/dags/groups/group_downloads.py
[2024-09-13T09:09:49.531+0000] {processor.py:756} INFO - Processing file /opt/airflow/dags/groups/group_downloads.py for tasks to queue
[2024-09-13T09:09:49.533+0000] {logging_mixin.py:120} INFO - [2024-09-13T09:09:49.533+0000] {dagbag.py:537} INFO - Filling up the DagBag from /opt/airflow/dags/groups/group_downloads.py
[2024-09-13T09:09:49.657+0000] {processor.py:768} WARNING - No viable dags retrieved from /opt/airflow/dags/groups/group_downloads.py
[2024-09-13T09:09:49.673+0000] {processor.py:176} INFO - Processing /opt/airflow/dags/groups/group_downloads.py took 0.148 seconds
[2024-09-13T09:10:19.796+0000] {processor.py:154} INFO - Started process (PID=4385) to work on /opt/airflow/dags/groups/group_downloads.py
[2024-09-13T09:10:19.797+0000] {processor.py:756} INFO - Processing file /opt/airflow/dags/groups/group_downloads.py for tasks to queue
[2024-09-13T09:10:19.798+0000] {logging_mixin.py:120} INFO - [2024-09-13T09:10:19.797+0000] {dagbag.py:537} INFO - Filling up the DagBag from /opt/airflow/dags/groups/group_downloads.py
[2024-09-13T09:10:19.817+0000] {processor.py:768} WARNING - No viable dags retrieved from /opt/airflow/dags/groups/group_downloads.py
[2024-09-13T09:10:19.830+0000] {processor.py:176} INFO - Processing /opt/airflow/dags/groups/group_downloads.py took 0.038 seconds
[2024-09-13T09:10:50.039+0000] {processor.py:154} INFO - Started process (PID=4418) to work on /opt/airflow/dags/groups/group_downloads.py
[2024-09-13T09:10:50.158+0000] {processor.py:756} INFO - Processing file /opt/airflow/dags/groups/group_downloads.py for tasks to queue
[2024-09-13T09:10:50.393+0000] {logging_mixin.py:120} INFO - [2024-09-13T09:10:50.393+0000] {dagbag.py:537} INFO - Filling up the DagBag from /opt/airflow/dags/groups/group_downloads.py
[2024-09-13T09:10:50.666+0000] {processor.py:768} WARNING - No viable dags retrieved from /opt/airflow/dags/groups/group_downloads.py
[2024-09-13T09:10:50.689+0000] {processor.py:176} INFO - Processing /opt/airflow/dags/groups/group_downloads.py took 0.654 seconds
[2024-09-13T09:11:21.120+0000] {processor.py:154} INFO - Started process (PID=4446) to work on /opt/airflow/dags/groups/group_downloads.py
[2024-09-13T09:11:21.121+0000] {processor.py:756} INFO - Processing file /opt/airflow/dags/groups/group_downloads.py for tasks to queue
[2024-09-13T09:11:21.122+0000] {logging_mixin.py:120} INFO - [2024-09-13T09:11:21.122+0000] {dagbag.py:537} INFO - Filling up the DagBag from /opt/airflow/dags/groups/group_downloads.py
[2024-09-13T09:11:21.143+0000] {processor.py:768} WARNING - No viable dags retrieved from /opt/airflow/dags/groups/group_downloads.py
[2024-09-13T09:11:21.158+0000] {processor.py:176} INFO - Processing /opt/airflow/dags/groups/group_downloads.py took 0.042 seconds
[2024-09-13T09:11:51.259+0000] {processor.py:154} INFO - Started process (PID=4480) to work on /opt/airflow/dags/groups/group_downloads.py
[2024-09-13T09:11:51.260+0000] {processor.py:756} INFO - Processing file /opt/airflow/dags/groups/group_downloads.py for tasks to queue
[2024-09-13T09:11:51.273+0000] {logging_mixin.py:120} INFO - [2024-09-13T09:11:51.273+0000] {dagbag.py:537} INFO - Filling up the DagBag from /opt/airflow/dags/groups/group_downloads.py
[2024-09-13T09:11:51.385+0000] {processor.py:768} WARNING - No viable dags retrieved from /opt/airflow/dags/groups/group_downloads.py
[2024-09-13T09:11:51.406+0000] {processor.py:176} INFO - Processing /opt/airflow/dags/groups/group_downloads.py took 0.151 seconds
[2024-09-13T09:12:21.808+0000] {processor.py:154} INFO - Started process (PID=4506) to work on /opt/airflow/dags/groups/group_downloads.py
[2024-09-13T09:12:21.809+0000] {processor.py:756} INFO - Processing file /opt/airflow/dags/groups/group_downloads.py for tasks to queue
[2024-09-13T09:12:21.810+0000] {logging_mixin.py:120} INFO - [2024-09-13T09:12:21.810+0000] {dagbag.py:537} INFO - Filling up the DagBag from /opt/airflow/dags/groups/group_downloads.py
[2024-09-13T09:12:21.830+0000] {processor.py:768} WARNING - No viable dags retrieved from /opt/airflow/dags/groups/group_downloads.py
[2024-09-13T09:12:21.845+0000] {processor.py:176} INFO - Processing /opt/airflow/dags/groups/group_downloads.py took 0.040 seconds
[2024-09-13T09:12:52.822+0000] {processor.py:154} INFO - Started process (PID=4541) to work on /opt/airflow/dags/groups/group_downloads.py
[2024-09-13T09:12:52.824+0000] {processor.py:756} INFO - Processing file /opt/airflow/dags/groups/group_downloads.py for tasks to queue
[2024-09-13T09:12:52.826+0000] {logging_mixin.py:120} INFO - [2024-09-13T09:12:52.826+0000] {dagbag.py:537} INFO - Filling up the DagBag from /opt/airflow/dags/groups/group_downloads.py
[2024-09-13T09:12:53.224+0000] {processor.py:768} WARNING - No viable dags retrieved from /opt/airflow/dags/groups/group_downloads.py
[2024-09-13T09:12:53.241+0000] {processor.py:176} INFO - Processing /opt/airflow/dags/groups/group_downloads.py took 0.422 seconds
[2024-09-13T09:13:24.319+0000] {processor.py:154} INFO - Started process (PID=4577) to work on /opt/airflow/dags/groups/group_downloads.py
[2024-09-13T09:13:24.321+0000] {processor.py:756} INFO - Processing file /opt/airflow/dags/groups/group_downloads.py for tasks to queue
[2024-09-13T09:13:24.322+0000] {logging_mixin.py:120} INFO - [2024-09-13T09:13:24.322+0000] {dagbag.py:537} INFO - Filling up the DagBag from /opt/airflow/dags/groups/group_downloads.py
[2024-09-13T09:13:24.356+0000] {processor.py:768} WARNING - No viable dags retrieved from /opt/airflow/dags/groups/group_downloads.py
[2024-09-13T09:13:24.383+0000] {processor.py:176} INFO - Processing /opt/airflow/dags/groups/group_downloads.py took 0.069 seconds
[2024-09-13T09:13:54.457+0000] {processor.py:154} INFO - Started process (PID=4601) to work on /opt/airflow/dags/groups/group_downloads.py
[2024-09-13T09:13:54.460+0000] {processor.py:756} INFO - Processing file /opt/airflow/dags/groups/group_downloads.py for tasks to queue
[2024-09-13T09:13:54.461+0000] {logging_mixin.py:120} INFO - [2024-09-13T09:13:54.461+0000] {dagbag.py:537} INFO - Filling up the DagBag from /opt/airflow/dags/groups/group_downloads.py
[2024-09-13T09:13:54.488+0000] {processor.py:768} WARNING - No viable dags retrieved from /opt/airflow/dags/groups/group_downloads.py
[2024-09-13T09:13:54.507+0000] {processor.py:176} INFO - Processing /opt/airflow/dags/groups/group_downloads.py took 0.055 seconds
[2024-09-13T09:14:24.573+0000] {processor.py:154} INFO - Started process (PID=4638) to work on /opt/airflow/dags/groups/group_downloads.py
[2024-09-13T09:14:24.574+0000] {processor.py:756} INFO - Processing file /opt/airflow/dags/groups/group_downloads.py for tasks to queue
[2024-09-13T09:14:24.576+0000] {logging_mixin.py:120} INFO - [2024-09-13T09:14:24.576+0000] {dagbag.py:537} INFO - Filling up the DagBag from /opt/airflow/dags/groups/group_downloads.py
[2024-09-13T09:14:24.606+0000] {processor.py:768} WARNING - No viable dags retrieved from /opt/airflow/dags/groups/group_downloads.py
[2024-09-13T09:14:24.627+0000] {processor.py:176} INFO - Processing /opt/airflow/dags/groups/group_downloads.py took 0.058 seconds
[2024-09-13T09:14:54.718+0000] {processor.py:154} INFO - Started process (PID=4665) to work on /opt/airflow/dags/groups/group_downloads.py
[2024-09-13T09:14:54.721+0000] {processor.py:756} INFO - Processing file /opt/airflow/dags/groups/group_downloads.py for tasks to queue
[2024-09-13T09:14:54.722+0000] {logging_mixin.py:120} INFO - [2024-09-13T09:14:54.722+0000] {dagbag.py:537} INFO - Filling up the DagBag from /opt/airflow/dags/groups/group_downloads.py
[2024-09-13T09:14:54.744+0000] {processor.py:768} WARNING - No viable dags retrieved from /opt/airflow/dags/groups/group_downloads.py
[2024-09-13T09:14:54.761+0000] {processor.py:176} INFO - Processing /opt/airflow/dags/groups/group_downloads.py took 0.046 seconds
[2024-09-13T09:15:26.171+0000] {processor.py:154} INFO - Started process (PID=4701) to work on /opt/airflow/dags/groups/group_downloads.py
[2024-09-13T09:15:26.178+0000] {processor.py:756} INFO - Processing file /opt/airflow/dags/groups/group_downloads.py for tasks to queue
[2024-09-13T09:15:26.192+0000] {logging_mixin.py:120} INFO - [2024-09-13T09:15:26.192+0000] {dagbag.py:537} INFO - Filling up the DagBag from /opt/airflow/dags/groups/group_downloads.py
[2024-09-13T09:15:26.251+0000] {processor.py:768} WARNING - No viable dags retrieved from /opt/airflow/dags/groups/group_downloads.py
[2024-09-13T09:15:26.268+0000] {processor.py:176} INFO - Processing /opt/airflow/dags/groups/group_downloads.py took 0.100 seconds
[2024-09-13T09:15:57.149+0000] {processor.py:154} INFO - Started process (PID=4728) to work on /opt/airflow/dags/groups/group_downloads.py
[2024-09-13T09:15:57.150+0000] {processor.py:756} INFO - Processing file /opt/airflow/dags/groups/group_downloads.py for tasks to queue
[2024-09-13T09:15:57.151+0000] {logging_mixin.py:120} INFO - [2024-09-13T09:15:57.151+0000] {dagbag.py:537} INFO - Filling up the DagBag from /opt/airflow/dags/groups/group_downloads.py
[2024-09-13T09:15:57.229+0000] {processor.py:768} WARNING - No viable dags retrieved from /opt/airflow/dags/groups/group_downloads.py
[2024-09-13T09:15:57.242+0000] {processor.py:176} INFO - Processing /opt/airflow/dags/groups/group_downloads.py took 0.098 seconds
[2024-09-13T09:16:28.139+0000] {processor.py:154} INFO - Started process (PID=4764) to work on /opt/airflow/dags/groups/group_downloads.py
[2024-09-13T09:16:28.142+0000] {processor.py:756} INFO - Processing file /opt/airflow/dags/groups/group_downloads.py for tasks to queue
[2024-09-13T09:16:28.143+0000] {logging_mixin.py:120} INFO - [2024-09-13T09:16:28.143+0000] {dagbag.py:537} INFO - Filling up the DagBag from /opt/airflow/dags/groups/group_downloads.py
[2024-09-13T09:16:28.213+0000] {processor.py:768} WARNING - No viable dags retrieved from /opt/airflow/dags/groups/group_downloads.py
[2024-09-13T09:16:28.229+0000] {processor.py:176} INFO - Processing /opt/airflow/dags/groups/group_downloads.py took 0.093 seconds
[2024-09-13T09:16:59.097+0000] {processor.py:154} INFO - Started process (PID=4800) to work on /opt/airflow/dags/groups/group_downloads.py
[2024-09-13T09:16:59.098+0000] {processor.py:756} INFO - Processing file /opt/airflow/dags/groups/group_downloads.py for tasks to queue
[2024-09-13T09:16:59.100+0000] {logging_mixin.py:120} INFO - [2024-09-13T09:16:59.100+0000] {dagbag.py:537} INFO - Filling up the DagBag from /opt/airflow/dags/groups/group_downloads.py
[2024-09-13T09:16:59.213+0000] {processor.py:768} WARNING - No viable dags retrieved from /opt/airflow/dags/groups/group_downloads.py
[2024-09-13T09:16:59.240+0000] {processor.py:176} INFO - Processing /opt/airflow/dags/groups/group_downloads.py took 0.150 seconds
[2024-09-13T09:17:29.607+0000] {processor.py:154} INFO - Started process (PID=4839) to work on /opt/airflow/dags/groups/group_downloads.py
[2024-09-13T09:17:29.662+0000] {processor.py:756} INFO - Processing file /opt/airflow/dags/groups/group_downloads.py for tasks to queue
[2024-09-13T09:17:29.746+0000] {logging_mixin.py:120} INFO - [2024-09-13T09:17:29.745+0000] {dagbag.py:537} INFO - Filling up the DagBag from /opt/airflow/dags/groups/group_downloads.py
[2024-09-13T09:17:29.803+0000] {processor.py:768} WARNING - No viable dags retrieved from /opt/airflow/dags/groups/group_downloads.py
[2024-09-13T09:17:29.826+0000] {processor.py:176} INFO - Processing /opt/airflow/dags/groups/group_downloads.py took 0.223 seconds
[2024-09-13T09:18:00.642+0000] {processor.py:154} INFO - Started process (PID=4875) to work on /opt/airflow/dags/groups/group_downloads.py
[2024-09-13T09:18:00.643+0000] {processor.py:756} INFO - Processing file /opt/airflow/dags/groups/group_downloads.py for tasks to queue
[2024-09-13T09:18:00.644+0000] {logging_mixin.py:120} INFO - [2024-09-13T09:18:00.644+0000] {dagbag.py:537} INFO - Filling up the DagBag from /opt/airflow/dags/groups/group_downloads.py
[2024-09-13T09:18:00.956+0000] {processor.py:768} WARNING - No viable dags retrieved from /opt/airflow/dags/groups/group_downloads.py
[2024-09-13T09:18:00.974+0000] {processor.py:176} INFO - Processing /opt/airflow/dags/groups/group_downloads.py took 0.335 seconds
[2024-09-13T09:18:31.364+0000] {processor.py:154} INFO - Started process (PID=4903) to work on /opt/airflow/dags/groups/group_downloads.py
[2024-09-13T09:18:31.365+0000] {processor.py:756} INFO - Processing file /opt/airflow/dags/groups/group_downloads.py for tasks to queue
[2024-09-13T09:18:31.366+0000] {logging_mixin.py:120} INFO - [2024-09-13T09:18:31.366+0000] {dagbag.py:537} INFO - Filling up the DagBag from /opt/airflow/dags/groups/group_downloads.py
[2024-09-13T09:18:31.397+0000] {processor.py:768} WARNING - No viable dags retrieved from /opt/airflow/dags/groups/group_downloads.py
[2024-09-13T09:18:31.417+0000] {processor.py:176} INFO - Processing /opt/airflow/dags/groups/group_downloads.py took 0.058 seconds
[2024-09-13T09:19:01.828+0000] {processor.py:154} INFO - Started process (PID=4939) to work on /opt/airflow/dags/groups/group_downloads.py
[2024-09-13T09:19:01.837+0000] {processor.py:756} INFO - Processing file /opt/airflow/dags/groups/group_downloads.py for tasks to queue
[2024-09-13T09:19:01.891+0000] {logging_mixin.py:120} INFO - [2024-09-13T09:19:01.890+0000] {dagbag.py:537} INFO - Filling up the DagBag from /opt/airflow/dags/groups/group_downloads.py
[2024-09-13T09:19:01.918+0000] {processor.py:768} WARNING - No viable dags retrieved from /opt/airflow/dags/groups/group_downloads.py
[2024-09-13T09:19:01.934+0000] {processor.py:176} INFO - Processing /opt/airflow/dags/groups/group_downloads.py took 0.109 seconds
[2024-09-13T09:19:33.483+0000] {processor.py:154} INFO - Started process (PID=4974) to work on /opt/airflow/dags/groups/group_downloads.py
[2024-09-13T09:19:33.488+0000] {processor.py:756} INFO - Processing file /opt/airflow/dags/groups/group_downloads.py for tasks to queue
[2024-09-13T09:19:33.497+0000] {logging_mixin.py:120} INFO - [2024-09-13T09:19:33.496+0000] {dagbag.py:537} INFO - Filling up the DagBag from /opt/airflow/dags/groups/group_downloads.py
[2024-09-13T09:19:33.527+0000] {processor.py:768} WARNING - No viable dags retrieved from /opt/airflow/dags/groups/group_downloads.py
[2024-09-13T09:19:33.675+0000] {processor.py:176} INFO - Processing /opt/airflow/dags/groups/group_downloads.py took 0.195 seconds
[2024-09-13T09:20:03.943+0000] {processor.py:154} INFO - Started process (PID=5002) to work on /opt/airflow/dags/groups/group_downloads.py
[2024-09-13T09:20:04.037+0000] {processor.py:756} INFO - Processing file /opt/airflow/dags/groups/group_downloads.py for tasks to queue
[2024-09-13T09:20:04.067+0000] {logging_mixin.py:120} INFO - [2024-09-13T09:20:04.067+0000] {dagbag.py:537} INFO - Filling up the DagBag from /opt/airflow/dags/groups/group_downloads.py
[2024-09-13T09:20:04.205+0000] {processor.py:768} WARNING - No viable dags retrieved from /opt/airflow/dags/groups/group_downloads.py
[2024-09-13T09:20:04.222+0000] {processor.py:176} INFO - Processing /opt/airflow/dags/groups/group_downloads.py took 0.283 seconds
[2024-09-13T09:20:34.769+0000] {processor.py:154} INFO - Started process (PID=5039) to work on /opt/airflow/dags/groups/group_downloads.py
[2024-09-13T09:20:34.771+0000] {processor.py:756} INFO - Processing file /opt/airflow/dags/groups/group_downloads.py for tasks to queue
[2024-09-13T09:20:34.772+0000] {logging_mixin.py:120} INFO - [2024-09-13T09:20:34.772+0000] {dagbag.py:537} INFO - Filling up the DagBag from /opt/airflow/dags/groups/group_downloads.py
[2024-09-13T09:20:34.799+0000] {processor.py:768} WARNING - No viable dags retrieved from /opt/airflow/dags/groups/group_downloads.py
[2024-09-13T09:20:34.815+0000] {processor.py:176} INFO - Processing /opt/airflow/dags/groups/group_downloads.py took 0.051 seconds
[2024-09-13T09:21:05.430+0000] {processor.py:154} INFO - Started process (PID=5075) to work on /opt/airflow/dags/groups/group_downloads.py
[2024-09-13T09:21:05.433+0000] {processor.py:756} INFO - Processing file /opt/airflow/dags/groups/group_downloads.py for tasks to queue
[2024-09-13T09:21:05.435+0000] {logging_mixin.py:120} INFO - [2024-09-13T09:21:05.435+0000] {dagbag.py:537} INFO - Filling up the DagBag from /opt/airflow/dags/groups/group_downloads.py
[2024-09-13T09:21:05.982+0000] {processor.py:768} WARNING - No viable dags retrieved from /opt/airflow/dags/groups/group_downloads.py
[2024-09-13T09:21:06.003+0000] {processor.py:176} INFO - Processing /opt/airflow/dags/groups/group_downloads.py took 0.576 seconds
[2024-09-13T09:21:36.980+0000] {processor.py:154} INFO - Started process (PID=5102) to work on /opt/airflow/dags/groups/group_downloads.py
[2024-09-13T09:21:36.998+0000] {processor.py:756} INFO - Processing file /opt/airflow/dags/groups/group_downloads.py for tasks to queue
[2024-09-13T09:21:37.343+0000] {logging_mixin.py:120} INFO - [2024-09-13T09:21:37.343+0000] {dagbag.py:537} INFO - Filling up the DagBag from /opt/airflow/dags/groups/group_downloads.py
[2024-09-13T09:21:38.867+0000] {processor.py:768} WARNING - No viable dags retrieved from /opt/airflow/dags/groups/group_downloads.py
[2024-09-13T09:21:38.902+0000] {processor.py:176} INFO - Processing /opt/airflow/dags/groups/group_downloads.py took 1.925 seconds
[2024-09-13T09:22:09.560+0000] {processor.py:154} INFO - Started process (PID=5138) to work on /opt/airflow/dags/groups/group_downloads.py
[2024-09-13T09:22:09.561+0000] {processor.py:756} INFO - Processing file /opt/airflow/dags/groups/group_downloads.py for tasks to queue
[2024-09-13T09:22:09.562+0000] {logging_mixin.py:120} INFO - [2024-09-13T09:22:09.562+0000] {dagbag.py:537} INFO - Filling up the DagBag from /opt/airflow/dags/groups/group_downloads.py
[2024-09-13T09:22:09.575+0000] {processor.py:768} WARNING - No viable dags retrieved from /opt/airflow/dags/groups/group_downloads.py
[2024-09-13T09:22:09.589+0000] {processor.py:176} INFO - Processing /opt/airflow/dags/groups/group_downloads.py took 0.034 seconds
[2024-09-13T09:22:39.703+0000] {processor.py:154} INFO - Started process (PID=5174) to work on /opt/airflow/dags/groups/group_downloads.py
[2024-09-13T09:22:39.705+0000] {processor.py:756} INFO - Processing file /opt/airflow/dags/groups/group_downloads.py for tasks to queue
[2024-09-13T09:22:39.706+0000] {logging_mixin.py:120} INFO - [2024-09-13T09:22:39.706+0000] {dagbag.py:537} INFO - Filling up the DagBag from /opt/airflow/dags/groups/group_downloads.py
[2024-09-13T09:22:39.729+0000] {processor.py:768} WARNING - No viable dags retrieved from /opt/airflow/dags/groups/group_downloads.py
[2024-09-13T09:22:39.743+0000] {processor.py:176} INFO - Processing /opt/airflow/dags/groups/group_downloads.py took 0.043 seconds
[2024-09-13T09:23:12.072+0000] {processor.py:154} INFO - Started process (PID=5199) to work on /opt/airflow/dags/groups/group_downloads.py
[2024-09-13T09:23:12.156+0000] {processor.py:756} INFO - Processing file /opt/airflow/dags/groups/group_downloads.py for tasks to queue
[2024-09-13T09:23:12.164+0000] {logging_mixin.py:120} INFO - [2024-09-13T09:23:12.164+0000] {dagbag.py:537} INFO - Filling up the DagBag from /opt/airflow/dags/groups/group_downloads.py
[2024-09-13T09:23:12.550+0000] {processor.py:768} WARNING - No viable dags retrieved from /opt/airflow/dags/groups/group_downloads.py
[2024-09-13T09:23:12.649+0000] {processor.py:176} INFO - Processing /opt/airflow/dags/groups/group_downloads.py took 0.593 seconds
[2024-09-13T09:23:42.761+0000] {processor.py:154} INFO - Started process (PID=5235) to work on /opt/airflow/dags/groups/group_downloads.py
[2024-09-13T09:23:42.762+0000] {processor.py:756} INFO - Processing file /opt/airflow/dags/groups/group_downloads.py for tasks to queue
[2024-09-13T09:23:42.764+0000] {logging_mixin.py:120} INFO - [2024-09-13T09:23:42.764+0000] {dagbag.py:537} INFO - Filling up the DagBag from /opt/airflow/dags/groups/group_downloads.py
[2024-09-13T09:23:42.783+0000] {processor.py:768} WARNING - No viable dags retrieved from /opt/airflow/dags/groups/group_downloads.py
[2024-09-13T09:23:42.802+0000] {processor.py:176} INFO - Processing /opt/airflow/dags/groups/group_downloads.py took 0.046 seconds
[2024-09-13T09:24:13.417+0000] {processor.py:154} INFO - Started process (PID=5270) to work on /opt/airflow/dags/groups/group_downloads.py
[2024-09-13T09:24:13.418+0000] {processor.py:756} INFO - Processing file /opt/airflow/dags/groups/group_downloads.py for tasks to queue
[2024-09-13T09:24:13.419+0000] {logging_mixin.py:120} INFO - [2024-09-13T09:24:13.419+0000] {dagbag.py:537} INFO - Filling up the DagBag from /opt/airflow/dags/groups/group_downloads.py
[2024-09-13T09:24:13.451+0000] {processor.py:768} WARNING - No viable dags retrieved from /opt/airflow/dags/groups/group_downloads.py
[2024-09-13T09:24:13.464+0000] {processor.py:176} INFO - Processing /opt/airflow/dags/groups/group_downloads.py took 0.052 seconds
[2024-09-13T09:24:44.196+0000] {processor.py:154} INFO - Started process (PID=5297) to work on /opt/airflow/dags/groups/group_downloads.py
[2024-09-13T09:24:44.231+0000] {processor.py:756} INFO - Processing file /opt/airflow/dags/groups/group_downloads.py for tasks to queue
[2024-09-13T09:24:44.234+0000] {logging_mixin.py:120} INFO - [2024-09-13T09:24:44.233+0000] {dagbag.py:537} INFO - Filling up the DagBag from /opt/airflow/dags/groups/group_downloads.py
[2024-09-13T09:24:44.267+0000] {processor.py:768} WARNING - No viable dags retrieved from /opt/airflow/dags/groups/group_downloads.py
[2024-09-13T09:24:44.281+0000] {processor.py:176} INFO - Processing /opt/airflow/dags/groups/group_downloads.py took 0.089 seconds
[2024-09-13T09:25:14.636+0000] {processor.py:154} INFO - Started process (PID=5333) to work on /opt/airflow/dags/groups/group_downloads.py
[2024-09-13T09:25:14.637+0000] {processor.py:756} INFO - Processing file /opt/airflow/dags/groups/group_downloads.py for tasks to queue
[2024-09-13T09:25:14.638+0000] {logging_mixin.py:120} INFO - [2024-09-13T09:25:14.638+0000] {dagbag.py:537} INFO - Filling up the DagBag from /opt/airflow/dags/groups/group_downloads.py
[2024-09-13T09:25:14.660+0000] {processor.py:768} WARNING - No viable dags retrieved from /opt/airflow/dags/groups/group_downloads.py
[2024-09-13T09:25:14.678+0000] {processor.py:176} INFO - Processing /opt/airflow/dags/groups/group_downloads.py took 0.046 seconds
[2024-09-13T09:25:45.294+0000] {processor.py:154} INFO - Started process (PID=5360) to work on /opt/airflow/dags/groups/group_downloads.py
[2024-09-13T09:25:45.295+0000] {processor.py:756} INFO - Processing file /opt/airflow/dags/groups/group_downloads.py for tasks to queue
[2024-09-13T09:25:45.298+0000] {logging_mixin.py:120} INFO - [2024-09-13T09:25:45.297+0000] {dagbag.py:537} INFO - Filling up the DagBag from /opt/airflow/dags/groups/group_downloads.py
[2024-09-13T09:25:45.463+0000] {processor.py:768} WARNING - No viable dags retrieved from /opt/airflow/dags/groups/group_downloads.py
[2024-09-13T09:25:45.485+0000] {processor.py:176} INFO - Processing /opt/airflow/dags/groups/group_downloads.py took 0.195 seconds
[2024-09-13T09:26:15.797+0000] {processor.py:154} INFO - Started process (PID=5395) to work on /opt/airflow/dags/groups/group_downloads.py
[2024-09-13T09:26:15.799+0000] {processor.py:756} INFO - Processing file /opt/airflow/dags/groups/group_downloads.py for tasks to queue
[2024-09-13T09:26:15.800+0000] {logging_mixin.py:120} INFO - [2024-09-13T09:26:15.799+0000] {dagbag.py:537} INFO - Filling up the DagBag from /opt/airflow/dags/groups/group_downloads.py
[2024-09-13T09:26:15.822+0000] {processor.py:768} WARNING - No viable dags retrieved from /opt/airflow/dags/groups/group_downloads.py
[2024-09-13T09:26:15.839+0000] {processor.py:176} INFO - Processing /opt/airflow/dags/groups/group_downloads.py took 0.045 seconds
[2024-09-13T09:26:46.421+0000] {processor.py:154} INFO - Started process (PID=5431) to work on /opt/airflow/dags/groups/group_downloads.py
[2024-09-13T09:26:46.423+0000] {processor.py:756} INFO - Processing file /opt/airflow/dags/groups/group_downloads.py for tasks to queue
[2024-09-13T09:26:46.425+0000] {logging_mixin.py:120} INFO - [2024-09-13T09:26:46.424+0000] {dagbag.py:537} INFO - Filling up the DagBag from /opt/airflow/dags/groups/group_downloads.py
[2024-09-13T09:26:46.461+0000] {processor.py:768} WARNING - No viable dags retrieved from /opt/airflow/dags/groups/group_downloads.py
[2024-09-13T09:26:46.494+0000] {processor.py:176} INFO - Processing /opt/airflow/dags/groups/group_downloads.py took 0.080 seconds
[2024-09-13T09:27:18.633+0000] {processor.py:154} INFO - Started process (PID=5458) to work on /opt/airflow/dags/groups/group_downloads.py
[2024-09-13T09:27:18.634+0000] {processor.py:756} INFO - Processing file /opt/airflow/dags/groups/group_downloads.py for tasks to queue
[2024-09-13T09:27:18.635+0000] {logging_mixin.py:120} INFO - [2024-09-13T09:27:18.635+0000] {dagbag.py:537} INFO - Filling up the DagBag from /opt/airflow/dags/groups/group_downloads.py
[2024-09-13T09:27:18.666+0000] {processor.py:768} WARNING - No viable dags retrieved from /opt/airflow/dags/groups/group_downloads.py
[2024-09-13T09:27:18.685+0000] {processor.py:176} INFO - Processing /opt/airflow/dags/groups/group_downloads.py took 0.056 seconds
[2024-09-13T09:27:49.054+0000] {processor.py:154} INFO - Started process (PID=5494) to work on /opt/airflow/dags/groups/group_downloads.py
[2024-09-13T09:27:49.056+0000] {processor.py:756} INFO - Processing file /opt/airflow/dags/groups/group_downloads.py for tasks to queue
[2024-09-13T09:27:49.058+0000] {logging_mixin.py:120} INFO - [2024-09-13T09:27:49.057+0000] {dagbag.py:537} INFO - Filling up the DagBag from /opt/airflow/dags/groups/group_downloads.py
[2024-09-13T09:27:49.081+0000] {processor.py:768} WARNING - No viable dags retrieved from /opt/airflow/dags/groups/group_downloads.py
[2024-09-13T09:27:49.105+0000] {processor.py:176} INFO - Processing /opt/airflow/dags/groups/group_downloads.py took 0.054 seconds
[2024-09-13T09:28:19.179+0000] {processor.py:154} INFO - Started process (PID=5521) to work on /opt/airflow/dags/groups/group_downloads.py
[2024-09-13T09:28:19.181+0000] {processor.py:756} INFO - Processing file /opt/airflow/dags/groups/group_downloads.py for tasks to queue
[2024-09-13T09:28:19.182+0000] {logging_mixin.py:120} INFO - [2024-09-13T09:28:19.182+0000] {dagbag.py:537} INFO - Filling up the DagBag from /opt/airflow/dags/groups/group_downloads.py
[2024-09-13T09:28:19.209+0000] {processor.py:768} WARNING - No viable dags retrieved from /opt/airflow/dags/groups/group_downloads.py
[2024-09-13T09:28:19.223+0000] {processor.py:176} INFO - Processing /opt/airflow/dags/groups/group_downloads.py took 0.047 seconds
[2024-09-13T09:28:49.551+0000] {processor.py:154} INFO - Started process (PID=5557) to work on /opt/airflow/dags/groups/group_downloads.py
[2024-09-13T09:28:49.650+0000] {processor.py:756} INFO - Processing file /opt/airflow/dags/groups/group_downloads.py for tasks to queue
[2024-09-13T09:28:49.667+0000] {logging_mixin.py:120} INFO - [2024-09-13T09:28:49.667+0000] {dagbag.py:537} INFO - Filling up the DagBag from /opt/airflow/dags/groups/group_downloads.py
[2024-09-13T09:28:49.689+0000] {processor.py:768} WARNING - No viable dags retrieved from /opt/airflow/dags/groups/group_downloads.py
[2024-09-13T09:28:49.705+0000] {processor.py:176} INFO - Processing /opt/airflow/dags/groups/group_downloads.py took 0.158 seconds
[2024-09-13T09:29:20.201+0000] {processor.py:154} INFO - Started process (PID=5584) to work on /opt/airflow/dags/groups/group_downloads.py
[2024-09-13T09:29:20.202+0000] {processor.py:756} INFO - Processing file /opt/airflow/dags/groups/group_downloads.py for tasks to queue
[2024-09-13T09:29:20.203+0000] {logging_mixin.py:120} INFO - [2024-09-13T09:29:20.203+0000] {dagbag.py:537} INFO - Filling up the DagBag from /opt/airflow/dags/groups/group_downloads.py
[2024-09-13T09:29:20.277+0000] {processor.py:768} WARNING - No viable dags retrieved from /opt/airflow/dags/groups/group_downloads.py
[2024-09-13T09:29:20.295+0000] {processor.py:176} INFO - Processing /opt/airflow/dags/groups/group_downloads.py took 0.098 seconds
[2024-09-13T09:29:50.922+0000] {processor.py:154} INFO - Started process (PID=5620) to work on /opt/airflow/dags/groups/group_downloads.py
[2024-09-13T09:29:50.924+0000] {processor.py:756} INFO - Processing file /opt/airflow/dags/groups/group_downloads.py for tasks to queue
[2024-09-13T09:29:50.925+0000] {logging_mixin.py:120} INFO - [2024-09-13T09:29:50.925+0000] {dagbag.py:537} INFO - Filling up the DagBag from /opt/airflow/dags/groups/group_downloads.py
[2024-09-13T09:29:50.944+0000] {processor.py:768} WARNING - No viable dags retrieved from /opt/airflow/dags/groups/group_downloads.py
[2024-09-13T09:29:50.968+0000] {processor.py:176} INFO - Processing /opt/airflow/dags/groups/group_downloads.py took 0.049 seconds
[2024-09-13T09:30:21.296+0000] {processor.py:154} INFO - Started process (PID=5657) to work on /opt/airflow/dags/groups/group_downloads.py
[2024-09-13T09:30:21.297+0000] {processor.py:756} INFO - Processing file /opt/airflow/dags/groups/group_downloads.py for tasks to queue
[2024-09-13T09:30:21.299+0000] {logging_mixin.py:120} INFO - [2024-09-13T09:30:21.298+0000] {dagbag.py:537} INFO - Filling up the DagBag from /opt/airflow/dags/groups/group_downloads.py
[2024-09-13T09:30:21.320+0000] {processor.py:768} WARNING - No viable dags retrieved from /opt/airflow/dags/groups/group_downloads.py
[2024-09-13T09:30:21.334+0000] {processor.py:176} INFO - Processing /opt/airflow/dags/groups/group_downloads.py took 0.041 seconds
[2024-09-13T09:30:51.683+0000] {processor.py:154} INFO - Started process (PID=5684) to work on /opt/airflow/dags/groups/group_downloads.py
[2024-09-13T09:30:51.684+0000] {processor.py:756} INFO - Processing file /opt/airflow/dags/groups/group_downloads.py for tasks to queue
[2024-09-13T09:30:51.685+0000] {logging_mixin.py:120} INFO - [2024-09-13T09:30:51.685+0000] {dagbag.py:537} INFO - Filling up the DagBag from /opt/airflow/dags/groups/group_downloads.py
[2024-09-13T09:30:51.706+0000] {processor.py:768} WARNING - No viable dags retrieved from /opt/airflow/dags/groups/group_downloads.py
[2024-09-13T09:30:51.725+0000] {processor.py:176} INFO - Processing /opt/airflow/dags/groups/group_downloads.py took 0.048 seconds
[2024-09-13T09:31:22.370+0000] {processor.py:154} INFO - Started process (PID=5720) to work on /opt/airflow/dags/groups/group_downloads.py
[2024-09-13T09:31:22.371+0000] {processor.py:756} INFO - Processing file /opt/airflow/dags/groups/group_downloads.py for tasks to queue
[2024-09-13T09:31:22.372+0000] {logging_mixin.py:120} INFO - [2024-09-13T09:31:22.372+0000] {dagbag.py:537} INFO - Filling up the DagBag from /opt/airflow/dags/groups/group_downloads.py
[2024-09-13T09:31:22.391+0000] {processor.py:768} WARNING - No viable dags retrieved from /opt/airflow/dags/groups/group_downloads.py
[2024-09-13T09:31:22.412+0000] {processor.py:176} INFO - Processing /opt/airflow/dags/groups/group_downloads.py took 0.046 seconds
[2024-09-13T09:31:52.787+0000] {processor.py:154} INFO - Started process (PID=5754) to work on /opt/airflow/dags/groups/group_downloads.py
[2024-09-13T09:31:52.788+0000] {processor.py:756} INFO - Processing file /opt/airflow/dags/groups/group_downloads.py for tasks to queue
[2024-09-13T09:31:52.789+0000] {logging_mixin.py:120} INFO - [2024-09-13T09:31:52.789+0000] {dagbag.py:537} INFO - Filling up the DagBag from /opt/airflow/dags/groups/group_downloads.py
[2024-09-13T09:31:52.824+0000] {processor.py:768} WARNING - No viable dags retrieved from /opt/airflow/dags/groups/group_downloads.py
[2024-09-13T09:31:52.847+0000] {processor.py:176} INFO - Processing /opt/airflow/dags/groups/group_downloads.py took 0.064 seconds
[2024-09-13T09:32:23.293+0000] {processor.py:154} INFO - Started process (PID=5783) to work on /opt/airflow/dags/groups/group_downloads.py
[2024-09-13T09:32:23.295+0000] {processor.py:756} INFO - Processing file /opt/airflow/dags/groups/group_downloads.py for tasks to queue
[2024-09-13T09:32:23.297+0000] {logging_mixin.py:120} INFO - [2024-09-13T09:32:23.297+0000] {dagbag.py:537} INFO - Filling up the DagBag from /opt/airflow/dags/groups/group_downloads.py
[2024-09-13T09:32:23.322+0000] {processor.py:768} WARNING - No viable dags retrieved from /opt/airflow/dags/groups/group_downloads.py
[2024-09-13T09:32:23.337+0000] {processor.py:176} INFO - Processing /opt/airflow/dags/groups/group_downloads.py took 0.047 seconds
[2024-09-13T09:32:53.700+0000] {processor.py:154} INFO - Started process (PID=5810) to work on /opt/airflow/dags/groups/group_downloads.py
[2024-09-13T09:32:53.702+0000] {processor.py:756} INFO - Processing file /opt/airflow/dags/groups/group_downloads.py for tasks to queue
[2024-09-13T09:32:53.703+0000] {logging_mixin.py:120} INFO - [2024-09-13T09:32:53.703+0000] {dagbag.py:537} INFO - Filling up the DagBag from /opt/airflow/dags/groups/group_downloads.py
[2024-09-13T09:32:53.722+0000] {processor.py:768} WARNING - No viable dags retrieved from /opt/airflow/dags/groups/group_downloads.py
[2024-09-13T09:32:53.741+0000] {processor.py:176} INFO - Processing /opt/airflow/dags/groups/group_downloads.py took 0.043 seconds
[2024-09-13T09:33:23.962+0000] {processor.py:154} INFO - Started process (PID=5846) to work on /opt/airflow/dags/groups/group_downloads.py
[2024-09-13T09:33:23.963+0000] {processor.py:756} INFO - Processing file /opt/airflow/dags/groups/group_downloads.py for tasks to queue
[2024-09-13T09:33:23.964+0000] {logging_mixin.py:120} INFO - [2024-09-13T09:33:23.964+0000] {dagbag.py:537} INFO - Filling up the DagBag from /opt/airflow/dags/groups/group_downloads.py
[2024-09-13T09:33:23.982+0000] {processor.py:768} WARNING - No viable dags retrieved from /opt/airflow/dags/groups/group_downloads.py
[2024-09-13T09:33:24.004+0000] {processor.py:176} INFO - Processing /opt/airflow/dags/groups/group_downloads.py took 0.046 seconds
[2024-09-13T09:33:54.128+0000] {processor.py:154} INFO - Started process (PID=5883) to work on /opt/airflow/dags/groups/group_downloads.py
[2024-09-13T09:33:54.129+0000] {processor.py:756} INFO - Processing file /opt/airflow/dags/groups/group_downloads.py for tasks to queue
[2024-09-13T09:33:54.130+0000] {logging_mixin.py:120} INFO - [2024-09-13T09:33:54.130+0000] {dagbag.py:537} INFO - Filling up the DagBag from /opt/airflow/dags/groups/group_downloads.py
[2024-09-13T09:33:54.254+0000] {processor.py:768} WARNING - No viable dags retrieved from /opt/airflow/dags/groups/group_downloads.py
[2024-09-13T09:33:54.270+0000] {processor.py:176} INFO - Processing /opt/airflow/dags/groups/group_downloads.py took 0.146 seconds
[2024-09-13T09:34:26.026+0000] {processor.py:154} INFO - Started process (PID=5910) to work on /opt/airflow/dags/groups/group_downloads.py
[2024-09-13T09:34:26.027+0000] {processor.py:756} INFO - Processing file /opt/airflow/dags/groups/group_downloads.py for tasks to queue
[2024-09-13T09:34:26.029+0000] {logging_mixin.py:120} INFO - [2024-09-13T09:34:26.029+0000] {dagbag.py:537} INFO - Filling up the DagBag from /opt/airflow/dags/groups/group_downloads.py
[2024-09-13T09:34:26.449+0000] {processor.py:768} WARNING - No viable dags retrieved from /opt/airflow/dags/groups/group_downloads.py
[2024-09-13T09:34:26.474+0000] {processor.py:176} INFO - Processing /opt/airflow/dags/groups/group_downloads.py took 0.455 seconds
[2024-09-13T09:34:56.889+0000] {processor.py:154} INFO - Started process (PID=5946) to work on /opt/airflow/dags/groups/group_downloads.py
[2024-09-13T09:34:56.892+0000] {processor.py:756} INFO - Processing file /opt/airflow/dags/groups/group_downloads.py for tasks to queue
[2024-09-13T09:34:56.902+0000] {logging_mixin.py:120} INFO - [2024-09-13T09:34:56.902+0000] {dagbag.py:537} INFO - Filling up the DagBag from /opt/airflow/dags/groups/group_downloads.py
[2024-09-13T09:34:57.473+0000] {processor.py:768} WARNING - No viable dags retrieved from /opt/airflow/dags/groups/group_downloads.py
[2024-09-13T09:34:57.613+0000] {processor.py:176} INFO - Processing /opt/airflow/dags/groups/group_downloads.py took 0.730 seconds
[2024-09-13T09:35:28.441+0000] {processor.py:154} INFO - Started process (PID=5982) to work on /opt/airflow/dags/groups/group_downloads.py
[2024-09-13T09:35:28.444+0000] {processor.py:756} INFO - Processing file /opt/airflow/dags/groups/group_downloads.py for tasks to queue
[2024-09-13T09:35:28.446+0000] {logging_mixin.py:120} INFO - [2024-09-13T09:35:28.446+0000] {dagbag.py:537} INFO - Filling up the DagBag from /opt/airflow/dags/groups/group_downloads.py
[2024-09-13T09:35:28.495+0000] {processor.py:768} WARNING - No viable dags retrieved from /opt/airflow/dags/groups/group_downloads.py
[2024-09-13T09:35:28.518+0000] {processor.py:176} INFO - Processing /opt/airflow/dags/groups/group_downloads.py took 0.080 seconds
[2024-09-13T09:35:59.160+0000] {processor.py:154} INFO - Started process (PID=6009) to work on /opt/airflow/dags/groups/group_downloads.py
[2024-09-13T09:35:59.162+0000] {processor.py:756} INFO - Processing file /opt/airflow/dags/groups/group_downloads.py for tasks to queue
[2024-09-13T09:35:59.163+0000] {logging_mixin.py:120} INFO - [2024-09-13T09:35:59.163+0000] {dagbag.py:537} INFO - Filling up the DagBag from /opt/airflow/dags/groups/group_downloads.py
[2024-09-13T09:35:59.576+0000] {processor.py:768} WARNING - No viable dags retrieved from /opt/airflow/dags/groups/group_downloads.py
[2024-09-13T09:35:59.594+0000] {processor.py:176} INFO - Processing /opt/airflow/dags/groups/group_downloads.py took 0.437 seconds
[2024-09-13T09:36:30.709+0000] {processor.py:154} INFO - Started process (PID=6045) to work on /opt/airflow/dags/groups/group_downloads.py
[2024-09-13T09:36:30.710+0000] {processor.py:756} INFO - Processing file /opt/airflow/dags/groups/group_downloads.py for tasks to queue
[2024-09-13T09:36:30.711+0000] {logging_mixin.py:120} INFO - [2024-09-13T09:36:30.711+0000] {dagbag.py:537} INFO - Filling up the DagBag from /opt/airflow/dags/groups/group_downloads.py
[2024-09-13T09:36:30.772+0000] {processor.py:768} WARNING - No viable dags retrieved from /opt/airflow/dags/groups/group_downloads.py
[2024-09-13T09:36:30.787+0000] {processor.py:176} INFO - Processing /opt/airflow/dags/groups/group_downloads.py took 0.081 seconds
[2024-09-13T09:37:01.931+0000] {processor.py:154} INFO - Started process (PID=6081) to work on /opt/airflow/dags/groups/group_downloads.py
[2024-09-13T09:37:01.933+0000] {processor.py:756} INFO - Processing file /opt/airflow/dags/groups/group_downloads.py for tasks to queue
[2024-09-13T09:37:01.935+0000] {logging_mixin.py:120} INFO - [2024-09-13T09:37:01.934+0000] {dagbag.py:537} INFO - Filling up the DagBag from /opt/airflow/dags/groups/group_downloads.py
[2024-09-13T09:37:01.967+0000] {processor.py:768} WARNING - No viable dags retrieved from /opt/airflow/dags/groups/group_downloads.py
[2024-09-13T09:37:01.986+0000] {processor.py:176} INFO - Processing /opt/airflow/dags/groups/group_downloads.py took 0.059 seconds
[2024-09-13T09:37:32.722+0000] {processor.py:154} INFO - Started process (PID=6107) to work on /opt/airflow/dags/groups/group_downloads.py
[2024-09-13T09:37:32.723+0000] {processor.py:756} INFO - Processing file /opt/airflow/dags/groups/group_downloads.py for tasks to queue
[2024-09-13T09:37:32.725+0000] {logging_mixin.py:120} INFO - [2024-09-13T09:37:32.724+0000] {dagbag.py:537} INFO - Filling up the DagBag from /opt/airflow/dags/groups/group_downloads.py
[2024-09-13T09:37:32.883+0000] {processor.py:768} WARNING - No viable dags retrieved from /opt/airflow/dags/groups/group_downloads.py
[2024-09-13T09:37:32.901+0000] {processor.py:176} INFO - Processing /opt/airflow/dags/groups/group_downloads.py took 0.183 seconds
[2024-09-13T09:38:03.740+0000] {processor.py:154} INFO - Started process (PID=6143) to work on /opt/airflow/dags/groups/group_downloads.py
[2024-09-13T09:38:03.742+0000] {processor.py:756} INFO - Processing file /opt/airflow/dags/groups/group_downloads.py for tasks to queue
[2024-09-13T09:38:03.744+0000] {logging_mixin.py:120} INFO - [2024-09-13T09:38:03.744+0000] {dagbag.py:537} INFO - Filling up the DagBag from /opt/airflow/dags/groups/group_downloads.py
[2024-09-13T09:38:03.795+0000] {processor.py:768} WARNING - No viable dags retrieved from /opt/airflow/dags/groups/group_downloads.py
[2024-09-13T09:38:03.812+0000] {processor.py:176} INFO - Processing /opt/airflow/dags/groups/group_downloads.py took 0.078 seconds
[2024-09-13T09:38:34.755+0000] {processor.py:154} INFO - Started process (PID=6179) to work on /opt/airflow/dags/groups/group_downloads.py
[2024-09-13T09:38:34.757+0000] {processor.py:756} INFO - Processing file /opt/airflow/dags/groups/group_downloads.py for tasks to queue
[2024-09-13T09:38:34.759+0000] {logging_mixin.py:120} INFO - [2024-09-13T09:38:34.759+0000] {dagbag.py:537} INFO - Filling up the DagBag from /opt/airflow/dags/groups/group_downloads.py
[2024-09-13T09:38:34.782+0000] {processor.py:768} WARNING - No viable dags retrieved from /opt/airflow/dags/groups/group_downloads.py
[2024-09-13T09:38:34.805+0000] {processor.py:176} INFO - Processing /opt/airflow/dags/groups/group_downloads.py took 0.056 seconds
[2024-09-13T09:39:05.143+0000] {processor.py:154} INFO - Started process (PID=6205) to work on /opt/airflow/dags/groups/group_downloads.py
[2024-09-13T09:39:05.145+0000] {processor.py:756} INFO - Processing file /opt/airflow/dags/groups/group_downloads.py for tasks to queue
[2024-09-13T09:39:05.146+0000] {logging_mixin.py:120} INFO - [2024-09-13T09:39:05.145+0000] {dagbag.py:537} INFO - Filling up the DagBag from /opt/airflow/dags/groups/group_downloads.py
[2024-09-13T09:39:05.300+0000] {processor.py:768} WARNING - No viable dags retrieved from /opt/airflow/dags/groups/group_downloads.py
[2024-09-13T09:39:05.331+0000] {processor.py:176} INFO - Processing /opt/airflow/dags/groups/group_downloads.py took 0.191 seconds
[2024-09-13T09:39:36.141+0000] {processor.py:154} INFO - Started process (PID=6241) to work on /opt/airflow/dags/groups/group_downloads.py
[2024-09-13T09:39:36.181+0000] {processor.py:756} INFO - Processing file /opt/airflow/dags/groups/group_downloads.py for tasks to queue
[2024-09-13T09:39:36.201+0000] {logging_mixin.py:120} INFO - [2024-09-13T09:39:36.200+0000] {dagbag.py:537} INFO - Filling up the DagBag from /opt/airflow/dags/groups/group_downloads.py
[2024-09-13T09:39:36.289+0000] {processor.py:768} WARNING - No viable dags retrieved from /opt/airflow/dags/groups/group_downloads.py
[2024-09-13T09:39:36.304+0000] {processor.py:176} INFO - Processing /opt/airflow/dags/groups/group_downloads.py took 0.166 seconds
[2024-09-13T09:40:06.948+0000] {processor.py:154} INFO - Started process (PID=6268) to work on /opt/airflow/dags/groups/group_downloads.py
[2024-09-13T09:40:06.949+0000] {processor.py:756} INFO - Processing file /opt/airflow/dags/groups/group_downloads.py for tasks to queue
[2024-09-13T09:40:06.950+0000] {logging_mixin.py:120} INFO - [2024-09-13T09:40:06.950+0000] {dagbag.py:537} INFO - Filling up the DagBag from /opt/airflow/dags/groups/group_downloads.py
[2024-09-13T09:40:06.972+0000] {processor.py:768} WARNING - No viable dags retrieved from /opt/airflow/dags/groups/group_downloads.py
[2024-09-13T09:40:06.987+0000] {processor.py:176} INFO - Processing /opt/airflow/dags/groups/group_downloads.py took 0.042 seconds
[2024-09-13T09:40:37.593+0000] {processor.py:154} INFO - Started process (PID=6304) to work on /opt/airflow/dags/groups/group_downloads.py
[2024-09-13T09:40:37.596+0000] {processor.py:756} INFO - Processing file /opt/airflow/dags/groups/group_downloads.py for tasks to queue
[2024-09-13T09:40:37.604+0000] {logging_mixin.py:120} INFO - [2024-09-13T09:40:37.604+0000] {dagbag.py:537} INFO - Filling up the DagBag from /opt/airflow/dags/groups/group_downloads.py
[2024-09-13T09:40:37.717+0000] {processor.py:768} WARNING - No viable dags retrieved from /opt/airflow/dags/groups/group_downloads.py
[2024-09-13T09:40:37.766+0000] {processor.py:176} INFO - Processing /opt/airflow/dags/groups/group_downloads.py took 0.177 seconds
[2024-09-13T09:41:09.110+0000] {processor.py:154} INFO - Started process (PID=6329) to work on /opt/airflow/dags/groups/group_downloads.py
[2024-09-13T09:41:09.111+0000] {processor.py:756} INFO - Processing file /opt/airflow/dags/groups/group_downloads.py for tasks to queue
[2024-09-13T09:41:09.113+0000] {logging_mixin.py:120} INFO - [2024-09-13T09:41:09.113+0000] {dagbag.py:537} INFO - Filling up the DagBag from /opt/airflow/dags/groups/group_downloads.py
[2024-09-13T09:41:09.553+0000] {processor.py:768} WARNING - No viable dags retrieved from /opt/airflow/dags/groups/group_downloads.py
[2024-09-13T09:41:09.576+0000] {processor.py:176} INFO - Processing /opt/airflow/dags/groups/group_downloads.py took 0.470 seconds
[2024-09-13T09:41:40.233+0000] {processor.py:154} INFO - Started process (PID=6365) to work on /opt/airflow/dags/groups/group_downloads.py
[2024-09-13T09:41:40.235+0000] {processor.py:756} INFO - Processing file /opt/airflow/dags/groups/group_downloads.py for tasks to queue
[2024-09-13T09:41:40.236+0000] {logging_mixin.py:120} INFO - [2024-09-13T09:41:40.236+0000] {dagbag.py:537} INFO - Filling up the DagBag from /opt/airflow/dags/groups/group_downloads.py
[2024-09-13T09:41:40.460+0000] {processor.py:768} WARNING - No viable dags retrieved from /opt/airflow/dags/groups/group_downloads.py
[2024-09-13T09:41:40.487+0000] {processor.py:176} INFO - Processing /opt/airflow/dags/groups/group_downloads.py took 0.257 seconds
[2024-09-13T09:42:11.743+0000] {processor.py:154} INFO - Started process (PID=6401) to work on /opt/airflow/dags/groups/group_downloads.py
[2024-09-13T09:42:11.763+0000] {processor.py:756} INFO - Processing file /opt/airflow/dags/groups/group_downloads.py for tasks to queue
[2024-09-13T09:42:11.784+0000] {logging_mixin.py:120} INFO - [2024-09-13T09:42:11.784+0000] {dagbag.py:537} INFO - Filling up the DagBag from /opt/airflow/dags/groups/group_downloads.py
[2024-09-13T09:42:11.952+0000] {processor.py:768} WARNING - No viable dags retrieved from /opt/airflow/dags/groups/group_downloads.py
[2024-09-13T09:42:11.969+0000] {processor.py:176} INFO - Processing /opt/airflow/dags/groups/group_downloads.py took 0.230 seconds
[2024-09-13T09:42:42.938+0000] {processor.py:154} INFO - Started process (PID=6428) to work on /opt/airflow/dags/groups/group_downloads.py
[2024-09-13T09:42:42.966+0000] {processor.py:756} INFO - Processing file /opt/airflow/dags/groups/group_downloads.py for tasks to queue
[2024-09-13T09:42:43.014+0000] {logging_mixin.py:120} INFO - [2024-09-13T09:42:43.014+0000] {dagbag.py:537} INFO - Filling up the DagBag from /opt/airflow/dags/groups/group_downloads.py
[2024-09-13T09:42:43.767+0000] {processor.py:768} WARNING - No viable dags retrieved from /opt/airflow/dags/groups/group_downloads.py
[2024-09-13T09:42:43.781+0000] {processor.py:176} INFO - Processing /opt/airflow/dags/groups/group_downloads.py took 0.856 seconds
[2024-09-13T09:43:14.554+0000] {processor.py:154} INFO - Started process (PID=6464) to work on /opt/airflow/dags/groups/group_downloads.py
[2024-09-13T09:43:14.556+0000] {processor.py:756} INFO - Processing file /opt/airflow/dags/groups/group_downloads.py for tasks to queue
[2024-09-13T09:43:14.557+0000] {logging_mixin.py:120} INFO - [2024-09-13T09:43:14.557+0000] {dagbag.py:537} INFO - Filling up the DagBag from /opt/airflow/dags/groups/group_downloads.py
[2024-09-13T09:43:14.725+0000] {processor.py:768} WARNING - No viable dags retrieved from /opt/airflow/dags/groups/group_downloads.py
[2024-09-13T09:43:14.743+0000] {processor.py:176} INFO - Processing /opt/airflow/dags/groups/group_downloads.py took 0.194 seconds
[2024-09-13T09:43:45.763+0000] {processor.py:154} INFO - Started process (PID=6500) to work on /opt/airflow/dags/groups/group_downloads.py
[2024-09-13T09:43:45.781+0000] {processor.py:756} INFO - Processing file /opt/airflow/dags/groups/group_downloads.py for tasks to queue
[2024-09-13T09:43:45.788+0000] {logging_mixin.py:120} INFO - [2024-09-13T09:43:45.788+0000] {dagbag.py:537} INFO - Filling up the DagBag from /opt/airflow/dags/groups/group_downloads.py
[2024-09-13T09:43:45.949+0000] {processor.py:768} WARNING - No viable dags retrieved from /opt/airflow/dags/groups/group_downloads.py
[2024-09-13T09:43:45.977+0000] {processor.py:176} INFO - Processing /opt/airflow/dags/groups/group_downloads.py took 0.216 seconds
[2024-09-13T09:44:16.638+0000] {processor.py:154} INFO - Started process (PID=6527) to work on /opt/airflow/dags/groups/group_downloads.py
[2024-09-13T09:44:16.639+0000] {processor.py:756} INFO - Processing file /opt/airflow/dags/groups/group_downloads.py for tasks to queue
[2024-09-13T09:44:16.641+0000] {logging_mixin.py:120} INFO - [2024-09-13T09:44:16.640+0000] {dagbag.py:537} INFO - Filling up the DagBag from /opt/airflow/dags/groups/group_downloads.py
[2024-09-13T09:44:16.670+0000] {processor.py:768} WARNING - No viable dags retrieved from /opt/airflow/dags/groups/group_downloads.py
[2024-09-13T09:44:16.698+0000] {processor.py:176} INFO - Processing /opt/airflow/dags/groups/group_downloads.py took 0.069 seconds
[2024-09-13T09:44:47.190+0000] {processor.py:154} INFO - Started process (PID=6563) to work on /opt/airflow/dags/groups/group_downloads.py
[2024-09-13T09:44:47.242+0000] {processor.py:756} INFO - Processing file /opt/airflow/dags/groups/group_downloads.py for tasks to queue
[2024-09-13T09:44:47.264+0000] {logging_mixin.py:120} INFO - [2024-09-13T09:44:47.263+0000] {dagbag.py:537} INFO - Filling up the DagBag from /opt/airflow/dags/groups/group_downloads.py
[2024-09-13T09:44:47.412+0000] {processor.py:768} WARNING - No viable dags retrieved from /opt/airflow/dags/groups/group_downloads.py
[2024-09-13T09:44:47.487+0000] {processor.py:176} INFO - Processing /opt/airflow/dags/groups/group_downloads.py took 0.301 seconds
[2024-09-13T09:45:18.778+0000] {processor.py:154} INFO - Started process (PID=6590) to work on /opt/airflow/dags/groups/group_downloads.py
[2024-09-13T09:45:18.779+0000] {processor.py:756} INFO - Processing file /opt/airflow/dags/groups/group_downloads.py for tasks to queue
[2024-09-13T09:45:18.780+0000] {logging_mixin.py:120} INFO - [2024-09-13T09:45:18.779+0000] {dagbag.py:537} INFO - Filling up the DagBag from /opt/airflow/dags/groups/group_downloads.py
[2024-09-13T09:45:18.796+0000] {processor.py:768} WARNING - No viable dags retrieved from /opt/airflow/dags/groups/group_downloads.py
[2024-09-13T09:45:18.810+0000] {processor.py:176} INFO - Processing /opt/airflow/dags/groups/group_downloads.py took 0.035 seconds
[2024-09-13T09:45:49.376+0000] {processor.py:154} INFO - Started process (PID=6626) to work on /opt/airflow/dags/groups/group_downloads.py
[2024-09-13T09:45:49.378+0000] {processor.py:756} INFO - Processing file /opt/airflow/dags/groups/group_downloads.py for tasks to queue
[2024-09-13T09:45:49.379+0000] {logging_mixin.py:120} INFO - [2024-09-13T09:45:49.379+0000] {dagbag.py:537} INFO - Filling up the DagBag from /opt/airflow/dags/groups/group_downloads.py
[2024-09-13T09:45:49.512+0000] {processor.py:768} WARNING - No viable dags retrieved from /opt/airflow/dags/groups/group_downloads.py
[2024-09-13T09:45:49.528+0000] {processor.py:176} INFO - Processing /opt/airflow/dags/groups/group_downloads.py took 0.158 seconds
[2024-09-13T09:46:20.206+0000] {processor.py:154} INFO - Started process (PID=6663) to work on /opt/airflow/dags/groups/group_downloads.py
[2024-09-13T09:46:20.209+0000] {processor.py:756} INFO - Processing file /opt/airflow/dags/groups/group_downloads.py for tasks to queue
[2024-09-13T09:46:20.211+0000] {logging_mixin.py:120} INFO - [2024-09-13T09:46:20.210+0000] {dagbag.py:537} INFO - Filling up the DagBag from /opt/airflow/dags/groups/group_downloads.py
[2024-09-13T09:46:20.306+0000] {processor.py:768} WARNING - No viable dags retrieved from /opt/airflow/dags/groups/group_downloads.py
[2024-09-13T09:46:20.323+0000] {processor.py:176} INFO - Processing /opt/airflow/dags/groups/group_downloads.py took 0.121 seconds
[2024-09-13T09:46:51.693+0000] {processor.py:154} INFO - Started process (PID=6690) to work on /opt/airflow/dags/groups/group_downloads.py
[2024-09-13T09:46:51.694+0000] {processor.py:756} INFO - Processing file /opt/airflow/dags/groups/group_downloads.py for tasks to queue
[2024-09-13T09:46:51.697+0000] {logging_mixin.py:120} INFO - [2024-09-13T09:46:51.697+0000] {dagbag.py:537} INFO - Filling up the DagBag from /opt/airflow/dags/groups/group_downloads.py
[2024-09-13T09:46:51.715+0000] {processor.py:768} WARNING - No viable dags retrieved from /opt/airflow/dags/groups/group_downloads.py
[2024-09-13T09:46:51.733+0000] {processor.py:176} INFO - Processing /opt/airflow/dags/groups/group_downloads.py took 0.044 seconds
[2024-09-13T09:47:21.838+0000] {processor.py:154} INFO - Started process (PID=6725) to work on /opt/airflow/dags/groups/group_downloads.py
[2024-09-13T09:47:21.842+0000] {processor.py:756} INFO - Processing file /opt/airflow/dags/groups/group_downloads.py for tasks to queue
[2024-09-13T09:47:21.846+0000] {logging_mixin.py:120} INFO - [2024-09-13T09:47:21.846+0000] {dagbag.py:537} INFO - Filling up the DagBag from /opt/airflow/dags/groups/group_downloads.py
[2024-09-13T09:47:21.902+0000] {processor.py:768} WARNING - No viable dags retrieved from /opt/airflow/dags/groups/group_downloads.py
[2024-09-13T09:47:21.916+0000] {processor.py:176} INFO - Processing /opt/airflow/dags/groups/group_downloads.py took 0.080 seconds
[2024-09-13T09:47:51.987+0000] {processor.py:154} INFO - Started process (PID=6752) to work on /opt/airflow/dags/groups/group_downloads.py
[2024-09-13T09:47:51.988+0000] {processor.py:756} INFO - Processing file /opt/airflow/dags/groups/group_downloads.py for tasks to queue
[2024-09-13T09:47:51.989+0000] {logging_mixin.py:120} INFO - [2024-09-13T09:47:51.989+0000] {dagbag.py:537} INFO - Filling up the DagBag from /opt/airflow/dags/groups/group_downloads.py
[2024-09-13T09:47:52.006+0000] {processor.py:768} WARNING - No viable dags retrieved from /opt/airflow/dags/groups/group_downloads.py
[2024-09-13T09:47:52.028+0000] {processor.py:176} INFO - Processing /opt/airflow/dags/groups/group_downloads.py took 0.044 seconds
[2024-09-13T09:48:22.085+0000] {processor.py:154} INFO - Started process (PID=6788) to work on /opt/airflow/dags/groups/group_downloads.py
[2024-09-13T09:48:22.123+0000] {processor.py:756} INFO - Processing file /opt/airflow/dags/groups/group_downloads.py for tasks to queue
[2024-09-13T09:48:22.125+0000] {logging_mixin.py:120} INFO - [2024-09-13T09:48:22.125+0000] {dagbag.py:537} INFO - Filling up the DagBag from /opt/airflow/dags/groups/group_downloads.py
[2024-09-13T09:48:22.151+0000] {processor.py:768} WARNING - No viable dags retrieved from /opt/airflow/dags/groups/group_downloads.py
[2024-09-13T09:48:22.168+0000] {processor.py:176} INFO - Processing /opt/airflow/dags/groups/group_downloads.py took 0.087 seconds
[2024-09-13T09:48:52.823+0000] {processor.py:154} INFO - Started process (PID=6815) to work on /opt/airflow/dags/groups/group_downloads.py
[2024-09-13T09:48:52.890+0000] {processor.py:756} INFO - Processing file /opt/airflow/dags/groups/group_downloads.py for tasks to queue
[2024-09-13T09:48:52.944+0000] {logging_mixin.py:120} INFO - [2024-09-13T09:48:52.944+0000] {dagbag.py:537} INFO - Filling up the DagBag from /opt/airflow/dags/groups/group_downloads.py
[2024-09-13T09:48:53.219+0000] {processor.py:768} WARNING - No viable dags retrieved from /opt/airflow/dags/groups/group_downloads.py
[2024-09-13T09:48:53.241+0000] {processor.py:176} INFO - Processing /opt/airflow/dags/groups/group_downloads.py took 0.420 seconds
[2024-09-13T09:49:24.123+0000] {processor.py:154} INFO - Started process (PID=6850) to work on /opt/airflow/dags/groups/group_downloads.py
[2024-09-13T09:49:24.125+0000] {processor.py:756} INFO - Processing file /opt/airflow/dags/groups/group_downloads.py for tasks to queue
[2024-09-13T09:49:24.126+0000] {logging_mixin.py:120} INFO - [2024-09-13T09:49:24.126+0000] {dagbag.py:537} INFO - Filling up the DagBag from /opt/airflow/dags/groups/group_downloads.py
[2024-09-13T09:49:24.169+0000] {processor.py:768} WARNING - No viable dags retrieved from /opt/airflow/dags/groups/group_downloads.py
[2024-09-13T09:49:24.183+0000] {processor.py:176} INFO - Processing /opt/airflow/dags/groups/group_downloads.py took 0.063 seconds
[2024-09-13T09:49:54.769+0000] {processor.py:154} INFO - Started process (PID=6886) to work on /opt/airflow/dags/groups/group_downloads.py
[2024-09-13T09:49:54.771+0000] {processor.py:756} INFO - Processing file /opt/airflow/dags/groups/group_downloads.py for tasks to queue
[2024-09-13T09:49:54.771+0000] {logging_mixin.py:120} INFO - [2024-09-13T09:49:54.771+0000] {dagbag.py:537} INFO - Filling up the DagBag from /opt/airflow/dags/groups/group_downloads.py
[2024-09-13T09:49:54.800+0000] {processor.py:768} WARNING - No viable dags retrieved from /opt/airflow/dags/groups/group_downloads.py
[2024-09-13T09:49:54.817+0000] {processor.py:176} INFO - Processing /opt/airflow/dags/groups/group_downloads.py took 0.051 seconds
[2024-09-13T09:50:24.994+0000] {processor.py:154} INFO - Started process (PID=6913) to work on /opt/airflow/dags/groups/group_downloads.py
[2024-09-13T09:50:24.996+0000] {processor.py:756} INFO - Processing file /opt/airflow/dags/groups/group_downloads.py for tasks to queue
[2024-09-13T09:50:24.997+0000] {logging_mixin.py:120} INFO - [2024-09-13T09:50:24.997+0000] {dagbag.py:537} INFO - Filling up the DagBag from /opt/airflow/dags/groups/group_downloads.py
[2024-09-13T09:50:25.028+0000] {processor.py:768} WARNING - No viable dags retrieved from /opt/airflow/dags/groups/group_downloads.py
[2024-09-13T09:50:25.055+0000] {processor.py:176} INFO - Processing /opt/airflow/dags/groups/group_downloads.py took 0.067 seconds
[2024-09-13T09:50:55.940+0000] {processor.py:154} INFO - Started process (PID=6949) to work on /opt/airflow/dags/groups/group_downloads.py
[2024-09-13T09:50:55.942+0000] {processor.py:756} INFO - Processing file /opt/airflow/dags/groups/group_downloads.py for tasks to queue
[2024-09-13T09:50:55.943+0000] {logging_mixin.py:120} INFO - [2024-09-13T09:50:55.943+0000] {dagbag.py:537} INFO - Filling up the DagBag from /opt/airflow/dags/groups/group_downloads.py
[2024-09-13T09:50:55.985+0000] {processor.py:768} WARNING - No viable dags retrieved from /opt/airflow/dags/groups/group_downloads.py
[2024-09-13T09:50:56.006+0000] {processor.py:176} INFO - Processing /opt/airflow/dags/groups/group_downloads.py took 0.071 seconds
[2024-09-13T09:51:26.914+0000] {processor.py:154} INFO - Started process (PID=6985) to work on /opt/airflow/dags/groups/group_downloads.py
[2024-09-13T09:51:26.916+0000] {processor.py:756} INFO - Processing file /opt/airflow/dags/groups/group_downloads.py for tasks to queue
[2024-09-13T09:51:26.917+0000] {logging_mixin.py:120} INFO - [2024-09-13T09:51:26.917+0000] {dagbag.py:537} INFO - Filling up the DagBag from /opt/airflow/dags/groups/group_downloads.py
[2024-09-13T09:51:27.068+0000] {processor.py:768} WARNING - No viable dags retrieved from /opt/airflow/dags/groups/group_downloads.py
[2024-09-13T09:51:27.093+0000] {processor.py:176} INFO - Processing /opt/airflow/dags/groups/group_downloads.py took 0.184 seconds
[2024-09-13T09:51:58.111+0000] {processor.py:154} INFO - Started process (PID=7013) to work on /opt/airflow/dags/groups/group_downloads.py
[2024-09-13T09:51:58.112+0000] {processor.py:756} INFO - Processing file /opt/airflow/dags/groups/group_downloads.py for tasks to queue
[2024-09-13T09:51:58.113+0000] {logging_mixin.py:120} INFO - [2024-09-13T09:51:58.113+0000] {dagbag.py:537} INFO - Filling up the DagBag from /opt/airflow/dags/groups/group_downloads.py
[2024-09-13T09:51:58.500+0000] {processor.py:768} WARNING - No viable dags retrieved from /opt/airflow/dags/groups/group_downloads.py
[2024-09-13T09:51:58.523+0000] {processor.py:176} INFO - Processing /opt/airflow/dags/groups/group_downloads.py took 0.415 seconds
[2024-09-13T09:52:30.249+0000] {processor.py:154} INFO - Started process (PID=7049) to work on /opt/airflow/dags/groups/group_downloads.py
[2024-09-13T09:52:30.255+0000] {processor.py:756} INFO - Processing file /opt/airflow/dags/groups/group_downloads.py for tasks to queue
[2024-09-13T09:52:30.260+0000] {logging_mixin.py:120} INFO - [2024-09-13T09:52:30.260+0000] {dagbag.py:537} INFO - Filling up the DagBag from /opt/airflow/dags/groups/group_downloads.py
[2024-09-13T09:52:30.288+0000] {processor.py:768} WARNING - No viable dags retrieved from /opt/airflow/dags/groups/group_downloads.py
[2024-09-13T09:52:30.310+0000] {processor.py:176} INFO - Processing /opt/airflow/dags/groups/group_downloads.py took 0.071 seconds
[2024-09-13T09:53:03.079+0000] {processor.py:154} INFO - Started process (PID=7085) to work on /opt/airflow/dags/groups/group_downloads.py
[2024-09-13T09:53:03.262+0000] {processor.py:756} INFO - Processing file /opt/airflow/dags/groups/group_downloads.py for tasks to queue
[2024-09-13T09:53:03.403+0000] {logging_mixin.py:120} INFO - [2024-09-13T09:53:03.402+0000] {dagbag.py:537} INFO - Filling up the DagBag from /opt/airflow/dags/groups/group_downloads.py
[2024-09-13T09:53:03.553+0000] {processor.py:768} WARNING - No viable dags retrieved from /opt/airflow/dags/groups/group_downloads.py
[2024-09-13T09:53:03.568+0000] {processor.py:176} INFO - Processing /opt/airflow/dags/groups/group_downloads.py took 0.494 seconds
[2024-09-13T09:53:35.132+0000] {processor.py:154} INFO - Started process (PID=7112) to work on /opt/airflow/dags/groups/group_downloads.py
[2024-09-13T09:53:35.133+0000] {processor.py:756} INFO - Processing file /opt/airflow/dags/groups/group_downloads.py for tasks to queue
[2024-09-13T09:53:35.136+0000] {logging_mixin.py:120} INFO - [2024-09-13T09:53:35.136+0000] {dagbag.py:537} INFO - Filling up the DagBag from /opt/airflow/dags/groups/group_downloads.py
[2024-09-13T09:53:35.161+0000] {processor.py:768} WARNING - No viable dags retrieved from /opt/airflow/dags/groups/group_downloads.py
[2024-09-13T09:53:35.190+0000] {processor.py:176} INFO - Processing /opt/airflow/dags/groups/group_downloads.py took 0.062 seconds
[2024-09-13T09:54:05.948+0000] {processor.py:154} INFO - Started process (PID=7148) to work on /opt/airflow/dags/groups/group_downloads.py
[2024-09-13T09:54:05.949+0000] {processor.py:756} INFO - Processing file /opt/airflow/dags/groups/group_downloads.py for tasks to queue
[2024-09-13T09:54:05.950+0000] {logging_mixin.py:120} INFO - [2024-09-13T09:54:05.950+0000] {dagbag.py:537} INFO - Filling up the DagBag from /opt/airflow/dags/groups/group_downloads.py
[2024-09-13T09:54:05.982+0000] {processor.py:768} WARNING - No viable dags retrieved from /opt/airflow/dags/groups/group_downloads.py
[2024-09-13T09:54:06.000+0000] {processor.py:176} INFO - Processing /opt/airflow/dags/groups/group_downloads.py took 0.057 seconds
[2024-09-13T09:54:36.558+0000] {processor.py:154} INFO - Started process (PID=7184) to work on /opt/airflow/dags/groups/group_downloads.py
[2024-09-13T09:54:36.561+0000] {processor.py:756} INFO - Processing file /opt/airflow/dags/groups/group_downloads.py for tasks to queue
[2024-09-13T09:54:36.564+0000] {logging_mixin.py:120} INFO - [2024-09-13T09:54:36.564+0000] {dagbag.py:537} INFO - Filling up the DagBag from /opt/airflow/dags/groups/group_downloads.py
[2024-09-13T09:54:36.637+0000] {processor.py:768} WARNING - No viable dags retrieved from /opt/airflow/dags/groups/group_downloads.py
[2024-09-13T09:54:36.665+0000] {processor.py:176} INFO - Processing /opt/airflow/dags/groups/group_downloads.py took 0.111 seconds
[2024-09-13T09:55:07.568+0000] {processor.py:154} INFO - Started process (PID=7211) to work on /opt/airflow/dags/groups/group_downloads.py
[2024-09-13T09:55:07.570+0000] {processor.py:756} INFO - Processing file /opt/airflow/dags/groups/group_downloads.py for tasks to queue
[2024-09-13T09:55:07.571+0000] {logging_mixin.py:120} INFO - [2024-09-13T09:55:07.571+0000] {dagbag.py:537} INFO - Filling up the DagBag from /opt/airflow/dags/groups/group_downloads.py
[2024-09-13T09:55:07.596+0000] {processor.py:768} WARNING - No viable dags retrieved from /opt/airflow/dags/groups/group_downloads.py
[2024-09-13T09:55:07.608+0000] {processor.py:176} INFO - Processing /opt/airflow/dags/groups/group_downloads.py took 0.043 seconds
[2024-09-13T09:55:38.171+0000] {processor.py:154} INFO - Started process (PID=7249) to work on /opt/airflow/dags/groups/group_downloads.py
[2024-09-13T09:55:38.179+0000] {processor.py:756} INFO - Processing file /opt/airflow/dags/groups/group_downloads.py for tasks to queue
[2024-09-13T09:55:38.306+0000] {logging_mixin.py:120} INFO - [2024-09-13T09:55:38.306+0000] {dagbag.py:537} INFO - Filling up the DagBag from /opt/airflow/dags/groups/group_downloads.py
[2024-09-13T09:55:38.493+0000] {processor.py:768} WARNING - No viable dags retrieved from /opt/airflow/dags/groups/group_downloads.py
[2024-09-13T09:55:38.512+0000] {processor.py:176} INFO - Processing /opt/airflow/dags/groups/group_downloads.py took 0.344 seconds
[2024-09-13T09:56:09.656+0000] {processor.py:154} INFO - Started process (PID=7276) to work on /opt/airflow/dags/groups/group_downloads.py
[2024-09-13T09:56:09.702+0000] {processor.py:756} INFO - Processing file /opt/airflow/dags/groups/group_downloads.py for tasks to queue
[2024-09-13T09:56:09.704+0000] {logging_mixin.py:120} INFO - [2024-09-13T09:56:09.704+0000] {dagbag.py:537} INFO - Filling up the DagBag from /opt/airflow/dags/groups/group_downloads.py
[2024-09-13T09:56:09.817+0000] {processor.py:768} WARNING - No viable dags retrieved from /opt/airflow/dags/groups/group_downloads.py
[2024-09-13T09:56:09.853+0000] {processor.py:176} INFO - Processing /opt/airflow/dags/groups/group_downloads.py took 0.202 seconds
[2024-09-13T09:56:40.957+0000] {processor.py:154} INFO - Started process (PID=7312) to work on /opt/airflow/dags/groups/group_downloads.py
[2024-09-13T09:56:40.966+0000] {processor.py:756} INFO - Processing file /opt/airflow/dags/groups/group_downloads.py for tasks to queue
[2024-09-13T09:56:41.088+0000] {logging_mixin.py:120} INFO - [2024-09-13T09:56:41.087+0000] {dagbag.py:537} INFO - Filling up the DagBag from /opt/airflow/dags/groups/group_downloads.py
[2024-09-13T09:56:41.254+0000] {processor.py:768} WARNING - No viable dags retrieved from /opt/airflow/dags/groups/group_downloads.py
[2024-09-13T09:56:41.276+0000] {processor.py:176} INFO - Processing /opt/airflow/dags/groups/group_downloads.py took 0.324 seconds
[2024-09-13T09:57:11.495+0000] {processor.py:154} INFO - Started process (PID=7346) to work on /opt/airflow/dags/groups/group_downloads.py
[2024-09-13T09:57:11.498+0000] {processor.py:756} INFO - Processing file /opt/airflow/dags/groups/group_downloads.py for tasks to queue
[2024-09-13T09:57:11.501+0000] {logging_mixin.py:120} INFO - [2024-09-13T09:57:11.501+0000] {dagbag.py:537} INFO - Filling up the DagBag from /opt/airflow/dags/groups/group_downloads.py
[2024-09-13T09:57:11.581+0000] {processor.py:768} WARNING - No viable dags retrieved from /opt/airflow/dags/groups/group_downloads.py
[2024-09-13T09:57:11.607+0000] {processor.py:176} INFO - Processing /opt/airflow/dags/groups/group_downloads.py took 0.116 seconds
[2024-09-13T09:57:41.739+0000] {processor.py:154} INFO - Started process (PID=7373) to work on /opt/airflow/dags/groups/group_downloads.py
[2024-09-13T09:57:41.743+0000] {processor.py:756} INFO - Processing file /opt/airflow/dags/groups/group_downloads.py for tasks to queue
[2024-09-13T09:57:41.745+0000] {logging_mixin.py:120} INFO - [2024-09-13T09:57:41.744+0000] {dagbag.py:537} INFO - Filling up the DagBag from /opt/airflow/dags/groups/group_downloads.py
[2024-09-13T09:57:41.773+0000] {processor.py:768} WARNING - No viable dags retrieved from /opt/airflow/dags/groups/group_downloads.py
[2024-09-13T09:57:41.800+0000] {processor.py:176} INFO - Processing /opt/airflow/dags/groups/group_downloads.py took 0.066 seconds
[2024-09-13T09:58:12.703+0000] {processor.py:154} INFO - Started process (PID=7408) to work on /opt/airflow/dags/groups/group_downloads.py
[2024-09-13T09:58:12.716+0000] {processor.py:756} INFO - Processing file /opt/airflow/dags/groups/group_downloads.py for tasks to queue
[2024-09-13T09:58:12.850+0000] {logging_mixin.py:120} INFO - [2024-09-13T09:58:12.850+0000] {dagbag.py:537} INFO - Filling up the DagBag from /opt/airflow/dags/groups/group_downloads.py
[2024-09-13T09:58:13.493+0000] {processor.py:768} WARNING - No viable dags retrieved from /opt/airflow/dags/groups/group_downloads.py
[2024-09-13T09:58:13.541+0000] {processor.py:176} INFO - Processing /opt/airflow/dags/groups/group_downloads.py took 0.846 seconds
[2024-09-13T09:58:44.191+0000] {processor.py:154} INFO - Started process (PID=7435) to work on /opt/airflow/dags/groups/group_downloads.py
[2024-09-13T09:58:44.193+0000] {processor.py:756} INFO - Processing file /opt/airflow/dags/groups/group_downloads.py for tasks to queue
[2024-09-13T09:58:44.196+0000] {logging_mixin.py:120} INFO - [2024-09-13T09:58:44.195+0000] {dagbag.py:537} INFO - Filling up the DagBag from /opt/airflow/dags/groups/group_downloads.py
[2024-09-13T09:58:44.253+0000] {processor.py:768} WARNING - No viable dags retrieved from /opt/airflow/dags/groups/group_downloads.py
[2024-09-13T09:58:44.283+0000] {processor.py:176} INFO - Processing /opt/airflow/dags/groups/group_downloads.py took 0.097 seconds
[2024-09-13T09:59:14.731+0000] {processor.py:154} INFO - Started process (PID=7460) to work on /opt/airflow/dags/groups/group_downloads.py
[2024-09-13T09:59:14.733+0000] {processor.py:756} INFO - Processing file /opt/airflow/dags/groups/group_downloads.py for tasks to queue
[2024-09-13T09:59:14.735+0000] {logging_mixin.py:120} INFO - [2024-09-13T09:59:14.734+0000] {dagbag.py:537} INFO - Filling up the DagBag from /opt/airflow/dags/groups/group_downloads.py
[2024-09-13T09:59:14.876+0000] {processor.py:768} WARNING - No viable dags retrieved from /opt/airflow/dags/groups/group_downloads.py
[2024-09-13T09:59:14.898+0000] {processor.py:176} INFO - Processing /opt/airflow/dags/groups/group_downloads.py took 0.170 seconds
[2024-09-13T09:59:45.227+0000] {processor.py:154} INFO - Started process (PID=7495) to work on /opt/airflow/dags/groups/group_downloads.py
[2024-09-13T09:59:45.229+0000] {processor.py:756} INFO - Processing file /opt/airflow/dags/groups/group_downloads.py for tasks to queue
[2024-09-13T09:59:45.230+0000] {logging_mixin.py:120} INFO - [2024-09-13T09:59:45.230+0000] {dagbag.py:537} INFO - Filling up the DagBag from /opt/airflow/dags/groups/group_downloads.py
[2024-09-13T09:59:45.261+0000] {processor.py:768} WARNING - No viable dags retrieved from /opt/airflow/dags/groups/group_downloads.py
[2024-09-13T09:59:45.278+0000] {processor.py:176} INFO - Processing /opt/airflow/dags/groups/group_downloads.py took 0.053 seconds
