[2024-09-13T09:24:22.982+0000] {taskinstance.py:1165} INFO - Dependencies all met for <TaskInstance: xcom_dag.t2 manual__2024-09-13T09:24:17.768861+00:00 [queued]>
[2024-09-13T09:24:23.485+0000] {taskinstance.py:1165} INFO - Dependencies all met for <TaskInstance: xcom_dag.t2 manual__2024-09-13T09:24:17.768861+00:00 [queued]>
[2024-09-13T09:24:23.499+0000] {taskinstance.py:1362} INFO - 
--------------------------------------------------------------------------------
[2024-09-13T09:24:23.651+0000] {taskinstance.py:1363} INFO - Starting attempt 1 of 1
[2024-09-13T09:24:23.688+0000] {taskinstance.py:1364} INFO - 
--------------------------------------------------------------------------------
[2024-09-13T09:24:23.793+0000] {taskinstance.py:1383} INFO - Executing <Task(PythonOperator): t2> on 2024-09-13 09:24:17.768861+00:00
[2024-09-13T09:24:23.888+0000] {standard_task_runner.py:82} INFO - Running: ['***', 'tasks', 'run', 'xcom_dag', 't2', 'manual__2024-09-13T09:24:17.768861+00:00', '--job-id', '32', '--raw', '--subdir', 'DAGS_FOLDER/xcom_dag.py', '--cfg-path', '/tmp/tmp_mnoxbqv']
[2024-09-13T09:24:23.880+0000] {standard_task_runner.py:55} INFO - Started process 4076 to run task
[2024-09-13T09:24:23.890+0000] {standard_task_runner.py:83} INFO - Job 32: Subtask t2
[2024-09-13T09:24:24.180+0000] {task_command.py:376} INFO - Running <TaskInstance: xcom_dag.t2 manual__2024-09-13T09:24:17.768861+00:00 [running]> on host 35989190ca54
[2024-09-13T09:24:24.338+0000] {taskinstance.py:1592} INFO - Exporting the following env vars:
AIRFLOW_CTX_DAG_OWNER=***
AIRFLOW_CTX_DAG_ID=xcom_dag
AIRFLOW_CTX_TASK_ID=t2
AIRFLOW_CTX_EXECUTION_DATE=2024-09-13T09:24:17.768861+00:00
AIRFLOW_CTX_TRY_NUMBER=1
AIRFLOW_CTX_DAG_RUN_ID=manual__2024-09-13T09:24:17.768861+00:00
[2024-09-13T09:24:24.341+0000] {taskinstance.py:1851} ERROR - Task failed with exception
Traceback (most recent call last):
  File "/home/airflow/.local/lib/python3.7/site-packages/airflow/operators/python.py", line 175, in execute
    return_value = self.execute_callable()
  File "/home/airflow/.local/lib/python3.7/site-packages/airflow/operators/python.py", line 193, in execute_callable
    return self.python_callable(*self.op_args, **self.op_kwargs)
  File "/opt/airflow/dags/xcom_dag.py", line 12, in _t2
    print(ti.xcom_pull(key='my_key',task_id='t1'))
  File "/home/airflow/.local/lib/python3.7/site-packages/airflow/utils/session.py", line 75, in wrapper
    return func(*args, session=session, **kwargs)
TypeError: xcom_pull() got an unexpected keyword argument 'task_id'
[2024-09-13T09:24:24.370+0000] {taskinstance.py:1406} INFO - Marking task as FAILED. dag_id=xcom_dag, task_id=t2, execution_date=20240913T092417, start_date=20240913T092423, end_date=20240913T092424
[2024-09-13T09:24:24.401+0000] {standard_task_runner.py:105} ERROR - Failed to execute job 32 for task t2 (xcom_pull() got an unexpected keyword argument 'task_id'; 4076)
[2024-09-13T09:24:24.436+0000] {local_task_job.py:164} INFO - Task exited with return code 1
[2024-09-13T09:24:24.490+0000] {local_task_job.py:273} INFO - 0 downstream tasks scheduled from follow-on schedule check
