[2024-08-02T06:25:42.618+0000] {taskinstance.py:1165} INFO - Dependencies all met for <TaskInstance: user_processing.store_user manual__2024-08-02T06:25:32.230788+00:00 [queued]>
[2024-08-02T06:25:42.635+0000] {taskinstance.py:1165} INFO - Dependencies all met for <TaskInstance: user_processing.store_user manual__2024-08-02T06:25:32.230788+00:00 [queued]>
[2024-08-02T06:25:42.637+0000] {taskinstance.py:1362} INFO - 
--------------------------------------------------------------------------------
[2024-08-02T06:25:42.640+0000] {taskinstance.py:1363} INFO - Starting attempt 1 of 1
[2024-08-02T06:25:42.640+0000] {taskinstance.py:1364} INFO - 
--------------------------------------------------------------------------------
[2024-08-02T06:25:42.661+0000] {taskinstance.py:1383} INFO - Executing <Task(PythonOperator): store_user> on 2024-08-02 06:25:32.230788+00:00
[2024-08-02T06:25:42.671+0000] {standard_task_runner.py:55} INFO - Started process 3177 to run task
[2024-08-02T06:25:42.675+0000] {standard_task_runner.py:82} INFO - Running: ['***', 'tasks', 'run', 'user_processing', 'store_user', 'manual__2024-08-02T06:25:32.230788+00:00', '--job-id', '27', '--raw', '--subdir', 'DAGS_FOLDER/user_processing.py', '--cfg-path', '/tmp/tmpep5dhw7w']
[2024-08-02T06:25:42.678+0000] {standard_task_runner.py:83} INFO - Job 27: Subtask store_user
[2024-08-02T06:25:42.782+0000] {task_command.py:376} INFO - Running <TaskInstance: user_processing.store_user manual__2024-08-02T06:25:32.230788+00:00 [running]> on host 18f5bdb82dad
[2024-08-02T06:25:42.890+0000] {taskinstance.py:1592} INFO - Exporting the following env vars:
AIRFLOW_CTX_DAG_OWNER=***
AIRFLOW_CTX_DAG_ID=user_processing
AIRFLOW_CTX_TASK_ID=store_user
AIRFLOW_CTX_EXECUTION_DATE=2024-08-02T06:25:32.230788+00:00
AIRFLOW_CTX_TRY_NUMBER=1
AIRFLOW_CTX_DAG_RUN_ID=manual__2024-08-02T06:25:32.230788+00:00
[2024-08-02T06:25:42.893+0000] {postgres.py:129} INFO - Running copy expert: COPY users FROM stdin WITH DELIMITER AS ',', filename: /tmp/processed_user.csv
[2024-08-02T06:25:42.908+0000] {base.py:71} INFO - Using connection ID 'postgres' for task execution.
[2024-08-02T06:25:42.917+0000] {python.py:177} INFO - Done. Returned value was: None
[2024-08-02T06:25:42.931+0000] {taskinstance.py:1406} INFO - Marking task as SUCCESS. dag_id=user_processing, task_id=store_user, execution_date=20240802T062532, start_date=20240802T062542, end_date=20240802T062542
[2024-08-02T06:25:42.967+0000] {local_task_job.py:164} INFO - Task exited with return code 0
[2024-08-02T06:25:42.997+0000] {local_task_job.py:273} INFO - 0 downstream tasks scheduled from follow-on schedule check
