[2024-09-13T08:38:17.227+0000] {taskinstance.py:1165} INFO - Dependencies all met for <TaskInstance: group_dag.download_c scheduled__2024-09-12T00:00:00+00:00 [queued]>
[2024-09-13T08:38:17.242+0000] {taskinstance.py:1165} INFO - Dependencies all met for <TaskInstance: group_dag.download_c scheduled__2024-09-12T00:00:00+00:00 [queued]>
[2024-09-13T08:38:17.242+0000] {taskinstance.py:1362} INFO - 
--------------------------------------------------------------------------------
[2024-09-13T08:38:17.243+0000] {taskinstance.py:1363} INFO - Starting attempt 1 of 1
[2024-09-13T08:38:17.243+0000] {taskinstance.py:1364} INFO - 
--------------------------------------------------------------------------------
[2024-09-13T08:38:17.264+0000] {taskinstance.py:1383} INFO - Executing <Task(BashOperator): download_c> on 2024-09-12 00:00:00+00:00
[2024-09-13T08:38:17.272+0000] {standard_task_runner.py:55} INFO - Started process 1903 to run task
[2024-09-13T08:38:17.281+0000] {standard_task_runner.py:82} INFO - Running: ['***', 'tasks', 'run', 'group_dag', 'download_c', 'scheduled__2024-09-12T00:00:00+00:00', '--job-id', '6', '--raw', '--subdir', 'DAGS_FOLDER/group_dag.py', '--cfg-path', '/tmp/tmp62v7i884']
[2024-09-13T08:38:17.282+0000] {standard_task_runner.py:83} INFO - Job 6: Subtask download_c
[2024-09-13T08:38:17.370+0000] {task_command.py:376} INFO - Running <TaskInstance: group_dag.download_c scheduled__2024-09-12T00:00:00+00:00 [running]> on host 35989190ca54
[2024-09-13T08:38:17.462+0000] {taskinstance.py:1592} INFO - Exporting the following env vars:
AIRFLOW_CTX_DAG_OWNER=***
AIRFLOW_CTX_DAG_ID=group_dag
AIRFLOW_CTX_TASK_ID=download_c
AIRFLOW_CTX_EXECUTION_DATE=2024-09-12T00:00:00+00:00
AIRFLOW_CTX_TRY_NUMBER=1
AIRFLOW_CTX_DAG_RUN_ID=scheduled__2024-09-12T00:00:00+00:00
[2024-09-13T08:38:17.466+0000] {subprocess.py:63} INFO - Tmp dir root location: 
 /tmp
[2024-09-13T08:38:17.467+0000] {subprocess.py:75} INFO - Running command: ['/bin/bash', '-c', 'sleep 10']
[2024-09-13T08:38:17.480+0000] {subprocess.py:86} INFO - Output:
[2024-09-13T08:38:27.483+0000] {subprocess.py:97} INFO - Command exited with return code 0
[2024-09-13T08:38:27.554+0000] {taskinstance.py:1406} INFO - Marking task as SUCCESS. dag_id=group_dag, task_id=download_c, execution_date=20240912T000000, start_date=20240913T083817, end_date=20240913T083827
[2024-09-13T08:38:27.624+0000] {local_task_job.py:164} INFO - Task exited with return code 0
[2024-09-13T08:38:27.648+0000] {local_task_job.py:273} INFO - 0 downstream tasks scheduled from follow-on schedule check
