[2024-08-26T11:43:41.547+0000] {taskinstance.py:1165} INFO - Dependencies all met for <TaskInstance: consumer.read_dataset dataset_triggered__2024-08-26T11:43:39.213752+00:00 [queued]>
[2024-08-26T11:43:41.592+0000] {taskinstance.py:1165} INFO - Dependencies all met for <TaskInstance: consumer.read_dataset dataset_triggered__2024-08-26T11:43:39.213752+00:00 [queued]>
[2024-08-26T11:43:41.630+0000] {taskinstance.py:1362} INFO - 
--------------------------------------------------------------------------------
[2024-08-26T11:43:41.636+0000] {taskinstance.py:1363} INFO - Starting attempt 1 of 1
[2024-08-26T11:43:41.644+0000] {taskinstance.py:1364} INFO - 
--------------------------------------------------------------------------------
[2024-08-26T11:43:41.707+0000] {taskinstance.py:1383} INFO - Executing <Task(_PythonDecoratedOperator): read_dataset> on 2024-08-26 11:43:39.213752+00:00
[2024-08-26T11:43:41.736+0000] {standard_task_runner.py:55} INFO - Started process 89 to run task
[2024-08-26T11:43:41.759+0000] {standard_task_runner.py:82} INFO - Running: ['***', 'tasks', 'run', 'consumer', 'read_dataset', 'dataset_triggered__2024-08-26T11:43:39.213752+00:00', '--job-id', '76', '--raw', '--subdir', 'DAGS_FOLDER/consumer.py', '--cfg-path', '/tmp/tmpafh1ifkj']
[2024-08-26T11:43:41.772+0000] {standard_task_runner.py:83} INFO - Job 76: Subtask read_dataset
[2024-08-26T11:43:42.099+0000] {task_command.py:376} INFO - Running <TaskInstance: consumer.read_dataset dataset_triggered__2024-08-26T11:43:39.213752+00:00 [running]> on host b67495cd0aeb
[2024-08-26T11:43:42.357+0000] {taskinstance.py:1592} INFO - Exporting the following env vars:
AIRFLOW_CTX_DAG_OWNER=***
AIRFLOW_CTX_DAG_ID=consumer
AIRFLOW_CTX_TASK_ID=read_dataset
AIRFLOW_CTX_EXECUTION_DATE=2024-08-26T11:43:39.213752+00:00
AIRFLOW_CTX_TRY_NUMBER=1
AIRFLOW_CTX_DAG_RUN_ID=dataset_triggered__2024-08-26T11:43:39.213752+00:00
[2024-08-26T11:43:42.361+0000] {logging_mixin.py:120} INFO - Producer update
[2024-08-26T11:43:42.365+0000] {python.py:177} INFO - Done. Returned value was: None
[2024-08-26T11:43:42.407+0000] {taskinstance.py:1406} INFO - Marking task as SUCCESS. dag_id=consumer, task_id=read_dataset, execution_date=20240826T114339, start_date=20240826T114341, end_date=20240826T114342
[2024-08-26T11:43:42.491+0000] {local_task_job.py:164} INFO - Task exited with return code 0
[2024-08-26T11:43:42.551+0000] {local_task_job.py:273} INFO - 0 downstream tasks scheduled from follow-on schedule check
