[2024-09-13T09:59:35.309+0000] {taskinstance.py:1165} INFO - Dependencies all met for <TaskInstance: xcom_dag.t1 manual__2024-09-13T09:59:33.503159+00:00 [queued]>
[2024-09-13T09:59:35.406+0000] {taskinstance.py:1165} INFO - Dependencies all met for <TaskInstance: xcom_dag.t1 manual__2024-09-13T09:59:33.503159+00:00 [queued]>
[2024-09-13T09:59:35.417+0000] {taskinstance.py:1362} INFO - 
--------------------------------------------------------------------------------
[2024-09-13T09:59:35.418+0000] {taskinstance.py:1363} INFO - Starting attempt 1 of 1
[2024-09-13T09:59:35.419+0000] {taskinstance.py:1364} INFO - 
--------------------------------------------------------------------------------
[2024-09-13T09:59:35.437+0000] {taskinstance.py:1383} INFO - Executing <Task(PythonOperator): t1> on 2024-09-13 09:59:33.503159+00:00
[2024-09-13T09:59:35.529+0000] {standard_task_runner.py:55} INFO - Started process 5670 to run task
[2024-09-13T09:59:35.532+0000] {standard_task_runner.py:82} INFO - Running: ['***', 'tasks', 'run', 'xcom_dag', 't1', 'manual__2024-09-13T09:59:33.503159+00:00', '--job-id', '39', '--raw', '--subdir', 'DAGS_FOLDER/xcom_dag.py', '--cfg-path', '/tmp/tmpmtazagxr']
[2024-09-13T09:59:35.572+0000] {standard_task_runner.py:83} INFO - Job 39: Subtask t1
[2024-09-13T09:59:35.776+0000] {task_command.py:376} INFO - Running <TaskInstance: xcom_dag.t1 manual__2024-09-13T09:59:33.503159+00:00 [running]> on host 35989190ca54
[2024-09-13T09:59:35.855+0000] {taskinstance.py:1592} INFO - Exporting the following env vars:
AIRFLOW_CTX_DAG_OWNER=***
AIRFLOW_CTX_DAG_ID=xcom_dag
AIRFLOW_CTX_TASK_ID=t1
AIRFLOW_CTX_EXECUTION_DATE=2024-09-13T09:59:33.503159+00:00
AIRFLOW_CTX_TRY_NUMBER=1
AIRFLOW_CTX_DAG_RUN_ID=manual__2024-09-13T09:59:33.503159+00:00
[2024-09-13T09:59:35.886+0000] {python.py:177} INFO - Done. Returned value was: None
[2024-09-13T09:59:35.920+0000] {taskinstance.py:1406} INFO - Marking task as SUCCESS. dag_id=xcom_dag, task_id=t1, execution_date=20240913T095933, start_date=20240913T095935, end_date=20240913T095935
[2024-09-13T09:59:36.030+0000] {local_task_job.py:164} INFO - Task exited with return code 0
[2024-09-13T09:59:36.597+0000] {local_task_job.py:273} INFO - 0 downstream tasks scheduled from follow-on schedule check
