[2024-08-02T06:21:45.470+0000] {taskinstance.py:1165} INFO - Dependencies all met for <TaskInstance: user_processing.store_user manual__2024-08-02T06:21:37.887038+00:00 [queued]>
[2024-08-02T06:21:45.482+0000] {taskinstance.py:1165} INFO - Dependencies all met for <TaskInstance: user_processing.store_user manual__2024-08-02T06:21:37.887038+00:00 [queued]>
[2024-08-02T06:21:45.483+0000] {taskinstance.py:1362} INFO - 
--------------------------------------------------------------------------------
[2024-08-02T06:21:45.485+0000] {taskinstance.py:1363} INFO - Starting attempt 1 of 1
[2024-08-02T06:21:45.485+0000] {taskinstance.py:1364} INFO - 
--------------------------------------------------------------------------------
[2024-08-02T06:21:45.505+0000] {taskinstance.py:1383} INFO - Executing <Task(PythonOperator): store_user> on 2024-08-02 06:21:37.887038+00:00
[2024-08-02T06:21:45.512+0000] {standard_task_runner.py:55} INFO - Started process 2979 to run task
[2024-08-02T06:21:45.515+0000] {standard_task_runner.py:82} INFO - Running: ['***', 'tasks', 'run', 'user_processing', 'store_user', 'manual__2024-08-02T06:21:37.887038+00:00', '--job-id', '22', '--raw', '--subdir', 'DAGS_FOLDER/user_processing.py', '--cfg-path', '/tmp/tmp3k3ofods']
[2024-08-02T06:21:45.517+0000] {standard_task_runner.py:83} INFO - Job 22: Subtask store_user
[2024-08-02T06:21:45.612+0000] {task_command.py:376} INFO - Running <TaskInstance: user_processing.store_user manual__2024-08-02T06:21:37.887038+00:00 [running]> on host 18f5bdb82dad
[2024-08-02T06:21:45.711+0000] {taskinstance.py:1592} INFO - Exporting the following env vars:
AIRFLOW_CTX_DAG_OWNER=***
AIRFLOW_CTX_DAG_ID=user_processing
AIRFLOW_CTX_TASK_ID=store_user
AIRFLOW_CTX_EXECUTION_DATE=2024-08-02T06:21:37.887038+00:00
AIRFLOW_CTX_TRY_NUMBER=1
AIRFLOW_CTX_DAG_RUN_ID=manual__2024-08-02T06:21:37.887038+00:00
[2024-08-02T06:21:45.713+0000] {postgres.py:129} INFO - Running copy expert: COPY users FROM stdin WITH DELIMITER AS ',', filename: /tmp/processed_user.csv
[2024-08-02T06:21:45.721+0000] {base.py:71} INFO - Using connection ID 'postgres' for task execution.
[2024-08-02T06:21:45.729+0000] {python.py:177} INFO - Done. Returned value was: None
[2024-08-02T06:21:45.742+0000] {taskinstance.py:1406} INFO - Marking task as SUCCESS. dag_id=user_processing, task_id=store_user, execution_date=20240802T062137, start_date=20240802T062145, end_date=20240802T062145
[2024-08-02T06:21:45.768+0000] {local_task_job.py:164} INFO - Task exited with return code 0
[2024-08-02T06:21:45.788+0000] {local_task_job.py:273} INFO - 0 downstream tasks scheduled from follow-on schedule check
