[2024-09-13T08:23:17.814+0000] {processor.py:154} INFO - Started process (PID=1495) to work on /opt/airflow/dags/subdags/subdag_downloads.py
[2024-09-13T08:23:17.815+0000] {processor.py:756} INFO - Processing file /opt/airflow/dags/subdags/subdag_downloads.py for tasks to queue
[2024-09-13T08:23:17.816+0000] {logging_mixin.py:120} INFO - [2024-09-13T08:23:17.815+0000] {dagbag.py:537} INFO - Filling up the DagBag from /opt/airflow/dags/subdags/subdag_downloads.py
[2024-09-13T08:23:17.851+0000] {processor.py:768} WARNING - No viable dags retrieved from /opt/airflow/dags/subdags/subdag_downloads.py
[2024-09-13T08:23:17.860+0000] {processor.py:176} INFO - Processing /opt/airflow/dags/subdags/subdag_downloads.py took 0.049 seconds
[2024-09-13T08:23:48.249+0000] {processor.py:154} INFO - Started process (PID=1518) to work on /opt/airflow/dags/subdags/subdag_downloads.py
[2024-09-13T08:23:48.251+0000] {processor.py:756} INFO - Processing file /opt/airflow/dags/subdags/subdag_downloads.py for tasks to queue
[2024-09-13T08:23:48.252+0000] {logging_mixin.py:120} INFO - [2024-09-13T08:23:48.252+0000] {dagbag.py:537} INFO - Filling up the DagBag from /opt/airflow/dags/subdags/subdag_downloads.py
[2024-09-13T08:23:48.289+0000] {processor.py:768} WARNING - No viable dags retrieved from /opt/airflow/dags/subdags/subdag_downloads.py
[2024-09-13T08:23:48.304+0000] {processor.py:176} INFO - Processing /opt/airflow/dags/subdags/subdag_downloads.py took 0.058 seconds
[2024-09-13T08:24:18.730+0000] {processor.py:154} INFO - Started process (PID=1553) to work on /opt/airflow/dags/subdags/subdag_downloads.py
[2024-09-13T08:24:18.732+0000] {processor.py:756} INFO - Processing file /opt/airflow/dags/subdags/subdag_downloads.py for tasks to queue
[2024-09-13T08:24:18.733+0000] {logging_mixin.py:120} INFO - [2024-09-13T08:24:18.733+0000] {dagbag.py:537} INFO - Filling up the DagBag from /opt/airflow/dags/subdags/subdag_downloads.py
[2024-09-13T08:24:18.766+0000] {processor.py:768} WARNING - No viable dags retrieved from /opt/airflow/dags/subdags/subdag_downloads.py
[2024-09-13T08:24:18.777+0000] {processor.py:176} INFO - Processing /opt/airflow/dags/subdags/subdag_downloads.py took 0.049 seconds
[2024-09-13T08:24:49.068+0000] {processor.py:154} INFO - Started process (PID=1587) to work on /opt/airflow/dags/subdags/subdag_downloads.py
[2024-09-13T08:24:49.070+0000] {processor.py:756} INFO - Processing file /opt/airflow/dags/subdags/subdag_downloads.py for tasks to queue
[2024-09-13T08:24:49.072+0000] {logging_mixin.py:120} INFO - [2024-09-13T08:24:49.071+0000] {dagbag.py:537} INFO - Filling up the DagBag from /opt/airflow/dags/subdags/subdag_downloads.py
[2024-09-13T08:24:49.126+0000] {processor.py:768} WARNING - No viable dags retrieved from /opt/airflow/dags/subdags/subdag_downloads.py
[2024-09-13T08:24:49.160+0000] {processor.py:176} INFO - Processing /opt/airflow/dags/subdags/subdag_downloads.py took 0.100 seconds
[2024-09-13T08:25:19.805+0000] {processor.py:154} INFO - Started process (PID=1621) to work on /opt/airflow/dags/subdags/subdag_downloads.py
[2024-09-13T08:25:19.809+0000] {processor.py:756} INFO - Processing file /opt/airflow/dags/subdags/subdag_downloads.py for tasks to queue
[2024-09-13T08:25:19.810+0000] {logging_mixin.py:120} INFO - [2024-09-13T08:25:19.810+0000] {dagbag.py:537} INFO - Filling up the DagBag from /opt/airflow/dags/subdags/subdag_downloads.py
[2024-09-13T08:25:19.832+0000] {processor.py:768} WARNING - No viable dags retrieved from /opt/airflow/dags/subdags/subdag_downloads.py
[2024-09-13T08:25:19.848+0000] {processor.py:176} INFO - Processing /opt/airflow/dags/subdags/subdag_downloads.py took 0.044 seconds
[2024-09-13T08:25:50.368+0000] {processor.py:154} INFO - Started process (PID=1646) to work on /opt/airflow/dags/subdags/subdag_downloads.py
[2024-09-13T08:25:50.369+0000] {processor.py:756} INFO - Processing file /opt/airflow/dags/subdags/subdag_downloads.py for tasks to queue
[2024-09-13T08:25:50.370+0000] {logging_mixin.py:120} INFO - [2024-09-13T08:25:50.370+0000] {dagbag.py:537} INFO - Filling up the DagBag from /opt/airflow/dags/subdags/subdag_downloads.py
[2024-09-13T08:25:50.396+0000] {processor.py:768} WARNING - No viable dags retrieved from /opt/airflow/dags/subdags/subdag_downloads.py
[2024-09-13T08:25:50.412+0000] {processor.py:176} INFO - Processing /opt/airflow/dags/subdags/subdag_downloads.py took 0.049 seconds
[2024-09-13T08:26:21.613+0000] {processor.py:154} INFO - Started process (PID=1680) to work on /opt/airflow/dags/subdags/subdag_downloads.py
[2024-09-13T08:26:21.616+0000] {processor.py:756} INFO - Processing file /opt/airflow/dags/subdags/subdag_downloads.py for tasks to queue
[2024-09-13T08:26:21.618+0000] {logging_mixin.py:120} INFO - [2024-09-13T08:26:21.618+0000] {dagbag.py:537} INFO - Filling up the DagBag from /opt/airflow/dags/subdags/subdag_downloads.py
[2024-09-13T08:26:21.931+0000] {processor.py:768} WARNING - No viable dags retrieved from /opt/airflow/dags/subdags/subdag_downloads.py
[2024-09-13T08:26:22.000+0000] {processor.py:176} INFO - Processing /opt/airflow/dags/subdags/subdag_downloads.py took 0.393 seconds
[2024-09-13T08:26:52.769+0000] {processor.py:154} INFO - Started process (PID=1714) to work on /opt/airflow/dags/subdags/subdag_downloads.py
[2024-09-13T08:26:52.770+0000] {processor.py:756} INFO - Processing file /opt/airflow/dags/subdags/subdag_downloads.py for tasks to queue
[2024-09-13T08:26:52.771+0000] {logging_mixin.py:120} INFO - [2024-09-13T08:26:52.771+0000] {dagbag.py:537} INFO - Filling up the DagBag from /opt/airflow/dags/subdags/subdag_downloads.py
[2024-09-13T08:26:52.789+0000] {processor.py:768} WARNING - No viable dags retrieved from /opt/airflow/dags/subdags/subdag_downloads.py
[2024-09-13T08:26:52.801+0000] {processor.py:176} INFO - Processing /opt/airflow/dags/subdags/subdag_downloads.py took 0.036 seconds
[2024-09-13T08:27:23.656+0000] {processor.py:154} INFO - Started process (PID=1748) to work on /opt/airflow/dags/subdags/subdag_downloads.py
[2024-09-13T08:27:23.657+0000] {processor.py:756} INFO - Processing file /opt/airflow/dags/subdags/subdag_downloads.py for tasks to queue
[2024-09-13T08:27:23.658+0000] {logging_mixin.py:120} INFO - [2024-09-13T08:27:23.658+0000] {dagbag.py:537} INFO - Filling up the DagBag from /opt/airflow/dags/subdags/subdag_downloads.py
[2024-09-13T08:27:23.691+0000] {processor.py:768} WARNING - No viable dags retrieved from /opt/airflow/dags/subdags/subdag_downloads.py
[2024-09-13T08:27:23.707+0000] {processor.py:176} INFO - Processing /opt/airflow/dags/subdags/subdag_downloads.py took 0.055 seconds
[2024-09-13T08:27:54.333+0000] {processor.py:154} INFO - Started process (PID=1777) to work on /opt/airflow/dags/subdags/subdag_downloads.py
[2024-09-13T08:27:54.335+0000] {processor.py:756} INFO - Processing file /opt/airflow/dags/subdags/subdag_downloads.py for tasks to queue
[2024-09-13T08:27:54.335+0000] {logging_mixin.py:120} INFO - [2024-09-13T08:27:54.335+0000] {dagbag.py:537} INFO - Filling up the DagBag from /opt/airflow/dags/subdags/subdag_downloads.py
[2024-09-13T08:27:54.353+0000] {processor.py:768} WARNING - No viable dags retrieved from /opt/airflow/dags/subdags/subdag_downloads.py
[2024-09-13T08:27:54.370+0000] {processor.py:176} INFO - Processing /opt/airflow/dags/subdags/subdag_downloads.py took 0.040 seconds
[2024-09-13T08:28:24.702+0000] {processor.py:154} INFO - Started process (PID=1812) to work on /opt/airflow/dags/subdags/subdag_downloads.py
[2024-09-13T08:28:24.716+0000] {processor.py:756} INFO - Processing file /opt/airflow/dags/subdags/subdag_downloads.py for tasks to queue
[2024-09-13T08:28:24.725+0000] {logging_mixin.py:120} INFO - [2024-09-13T08:28:24.725+0000] {dagbag.py:537} INFO - Filling up the DagBag from /opt/airflow/dags/subdags/subdag_downloads.py
[2024-09-13T08:28:24.775+0000] {processor.py:768} WARNING - No viable dags retrieved from /opt/airflow/dags/subdags/subdag_downloads.py
[2024-09-13T08:28:24.786+0000] {processor.py:176} INFO - Processing /opt/airflow/dags/subdags/subdag_downloads.py took 0.087 seconds
[2024-09-13T08:28:55.283+0000] {processor.py:154} INFO - Started process (PID=1846) to work on /opt/airflow/dags/subdags/subdag_downloads.py
[2024-09-13T08:28:55.285+0000] {processor.py:756} INFO - Processing file /opt/airflow/dags/subdags/subdag_downloads.py for tasks to queue
[2024-09-13T08:28:55.286+0000] {logging_mixin.py:120} INFO - [2024-09-13T08:28:55.286+0000] {dagbag.py:537} INFO - Filling up the DagBag from /opt/airflow/dags/subdags/subdag_downloads.py
[2024-09-13T08:28:55.310+0000] {processor.py:768} WARNING - No viable dags retrieved from /opt/airflow/dags/subdags/subdag_downloads.py
[2024-09-13T08:28:55.326+0000] {processor.py:176} INFO - Processing /opt/airflow/dags/subdags/subdag_downloads.py took 0.047 seconds
[2024-09-13T08:29:25.453+0000] {processor.py:154} INFO - Started process (PID=1871) to work on /opt/airflow/dags/subdags/subdag_downloads.py
[2024-09-13T08:29:25.455+0000] {processor.py:756} INFO - Processing file /opt/airflow/dags/subdags/subdag_downloads.py for tasks to queue
[2024-09-13T08:29:25.457+0000] {logging_mixin.py:120} INFO - [2024-09-13T08:29:25.456+0000] {dagbag.py:537} INFO - Filling up the DagBag from /opt/airflow/dags/subdags/subdag_downloads.py
[2024-09-13T08:29:25.494+0000] {processor.py:768} WARNING - No viable dags retrieved from /opt/airflow/dags/subdags/subdag_downloads.py
[2024-09-13T08:29:25.519+0000] {processor.py:176} INFO - Processing /opt/airflow/dags/subdags/subdag_downloads.py took 0.077 seconds
[2024-09-13T08:29:56.391+0000] {processor.py:154} INFO - Started process (PID=1905) to work on /opt/airflow/dags/subdags/subdag_downloads.py
[2024-09-13T08:29:56.392+0000] {processor.py:756} INFO - Processing file /opt/airflow/dags/subdags/subdag_downloads.py for tasks to queue
[2024-09-13T08:29:56.393+0000] {logging_mixin.py:120} INFO - [2024-09-13T08:29:56.393+0000] {dagbag.py:537} INFO - Filling up the DagBag from /opt/airflow/dags/subdags/subdag_downloads.py
[2024-09-13T08:29:56.440+0000] {processor.py:768} WARNING - No viable dags retrieved from /opt/airflow/dags/subdags/subdag_downloads.py
[2024-09-13T08:29:56.458+0000] {processor.py:176} INFO - Processing /opt/airflow/dags/subdags/subdag_downloads.py took 0.070 seconds
[2024-09-13T08:30:27.504+0000] {processor.py:154} INFO - Started process (PID=1939) to work on /opt/airflow/dags/subdags/subdag_downloads.py
[2024-09-13T08:30:27.506+0000] {processor.py:756} INFO - Processing file /opt/airflow/dags/subdags/subdag_downloads.py for tasks to queue
[2024-09-13T08:30:27.510+0000] {logging_mixin.py:120} INFO - [2024-09-13T08:30:27.509+0000] {dagbag.py:537} INFO - Filling up the DagBag from /opt/airflow/dags/subdags/subdag_downloads.py
[2024-09-13T08:30:27.544+0000] {processor.py:768} WARNING - No viable dags retrieved from /opt/airflow/dags/subdags/subdag_downloads.py
[2024-09-13T08:30:27.574+0000] {processor.py:176} INFO - Processing /opt/airflow/dags/subdags/subdag_downloads.py took 0.075 seconds
[2024-09-13T08:30:58.006+0000] {processor.py:154} INFO - Started process (PID=1964) to work on /opt/airflow/dags/subdags/subdag_downloads.py
[2024-09-13T08:30:58.008+0000] {processor.py:756} INFO - Processing file /opt/airflow/dags/subdags/subdag_downloads.py for tasks to queue
[2024-09-13T08:30:58.009+0000] {logging_mixin.py:120} INFO - [2024-09-13T08:30:58.009+0000] {dagbag.py:537} INFO - Filling up the DagBag from /opt/airflow/dags/subdags/subdag_downloads.py
[2024-09-13T08:30:58.030+0000] {processor.py:768} WARNING - No viable dags retrieved from /opt/airflow/dags/subdags/subdag_downloads.py
[2024-09-13T08:30:58.047+0000] {processor.py:176} INFO - Processing /opt/airflow/dags/subdags/subdag_downloads.py took 0.045 seconds
[2024-09-13T08:31:28.392+0000] {processor.py:154} INFO - Started process (PID=1998) to work on /opt/airflow/dags/subdags/subdag_downloads.py
[2024-09-13T08:31:28.393+0000] {processor.py:756} INFO - Processing file /opt/airflow/dags/subdags/subdag_downloads.py for tasks to queue
[2024-09-13T08:31:28.394+0000] {logging_mixin.py:120} INFO - [2024-09-13T08:31:28.394+0000] {dagbag.py:537} INFO - Filling up the DagBag from /opt/airflow/dags/subdags/subdag_downloads.py
[2024-09-13T08:31:28.415+0000] {processor.py:768} WARNING - No viable dags retrieved from /opt/airflow/dags/subdags/subdag_downloads.py
[2024-09-13T08:31:28.428+0000] {processor.py:176} INFO - Processing /opt/airflow/dags/subdags/subdag_downloads.py took 0.039 seconds
[2024-09-13T08:31:58.599+0000] {processor.py:154} INFO - Started process (PID=2031) to work on /opt/airflow/dags/subdags/subdag_downloads.py
[2024-09-13T08:31:58.600+0000] {processor.py:756} INFO - Processing file /opt/airflow/dags/subdags/subdag_downloads.py for tasks to queue
[2024-09-13T08:31:58.602+0000] {logging_mixin.py:120} INFO - [2024-09-13T08:31:58.602+0000] {dagbag.py:537} INFO - Filling up the DagBag from /opt/airflow/dags/subdags/subdag_downloads.py
[2024-09-13T08:31:58.625+0000] {processor.py:768} WARNING - No viable dags retrieved from /opt/airflow/dags/subdags/subdag_downloads.py
[2024-09-13T08:31:58.643+0000] {processor.py:176} INFO - Processing /opt/airflow/dags/subdags/subdag_downloads.py took 0.046 seconds
[2024-09-13T08:32:29.356+0000] {processor.py:154} INFO - Started process (PID=2057) to work on /opt/airflow/dags/subdags/subdag_downloads.py
[2024-09-13T08:32:29.361+0000] {processor.py:756} INFO - Processing file /opt/airflow/dags/subdags/subdag_downloads.py for tasks to queue
[2024-09-13T08:32:29.365+0000] {logging_mixin.py:120} INFO - [2024-09-13T08:32:29.364+0000] {dagbag.py:537} INFO - Filling up the DagBag from /opt/airflow/dags/subdags/subdag_downloads.py
[2024-09-13T08:32:29.470+0000] {processor.py:768} WARNING - No viable dags retrieved from /opt/airflow/dags/subdags/subdag_downloads.py
[2024-09-13T08:32:29.520+0000] {processor.py:176} INFO - Processing /opt/airflow/dags/subdags/subdag_downloads.py took 0.170 seconds
[2024-09-13T08:32:59.758+0000] {processor.py:154} INFO - Started process (PID=2091) to work on /opt/airflow/dags/subdags/subdag_downloads.py
[2024-09-13T08:32:59.759+0000] {processor.py:756} INFO - Processing file /opt/airflow/dags/subdags/subdag_downloads.py for tasks to queue
[2024-09-13T08:32:59.760+0000] {logging_mixin.py:120} INFO - [2024-09-13T08:32:59.760+0000] {dagbag.py:537} INFO - Filling up the DagBag from /opt/airflow/dags/subdags/subdag_downloads.py
[2024-09-13T08:32:59.777+0000] {processor.py:768} WARNING - No viable dags retrieved from /opt/airflow/dags/subdags/subdag_downloads.py
[2024-09-13T08:32:59.788+0000] {processor.py:176} INFO - Processing /opt/airflow/dags/subdags/subdag_downloads.py took 0.034 seconds
[2024-09-13T08:33:30.200+0000] {processor.py:154} INFO - Started process (PID=2124) to work on /opt/airflow/dags/subdags/subdag_downloads.py
[2024-09-13T08:33:30.202+0000] {processor.py:756} INFO - Processing file /opt/airflow/dags/subdags/subdag_downloads.py for tasks to queue
[2024-09-13T08:33:30.204+0000] {logging_mixin.py:120} INFO - [2024-09-13T08:33:30.204+0000] {dagbag.py:537} INFO - Filling up the DagBag from /opt/airflow/dags/subdags/subdag_downloads.py
[2024-09-13T08:33:30.256+0000] {processor.py:768} WARNING - No viable dags retrieved from /opt/airflow/dags/subdags/subdag_downloads.py
[2024-09-13T08:33:30.294+0000] {processor.py:176} INFO - Processing /opt/airflow/dags/subdags/subdag_downloads.py took 0.101 seconds
[2024-09-13T08:34:00.552+0000] {processor.py:154} INFO - Started process (PID=2149) to work on /opt/airflow/dags/subdags/subdag_downloads.py
[2024-09-13T08:34:00.554+0000] {processor.py:756} INFO - Processing file /opt/airflow/dags/subdags/subdag_downloads.py for tasks to queue
[2024-09-13T08:34:00.556+0000] {logging_mixin.py:120} INFO - [2024-09-13T08:34:00.555+0000] {dagbag.py:537} INFO - Filling up the DagBag from /opt/airflow/dags/subdags/subdag_downloads.py
[2024-09-13T08:34:00.632+0000] {processor.py:768} WARNING - No viable dags retrieved from /opt/airflow/dags/subdags/subdag_downloads.py
[2024-09-13T08:34:00.660+0000] {processor.py:176} INFO - Processing /opt/airflow/dags/subdags/subdag_downloads.py took 0.111 seconds
[2024-09-13T08:34:30.750+0000] {processor.py:154} INFO - Started process (PID=2183) to work on /opt/airflow/dags/subdags/subdag_downloads.py
[2024-09-13T08:34:30.753+0000] {processor.py:756} INFO - Processing file /opt/airflow/dags/subdags/subdag_downloads.py for tasks to queue
[2024-09-13T08:34:30.754+0000] {logging_mixin.py:120} INFO - [2024-09-13T08:34:30.754+0000] {dagbag.py:537} INFO - Filling up the DagBag from /opt/airflow/dags/subdags/subdag_downloads.py
[2024-09-13T08:34:30.899+0000] {processor.py:768} WARNING - No viable dags retrieved from /opt/airflow/dags/subdags/subdag_downloads.py
[2024-09-13T08:34:30.914+0000] {processor.py:176} INFO - Processing /opt/airflow/dags/subdags/subdag_downloads.py took 0.168 seconds
[2024-09-13T08:35:01.245+0000] {processor.py:154} INFO - Started process (PID=2208) to work on /opt/airflow/dags/subdags/subdag_downloads.py
[2024-09-13T08:35:01.247+0000] {processor.py:756} INFO - Processing file /opt/airflow/dags/subdags/subdag_downloads.py for tasks to queue
[2024-09-13T08:35:01.249+0000] {logging_mixin.py:120} INFO - [2024-09-13T08:35:01.249+0000] {dagbag.py:537} INFO - Filling up the DagBag from /opt/airflow/dags/subdags/subdag_downloads.py
[2024-09-13T08:35:01.278+0000] {processor.py:768} WARNING - No viable dags retrieved from /opt/airflow/dags/subdags/subdag_downloads.py
[2024-09-13T08:35:01.296+0000] {processor.py:176} INFO - Processing /opt/airflow/dags/subdags/subdag_downloads.py took 0.055 seconds
[2024-09-13T08:35:31.722+0000] {processor.py:154} INFO - Started process (PID=2242) to work on /opt/airflow/dags/subdags/subdag_downloads.py
[2024-09-13T08:35:31.724+0000] {processor.py:756} INFO - Processing file /opt/airflow/dags/subdags/subdag_downloads.py for tasks to queue
[2024-09-13T08:35:31.725+0000] {logging_mixin.py:120} INFO - [2024-09-13T08:35:31.725+0000] {dagbag.py:537} INFO - Filling up the DagBag from /opt/airflow/dags/subdags/subdag_downloads.py
[2024-09-13T08:35:31.751+0000] {processor.py:768} WARNING - No viable dags retrieved from /opt/airflow/dags/subdags/subdag_downloads.py
[2024-09-13T08:35:31.766+0000] {processor.py:176} INFO - Processing /opt/airflow/dags/subdags/subdag_downloads.py took 0.046 seconds
[2024-09-13T08:36:03.434+0000] {processor.py:154} INFO - Started process (PID=2276) to work on /opt/airflow/dags/subdags/subdag_downloads.py
[2024-09-13T08:36:03.439+0000] {processor.py:756} INFO - Processing file /opt/airflow/dags/subdags/subdag_downloads.py for tasks to queue
[2024-09-13T08:36:03.444+0000] {logging_mixin.py:120} INFO - [2024-09-13T08:36:03.444+0000] {dagbag.py:537} INFO - Filling up the DagBag from /opt/airflow/dags/subdags/subdag_downloads.py
[2024-09-13T08:36:05.120+0000] {processor.py:768} WARNING - No viable dags retrieved from /opt/airflow/dags/subdags/subdag_downloads.py
[2024-09-13T08:36:05.139+0000] {processor.py:176} INFO - Processing /opt/airflow/dags/subdags/subdag_downloads.py took 1.722 seconds
[2024-09-13T08:36:35.579+0000] {processor.py:154} INFO - Started process (PID=2310) to work on /opt/airflow/dags/subdags/subdag_downloads.py
[2024-09-13T08:36:35.580+0000] {processor.py:756} INFO - Processing file /opt/airflow/dags/subdags/subdag_downloads.py for tasks to queue
[2024-09-13T08:36:35.582+0000] {logging_mixin.py:120} INFO - [2024-09-13T08:36:35.582+0000] {dagbag.py:537} INFO - Filling up the DagBag from /opt/airflow/dags/subdags/subdag_downloads.py
[2024-09-13T08:36:35.606+0000] {processor.py:768} WARNING - No viable dags retrieved from /opt/airflow/dags/subdags/subdag_downloads.py
[2024-09-13T08:36:35.624+0000] {processor.py:176} INFO - Processing /opt/airflow/dags/subdags/subdag_downloads.py took 0.049 seconds
[2024-09-13T08:37:06.374+0000] {processor.py:154} INFO - Started process (PID=2335) to work on /opt/airflow/dags/subdags/subdag_downloads.py
[2024-09-13T08:37:06.375+0000] {processor.py:756} INFO - Processing file /opt/airflow/dags/subdags/subdag_downloads.py for tasks to queue
[2024-09-13T08:37:06.376+0000] {logging_mixin.py:120} INFO - [2024-09-13T08:37:06.376+0000] {dagbag.py:537} INFO - Filling up the DagBag from /opt/airflow/dags/subdags/subdag_downloads.py
[2024-09-13T08:37:06.401+0000] {processor.py:768} WARNING - No viable dags retrieved from /opt/airflow/dags/subdags/subdag_downloads.py
[2024-09-13T08:37:06.418+0000] {processor.py:176} INFO - Processing /opt/airflow/dags/subdags/subdag_downloads.py took 0.046 seconds
[2024-09-13T08:37:37.374+0000] {processor.py:154} INFO - Started process (PID=2369) to work on /opt/airflow/dags/subdags/subdag_downloads.py
[2024-09-13T08:37:37.375+0000] {processor.py:756} INFO - Processing file /opt/airflow/dags/subdags/subdag_downloads.py for tasks to queue
[2024-09-13T08:37:37.376+0000] {logging_mixin.py:120} INFO - [2024-09-13T08:37:37.376+0000] {dagbag.py:537} INFO - Filling up the DagBag from /opt/airflow/dags/subdags/subdag_downloads.py
[2024-09-13T08:37:37.394+0000] {processor.py:768} WARNING - No viable dags retrieved from /opt/airflow/dags/subdags/subdag_downloads.py
[2024-09-13T08:37:37.404+0000] {processor.py:176} INFO - Processing /opt/airflow/dags/subdags/subdag_downloads.py took 0.032 seconds
[2024-09-13T08:38:07.547+0000] {processor.py:154} INFO - Started process (PID=2403) to work on /opt/airflow/dags/subdags/subdag_downloads.py
[2024-09-13T08:38:07.551+0000] {processor.py:756} INFO - Processing file /opt/airflow/dags/subdags/subdag_downloads.py for tasks to queue
[2024-09-13T08:38:07.552+0000] {logging_mixin.py:120} INFO - [2024-09-13T08:38:07.552+0000] {dagbag.py:537} INFO - Filling up the DagBag from /opt/airflow/dags/subdags/subdag_downloads.py
[2024-09-13T08:38:07.610+0000] {processor.py:768} WARNING - No viable dags retrieved from /opt/airflow/dags/subdags/subdag_downloads.py
[2024-09-13T08:38:07.621+0000] {processor.py:176} INFO - Processing /opt/airflow/dags/subdags/subdag_downloads.py took 0.076 seconds
[2024-09-13T08:38:37.911+0000] {processor.py:154} INFO - Started process (PID=2449) to work on /opt/airflow/dags/subdags/subdag_downloads.py
[2024-09-13T08:38:37.913+0000] {processor.py:756} INFO - Processing file /opt/airflow/dags/subdags/subdag_downloads.py for tasks to queue
[2024-09-13T08:38:37.914+0000] {logging_mixin.py:120} INFO - [2024-09-13T08:38:37.914+0000] {dagbag.py:537} INFO - Filling up the DagBag from /opt/airflow/dags/subdags/subdag_downloads.py
[2024-09-13T08:38:37.958+0000] {processor.py:768} WARNING - No viable dags retrieved from /opt/airflow/dags/subdags/subdag_downloads.py
[2024-09-13T08:38:37.992+0000] {processor.py:176} INFO - Processing /opt/airflow/dags/subdags/subdag_downloads.py took 0.090 seconds
[2024-09-13T08:39:08.181+0000] {processor.py:154} INFO - Started process (PID=2475) to work on /opt/airflow/dags/subdags/subdag_downloads.py
[2024-09-13T08:39:08.197+0000] {processor.py:756} INFO - Processing file /opt/airflow/dags/subdags/subdag_downloads.py for tasks to queue
[2024-09-13T08:39:08.216+0000] {logging_mixin.py:120} INFO - [2024-09-13T08:39:08.215+0000] {dagbag.py:537} INFO - Filling up the DagBag from /opt/airflow/dags/subdags/subdag_downloads.py
[2024-09-13T08:39:08.241+0000] {processor.py:768} WARNING - No viable dags retrieved from /opt/airflow/dags/subdags/subdag_downloads.py
[2024-09-13T08:39:08.256+0000] {processor.py:176} INFO - Processing /opt/airflow/dags/subdags/subdag_downloads.py took 0.079 seconds
[2024-09-13T08:39:33.950+0000] {processor.py:154} INFO - Started process (PID=2521) to work on /opt/airflow/dags/subdags/subdag_downloads.py
[2024-09-13T08:39:33.952+0000] {processor.py:756} INFO - Processing file /opt/airflow/dags/subdags/subdag_downloads.py for tasks to queue
[2024-09-13T08:39:33.953+0000] {logging_mixin.py:120} INFO - [2024-09-13T08:39:33.953+0000] {dagbag.py:537} INFO - Filling up the DagBag from /opt/airflow/dags/subdags/subdag_downloads.py
[2024-09-13T08:39:34.013+0000] {processor.py:768} WARNING - No viable dags retrieved from /opt/airflow/dags/subdags/subdag_downloads.py
[2024-09-13T08:39:34.036+0000] {processor.py:176} INFO - Processing /opt/airflow/dags/subdags/subdag_downloads.py took 0.089 seconds
[2024-09-13T08:40:04.516+0000] {processor.py:154} INFO - Started process (PID=2547) to work on /opt/airflow/dags/subdags/subdag_downloads.py
[2024-09-13T08:40:04.517+0000] {processor.py:756} INFO - Processing file /opt/airflow/dags/subdags/subdag_downloads.py for tasks to queue
[2024-09-13T08:40:04.518+0000] {logging_mixin.py:120} INFO - [2024-09-13T08:40:04.518+0000] {dagbag.py:537} INFO - Filling up the DagBag from /opt/airflow/dags/subdags/subdag_downloads.py
[2024-09-13T08:40:04.537+0000] {processor.py:768} WARNING - No viable dags retrieved from /opt/airflow/dags/subdags/subdag_downloads.py
[2024-09-13T08:40:04.548+0000] {processor.py:176} INFO - Processing /opt/airflow/dags/subdags/subdag_downloads.py took 0.034 seconds
[2024-09-13T08:40:34.772+0000] {processor.py:154} INFO - Started process (PID=2581) to work on /opt/airflow/dags/subdags/subdag_downloads.py
[2024-09-13T08:40:34.773+0000] {processor.py:756} INFO - Processing file /opt/airflow/dags/subdags/subdag_downloads.py for tasks to queue
[2024-09-13T08:40:34.774+0000] {logging_mixin.py:120} INFO - [2024-09-13T08:40:34.774+0000] {dagbag.py:537} INFO - Filling up the DagBag from /opt/airflow/dags/subdags/subdag_downloads.py
[2024-09-13T08:40:34.800+0000] {processor.py:768} WARNING - No viable dags retrieved from /opt/airflow/dags/subdags/subdag_downloads.py
[2024-09-13T08:40:34.816+0000] {processor.py:176} INFO - Processing /opt/airflow/dags/subdags/subdag_downloads.py took 0.048 seconds
[2024-09-13T08:41:05.553+0000] {processor.py:154} INFO - Started process (PID=2604) to work on /opt/airflow/dags/subdags/subdag_downloads.py
[2024-09-13T08:41:05.606+0000] {processor.py:756} INFO - Processing file /opt/airflow/dags/subdags/subdag_downloads.py for tasks to queue
[2024-09-13T08:41:05.632+0000] {logging_mixin.py:120} INFO - [2024-09-13T08:41:05.632+0000] {dagbag.py:537} INFO - Filling up the DagBag from /opt/airflow/dags/subdags/subdag_downloads.py
[2024-09-13T08:41:05.785+0000] {processor.py:768} WARNING - No viable dags retrieved from /opt/airflow/dags/subdags/subdag_downloads.py
[2024-09-13T08:41:05.812+0000] {processor.py:176} INFO - Processing /opt/airflow/dags/subdags/subdag_downloads.py took 0.262 seconds
[2024-09-13T08:41:37.176+0000] {processor.py:154} INFO - Started process (PID=2638) to work on /opt/airflow/dags/subdags/subdag_downloads.py
[2024-09-13T08:41:37.290+0000] {processor.py:756} INFO - Processing file /opt/airflow/dags/subdags/subdag_downloads.py for tasks to queue
[2024-09-13T08:41:37.292+0000] {logging_mixin.py:120} INFO - [2024-09-13T08:41:37.291+0000] {dagbag.py:537} INFO - Filling up the DagBag from /opt/airflow/dags/subdags/subdag_downloads.py
[2024-09-13T08:41:37.312+0000] {processor.py:768} WARNING - No viable dags retrieved from /opt/airflow/dags/subdags/subdag_downloads.py
[2024-09-13T08:41:37.332+0000] {processor.py:176} INFO - Processing /opt/airflow/dags/subdags/subdag_downloads.py took 0.160 seconds
[2024-09-13T08:42:07.606+0000] {processor.py:154} INFO - Started process (PID=2672) to work on /opt/airflow/dags/subdags/subdag_downloads.py
[2024-09-13T08:42:07.660+0000] {processor.py:756} INFO - Processing file /opt/airflow/dags/subdags/subdag_downloads.py for tasks to queue
[2024-09-13T08:42:07.671+0000] {logging_mixin.py:120} INFO - [2024-09-13T08:42:07.670+0000] {dagbag.py:537} INFO - Filling up the DagBag from /opt/airflow/dags/subdags/subdag_downloads.py
[2024-09-13T08:42:07.865+0000] {processor.py:768} WARNING - No viable dags retrieved from /opt/airflow/dags/subdags/subdag_downloads.py
[2024-09-13T08:42:07.905+0000] {processor.py:176} INFO - Processing /opt/airflow/dags/subdags/subdag_downloads.py took 0.302 seconds
[2024-09-13T08:42:40.549+0000] {processor.py:154} INFO - Started process (PID=2696) to work on /opt/airflow/dags/subdags/subdag_downloads.py
[2024-09-13T08:42:40.551+0000] {processor.py:756} INFO - Processing file /opt/airflow/dags/subdags/subdag_downloads.py for tasks to queue
[2024-09-13T08:42:40.552+0000] {logging_mixin.py:120} INFO - [2024-09-13T08:42:40.551+0000] {dagbag.py:537} INFO - Filling up the DagBag from /opt/airflow/dags/subdags/subdag_downloads.py
[2024-09-13T08:42:40.633+0000] {processor.py:768} WARNING - No viable dags retrieved from /opt/airflow/dags/subdags/subdag_downloads.py
[2024-09-13T08:42:40.659+0000] {processor.py:176} INFO - Processing /opt/airflow/dags/subdags/subdag_downloads.py took 0.113 seconds
[2024-09-13T08:43:10.846+0000] {processor.py:154} INFO - Started process (PID=2729) to work on /opt/airflow/dags/subdags/subdag_downloads.py
[2024-09-13T08:43:10.847+0000] {processor.py:756} INFO - Processing file /opt/airflow/dags/subdags/subdag_downloads.py for tasks to queue
[2024-09-13T08:43:10.848+0000] {logging_mixin.py:120} INFO - [2024-09-13T08:43:10.847+0000] {dagbag.py:537} INFO - Filling up the DagBag from /opt/airflow/dags/subdags/subdag_downloads.py
[2024-09-13T08:43:10.873+0000] {processor.py:768} WARNING - No viable dags retrieved from /opt/airflow/dags/subdags/subdag_downloads.py
[2024-09-13T08:43:10.890+0000] {processor.py:176} INFO - Processing /opt/airflow/dags/subdags/subdag_downloads.py took 0.047 seconds
[2024-09-13T08:43:41.116+0000] {processor.py:154} INFO - Started process (PID=2763) to work on /opt/airflow/dags/subdags/subdag_downloads.py
[2024-09-13T08:43:41.117+0000] {processor.py:756} INFO - Processing file /opt/airflow/dags/subdags/subdag_downloads.py for tasks to queue
[2024-09-13T08:43:41.118+0000] {logging_mixin.py:120} INFO - [2024-09-13T08:43:41.118+0000] {dagbag.py:537} INFO - Filling up the DagBag from /opt/airflow/dags/subdags/subdag_downloads.py
[2024-09-13T08:43:41.249+0000] {processor.py:768} WARNING - No viable dags retrieved from /opt/airflow/dags/subdags/subdag_downloads.py
[2024-09-13T08:43:41.272+0000] {processor.py:176} INFO - Processing /opt/airflow/dags/subdags/subdag_downloads.py took 0.160 seconds
[2024-09-13T08:44:11.586+0000] {processor.py:154} INFO - Started process (PID=2787) to work on /opt/airflow/dags/subdags/subdag_downloads.py
[2024-09-13T08:44:11.587+0000] {processor.py:756} INFO - Processing file /opt/airflow/dags/subdags/subdag_downloads.py for tasks to queue
[2024-09-13T08:44:11.588+0000] {logging_mixin.py:120} INFO - [2024-09-13T08:44:11.588+0000] {dagbag.py:537} INFO - Filling up the DagBag from /opt/airflow/dags/subdags/subdag_downloads.py
[2024-09-13T08:44:11.603+0000] {processor.py:768} WARNING - No viable dags retrieved from /opt/airflow/dags/subdags/subdag_downloads.py
[2024-09-13T08:44:11.619+0000] {processor.py:176} INFO - Processing /opt/airflow/dags/subdags/subdag_downloads.py took 0.035 seconds
[2024-09-13T08:44:42.466+0000] {processor.py:154} INFO - Started process (PID=2820) to work on /opt/airflow/dags/subdags/subdag_downloads.py
[2024-09-13T08:44:42.468+0000] {processor.py:756} INFO - Processing file /opt/airflow/dags/subdags/subdag_downloads.py for tasks to queue
[2024-09-13T08:44:42.469+0000] {logging_mixin.py:120} INFO - [2024-09-13T08:44:42.469+0000] {dagbag.py:537} INFO - Filling up the DagBag from /opt/airflow/dags/subdags/subdag_downloads.py
[2024-09-13T08:44:43.060+0000] {processor.py:768} WARNING - No viable dags retrieved from /opt/airflow/dags/subdags/subdag_downloads.py
[2024-09-13T08:44:43.093+0000] {processor.py:176} INFO - Processing /opt/airflow/dags/subdags/subdag_downloads.py took 0.629 seconds
[2024-09-13T08:45:13.633+0000] {processor.py:154} INFO - Started process (PID=2854) to work on /opt/airflow/dags/subdags/subdag_downloads.py
[2024-09-13T08:45:13.634+0000] {processor.py:756} INFO - Processing file /opt/airflow/dags/subdags/subdag_downloads.py for tasks to queue
[2024-09-13T08:45:13.635+0000] {logging_mixin.py:120} INFO - [2024-09-13T08:45:13.635+0000] {dagbag.py:537} INFO - Filling up the DagBag from /opt/airflow/dags/subdags/subdag_downloads.py
[2024-09-13T08:45:13.653+0000] {processor.py:768} WARNING - No viable dags retrieved from /opt/airflow/dags/subdags/subdag_downloads.py
[2024-09-13T08:45:13.671+0000] {processor.py:176} INFO - Processing /opt/airflow/dags/subdags/subdag_downloads.py took 0.042 seconds
[2024-09-13T08:45:43.967+0000] {processor.py:154} INFO - Started process (PID=2879) to work on /opt/airflow/dags/subdags/subdag_downloads.py
[2024-09-13T08:45:43.968+0000] {processor.py:756} INFO - Processing file /opt/airflow/dags/subdags/subdag_downloads.py for tasks to queue
[2024-09-13T08:45:43.969+0000] {logging_mixin.py:120} INFO - [2024-09-13T08:45:43.969+0000] {dagbag.py:537} INFO - Filling up the DagBag from /opt/airflow/dags/subdags/subdag_downloads.py
[2024-09-13T08:45:43.995+0000] {processor.py:768} WARNING - No viable dags retrieved from /opt/airflow/dags/subdags/subdag_downloads.py
[2024-09-13T08:45:44.008+0000] {processor.py:176} INFO - Processing /opt/airflow/dags/subdags/subdag_downloads.py took 0.044 seconds
[2024-09-13T08:46:14.118+0000] {processor.py:154} INFO - Started process (PID=2914) to work on /opt/airflow/dags/subdags/subdag_downloads.py
[2024-09-13T08:46:14.119+0000] {processor.py:756} INFO - Processing file /opt/airflow/dags/subdags/subdag_downloads.py for tasks to queue
[2024-09-13T08:46:14.120+0000] {logging_mixin.py:120} INFO - [2024-09-13T08:46:14.120+0000] {dagbag.py:537} INFO - Filling up the DagBag from /opt/airflow/dags/subdags/subdag_downloads.py
[2024-09-13T08:46:14.139+0000] {processor.py:768} WARNING - No viable dags retrieved from /opt/airflow/dags/subdags/subdag_downloads.py
[2024-09-13T08:46:14.164+0000] {processor.py:176} INFO - Processing /opt/airflow/dags/subdags/subdag_downloads.py took 0.050 seconds
[2024-09-13T08:46:44.476+0000] {processor.py:154} INFO - Started process (PID=2948) to work on /opt/airflow/dags/subdags/subdag_downloads.py
[2024-09-13T08:46:44.477+0000] {processor.py:756} INFO - Processing file /opt/airflow/dags/subdags/subdag_downloads.py for tasks to queue
[2024-09-13T08:46:44.478+0000] {logging_mixin.py:120} INFO - [2024-09-13T08:46:44.478+0000] {dagbag.py:537} INFO - Filling up the DagBag from /opt/airflow/dags/subdags/subdag_downloads.py
[2024-09-13T08:46:44.499+0000] {processor.py:768} WARNING - No viable dags retrieved from /opt/airflow/dags/subdags/subdag_downloads.py
[2024-09-13T08:46:44.516+0000] {processor.py:176} INFO - Processing /opt/airflow/dags/subdags/subdag_downloads.py took 0.045 seconds
[2024-09-13T08:47:14.839+0000] {processor.py:154} INFO - Started process (PID=2973) to work on /opt/airflow/dags/subdags/subdag_downloads.py
[2024-09-13T08:47:14.842+0000] {processor.py:756} INFO - Processing file /opt/airflow/dags/subdags/subdag_downloads.py for tasks to queue
[2024-09-13T08:47:14.846+0000] {logging_mixin.py:120} INFO - [2024-09-13T08:47:14.846+0000] {dagbag.py:537} INFO - Filling up the DagBag from /opt/airflow/dags/subdags/subdag_downloads.py
[2024-09-13T08:47:14.880+0000] {processor.py:768} WARNING - No viable dags retrieved from /opt/airflow/dags/subdags/subdag_downloads.py
[2024-09-13T08:47:14.899+0000] {processor.py:176} INFO - Processing /opt/airflow/dags/subdags/subdag_downloads.py took 0.063 seconds
[2024-09-13T08:47:45.200+0000] {processor.py:154} INFO - Started process (PID=3006) to work on /opt/airflow/dags/subdags/subdag_downloads.py
[2024-09-13T08:47:45.201+0000] {processor.py:756} INFO - Processing file /opt/airflow/dags/subdags/subdag_downloads.py for tasks to queue
[2024-09-13T08:47:45.204+0000] {logging_mixin.py:120} INFO - [2024-09-13T08:47:45.204+0000] {dagbag.py:537} INFO - Filling up the DagBag from /opt/airflow/dags/subdags/subdag_downloads.py
[2024-09-13T08:47:45.256+0000] {processor.py:768} WARNING - No viable dags retrieved from /opt/airflow/dags/subdags/subdag_downloads.py
[2024-09-13T08:47:45.300+0000] {processor.py:176} INFO - Processing /opt/airflow/dags/subdags/subdag_downloads.py took 0.103 seconds
[2024-09-13T08:48:16.592+0000] {processor.py:154} INFO - Started process (PID=3031) to work on /opt/airflow/dags/subdags/subdag_downloads.py
[2024-09-13T08:48:16.603+0000] {processor.py:756} INFO - Processing file /opt/airflow/dags/subdags/subdag_downloads.py for tasks to queue
[2024-09-13T08:48:16.729+0000] {logging_mixin.py:120} INFO - [2024-09-13T08:48:16.728+0000] {dagbag.py:537} INFO - Filling up the DagBag from /opt/airflow/dags/subdags/subdag_downloads.py
[2024-09-13T08:48:17.254+0000] {processor.py:768} WARNING - No viable dags retrieved from /opt/airflow/dags/subdags/subdag_downloads.py
[2024-09-13T08:48:17.269+0000] {processor.py:176} INFO - Processing /opt/airflow/dags/subdags/subdag_downloads.py took 0.681 seconds
[2024-09-13T08:48:48.244+0000] {processor.py:154} INFO - Started process (PID=3065) to work on /opt/airflow/dags/subdags/subdag_downloads.py
[2024-09-13T08:48:48.248+0000] {processor.py:756} INFO - Processing file /opt/airflow/dags/subdags/subdag_downloads.py for tasks to queue
[2024-09-13T08:48:48.249+0000] {logging_mixin.py:120} INFO - [2024-09-13T08:48:48.249+0000] {dagbag.py:537} INFO - Filling up the DagBag from /opt/airflow/dags/subdags/subdag_downloads.py
[2024-09-13T08:48:48.302+0000] {processor.py:768} WARNING - No viable dags retrieved from /opt/airflow/dags/subdags/subdag_downloads.py
[2024-09-13T08:48:48.324+0000] {processor.py:176} INFO - Processing /opt/airflow/dags/subdags/subdag_downloads.py took 0.085 seconds
[2024-09-13T08:49:18.763+0000] {processor.py:154} INFO - Started process (PID=3099) to work on /opt/airflow/dags/subdags/subdag_downloads.py
[2024-09-13T08:49:18.766+0000] {processor.py:756} INFO - Processing file /opt/airflow/dags/subdags/subdag_downloads.py for tasks to queue
[2024-09-13T08:49:18.768+0000] {logging_mixin.py:120} INFO - [2024-09-13T08:49:18.768+0000] {dagbag.py:537} INFO - Filling up the DagBag from /opt/airflow/dags/subdags/subdag_downloads.py
[2024-09-13T08:49:18.820+0000] {processor.py:768} WARNING - No viable dags retrieved from /opt/airflow/dags/subdags/subdag_downloads.py
[2024-09-13T08:49:18.839+0000] {processor.py:176} INFO - Processing /opt/airflow/dags/subdags/subdag_downloads.py took 0.080 seconds
[2024-09-13T08:49:49.422+0000] {processor.py:154} INFO - Started process (PID=3133) to work on /opt/airflow/dags/subdags/subdag_downloads.py
[2024-09-13T08:49:49.424+0000] {processor.py:756} INFO - Processing file /opt/airflow/dags/subdags/subdag_downloads.py for tasks to queue
[2024-09-13T08:49:49.427+0000] {logging_mixin.py:120} INFO - [2024-09-13T08:49:49.426+0000] {dagbag.py:537} INFO - Filling up the DagBag from /opt/airflow/dags/subdags/subdag_downloads.py
[2024-09-13T08:49:49.665+0000] {processor.py:768} WARNING - No viable dags retrieved from /opt/airflow/dags/subdags/subdag_downloads.py
[2024-09-13T08:49:49.696+0000] {processor.py:176} INFO - Processing /opt/airflow/dags/subdags/subdag_downloads.py took 0.277 seconds
[2024-09-13T08:50:19.925+0000] {processor.py:154} INFO - Started process (PID=3158) to work on /opt/airflow/dags/subdags/subdag_downloads.py
[2024-09-13T08:50:19.939+0000] {processor.py:756} INFO - Processing file /opt/airflow/dags/subdags/subdag_downloads.py for tasks to queue
[2024-09-13T08:50:19.940+0000] {logging_mixin.py:120} INFO - [2024-09-13T08:50:19.940+0000] {dagbag.py:537} INFO - Filling up the DagBag from /opt/airflow/dags/subdags/subdag_downloads.py
[2024-09-13T08:50:19.971+0000] {processor.py:768} WARNING - No viable dags retrieved from /opt/airflow/dags/subdags/subdag_downloads.py
[2024-09-13T08:50:19.984+0000] {processor.py:176} INFO - Processing /opt/airflow/dags/subdags/subdag_downloads.py took 0.063 seconds
[2024-09-13T08:50:50.479+0000] {processor.py:154} INFO - Started process (PID=3192) to work on /opt/airflow/dags/subdags/subdag_downloads.py
[2024-09-13T08:50:50.480+0000] {processor.py:756} INFO - Processing file /opt/airflow/dags/subdags/subdag_downloads.py for tasks to queue
[2024-09-13T08:50:50.489+0000] {logging_mixin.py:120} INFO - [2024-09-13T08:50:50.489+0000] {dagbag.py:537} INFO - Filling up the DagBag from /opt/airflow/dags/subdags/subdag_downloads.py
[2024-09-13T08:50:50.587+0000] {processor.py:768} WARNING - No viable dags retrieved from /opt/airflow/dags/subdags/subdag_downloads.py
[2024-09-13T08:50:50.607+0000] {processor.py:176} INFO - Processing /opt/airflow/dags/subdags/subdag_downloads.py took 0.132 seconds
[2024-09-13T08:51:21.338+0000] {processor.py:154} INFO - Started process (PID=3217) to work on /opt/airflow/dags/subdags/subdag_downloads.py
[2024-09-13T08:51:21.339+0000] {processor.py:756} INFO - Processing file /opt/airflow/dags/subdags/subdag_downloads.py for tasks to queue
[2024-09-13T08:51:21.342+0000] {logging_mixin.py:120} INFO - [2024-09-13T08:51:21.341+0000] {dagbag.py:537} INFO - Filling up the DagBag from /opt/airflow/dags/subdags/subdag_downloads.py
[2024-09-13T08:51:21.361+0000] {processor.py:768} WARNING - No viable dags retrieved from /opt/airflow/dags/subdags/subdag_downloads.py
[2024-09-13T08:51:21.376+0000] {processor.py:176} INFO - Processing /opt/airflow/dags/subdags/subdag_downloads.py took 0.042 seconds
[2024-09-13T08:51:51.729+0000] {processor.py:154} INFO - Started process (PID=3251) to work on /opt/airflow/dags/subdags/subdag_downloads.py
[2024-09-13T08:51:51.730+0000] {processor.py:756} INFO - Processing file /opt/airflow/dags/subdags/subdag_downloads.py for tasks to queue
[2024-09-13T08:51:51.731+0000] {logging_mixin.py:120} INFO - [2024-09-13T08:51:51.731+0000] {dagbag.py:537} INFO - Filling up the DagBag from /opt/airflow/dags/subdags/subdag_downloads.py
[2024-09-13T08:51:51.760+0000] {processor.py:768} WARNING - No viable dags retrieved from /opt/airflow/dags/subdags/subdag_downloads.py
[2024-09-13T08:51:51.780+0000] {processor.py:176} INFO - Processing /opt/airflow/dags/subdags/subdag_downloads.py took 0.056 seconds
[2024-09-13T08:52:09.044+0000] {processor.py:154} INFO - Started process (PID=3266) to work on /opt/airflow/dags/subdags/subdag_downloads.py
[2024-09-13T08:52:09.047+0000] {processor.py:756} INFO - Processing file /opt/airflow/dags/subdags/subdag_downloads.py for tasks to queue
[2024-09-13T08:52:09.049+0000] {logging_mixin.py:120} INFO - [2024-09-13T08:52:09.048+0000] {dagbag.py:537} INFO - Filling up the DagBag from /opt/airflow/dags/subdags/subdag_downloads.py
[2024-09-13T08:52:09.359+0000] {processor.py:768} WARNING - No viable dags retrieved from /opt/airflow/dags/subdags/subdag_downloads.py
[2024-09-13T08:52:09.377+0000] {processor.py:176} INFO - Processing /opt/airflow/dags/subdags/subdag_downloads.py took 0.335 seconds
[2024-09-13T08:52:39.528+0000] {processor.py:154} INFO - Started process (PID=3299) to work on /opt/airflow/dags/subdags/subdag_downloads.py
[2024-09-13T08:52:39.529+0000] {processor.py:756} INFO - Processing file /opt/airflow/dags/subdags/subdag_downloads.py for tasks to queue
[2024-09-13T08:52:39.530+0000] {logging_mixin.py:120} INFO - [2024-09-13T08:52:39.530+0000] {dagbag.py:537} INFO - Filling up the DagBag from /opt/airflow/dags/subdags/subdag_downloads.py
[2024-09-13T08:52:39.552+0000] {processor.py:768} WARNING - No viable dags retrieved from /opt/airflow/dags/subdags/subdag_downloads.py
[2024-09-13T08:52:39.569+0000] {processor.py:176} INFO - Processing /opt/airflow/dags/subdags/subdag_downloads.py took 0.044 seconds
[2024-09-13T08:53:09.869+0000] {processor.py:154} INFO - Started process (PID=3332) to work on /opt/airflow/dags/subdags/subdag_downloads.py
[2024-09-13T08:53:09.870+0000] {processor.py:756} INFO - Processing file /opt/airflow/dags/subdags/subdag_downloads.py for tasks to queue
[2024-09-13T08:53:09.871+0000] {logging_mixin.py:120} INFO - [2024-09-13T08:53:09.871+0000] {dagbag.py:537} INFO - Filling up the DagBag from /opt/airflow/dags/subdags/subdag_downloads.py
[2024-09-13T08:53:10.151+0000] {processor.py:768} WARNING - No viable dags retrieved from /opt/airflow/dags/subdags/subdag_downloads.py
[2024-09-13T08:53:10.171+0000] {processor.py:176} INFO - Processing /opt/airflow/dags/subdags/subdag_downloads.py took 0.307 seconds
[2024-09-13T08:53:40.731+0000] {processor.py:154} INFO - Started process (PID=3359) to work on /opt/airflow/dags/subdags/subdag_downloads.py
[2024-09-13T08:53:40.887+0000] {processor.py:756} INFO - Processing file /opt/airflow/dags/subdags/subdag_downloads.py for tasks to queue
[2024-09-13T08:53:40.891+0000] {logging_mixin.py:120} INFO - [2024-09-13T08:53:40.891+0000] {dagbag.py:537} INFO - Filling up the DagBag from /opt/airflow/dags/subdags/subdag_downloads.py
[2024-09-13T08:53:42.101+0000] {processor.py:768} WARNING - No viable dags retrieved from /opt/airflow/dags/subdags/subdag_downloads.py
[2024-09-13T08:53:42.124+0000] {processor.py:176} INFO - Processing /opt/airflow/dags/subdags/subdag_downloads.py took 1.397 seconds
[2024-09-13T08:54:12.646+0000] {processor.py:154} INFO - Started process (PID=3394) to work on /opt/airflow/dags/subdags/subdag_downloads.py
[2024-09-13T08:54:12.647+0000] {processor.py:756} INFO - Processing file /opt/airflow/dags/subdags/subdag_downloads.py for tasks to queue
[2024-09-13T08:54:12.648+0000] {logging_mixin.py:120} INFO - [2024-09-13T08:54:12.648+0000] {dagbag.py:537} INFO - Filling up the DagBag from /opt/airflow/dags/subdags/subdag_downloads.py
[2024-09-13T08:54:12.663+0000] {processor.py:768} WARNING - No viable dags retrieved from /opt/airflow/dags/subdags/subdag_downloads.py
[2024-09-13T08:54:12.679+0000] {processor.py:176} INFO - Processing /opt/airflow/dags/subdags/subdag_downloads.py took 0.036 seconds
[2024-09-13T08:54:43.476+0000] {processor.py:154} INFO - Started process (PID=3429) to work on /opt/airflow/dags/subdags/subdag_downloads.py
[2024-09-13T08:54:43.477+0000] {processor.py:756} INFO - Processing file /opt/airflow/dags/subdags/subdag_downloads.py for tasks to queue
[2024-09-13T08:54:43.479+0000] {logging_mixin.py:120} INFO - [2024-09-13T08:54:43.478+0000] {dagbag.py:537} INFO - Filling up the DagBag from /opt/airflow/dags/subdags/subdag_downloads.py
[2024-09-13T08:54:43.500+0000] {processor.py:768} WARNING - No viable dags retrieved from /opt/airflow/dags/subdags/subdag_downloads.py
[2024-09-13T08:54:43.516+0000] {processor.py:176} INFO - Processing /opt/airflow/dags/subdags/subdag_downloads.py took 0.042 seconds
[2024-09-13T08:55:13.746+0000] {processor.py:154} INFO - Started process (PID=3456) to work on /opt/airflow/dags/subdags/subdag_downloads.py
[2024-09-13T08:55:13.747+0000] {processor.py:756} INFO - Processing file /opt/airflow/dags/subdags/subdag_downloads.py for tasks to queue
[2024-09-13T08:55:13.748+0000] {logging_mixin.py:120} INFO - [2024-09-13T08:55:13.748+0000] {dagbag.py:537} INFO - Filling up the DagBag from /opt/airflow/dags/subdags/subdag_downloads.py
[2024-09-13T08:55:13.769+0000] {processor.py:768} WARNING - No viable dags retrieved from /opt/airflow/dags/subdags/subdag_downloads.py
[2024-09-13T08:55:13.796+0000] {processor.py:176} INFO - Processing /opt/airflow/dags/subdags/subdag_downloads.py took 0.056 seconds
[2024-09-13T08:55:43.936+0000] {processor.py:154} INFO - Started process (PID=3490) to work on /opt/airflow/dags/subdags/subdag_downloads.py
[2024-09-13T08:55:43.939+0000] {processor.py:756} INFO - Processing file /opt/airflow/dags/subdags/subdag_downloads.py for tasks to queue
[2024-09-13T08:55:43.940+0000] {logging_mixin.py:120} INFO - [2024-09-13T08:55:43.940+0000] {dagbag.py:537} INFO - Filling up the DagBag from /opt/airflow/dags/subdags/subdag_downloads.py
[2024-09-13T08:55:43.976+0000] {processor.py:768} WARNING - No viable dags retrieved from /opt/airflow/dags/subdags/subdag_downloads.py
[2024-09-13T08:55:43.992+0000] {processor.py:176} INFO - Processing /opt/airflow/dags/subdags/subdag_downloads.py took 0.062 seconds
[2024-09-13T08:56:14.070+0000] {processor.py:154} INFO - Started process (PID=3517) to work on /opt/airflow/dags/subdags/subdag_downloads.py
[2024-09-13T08:56:14.071+0000] {processor.py:756} INFO - Processing file /opt/airflow/dags/subdags/subdag_downloads.py for tasks to queue
[2024-09-13T08:56:14.072+0000] {logging_mixin.py:120} INFO - [2024-09-13T08:56:14.072+0000] {dagbag.py:537} INFO - Filling up the DagBag from /opt/airflow/dags/subdags/subdag_downloads.py
[2024-09-13T08:56:14.088+0000] {processor.py:768} WARNING - No viable dags retrieved from /opt/airflow/dags/subdags/subdag_downloads.py
[2024-09-13T08:56:14.108+0000] {processor.py:176} INFO - Processing /opt/airflow/dags/subdags/subdag_downloads.py took 0.042 seconds
[2024-09-13T08:56:45.045+0000] {processor.py:154} INFO - Started process (PID=3552) to work on /opt/airflow/dags/subdags/subdag_downloads.py
[2024-09-13T08:56:45.046+0000] {processor.py:756} INFO - Processing file /opt/airflow/dags/subdags/subdag_downloads.py for tasks to queue
[2024-09-13T08:56:45.047+0000] {logging_mixin.py:120} INFO - [2024-09-13T08:56:45.047+0000] {dagbag.py:537} INFO - Filling up the DagBag from /opt/airflow/dags/subdags/subdag_downloads.py
[2024-09-13T08:56:45.072+0000] {processor.py:768} WARNING - No viable dags retrieved from /opt/airflow/dags/subdags/subdag_downloads.py
[2024-09-13T08:56:45.093+0000] {processor.py:176} INFO - Processing /opt/airflow/dags/subdags/subdag_downloads.py took 0.057 seconds
