[2024-09-13T06:51:33.700+0000] {processor.py:154} INFO - Started process (PID=51) to work on /opt/airflow/dags/subdags/subdags_download.py
[2024-09-13T06:51:33.702+0000] {processor.py:756} INFO - Processing file /opt/airflow/dags/subdags/subdags_download.py for tasks to queue
[2024-09-13T06:51:33.704+0000] {logging_mixin.py:120} INFO - [2024-09-13T06:51:33.703+0000] {dagbag.py:537} INFO - Filling up the DagBag from /opt/airflow/dags/subdags/subdags_download.py
[2024-09-13T06:51:33.809+0000] {processor.py:768} WARNING - No viable dags retrieved from /opt/airflow/dags/subdags/subdags_download.py
[2024-09-13T06:51:33.849+0000] {processor.py:176} INFO - Processing /opt/airflow/dags/subdags/subdags_download.py took 0.155 seconds
[2024-09-13T06:52:04.460+0000] {processor.py:154} INFO - Started process (PID=85) to work on /opt/airflow/dags/subdags/subdags_download.py
[2024-09-13T06:52:04.462+0000] {processor.py:756} INFO - Processing file /opt/airflow/dags/subdags/subdags_download.py for tasks to queue
[2024-09-13T06:52:04.463+0000] {logging_mixin.py:120} INFO - [2024-09-13T06:52:04.463+0000] {dagbag.py:537} INFO - Filling up the DagBag from /opt/airflow/dags/subdags/subdags_download.py
[2024-09-13T06:52:04.503+0000] {processor.py:768} WARNING - No viable dags retrieved from /opt/airflow/dags/subdags/subdags_download.py
[2024-09-13T06:52:04.526+0000] {processor.py:176} INFO - Processing /opt/airflow/dags/subdags/subdags_download.py took 0.071 seconds
[2024-09-13T06:52:35.493+0000] {processor.py:154} INFO - Started process (PID=110) to work on /opt/airflow/dags/subdags/subdags_download.py
[2024-09-13T06:52:35.494+0000] {processor.py:756} INFO - Processing file /opt/airflow/dags/subdags/subdags_download.py for tasks to queue
[2024-09-13T06:52:35.495+0000] {logging_mixin.py:120} INFO - [2024-09-13T06:52:35.495+0000] {dagbag.py:537} INFO - Filling up the DagBag from /opt/airflow/dags/subdags/subdags_download.py
[2024-09-13T06:52:35.520+0000] {processor.py:768} WARNING - No viable dags retrieved from /opt/airflow/dags/subdags/subdags_download.py
[2024-09-13T06:52:35.532+0000] {processor.py:176} INFO - Processing /opt/airflow/dags/subdags/subdags_download.py took 0.043 seconds
[2024-09-13T06:53:06.073+0000] {processor.py:154} INFO - Started process (PID=144) to work on /opt/airflow/dags/subdags/subdags_download.py
[2024-09-13T06:53:06.076+0000] {processor.py:756} INFO - Processing file /opt/airflow/dags/subdags/subdags_download.py for tasks to queue
[2024-09-13T06:53:06.078+0000] {logging_mixin.py:120} INFO - [2024-09-13T06:53:06.077+0000] {dagbag.py:537} INFO - Filling up the DagBag from /opt/airflow/dags/subdags/subdags_download.py
[2024-09-13T06:53:06.102+0000] {processor.py:768} WARNING - No viable dags retrieved from /opt/airflow/dags/subdags/subdags_download.py
[2024-09-13T06:53:06.122+0000] {processor.py:176} INFO - Processing /opt/airflow/dags/subdags/subdags_download.py took 0.052 seconds
[2024-09-13T06:53:37.321+0000] {processor.py:154} INFO - Started process (PID=178) to work on /opt/airflow/dags/subdags/subdags_download.py
[2024-09-13T06:53:37.323+0000] {processor.py:756} INFO - Processing file /opt/airflow/dags/subdags/subdags_download.py for tasks to queue
[2024-09-13T06:53:37.324+0000] {logging_mixin.py:120} INFO - [2024-09-13T06:53:37.324+0000] {dagbag.py:537} INFO - Filling up the DagBag from /opt/airflow/dags/subdags/subdags_download.py
[2024-09-13T06:53:37.348+0000] {processor.py:768} WARNING - No viable dags retrieved from /opt/airflow/dags/subdags/subdags_download.py
[2024-09-13T06:53:37.365+0000] {processor.py:176} INFO - Processing /opt/airflow/dags/subdags/subdags_download.py took 0.047 seconds
[2024-09-13T06:54:08.234+0000] {processor.py:154} INFO - Started process (PID=212) to work on /opt/airflow/dags/subdags/subdags_download.py
[2024-09-13T06:54:08.235+0000] {processor.py:756} INFO - Processing file /opt/airflow/dags/subdags/subdags_download.py for tasks to queue
[2024-09-13T06:54:08.235+0000] {logging_mixin.py:120} INFO - [2024-09-13T06:54:08.235+0000] {dagbag.py:537} INFO - Filling up the DagBag from /opt/airflow/dags/subdags/subdags_download.py
[2024-09-13T06:54:08.310+0000] {processor.py:768} WARNING - No viable dags retrieved from /opt/airflow/dags/subdags/subdags_download.py
[2024-09-13T06:54:08.320+0000] {processor.py:176} INFO - Processing /opt/airflow/dags/subdags/subdags_download.py took 0.089 seconds
[2024-09-13T06:54:39.189+0000] {processor.py:154} INFO - Started process (PID=237) to work on /opt/airflow/dags/subdags/subdags_download.py
[2024-09-13T06:54:39.190+0000] {processor.py:756} INFO - Processing file /opt/airflow/dags/subdags/subdags_download.py for tasks to queue
[2024-09-13T06:54:39.192+0000] {logging_mixin.py:120} INFO - [2024-09-13T06:54:39.191+0000] {dagbag.py:537} INFO - Filling up the DagBag from /opt/airflow/dags/subdags/subdags_download.py
[2024-09-13T06:54:39.221+0000] {processor.py:768} WARNING - No viable dags retrieved from /opt/airflow/dags/subdags/subdags_download.py
[2024-09-13T06:54:39.239+0000] {processor.py:176} INFO - Processing /opt/airflow/dags/subdags/subdags_download.py took 0.053 seconds
[2024-09-13T06:55:11.210+0000] {processor.py:154} INFO - Started process (PID=271) to work on /opt/airflow/dags/subdags/subdags_download.py
[2024-09-13T06:55:11.212+0000] {processor.py:756} INFO - Processing file /opt/airflow/dags/subdags/subdags_download.py for tasks to queue
[2024-09-13T06:55:11.213+0000] {logging_mixin.py:120} INFO - [2024-09-13T06:55:11.212+0000] {dagbag.py:537} INFO - Filling up the DagBag from /opt/airflow/dags/subdags/subdags_download.py
[2024-09-13T06:55:11.253+0000] {processor.py:768} WARNING - No viable dags retrieved from /opt/airflow/dags/subdags/subdags_download.py
[2024-09-13T06:55:11.267+0000] {processor.py:176} INFO - Processing /opt/airflow/dags/subdags/subdags_download.py took 0.059 seconds
[2024-09-13T06:55:43.397+0000] {processor.py:154} INFO - Started process (PID=305) to work on /opt/airflow/dags/subdags/subdags_download.py
[2024-09-13T06:55:43.398+0000] {processor.py:756} INFO - Processing file /opt/airflow/dags/subdags/subdags_download.py for tasks to queue
[2024-09-13T06:55:43.399+0000] {logging_mixin.py:120} INFO - [2024-09-13T06:55:43.399+0000] {dagbag.py:537} INFO - Filling up the DagBag from /opt/airflow/dags/subdags/subdags_download.py
[2024-09-13T06:55:43.421+0000] {processor.py:768} WARNING - No viable dags retrieved from /opt/airflow/dags/subdags/subdags_download.py
[2024-09-13T06:55:43.436+0000] {processor.py:176} INFO - Processing /opt/airflow/dags/subdags/subdags_download.py took 0.042 seconds
[2024-09-13T06:56:13.913+0000] {processor.py:154} INFO - Started process (PID=339) to work on /opt/airflow/dags/subdags/subdags_download.py
[2024-09-13T06:56:13.915+0000] {processor.py:756} INFO - Processing file /opt/airflow/dags/subdags/subdags_download.py for tasks to queue
[2024-09-13T06:56:13.916+0000] {logging_mixin.py:120} INFO - [2024-09-13T06:56:13.916+0000] {dagbag.py:537} INFO - Filling up the DagBag from /opt/airflow/dags/subdags/subdags_download.py
[2024-09-13T06:56:13.960+0000] {processor.py:768} WARNING - No viable dags retrieved from /opt/airflow/dags/subdags/subdags_download.py
[2024-09-13T06:56:13.981+0000] {processor.py:176} INFO - Processing /opt/airflow/dags/subdags/subdags_download.py took 0.073 seconds
[2024-09-13T06:56:44.526+0000] {processor.py:154} INFO - Started process (PID=366) to work on /opt/airflow/dags/subdags/subdags_download.py
[2024-09-13T06:56:44.531+0000] {processor.py:756} INFO - Processing file /opt/airflow/dags/subdags/subdags_download.py for tasks to queue
[2024-09-13T06:56:44.535+0000] {logging_mixin.py:120} INFO - [2024-09-13T06:56:44.534+0000] {dagbag.py:537} INFO - Filling up the DagBag from /opt/airflow/dags/subdags/subdags_download.py
[2024-09-13T06:56:44.608+0000] {processor.py:768} WARNING - No viable dags retrieved from /opt/airflow/dags/subdags/subdags_download.py
[2024-09-13T06:56:44.647+0000] {processor.py:176} INFO - Processing /opt/airflow/dags/subdags/subdags_download.py took 0.127 seconds
[2024-09-13T06:57:16.090+0000] {processor.py:154} INFO - Started process (PID=399) to work on /opt/airflow/dags/subdags/subdags_download.py
[2024-09-13T06:57:16.092+0000] {processor.py:756} INFO - Processing file /opt/airflow/dags/subdags/subdags_download.py for tasks to queue
[2024-09-13T06:57:16.092+0000] {logging_mixin.py:120} INFO - [2024-09-13T06:57:16.092+0000] {dagbag.py:537} INFO - Filling up the DagBag from /opt/airflow/dags/subdags/subdags_download.py
[2024-09-13T06:57:16.118+0000] {processor.py:768} WARNING - No viable dags retrieved from /opt/airflow/dags/subdags/subdags_download.py
[2024-09-13T06:57:16.132+0000] {processor.py:176} INFO - Processing /opt/airflow/dags/subdags/subdags_download.py took 0.043 seconds
[2024-09-13T06:57:46.322+0000] {processor.py:154} INFO - Started process (PID=424) to work on /opt/airflow/dags/subdags/subdags_download.py
[2024-09-13T06:57:46.355+0000] {processor.py:756} INFO - Processing file /opt/airflow/dags/subdags/subdags_download.py for tasks to queue
[2024-09-13T06:57:46.397+0000] {logging_mixin.py:120} INFO - [2024-09-13T06:57:46.397+0000] {dagbag.py:537} INFO - Filling up the DagBag from /opt/airflow/dags/subdags/subdags_download.py
[2024-09-13T06:57:46.462+0000] {processor.py:768} WARNING - No viable dags retrieved from /opt/airflow/dags/subdags/subdags_download.py
[2024-09-13T06:57:46.492+0000] {processor.py:176} INFO - Processing /opt/airflow/dags/subdags/subdags_download.py took 0.173 seconds
[2024-09-13T06:58:16.793+0000] {processor.py:154} INFO - Started process (PID=458) to work on /opt/airflow/dags/subdags/subdags_download.py
[2024-09-13T06:58:16.794+0000] {processor.py:756} INFO - Processing file /opt/airflow/dags/subdags/subdags_download.py for tasks to queue
[2024-09-13T06:58:16.795+0000] {logging_mixin.py:120} INFO - [2024-09-13T06:58:16.795+0000] {dagbag.py:537} INFO - Filling up the DagBag from /opt/airflow/dags/subdags/subdags_download.py
[2024-09-13T06:58:16.826+0000] {processor.py:768} WARNING - No viable dags retrieved from /opt/airflow/dags/subdags/subdags_download.py
[2024-09-13T06:58:16.847+0000] {processor.py:176} INFO - Processing /opt/airflow/dags/subdags/subdags_download.py took 0.056 seconds
[2024-09-13T06:58:47.784+0000] {processor.py:154} INFO - Started process (PID=492) to work on /opt/airflow/dags/subdags/subdags_download.py
[2024-09-13T06:58:47.787+0000] {processor.py:756} INFO - Processing file /opt/airflow/dags/subdags/subdags_download.py for tasks to queue
[2024-09-13T06:58:47.788+0000] {logging_mixin.py:120} INFO - [2024-09-13T06:58:47.788+0000] {dagbag.py:537} INFO - Filling up the DagBag from /opt/airflow/dags/subdags/subdags_download.py
[2024-09-13T06:58:47.813+0000] {processor.py:768} WARNING - No viable dags retrieved from /opt/airflow/dags/subdags/subdags_download.py
[2024-09-13T06:58:47.831+0000] {processor.py:176} INFO - Processing /opt/airflow/dags/subdags/subdags_download.py took 0.052 seconds
[2024-09-13T06:59:18.480+0000] {processor.py:154} INFO - Started process (PID=526) to work on /opt/airflow/dags/subdags/subdags_download.py
[2024-09-13T06:59:18.490+0000] {processor.py:756} INFO - Processing file /opt/airflow/dags/subdags/subdags_download.py for tasks to queue
[2024-09-13T06:59:18.492+0000] {logging_mixin.py:120} INFO - [2024-09-13T06:59:18.492+0000] {dagbag.py:537} INFO - Filling up the DagBag from /opt/airflow/dags/subdags/subdags_download.py
[2024-09-13T06:59:18.525+0000] {processor.py:768} WARNING - No viable dags retrieved from /opt/airflow/dags/subdags/subdags_download.py
[2024-09-13T06:59:18.543+0000] {processor.py:176} INFO - Processing /opt/airflow/dags/subdags/subdags_download.py took 0.069 seconds
[2024-09-13T06:59:49.679+0000] {processor.py:154} INFO - Started process (PID=552) to work on /opt/airflow/dags/subdags/subdags_download.py
[2024-09-13T06:59:49.680+0000] {processor.py:756} INFO - Processing file /opt/airflow/dags/subdags/subdags_download.py for tasks to queue
[2024-09-13T06:59:49.681+0000] {logging_mixin.py:120} INFO - [2024-09-13T06:59:49.681+0000] {dagbag.py:537} INFO - Filling up the DagBag from /opt/airflow/dags/subdags/subdags_download.py
[2024-09-13T06:59:49.722+0000] {processor.py:768} WARNING - No viable dags retrieved from /opt/airflow/dags/subdags/subdags_download.py
[2024-09-13T06:59:49.734+0000] {processor.py:176} INFO - Processing /opt/airflow/dags/subdags/subdags_download.py took 0.057 seconds
[2024-09-13T07:00:20.661+0000] {processor.py:154} INFO - Started process (PID=586) to work on /opt/airflow/dags/subdags/subdags_download.py
[2024-09-13T07:00:20.663+0000] {processor.py:756} INFO - Processing file /opt/airflow/dags/subdags/subdags_download.py for tasks to queue
[2024-09-13T07:00:20.664+0000] {logging_mixin.py:120} INFO - [2024-09-13T07:00:20.664+0000] {dagbag.py:537} INFO - Filling up the DagBag from /opt/airflow/dags/subdags/subdags_download.py
[2024-09-13T07:00:20.684+0000] {processor.py:768} WARNING - No viable dags retrieved from /opt/airflow/dags/subdags/subdags_download.py
[2024-09-13T07:00:20.696+0000] {processor.py:176} INFO - Processing /opt/airflow/dags/subdags/subdags_download.py took 0.037 seconds
[2024-09-13T07:00:51.567+0000] {processor.py:154} INFO - Started process (PID=620) to work on /opt/airflow/dags/subdags/subdags_download.py
[2024-09-13T07:00:51.567+0000] {processor.py:756} INFO - Processing file /opt/airflow/dags/subdags/subdags_download.py for tasks to queue
[2024-09-13T07:00:51.568+0000] {logging_mixin.py:120} INFO - [2024-09-13T07:00:51.568+0000] {dagbag.py:537} INFO - Filling up the DagBag from /opt/airflow/dags/subdags/subdags_download.py
[2024-09-13T07:00:51.592+0000] {processor.py:768} WARNING - No viable dags retrieved from /opt/airflow/dags/subdags/subdags_download.py
[2024-09-13T07:00:51.602+0000] {processor.py:176} INFO - Processing /opt/airflow/dags/subdags/subdags_download.py took 0.038 seconds
[2024-09-13T07:01:22.528+0000] {processor.py:154} INFO - Started process (PID=654) to work on /opt/airflow/dags/subdags/subdags_download.py
[2024-09-13T07:01:22.531+0000] {processor.py:756} INFO - Processing file /opt/airflow/dags/subdags/subdags_download.py for tasks to queue
[2024-09-13T07:01:22.558+0000] {logging_mixin.py:120} INFO - [2024-09-13T07:01:22.558+0000] {dagbag.py:537} INFO - Filling up the DagBag from /opt/airflow/dags/subdags/subdags_download.py
[2024-09-13T07:01:22.611+0000] {processor.py:768} WARNING - No viable dags retrieved from /opt/airflow/dags/subdags/subdags_download.py
[2024-09-13T07:01:22.623+0000] {processor.py:176} INFO - Processing /opt/airflow/dags/subdags/subdags_download.py took 0.097 seconds
[2024-09-13T07:01:53.479+0000] {processor.py:154} INFO - Started process (PID=688) to work on /opt/airflow/dags/subdags/subdags_download.py
[2024-09-13T07:01:53.480+0000] {processor.py:756} INFO - Processing file /opt/airflow/dags/subdags/subdags_download.py for tasks to queue
[2024-09-13T07:01:53.480+0000] {logging_mixin.py:120} INFO - [2024-09-13T07:01:53.480+0000] {dagbag.py:537} INFO - Filling up the DagBag from /opt/airflow/dags/subdags/subdags_download.py
[2024-09-13T07:01:53.501+0000] {processor.py:768} WARNING - No viable dags retrieved from /opt/airflow/dags/subdags/subdags_download.py
[2024-09-13T07:01:53.513+0000] {processor.py:176} INFO - Processing /opt/airflow/dags/subdags/subdags_download.py took 0.037 seconds
[2024-09-13T07:02:24.180+0000] {processor.py:154} INFO - Started process (PID=713) to work on /opt/airflow/dags/subdags/subdags_download.py
[2024-09-13T07:02:24.181+0000] {processor.py:756} INFO - Processing file /opt/airflow/dags/subdags/subdags_download.py for tasks to queue
[2024-09-13T07:02:24.181+0000] {logging_mixin.py:120} INFO - [2024-09-13T07:02:24.181+0000] {dagbag.py:537} INFO - Filling up the DagBag from /opt/airflow/dags/subdags/subdags_download.py
[2024-09-13T07:02:24.211+0000] {processor.py:768} WARNING - No viable dags retrieved from /opt/airflow/dags/subdags/subdags_download.py
[2024-09-13T07:02:24.224+0000] {processor.py:176} INFO - Processing /opt/airflow/dags/subdags/subdags_download.py took 0.047 seconds
[2024-09-13T07:02:54.483+0000] {processor.py:154} INFO - Started process (PID=746) to work on /opt/airflow/dags/subdags/subdags_download.py
[2024-09-13T07:02:54.484+0000] {processor.py:756} INFO - Processing file /opt/airflow/dags/subdags/subdags_download.py for tasks to queue
[2024-09-13T07:02:54.486+0000] {logging_mixin.py:120} INFO - [2024-09-13T07:02:54.486+0000] {dagbag.py:537} INFO - Filling up the DagBag from /opt/airflow/dags/subdags/subdags_download.py
[2024-09-13T07:02:54.508+0000] {processor.py:768} WARNING - No viable dags retrieved from /opt/airflow/dags/subdags/subdags_download.py
[2024-09-13T07:02:54.517+0000] {processor.py:176} INFO - Processing /opt/airflow/dags/subdags/subdags_download.py took 0.037 seconds
[2024-09-13T07:03:24.571+0000] {processor.py:154} INFO - Started process (PID=779) to work on /opt/airflow/dags/subdags/subdags_download.py
[2024-09-13T07:03:24.573+0000] {processor.py:756} INFO - Processing file /opt/airflow/dags/subdags/subdags_download.py for tasks to queue
[2024-09-13T07:03:24.574+0000] {logging_mixin.py:120} INFO - [2024-09-13T07:03:24.574+0000] {dagbag.py:537} INFO - Filling up the DagBag from /opt/airflow/dags/subdags/subdags_download.py
[2024-09-13T07:03:24.598+0000] {processor.py:768} WARNING - No viable dags retrieved from /opt/airflow/dags/subdags/subdags_download.py
[2024-09-13T07:03:24.611+0000] {processor.py:176} INFO - Processing /opt/airflow/dags/subdags/subdags_download.py took 0.044 seconds
[2024-09-13T07:03:55.202+0000] {processor.py:154} INFO - Started process (PID=805) to work on /opt/airflow/dags/subdags/subdags_download.py
[2024-09-13T07:03:55.203+0000] {processor.py:756} INFO - Processing file /opt/airflow/dags/subdags/subdags_download.py for tasks to queue
[2024-09-13T07:03:55.203+0000] {logging_mixin.py:120} INFO - [2024-09-13T07:03:55.203+0000] {dagbag.py:537} INFO - Filling up the DagBag from /opt/airflow/dags/subdags/subdags_download.py
[2024-09-13T07:03:55.257+0000] {processor.py:768} WARNING - No viable dags retrieved from /opt/airflow/dags/subdags/subdags_download.py
[2024-09-13T07:03:55.272+0000] {processor.py:176} INFO - Processing /opt/airflow/dags/subdags/subdags_download.py took 0.072 seconds
[2024-09-13T07:04:25.337+0000] {processor.py:154} INFO - Started process (PID=838) to work on /opt/airflow/dags/subdags/subdags_download.py
[2024-09-13T07:04:25.339+0000] {processor.py:756} INFO - Processing file /opt/airflow/dags/subdags/subdags_download.py for tasks to queue
[2024-09-13T07:04:25.340+0000] {logging_mixin.py:120} INFO - [2024-09-13T07:04:25.340+0000] {dagbag.py:537} INFO - Filling up the DagBag from /opt/airflow/dags/subdags/subdags_download.py
[2024-09-13T07:04:25.357+0000] {processor.py:768} WARNING - No viable dags retrieved from /opt/airflow/dags/subdags/subdags_download.py
[2024-09-13T07:04:25.370+0000] {processor.py:176} INFO - Processing /opt/airflow/dags/subdags/subdags_download.py took 0.035 seconds
[2024-09-13T07:04:55.807+0000] {processor.py:154} INFO - Started process (PID=872) to work on /opt/airflow/dags/subdags/subdags_download.py
[2024-09-13T07:04:55.808+0000] {processor.py:756} INFO - Processing file /opt/airflow/dags/subdags/subdags_download.py for tasks to queue
[2024-09-13T07:04:55.809+0000] {logging_mixin.py:120} INFO - [2024-09-13T07:04:55.809+0000] {dagbag.py:537} INFO - Filling up the DagBag from /opt/airflow/dags/subdags/subdags_download.py
[2024-09-13T07:04:55.837+0000] {processor.py:768} WARNING - No viable dags retrieved from /opt/airflow/dags/subdags/subdags_download.py
[2024-09-13T07:04:55.855+0000] {processor.py:176} INFO - Processing /opt/airflow/dags/subdags/subdags_download.py took 0.051 seconds
[2024-09-13T07:05:25.983+0000] {processor.py:154} INFO - Started process (PID=897) to work on /opt/airflow/dags/subdags/subdags_download.py
[2024-09-13T07:05:25.985+0000] {processor.py:756} INFO - Processing file /opt/airflow/dags/subdags/subdags_download.py for tasks to queue
[2024-09-13T07:05:25.985+0000] {logging_mixin.py:120} INFO - [2024-09-13T07:05:25.985+0000] {dagbag.py:537} INFO - Filling up the DagBag from /opt/airflow/dags/subdags/subdags_download.py
[2024-09-13T07:05:26.003+0000] {processor.py:768} WARNING - No viable dags retrieved from /opt/airflow/dags/subdags/subdags_download.py
[2024-09-13T07:05:26.014+0000] {processor.py:176} INFO - Processing /opt/airflow/dags/subdags/subdags_download.py took 0.034 seconds
[2024-09-13T08:14:19.068+0000] {processor.py:154} INFO - Started process (PID=932) to work on /opt/airflow/dags/subdags/subdags_download.py
[2024-09-13T08:14:19.072+0000] {processor.py:756} INFO - Processing file /opt/airflow/dags/subdags/subdags_download.py for tasks to queue
[2024-09-13T08:14:19.074+0000] {logging_mixin.py:120} INFO - [2024-09-13T08:14:19.073+0000] {dagbag.py:537} INFO - Filling up the DagBag from /opt/airflow/dags/subdags/subdags_download.py
[2024-09-13T08:14:22.005+0000] {processor.py:768} WARNING - No viable dags retrieved from /opt/airflow/dags/subdags/subdags_download.py
[2024-09-13T08:14:22.037+0000] {processor.py:176} INFO - Processing /opt/airflow/dags/subdags/subdags_download.py took 2.976 seconds
[2024-09-13T08:14:53.176+0000] {processor.py:154} INFO - Started process (PID=966) to work on /opt/airflow/dags/subdags/subdags_download.py
[2024-09-13T08:14:53.178+0000] {processor.py:756} INFO - Processing file /opt/airflow/dags/subdags/subdags_download.py for tasks to queue
[2024-09-13T08:14:53.179+0000] {logging_mixin.py:120} INFO - [2024-09-13T08:14:53.179+0000] {dagbag.py:537} INFO - Filling up the DagBag from /opt/airflow/dags/subdags/subdags_download.py
[2024-09-13T08:14:53.202+0000] {processor.py:768} WARNING - No viable dags retrieved from /opt/airflow/dags/subdags/subdags_download.py
[2024-09-13T08:14:53.218+0000] {processor.py:176} INFO - Processing /opt/airflow/dags/subdags/subdags_download.py took 0.045 seconds
[2024-09-13T08:15:23.774+0000] {processor.py:154} INFO - Started process (PID=998) to work on /opt/airflow/dags/subdags/subdags_download.py
[2024-09-13T08:15:23.774+0000] {processor.py:756} INFO - Processing file /opt/airflow/dags/subdags/subdags_download.py for tasks to queue
[2024-09-13T08:15:23.775+0000] {logging_mixin.py:120} INFO - [2024-09-13T08:15:23.775+0000] {dagbag.py:537} INFO - Filling up the DagBag from /opt/airflow/dags/subdags/subdags_download.py
[2024-09-13T08:15:25.251+0000] {processor.py:768} WARNING - No viable dags retrieved from /opt/airflow/dags/subdags/subdags_download.py
[2024-09-13T08:15:25.279+0000] {processor.py:176} INFO - Processing /opt/airflow/dags/subdags/subdags_download.py took 1.508 seconds
[2024-09-13T08:15:56.245+0000] {processor.py:154} INFO - Started process (PID=1034) to work on /opt/airflow/dags/subdags/subdags_download.py
[2024-09-13T08:15:56.246+0000] {processor.py:756} INFO - Processing file /opt/airflow/dags/subdags/subdags_download.py for tasks to queue
[2024-09-13T08:15:56.247+0000] {logging_mixin.py:120} INFO - [2024-09-13T08:15:56.247+0000] {dagbag.py:537} INFO - Filling up the DagBag from /opt/airflow/dags/subdags/subdags_download.py
[2024-09-13T08:15:56.281+0000] {processor.py:768} WARNING - No viable dags retrieved from /opt/airflow/dags/subdags/subdags_download.py
[2024-09-13T08:15:56.295+0000] {processor.py:176} INFO - Processing /opt/airflow/dags/subdags/subdags_download.py took 0.052 seconds
[2024-09-13T08:16:26.815+0000] {processor.py:154} INFO - Started process (PID=1068) to work on /opt/airflow/dags/subdags/subdags_download.py
[2024-09-13T08:16:26.816+0000] {processor.py:756} INFO - Processing file /opt/airflow/dags/subdags/subdags_download.py for tasks to queue
[2024-09-13T08:16:26.817+0000] {logging_mixin.py:120} INFO - [2024-09-13T08:16:26.817+0000] {dagbag.py:537} INFO - Filling up the DagBag from /opt/airflow/dags/subdags/subdags_download.py
[2024-09-13T08:16:26.831+0000] {processor.py:768} WARNING - No viable dags retrieved from /opt/airflow/dags/subdags/subdags_download.py
[2024-09-13T08:16:26.848+0000] {processor.py:176} INFO - Processing /opt/airflow/dags/subdags/subdags_download.py took 0.035 seconds
[2024-09-13T08:16:57.985+0000] {processor.py:154} INFO - Started process (PID=1095) to work on /opt/airflow/dags/subdags/subdags_download.py
[2024-09-13T08:16:57.986+0000] {processor.py:756} INFO - Processing file /opt/airflow/dags/subdags/subdags_download.py for tasks to queue
[2024-09-13T08:16:57.986+0000] {logging_mixin.py:120} INFO - [2024-09-13T08:16:57.986+0000] {dagbag.py:537} INFO - Filling up the DagBag from /opt/airflow/dags/subdags/subdags_download.py
[2024-09-13T08:16:57.997+0000] {processor.py:768} WARNING - No viable dags retrieved from /opt/airflow/dags/subdags/subdags_download.py
[2024-09-13T08:16:58.011+0000] {processor.py:176} INFO - Processing /opt/airflow/dags/subdags/subdags_download.py took 0.027 seconds
[2024-09-13T08:17:29.005+0000] {processor.py:154} INFO - Started process (PID=1128) to work on /opt/airflow/dags/subdags/subdags_download.py
[2024-09-13T08:17:29.006+0000] {processor.py:756} INFO - Processing file /opt/airflow/dags/subdags/subdags_download.py for tasks to queue
[2024-09-13T08:17:29.008+0000] {logging_mixin.py:120} INFO - [2024-09-13T08:17:29.007+0000] {dagbag.py:537} INFO - Filling up the DagBag from /opt/airflow/dags/subdags/subdags_download.py
[2024-09-13T08:17:29.051+0000] {processor.py:768} WARNING - No viable dags retrieved from /opt/airflow/dags/subdags/subdags_download.py
[2024-09-13T08:17:29.061+0000] {processor.py:176} INFO - Processing /opt/airflow/dags/subdags/subdags_download.py took 0.059 seconds
[2024-09-13T08:17:59.290+0000] {processor.py:154} INFO - Started process (PID=1162) to work on /opt/airflow/dags/subdags/subdags_download.py
[2024-09-13T08:17:59.291+0000] {processor.py:756} INFO - Processing file /opt/airflow/dags/subdags/subdags_download.py for tasks to queue
[2024-09-13T08:17:59.292+0000] {logging_mixin.py:120} INFO - [2024-09-13T08:17:59.292+0000] {dagbag.py:537} INFO - Filling up the DagBag from /opt/airflow/dags/subdags/subdags_download.py
[2024-09-13T08:17:59.307+0000] {processor.py:768} WARNING - No viable dags retrieved from /opt/airflow/dags/subdags/subdags_download.py
[2024-09-13T08:17:59.318+0000] {processor.py:176} INFO - Processing /opt/airflow/dags/subdags/subdags_download.py took 0.029 seconds
[2024-09-13T08:18:29.756+0000] {processor.py:154} INFO - Started process (PID=1197) to work on /opt/airflow/dags/subdags/subdags_download.py
[2024-09-13T08:18:29.757+0000] {processor.py:756} INFO - Processing file /opt/airflow/dags/subdags/subdags_download.py for tasks to queue
[2024-09-13T08:18:29.758+0000] {logging_mixin.py:120} INFO - [2024-09-13T08:18:29.758+0000] {dagbag.py:537} INFO - Filling up the DagBag from /opt/airflow/dags/subdags/subdags_download.py
[2024-09-13T08:18:29.780+0000] {processor.py:768} WARNING - No viable dags retrieved from /opt/airflow/dags/subdags/subdags_download.py
[2024-09-13T08:18:29.806+0000] {processor.py:176} INFO - Processing /opt/airflow/dags/subdags/subdags_download.py took 0.054 seconds
