[2024-09-13T08:39:30.727+0000] {taskinstance.py:1165} INFO - Dependencies all met for <TaskInstance: group_dag.transform_c manual__2024-09-13T08:38:15.380111+00:00 [queued]>
[2024-09-13T08:39:30.744+0000] {taskinstance.py:1165} INFO - Dependencies all met for <TaskInstance: group_dag.transform_c manual__2024-09-13T08:38:15.380111+00:00 [queued]>
[2024-09-13T08:39:30.745+0000] {taskinstance.py:1362} INFO - 
--------------------------------------------------------------------------------
[2024-09-13T08:39:30.747+0000] {taskinstance.py:1363} INFO - Starting attempt 1 of 1
[2024-09-13T08:39:30.747+0000] {taskinstance.py:1364} INFO - 
--------------------------------------------------------------------------------
[2024-09-13T08:39:30.785+0000] {taskinstance.py:1383} INFO - Executing <Task(BashOperator): transform_c> on 2024-09-13 08:38:15.380111+00:00
[2024-09-13T08:39:30.794+0000] {standard_task_runner.py:55} INFO - Started process 1989 to run task
[2024-09-13T08:39:30.800+0000] {standard_task_runner.py:82} INFO - Running: ['***', 'tasks', 'run', 'group_dag', 'transform_c', 'manual__2024-09-13T08:38:15.380111+00:00', '--job-id', '16', '--raw', '--subdir', 'DAGS_FOLDER/group_dag.py', '--cfg-path', '/tmp/tmp_2s69mq3']
[2024-09-13T08:39:30.802+0000] {standard_task_runner.py:83} INFO - Job 16: Subtask transform_c
[2024-09-13T08:39:30.920+0000] {task_command.py:376} INFO - Running <TaskInstance: group_dag.transform_c manual__2024-09-13T08:38:15.380111+00:00 [running]> on host 35989190ca54
[2024-09-13T08:39:31.107+0000] {taskinstance.py:1592} INFO - Exporting the following env vars:
AIRFLOW_CTX_DAG_OWNER=***
AIRFLOW_CTX_DAG_ID=group_dag
AIRFLOW_CTX_TASK_ID=transform_c
AIRFLOW_CTX_EXECUTION_DATE=2024-09-13T08:38:15.380111+00:00
AIRFLOW_CTX_TRY_NUMBER=1
AIRFLOW_CTX_DAG_RUN_ID=manual__2024-09-13T08:38:15.380111+00:00
[2024-09-13T08:39:31.111+0000] {subprocess.py:63} INFO - Tmp dir root location: 
 /tmp
[2024-09-13T08:39:31.113+0000] {subprocess.py:75} INFO - Running command: ['/bin/bash', '-c', 'sleep 10']
[2024-09-13T08:39:31.134+0000] {subprocess.py:86} INFO - Output:
[2024-09-13T08:39:41.135+0000] {subprocess.py:97} INFO - Command exited with return code 0
[2024-09-13T08:39:41.172+0000] {taskinstance.py:1406} INFO - Marking task as SUCCESS. dag_id=group_dag, task_id=transform_c, execution_date=20240913T083815, start_date=20240913T083930, end_date=20240913T083941
[2024-09-13T08:39:41.283+0000] {local_task_job.py:164} INFO - Task exited with return code 0
[2024-09-13T08:39:41.325+0000] {local_task_job.py:273} INFO - 0 downstream tasks scheduled from follow-on schedule check
