[2024-08-05T05:54:43.348+0000] {taskinstance.py:1165} INFO - Dependencies all met for <TaskInstance: user_processing.process_user scheduled__2024-08-04T00:00:00+00:00 [queued]>
[2024-08-05T05:54:43.358+0000] {taskinstance.py:1165} INFO - Dependencies all met for <TaskInstance: user_processing.process_user scheduled__2024-08-04T00:00:00+00:00 [queued]>
[2024-08-05T05:54:43.358+0000] {taskinstance.py:1362} INFO - 
--------------------------------------------------------------------------------
[2024-08-05T05:54:43.359+0000] {taskinstance.py:1363} INFO - Starting attempt 1 of 1
[2024-08-05T05:54:43.359+0000] {taskinstance.py:1364} INFO - 
--------------------------------------------------------------------------------
[2024-08-05T05:54:43.373+0000] {taskinstance.py:1383} INFO - Executing <Task(PythonOperator): process_user> on 2024-08-04 00:00:00+00:00
[2024-08-05T05:54:43.378+0000] {standard_task_runner.py:55} INFO - Started process 88 to run task
[2024-08-05T05:54:43.381+0000] {standard_task_runner.py:82} INFO - Running: ['***', 'tasks', 'run', 'user_processing', 'process_user', 'scheduled__2024-08-04T00:00:00+00:00', '--job-id', '35', '--raw', '--subdir', 'DAGS_FOLDER/user_processing.py', '--cfg-path', '/tmp/tmp8yjnerlf']
[2024-08-05T05:54:43.383+0000] {standard_task_runner.py:83} INFO - Job 35: Subtask process_user
[2024-08-05T05:54:43.483+0000] {task_command.py:376} INFO - Running <TaskInstance: user_processing.process_user scheduled__2024-08-04T00:00:00+00:00 [running]> on host 6111c72ad3dd
[2024-08-05T05:54:43.568+0000] {taskinstance.py:1592} INFO - Exporting the following env vars:
AIRFLOW_CTX_DAG_OWNER=***
AIRFLOW_CTX_DAG_ID=user_processing
AIRFLOW_CTX_TASK_ID=process_user
AIRFLOW_CTX_EXECUTION_DATE=2024-08-04T00:00:00+00:00
AIRFLOW_CTX_TRY_NUMBER=1
AIRFLOW_CTX_DAG_RUN_ID=scheduled__2024-08-04T00:00:00+00:00
[2024-08-05T05:54:43.578+0000] {logging_mixin.py:120} INFO - Data we got is : {'results': [{'gender': 'male', 'name': {'title': 'Mr', 'first': 'Mille', 'last': 'Mortensen'}, 'location': {'street': {'number': 6258, 'name': 'Merkurvej'}, 'city': 'Amager', 'state': 'Syddanmark', 'country': 'Denmark', 'postcode': 48604, 'coordinates': {'latitude': '-46.8272', 'longitude': '-178.3233'}, 'timezone': {'offset': '+5:00', 'description': 'Ekaterinburg, Islamabad, Karachi, Tashkent'}}, 'email': 'mille.mortensen@example.com', 'login': {'uuid': 'a8aa81e6-a0fb-4bea-b869-9835fbcb8f20', 'username': 'greenlion642', 'password': 'laura1', 'salt': 'Ob0UR4N7', 'md5': '9336c57d51a7fe8ff09e17068af3eb96', 'sha1': 'd41ad888dad5529b321fd60c38b94fa2848235f6', 'sha256': '6afc89b547952639767ef3e3dd5bf13f4a89db7b21107ae0dc3c3ee94034634b'}, 'dob': {'date': '1974-07-04T11:02:03.204Z', 'age': 50}, 'registered': {'date': '2006-04-03T21:00:59.014Z', 'age': 18}, 'phone': '97775910', 'cell': '33165541', 'id': {'name': 'CPR', 'value': '040774-2420'}, 'picture': {'large': 'https://randomuser.me/api/portraits/men/34.jpg', 'medium': 'https://randomuser.me/api/portraits/med/men/34.jpg', 'thumbnail': 'https://randomuser.me/api/portraits/thumb/men/34.jpg'}, 'nat': 'DK'}], 'info': {'seed': '727a5be94496a272', 'results': 1, 'page': 1, 'version': '1.4'}}
[2024-08-05T05:54:43.579+0000] {logging_mixin.py:120} INFO - Data we want is : {'gender': 'male', 'name': {'title': 'Mr', 'first': 'Mille', 'last': 'Mortensen'}, 'location': {'street': {'number': 6258, 'name': 'Merkurvej'}, 'city': 'Amager', 'state': 'Syddanmark', 'country': 'Denmark', 'postcode': 48604, 'coordinates': {'latitude': '-46.8272', 'longitude': '-178.3233'}, 'timezone': {'offset': '+5:00', 'description': 'Ekaterinburg, Islamabad, Karachi, Tashkent'}}, 'email': 'mille.mortensen@example.com', 'login': {'uuid': 'a8aa81e6-a0fb-4bea-b869-9835fbcb8f20', 'username': 'greenlion642', 'password': 'laura1', 'salt': 'Ob0UR4N7', 'md5': '9336c57d51a7fe8ff09e17068af3eb96', 'sha1': 'd41ad888dad5529b321fd60c38b94fa2848235f6', 'sha256': '6afc89b547952639767ef3e3dd5bf13f4a89db7b21107ae0dc3c3ee94034634b'}, 'dob': {'date': '1974-07-04T11:02:03.204Z', 'age': 50}, 'registered': {'date': '2006-04-03T21:00:59.014Z', 'age': 18}, 'phone': '97775910', 'cell': '33165541', 'id': {'name': 'CPR', 'value': '040774-2420'}, 'picture': {'large': 'https://randomuser.me/api/portraits/men/34.jpg', 'medium': 'https://randomuser.me/api/portraits/med/men/34.jpg', 'thumbnail': 'https://randomuser.me/api/portraits/thumb/men/34.jpg'}, 'nat': 'DK'}
[2024-08-05T05:54:43.587+0000] {python.py:177} INFO - Done. Returned value was: None
[2024-08-05T05:54:43.596+0000] {taskinstance.py:1406} INFO - Marking task as SUCCESS. dag_id=user_processing, task_id=process_user, execution_date=20240804T000000, start_date=20240805T055443, end_date=20240805T055443
[2024-08-05T05:54:43.634+0000] {local_task_job.py:164} INFO - Task exited with return code 0
[2024-08-05T05:54:43.666+0000] {local_task_job.py:273} INFO - 1 downstream tasks scheduled from follow-on schedule check
