[2024-08-26T11:43:46.206+0000] {taskinstance.py:1165} INFO - Dependencies all met for <TaskInstance: user_processing.is_api_available scheduled__2024-08-25T00:00:00+00:00 [queued]>
[2024-08-26T11:43:46.265+0000] {taskinstance.py:1165} INFO - Dependencies all met for <TaskInstance: user_processing.is_api_available scheduled__2024-08-25T00:00:00+00:00 [queued]>
[2024-08-26T11:43:46.267+0000] {taskinstance.py:1362} INFO - 
--------------------------------------------------------------------------------
[2024-08-26T11:43:46.274+0000] {taskinstance.py:1363} INFO - Starting attempt 1 of 1
[2024-08-26T11:43:46.278+0000] {taskinstance.py:1364} INFO - 
--------------------------------------------------------------------------------
[2024-08-26T11:43:46.355+0000] {taskinstance.py:1383} INFO - Executing <Task(HttpSensor): is_api_available> on 2024-08-25 00:00:00+00:00
[2024-08-26T11:43:46.373+0000] {standard_task_runner.py:55} INFO - Started process 100 to run task
[2024-08-26T11:43:46.383+0000] {standard_task_runner.py:82} INFO - Running: ['***', 'tasks', 'run', 'user_processing', 'is_api_available', 'scheduled__2024-08-25T00:00:00+00:00', '--job-id', '78', '--raw', '--subdir', 'DAGS_FOLDER/user_processing.py', '--cfg-path', '/tmp/tmp8iqmqpx4']
[2024-08-26T11:43:46.392+0000] {standard_task_runner.py:83} INFO - Job 78: Subtask is_api_available
[2024-08-26T11:43:46.636+0000] {task_command.py:376} INFO - Running <TaskInstance: user_processing.is_api_available scheduled__2024-08-25T00:00:00+00:00 [running]> on host b67495cd0aeb
[2024-08-26T11:43:46.905+0000] {taskinstance.py:1592} INFO - Exporting the following env vars:
AIRFLOW_CTX_DAG_OWNER=***
AIRFLOW_CTX_DAG_ID=user_processing
AIRFLOW_CTX_TASK_ID=is_api_available
AIRFLOW_CTX_EXECUTION_DATE=2024-08-25T00:00:00+00:00
AIRFLOW_CTX_TRY_NUMBER=1
AIRFLOW_CTX_DAG_RUN_ID=scheduled__2024-08-25T00:00:00+00:00
[2024-08-26T11:43:46.909+0000] {http.py:120} INFO - Poking: api/
[2024-08-26T11:43:46.939+0000] {base.py:71} INFO - Using connection ID 'user_api' for task execution.
[2024-08-26T11:43:46.948+0000] {http.py:148} INFO - Sending 'GET' to url: http://randomuser.me/api/
[2024-08-26T11:43:48.196+0000] {base.py:213} INFO - Success criteria met. Exiting.
[2024-08-26T11:43:48.245+0000] {taskinstance.py:1406} INFO - Marking task as SUCCESS. dag_id=user_processing, task_id=is_api_available, execution_date=20240825T000000, start_date=20240826T114346, end_date=20240826T114348
[2024-08-26T11:43:48.330+0000] {local_task_job.py:164} INFO - Task exited with return code 0
[2024-08-26T11:43:48.437+0000] {local_task_job.py:273} INFO - 1 downstream tasks scheduled from follow-on schedule check
