[2024-07-31T12:12:24.667+0000] {processor.py:154} INFO - Started process (PID=73) to work on /home/airflow/.local/lib/python3.7/site-packages/airflow/example_dags/example_local_kubernetes_executor.py
[2024-07-31T12:12:24.668+0000] {processor.py:756} INFO - Processing file /home/airflow/.local/lib/python3.7/site-packages/airflow/example_dags/example_local_kubernetes_executor.py for tasks to queue
[2024-07-31T12:12:24.670+0000] {logging_mixin.py:120} INFO - [2024-07-31T12:12:24.669+0000] {dagbag.py:537} INFO - Filling up the DagBag from /home/airflow/.local/lib/python3.7/site-packages/airflow/example_dags/example_local_kubernetes_executor.py
[2024-07-31T12:12:24.722+0000] {processor.py:766} INFO - DAG(s) dict_keys(['example_local_kubernetes_executor']) retrieved from /home/airflow/.local/lib/python3.7/site-packages/airflow/example_dags/example_local_kubernetes_executor.py
[2024-07-31T12:12:24.915+0000] {logging_mixin.py:120} INFO - [2024-07-31T12:12:24.914+0000] {manager.py:507} INFO - Created Permission View: can read on DAG:example_local_kubernetes_executor
[2024-07-31T12:12:24.932+0000] {logging_mixin.py:120} INFO - [2024-07-31T12:12:24.931+0000] {manager.py:507} INFO - Created Permission View: can delete on DAG:example_local_kubernetes_executor
[2024-07-31T12:12:24.947+0000] {logging_mixin.py:120} INFO - [2024-07-31T12:12:24.946+0000] {manager.py:507} INFO - Created Permission View: can edit on DAG:example_local_kubernetes_executor
[2024-07-31T12:12:24.948+0000] {logging_mixin.py:120} INFO - [2024-07-31T12:12:24.947+0000] {dag.py:2585} INFO - Sync 1 DAGs
[2024-07-31T12:12:24.967+0000] {logging_mixin.py:120} INFO - [2024-07-31T12:12:24.967+0000] {dag.py:2606} INFO - Creating ORM DAG for example_local_kubernetes_executor
[2024-07-31T12:12:24.992+0000] {logging_mixin.py:120} INFO - [2024-07-31T12:12:24.990+0000] {dag.py:3340} INFO - Setting next_dagrun for example_local_kubernetes_executor to None, run_after=None
[2024-07-31T12:12:25.036+0000] {processor.py:176} INFO - Processing /home/airflow/.local/lib/python3.7/site-packages/airflow/example_dags/example_local_kubernetes_executor.py took 0.375 seconds
[2024-07-31T12:12:55.911+0000] {processor.py:154} INFO - Started process (PID=136) to work on /home/airflow/.local/lib/python3.7/site-packages/airflow/example_dags/example_local_kubernetes_executor.py
[2024-07-31T12:12:55.914+0000] {processor.py:756} INFO - Processing file /home/airflow/.local/lib/python3.7/site-packages/airflow/example_dags/example_local_kubernetes_executor.py for tasks to queue
[2024-07-31T12:12:55.917+0000] {logging_mixin.py:120} INFO - [2024-07-31T12:12:55.916+0000] {dagbag.py:537} INFO - Filling up the DagBag from /home/airflow/.local/lib/python3.7/site-packages/airflow/example_dags/example_local_kubernetes_executor.py
[2024-07-31T12:12:55.983+0000] {processor.py:766} INFO - DAG(s) dict_keys(['example_local_kubernetes_executor']) retrieved from /home/airflow/.local/lib/python3.7/site-packages/airflow/example_dags/example_local_kubernetes_executor.py
[2024-07-31T12:12:56.026+0000] {logging_mixin.py:120} INFO - [2024-07-31T12:12:56.025+0000] {dag.py:2585} INFO - Sync 1 DAGs
[2024-07-31T12:12:56.060+0000] {logging_mixin.py:120} INFO - [2024-07-31T12:12:56.060+0000] {dag.py:3340} INFO - Setting next_dagrun for example_local_kubernetes_executor to None, run_after=None
[2024-07-31T12:12:56.089+0000] {processor.py:176} INFO - Processing /home/airflow/.local/lib/python3.7/site-packages/airflow/example_dags/example_local_kubernetes_executor.py took 0.183 seconds
[2024-07-31T12:13:26.738+0000] {processor.py:154} INFO - Started process (PID=200) to work on /home/airflow/.local/lib/python3.7/site-packages/airflow/example_dags/example_local_kubernetes_executor.py
[2024-07-31T12:13:26.740+0000] {processor.py:756} INFO - Processing file /home/airflow/.local/lib/python3.7/site-packages/airflow/example_dags/example_local_kubernetes_executor.py for tasks to queue
[2024-07-31T12:13:26.741+0000] {logging_mixin.py:120} INFO - [2024-07-31T12:13:26.740+0000] {dagbag.py:537} INFO - Filling up the DagBag from /home/airflow/.local/lib/python3.7/site-packages/airflow/example_dags/example_local_kubernetes_executor.py
[2024-07-31T12:13:26.769+0000] {processor.py:766} INFO - DAG(s) dict_keys(['example_local_kubernetes_executor']) retrieved from /home/airflow/.local/lib/python3.7/site-packages/airflow/example_dags/example_local_kubernetes_executor.py
[2024-07-31T12:13:26.822+0000] {logging_mixin.py:120} INFO - [2024-07-31T12:13:26.822+0000] {dag.py:2585} INFO - Sync 1 DAGs
[2024-07-31T12:13:26.874+0000] {logging_mixin.py:120} INFO - [2024-07-31T12:13:26.874+0000] {dag.py:3340} INFO - Setting next_dagrun for example_local_kubernetes_executor to None, run_after=None
[2024-07-31T12:13:26.919+0000] {processor.py:176} INFO - Processing /home/airflow/.local/lib/python3.7/site-packages/airflow/example_dags/example_local_kubernetes_executor.py took 0.184 seconds
[2024-07-31T12:13:57.048+0000] {processor.py:154} INFO - Started process (PID=254) to work on /home/airflow/.local/lib/python3.7/site-packages/airflow/example_dags/example_local_kubernetes_executor.py
[2024-07-31T12:13:57.049+0000] {processor.py:756} INFO - Processing file /home/airflow/.local/lib/python3.7/site-packages/airflow/example_dags/example_local_kubernetes_executor.py for tasks to queue
[2024-07-31T12:13:57.051+0000] {logging_mixin.py:120} INFO - [2024-07-31T12:13:57.051+0000] {dagbag.py:537} INFO - Filling up the DagBag from /home/airflow/.local/lib/python3.7/site-packages/airflow/example_dags/example_local_kubernetes_executor.py
[2024-07-31T12:13:57.089+0000] {processor.py:766} INFO - DAG(s) dict_keys(['example_local_kubernetes_executor']) retrieved from /home/airflow/.local/lib/python3.7/site-packages/airflow/example_dags/example_local_kubernetes_executor.py
[2024-07-31T12:13:57.140+0000] {logging_mixin.py:120} INFO - [2024-07-31T12:13:57.140+0000] {dag.py:2585} INFO - Sync 1 DAGs
[2024-07-31T12:13:57.171+0000] {logging_mixin.py:120} INFO - [2024-07-31T12:13:57.171+0000] {dag.py:3340} INFO - Setting next_dagrun for example_local_kubernetes_executor to None, run_after=None
[2024-07-31T12:13:57.192+0000] {processor.py:176} INFO - Processing /home/airflow/.local/lib/python3.7/site-packages/airflow/example_dags/example_local_kubernetes_executor.py took 0.148 seconds
[2024-07-31T12:14:27.299+0000] {processor.py:154} INFO - Started process (PID=319) to work on /home/airflow/.local/lib/python3.7/site-packages/airflow/example_dags/example_local_kubernetes_executor.py
[2024-07-31T12:14:27.303+0000] {processor.py:756} INFO - Processing file /home/airflow/.local/lib/python3.7/site-packages/airflow/example_dags/example_local_kubernetes_executor.py for tasks to queue
[2024-07-31T12:14:27.306+0000] {logging_mixin.py:120} INFO - [2024-07-31T12:14:27.306+0000] {dagbag.py:537} INFO - Filling up the DagBag from /home/airflow/.local/lib/python3.7/site-packages/airflow/example_dags/example_local_kubernetes_executor.py
[2024-07-31T12:14:27.363+0000] {processor.py:766} INFO - DAG(s) dict_keys(['example_local_kubernetes_executor']) retrieved from /home/airflow/.local/lib/python3.7/site-packages/airflow/example_dags/example_local_kubernetes_executor.py
[2024-07-31T12:14:27.425+0000] {logging_mixin.py:120} INFO - [2024-07-31T12:14:27.425+0000] {dag.py:2585} INFO - Sync 1 DAGs
[2024-07-31T12:14:27.465+0000] {logging_mixin.py:120} INFO - [2024-07-31T12:14:27.465+0000] {dag.py:3340} INFO - Setting next_dagrun for example_local_kubernetes_executor to None, run_after=None
[2024-07-31T12:14:27.509+0000] {processor.py:176} INFO - Processing /home/airflow/.local/lib/python3.7/site-packages/airflow/example_dags/example_local_kubernetes_executor.py took 0.215 seconds
[2024-07-31T12:14:58.698+0000] {processor.py:154} INFO - Started process (PID=383) to work on /home/airflow/.local/lib/python3.7/site-packages/airflow/example_dags/example_local_kubernetes_executor.py
[2024-07-31T12:14:58.699+0000] {processor.py:756} INFO - Processing file /home/airflow/.local/lib/python3.7/site-packages/airflow/example_dags/example_local_kubernetes_executor.py for tasks to queue
[2024-07-31T12:14:58.700+0000] {logging_mixin.py:120} INFO - [2024-07-31T12:14:58.700+0000] {dagbag.py:537} INFO - Filling up the DagBag from /home/airflow/.local/lib/python3.7/site-packages/airflow/example_dags/example_local_kubernetes_executor.py
[2024-07-31T12:14:58.739+0000] {processor.py:766} INFO - DAG(s) dict_keys(['example_local_kubernetes_executor']) retrieved from /home/airflow/.local/lib/python3.7/site-packages/airflow/example_dags/example_local_kubernetes_executor.py
[2024-07-31T12:14:58.799+0000] {logging_mixin.py:120} INFO - [2024-07-31T12:14:58.799+0000] {dag.py:2585} INFO - Sync 1 DAGs
[2024-07-31T12:14:58.844+0000] {logging_mixin.py:120} INFO - [2024-07-31T12:14:58.844+0000] {dag.py:3340} INFO - Setting next_dagrun for example_local_kubernetes_executor to None, run_after=None
[2024-07-31T12:14:58.890+0000] {processor.py:176} INFO - Processing /home/airflow/.local/lib/python3.7/site-packages/airflow/example_dags/example_local_kubernetes_executor.py took 0.197 seconds
[2024-07-31T12:15:29.589+0000] {processor.py:154} INFO - Started process (PID=437) to work on /home/airflow/.local/lib/python3.7/site-packages/airflow/example_dags/example_local_kubernetes_executor.py
[2024-07-31T12:15:29.590+0000] {processor.py:756} INFO - Processing file /home/airflow/.local/lib/python3.7/site-packages/airflow/example_dags/example_local_kubernetes_executor.py for tasks to queue
[2024-07-31T12:15:29.592+0000] {logging_mixin.py:120} INFO - [2024-07-31T12:15:29.592+0000] {dagbag.py:537} INFO - Filling up the DagBag from /home/airflow/.local/lib/python3.7/site-packages/airflow/example_dags/example_local_kubernetes_executor.py
[2024-07-31T12:15:29.625+0000] {processor.py:766} INFO - DAG(s) dict_keys(['example_local_kubernetes_executor']) retrieved from /home/airflow/.local/lib/python3.7/site-packages/airflow/example_dags/example_local_kubernetes_executor.py
[2024-07-31T12:15:29.685+0000] {logging_mixin.py:120} INFO - [2024-07-31T12:15:29.685+0000] {dag.py:2585} INFO - Sync 1 DAGs
[2024-07-31T12:15:29.721+0000] {logging_mixin.py:120} INFO - [2024-07-31T12:15:29.721+0000] {dag.py:3340} INFO - Setting next_dagrun for example_local_kubernetes_executor to None, run_after=None
[2024-07-31T12:15:29.757+0000] {processor.py:176} INFO - Processing /home/airflow/.local/lib/python3.7/site-packages/airflow/example_dags/example_local_kubernetes_executor.py took 0.173 seconds
[2024-07-31T12:15:59.872+0000] {processor.py:154} INFO - Started process (PID=500) to work on /home/airflow/.local/lib/python3.7/site-packages/airflow/example_dags/example_local_kubernetes_executor.py
[2024-07-31T12:15:59.874+0000] {processor.py:756} INFO - Processing file /home/airflow/.local/lib/python3.7/site-packages/airflow/example_dags/example_local_kubernetes_executor.py for tasks to queue
[2024-07-31T12:15:59.876+0000] {logging_mixin.py:120} INFO - [2024-07-31T12:15:59.876+0000] {dagbag.py:537} INFO - Filling up the DagBag from /home/airflow/.local/lib/python3.7/site-packages/airflow/example_dags/example_local_kubernetes_executor.py
[2024-07-31T12:15:59.910+0000] {processor.py:766} INFO - DAG(s) dict_keys(['example_local_kubernetes_executor']) retrieved from /home/airflow/.local/lib/python3.7/site-packages/airflow/example_dags/example_local_kubernetes_executor.py
[2024-07-31T12:15:59.961+0000] {logging_mixin.py:120} INFO - [2024-07-31T12:15:59.961+0000] {dag.py:2585} INFO - Sync 1 DAGs
[2024-07-31T12:15:59.993+0000] {logging_mixin.py:120} INFO - [2024-07-31T12:15:59.993+0000] {dag.py:3340} INFO - Setting next_dagrun for example_local_kubernetes_executor to None, run_after=None
[2024-07-31T12:16:00.025+0000] {processor.py:176} INFO - Processing /home/airflow/.local/lib/python3.7/site-packages/airflow/example_dags/example_local_kubernetes_executor.py took 0.158 seconds
[2024-07-31T12:16:32.308+0000] {processor.py:154} INFO - Started process (PID=554) to work on /home/airflow/.local/lib/python3.7/site-packages/airflow/example_dags/example_local_kubernetes_executor.py
[2024-07-31T12:16:32.348+0000] {processor.py:756} INFO - Processing file /home/airflow/.local/lib/python3.7/site-packages/airflow/example_dags/example_local_kubernetes_executor.py for tasks to queue
[2024-07-31T12:16:32.426+0000] {logging_mixin.py:120} INFO - [2024-07-31T12:16:32.426+0000] {dagbag.py:537} INFO - Filling up the DagBag from /home/airflow/.local/lib/python3.7/site-packages/airflow/example_dags/example_local_kubernetes_executor.py
[2024-07-31T12:16:32.472+0000] {processor.py:766} INFO - DAG(s) dict_keys(['example_local_kubernetes_executor']) retrieved from /home/airflow/.local/lib/python3.7/site-packages/airflow/example_dags/example_local_kubernetes_executor.py
[2024-07-31T12:16:32.582+0000] {logging_mixin.py:120} INFO - [2024-07-31T12:16:32.582+0000] {dag.py:2585} INFO - Sync 1 DAGs
[2024-07-31T12:16:32.678+0000] {logging_mixin.py:120} INFO - [2024-07-31T12:16:32.677+0000] {dag.py:3340} INFO - Setting next_dagrun for example_local_kubernetes_executor to None, run_after=None
[2024-07-31T12:16:32.746+0000] {processor.py:176} INFO - Processing /home/airflow/.local/lib/python3.7/site-packages/airflow/example_dags/example_local_kubernetes_executor.py took 0.442 seconds
[2024-07-31T12:17:03.321+0000] {processor.py:154} INFO - Started process (PID=617) to work on /home/airflow/.local/lib/python3.7/site-packages/airflow/example_dags/example_local_kubernetes_executor.py
[2024-07-31T12:17:03.326+0000] {processor.py:756} INFO - Processing file /home/airflow/.local/lib/python3.7/site-packages/airflow/example_dags/example_local_kubernetes_executor.py for tasks to queue
[2024-07-31T12:17:03.381+0000] {logging_mixin.py:120} INFO - [2024-07-31T12:17:03.381+0000] {dagbag.py:537} INFO - Filling up the DagBag from /home/airflow/.local/lib/python3.7/site-packages/airflow/example_dags/example_local_kubernetes_executor.py
[2024-07-31T12:17:03.431+0000] {processor.py:766} INFO - DAG(s) dict_keys(['example_local_kubernetes_executor']) retrieved from /home/airflow/.local/lib/python3.7/site-packages/airflow/example_dags/example_local_kubernetes_executor.py
[2024-07-31T12:17:03.510+0000] {logging_mixin.py:120} INFO - [2024-07-31T12:17:03.510+0000] {dag.py:2585} INFO - Sync 1 DAGs
[2024-07-31T12:17:03.551+0000] {logging_mixin.py:120} INFO - [2024-07-31T12:17:03.550+0000] {dag.py:3340} INFO - Setting next_dagrun for example_local_kubernetes_executor to None, run_after=None
[2024-07-31T12:17:03.589+0000] {processor.py:176} INFO - Processing /home/airflow/.local/lib/python3.7/site-packages/airflow/example_dags/example_local_kubernetes_executor.py took 0.275 seconds
[2024-07-31T12:17:34.770+0000] {processor.py:154} INFO - Started process (PID=679) to work on /home/airflow/.local/lib/python3.7/site-packages/airflow/example_dags/example_local_kubernetes_executor.py
[2024-07-31T12:17:34.772+0000] {processor.py:756} INFO - Processing file /home/airflow/.local/lib/python3.7/site-packages/airflow/example_dags/example_local_kubernetes_executor.py for tasks to queue
[2024-07-31T12:17:34.774+0000] {logging_mixin.py:120} INFO - [2024-07-31T12:17:34.774+0000] {dagbag.py:537} INFO - Filling up the DagBag from /home/airflow/.local/lib/python3.7/site-packages/airflow/example_dags/example_local_kubernetes_executor.py
[2024-07-31T12:17:34.811+0000] {processor.py:766} INFO - DAG(s) dict_keys(['example_local_kubernetes_executor']) retrieved from /home/airflow/.local/lib/python3.7/site-packages/airflow/example_dags/example_local_kubernetes_executor.py
[2024-07-31T12:17:34.884+0000] {logging_mixin.py:120} INFO - [2024-07-31T12:17:34.883+0000] {dag.py:2585} INFO - Sync 1 DAGs
[2024-07-31T12:17:34.928+0000] {logging_mixin.py:120} INFO - [2024-07-31T12:17:34.928+0000] {dag.py:3340} INFO - Setting next_dagrun for example_local_kubernetes_executor to None, run_after=None
[2024-07-31T12:17:34.960+0000] {processor.py:176} INFO - Processing /home/airflow/.local/lib/python3.7/site-packages/airflow/example_dags/example_local_kubernetes_executor.py took 0.194 seconds
[2024-07-31T12:18:06.574+0000] {processor.py:154} INFO - Started process (PID=733) to work on /home/airflow/.local/lib/python3.7/site-packages/airflow/example_dags/example_local_kubernetes_executor.py
[2024-07-31T12:18:06.577+0000] {processor.py:756} INFO - Processing file /home/airflow/.local/lib/python3.7/site-packages/airflow/example_dags/example_local_kubernetes_executor.py for tasks to queue
[2024-07-31T12:18:06.584+0000] {logging_mixin.py:120} INFO - [2024-07-31T12:18:06.584+0000] {dagbag.py:537} INFO - Filling up the DagBag from /home/airflow/.local/lib/python3.7/site-packages/airflow/example_dags/example_local_kubernetes_executor.py
[2024-07-31T12:18:06.625+0000] {processor.py:766} INFO - DAG(s) dict_keys(['example_local_kubernetes_executor']) retrieved from /home/airflow/.local/lib/python3.7/site-packages/airflow/example_dags/example_local_kubernetes_executor.py
[2024-07-31T12:18:06.691+0000] {logging_mixin.py:120} INFO - [2024-07-31T12:18:06.691+0000] {dag.py:2585} INFO - Sync 1 DAGs
[2024-07-31T12:18:06.738+0000] {logging_mixin.py:120} INFO - [2024-07-31T12:18:06.738+0000] {dag.py:3340} INFO - Setting next_dagrun for example_local_kubernetes_executor to None, run_after=None
[2024-07-31T12:18:06.779+0000] {processor.py:176} INFO - Processing /home/airflow/.local/lib/python3.7/site-packages/airflow/example_dags/example_local_kubernetes_executor.py took 0.208 seconds
[2024-07-31T12:18:38.253+0000] {processor.py:154} INFO - Started process (PID=795) to work on /home/airflow/.local/lib/python3.7/site-packages/airflow/example_dags/example_local_kubernetes_executor.py
[2024-07-31T12:18:38.255+0000] {processor.py:756} INFO - Processing file /home/airflow/.local/lib/python3.7/site-packages/airflow/example_dags/example_local_kubernetes_executor.py for tasks to queue
[2024-07-31T12:18:38.256+0000] {logging_mixin.py:120} INFO - [2024-07-31T12:18:38.256+0000] {dagbag.py:537} INFO - Filling up the DagBag from /home/airflow/.local/lib/python3.7/site-packages/airflow/example_dags/example_local_kubernetes_executor.py
[2024-07-31T12:18:38.285+0000] {processor.py:766} INFO - DAG(s) dict_keys(['example_local_kubernetes_executor']) retrieved from /home/airflow/.local/lib/python3.7/site-packages/airflow/example_dags/example_local_kubernetes_executor.py
[2024-07-31T12:18:38.331+0000] {logging_mixin.py:120} INFO - [2024-07-31T12:18:38.330+0000] {dag.py:2585} INFO - Sync 1 DAGs
[2024-07-31T12:18:38.366+0000] {logging_mixin.py:120} INFO - [2024-07-31T12:18:38.365+0000] {dag.py:3340} INFO - Setting next_dagrun for example_local_kubernetes_executor to None, run_after=None
[2024-07-31T12:18:38.393+0000] {processor.py:176} INFO - Processing /home/airflow/.local/lib/python3.7/site-packages/airflow/example_dags/example_local_kubernetes_executor.py took 0.143 seconds
[2024-07-31T12:19:09.774+0000] {processor.py:154} INFO - Started process (PID=849) to work on /home/airflow/.local/lib/python3.7/site-packages/airflow/example_dags/example_local_kubernetes_executor.py
[2024-07-31T12:19:09.775+0000] {processor.py:756} INFO - Processing file /home/airflow/.local/lib/python3.7/site-packages/airflow/example_dags/example_local_kubernetes_executor.py for tasks to queue
[2024-07-31T12:19:09.776+0000] {logging_mixin.py:120} INFO - [2024-07-31T12:19:09.776+0000] {dagbag.py:537} INFO - Filling up the DagBag from /home/airflow/.local/lib/python3.7/site-packages/airflow/example_dags/example_local_kubernetes_executor.py
[2024-07-31T12:19:09.805+0000] {processor.py:766} INFO - DAG(s) dict_keys(['example_local_kubernetes_executor']) retrieved from /home/airflow/.local/lib/python3.7/site-packages/airflow/example_dags/example_local_kubernetes_executor.py
[2024-07-31T12:19:09.871+0000] {logging_mixin.py:120} INFO - [2024-07-31T12:19:09.871+0000] {dag.py:2585} INFO - Sync 1 DAGs
[2024-07-31T12:19:09.908+0000] {logging_mixin.py:120} INFO - [2024-07-31T12:19:09.908+0000] {dag.py:3340} INFO - Setting next_dagrun for example_local_kubernetes_executor to None, run_after=None
[2024-07-31T12:19:09.938+0000] {processor.py:176} INFO - Processing /home/airflow/.local/lib/python3.7/site-packages/airflow/example_dags/example_local_kubernetes_executor.py took 0.168 seconds
[2024-07-31T12:19:41.367+0000] {processor.py:154} INFO - Started process (PID=912) to work on /home/airflow/.local/lib/python3.7/site-packages/airflow/example_dags/example_local_kubernetes_executor.py
[2024-07-31T12:19:41.405+0000] {processor.py:756} INFO - Processing file /home/airflow/.local/lib/python3.7/site-packages/airflow/example_dags/example_local_kubernetes_executor.py for tasks to queue
[2024-07-31T12:19:41.409+0000] {logging_mixin.py:120} INFO - [2024-07-31T12:19:41.409+0000] {dagbag.py:537} INFO - Filling up the DagBag from /home/airflow/.local/lib/python3.7/site-packages/airflow/example_dags/example_local_kubernetes_executor.py
[2024-07-31T12:19:41.441+0000] {processor.py:766} INFO - DAG(s) dict_keys(['example_local_kubernetes_executor']) retrieved from /home/airflow/.local/lib/python3.7/site-packages/airflow/example_dags/example_local_kubernetes_executor.py
[2024-07-31T12:19:41.604+0000] {logging_mixin.py:120} INFO - [2024-07-31T12:19:41.604+0000] {dag.py:2585} INFO - Sync 1 DAGs
[2024-07-31T12:19:41.717+0000] {logging_mixin.py:120} INFO - [2024-07-31T12:19:41.717+0000] {dag.py:3340} INFO - Setting next_dagrun for example_local_kubernetes_executor to None, run_after=None
[2024-07-31T12:19:41.834+0000] {processor.py:176} INFO - Processing /home/airflow/.local/lib/python3.7/site-packages/airflow/example_dags/example_local_kubernetes_executor.py took 0.470 seconds
[2024-07-31T12:20:12.134+0000] {processor.py:154} INFO - Started process (PID=974) to work on /home/airflow/.local/lib/python3.7/site-packages/airflow/example_dags/example_local_kubernetes_executor.py
[2024-07-31T12:20:12.135+0000] {processor.py:756} INFO - Processing file /home/airflow/.local/lib/python3.7/site-packages/airflow/example_dags/example_local_kubernetes_executor.py for tasks to queue
[2024-07-31T12:20:12.138+0000] {logging_mixin.py:120} INFO - [2024-07-31T12:20:12.138+0000] {dagbag.py:537} INFO - Filling up the DagBag from /home/airflow/.local/lib/python3.7/site-packages/airflow/example_dags/example_local_kubernetes_executor.py
[2024-07-31T12:20:12.168+0000] {processor.py:766} INFO - DAG(s) dict_keys(['example_local_kubernetes_executor']) retrieved from /home/airflow/.local/lib/python3.7/site-packages/airflow/example_dags/example_local_kubernetes_executor.py
[2024-07-31T12:20:12.229+0000] {logging_mixin.py:120} INFO - [2024-07-31T12:20:12.229+0000] {dag.py:2585} INFO - Sync 1 DAGs
[2024-07-31T12:20:12.263+0000] {logging_mixin.py:120} INFO - [2024-07-31T12:20:12.263+0000] {dag.py:3340} INFO - Setting next_dagrun for example_local_kubernetes_executor to None, run_after=None
[2024-07-31T12:20:12.300+0000] {processor.py:176} INFO - Processing /home/airflow/.local/lib/python3.7/site-packages/airflow/example_dags/example_local_kubernetes_executor.py took 0.171 seconds
[2024-07-31T12:20:42.838+0000] {processor.py:154} INFO - Started process (PID=1028) to work on /home/airflow/.local/lib/python3.7/site-packages/airflow/example_dags/example_local_kubernetes_executor.py
[2024-07-31T12:20:42.839+0000] {processor.py:756} INFO - Processing file /home/airflow/.local/lib/python3.7/site-packages/airflow/example_dags/example_local_kubernetes_executor.py for tasks to queue
[2024-07-31T12:20:42.840+0000] {logging_mixin.py:120} INFO - [2024-07-31T12:20:42.840+0000] {dagbag.py:537} INFO - Filling up the DagBag from /home/airflow/.local/lib/python3.7/site-packages/airflow/example_dags/example_local_kubernetes_executor.py
[2024-07-31T12:20:42.863+0000] {processor.py:766} INFO - DAG(s) dict_keys(['example_local_kubernetes_executor']) retrieved from /home/airflow/.local/lib/python3.7/site-packages/airflow/example_dags/example_local_kubernetes_executor.py
[2024-07-31T12:20:42.901+0000] {logging_mixin.py:120} INFO - [2024-07-31T12:20:42.901+0000] {dag.py:2585} INFO - Sync 1 DAGs
[2024-07-31T12:20:42.929+0000] {logging_mixin.py:120} INFO - [2024-07-31T12:20:42.928+0000] {dag.py:3340} INFO - Setting next_dagrun for example_local_kubernetes_executor to None, run_after=None
[2024-07-31T12:20:42.955+0000] {processor.py:176} INFO - Processing /home/airflow/.local/lib/python3.7/site-packages/airflow/example_dags/example_local_kubernetes_executor.py took 0.120 seconds
[2024-07-31T12:21:14.722+0000] {processor.py:154} INFO - Started process (PID=1091) to work on /home/airflow/.local/lib/python3.7/site-packages/airflow/example_dags/example_local_kubernetes_executor.py
[2024-07-31T12:21:14.725+0000] {processor.py:756} INFO - Processing file /home/airflow/.local/lib/python3.7/site-packages/airflow/example_dags/example_local_kubernetes_executor.py for tasks to queue
[2024-07-31T12:21:14.820+0000] {logging_mixin.py:120} INFO - [2024-07-31T12:21:14.820+0000] {dagbag.py:537} INFO - Filling up the DagBag from /home/airflow/.local/lib/python3.7/site-packages/airflow/example_dags/example_local_kubernetes_executor.py
[2024-07-31T12:21:14.861+0000] {processor.py:766} INFO - DAG(s) dict_keys(['example_local_kubernetes_executor']) retrieved from /home/airflow/.local/lib/python3.7/site-packages/airflow/example_dags/example_local_kubernetes_executor.py
[2024-07-31T12:21:15.002+0000] {logging_mixin.py:120} INFO - [2024-07-31T12:21:15.001+0000] {dag.py:2585} INFO - Sync 1 DAGs
[2024-07-31T12:21:15.219+0000] {logging_mixin.py:120} INFO - [2024-07-31T12:21:15.219+0000] {dag.py:3340} INFO - Setting next_dagrun for example_local_kubernetes_executor to None, run_after=None
[2024-07-31T12:21:15.432+0000] {processor.py:176} INFO - Processing /home/airflow/.local/lib/python3.7/site-packages/airflow/example_dags/example_local_kubernetes_executor.py took 0.714 seconds
[2024-07-31T12:21:47.222+0000] {processor.py:154} INFO - Started process (PID=1154) to work on /home/airflow/.local/lib/python3.7/site-packages/airflow/example_dags/example_local_kubernetes_executor.py
[2024-07-31T12:21:47.240+0000] {processor.py:756} INFO - Processing file /home/airflow/.local/lib/python3.7/site-packages/airflow/example_dags/example_local_kubernetes_executor.py for tasks to queue
[2024-07-31T12:21:47.246+0000] {logging_mixin.py:120} INFO - [2024-07-31T12:21:47.245+0000] {dagbag.py:537} INFO - Filling up the DagBag from /home/airflow/.local/lib/python3.7/site-packages/airflow/example_dags/example_local_kubernetes_executor.py
[2024-07-31T12:21:47.287+0000] {processor.py:766} INFO - DAG(s) dict_keys(['example_local_kubernetes_executor']) retrieved from /home/airflow/.local/lib/python3.7/site-packages/airflow/example_dags/example_local_kubernetes_executor.py
[2024-07-31T12:21:47.363+0000] {logging_mixin.py:120} INFO - [2024-07-31T12:21:47.363+0000] {dag.py:2585} INFO - Sync 1 DAGs
[2024-07-31T12:21:47.403+0000] {logging_mixin.py:120} INFO - [2024-07-31T12:21:47.403+0000] {dag.py:3340} INFO - Setting next_dagrun for example_local_kubernetes_executor to None, run_after=None
[2024-07-31T12:21:47.444+0000] {processor.py:176} INFO - Processing /home/airflow/.local/lib/python3.7/site-packages/airflow/example_dags/example_local_kubernetes_executor.py took 0.225 seconds
[2024-07-31T12:22:17.878+0000] {processor.py:154} INFO - Started process (PID=1208) to work on /home/airflow/.local/lib/python3.7/site-packages/airflow/example_dags/example_local_kubernetes_executor.py
[2024-07-31T12:22:17.917+0000] {processor.py:756} INFO - Processing file /home/airflow/.local/lib/python3.7/site-packages/airflow/example_dags/example_local_kubernetes_executor.py for tasks to queue
[2024-07-31T12:22:17.939+0000] {logging_mixin.py:120} INFO - [2024-07-31T12:22:17.939+0000] {dagbag.py:537} INFO - Filling up the DagBag from /home/airflow/.local/lib/python3.7/site-packages/airflow/example_dags/example_local_kubernetes_executor.py
[2024-07-31T12:22:17.971+0000] {processor.py:766} INFO - DAG(s) dict_keys(['example_local_kubernetes_executor']) retrieved from /home/airflow/.local/lib/python3.7/site-packages/airflow/example_dags/example_local_kubernetes_executor.py
[2024-07-31T12:22:18.064+0000] {logging_mixin.py:120} INFO - [2024-07-31T12:22:18.064+0000] {dag.py:2585} INFO - Sync 1 DAGs
[2024-07-31T12:22:18.115+0000] {logging_mixin.py:120} INFO - [2024-07-31T12:22:18.115+0000] {dag.py:3340} INFO - Setting next_dagrun for example_local_kubernetes_executor to None, run_after=None
[2024-07-31T12:22:18.195+0000] {processor.py:176} INFO - Processing /home/airflow/.local/lib/python3.7/site-packages/airflow/example_dags/example_local_kubernetes_executor.py took 0.320 seconds
[2024-07-31T12:22:48.627+0000] {processor.py:154} INFO - Started process (PID=1272) to work on /home/airflow/.local/lib/python3.7/site-packages/airflow/example_dags/example_local_kubernetes_executor.py
[2024-07-31T12:22:48.630+0000] {processor.py:756} INFO - Processing file /home/airflow/.local/lib/python3.7/site-packages/airflow/example_dags/example_local_kubernetes_executor.py for tasks to queue
[2024-07-31T12:22:48.658+0000] {logging_mixin.py:120} INFO - [2024-07-31T12:22:48.658+0000] {dagbag.py:537} INFO - Filling up the DagBag from /home/airflow/.local/lib/python3.7/site-packages/airflow/example_dags/example_local_kubernetes_executor.py
[2024-07-31T12:22:48.686+0000] {processor.py:766} INFO - DAG(s) dict_keys(['example_local_kubernetes_executor']) retrieved from /home/airflow/.local/lib/python3.7/site-packages/airflow/example_dags/example_local_kubernetes_executor.py
[2024-07-31T12:22:48.758+0000] {logging_mixin.py:120} INFO - [2024-07-31T12:22:48.758+0000] {dag.py:2585} INFO - Sync 1 DAGs
[2024-07-31T12:22:48.795+0000] {logging_mixin.py:120} INFO - [2024-07-31T12:22:48.795+0000] {dag.py:3340} INFO - Setting next_dagrun for example_local_kubernetes_executor to None, run_after=None
[2024-07-31T12:22:48.835+0000] {processor.py:176} INFO - Processing /home/airflow/.local/lib/python3.7/site-packages/airflow/example_dags/example_local_kubernetes_executor.py took 0.212 seconds
[2024-07-31T12:23:19.945+0000] {processor.py:154} INFO - Started process (PID=1326) to work on /home/airflow/.local/lib/python3.7/site-packages/airflow/example_dags/example_local_kubernetes_executor.py
[2024-07-31T12:23:20.020+0000] {processor.py:756} INFO - Processing file /home/airflow/.local/lib/python3.7/site-packages/airflow/example_dags/example_local_kubernetes_executor.py for tasks to queue
[2024-07-31T12:23:20.093+0000] {logging_mixin.py:120} INFO - [2024-07-31T12:23:20.092+0000] {dagbag.py:537} INFO - Filling up the DagBag from /home/airflow/.local/lib/python3.7/site-packages/airflow/example_dags/example_local_kubernetes_executor.py
[2024-07-31T12:23:20.190+0000] {processor.py:766} INFO - DAG(s) dict_keys(['example_local_kubernetes_executor']) retrieved from /home/airflow/.local/lib/python3.7/site-packages/airflow/example_dags/example_local_kubernetes_executor.py
[2024-07-31T12:23:20.270+0000] {logging_mixin.py:120} INFO - [2024-07-31T12:23:20.270+0000] {dag.py:2585} INFO - Sync 1 DAGs
[2024-07-31T12:23:20.416+0000] {logging_mixin.py:120} INFO - [2024-07-31T12:23:20.416+0000] {dag.py:3340} INFO - Setting next_dagrun for example_local_kubernetes_executor to None, run_after=None
[2024-07-31T12:23:20.464+0000] {processor.py:176} INFO - Processing /home/airflow/.local/lib/python3.7/site-packages/airflow/example_dags/example_local_kubernetes_executor.py took 0.523 seconds
[2024-07-31T12:23:51.129+0000] {processor.py:154} INFO - Started process (PID=1389) to work on /home/airflow/.local/lib/python3.7/site-packages/airflow/example_dags/example_local_kubernetes_executor.py
[2024-07-31T12:23:51.130+0000] {processor.py:756} INFO - Processing file /home/airflow/.local/lib/python3.7/site-packages/airflow/example_dags/example_local_kubernetes_executor.py for tasks to queue
[2024-07-31T12:23:51.131+0000] {logging_mixin.py:120} INFO - [2024-07-31T12:23:51.131+0000] {dagbag.py:537} INFO - Filling up the DagBag from /home/airflow/.local/lib/python3.7/site-packages/airflow/example_dags/example_local_kubernetes_executor.py
[2024-07-31T12:23:51.159+0000] {processor.py:766} INFO - DAG(s) dict_keys(['example_local_kubernetes_executor']) retrieved from /home/airflow/.local/lib/python3.7/site-packages/airflow/example_dags/example_local_kubernetes_executor.py
[2024-07-31T12:23:51.223+0000] {logging_mixin.py:120} INFO - [2024-07-31T12:23:51.223+0000] {dag.py:2585} INFO - Sync 1 DAGs
[2024-07-31T12:23:51.253+0000] {logging_mixin.py:120} INFO - [2024-07-31T12:23:51.253+0000] {dag.py:3340} INFO - Setting next_dagrun for example_local_kubernetes_executor to None, run_after=None
[2024-07-31T12:23:51.288+0000] {processor.py:176} INFO - Processing /home/airflow/.local/lib/python3.7/site-packages/airflow/example_dags/example_local_kubernetes_executor.py took 0.164 seconds
[2024-07-31T12:24:21.717+0000] {processor.py:154} INFO - Started process (PID=1452) to work on /home/airflow/.local/lib/python3.7/site-packages/airflow/example_dags/example_local_kubernetes_executor.py
[2024-07-31T12:24:21.718+0000] {processor.py:756} INFO - Processing file /home/airflow/.local/lib/python3.7/site-packages/airflow/example_dags/example_local_kubernetes_executor.py for tasks to queue
[2024-07-31T12:24:21.719+0000] {logging_mixin.py:120} INFO - [2024-07-31T12:24:21.719+0000] {dagbag.py:537} INFO - Filling up the DagBag from /home/airflow/.local/lib/python3.7/site-packages/airflow/example_dags/example_local_kubernetes_executor.py
[2024-07-31T12:24:21.747+0000] {processor.py:766} INFO - DAG(s) dict_keys(['example_local_kubernetes_executor']) retrieved from /home/airflow/.local/lib/python3.7/site-packages/airflow/example_dags/example_local_kubernetes_executor.py
[2024-07-31T12:24:21.793+0000] {logging_mixin.py:120} INFO - [2024-07-31T12:24:21.792+0000] {dag.py:2585} INFO - Sync 1 DAGs
[2024-07-31T12:24:21.823+0000] {logging_mixin.py:120} INFO - [2024-07-31T12:24:21.823+0000] {dag.py:3340} INFO - Setting next_dagrun for example_local_kubernetes_executor to None, run_after=None
[2024-07-31T12:24:21.847+0000] {processor.py:176} INFO - Processing /home/airflow/.local/lib/python3.7/site-packages/airflow/example_dags/example_local_kubernetes_executor.py took 0.133 seconds
[2024-07-31T12:24:52.118+0000] {processor.py:154} INFO - Started process (PID=1505) to work on /home/airflow/.local/lib/python3.7/site-packages/airflow/example_dags/example_local_kubernetes_executor.py
[2024-07-31T12:24:52.120+0000] {processor.py:756} INFO - Processing file /home/airflow/.local/lib/python3.7/site-packages/airflow/example_dags/example_local_kubernetes_executor.py for tasks to queue
[2024-07-31T12:24:52.121+0000] {logging_mixin.py:120} INFO - [2024-07-31T12:24:52.121+0000] {dagbag.py:537} INFO - Filling up the DagBag from /home/airflow/.local/lib/python3.7/site-packages/airflow/example_dags/example_local_kubernetes_executor.py
[2024-07-31T12:24:52.155+0000] {processor.py:766} INFO - DAG(s) dict_keys(['example_local_kubernetes_executor']) retrieved from /home/airflow/.local/lib/python3.7/site-packages/airflow/example_dags/example_local_kubernetes_executor.py
[2024-07-31T12:24:52.202+0000] {logging_mixin.py:120} INFO - [2024-07-31T12:24:52.201+0000] {dag.py:2585} INFO - Sync 1 DAGs
[2024-07-31T12:24:52.237+0000] {logging_mixin.py:120} INFO - [2024-07-31T12:24:52.237+0000] {dag.py:3340} INFO - Setting next_dagrun for example_local_kubernetes_executor to None, run_after=None
[2024-07-31T12:24:52.265+0000] {processor.py:176} INFO - Processing /home/airflow/.local/lib/python3.7/site-packages/airflow/example_dags/example_local_kubernetes_executor.py took 0.151 seconds
[2024-07-31T12:25:22.759+0000] {processor.py:154} INFO - Started process (PID=1568) to work on /home/airflow/.local/lib/python3.7/site-packages/airflow/example_dags/example_local_kubernetes_executor.py
[2024-07-31T12:25:22.761+0000] {processor.py:756} INFO - Processing file /home/airflow/.local/lib/python3.7/site-packages/airflow/example_dags/example_local_kubernetes_executor.py for tasks to queue
[2024-07-31T12:25:22.762+0000] {logging_mixin.py:120} INFO - [2024-07-31T12:25:22.762+0000] {dagbag.py:537} INFO - Filling up the DagBag from /home/airflow/.local/lib/python3.7/site-packages/airflow/example_dags/example_local_kubernetes_executor.py
[2024-07-31T12:25:22.792+0000] {processor.py:766} INFO - DAG(s) dict_keys(['example_local_kubernetes_executor']) retrieved from /home/airflow/.local/lib/python3.7/site-packages/airflow/example_dags/example_local_kubernetes_executor.py
[2024-07-31T12:25:22.857+0000] {logging_mixin.py:120} INFO - [2024-07-31T12:25:22.857+0000] {dag.py:2585} INFO - Sync 1 DAGs
[2024-07-31T12:25:22.891+0000] {logging_mixin.py:120} INFO - [2024-07-31T12:25:22.890+0000] {dag.py:3340} INFO - Setting next_dagrun for example_local_kubernetes_executor to None, run_after=None
[2024-07-31T12:25:22.930+0000] {processor.py:176} INFO - Processing /home/airflow/.local/lib/python3.7/site-packages/airflow/example_dags/example_local_kubernetes_executor.py took 0.174 seconds
[2024-07-31T12:25:53.672+0000] {processor.py:154} INFO - Started process (PID=1631) to work on /home/airflow/.local/lib/python3.7/site-packages/airflow/example_dags/example_local_kubernetes_executor.py
[2024-07-31T12:25:53.679+0000] {processor.py:756} INFO - Processing file /home/airflow/.local/lib/python3.7/site-packages/airflow/example_dags/example_local_kubernetes_executor.py for tasks to queue
[2024-07-31T12:25:53.681+0000] {logging_mixin.py:120} INFO - [2024-07-31T12:25:53.681+0000] {dagbag.py:537} INFO - Filling up the DagBag from /home/airflow/.local/lib/python3.7/site-packages/airflow/example_dags/example_local_kubernetes_executor.py
[2024-07-31T12:25:53.718+0000] {processor.py:766} INFO - DAG(s) dict_keys(['example_local_kubernetes_executor']) retrieved from /home/airflow/.local/lib/python3.7/site-packages/airflow/example_dags/example_local_kubernetes_executor.py
[2024-07-31T12:25:53.773+0000] {logging_mixin.py:120} INFO - [2024-07-31T12:25:53.773+0000] {dag.py:2585} INFO - Sync 1 DAGs
[2024-07-31T12:25:53.830+0000] {logging_mixin.py:120} INFO - [2024-07-31T12:25:53.829+0000] {dag.py:3340} INFO - Setting next_dagrun for example_local_kubernetes_executor to None, run_after=None
[2024-07-31T12:25:53.860+0000] {processor.py:176} INFO - Processing /home/airflow/.local/lib/python3.7/site-packages/airflow/example_dags/example_local_kubernetes_executor.py took 0.192 seconds
[2024-07-31T12:26:24.969+0000] {processor.py:154} INFO - Started process (PID=1685) to work on /home/airflow/.local/lib/python3.7/site-packages/airflow/example_dags/example_local_kubernetes_executor.py
[2024-07-31T12:26:24.999+0000] {processor.py:756} INFO - Processing file /home/airflow/.local/lib/python3.7/site-packages/airflow/example_dags/example_local_kubernetes_executor.py for tasks to queue
[2024-07-31T12:26:25.040+0000] {logging_mixin.py:120} INFO - [2024-07-31T12:26:25.039+0000] {dagbag.py:537} INFO - Filling up the DagBag from /home/airflow/.local/lib/python3.7/site-packages/airflow/example_dags/example_local_kubernetes_executor.py
[2024-07-31T12:26:25.183+0000] {processor.py:766} INFO - DAG(s) dict_keys(['example_local_kubernetes_executor']) retrieved from /home/airflow/.local/lib/python3.7/site-packages/airflow/example_dags/example_local_kubernetes_executor.py
[2024-07-31T12:26:25.330+0000] {logging_mixin.py:120} INFO - [2024-07-31T12:26:25.330+0000] {dag.py:2585} INFO - Sync 1 DAGs
[2024-07-31T12:26:25.437+0000] {logging_mixin.py:120} INFO - [2024-07-31T12:26:25.437+0000] {dag.py:3340} INFO - Setting next_dagrun for example_local_kubernetes_executor to None, run_after=None
[2024-07-31T12:26:25.528+0000] {processor.py:176} INFO - Processing /home/airflow/.local/lib/python3.7/site-packages/airflow/example_dags/example_local_kubernetes_executor.py took 0.563 seconds
[2024-07-31T12:26:55.757+0000] {processor.py:154} INFO - Started process (PID=1748) to work on /home/airflow/.local/lib/python3.7/site-packages/airflow/example_dags/example_local_kubernetes_executor.py
[2024-07-31T12:26:55.768+0000] {processor.py:756} INFO - Processing file /home/airflow/.local/lib/python3.7/site-packages/airflow/example_dags/example_local_kubernetes_executor.py for tasks to queue
[2024-07-31T12:26:55.771+0000] {logging_mixin.py:120} INFO - [2024-07-31T12:26:55.770+0000] {dagbag.py:537} INFO - Filling up the DagBag from /home/airflow/.local/lib/python3.7/site-packages/airflow/example_dags/example_local_kubernetes_executor.py
[2024-07-31T12:26:55.840+0000] {processor.py:766} INFO - DAG(s) dict_keys(['example_local_kubernetes_executor']) retrieved from /home/airflow/.local/lib/python3.7/site-packages/airflow/example_dags/example_local_kubernetes_executor.py
[2024-07-31T12:26:55.973+0000] {logging_mixin.py:120} INFO - [2024-07-31T12:26:55.973+0000] {dag.py:2585} INFO - Sync 1 DAGs
[2024-07-31T12:26:56.052+0000] {logging_mixin.py:120} INFO - [2024-07-31T12:26:56.052+0000] {dag.py:3340} INFO - Setting next_dagrun for example_local_kubernetes_executor to None, run_after=None
[2024-07-31T12:26:56.106+0000] {processor.py:176} INFO - Processing /home/airflow/.local/lib/python3.7/site-packages/airflow/example_dags/example_local_kubernetes_executor.py took 0.357 seconds
[2024-07-31T12:27:28.874+0000] {processor.py:154} INFO - Started process (PID=1812) to work on /home/airflow/.local/lib/python3.7/site-packages/airflow/example_dags/example_local_kubernetes_executor.py
[2024-07-31T12:27:28.876+0000] {processor.py:756} INFO - Processing file /home/airflow/.local/lib/python3.7/site-packages/airflow/example_dags/example_local_kubernetes_executor.py for tasks to queue
[2024-07-31T12:27:28.877+0000] {logging_mixin.py:120} INFO - [2024-07-31T12:27:28.877+0000] {dagbag.py:537} INFO - Filling up the DagBag from /home/airflow/.local/lib/python3.7/site-packages/airflow/example_dags/example_local_kubernetes_executor.py
[2024-07-31T12:27:28.911+0000] {processor.py:766} INFO - DAG(s) dict_keys(['example_local_kubernetes_executor']) retrieved from /home/airflow/.local/lib/python3.7/site-packages/airflow/example_dags/example_local_kubernetes_executor.py
[2024-07-31T12:27:28.965+0000] {logging_mixin.py:120} INFO - [2024-07-31T12:27:28.965+0000] {dag.py:2585} INFO - Sync 1 DAGs
[2024-07-31T12:27:29.008+0000] {logging_mixin.py:120} INFO - [2024-07-31T12:27:29.008+0000] {dag.py:3340} INFO - Setting next_dagrun for example_local_kubernetes_executor to None, run_after=None
[2024-07-31T12:27:29.048+0000] {processor.py:176} INFO - Processing /home/airflow/.local/lib/python3.7/site-packages/airflow/example_dags/example_local_kubernetes_executor.py took 0.180 seconds
[2024-07-31T12:28:01.805+0000] {processor.py:154} INFO - Started process (PID=1866) to work on /home/airflow/.local/lib/python3.7/site-packages/airflow/example_dags/example_local_kubernetes_executor.py
[2024-07-31T12:28:01.808+0000] {processor.py:756} INFO - Processing file /home/airflow/.local/lib/python3.7/site-packages/airflow/example_dags/example_local_kubernetes_executor.py for tasks to queue
[2024-07-31T12:28:01.810+0000] {logging_mixin.py:120} INFO - [2024-07-31T12:28:01.810+0000] {dagbag.py:537} INFO - Filling up the DagBag from /home/airflow/.local/lib/python3.7/site-packages/airflow/example_dags/example_local_kubernetes_executor.py
[2024-07-31T12:28:01.855+0000] {processor.py:766} INFO - DAG(s) dict_keys(['example_local_kubernetes_executor']) retrieved from /home/airflow/.local/lib/python3.7/site-packages/airflow/example_dags/example_local_kubernetes_executor.py
[2024-07-31T12:28:01.915+0000] {logging_mixin.py:120} INFO - [2024-07-31T12:28:01.915+0000] {dag.py:2585} INFO - Sync 1 DAGs
[2024-07-31T12:28:01.965+0000] {logging_mixin.py:120} INFO - [2024-07-31T12:28:01.965+0000] {dag.py:3340} INFO - Setting next_dagrun for example_local_kubernetes_executor to None, run_after=None
[2024-07-31T12:28:02.000+0000] {processor.py:176} INFO - Processing /home/airflow/.local/lib/python3.7/site-packages/airflow/example_dags/example_local_kubernetes_executor.py took 0.201 seconds
[2024-07-31T12:28:32.248+0000] {processor.py:154} INFO - Started process (PID=1930) to work on /home/airflow/.local/lib/python3.7/site-packages/airflow/example_dags/example_local_kubernetes_executor.py
[2024-07-31T12:28:32.250+0000] {processor.py:756} INFO - Processing file /home/airflow/.local/lib/python3.7/site-packages/airflow/example_dags/example_local_kubernetes_executor.py for tasks to queue
[2024-07-31T12:28:32.251+0000] {logging_mixin.py:120} INFO - [2024-07-31T12:28:32.251+0000] {dagbag.py:537} INFO - Filling up the DagBag from /home/airflow/.local/lib/python3.7/site-packages/airflow/example_dags/example_local_kubernetes_executor.py
[2024-07-31T12:28:32.284+0000] {processor.py:766} INFO - DAG(s) dict_keys(['example_local_kubernetes_executor']) retrieved from /home/airflow/.local/lib/python3.7/site-packages/airflow/example_dags/example_local_kubernetes_executor.py
[2024-07-31T12:28:32.364+0000] {logging_mixin.py:120} INFO - [2024-07-31T12:28:32.363+0000] {dag.py:2585} INFO - Sync 1 DAGs
[2024-07-31T12:28:32.400+0000] {logging_mixin.py:120} INFO - [2024-07-31T12:28:32.400+0000] {dag.py:3340} INFO - Setting next_dagrun for example_local_kubernetes_executor to None, run_after=None
[2024-07-31T12:28:32.433+0000] {processor.py:176} INFO - Processing /home/airflow/.local/lib/python3.7/site-packages/airflow/example_dags/example_local_kubernetes_executor.py took 0.188 seconds
[2024-07-31T12:29:03.202+0000] {processor.py:154} INFO - Started process (PID=1984) to work on /home/airflow/.local/lib/python3.7/site-packages/airflow/example_dags/example_local_kubernetes_executor.py
[2024-07-31T12:29:03.204+0000] {processor.py:756} INFO - Processing file /home/airflow/.local/lib/python3.7/site-packages/airflow/example_dags/example_local_kubernetes_executor.py for tasks to queue
[2024-07-31T12:29:03.206+0000] {logging_mixin.py:120} INFO - [2024-07-31T12:29:03.206+0000] {dagbag.py:537} INFO - Filling up the DagBag from /home/airflow/.local/lib/python3.7/site-packages/airflow/example_dags/example_local_kubernetes_executor.py
[2024-07-31T12:29:03.229+0000] {processor.py:766} INFO - DAG(s) dict_keys(['example_local_kubernetes_executor']) retrieved from /home/airflow/.local/lib/python3.7/site-packages/airflow/example_dags/example_local_kubernetes_executor.py
[2024-07-31T12:29:03.333+0000] {logging_mixin.py:120} INFO - [2024-07-31T12:29:03.333+0000] {dag.py:2585} INFO - Sync 1 DAGs
[2024-07-31T12:29:03.431+0000] {logging_mixin.py:120} INFO - [2024-07-31T12:29:03.430+0000] {dag.py:3340} INFO - Setting next_dagrun for example_local_kubernetes_executor to None, run_after=None
[2024-07-31T12:29:03.530+0000] {processor.py:176} INFO - Processing /home/airflow/.local/lib/python3.7/site-packages/airflow/example_dags/example_local_kubernetes_executor.py took 0.332 seconds
[2024-07-31T12:29:34.375+0000] {processor.py:154} INFO - Started process (PID=2047) to work on /home/airflow/.local/lib/python3.7/site-packages/airflow/example_dags/example_local_kubernetes_executor.py
[2024-07-31T12:29:34.393+0000] {processor.py:756} INFO - Processing file /home/airflow/.local/lib/python3.7/site-packages/airflow/example_dags/example_local_kubernetes_executor.py for tasks to queue
[2024-07-31T12:29:34.401+0000] {logging_mixin.py:120} INFO - [2024-07-31T12:29:34.400+0000] {dagbag.py:537} INFO - Filling up the DagBag from /home/airflow/.local/lib/python3.7/site-packages/airflow/example_dags/example_local_kubernetes_executor.py
[2024-07-31T12:29:34.431+0000] {processor.py:766} INFO - DAG(s) dict_keys(['example_local_kubernetes_executor']) retrieved from /home/airflow/.local/lib/python3.7/site-packages/airflow/example_dags/example_local_kubernetes_executor.py
[2024-07-31T12:29:34.485+0000] {logging_mixin.py:120} INFO - [2024-07-31T12:29:34.485+0000] {dag.py:2585} INFO - Sync 1 DAGs
[2024-07-31T12:29:34.522+0000] {logging_mixin.py:120} INFO - [2024-07-31T12:29:34.522+0000] {dag.py:3340} INFO - Setting next_dagrun for example_local_kubernetes_executor to None, run_after=None
[2024-07-31T12:29:34.545+0000] {processor.py:176} INFO - Processing /home/airflow/.local/lib/python3.7/site-packages/airflow/example_dags/example_local_kubernetes_executor.py took 0.174 seconds
[2024-07-31T12:30:04.753+0000] {processor.py:154} INFO - Started process (PID=2111) to work on /home/airflow/.local/lib/python3.7/site-packages/airflow/example_dags/example_local_kubernetes_executor.py
[2024-07-31T12:30:04.754+0000] {processor.py:756} INFO - Processing file /home/airflow/.local/lib/python3.7/site-packages/airflow/example_dags/example_local_kubernetes_executor.py for tasks to queue
[2024-07-31T12:30:04.755+0000] {logging_mixin.py:120} INFO - [2024-07-31T12:30:04.755+0000] {dagbag.py:537} INFO - Filling up the DagBag from /home/airflow/.local/lib/python3.7/site-packages/airflow/example_dags/example_local_kubernetes_executor.py
[2024-07-31T12:30:04.783+0000] {processor.py:766} INFO - DAG(s) dict_keys(['example_local_kubernetes_executor']) retrieved from /home/airflow/.local/lib/python3.7/site-packages/airflow/example_dags/example_local_kubernetes_executor.py
[2024-07-31T12:30:04.830+0000] {logging_mixin.py:120} INFO - [2024-07-31T12:30:04.830+0000] {dag.py:2585} INFO - Sync 1 DAGs
[2024-07-31T12:30:04.860+0000] {logging_mixin.py:120} INFO - [2024-07-31T12:30:04.859+0000] {dag.py:3340} INFO - Setting next_dagrun for example_local_kubernetes_executor to None, run_after=None
[2024-07-31T12:30:04.884+0000] {processor.py:176} INFO - Processing /home/airflow/.local/lib/python3.7/site-packages/airflow/example_dags/example_local_kubernetes_executor.py took 0.136 seconds
[2024-07-31T12:30:35.043+0000] {processor.py:154} INFO - Started process (PID=2165) to work on /home/airflow/.local/lib/python3.7/site-packages/airflow/example_dags/example_local_kubernetes_executor.py
[2024-07-31T12:30:35.044+0000] {processor.py:756} INFO - Processing file /home/airflow/.local/lib/python3.7/site-packages/airflow/example_dags/example_local_kubernetes_executor.py for tasks to queue
[2024-07-31T12:30:35.045+0000] {logging_mixin.py:120} INFO - [2024-07-31T12:30:35.045+0000] {dagbag.py:537} INFO - Filling up the DagBag from /home/airflow/.local/lib/python3.7/site-packages/airflow/example_dags/example_local_kubernetes_executor.py
[2024-07-31T12:30:35.072+0000] {processor.py:766} INFO - DAG(s) dict_keys(['example_local_kubernetes_executor']) retrieved from /home/airflow/.local/lib/python3.7/site-packages/airflow/example_dags/example_local_kubernetes_executor.py
[2024-07-31T12:30:35.113+0000] {logging_mixin.py:120} INFO - [2024-07-31T12:30:35.113+0000] {dag.py:2585} INFO - Sync 1 DAGs
[2024-07-31T12:30:35.214+0000] {logging_mixin.py:120} INFO - [2024-07-31T12:30:35.214+0000] {dag.py:3340} INFO - Setting next_dagrun for example_local_kubernetes_executor to None, run_after=None
[2024-07-31T12:30:35.282+0000] {processor.py:176} INFO - Processing /home/airflow/.local/lib/python3.7/site-packages/airflow/example_dags/example_local_kubernetes_executor.py took 0.242 seconds
[2024-07-31T12:31:05.575+0000] {processor.py:154} INFO - Started process (PID=2227) to work on /home/airflow/.local/lib/python3.7/site-packages/airflow/example_dags/example_local_kubernetes_executor.py
[2024-07-31T12:31:05.577+0000] {processor.py:756} INFO - Processing file /home/airflow/.local/lib/python3.7/site-packages/airflow/example_dags/example_local_kubernetes_executor.py for tasks to queue
[2024-07-31T12:31:05.578+0000] {logging_mixin.py:120} INFO - [2024-07-31T12:31:05.578+0000] {dagbag.py:537} INFO - Filling up the DagBag from /home/airflow/.local/lib/python3.7/site-packages/airflow/example_dags/example_local_kubernetes_executor.py
[2024-07-31T12:31:05.607+0000] {processor.py:766} INFO - DAG(s) dict_keys(['example_local_kubernetes_executor']) retrieved from /home/airflow/.local/lib/python3.7/site-packages/airflow/example_dags/example_local_kubernetes_executor.py
[2024-07-31T12:31:05.653+0000] {logging_mixin.py:120} INFO - [2024-07-31T12:31:05.652+0000] {dag.py:2585} INFO - Sync 1 DAGs
[2024-07-31T12:31:05.684+0000] {logging_mixin.py:120} INFO - [2024-07-31T12:31:05.684+0000] {dag.py:3340} INFO - Setting next_dagrun for example_local_kubernetes_executor to None, run_after=None
[2024-07-31T12:31:05.715+0000] {processor.py:176} INFO - Processing /home/airflow/.local/lib/python3.7/site-packages/airflow/example_dags/example_local_kubernetes_executor.py took 0.145 seconds
[2024-07-31T12:31:35.869+0000] {processor.py:154} INFO - Started process (PID=2291) to work on /home/airflow/.local/lib/python3.7/site-packages/airflow/example_dags/example_local_kubernetes_executor.py
[2024-07-31T12:31:35.870+0000] {processor.py:756} INFO - Processing file /home/airflow/.local/lib/python3.7/site-packages/airflow/example_dags/example_local_kubernetes_executor.py for tasks to queue
[2024-07-31T12:31:35.872+0000] {logging_mixin.py:120} INFO - [2024-07-31T12:31:35.872+0000] {dagbag.py:537} INFO - Filling up the DagBag from /home/airflow/.local/lib/python3.7/site-packages/airflow/example_dags/example_local_kubernetes_executor.py
[2024-07-31T12:31:35.900+0000] {processor.py:766} INFO - DAG(s) dict_keys(['example_local_kubernetes_executor']) retrieved from /home/airflow/.local/lib/python3.7/site-packages/airflow/example_dags/example_local_kubernetes_executor.py
[2024-07-31T12:31:35.957+0000] {logging_mixin.py:120} INFO - [2024-07-31T12:31:35.956+0000] {dag.py:2585} INFO - Sync 1 DAGs
[2024-07-31T12:31:35.990+0000] {logging_mixin.py:120} INFO - [2024-07-31T12:31:35.990+0000] {dag.py:3340} INFO - Setting next_dagrun for example_local_kubernetes_executor to None, run_after=None
[2024-07-31T12:31:36.014+0000] {processor.py:176} INFO - Processing /home/airflow/.local/lib/python3.7/site-packages/airflow/example_dags/example_local_kubernetes_executor.py took 0.148 seconds
[2024-07-31T12:32:06.637+0000] {processor.py:154} INFO - Started process (PID=2345) to work on /home/airflow/.local/lib/python3.7/site-packages/airflow/example_dags/example_local_kubernetes_executor.py
[2024-07-31T12:32:06.639+0000] {processor.py:756} INFO - Processing file /home/airflow/.local/lib/python3.7/site-packages/airflow/example_dags/example_local_kubernetes_executor.py for tasks to queue
[2024-07-31T12:32:06.641+0000] {logging_mixin.py:120} INFO - [2024-07-31T12:32:06.641+0000] {dagbag.py:537} INFO - Filling up the DagBag from /home/airflow/.local/lib/python3.7/site-packages/airflow/example_dags/example_local_kubernetes_executor.py
[2024-07-31T12:32:06.678+0000] {processor.py:766} INFO - DAG(s) dict_keys(['example_local_kubernetes_executor']) retrieved from /home/airflow/.local/lib/python3.7/site-packages/airflow/example_dags/example_local_kubernetes_executor.py
[2024-07-31T12:32:06.733+0000] {logging_mixin.py:120} INFO - [2024-07-31T12:32:06.733+0000] {dag.py:2585} INFO - Sync 1 DAGs
[2024-07-31T12:32:06.764+0000] {logging_mixin.py:120} INFO - [2024-07-31T12:32:06.764+0000] {dag.py:3340} INFO - Setting next_dagrun for example_local_kubernetes_executor to None, run_after=None
[2024-07-31T12:32:06.795+0000] {processor.py:176} INFO - Processing /home/airflow/.local/lib/python3.7/site-packages/airflow/example_dags/example_local_kubernetes_executor.py took 0.164 seconds
[2024-07-31T12:32:39.154+0000] {processor.py:154} INFO - Started process (PID=2408) to work on /home/airflow/.local/lib/python3.7/site-packages/airflow/example_dags/example_local_kubernetes_executor.py
[2024-07-31T12:32:39.155+0000] {processor.py:756} INFO - Processing file /home/airflow/.local/lib/python3.7/site-packages/airflow/example_dags/example_local_kubernetes_executor.py for tasks to queue
[2024-07-31T12:32:39.156+0000] {logging_mixin.py:120} INFO - [2024-07-31T12:32:39.156+0000] {dagbag.py:537} INFO - Filling up the DagBag from /home/airflow/.local/lib/python3.7/site-packages/airflow/example_dags/example_local_kubernetes_executor.py
[2024-07-31T12:32:39.180+0000] {processor.py:766} INFO - DAG(s) dict_keys(['example_local_kubernetes_executor']) retrieved from /home/airflow/.local/lib/python3.7/site-packages/airflow/example_dags/example_local_kubernetes_executor.py
[2024-07-31T12:32:39.234+0000] {logging_mixin.py:120} INFO - [2024-07-31T12:32:39.234+0000] {dag.py:2585} INFO - Sync 1 DAGs
[2024-07-31T12:32:39.284+0000] {logging_mixin.py:120} INFO - [2024-07-31T12:32:39.284+0000] {dag.py:3340} INFO - Setting next_dagrun for example_local_kubernetes_executor to None, run_after=None
[2024-07-31T12:32:39.308+0000] {processor.py:176} INFO - Processing /home/airflow/.local/lib/python3.7/site-packages/airflow/example_dags/example_local_kubernetes_executor.py took 0.157 seconds
[2024-07-31T12:33:09.660+0000] {processor.py:154} INFO - Started process (PID=2471) to work on /home/airflow/.local/lib/python3.7/site-packages/airflow/example_dags/example_local_kubernetes_executor.py
[2024-07-31T12:33:09.661+0000] {processor.py:756} INFO - Processing file /home/airflow/.local/lib/python3.7/site-packages/airflow/example_dags/example_local_kubernetes_executor.py for tasks to queue
[2024-07-31T12:33:09.662+0000] {logging_mixin.py:120} INFO - [2024-07-31T12:33:09.662+0000] {dagbag.py:537} INFO - Filling up the DagBag from /home/airflow/.local/lib/python3.7/site-packages/airflow/example_dags/example_local_kubernetes_executor.py
[2024-07-31T12:33:09.696+0000] {processor.py:766} INFO - DAG(s) dict_keys(['example_local_kubernetes_executor']) retrieved from /home/airflow/.local/lib/python3.7/site-packages/airflow/example_dags/example_local_kubernetes_executor.py
[2024-07-31T12:33:09.766+0000] {logging_mixin.py:120} INFO - [2024-07-31T12:33:09.766+0000] {dag.py:2585} INFO - Sync 1 DAGs
[2024-07-31T12:33:09.806+0000] {logging_mixin.py:120} INFO - [2024-07-31T12:33:09.805+0000] {dag.py:3340} INFO - Setting next_dagrun for example_local_kubernetes_executor to None, run_after=None
[2024-07-31T12:33:09.845+0000] {processor.py:176} INFO - Processing /home/airflow/.local/lib/python3.7/site-packages/airflow/example_dags/example_local_kubernetes_executor.py took 0.190 seconds
[2024-07-31T12:33:43.633+0000] {processor.py:154} INFO - Started process (PID=2525) to work on /home/airflow/.local/lib/python3.7/site-packages/airflow/example_dags/example_local_kubernetes_executor.py
[2024-07-31T12:33:43.640+0000] {processor.py:756} INFO - Processing file /home/airflow/.local/lib/python3.7/site-packages/airflow/example_dags/example_local_kubernetes_executor.py for tasks to queue
[2024-07-31T12:33:43.648+0000] {logging_mixin.py:120} INFO - [2024-07-31T12:33:43.647+0000] {dagbag.py:537} INFO - Filling up the DagBag from /home/airflow/.local/lib/python3.7/site-packages/airflow/example_dags/example_local_kubernetes_executor.py
[2024-07-31T12:33:43.675+0000] {processor.py:766} INFO - DAG(s) dict_keys(['example_local_kubernetes_executor']) retrieved from /home/airflow/.local/lib/python3.7/site-packages/airflow/example_dags/example_local_kubernetes_executor.py
[2024-07-31T12:33:43.753+0000] {logging_mixin.py:120} INFO - [2024-07-31T12:33:43.753+0000] {dag.py:2585} INFO - Sync 1 DAGs
[2024-07-31T12:33:43.929+0000] {logging_mixin.py:120} INFO - [2024-07-31T12:33:43.928+0000] {dag.py:3340} INFO - Setting next_dagrun for example_local_kubernetes_executor to None, run_after=None
[2024-07-31T12:33:44.095+0000] {processor.py:176} INFO - Processing /home/airflow/.local/lib/python3.7/site-packages/airflow/example_dags/example_local_kubernetes_executor.py took 0.469 seconds
[2024-07-31T12:34:14.421+0000] {processor.py:154} INFO - Started process (PID=2587) to work on /home/airflow/.local/lib/python3.7/site-packages/airflow/example_dags/example_local_kubernetes_executor.py
[2024-07-31T12:34:14.424+0000] {processor.py:756} INFO - Processing file /home/airflow/.local/lib/python3.7/site-packages/airflow/example_dags/example_local_kubernetes_executor.py for tasks to queue
[2024-07-31T12:34:14.425+0000] {logging_mixin.py:120} INFO - [2024-07-31T12:34:14.425+0000] {dagbag.py:537} INFO - Filling up the DagBag from /home/airflow/.local/lib/python3.7/site-packages/airflow/example_dags/example_local_kubernetes_executor.py
[2024-07-31T12:34:14.461+0000] {processor.py:766} INFO - DAG(s) dict_keys(['example_local_kubernetes_executor']) retrieved from /home/airflow/.local/lib/python3.7/site-packages/airflow/example_dags/example_local_kubernetes_executor.py
[2024-07-31T12:34:14.537+0000] {logging_mixin.py:120} INFO - [2024-07-31T12:34:14.537+0000] {dag.py:2585} INFO - Sync 1 DAGs
[2024-07-31T12:34:14.578+0000] {logging_mixin.py:120} INFO - [2024-07-31T12:34:14.577+0000] {dag.py:3340} INFO - Setting next_dagrun for example_local_kubernetes_executor to None, run_after=None
[2024-07-31T12:34:14.612+0000] {processor.py:176} INFO - Processing /home/airflow/.local/lib/python3.7/site-packages/airflow/example_dags/example_local_kubernetes_executor.py took 0.196 seconds
[2024-07-31T12:34:45.662+0000] {processor.py:154} INFO - Started process (PID=2651) to work on /home/airflow/.local/lib/python3.7/site-packages/airflow/example_dags/example_local_kubernetes_executor.py
[2024-07-31T12:34:45.668+0000] {processor.py:756} INFO - Processing file /home/airflow/.local/lib/python3.7/site-packages/airflow/example_dags/example_local_kubernetes_executor.py for tasks to queue
[2024-07-31T12:34:45.678+0000] {logging_mixin.py:120} INFO - [2024-07-31T12:34:45.678+0000] {dagbag.py:537} INFO - Filling up the DagBag from /home/airflow/.local/lib/python3.7/site-packages/airflow/example_dags/example_local_kubernetes_executor.py
[2024-07-31T12:34:45.729+0000] {processor.py:766} INFO - DAG(s) dict_keys(['example_local_kubernetes_executor']) retrieved from /home/airflow/.local/lib/python3.7/site-packages/airflow/example_dags/example_local_kubernetes_executor.py
[2024-07-31T12:34:45.850+0000] {logging_mixin.py:120} INFO - [2024-07-31T12:34:45.850+0000] {dag.py:2585} INFO - Sync 1 DAGs
[2024-07-31T12:34:45.987+0000] {logging_mixin.py:120} INFO - [2024-07-31T12:34:45.987+0000] {dag.py:3340} INFO - Setting next_dagrun for example_local_kubernetes_executor to None, run_after=None
[2024-07-31T12:34:46.127+0000] {processor.py:176} INFO - Processing /home/airflow/.local/lib/python3.7/site-packages/airflow/example_dags/example_local_kubernetes_executor.py took 0.468 seconds
[2024-07-31T12:35:16.955+0000] {processor.py:154} INFO - Started process (PID=2705) to work on /home/airflow/.local/lib/python3.7/site-packages/airflow/example_dags/example_local_kubernetes_executor.py
[2024-07-31T12:35:16.956+0000] {processor.py:756} INFO - Processing file /home/airflow/.local/lib/python3.7/site-packages/airflow/example_dags/example_local_kubernetes_executor.py for tasks to queue
[2024-07-31T12:35:16.958+0000] {logging_mixin.py:120} INFO - [2024-07-31T12:35:16.957+0000] {dagbag.py:537} INFO - Filling up the DagBag from /home/airflow/.local/lib/python3.7/site-packages/airflow/example_dags/example_local_kubernetes_executor.py
[2024-07-31T12:35:16.996+0000] {processor.py:766} INFO - DAG(s) dict_keys(['example_local_kubernetes_executor']) retrieved from /home/airflow/.local/lib/python3.7/site-packages/airflow/example_dags/example_local_kubernetes_executor.py
[2024-07-31T12:35:17.068+0000] {logging_mixin.py:120} INFO - [2024-07-31T12:35:17.068+0000] {dag.py:2585} INFO - Sync 1 DAGs
[2024-07-31T12:35:17.137+0000] {logging_mixin.py:120} INFO - [2024-07-31T12:35:17.137+0000] {dag.py:3340} INFO - Setting next_dagrun for example_local_kubernetes_executor to None, run_after=None
[2024-07-31T12:35:17.202+0000] {processor.py:176} INFO - Processing /home/airflow/.local/lib/python3.7/site-packages/airflow/example_dags/example_local_kubernetes_executor.py took 0.251 seconds
[2024-07-31T12:35:48.398+0000] {processor.py:154} INFO - Started process (PID=2768) to work on /home/airflow/.local/lib/python3.7/site-packages/airflow/example_dags/example_local_kubernetes_executor.py
[2024-07-31T12:35:48.494+0000] {processor.py:756} INFO - Processing file /home/airflow/.local/lib/python3.7/site-packages/airflow/example_dags/example_local_kubernetes_executor.py for tasks to queue
[2024-07-31T12:35:48.498+0000] {logging_mixin.py:120} INFO - [2024-07-31T12:35:48.498+0000] {dagbag.py:537} INFO - Filling up the DagBag from /home/airflow/.local/lib/python3.7/site-packages/airflow/example_dags/example_local_kubernetes_executor.py
[2024-07-31T12:35:48.532+0000] {processor.py:766} INFO - DAG(s) dict_keys(['example_local_kubernetes_executor']) retrieved from /home/airflow/.local/lib/python3.7/site-packages/airflow/example_dags/example_local_kubernetes_executor.py
[2024-07-31T12:35:48.691+0000] {logging_mixin.py:120} INFO - [2024-07-31T12:35:48.691+0000] {dag.py:2585} INFO - Sync 1 DAGs
[2024-07-31T12:35:48.837+0000] {logging_mixin.py:120} INFO - [2024-07-31T12:35:48.837+0000] {dag.py:3340} INFO - Setting next_dagrun for example_local_kubernetes_executor to None, run_after=None
[2024-07-31T12:35:48.870+0000] {processor.py:176} INFO - Processing /home/airflow/.local/lib/python3.7/site-packages/airflow/example_dags/example_local_kubernetes_executor.py took 0.476 seconds
[2024-07-31T12:36:19.387+0000] {processor.py:154} INFO - Started process (PID=2823) to work on /home/airflow/.local/lib/python3.7/site-packages/airflow/example_dags/example_local_kubernetes_executor.py
[2024-07-31T12:36:19.389+0000] {processor.py:756} INFO - Processing file /home/airflow/.local/lib/python3.7/site-packages/airflow/example_dags/example_local_kubernetes_executor.py for tasks to queue
[2024-07-31T12:36:19.390+0000] {logging_mixin.py:120} INFO - [2024-07-31T12:36:19.390+0000] {dagbag.py:537} INFO - Filling up the DagBag from /home/airflow/.local/lib/python3.7/site-packages/airflow/example_dags/example_local_kubernetes_executor.py
[2024-07-31T12:36:19.412+0000] {processor.py:766} INFO - DAG(s) dict_keys(['example_local_kubernetes_executor']) retrieved from /home/airflow/.local/lib/python3.7/site-packages/airflow/example_dags/example_local_kubernetes_executor.py
[2024-07-31T12:36:19.453+0000] {logging_mixin.py:120} INFO - [2024-07-31T12:36:19.453+0000] {dag.py:2585} INFO - Sync 1 DAGs
[2024-07-31T12:36:19.482+0000] {logging_mixin.py:120} INFO - [2024-07-31T12:36:19.482+0000] {dag.py:3340} INFO - Setting next_dagrun for example_local_kubernetes_executor to None, run_after=None
[2024-07-31T12:36:19.511+0000] {processor.py:176} INFO - Processing /home/airflow/.local/lib/python3.7/site-packages/airflow/example_dags/example_local_kubernetes_executor.py took 0.129 seconds
