[2024-07-31T12:12:22.582+0000] {processor.py:154} INFO - Started process (PID=66) to work on /home/airflow/.local/lib/python3.7/site-packages/airflow/example_dags/example_short_circuit_decorator.py
[2024-07-31T12:12:22.585+0000] {processor.py:756} INFO - Processing file /home/airflow/.local/lib/python3.7/site-packages/airflow/example_dags/example_short_circuit_decorator.py for tasks to queue
[2024-07-31T12:12:22.587+0000] {logging_mixin.py:120} INFO - [2024-07-31T12:12:22.587+0000] {dagbag.py:537} INFO - Filling up the DagBag from /home/airflow/.local/lib/python3.7/site-packages/airflow/example_dags/example_short_circuit_decorator.py
[2024-07-31T12:12:22.656+0000] {processor.py:766} INFO - DAG(s) dict_keys(['example_short_circuit_decorator']) retrieved from /home/airflow/.local/lib/python3.7/site-packages/airflow/example_dags/example_short_circuit_decorator.py
[2024-07-31T12:12:22.942+0000] {logging_mixin.py:120} INFO - [2024-07-31T12:12:22.942+0000] {manager.py:507} INFO - Created Permission View: can read on DAG:example_short_circuit_decorator
[2024-07-31T12:12:22.967+0000] {logging_mixin.py:120} INFO - [2024-07-31T12:12:22.967+0000] {manager.py:507} INFO - Created Permission View: can delete on DAG:example_short_circuit_decorator
[2024-07-31T12:12:22.991+0000] {logging_mixin.py:120} INFO - [2024-07-31T12:12:22.991+0000] {manager.py:507} INFO - Created Permission View: can edit on DAG:example_short_circuit_decorator
[2024-07-31T12:12:22.993+0000] {logging_mixin.py:120} INFO - [2024-07-31T12:12:22.992+0000] {dag.py:2585} INFO - Sync 1 DAGs
[2024-07-31T12:12:23.022+0000] {logging_mixin.py:120} INFO - [2024-07-31T12:12:23.022+0000] {dag.py:2606} INFO - Creating ORM DAG for example_short_circuit_decorator
[2024-07-31T12:12:23.054+0000] {logging_mixin.py:120} INFO - [2024-07-31T12:12:23.054+0000] {dag.py:3340} INFO - Setting next_dagrun for example_short_circuit_decorator to 2024-07-30T12:12:23.053451+00:00, run_after=2024-07-31T12:12:23.053451+00:00
[2024-07-31T12:12:23.108+0000] {processor.py:176} INFO - Processing /home/airflow/.local/lib/python3.7/site-packages/airflow/example_dags/example_short_circuit_decorator.py took 0.532 seconds
[2024-07-31T12:12:53.201+0000] {processor.py:154} INFO - Started process (PID=129) to work on /home/airflow/.local/lib/python3.7/site-packages/airflow/example_dags/example_short_circuit_decorator.py
[2024-07-31T12:12:53.203+0000] {processor.py:756} INFO - Processing file /home/airflow/.local/lib/python3.7/site-packages/airflow/example_dags/example_short_circuit_decorator.py for tasks to queue
[2024-07-31T12:12:53.204+0000] {logging_mixin.py:120} INFO - [2024-07-31T12:12:53.204+0000] {dagbag.py:537} INFO - Filling up the DagBag from /home/airflow/.local/lib/python3.7/site-packages/airflow/example_dags/example_short_circuit_decorator.py
[2024-07-31T12:12:53.237+0000] {processor.py:766} INFO - DAG(s) dict_keys(['example_short_circuit_decorator']) retrieved from /home/airflow/.local/lib/python3.7/site-packages/airflow/example_dags/example_short_circuit_decorator.py
[2024-07-31T12:12:53.276+0000] {logging_mixin.py:120} INFO - [2024-07-31T12:12:53.276+0000] {dag.py:2585} INFO - Sync 1 DAGs
[2024-07-31T12:12:53.303+0000] {logging_mixin.py:120} INFO - [2024-07-31T12:12:53.303+0000] {dag.py:3340} INFO - Setting next_dagrun for example_short_circuit_decorator to 2024-07-30T12:12:53.302872+00:00, run_after=2024-07-31T12:12:53.302872+00:00
[2024-07-31T12:12:53.327+0000] {processor.py:176} INFO - Processing /home/airflow/.local/lib/python3.7/site-packages/airflow/example_dags/example_short_circuit_decorator.py took 0.129 seconds
[2024-07-31T12:13:24.796+0000] {processor.py:154} INFO - Started process (PID=184) to work on /home/airflow/.local/lib/python3.7/site-packages/airflow/example_dags/example_short_circuit_decorator.py
[2024-07-31T12:13:24.801+0000] {processor.py:756} INFO - Processing file /home/airflow/.local/lib/python3.7/site-packages/airflow/example_dags/example_short_circuit_decorator.py for tasks to queue
[2024-07-31T12:13:24.810+0000] {logging_mixin.py:120} INFO - [2024-07-31T12:13:24.810+0000] {dagbag.py:537} INFO - Filling up the DagBag from /home/airflow/.local/lib/python3.7/site-packages/airflow/example_dags/example_short_circuit_decorator.py
[2024-07-31T12:13:24.860+0000] {processor.py:766} INFO - DAG(s) dict_keys(['example_short_circuit_decorator']) retrieved from /home/airflow/.local/lib/python3.7/site-packages/airflow/example_dags/example_short_circuit_decorator.py
[2024-07-31T12:13:25.026+0000] {logging_mixin.py:120} INFO - [2024-07-31T12:13:25.025+0000] {dag.py:2585} INFO - Sync 1 DAGs
[2024-07-31T12:13:25.131+0000] {logging_mixin.py:120} INFO - [2024-07-31T12:13:25.131+0000] {dag.py:3340} INFO - Setting next_dagrun for example_short_circuit_decorator to 2024-07-30T12:13:25.130810+00:00, run_after=2024-07-31T12:13:25.130810+00:00
[2024-07-31T12:13:25.162+0000] {processor.py:176} INFO - Processing /home/airflow/.local/lib/python3.7/site-packages/airflow/example_dags/example_short_circuit_decorator.py took 0.369 seconds
[2024-07-31T12:13:55.413+0000] {processor.py:154} INFO - Started process (PID=247) to work on /home/airflow/.local/lib/python3.7/site-packages/airflow/example_dags/example_short_circuit_decorator.py
[2024-07-31T12:13:55.416+0000] {processor.py:756} INFO - Processing file /home/airflow/.local/lib/python3.7/site-packages/airflow/example_dags/example_short_circuit_decorator.py for tasks to queue
[2024-07-31T12:13:55.417+0000] {logging_mixin.py:120} INFO - [2024-07-31T12:13:55.417+0000] {dagbag.py:537} INFO - Filling up the DagBag from /home/airflow/.local/lib/python3.7/site-packages/airflow/example_dags/example_short_circuit_decorator.py
[2024-07-31T12:13:55.463+0000] {processor.py:766} INFO - DAG(s) dict_keys(['example_short_circuit_decorator']) retrieved from /home/airflow/.local/lib/python3.7/site-packages/airflow/example_dags/example_short_circuit_decorator.py
[2024-07-31T12:13:55.513+0000] {logging_mixin.py:120} INFO - [2024-07-31T12:13:55.513+0000] {dag.py:2585} INFO - Sync 1 DAGs
[2024-07-31T12:13:55.544+0000] {logging_mixin.py:120} INFO - [2024-07-31T12:13:55.544+0000] {dag.py:3340} INFO - Setting next_dagrun for example_short_circuit_decorator to 2024-07-30T12:13:55.544376+00:00, run_after=2024-07-31T12:13:55.544376+00:00
[2024-07-31T12:13:55.572+0000] {processor.py:176} INFO - Processing /home/airflow/.local/lib/python3.7/site-packages/airflow/example_dags/example_short_circuit_decorator.py took 0.163 seconds
[2024-07-31T12:14:26.466+0000] {processor.py:154} INFO - Started process (PID=312) to work on /home/airflow/.local/lib/python3.7/site-packages/airflow/example_dags/example_short_circuit_decorator.py
[2024-07-31T12:14:26.467+0000] {processor.py:756} INFO - Processing file /home/airflow/.local/lib/python3.7/site-packages/airflow/example_dags/example_short_circuit_decorator.py for tasks to queue
[2024-07-31T12:14:26.469+0000] {logging_mixin.py:120} INFO - [2024-07-31T12:14:26.469+0000] {dagbag.py:537} INFO - Filling up the DagBag from /home/airflow/.local/lib/python3.7/site-packages/airflow/example_dags/example_short_circuit_decorator.py
[2024-07-31T12:14:26.509+0000] {processor.py:766} INFO - DAG(s) dict_keys(['example_short_circuit_decorator']) retrieved from /home/airflow/.local/lib/python3.7/site-packages/airflow/example_dags/example_short_circuit_decorator.py
[2024-07-31T12:14:26.574+0000] {logging_mixin.py:120} INFO - [2024-07-31T12:14:26.574+0000] {dag.py:2585} INFO - Sync 1 DAGs
[2024-07-31T12:14:26.605+0000] {logging_mixin.py:120} INFO - [2024-07-31T12:14:26.605+0000] {dag.py:3340} INFO - Setting next_dagrun for example_short_circuit_decorator to 2024-07-30T12:14:26.605422+00:00, run_after=2024-07-31T12:14:26.605422+00:00
[2024-07-31T12:14:26.649+0000] {processor.py:176} INFO - Processing /home/airflow/.local/lib/python3.7/site-packages/airflow/example_dags/example_short_circuit_decorator.py took 0.189 seconds
[2024-07-31T12:14:57.918+0000] {processor.py:154} INFO - Started process (PID=367) to work on /home/airflow/.local/lib/python3.7/site-packages/airflow/example_dags/example_short_circuit_decorator.py
[2024-07-31T12:14:57.921+0000] {processor.py:756} INFO - Processing file /home/airflow/.local/lib/python3.7/site-packages/airflow/example_dags/example_short_circuit_decorator.py for tasks to queue
[2024-07-31T12:14:57.923+0000] {logging_mixin.py:120} INFO - [2024-07-31T12:14:57.923+0000] {dagbag.py:537} INFO - Filling up the DagBag from /home/airflow/.local/lib/python3.7/site-packages/airflow/example_dags/example_short_circuit_decorator.py
[2024-07-31T12:14:57.962+0000] {processor.py:766} INFO - DAG(s) dict_keys(['example_short_circuit_decorator']) retrieved from /home/airflow/.local/lib/python3.7/site-packages/airflow/example_dags/example_short_circuit_decorator.py
[2024-07-31T12:14:58.042+0000] {logging_mixin.py:120} INFO - [2024-07-31T12:14:58.041+0000] {dag.py:2585} INFO - Sync 1 DAGs
[2024-07-31T12:14:58.088+0000] {logging_mixin.py:120} INFO - [2024-07-31T12:14:58.087+0000] {dag.py:3340} INFO - Setting next_dagrun for example_short_circuit_decorator to 2024-07-30T12:14:58.087463+00:00, run_after=2024-07-31T12:14:58.087463+00:00
[2024-07-31T12:14:58.131+0000] {processor.py:176} INFO - Processing /home/airflow/.local/lib/python3.7/site-packages/airflow/example_dags/example_short_circuit_decorator.py took 0.218 seconds
[2024-07-31T12:15:28.375+0000] {processor.py:154} INFO - Started process (PID=430) to work on /home/airflow/.local/lib/python3.7/site-packages/airflow/example_dags/example_short_circuit_decorator.py
[2024-07-31T12:15:28.377+0000] {processor.py:756} INFO - Processing file /home/airflow/.local/lib/python3.7/site-packages/airflow/example_dags/example_short_circuit_decorator.py for tasks to queue
[2024-07-31T12:15:28.379+0000] {logging_mixin.py:120} INFO - [2024-07-31T12:15:28.378+0000] {dagbag.py:537} INFO - Filling up the DagBag from /home/airflow/.local/lib/python3.7/site-packages/airflow/example_dags/example_short_circuit_decorator.py
[2024-07-31T12:15:28.431+0000] {processor.py:766} INFO - DAG(s) dict_keys(['example_short_circuit_decorator']) retrieved from /home/airflow/.local/lib/python3.7/site-packages/airflow/example_dags/example_short_circuit_decorator.py
[2024-07-31T12:15:28.509+0000] {logging_mixin.py:120} INFO - [2024-07-31T12:15:28.508+0000] {dag.py:2585} INFO - Sync 1 DAGs
[2024-07-31T12:15:28.553+0000] {logging_mixin.py:120} INFO - [2024-07-31T12:15:28.553+0000] {dag.py:3340} INFO - Setting next_dagrun for example_short_circuit_decorator to 2024-07-30T12:15:28.553251+00:00, run_after=2024-07-31T12:15:28.553251+00:00
[2024-07-31T12:15:28.596+0000] {processor.py:176} INFO - Processing /home/airflow/.local/lib/python3.7/site-packages/airflow/example_dags/example_short_circuit_decorator.py took 0.225 seconds
[2024-07-31T12:15:58.756+0000] {processor.py:154} INFO - Started process (PID=493) to work on /home/airflow/.local/lib/python3.7/site-packages/airflow/example_dags/example_short_circuit_decorator.py
[2024-07-31T12:15:58.758+0000] {processor.py:756} INFO - Processing file /home/airflow/.local/lib/python3.7/site-packages/airflow/example_dags/example_short_circuit_decorator.py for tasks to queue
[2024-07-31T12:15:58.760+0000] {logging_mixin.py:120} INFO - [2024-07-31T12:15:58.759+0000] {dagbag.py:537} INFO - Filling up the DagBag from /home/airflow/.local/lib/python3.7/site-packages/airflow/example_dags/example_short_circuit_decorator.py
[2024-07-31T12:15:58.808+0000] {processor.py:766} INFO - DAG(s) dict_keys(['example_short_circuit_decorator']) retrieved from /home/airflow/.local/lib/python3.7/site-packages/airflow/example_dags/example_short_circuit_decorator.py
[2024-07-31T12:15:58.867+0000] {logging_mixin.py:120} INFO - [2024-07-31T12:15:58.867+0000] {dag.py:2585} INFO - Sync 1 DAGs
[2024-07-31T12:15:58.914+0000] {logging_mixin.py:120} INFO - [2024-07-31T12:15:58.913+0000] {dag.py:3340} INFO - Setting next_dagrun for example_short_circuit_decorator to 2024-07-30T12:15:58.913279+00:00, run_after=2024-07-31T12:15:58.913279+00:00
[2024-07-31T12:15:58.958+0000] {processor.py:176} INFO - Processing /home/airflow/.local/lib/python3.7/site-packages/airflow/example_dags/example_short_circuit_decorator.py took 0.208 seconds
[2024-07-31T12:16:29.484+0000] {processor.py:154} INFO - Started process (PID=547) to work on /home/airflow/.local/lib/python3.7/site-packages/airflow/example_dags/example_short_circuit_decorator.py
[2024-07-31T12:16:29.486+0000] {processor.py:756} INFO - Processing file /home/airflow/.local/lib/python3.7/site-packages/airflow/example_dags/example_short_circuit_decorator.py for tasks to queue
[2024-07-31T12:16:29.488+0000] {logging_mixin.py:120} INFO - [2024-07-31T12:16:29.488+0000] {dagbag.py:537} INFO - Filling up the DagBag from /home/airflow/.local/lib/python3.7/site-packages/airflow/example_dags/example_short_circuit_decorator.py
[2024-07-31T12:16:29.516+0000] {processor.py:766} INFO - DAG(s) dict_keys(['example_short_circuit_decorator']) retrieved from /home/airflow/.local/lib/python3.7/site-packages/airflow/example_dags/example_short_circuit_decorator.py
[2024-07-31T12:16:29.580+0000] {logging_mixin.py:120} INFO - [2024-07-31T12:16:29.580+0000] {dag.py:2585} INFO - Sync 1 DAGs
[2024-07-31T12:16:29.610+0000] {logging_mixin.py:120} INFO - [2024-07-31T12:16:29.609+0000] {dag.py:3340} INFO - Setting next_dagrun for example_short_circuit_decorator to 2024-07-30T12:16:29.609623+00:00, run_after=2024-07-31T12:16:29.609623+00:00
[2024-07-31T12:16:29.649+0000] {processor.py:176} INFO - Processing /home/airflow/.local/lib/python3.7/site-packages/airflow/example_dags/example_short_circuit_decorator.py took 0.169 seconds
[2024-07-31T12:16:59.896+0000] {processor.py:154} INFO - Started process (PID=610) to work on /home/airflow/.local/lib/python3.7/site-packages/airflow/example_dags/example_short_circuit_decorator.py
[2024-07-31T12:16:59.897+0000] {processor.py:756} INFO - Processing file /home/airflow/.local/lib/python3.7/site-packages/airflow/example_dags/example_short_circuit_decorator.py for tasks to queue
[2024-07-31T12:16:59.898+0000] {logging_mixin.py:120} INFO - [2024-07-31T12:16:59.898+0000] {dagbag.py:537} INFO - Filling up the DagBag from /home/airflow/.local/lib/python3.7/site-packages/airflow/example_dags/example_short_circuit_decorator.py
[2024-07-31T12:16:59.943+0000] {processor.py:766} INFO - DAG(s) dict_keys(['example_short_circuit_decorator']) retrieved from /home/airflow/.local/lib/python3.7/site-packages/airflow/example_dags/example_short_circuit_decorator.py
[2024-07-31T12:17:00.024+0000] {logging_mixin.py:120} INFO - [2024-07-31T12:17:00.024+0000] {dag.py:2585} INFO - Sync 1 DAGs
[2024-07-31T12:17:00.076+0000] {logging_mixin.py:120} INFO - [2024-07-31T12:17:00.076+0000] {dag.py:3340} INFO - Setting next_dagrun for example_short_circuit_decorator to 2024-07-30T12:17:00.076028+00:00, run_after=2024-07-31T12:17:00.076028+00:00
[2024-07-31T12:17:00.114+0000] {processor.py:176} INFO - Processing /home/airflow/.local/lib/python3.7/site-packages/airflow/example_dags/example_short_circuit_decorator.py took 0.223 seconds
[2024-07-31T12:17:31.613+0000] {processor.py:154} INFO - Started process (PID=663) to work on /home/airflow/.local/lib/python3.7/site-packages/airflow/example_dags/example_short_circuit_decorator.py
[2024-07-31T12:17:31.615+0000] {processor.py:756} INFO - Processing file /home/airflow/.local/lib/python3.7/site-packages/airflow/example_dags/example_short_circuit_decorator.py for tasks to queue
[2024-07-31T12:17:31.620+0000] {logging_mixin.py:120} INFO - [2024-07-31T12:17:31.619+0000] {dagbag.py:537} INFO - Filling up the DagBag from /home/airflow/.local/lib/python3.7/site-packages/airflow/example_dags/example_short_circuit_decorator.py
[2024-07-31T12:17:31.669+0000] {processor.py:766} INFO - DAG(s) dict_keys(['example_short_circuit_decorator']) retrieved from /home/airflow/.local/lib/python3.7/site-packages/airflow/example_dags/example_short_circuit_decorator.py
[2024-07-31T12:17:31.753+0000] {logging_mixin.py:120} INFO - [2024-07-31T12:17:31.753+0000] {dag.py:2585} INFO - Sync 1 DAGs
[2024-07-31T12:17:31.803+0000] {logging_mixin.py:120} INFO - [2024-07-31T12:17:31.803+0000] {dag.py:3340} INFO - Setting next_dagrun for example_short_circuit_decorator to 2024-07-30T12:17:31.802948+00:00, run_after=2024-07-31T12:17:31.802948+00:00
[2024-07-31T12:17:31.854+0000] {processor.py:176} INFO - Processing /home/airflow/.local/lib/python3.7/site-packages/airflow/example_dags/example_short_circuit_decorator.py took 0.246 seconds
[2024-07-31T12:18:02.048+0000] {processor.py:154} INFO - Started process (PID=726) to work on /home/airflow/.local/lib/python3.7/site-packages/airflow/example_dags/example_short_circuit_decorator.py
[2024-07-31T12:18:02.054+0000] {processor.py:756} INFO - Processing file /home/airflow/.local/lib/python3.7/site-packages/airflow/example_dags/example_short_circuit_decorator.py for tasks to queue
[2024-07-31T12:18:02.056+0000] {logging_mixin.py:120} INFO - [2024-07-31T12:18:02.055+0000] {dagbag.py:537} INFO - Filling up the DagBag from /home/airflow/.local/lib/python3.7/site-packages/airflow/example_dags/example_short_circuit_decorator.py
[2024-07-31T12:18:02.089+0000] {processor.py:766} INFO - DAG(s) dict_keys(['example_short_circuit_decorator']) retrieved from /home/airflow/.local/lib/python3.7/site-packages/airflow/example_dags/example_short_circuit_decorator.py
[2024-07-31T12:18:02.135+0000] {logging_mixin.py:120} INFO - [2024-07-31T12:18:02.135+0000] {dag.py:2585} INFO - Sync 1 DAGs
[2024-07-31T12:18:02.164+0000] {logging_mixin.py:120} INFO - [2024-07-31T12:18:02.164+0000] {dag.py:3340} INFO - Setting next_dagrun for example_short_circuit_decorator to 2024-07-30T12:18:02.164078+00:00, run_after=2024-07-31T12:18:02.164078+00:00
[2024-07-31T12:18:02.191+0000] {processor.py:176} INFO - Processing /home/airflow/.local/lib/python3.7/site-packages/airflow/example_dags/example_short_circuit_decorator.py took 0.150 seconds
[2024-07-31T12:18:33.979+0000] {processor.py:154} INFO - Started process (PID=779) to work on /home/airflow/.local/lib/python3.7/site-packages/airflow/example_dags/example_short_circuit_decorator.py
[2024-07-31T12:18:33.981+0000] {processor.py:756} INFO - Processing file /home/airflow/.local/lib/python3.7/site-packages/airflow/example_dags/example_short_circuit_decorator.py for tasks to queue
[2024-07-31T12:18:33.983+0000] {logging_mixin.py:120} INFO - [2024-07-31T12:18:33.983+0000] {dagbag.py:537} INFO - Filling up the DagBag from /home/airflow/.local/lib/python3.7/site-packages/airflow/example_dags/example_short_circuit_decorator.py
[2024-07-31T12:18:34.034+0000] {processor.py:766} INFO - DAG(s) dict_keys(['example_short_circuit_decorator']) retrieved from /home/airflow/.local/lib/python3.7/site-packages/airflow/example_dags/example_short_circuit_decorator.py
[2024-07-31T12:18:34.141+0000] {logging_mixin.py:120} INFO - [2024-07-31T12:18:34.141+0000] {dag.py:2585} INFO - Sync 1 DAGs
[2024-07-31T12:18:34.237+0000] {logging_mixin.py:120} INFO - [2024-07-31T12:18:34.236+0000] {dag.py:3340} INFO - Setting next_dagrun for example_short_circuit_decorator to 2024-07-30T12:18:34.236322+00:00, run_after=2024-07-31T12:18:34.236322+00:00
[2024-07-31T12:18:34.328+0000] {processor.py:176} INFO - Processing /home/airflow/.local/lib/python3.7/site-packages/airflow/example_dags/example_short_circuit_decorator.py took 0.354 seconds
[2024-07-31T12:19:05.403+0000] {processor.py:154} INFO - Started process (PID=842) to work on /home/airflow/.local/lib/python3.7/site-packages/airflow/example_dags/example_short_circuit_decorator.py
[2024-07-31T12:19:05.404+0000] {processor.py:756} INFO - Processing file /home/airflow/.local/lib/python3.7/site-packages/airflow/example_dags/example_short_circuit_decorator.py for tasks to queue
[2024-07-31T12:19:05.405+0000] {logging_mixin.py:120} INFO - [2024-07-31T12:19:05.405+0000] {dagbag.py:537} INFO - Filling up the DagBag from /home/airflow/.local/lib/python3.7/site-packages/airflow/example_dags/example_short_circuit_decorator.py
[2024-07-31T12:19:05.434+0000] {processor.py:766} INFO - DAG(s) dict_keys(['example_short_circuit_decorator']) retrieved from /home/airflow/.local/lib/python3.7/site-packages/airflow/example_dags/example_short_circuit_decorator.py
[2024-07-31T12:19:05.547+0000] {logging_mixin.py:120} INFO - [2024-07-31T12:19:05.547+0000] {dag.py:2585} INFO - Sync 1 DAGs
[2024-07-31T12:19:05.612+0000] {logging_mixin.py:120} INFO - [2024-07-31T12:19:05.612+0000] {dag.py:3340} INFO - Setting next_dagrun for example_short_circuit_decorator to 2024-07-30T12:19:05.612555+00:00, run_after=2024-07-31T12:19:05.612555+00:00
[2024-07-31T12:19:05.701+0000] {processor.py:176} INFO - Processing /home/airflow/.local/lib/python3.7/site-packages/airflow/example_dags/example_short_circuit_decorator.py took 0.302 seconds
[2024-07-31T12:19:35.956+0000] {processor.py:154} INFO - Started process (PID=905) to work on /home/airflow/.local/lib/python3.7/site-packages/airflow/example_dags/example_short_circuit_decorator.py
[2024-07-31T12:19:35.958+0000] {processor.py:756} INFO - Processing file /home/airflow/.local/lib/python3.7/site-packages/airflow/example_dags/example_short_circuit_decorator.py for tasks to queue
[2024-07-31T12:19:35.960+0000] {logging_mixin.py:120} INFO - [2024-07-31T12:19:35.960+0000] {dagbag.py:537} INFO - Filling up the DagBag from /home/airflow/.local/lib/python3.7/site-packages/airflow/example_dags/example_short_circuit_decorator.py
[2024-07-31T12:19:36.005+0000] {processor.py:766} INFO - DAG(s) dict_keys(['example_short_circuit_decorator']) retrieved from /home/airflow/.local/lib/python3.7/site-packages/airflow/example_dags/example_short_circuit_decorator.py
[2024-07-31T12:19:36.078+0000] {logging_mixin.py:120} INFO - [2024-07-31T12:19:36.078+0000] {dag.py:2585} INFO - Sync 1 DAGs
[2024-07-31T12:19:36.122+0000] {logging_mixin.py:120} INFO - [2024-07-31T12:19:36.122+0000] {dag.py:3340} INFO - Setting next_dagrun for example_short_circuit_decorator to 2024-07-30T12:19:36.122141+00:00, run_after=2024-07-31T12:19:36.122141+00:00
[2024-07-31T12:19:36.169+0000] {processor.py:176} INFO - Processing /home/airflow/.local/lib/python3.7/site-packages/airflow/example_dags/example_short_circuit_decorator.py took 0.217 seconds
[2024-07-31T12:20:06.310+0000] {processor.py:154} INFO - Started process (PID=958) to work on /home/airflow/.local/lib/python3.7/site-packages/airflow/example_dags/example_short_circuit_decorator.py
[2024-07-31T12:20:06.312+0000] {processor.py:756} INFO - Processing file /home/airflow/.local/lib/python3.7/site-packages/airflow/example_dags/example_short_circuit_decorator.py for tasks to queue
[2024-07-31T12:20:06.313+0000] {logging_mixin.py:120} INFO - [2024-07-31T12:20:06.313+0000] {dagbag.py:537} INFO - Filling up the DagBag from /home/airflow/.local/lib/python3.7/site-packages/airflow/example_dags/example_short_circuit_decorator.py
[2024-07-31T12:20:06.339+0000] {processor.py:766} INFO - DAG(s) dict_keys(['example_short_circuit_decorator']) retrieved from /home/airflow/.local/lib/python3.7/site-packages/airflow/example_dags/example_short_circuit_decorator.py
[2024-07-31T12:20:06.387+0000] {logging_mixin.py:120} INFO - [2024-07-31T12:20:06.387+0000] {dag.py:2585} INFO - Sync 1 DAGs
[2024-07-31T12:20:06.418+0000] {logging_mixin.py:120} INFO - [2024-07-31T12:20:06.418+0000] {dag.py:3340} INFO - Setting next_dagrun for example_short_circuit_decorator to 2024-07-30T12:20:06.417495+00:00, run_after=2024-07-31T12:20:06.417495+00:00
[2024-07-31T12:20:06.455+0000] {processor.py:176} INFO - Processing /home/airflow/.local/lib/python3.7/site-packages/airflow/example_dags/example_short_circuit_decorator.py took 0.150 seconds
[2024-07-31T12:20:37.050+0000] {processor.py:154} INFO - Started process (PID=1021) to work on /home/airflow/.local/lib/python3.7/site-packages/airflow/example_dags/example_short_circuit_decorator.py
[2024-07-31T12:20:37.051+0000] {processor.py:756} INFO - Processing file /home/airflow/.local/lib/python3.7/site-packages/airflow/example_dags/example_short_circuit_decorator.py for tasks to queue
[2024-07-31T12:20:37.052+0000] {logging_mixin.py:120} INFO - [2024-07-31T12:20:37.052+0000] {dagbag.py:537} INFO - Filling up the DagBag from /home/airflow/.local/lib/python3.7/site-packages/airflow/example_dags/example_short_circuit_decorator.py
[2024-07-31T12:20:37.078+0000] {processor.py:766} INFO - DAG(s) dict_keys(['example_short_circuit_decorator']) retrieved from /home/airflow/.local/lib/python3.7/site-packages/airflow/example_dags/example_short_circuit_decorator.py
[2024-07-31T12:20:37.128+0000] {logging_mixin.py:120} INFO - [2024-07-31T12:20:37.128+0000] {dag.py:2585} INFO - Sync 1 DAGs
[2024-07-31T12:20:37.157+0000] {logging_mixin.py:120} INFO - [2024-07-31T12:20:37.157+0000] {dag.py:3340} INFO - Setting next_dagrun for example_short_circuit_decorator to 2024-07-30T12:20:37.156709+00:00, run_after=2024-07-31T12:20:37.156709+00:00
[2024-07-31T12:20:37.205+0000] {processor.py:176} INFO - Processing /home/airflow/.local/lib/python3.7/site-packages/airflow/example_dags/example_short_circuit_decorator.py took 0.159 seconds
[2024-07-31T12:21:08.581+0000] {processor.py:154} INFO - Started process (PID=1084) to work on /home/airflow/.local/lib/python3.7/site-packages/airflow/example_dags/example_short_circuit_decorator.py
[2024-07-31T12:21:08.583+0000] {processor.py:756} INFO - Processing file /home/airflow/.local/lib/python3.7/site-packages/airflow/example_dags/example_short_circuit_decorator.py for tasks to queue
[2024-07-31T12:21:08.584+0000] {logging_mixin.py:120} INFO - [2024-07-31T12:21:08.584+0000] {dagbag.py:537} INFO - Filling up the DagBag from /home/airflow/.local/lib/python3.7/site-packages/airflow/example_dags/example_short_circuit_decorator.py
[2024-07-31T12:21:08.612+0000] {processor.py:766} INFO - DAG(s) dict_keys(['example_short_circuit_decorator']) retrieved from /home/airflow/.local/lib/python3.7/site-packages/airflow/example_dags/example_short_circuit_decorator.py
[2024-07-31T12:21:08.672+0000] {logging_mixin.py:120} INFO - [2024-07-31T12:21:08.672+0000] {dag.py:2585} INFO - Sync 1 DAGs
[2024-07-31T12:21:08.711+0000] {logging_mixin.py:120} INFO - [2024-07-31T12:21:08.711+0000] {dag.py:3340} INFO - Setting next_dagrun for example_short_circuit_decorator to 2024-07-30T12:21:08.710878+00:00, run_after=2024-07-31T12:21:08.710878+00:00
[2024-07-31T12:21:08.749+0000] {processor.py:176} INFO - Processing /home/airflow/.local/lib/python3.7/site-packages/airflow/example_dags/example_short_circuit_decorator.py took 0.173 seconds
[2024-07-31T12:21:38.961+0000] {processor.py:154} INFO - Started process (PID=1138) to work on /home/airflow/.local/lib/python3.7/site-packages/airflow/example_dags/example_short_circuit_decorator.py
[2024-07-31T12:21:38.967+0000] {processor.py:756} INFO - Processing file /home/airflow/.local/lib/python3.7/site-packages/airflow/example_dags/example_short_circuit_decorator.py for tasks to queue
[2024-07-31T12:21:38.969+0000] {logging_mixin.py:120} INFO - [2024-07-31T12:21:38.968+0000] {dagbag.py:537} INFO - Filling up the DagBag from /home/airflow/.local/lib/python3.7/site-packages/airflow/example_dags/example_short_circuit_decorator.py
[2024-07-31T12:21:38.995+0000] {processor.py:766} INFO - DAG(s) dict_keys(['example_short_circuit_decorator']) retrieved from /home/airflow/.local/lib/python3.7/site-packages/airflow/example_dags/example_short_circuit_decorator.py
[2024-07-31T12:21:39.043+0000] {logging_mixin.py:120} INFO - [2024-07-31T12:21:39.043+0000] {dag.py:2585} INFO - Sync 1 DAGs
[2024-07-31T12:21:39.085+0000] {logging_mixin.py:120} INFO - [2024-07-31T12:21:39.085+0000] {dag.py:3340} INFO - Setting next_dagrun for example_short_circuit_decorator to 2024-07-30T12:21:39.084674+00:00, run_after=2024-07-31T12:21:39.084674+00:00
[2024-07-31T12:21:39.131+0000] {processor.py:176} INFO - Processing /home/airflow/.local/lib/python3.7/site-packages/airflow/example_dags/example_short_circuit_decorator.py took 0.174 seconds
[2024-07-31T12:22:11.413+0000] {processor.py:154} INFO - Started process (PID=1201) to work on /home/airflow/.local/lib/python3.7/site-packages/airflow/example_dags/example_short_circuit_decorator.py
[2024-07-31T12:22:11.627+0000] {processor.py:756} INFO - Processing file /home/airflow/.local/lib/python3.7/site-packages/airflow/example_dags/example_short_circuit_decorator.py for tasks to queue
[2024-07-31T12:22:11.829+0000] {logging_mixin.py:120} INFO - [2024-07-31T12:22:11.828+0000] {dagbag.py:537} INFO - Filling up the DagBag from /home/airflow/.local/lib/python3.7/site-packages/airflow/example_dags/example_short_circuit_decorator.py
[2024-07-31T12:22:12.047+0000] {processor.py:766} INFO - DAG(s) dict_keys(['example_short_circuit_decorator']) retrieved from /home/airflow/.local/lib/python3.7/site-packages/airflow/example_dags/example_short_circuit_decorator.py
[2024-07-31T12:22:12.119+0000] {logging_mixin.py:120} INFO - [2024-07-31T12:22:12.118+0000] {dag.py:2585} INFO - Sync 1 DAGs
[2024-07-31T12:22:12.170+0000] {logging_mixin.py:120} INFO - [2024-07-31T12:22:12.170+0000] {dag.py:3340} INFO - Setting next_dagrun for example_short_circuit_decorator to 2024-07-30T12:22:12.170001+00:00, run_after=2024-07-31T12:22:12.170001+00:00
[2024-07-31T12:22:12.220+0000] {processor.py:176} INFO - Processing /home/airflow/.local/lib/python3.7/site-packages/airflow/example_dags/example_short_circuit_decorator.py took 0.824 seconds
[2024-07-31T12:22:42.886+0000] {processor.py:154} INFO - Started process (PID=1255) to work on /home/airflow/.local/lib/python3.7/site-packages/airflow/example_dags/example_short_circuit_decorator.py
[2024-07-31T12:22:42.888+0000] {processor.py:756} INFO - Processing file /home/airflow/.local/lib/python3.7/site-packages/airflow/example_dags/example_short_circuit_decorator.py for tasks to queue
[2024-07-31T12:22:42.889+0000] {logging_mixin.py:120} INFO - [2024-07-31T12:22:42.889+0000] {dagbag.py:537} INFO - Filling up the DagBag from /home/airflow/.local/lib/python3.7/site-packages/airflow/example_dags/example_short_circuit_decorator.py
[2024-07-31T12:22:42.922+0000] {processor.py:766} INFO - DAG(s) dict_keys(['example_short_circuit_decorator']) retrieved from /home/airflow/.local/lib/python3.7/site-packages/airflow/example_dags/example_short_circuit_decorator.py
[2024-07-31T12:22:43.005+0000] {logging_mixin.py:120} INFO - [2024-07-31T12:22:43.005+0000] {dag.py:2585} INFO - Sync 1 DAGs
[2024-07-31T12:22:43.051+0000] {logging_mixin.py:120} INFO - [2024-07-31T12:22:43.051+0000] {dag.py:3340} INFO - Setting next_dagrun for example_short_circuit_decorator to 2024-07-30T12:22:43.050728+00:00, run_after=2024-07-31T12:22:43.050728+00:00
[2024-07-31T12:22:43.107+0000] {processor.py:176} INFO - Processing /home/airflow/.local/lib/python3.7/site-packages/airflow/example_dags/example_short_circuit_decorator.py took 0.225 seconds
[2024-07-31T12:23:13.537+0000] {processor.py:154} INFO - Started process (PID=1319) to work on /home/airflow/.local/lib/python3.7/site-packages/airflow/example_dags/example_short_circuit_decorator.py
[2024-07-31T12:23:13.539+0000] {processor.py:756} INFO - Processing file /home/airflow/.local/lib/python3.7/site-packages/airflow/example_dags/example_short_circuit_decorator.py for tasks to queue
[2024-07-31T12:23:13.540+0000] {logging_mixin.py:120} INFO - [2024-07-31T12:23:13.540+0000] {dagbag.py:537} INFO - Filling up the DagBag from /home/airflow/.local/lib/python3.7/site-packages/airflow/example_dags/example_short_circuit_decorator.py
[2024-07-31T12:23:13.572+0000] {processor.py:766} INFO - DAG(s) dict_keys(['example_short_circuit_decorator']) retrieved from /home/airflow/.local/lib/python3.7/site-packages/airflow/example_dags/example_short_circuit_decorator.py
[2024-07-31T12:23:13.629+0000] {logging_mixin.py:120} INFO - [2024-07-31T12:23:13.629+0000] {dag.py:2585} INFO - Sync 1 DAGs
[2024-07-31T12:23:13.659+0000] {logging_mixin.py:120} INFO - [2024-07-31T12:23:13.659+0000] {dag.py:3340} INFO - Setting next_dagrun for example_short_circuit_decorator to 2024-07-30T12:23:13.659285+00:00, run_after=2024-07-31T12:23:13.659285+00:00
[2024-07-31T12:23:13.689+0000] {processor.py:176} INFO - Processing /home/airflow/.local/lib/python3.7/site-packages/airflow/example_dags/example_short_circuit_decorator.py took 0.156 seconds
[2024-07-31T12:23:44.173+0000] {processor.py:154} INFO - Started process (PID=1379) to work on /home/airflow/.local/lib/python3.7/site-packages/airflow/example_dags/example_short_circuit_decorator.py
[2024-07-31T12:23:44.175+0000] {processor.py:756} INFO - Processing file /home/airflow/.local/lib/python3.7/site-packages/airflow/example_dags/example_short_circuit_decorator.py for tasks to queue
[2024-07-31T12:23:44.178+0000] {logging_mixin.py:120} INFO - [2024-07-31T12:23:44.177+0000] {dagbag.py:537} INFO - Filling up the DagBag from /home/airflow/.local/lib/python3.7/site-packages/airflow/example_dags/example_short_circuit_decorator.py
[2024-07-31T12:23:44.211+0000] {processor.py:766} INFO - DAG(s) dict_keys(['example_short_circuit_decorator']) retrieved from /home/airflow/.local/lib/python3.7/site-packages/airflow/example_dags/example_short_circuit_decorator.py
[2024-07-31T12:23:44.262+0000] {logging_mixin.py:120} INFO - [2024-07-31T12:23:44.262+0000] {dag.py:2585} INFO - Sync 1 DAGs
[2024-07-31T12:23:44.301+0000] {logging_mixin.py:120} INFO - [2024-07-31T12:23:44.301+0000] {dag.py:3340} INFO - Setting next_dagrun for example_short_circuit_decorator to 2024-07-30T12:23:44.300731+00:00, run_after=2024-07-31T12:23:44.300731+00:00
[2024-07-31T12:23:44.339+0000] {processor.py:176} INFO - Processing /home/airflow/.local/lib/python3.7/site-packages/airflow/example_dags/example_short_circuit_decorator.py took 0.170 seconds
[2024-07-31T12:24:17.586+0000] {processor.py:154} INFO - Started process (PID=1436) to work on /home/airflow/.local/lib/python3.7/site-packages/airflow/example_dags/example_short_circuit_decorator.py
[2024-07-31T12:24:17.587+0000] {processor.py:756} INFO - Processing file /home/airflow/.local/lib/python3.7/site-packages/airflow/example_dags/example_short_circuit_decorator.py for tasks to queue
[2024-07-31T12:24:17.588+0000] {logging_mixin.py:120} INFO - [2024-07-31T12:24:17.588+0000] {dagbag.py:537} INFO - Filling up the DagBag from /home/airflow/.local/lib/python3.7/site-packages/airflow/example_dags/example_short_circuit_decorator.py
[2024-07-31T12:24:17.624+0000] {processor.py:766} INFO - DAG(s) dict_keys(['example_short_circuit_decorator']) retrieved from /home/airflow/.local/lib/python3.7/site-packages/airflow/example_dags/example_short_circuit_decorator.py
[2024-07-31T12:24:17.708+0000] {logging_mixin.py:120} INFO - [2024-07-31T12:24:17.708+0000] {dag.py:2585} INFO - Sync 1 DAGs
[2024-07-31T12:24:17.773+0000] {logging_mixin.py:120} INFO - [2024-07-31T12:24:17.773+0000] {dag.py:3340} INFO - Setting next_dagrun for example_short_circuit_decorator to 2024-07-30T12:24:17.772827+00:00, run_after=2024-07-31T12:24:17.772827+00:00
[2024-07-31T12:24:17.889+0000] {processor.py:176} INFO - Processing /home/airflow/.local/lib/python3.7/site-packages/airflow/example_dags/example_short_circuit_decorator.py took 0.306 seconds
[2024-07-31T12:24:48.437+0000] {processor.py:154} INFO - Started process (PID=1498) to work on /home/airflow/.local/lib/python3.7/site-packages/airflow/example_dags/example_short_circuit_decorator.py
[2024-07-31T12:24:48.438+0000] {processor.py:756} INFO - Processing file /home/airflow/.local/lib/python3.7/site-packages/airflow/example_dags/example_short_circuit_decorator.py for tasks to queue
[2024-07-31T12:24:48.439+0000] {logging_mixin.py:120} INFO - [2024-07-31T12:24:48.439+0000] {dagbag.py:537} INFO - Filling up the DagBag from /home/airflow/.local/lib/python3.7/site-packages/airflow/example_dags/example_short_circuit_decorator.py
[2024-07-31T12:24:48.466+0000] {processor.py:766} INFO - DAG(s) dict_keys(['example_short_circuit_decorator']) retrieved from /home/airflow/.local/lib/python3.7/site-packages/airflow/example_dags/example_short_circuit_decorator.py
[2024-07-31T12:24:48.511+0000] {logging_mixin.py:120} INFO - [2024-07-31T12:24:48.511+0000] {dag.py:2585} INFO - Sync 1 DAGs
[2024-07-31T12:24:48.583+0000] {logging_mixin.py:120} INFO - [2024-07-31T12:24:48.583+0000] {dag.py:3340} INFO - Setting next_dagrun for example_short_circuit_decorator to 2024-07-30T12:24:48.583351+00:00, run_after=2024-07-31T12:24:48.583351+00:00
[2024-07-31T12:24:48.613+0000] {processor.py:176} INFO - Processing /home/airflow/.local/lib/python3.7/site-packages/airflow/example_dags/example_short_circuit_decorator.py took 0.180 seconds
[2024-07-31T12:25:19.036+0000] {processor.py:154} INFO - Started process (PID=1561) to work on /home/airflow/.local/lib/python3.7/site-packages/airflow/example_dags/example_short_circuit_decorator.py
[2024-07-31T12:25:19.038+0000] {processor.py:756} INFO - Processing file /home/airflow/.local/lib/python3.7/site-packages/airflow/example_dags/example_short_circuit_decorator.py for tasks to queue
[2024-07-31T12:25:19.039+0000] {logging_mixin.py:120} INFO - [2024-07-31T12:25:19.039+0000] {dagbag.py:537} INFO - Filling up the DagBag from /home/airflow/.local/lib/python3.7/site-packages/airflow/example_dags/example_short_circuit_decorator.py
[2024-07-31T12:25:19.074+0000] {processor.py:766} INFO - DAG(s) dict_keys(['example_short_circuit_decorator']) retrieved from /home/airflow/.local/lib/python3.7/site-packages/airflow/example_dags/example_short_circuit_decorator.py
[2024-07-31T12:25:19.144+0000] {logging_mixin.py:120} INFO - [2024-07-31T12:25:19.144+0000] {dag.py:2585} INFO - Sync 1 DAGs
[2024-07-31T12:25:19.202+0000] {logging_mixin.py:120} INFO - [2024-07-31T12:25:19.202+0000] {dag.py:3340} INFO - Setting next_dagrun for example_short_circuit_decorator to 2024-07-30T12:25:19.201931+00:00, run_after=2024-07-31T12:25:19.201931+00:00
[2024-07-31T12:25:19.247+0000] {processor.py:176} INFO - Processing /home/airflow/.local/lib/python3.7/site-packages/airflow/example_dags/example_short_circuit_decorator.py took 0.217 seconds
[2024-07-31T12:25:50.110+0000] {processor.py:154} INFO - Started process (PID=1615) to work on /home/airflow/.local/lib/python3.7/site-packages/airflow/example_dags/example_short_circuit_decorator.py
[2024-07-31T12:25:50.111+0000] {processor.py:756} INFO - Processing file /home/airflow/.local/lib/python3.7/site-packages/airflow/example_dags/example_short_circuit_decorator.py for tasks to queue
[2024-07-31T12:25:50.113+0000] {logging_mixin.py:120} INFO - [2024-07-31T12:25:50.113+0000] {dagbag.py:537} INFO - Filling up the DagBag from /home/airflow/.local/lib/python3.7/site-packages/airflow/example_dags/example_short_circuit_decorator.py
[2024-07-31T12:25:50.142+0000] {processor.py:766} INFO - DAG(s) dict_keys(['example_short_circuit_decorator']) retrieved from /home/airflow/.local/lib/python3.7/site-packages/airflow/example_dags/example_short_circuit_decorator.py
[2024-07-31T12:25:50.204+0000] {logging_mixin.py:120} INFO - [2024-07-31T12:25:50.203+0000] {dag.py:2585} INFO - Sync 1 DAGs
[2024-07-31T12:25:50.240+0000] {logging_mixin.py:120} INFO - [2024-07-31T12:25:50.240+0000] {dag.py:3340} INFO - Setting next_dagrun for example_short_circuit_decorator to 2024-07-30T12:25:50.240045+00:00, run_after=2024-07-31T12:25:50.240045+00:00
[2024-07-31T12:25:50.270+0000] {processor.py:176} INFO - Processing /home/airflow/.local/lib/python3.7/site-packages/airflow/example_dags/example_short_circuit_decorator.py took 0.164 seconds
[2024-07-31T12:26:20.830+0000] {processor.py:154} INFO - Started process (PID=1678) to work on /home/airflow/.local/lib/python3.7/site-packages/airflow/example_dags/example_short_circuit_decorator.py
[2024-07-31T12:26:20.832+0000] {processor.py:756} INFO - Processing file /home/airflow/.local/lib/python3.7/site-packages/airflow/example_dags/example_short_circuit_decorator.py for tasks to queue
[2024-07-31T12:26:20.832+0000] {logging_mixin.py:120} INFO - [2024-07-31T12:26:20.832+0000] {dagbag.py:537} INFO - Filling up the DagBag from /home/airflow/.local/lib/python3.7/site-packages/airflow/example_dags/example_short_circuit_decorator.py
[2024-07-31T12:26:20.862+0000] {processor.py:766} INFO - DAG(s) dict_keys(['example_short_circuit_decorator']) retrieved from /home/airflow/.local/lib/python3.7/site-packages/airflow/example_dags/example_short_circuit_decorator.py
[2024-07-31T12:26:20.920+0000] {logging_mixin.py:120} INFO - [2024-07-31T12:26:20.920+0000] {dag.py:2585} INFO - Sync 1 DAGs
[2024-07-31T12:26:20.954+0000] {logging_mixin.py:120} INFO - [2024-07-31T12:26:20.954+0000] {dag.py:3340} INFO - Setting next_dagrun for example_short_circuit_decorator to 2024-07-30T12:26:20.953867+00:00, run_after=2024-07-31T12:26:20.953867+00:00
[2024-07-31T12:26:20.983+0000] {processor.py:176} INFO - Processing /home/airflow/.local/lib/python3.7/site-packages/airflow/example_dags/example_short_circuit_decorator.py took 0.156 seconds
[2024-07-31T12:26:51.749+0000] {processor.py:154} INFO - Started process (PID=1732) to work on /home/airflow/.local/lib/python3.7/site-packages/airflow/example_dags/example_short_circuit_decorator.py
[2024-07-31T12:26:51.750+0000] {processor.py:756} INFO - Processing file /home/airflow/.local/lib/python3.7/site-packages/airflow/example_dags/example_short_circuit_decorator.py for tasks to queue
[2024-07-31T12:26:51.751+0000] {logging_mixin.py:120} INFO - [2024-07-31T12:26:51.751+0000] {dagbag.py:537} INFO - Filling up the DagBag from /home/airflow/.local/lib/python3.7/site-packages/airflow/example_dags/example_short_circuit_decorator.py
[2024-07-31T12:26:51.794+0000] {processor.py:766} INFO - DAG(s) dict_keys(['example_short_circuit_decorator']) retrieved from /home/airflow/.local/lib/python3.7/site-packages/airflow/example_dags/example_short_circuit_decorator.py
[2024-07-31T12:26:51.858+0000] {logging_mixin.py:120} INFO - [2024-07-31T12:26:51.858+0000] {dag.py:2585} INFO - Sync 1 DAGs
[2024-07-31T12:26:51.896+0000] {logging_mixin.py:120} INFO - [2024-07-31T12:26:51.896+0000] {dag.py:3340} INFO - Setting next_dagrun for example_short_circuit_decorator to 2024-07-30T12:26:51.895980+00:00, run_after=2024-07-31T12:26:51.895980+00:00
[2024-07-31T12:26:51.931+0000] {processor.py:176} INFO - Processing /home/airflow/.local/lib/python3.7/site-packages/airflow/example_dags/example_short_circuit_decorator.py took 0.187 seconds
[2024-07-31T12:27:25.663+0000] {processor.py:154} INFO - Started process (PID=1795) to work on /home/airflow/.local/lib/python3.7/site-packages/airflow/example_dags/example_short_circuit_decorator.py
[2024-07-31T12:27:25.664+0000] {processor.py:756} INFO - Processing file /home/airflow/.local/lib/python3.7/site-packages/airflow/example_dags/example_short_circuit_decorator.py for tasks to queue
[2024-07-31T12:27:25.665+0000] {logging_mixin.py:120} INFO - [2024-07-31T12:27:25.665+0000] {dagbag.py:537} INFO - Filling up the DagBag from /home/airflow/.local/lib/python3.7/site-packages/airflow/example_dags/example_short_circuit_decorator.py
[2024-07-31T12:27:25.694+0000] {processor.py:766} INFO - DAG(s) dict_keys(['example_short_circuit_decorator']) retrieved from /home/airflow/.local/lib/python3.7/site-packages/airflow/example_dags/example_short_circuit_decorator.py
[2024-07-31T12:27:25.743+0000] {logging_mixin.py:120} INFO - [2024-07-31T12:27:25.743+0000] {dag.py:2585} INFO - Sync 1 DAGs
[2024-07-31T12:27:25.776+0000] {logging_mixin.py:120} INFO - [2024-07-31T12:27:25.776+0000] {dag.py:3340} INFO - Setting next_dagrun for example_short_circuit_decorator to 2024-07-30T12:27:25.775817+00:00, run_after=2024-07-31T12:27:25.775817+00:00
[2024-07-31T12:27:25.802+0000] {processor.py:176} INFO - Processing /home/airflow/.local/lib/python3.7/site-packages/airflow/example_dags/example_short_circuit_decorator.py took 0.143 seconds
[2024-07-31T12:27:56.588+0000] {processor.py:154} INFO - Started process (PID=1859) to work on /home/airflow/.local/lib/python3.7/site-packages/airflow/example_dags/example_short_circuit_decorator.py
[2024-07-31T12:27:56.589+0000] {processor.py:756} INFO - Processing file /home/airflow/.local/lib/python3.7/site-packages/airflow/example_dags/example_short_circuit_decorator.py for tasks to queue
[2024-07-31T12:27:56.590+0000] {logging_mixin.py:120} INFO - [2024-07-31T12:27:56.590+0000] {dagbag.py:537} INFO - Filling up the DagBag from /home/airflow/.local/lib/python3.7/site-packages/airflow/example_dags/example_short_circuit_decorator.py
[2024-07-31T12:27:56.619+0000] {processor.py:766} INFO - DAG(s) dict_keys(['example_short_circuit_decorator']) retrieved from /home/airflow/.local/lib/python3.7/site-packages/airflow/example_dags/example_short_circuit_decorator.py
[2024-07-31T12:27:56.692+0000] {logging_mixin.py:120} INFO - [2024-07-31T12:27:56.692+0000] {dag.py:2585} INFO - Sync 1 DAGs
[2024-07-31T12:27:56.729+0000] {logging_mixin.py:120} INFO - [2024-07-31T12:27:56.729+0000] {dag.py:3340} INFO - Setting next_dagrun for example_short_circuit_decorator to 2024-07-30T12:27:56.729157+00:00, run_after=2024-07-31T12:27:56.729157+00:00
[2024-07-31T12:27:56.753+0000] {processor.py:176} INFO - Processing /home/airflow/.local/lib/python3.7/site-packages/airflow/example_dags/example_short_circuit_decorator.py took 0.169 seconds
[2024-07-31T12:28:28.038+0000] {processor.py:154} INFO - Started process (PID=1923) to work on /home/airflow/.local/lib/python3.7/site-packages/airflow/example_dags/example_short_circuit_decorator.py
[2024-07-31T12:28:28.075+0000] {processor.py:756} INFO - Processing file /home/airflow/.local/lib/python3.7/site-packages/airflow/example_dags/example_short_circuit_decorator.py for tasks to queue
[2024-07-31T12:28:28.143+0000] {logging_mixin.py:120} INFO - [2024-07-31T12:28:28.143+0000] {dagbag.py:537} INFO - Filling up the DagBag from /home/airflow/.local/lib/python3.7/site-packages/airflow/example_dags/example_short_circuit_decorator.py
[2024-07-31T12:28:28.187+0000] {processor.py:766} INFO - DAG(s) dict_keys(['example_short_circuit_decorator']) retrieved from /home/airflow/.local/lib/python3.7/site-packages/airflow/example_dags/example_short_circuit_decorator.py
[2024-07-31T12:28:28.252+0000] {logging_mixin.py:120} INFO - [2024-07-31T12:28:28.252+0000] {dag.py:2585} INFO - Sync 1 DAGs
[2024-07-31T12:28:28.301+0000] {logging_mixin.py:120} INFO - [2024-07-31T12:28:28.301+0000] {dag.py:3340} INFO - Setting next_dagrun for example_short_circuit_decorator to 2024-07-30T12:28:28.301224+00:00, run_after=2024-07-31T12:28:28.301224+00:00
[2024-07-31T12:28:28.353+0000] {processor.py:176} INFO - Processing /home/airflow/.local/lib/python3.7/site-packages/airflow/example_dags/example_short_circuit_decorator.py took 0.319 seconds
[2024-07-31T12:28:58.693+0000] {processor.py:154} INFO - Started process (PID=1977) to work on /home/airflow/.local/lib/python3.7/site-packages/airflow/example_dags/example_short_circuit_decorator.py
[2024-07-31T12:28:58.695+0000] {processor.py:756} INFO - Processing file /home/airflow/.local/lib/python3.7/site-packages/airflow/example_dags/example_short_circuit_decorator.py for tasks to queue
[2024-07-31T12:28:58.697+0000] {logging_mixin.py:120} INFO - [2024-07-31T12:28:58.696+0000] {dagbag.py:537} INFO - Filling up the DagBag from /home/airflow/.local/lib/python3.7/site-packages/airflow/example_dags/example_short_circuit_decorator.py
[2024-07-31T12:28:58.735+0000] {processor.py:766} INFO - DAG(s) dict_keys(['example_short_circuit_decorator']) retrieved from /home/airflow/.local/lib/python3.7/site-packages/airflow/example_dags/example_short_circuit_decorator.py
[2024-07-31T12:28:58.791+0000] {logging_mixin.py:120} INFO - [2024-07-31T12:28:58.791+0000] {dag.py:2585} INFO - Sync 1 DAGs
[2024-07-31T12:28:58.832+0000] {logging_mixin.py:120} INFO - [2024-07-31T12:28:58.832+0000] {dag.py:3340} INFO - Setting next_dagrun for example_short_circuit_decorator to 2024-07-30T12:28:58.831687+00:00, run_after=2024-07-31T12:28:58.831687+00:00
[2024-07-31T12:28:58.862+0000] {processor.py:176} INFO - Processing /home/airflow/.local/lib/python3.7/site-packages/airflow/example_dags/example_short_circuit_decorator.py took 0.173 seconds
[2024-07-31T12:29:29.163+0000] {processor.py:154} INFO - Started process (PID=2040) to work on /home/airflow/.local/lib/python3.7/site-packages/airflow/example_dags/example_short_circuit_decorator.py
[2024-07-31T12:29:29.164+0000] {processor.py:756} INFO - Processing file /home/airflow/.local/lib/python3.7/site-packages/airflow/example_dags/example_short_circuit_decorator.py for tasks to queue
[2024-07-31T12:29:29.166+0000] {logging_mixin.py:120} INFO - [2024-07-31T12:29:29.166+0000] {dagbag.py:537} INFO - Filling up the DagBag from /home/airflow/.local/lib/python3.7/site-packages/airflow/example_dags/example_short_circuit_decorator.py
[2024-07-31T12:29:29.204+0000] {processor.py:766} INFO - DAG(s) dict_keys(['example_short_circuit_decorator']) retrieved from /home/airflow/.local/lib/python3.7/site-packages/airflow/example_dags/example_short_circuit_decorator.py
[2024-07-31T12:29:29.255+0000] {logging_mixin.py:120} INFO - [2024-07-31T12:29:29.255+0000] {dag.py:2585} INFO - Sync 1 DAGs
[2024-07-31T12:29:29.292+0000] {logging_mixin.py:120} INFO - [2024-07-31T12:29:29.292+0000] {dag.py:3340} INFO - Setting next_dagrun for example_short_circuit_decorator to 2024-07-30T12:29:29.291880+00:00, run_after=2024-07-31T12:29:29.291880+00:00
[2024-07-31T12:29:29.332+0000] {processor.py:176} INFO - Processing /home/airflow/.local/lib/python3.7/site-packages/airflow/example_dags/example_short_circuit_decorator.py took 0.173 seconds
[2024-07-31T12:30:00.420+0000] {processor.py:154} INFO - Started process (PID=2095) to work on /home/airflow/.local/lib/python3.7/site-packages/airflow/example_dags/example_short_circuit_decorator.py
[2024-07-31T12:30:00.473+0000] {processor.py:756} INFO - Processing file /home/airflow/.local/lib/python3.7/site-packages/airflow/example_dags/example_short_circuit_decorator.py for tasks to queue
[2024-07-31T12:30:00.507+0000] {logging_mixin.py:120} INFO - [2024-07-31T12:30:00.506+0000] {dagbag.py:537} INFO - Filling up the DagBag from /home/airflow/.local/lib/python3.7/site-packages/airflow/example_dags/example_short_circuit_decorator.py
[2024-07-31T12:30:00.573+0000] {processor.py:766} INFO - DAG(s) dict_keys(['example_short_circuit_decorator']) retrieved from /home/airflow/.local/lib/python3.7/site-packages/airflow/example_dags/example_short_circuit_decorator.py
[2024-07-31T12:30:00.722+0000] {logging_mixin.py:120} INFO - [2024-07-31T12:30:00.722+0000] {dag.py:2585} INFO - Sync 1 DAGs
[2024-07-31T12:30:00.759+0000] {logging_mixin.py:120} INFO - [2024-07-31T12:30:00.759+0000] {dag.py:3340} INFO - Setting next_dagrun for example_short_circuit_decorator to 2024-07-30T12:30:00.759413+00:00, run_after=2024-07-31T12:30:00.759413+00:00
[2024-07-31T12:30:00.791+0000] {processor.py:176} INFO - Processing /home/airflow/.local/lib/python3.7/site-packages/airflow/example_dags/example_short_circuit_decorator.py took 0.378 seconds
[2024-07-31T12:30:31.554+0000] {processor.py:154} INFO - Started process (PID=2158) to work on /home/airflow/.local/lib/python3.7/site-packages/airflow/example_dags/example_short_circuit_decorator.py
[2024-07-31T12:30:31.590+0000] {processor.py:756} INFO - Processing file /home/airflow/.local/lib/python3.7/site-packages/airflow/example_dags/example_short_circuit_decorator.py for tasks to queue
[2024-07-31T12:30:31.645+0000] {logging_mixin.py:120} INFO - [2024-07-31T12:30:31.645+0000] {dagbag.py:537} INFO - Filling up the DagBag from /home/airflow/.local/lib/python3.7/site-packages/airflow/example_dags/example_short_circuit_decorator.py
[2024-07-31T12:30:31.715+0000] {processor.py:766} INFO - DAG(s) dict_keys(['example_short_circuit_decorator']) retrieved from /home/airflow/.local/lib/python3.7/site-packages/airflow/example_dags/example_short_circuit_decorator.py
[2024-07-31T12:30:31.799+0000] {logging_mixin.py:120} INFO - [2024-07-31T12:30:31.799+0000] {dag.py:2585} INFO - Sync 1 DAGs
[2024-07-31T12:30:31.849+0000] {logging_mixin.py:120} INFO - [2024-07-31T12:30:31.849+0000] {dag.py:3340} INFO - Setting next_dagrun for example_short_circuit_decorator to 2024-07-30T12:30:31.848943+00:00, run_after=2024-07-31T12:30:31.848943+00:00
[2024-07-31T12:30:31.879+0000] {processor.py:176} INFO - Processing /home/airflow/.local/lib/python3.7/site-packages/airflow/example_dags/example_short_circuit_decorator.py took 0.331 seconds
[2024-07-31T12:31:02.610+0000] {processor.py:154} INFO - Started process (PID=2220) to work on /home/airflow/.local/lib/python3.7/site-packages/airflow/example_dags/example_short_circuit_decorator.py
[2024-07-31T12:31:02.611+0000] {processor.py:756} INFO - Processing file /home/airflow/.local/lib/python3.7/site-packages/airflow/example_dags/example_short_circuit_decorator.py for tasks to queue
[2024-07-31T12:31:02.612+0000] {logging_mixin.py:120} INFO - [2024-07-31T12:31:02.612+0000] {dagbag.py:537} INFO - Filling up the DagBag from /home/airflow/.local/lib/python3.7/site-packages/airflow/example_dags/example_short_circuit_decorator.py
[2024-07-31T12:31:02.659+0000] {processor.py:766} INFO - DAG(s) dict_keys(['example_short_circuit_decorator']) retrieved from /home/airflow/.local/lib/python3.7/site-packages/airflow/example_dags/example_short_circuit_decorator.py
[2024-07-31T12:31:02.699+0000] {logging_mixin.py:120} INFO - [2024-07-31T12:31:02.698+0000] {dag.py:2585} INFO - Sync 1 DAGs
[2024-07-31T12:31:02.727+0000] {logging_mixin.py:120} INFO - [2024-07-31T12:31:02.727+0000] {dag.py:3340} INFO - Setting next_dagrun for example_short_circuit_decorator to 2024-07-30T12:31:02.727500+00:00, run_after=2024-07-31T12:31:02.727500+00:00
[2024-07-31T12:31:02.752+0000] {processor.py:176} INFO - Processing /home/airflow/.local/lib/python3.7/site-packages/airflow/example_dags/example_short_circuit_decorator.py took 0.146 seconds
[2024-07-31T12:31:33.893+0000] {processor.py:154} INFO - Started process (PID=2282) to work on /home/airflow/.local/lib/python3.7/site-packages/airflow/example_dags/example_short_circuit_decorator.py
[2024-07-31T12:31:33.895+0000] {processor.py:756} INFO - Processing file /home/airflow/.local/lib/python3.7/site-packages/airflow/example_dags/example_short_circuit_decorator.py for tasks to queue
[2024-07-31T12:31:33.898+0000] {logging_mixin.py:120} INFO - [2024-07-31T12:31:33.897+0000] {dagbag.py:537} INFO - Filling up the DagBag from /home/airflow/.local/lib/python3.7/site-packages/airflow/example_dags/example_short_circuit_decorator.py
[2024-07-31T12:31:33.970+0000] {processor.py:766} INFO - DAG(s) dict_keys(['example_short_circuit_decorator']) retrieved from /home/airflow/.local/lib/python3.7/site-packages/airflow/example_dags/example_short_circuit_decorator.py
[2024-07-31T12:31:34.057+0000] {logging_mixin.py:120} INFO - [2024-07-31T12:31:34.056+0000] {dag.py:2585} INFO - Sync 1 DAGs
[2024-07-31T12:31:34.108+0000] {logging_mixin.py:120} INFO - [2024-07-31T12:31:34.108+0000] {dag.py:3340} INFO - Setting next_dagrun for example_short_circuit_decorator to 2024-07-30T12:31:34.108048+00:00, run_after=2024-07-31T12:31:34.108048+00:00
[2024-07-31T12:31:34.159+0000] {processor.py:176} INFO - Processing /home/airflow/.local/lib/python3.7/site-packages/airflow/example_dags/example_short_circuit_decorator.py took 0.273 seconds
[2024-07-31T12:32:04.776+0000] {processor.py:154} INFO - Started process (PID=2338) to work on /home/airflow/.local/lib/python3.7/site-packages/airflow/example_dags/example_short_circuit_decorator.py
[2024-07-31T12:32:04.778+0000] {processor.py:756} INFO - Processing file /home/airflow/.local/lib/python3.7/site-packages/airflow/example_dags/example_short_circuit_decorator.py for tasks to queue
[2024-07-31T12:32:04.780+0000] {logging_mixin.py:120} INFO - [2024-07-31T12:32:04.780+0000] {dagbag.py:537} INFO - Filling up the DagBag from /home/airflow/.local/lib/python3.7/site-packages/airflow/example_dags/example_short_circuit_decorator.py
[2024-07-31T12:32:04.817+0000] {processor.py:766} INFO - DAG(s) dict_keys(['example_short_circuit_decorator']) retrieved from /home/airflow/.local/lib/python3.7/site-packages/airflow/example_dags/example_short_circuit_decorator.py
[2024-07-31T12:32:04.891+0000] {logging_mixin.py:120} INFO - [2024-07-31T12:32:04.891+0000] {dag.py:2585} INFO - Sync 1 DAGs
[2024-07-31T12:32:04.945+0000] {logging_mixin.py:120} INFO - [2024-07-31T12:32:04.944+0000] {dag.py:3340} INFO - Setting next_dagrun for example_short_circuit_decorator to 2024-07-30T12:32:04.944539+00:00, run_after=2024-07-31T12:32:04.944539+00:00
[2024-07-31T12:32:04.979+0000] {processor.py:176} INFO - Processing /home/airflow/.local/lib/python3.7/site-packages/airflow/example_dags/example_short_circuit_decorator.py took 0.207 seconds
[2024-07-31T12:32:36.813+0000] {processor.py:154} INFO - Started process (PID=2401) to work on /home/airflow/.local/lib/python3.7/site-packages/airflow/example_dags/example_short_circuit_decorator.py
[2024-07-31T12:32:36.914+0000] {processor.py:756} INFO - Processing file /home/airflow/.local/lib/python3.7/site-packages/airflow/example_dags/example_short_circuit_decorator.py for tasks to queue
[2024-07-31T12:32:36.933+0000] {logging_mixin.py:120} INFO - [2024-07-31T12:32:36.933+0000] {dagbag.py:537} INFO - Filling up the DagBag from /home/airflow/.local/lib/python3.7/site-packages/airflow/example_dags/example_short_circuit_decorator.py
[2024-07-31T12:32:36.970+0000] {processor.py:766} INFO - DAG(s) dict_keys(['example_short_circuit_decorator']) retrieved from /home/airflow/.local/lib/python3.7/site-packages/airflow/example_dags/example_short_circuit_decorator.py
[2024-07-31T12:32:37.103+0000] {logging_mixin.py:120} INFO - [2024-07-31T12:32:37.103+0000] {dag.py:2585} INFO - Sync 1 DAGs
[2024-07-31T12:32:37.208+0000] {logging_mixin.py:120} INFO - [2024-07-31T12:32:37.208+0000] {dag.py:3340} INFO - Setting next_dagrun for example_short_circuit_decorator to 2024-07-30T12:32:37.208059+00:00, run_after=2024-07-31T12:32:37.208059+00:00
[2024-07-31T12:32:37.247+0000] {processor.py:176} INFO - Processing /home/airflow/.local/lib/python3.7/site-packages/airflow/example_dags/example_short_circuit_decorator.py took 0.437 seconds
[2024-07-31T12:33:08.127+0000] {processor.py:154} INFO - Started process (PID=2455) to work on /home/airflow/.local/lib/python3.7/site-packages/airflow/example_dags/example_short_circuit_decorator.py
[2024-07-31T12:33:08.128+0000] {processor.py:756} INFO - Processing file /home/airflow/.local/lib/python3.7/site-packages/airflow/example_dags/example_short_circuit_decorator.py for tasks to queue
[2024-07-31T12:33:08.129+0000] {logging_mixin.py:120} INFO - [2024-07-31T12:33:08.129+0000] {dagbag.py:537} INFO - Filling up the DagBag from /home/airflow/.local/lib/python3.7/site-packages/airflow/example_dags/example_short_circuit_decorator.py
[2024-07-31T12:33:08.164+0000] {processor.py:766} INFO - DAG(s) dict_keys(['example_short_circuit_decorator']) retrieved from /home/airflow/.local/lib/python3.7/site-packages/airflow/example_dags/example_short_circuit_decorator.py
[2024-07-31T12:33:08.217+0000] {logging_mixin.py:120} INFO - [2024-07-31T12:33:08.216+0000] {dag.py:2585} INFO - Sync 1 DAGs
[2024-07-31T12:33:08.252+0000] {logging_mixin.py:120} INFO - [2024-07-31T12:33:08.252+0000] {dag.py:3340} INFO - Setting next_dagrun for example_short_circuit_decorator to 2024-07-30T12:33:08.251955+00:00, run_after=2024-07-31T12:33:08.251955+00:00
[2024-07-31T12:33:08.283+0000] {processor.py:176} INFO - Processing /home/airflow/.local/lib/python3.7/site-packages/airflow/example_dags/example_short_circuit_decorator.py took 0.160 seconds
[2024-07-31T12:33:39.147+0000] {processor.py:154} INFO - Started process (PID=2518) to work on /home/airflow/.local/lib/python3.7/site-packages/airflow/example_dags/example_short_circuit_decorator.py
[2024-07-31T12:33:39.148+0000] {processor.py:756} INFO - Processing file /home/airflow/.local/lib/python3.7/site-packages/airflow/example_dags/example_short_circuit_decorator.py for tasks to queue
[2024-07-31T12:33:39.149+0000] {logging_mixin.py:120} INFO - [2024-07-31T12:33:39.149+0000] {dagbag.py:537} INFO - Filling up the DagBag from /home/airflow/.local/lib/python3.7/site-packages/airflow/example_dags/example_short_circuit_decorator.py
[2024-07-31T12:33:39.174+0000] {processor.py:766} INFO - DAG(s) dict_keys(['example_short_circuit_decorator']) retrieved from /home/airflow/.local/lib/python3.7/site-packages/airflow/example_dags/example_short_circuit_decorator.py
[2024-07-31T12:33:39.220+0000] {logging_mixin.py:120} INFO - [2024-07-31T12:33:39.220+0000] {dag.py:2585} INFO - Sync 1 DAGs
[2024-07-31T12:33:39.328+0000] {logging_mixin.py:120} INFO - [2024-07-31T12:33:39.327+0000] {dag.py:3340} INFO - Setting next_dagrun for example_short_circuit_decorator to 2024-07-30T12:33:39.327588+00:00, run_after=2024-07-31T12:33:39.327588+00:00
[2024-07-31T12:33:39.363+0000] {processor.py:176} INFO - Processing /home/airflow/.local/lib/python3.7/site-packages/airflow/example_dags/example_short_circuit_decorator.py took 0.219 seconds
[2024-07-31T12:34:10.477+0000] {processor.py:154} INFO - Started process (PID=2581) to work on /home/airflow/.local/lib/python3.7/site-packages/airflow/example_dags/example_short_circuit_decorator.py
[2024-07-31T12:34:10.478+0000] {processor.py:756} INFO - Processing file /home/airflow/.local/lib/python3.7/site-packages/airflow/example_dags/example_short_circuit_decorator.py for tasks to queue
[2024-07-31T12:34:10.480+0000] {logging_mixin.py:120} INFO - [2024-07-31T12:34:10.479+0000] {dagbag.py:537} INFO - Filling up the DagBag from /home/airflow/.local/lib/python3.7/site-packages/airflow/example_dags/example_short_circuit_decorator.py
[2024-07-31T12:34:10.538+0000] {processor.py:766} INFO - DAG(s) dict_keys(['example_short_circuit_decorator']) retrieved from /home/airflow/.local/lib/python3.7/site-packages/airflow/example_dags/example_short_circuit_decorator.py
[2024-07-31T12:34:10.603+0000] {logging_mixin.py:120} INFO - [2024-07-31T12:34:10.602+0000] {dag.py:2585} INFO - Sync 1 DAGs
[2024-07-31T12:34:10.634+0000] {logging_mixin.py:120} INFO - [2024-07-31T12:34:10.634+0000] {dag.py:3340} INFO - Setting next_dagrun for example_short_circuit_decorator to 2024-07-30T12:34:10.633991+00:00, run_after=2024-07-31T12:34:10.633991+00:00
[2024-07-31T12:34:10.672+0000] {processor.py:176} INFO - Processing /home/airflow/.local/lib/python3.7/site-packages/airflow/example_dags/example_short_circuit_decorator.py took 0.199 seconds
[2024-07-31T12:34:42.037+0000] {processor.py:154} INFO - Started process (PID=2635) to work on /home/airflow/.local/lib/python3.7/site-packages/airflow/example_dags/example_short_circuit_decorator.py
[2024-07-31T12:34:42.039+0000] {processor.py:756} INFO - Processing file /home/airflow/.local/lib/python3.7/site-packages/airflow/example_dags/example_short_circuit_decorator.py for tasks to queue
[2024-07-31T12:34:42.040+0000] {logging_mixin.py:120} INFO - [2024-07-31T12:34:42.040+0000] {dagbag.py:537} INFO - Filling up the DagBag from /home/airflow/.local/lib/python3.7/site-packages/airflow/example_dags/example_short_circuit_decorator.py
[2024-07-31T12:34:42.065+0000] {processor.py:766} INFO - DAG(s) dict_keys(['example_short_circuit_decorator']) retrieved from /home/airflow/.local/lib/python3.7/site-packages/airflow/example_dags/example_short_circuit_decorator.py
[2024-07-31T12:34:42.177+0000] {logging_mixin.py:120} INFO - [2024-07-31T12:34:42.177+0000] {dag.py:2585} INFO - Sync 1 DAGs
[2024-07-31T12:34:42.307+0000] {logging_mixin.py:120} INFO - [2024-07-31T12:34:42.307+0000] {dag.py:3340} INFO - Setting next_dagrun for example_short_circuit_decorator to 2024-07-30T12:34:42.306761+00:00, run_after=2024-07-31T12:34:42.306761+00:00
[2024-07-31T12:34:42.342+0000] {processor.py:176} INFO - Processing /home/airflow/.local/lib/python3.7/site-packages/airflow/example_dags/example_short_circuit_decorator.py took 0.309 seconds
[2024-07-31T12:35:14.629+0000] {processor.py:154} INFO - Started process (PID=2698) to work on /home/airflow/.local/lib/python3.7/site-packages/airflow/example_dags/example_short_circuit_decorator.py
[2024-07-31T12:35:14.633+0000] {processor.py:756} INFO - Processing file /home/airflow/.local/lib/python3.7/site-packages/airflow/example_dags/example_short_circuit_decorator.py for tasks to queue
[2024-07-31T12:35:14.635+0000] {logging_mixin.py:120} INFO - [2024-07-31T12:35:14.635+0000] {dagbag.py:537} INFO - Filling up the DagBag from /home/airflow/.local/lib/python3.7/site-packages/airflow/example_dags/example_short_circuit_decorator.py
[2024-07-31T12:35:14.686+0000] {processor.py:766} INFO - DAG(s) dict_keys(['example_short_circuit_decorator']) retrieved from /home/airflow/.local/lib/python3.7/site-packages/airflow/example_dags/example_short_circuit_decorator.py
[2024-07-31T12:35:14.820+0000] {logging_mixin.py:120} INFO - [2024-07-31T12:35:14.820+0000] {dag.py:2585} INFO - Sync 1 DAGs
[2024-07-31T12:35:14.945+0000] {logging_mixin.py:120} INFO - [2024-07-31T12:35:14.944+0000] {dag.py:3340} INFO - Setting next_dagrun for example_short_circuit_decorator to 2024-07-30T12:35:14.944521+00:00, run_after=2024-07-31T12:35:14.944521+00:00
[2024-07-31T12:35:15.093+0000] {processor.py:176} INFO - Processing /home/airflow/.local/lib/python3.7/site-packages/airflow/example_dags/example_short_circuit_decorator.py took 0.467 seconds
[2024-07-31T12:35:45.342+0000] {processor.py:154} INFO - Started process (PID=2761) to work on /home/airflow/.local/lib/python3.7/site-packages/airflow/example_dags/example_short_circuit_decorator.py
[2024-07-31T12:35:45.403+0000] {processor.py:756} INFO - Processing file /home/airflow/.local/lib/python3.7/site-packages/airflow/example_dags/example_short_circuit_decorator.py for tasks to queue
[2024-07-31T12:35:45.437+0000] {logging_mixin.py:120} INFO - [2024-07-31T12:35:45.437+0000] {dagbag.py:537} INFO - Filling up the DagBag from /home/airflow/.local/lib/python3.7/site-packages/airflow/example_dags/example_short_circuit_decorator.py
[2024-07-31T12:35:45.488+0000] {processor.py:766} INFO - DAG(s) dict_keys(['example_short_circuit_decorator']) retrieved from /home/airflow/.local/lib/python3.7/site-packages/airflow/example_dags/example_short_circuit_decorator.py
[2024-07-31T12:35:45.610+0000] {logging_mixin.py:120} INFO - [2024-07-31T12:35:45.610+0000] {dag.py:2585} INFO - Sync 1 DAGs
[2024-07-31T12:35:45.718+0000] {logging_mixin.py:120} INFO - [2024-07-31T12:35:45.717+0000] {dag.py:3340} INFO - Setting next_dagrun for example_short_circuit_decorator to 2024-07-30T12:35:45.717653+00:00, run_after=2024-07-31T12:35:45.717653+00:00
[2024-07-31T12:35:45.871+0000] {processor.py:176} INFO - Processing /home/airflow/.local/lib/python3.7/site-packages/airflow/example_dags/example_short_circuit_decorator.py took 0.534 seconds
[2024-07-31T12:36:16.970+0000] {processor.py:154} INFO - Started process (PID=2816) to work on /home/airflow/.local/lib/python3.7/site-packages/airflow/example_dags/example_short_circuit_decorator.py
[2024-07-31T12:36:16.974+0000] {processor.py:756} INFO - Processing file /home/airflow/.local/lib/python3.7/site-packages/airflow/example_dags/example_short_circuit_decorator.py for tasks to queue
[2024-07-31T12:36:16.977+0000] {logging_mixin.py:120} INFO - [2024-07-31T12:36:16.977+0000] {dagbag.py:537} INFO - Filling up the DagBag from /home/airflow/.local/lib/python3.7/site-packages/airflow/example_dags/example_short_circuit_decorator.py
[2024-07-31T12:36:17.037+0000] {processor.py:766} INFO - DAG(s) dict_keys(['example_short_circuit_decorator']) retrieved from /home/airflow/.local/lib/python3.7/site-packages/airflow/example_dags/example_short_circuit_decorator.py
[2024-07-31T12:36:17.214+0000] {logging_mixin.py:120} INFO - [2024-07-31T12:36:17.214+0000] {dag.py:2585} INFO - Sync 1 DAGs
[2024-07-31T12:36:17.467+0000] {logging_mixin.py:120} INFO - [2024-07-31T12:36:17.467+0000] {dag.py:3340} INFO - Setting next_dagrun for example_short_circuit_decorator to 2024-07-30T12:36:17.467121+00:00, run_after=2024-07-31T12:36:17.467121+00:00
[2024-07-31T12:36:17.505+0000] {processor.py:176} INFO - Processing /home/airflow/.local/lib/python3.7/site-packages/airflow/example_dags/example_short_circuit_decorator.py took 0.538 seconds
