[2024-07-31T12:12:24.411+0000] {processor.py:154} INFO - Started process (PID=72) to work on /home/airflow/.local/lib/python3.7/site-packages/airflow/example_dags/example_branch_labels.py
[2024-07-31T12:12:24.413+0000] {processor.py:756} INFO - Processing file /home/airflow/.local/lib/python3.7/site-packages/airflow/example_dags/example_branch_labels.py for tasks to queue
[2024-07-31T12:12:24.416+0000] {logging_mixin.py:120} INFO - [2024-07-31T12:12:24.415+0000] {dagbag.py:537} INFO - Filling up the DagBag from /home/airflow/.local/lib/python3.7/site-packages/airflow/example_dags/example_branch_labels.py
[2024-07-31T12:12:24.448+0000] {processor.py:766} INFO - DAG(s) dict_keys(['example_branch_labels']) retrieved from /home/airflow/.local/lib/python3.7/site-packages/airflow/example_dags/example_branch_labels.py
[2024-07-31T12:12:24.745+0000] {logging_mixin.py:120} INFO - [2024-07-31T12:12:24.744+0000] {manager.py:507} INFO - Created Permission View: can read on DAG:example_branch_labels
[2024-07-31T12:12:24.768+0000] {logging_mixin.py:120} INFO - [2024-07-31T12:12:24.768+0000] {manager.py:507} INFO - Created Permission View: can delete on DAG:example_branch_labels
[2024-07-31T12:12:24.788+0000] {logging_mixin.py:120} INFO - [2024-07-31T12:12:24.787+0000] {manager.py:507} INFO - Created Permission View: can edit on DAG:example_branch_labels
[2024-07-31T12:12:24.789+0000] {logging_mixin.py:120} INFO - [2024-07-31T12:12:24.788+0000] {dag.py:2585} INFO - Sync 1 DAGs
[2024-07-31T12:12:24.814+0000] {logging_mixin.py:120} INFO - [2024-07-31T12:12:24.814+0000] {dag.py:2606} INFO - Creating ORM DAG for example_branch_labels
[2024-07-31T12:12:24.840+0000] {logging_mixin.py:120} INFO - [2024-07-31T12:12:24.839+0000] {dag.py:3340} INFO - Setting next_dagrun for example_branch_labels to 2024-07-30T00:00:00+00:00, run_after=2024-07-31T00:00:00+00:00
[2024-07-31T12:12:24.869+0000] {processor.py:176} INFO - Processing /home/airflow/.local/lib/python3.7/site-packages/airflow/example_dags/example_branch_labels.py took 0.463 seconds
[2024-07-31T12:12:55.911+0000] {processor.py:154} INFO - Started process (PID=135) to work on /home/airflow/.local/lib/python3.7/site-packages/airflow/example_dags/example_branch_labels.py
[2024-07-31T12:12:55.914+0000] {processor.py:756} INFO - Processing file /home/airflow/.local/lib/python3.7/site-packages/airflow/example_dags/example_branch_labels.py for tasks to queue
[2024-07-31T12:12:55.916+0000] {logging_mixin.py:120} INFO - [2024-07-31T12:12:55.916+0000] {dagbag.py:537} INFO - Filling up the DagBag from /home/airflow/.local/lib/python3.7/site-packages/airflow/example_dags/example_branch_labels.py
[2024-07-31T12:12:55.963+0000] {processor.py:766} INFO - DAG(s) dict_keys(['example_branch_labels']) retrieved from /home/airflow/.local/lib/python3.7/site-packages/airflow/example_dags/example_branch_labels.py
[2024-07-31T12:12:56.016+0000] {logging_mixin.py:120} INFO - [2024-07-31T12:12:56.016+0000] {dag.py:2585} INFO - Sync 1 DAGs
[2024-07-31T12:12:56.053+0000] {logging_mixin.py:120} INFO - [2024-07-31T12:12:56.053+0000] {dag.py:3340} INFO - Setting next_dagrun for example_branch_labels to 2024-07-30T00:00:00+00:00, run_after=2024-07-31T00:00:00+00:00
[2024-07-31T12:12:56.083+0000] {processor.py:176} INFO - Processing /home/airflow/.local/lib/python3.7/site-packages/airflow/example_dags/example_branch_labels.py took 0.175 seconds
[2024-07-31T12:13:26.739+0000] {processor.py:154} INFO - Started process (PID=199) to work on /home/airflow/.local/lib/python3.7/site-packages/airflow/example_dags/example_branch_labels.py
[2024-07-31T12:13:26.740+0000] {processor.py:756} INFO - Processing file /home/airflow/.local/lib/python3.7/site-packages/airflow/example_dags/example_branch_labels.py for tasks to queue
[2024-07-31T12:13:26.741+0000] {logging_mixin.py:120} INFO - [2024-07-31T12:13:26.740+0000] {dagbag.py:537} INFO - Filling up the DagBag from /home/airflow/.local/lib/python3.7/site-packages/airflow/example_dags/example_branch_labels.py
[2024-07-31T12:13:26.769+0000] {processor.py:766} INFO - DAG(s) dict_keys(['example_branch_labels']) retrieved from /home/airflow/.local/lib/python3.7/site-packages/airflow/example_dags/example_branch_labels.py
[2024-07-31T12:13:26.816+0000] {logging_mixin.py:120} INFO - [2024-07-31T12:13:26.816+0000] {dag.py:2585} INFO - Sync 1 DAGs
[2024-07-31T12:13:26.862+0000] {logging_mixin.py:120} INFO - [2024-07-31T12:13:26.862+0000] {dag.py:3340} INFO - Setting next_dagrun for example_branch_labels to 2024-07-30T00:00:00+00:00, run_after=2024-07-31T00:00:00+00:00
[2024-07-31T12:13:26.892+0000] {processor.py:176} INFO - Processing /home/airflow/.local/lib/python3.7/site-packages/airflow/example_dags/example_branch_labels.py took 0.157 seconds
[2024-07-31T12:13:57.049+0000] {processor.py:154} INFO - Started process (PID=253) to work on /home/airflow/.local/lib/python3.7/site-packages/airflow/example_dags/example_branch_labels.py
[2024-07-31T12:13:57.050+0000] {processor.py:756} INFO - Processing file /home/airflow/.local/lib/python3.7/site-packages/airflow/example_dags/example_branch_labels.py for tasks to queue
[2024-07-31T12:13:57.051+0000] {logging_mixin.py:120} INFO - [2024-07-31T12:13:57.051+0000] {dagbag.py:537} INFO - Filling up the DagBag from /home/airflow/.local/lib/python3.7/site-packages/airflow/example_dags/example_branch_labels.py
[2024-07-31T12:13:57.074+0000] {processor.py:766} INFO - DAG(s) dict_keys(['example_branch_labels']) retrieved from /home/airflow/.local/lib/python3.7/site-packages/airflow/example_dags/example_branch_labels.py
[2024-07-31T12:13:57.129+0000] {logging_mixin.py:120} INFO - [2024-07-31T12:13:57.129+0000] {dag.py:2585} INFO - Sync 1 DAGs
[2024-07-31T12:13:57.165+0000] {logging_mixin.py:120} INFO - [2024-07-31T12:13:57.164+0000] {dag.py:3340} INFO - Setting next_dagrun for example_branch_labels to 2024-07-30T00:00:00+00:00, run_after=2024-07-31T00:00:00+00:00
[2024-07-31T12:13:57.192+0000] {processor.py:176} INFO - Processing /home/airflow/.local/lib/python3.7/site-packages/airflow/example_dags/example_branch_labels.py took 0.147 seconds
[2024-07-31T12:14:27.299+0000] {processor.py:154} INFO - Started process (PID=318) to work on /home/airflow/.local/lib/python3.7/site-packages/airflow/example_dags/example_branch_labels.py
[2024-07-31T12:14:27.301+0000] {processor.py:756} INFO - Processing file /home/airflow/.local/lib/python3.7/site-packages/airflow/example_dags/example_branch_labels.py for tasks to queue
[2024-07-31T12:14:27.303+0000] {logging_mixin.py:120} INFO - [2024-07-31T12:14:27.303+0000] {dagbag.py:537} INFO - Filling up the DagBag from /home/airflow/.local/lib/python3.7/site-packages/airflow/example_dags/example_branch_labels.py
[2024-07-31T12:14:27.345+0000] {processor.py:766} INFO - DAG(s) dict_keys(['example_branch_labels']) retrieved from /home/airflow/.local/lib/python3.7/site-packages/airflow/example_dags/example_branch_labels.py
[2024-07-31T12:14:27.415+0000] {logging_mixin.py:120} INFO - [2024-07-31T12:14:27.415+0000] {dag.py:2585} INFO - Sync 1 DAGs
[2024-07-31T12:14:27.460+0000] {logging_mixin.py:120} INFO - [2024-07-31T12:14:27.460+0000] {dag.py:3340} INFO - Setting next_dagrun for example_branch_labels to 2024-07-30T00:00:00+00:00, run_after=2024-07-31T00:00:00+00:00
[2024-07-31T12:14:27.496+0000] {processor.py:176} INFO - Processing /home/airflow/.local/lib/python3.7/site-packages/airflow/example_dags/example_branch_labels.py took 0.203 seconds
[2024-07-31T12:14:58.612+0000] {processor.py:154} INFO - Started process (PID=382) to work on /home/airflow/.local/lib/python3.7/site-packages/airflow/example_dags/example_branch_labels.py
[2024-07-31T12:14:58.614+0000] {processor.py:756} INFO - Processing file /home/airflow/.local/lib/python3.7/site-packages/airflow/example_dags/example_branch_labels.py for tasks to queue
[2024-07-31T12:14:58.615+0000] {logging_mixin.py:120} INFO - [2024-07-31T12:14:58.615+0000] {dagbag.py:537} INFO - Filling up the DagBag from /home/airflow/.local/lib/python3.7/site-packages/airflow/example_dags/example_branch_labels.py
[2024-07-31T12:14:58.636+0000] {processor.py:766} INFO - DAG(s) dict_keys(['example_branch_labels']) retrieved from /home/airflow/.local/lib/python3.7/site-packages/airflow/example_dags/example_branch_labels.py
[2024-07-31T12:14:58.706+0000] {logging_mixin.py:120} INFO - [2024-07-31T12:14:58.705+0000] {dag.py:2585} INFO - Sync 1 DAGs
[2024-07-31T12:14:58.748+0000] {logging_mixin.py:120} INFO - [2024-07-31T12:14:58.747+0000] {dag.py:3340} INFO - Setting next_dagrun for example_branch_labels to 2024-07-30T00:00:00+00:00, run_after=2024-07-31T00:00:00+00:00
[2024-07-31T12:14:58.785+0000] {processor.py:176} INFO - Processing /home/airflow/.local/lib/python3.7/site-packages/airflow/example_dags/example_branch_labels.py took 0.178 seconds
[2024-07-31T12:15:29.357+0000] {processor.py:154} INFO - Started process (PID=436) to work on /home/airflow/.local/lib/python3.7/site-packages/airflow/example_dags/example_branch_labels.py
[2024-07-31T12:15:29.359+0000] {processor.py:756} INFO - Processing file /home/airflow/.local/lib/python3.7/site-packages/airflow/example_dags/example_branch_labels.py for tasks to queue
[2024-07-31T12:15:29.360+0000] {logging_mixin.py:120} INFO - [2024-07-31T12:15:29.360+0000] {dagbag.py:537} INFO - Filling up the DagBag from /home/airflow/.local/lib/python3.7/site-packages/airflow/example_dags/example_branch_labels.py
[2024-07-31T12:15:29.397+0000] {processor.py:766} INFO - DAG(s) dict_keys(['example_branch_labels']) retrieved from /home/airflow/.local/lib/python3.7/site-packages/airflow/example_dags/example_branch_labels.py
[2024-07-31T12:15:29.471+0000] {logging_mixin.py:120} INFO - [2024-07-31T12:15:29.471+0000] {dag.py:2585} INFO - Sync 1 DAGs
[2024-07-31T12:15:29.513+0000] {logging_mixin.py:120} INFO - [2024-07-31T12:15:29.512+0000] {dag.py:3340} INFO - Setting next_dagrun for example_branch_labels to 2024-07-30T00:00:00+00:00, run_after=2024-07-31T00:00:00+00:00
[2024-07-31T12:15:29.552+0000] {processor.py:176} INFO - Processing /home/airflow/.local/lib/python3.7/site-packages/airflow/example_dags/example_branch_labels.py took 0.200 seconds
[2024-07-31T12:15:59.661+0000] {processor.py:154} INFO - Started process (PID=499) to work on /home/airflow/.local/lib/python3.7/site-packages/airflow/example_dags/example_branch_labels.py
[2024-07-31T12:15:59.663+0000] {processor.py:756} INFO - Processing file /home/airflow/.local/lib/python3.7/site-packages/airflow/example_dags/example_branch_labels.py for tasks to queue
[2024-07-31T12:15:59.664+0000] {logging_mixin.py:120} INFO - [2024-07-31T12:15:59.664+0000] {dagbag.py:537} INFO - Filling up the DagBag from /home/airflow/.local/lib/python3.7/site-packages/airflow/example_dags/example_branch_labels.py
[2024-07-31T12:15:59.685+0000] {processor.py:766} INFO - DAG(s) dict_keys(['example_branch_labels']) retrieved from /home/airflow/.local/lib/python3.7/site-packages/airflow/example_dags/example_branch_labels.py
[2024-07-31T12:15:59.748+0000] {logging_mixin.py:120} INFO - [2024-07-31T12:15:59.748+0000] {dag.py:2585} INFO - Sync 1 DAGs
[2024-07-31T12:15:59.798+0000] {logging_mixin.py:120} INFO - [2024-07-31T12:15:59.798+0000] {dag.py:3340} INFO - Setting next_dagrun for example_branch_labels to 2024-07-30T00:00:00+00:00, run_after=2024-07-31T00:00:00+00:00
[2024-07-31T12:15:59.833+0000] {processor.py:176} INFO - Processing /home/airflow/.local/lib/python3.7/site-packages/airflow/example_dags/example_branch_labels.py took 0.177 seconds
[2024-07-31T12:16:32.301+0000] {processor.py:154} INFO - Started process (PID=553) to work on /home/airflow/.local/lib/python3.7/site-packages/airflow/example_dags/example_branch_labels.py
[2024-07-31T12:16:32.347+0000] {processor.py:756} INFO - Processing file /home/airflow/.local/lib/python3.7/site-packages/airflow/example_dags/example_branch_labels.py for tasks to queue
[2024-07-31T12:16:32.429+0000] {logging_mixin.py:120} INFO - [2024-07-31T12:16:32.429+0000] {dagbag.py:537} INFO - Filling up the DagBag from /home/airflow/.local/lib/python3.7/site-packages/airflow/example_dags/example_branch_labels.py
[2024-07-31T12:16:32.461+0000] {processor.py:766} INFO - DAG(s) dict_keys(['example_branch_labels']) retrieved from /home/airflow/.local/lib/python3.7/site-packages/airflow/example_dags/example_branch_labels.py
[2024-07-31T12:16:32.576+0000] {logging_mixin.py:120} INFO - [2024-07-31T12:16:32.576+0000] {dag.py:2585} INFO - Sync 1 DAGs
[2024-07-31T12:16:32.679+0000] {logging_mixin.py:120} INFO - [2024-07-31T12:16:32.678+0000] {dag.py:3340} INFO - Setting next_dagrun for example_branch_labels to 2024-07-30T00:00:00+00:00, run_after=2024-07-31T00:00:00+00:00
[2024-07-31T12:16:32.745+0000] {processor.py:176} INFO - Processing /home/airflow/.local/lib/python3.7/site-packages/airflow/example_dags/example_branch_labels.py took 0.448 seconds
[2024-07-31T12:17:03.316+0000] {processor.py:154} INFO - Started process (PID=616) to work on /home/airflow/.local/lib/python3.7/site-packages/airflow/example_dags/example_branch_labels.py
[2024-07-31T12:17:03.325+0000] {processor.py:756} INFO - Processing file /home/airflow/.local/lib/python3.7/site-packages/airflow/example_dags/example_branch_labels.py for tasks to queue
[2024-07-31T12:17:03.381+0000] {logging_mixin.py:120} INFO - [2024-07-31T12:17:03.381+0000] {dagbag.py:537} INFO - Filling up the DagBag from /home/airflow/.local/lib/python3.7/site-packages/airflow/example_dags/example_branch_labels.py
[2024-07-31T12:17:03.418+0000] {processor.py:766} INFO - DAG(s) dict_keys(['example_branch_labels']) retrieved from /home/airflow/.local/lib/python3.7/site-packages/airflow/example_dags/example_branch_labels.py
[2024-07-31T12:17:03.492+0000] {logging_mixin.py:120} INFO - [2024-07-31T12:17:03.492+0000] {dag.py:2585} INFO - Sync 1 DAGs
[2024-07-31T12:17:03.535+0000] {logging_mixin.py:120} INFO - [2024-07-31T12:17:03.535+0000] {dag.py:3340} INFO - Setting next_dagrun for example_branch_labels to 2024-07-30T00:00:00+00:00, run_after=2024-07-31T00:00:00+00:00
[2024-07-31T12:17:03.567+0000] {processor.py:176} INFO - Processing /home/airflow/.local/lib/python3.7/site-packages/airflow/example_dags/example_branch_labels.py took 0.256 seconds
[2024-07-31T12:17:34.767+0000] {processor.py:154} INFO - Started process (PID=678) to work on /home/airflow/.local/lib/python3.7/site-packages/airflow/example_dags/example_branch_labels.py
[2024-07-31T12:17:34.769+0000] {processor.py:756} INFO - Processing file /home/airflow/.local/lib/python3.7/site-packages/airflow/example_dags/example_branch_labels.py for tasks to queue
[2024-07-31T12:17:34.770+0000] {logging_mixin.py:120} INFO - [2024-07-31T12:17:34.770+0000] {dagbag.py:537} INFO - Filling up the DagBag from /home/airflow/.local/lib/python3.7/site-packages/airflow/example_dags/example_branch_labels.py
[2024-07-31T12:17:34.790+0000] {processor.py:766} INFO - DAG(s) dict_keys(['example_branch_labels']) retrieved from /home/airflow/.local/lib/python3.7/site-packages/airflow/example_dags/example_branch_labels.py
[2024-07-31T12:17:34.868+0000] {logging_mixin.py:120} INFO - [2024-07-31T12:17:34.868+0000] {dag.py:2585} INFO - Sync 1 DAGs
[2024-07-31T12:17:34.908+0000] {logging_mixin.py:120} INFO - [2024-07-31T12:17:34.908+0000] {dag.py:3340} INFO - Setting next_dagrun for example_branch_labels to 2024-07-30T00:00:00+00:00, run_after=2024-07-31T00:00:00+00:00
[2024-07-31T12:17:34.943+0000] {processor.py:176} INFO - Processing /home/airflow/.local/lib/python3.7/site-packages/airflow/example_dags/example_branch_labels.py took 0.179 seconds
[2024-07-31T12:18:06.578+0000] {processor.py:154} INFO - Started process (PID=732) to work on /home/airflow/.local/lib/python3.7/site-packages/airflow/example_dags/example_branch_labels.py
[2024-07-31T12:18:06.584+0000] {processor.py:756} INFO - Processing file /home/airflow/.local/lib/python3.7/site-packages/airflow/example_dags/example_branch_labels.py for tasks to queue
[2024-07-31T12:18:06.589+0000] {logging_mixin.py:120} INFO - [2024-07-31T12:18:06.588+0000] {dagbag.py:537} INFO - Filling up the DagBag from /home/airflow/.local/lib/python3.7/site-packages/airflow/example_dags/example_branch_labels.py
[2024-07-31T12:18:06.628+0000] {processor.py:766} INFO - DAG(s) dict_keys(['example_branch_labels']) retrieved from /home/airflow/.local/lib/python3.7/site-packages/airflow/example_dags/example_branch_labels.py
[2024-07-31T12:18:06.708+0000] {logging_mixin.py:120} INFO - [2024-07-31T12:18:06.708+0000] {dag.py:2585} INFO - Sync 1 DAGs
[2024-07-31T12:18:06.754+0000] {logging_mixin.py:120} INFO - [2024-07-31T12:18:06.754+0000] {dag.py:3340} INFO - Setting next_dagrun for example_branch_labels to 2024-07-30T00:00:00+00:00, run_after=2024-07-31T00:00:00+00:00
[2024-07-31T12:18:06.786+0000] {processor.py:176} INFO - Processing /home/airflow/.local/lib/python3.7/site-packages/airflow/example_dags/example_branch_labels.py took 0.212 seconds
[2024-07-31T12:18:38.037+0000] {processor.py:154} INFO - Started process (PID=794) to work on /home/airflow/.local/lib/python3.7/site-packages/airflow/example_dags/example_branch_labels.py
[2024-07-31T12:18:38.039+0000] {processor.py:756} INFO - Processing file /home/airflow/.local/lib/python3.7/site-packages/airflow/example_dags/example_branch_labels.py for tasks to queue
[2024-07-31T12:18:38.040+0000] {logging_mixin.py:120} INFO - [2024-07-31T12:18:38.040+0000] {dagbag.py:537} INFO - Filling up the DagBag from /home/airflow/.local/lib/python3.7/site-packages/airflow/example_dags/example_branch_labels.py
[2024-07-31T12:18:38.061+0000] {processor.py:766} INFO - DAG(s) dict_keys(['example_branch_labels']) retrieved from /home/airflow/.local/lib/python3.7/site-packages/airflow/example_dags/example_branch_labels.py
[2024-07-31T12:18:38.138+0000] {logging_mixin.py:120} INFO - [2024-07-31T12:18:38.138+0000] {dag.py:2585} INFO - Sync 1 DAGs
[2024-07-31T12:18:38.175+0000] {logging_mixin.py:120} INFO - [2024-07-31T12:18:38.174+0000] {dag.py:3340} INFO - Setting next_dagrun for example_branch_labels to 2024-07-30T00:00:00+00:00, run_after=2024-07-31T00:00:00+00:00
[2024-07-31T12:18:38.207+0000] {processor.py:176} INFO - Processing /home/airflow/.local/lib/python3.7/site-packages/airflow/example_dags/example_branch_labels.py took 0.173 seconds
[2024-07-31T12:19:09.693+0000] {processor.py:154} INFO - Started process (PID=848) to work on /home/airflow/.local/lib/python3.7/site-packages/airflow/example_dags/example_branch_labels.py
[2024-07-31T12:19:09.701+0000] {processor.py:756} INFO - Processing file /home/airflow/.local/lib/python3.7/site-packages/airflow/example_dags/example_branch_labels.py for tasks to queue
[2024-07-31T12:19:09.703+0000] {logging_mixin.py:120} INFO - [2024-07-31T12:19:09.703+0000] {dagbag.py:537} INFO - Filling up the DagBag from /home/airflow/.local/lib/python3.7/site-packages/airflow/example_dags/example_branch_labels.py
[2024-07-31T12:19:09.720+0000] {processor.py:766} INFO - DAG(s) dict_keys(['example_branch_labels']) retrieved from /home/airflow/.local/lib/python3.7/site-packages/airflow/example_dags/example_branch_labels.py
[2024-07-31T12:19:09.766+0000] {logging_mixin.py:120} INFO - [2024-07-31T12:19:09.766+0000] {dag.py:2585} INFO - Sync 1 DAGs
[2024-07-31T12:19:09.803+0000] {logging_mixin.py:120} INFO - [2024-07-31T12:19:09.803+0000] {dag.py:3340} INFO - Setting next_dagrun for example_branch_labels to 2024-07-30T00:00:00+00:00, run_after=2024-07-31T00:00:00+00:00
[2024-07-31T12:19:09.835+0000] {processor.py:176} INFO - Processing /home/airflow/.local/lib/python3.7/site-packages/airflow/example_dags/example_branch_labels.py took 0.145 seconds
[2024-07-31T12:19:41.220+0000] {processor.py:154} INFO - Started process (PID=911) to work on /home/airflow/.local/lib/python3.7/site-packages/airflow/example_dags/example_branch_labels.py
[2024-07-31T12:19:41.222+0000] {processor.py:756} INFO - Processing file /home/airflow/.local/lib/python3.7/site-packages/airflow/example_dags/example_branch_labels.py for tasks to queue
[2024-07-31T12:19:41.223+0000] {logging_mixin.py:120} INFO - [2024-07-31T12:19:41.223+0000] {dagbag.py:537} INFO - Filling up the DagBag from /home/airflow/.local/lib/python3.7/site-packages/airflow/example_dags/example_branch_labels.py
[2024-07-31T12:19:41.238+0000] {processor.py:766} INFO - DAG(s) dict_keys(['example_branch_labels']) retrieved from /home/airflow/.local/lib/python3.7/site-packages/airflow/example_dags/example_branch_labels.py
[2024-07-31T12:19:41.280+0000] {logging_mixin.py:120} INFO - [2024-07-31T12:19:41.280+0000] {dag.py:2585} INFO - Sync 1 DAGs
[2024-07-31T12:19:41.307+0000] {logging_mixin.py:120} INFO - [2024-07-31T12:19:41.306+0000] {dag.py:3340} INFO - Setting next_dagrun for example_branch_labels to 2024-07-30T00:00:00+00:00, run_after=2024-07-31T00:00:00+00:00
[2024-07-31T12:19:41.329+0000] {processor.py:176} INFO - Processing /home/airflow/.local/lib/python3.7/site-packages/airflow/example_dags/example_branch_labels.py took 0.113 seconds
[2024-07-31T12:20:12.102+0000] {processor.py:154} INFO - Started process (PID=973) to work on /home/airflow/.local/lib/python3.7/site-packages/airflow/example_dags/example_branch_labels.py
[2024-07-31T12:20:12.104+0000] {processor.py:756} INFO - Processing file /home/airflow/.local/lib/python3.7/site-packages/airflow/example_dags/example_branch_labels.py for tasks to queue
[2024-07-31T12:20:12.105+0000] {logging_mixin.py:120} INFO - [2024-07-31T12:20:12.104+0000] {dagbag.py:537} INFO - Filling up the DagBag from /home/airflow/.local/lib/python3.7/site-packages/airflow/example_dags/example_branch_labels.py
[2024-07-31T12:20:12.129+0000] {processor.py:766} INFO - DAG(s) dict_keys(['example_branch_labels']) retrieved from /home/airflow/.local/lib/python3.7/site-packages/airflow/example_dags/example_branch_labels.py
[2024-07-31T12:20:12.182+0000] {logging_mixin.py:120} INFO - [2024-07-31T12:20:12.182+0000] {dag.py:2585} INFO - Sync 1 DAGs
[2024-07-31T12:20:12.232+0000] {logging_mixin.py:120} INFO - [2024-07-31T12:20:12.232+0000] {dag.py:3340} INFO - Setting next_dagrun for example_branch_labels to 2024-07-30T00:00:00+00:00, run_after=2024-07-31T00:00:00+00:00
[2024-07-31T12:20:12.269+0000] {processor.py:176} INFO - Processing /home/airflow/.local/lib/python3.7/site-packages/airflow/example_dags/example_branch_labels.py took 0.170 seconds
[2024-07-31T12:20:42.645+0000] {processor.py:154} INFO - Started process (PID=1027) to work on /home/airflow/.local/lib/python3.7/site-packages/airflow/example_dags/example_branch_labels.py
[2024-07-31T12:20:42.649+0000] {processor.py:756} INFO - Processing file /home/airflow/.local/lib/python3.7/site-packages/airflow/example_dags/example_branch_labels.py for tasks to queue
[2024-07-31T12:20:42.650+0000] {logging_mixin.py:120} INFO - [2024-07-31T12:20:42.650+0000] {dagbag.py:537} INFO - Filling up the DagBag from /home/airflow/.local/lib/python3.7/site-packages/airflow/example_dags/example_branch_labels.py
[2024-07-31T12:20:42.670+0000] {processor.py:766} INFO - DAG(s) dict_keys(['example_branch_labels']) retrieved from /home/airflow/.local/lib/python3.7/site-packages/airflow/example_dags/example_branch_labels.py
[2024-07-31T12:20:42.731+0000] {logging_mixin.py:120} INFO - [2024-07-31T12:20:42.730+0000] {dag.py:2585} INFO - Sync 1 DAGs
[2024-07-31T12:20:42.763+0000] {logging_mixin.py:120} INFO - [2024-07-31T12:20:42.762+0000] {dag.py:3340} INFO - Setting next_dagrun for example_branch_labels to 2024-07-30T00:00:00+00:00, run_after=2024-07-31T00:00:00+00:00
[2024-07-31T12:20:42.791+0000] {processor.py:176} INFO - Processing /home/airflow/.local/lib/python3.7/site-packages/airflow/example_dags/example_branch_labels.py took 0.151 seconds
[2024-07-31T12:21:14.719+0000] {processor.py:154} INFO - Started process (PID=1090) to work on /home/airflow/.local/lib/python3.7/site-packages/airflow/example_dags/example_branch_labels.py
[2024-07-31T12:21:14.721+0000] {processor.py:756} INFO - Processing file /home/airflow/.local/lib/python3.7/site-packages/airflow/example_dags/example_branch_labels.py for tasks to queue
[2024-07-31T12:21:14.724+0000] {logging_mixin.py:120} INFO - [2024-07-31T12:21:14.724+0000] {dagbag.py:537} INFO - Filling up the DagBag from /home/airflow/.local/lib/python3.7/site-packages/airflow/example_dags/example_branch_labels.py
[2024-07-31T12:21:14.739+0000] {processor.py:766} INFO - DAG(s) dict_keys(['example_branch_labels']) retrieved from /home/airflow/.local/lib/python3.7/site-packages/airflow/example_dags/example_branch_labels.py
[2024-07-31T12:21:14.882+0000] {logging_mixin.py:120} INFO - [2024-07-31T12:21:14.881+0000] {dag.py:2585} INFO - Sync 1 DAGs
[2024-07-31T12:21:14.986+0000] {logging_mixin.py:120} INFO - [2024-07-31T12:21:14.986+0000] {dag.py:3340} INFO - Setting next_dagrun for example_branch_labels to 2024-07-30T00:00:00+00:00, run_after=2024-07-31T00:00:00+00:00
[2024-07-31T12:21:15.214+0000] {processor.py:176} INFO - Processing /home/airflow/.local/lib/python3.7/site-packages/airflow/example_dags/example_branch_labels.py took 0.498 seconds
[2024-07-31T12:21:47.208+0000] {processor.py:154} INFO - Started process (PID=1153) to work on /home/airflow/.local/lib/python3.7/site-packages/airflow/example_dags/example_branch_labels.py
[2024-07-31T12:21:47.240+0000] {processor.py:756} INFO - Processing file /home/airflow/.local/lib/python3.7/site-packages/airflow/example_dags/example_branch_labels.py for tasks to queue
[2024-07-31T12:21:47.245+0000] {logging_mixin.py:120} INFO - [2024-07-31T12:21:47.245+0000] {dagbag.py:537} INFO - Filling up the DagBag from /home/airflow/.local/lib/python3.7/site-packages/airflow/example_dags/example_branch_labels.py
[2024-07-31T12:21:47.274+0000] {processor.py:766} INFO - DAG(s) dict_keys(['example_branch_labels']) retrieved from /home/airflow/.local/lib/python3.7/site-packages/airflow/example_dags/example_branch_labels.py
[2024-07-31T12:21:47.350+0000] {logging_mixin.py:120} INFO - [2024-07-31T12:21:47.349+0000] {dag.py:2585} INFO - Sync 1 DAGs
[2024-07-31T12:21:47.391+0000] {logging_mixin.py:120} INFO - [2024-07-31T12:21:47.391+0000] {dag.py:3340} INFO - Setting next_dagrun for example_branch_labels to 2024-07-30T00:00:00+00:00, run_after=2024-07-31T00:00:00+00:00
[2024-07-31T12:21:47.423+0000] {processor.py:176} INFO - Processing /home/airflow/.local/lib/python3.7/site-packages/airflow/example_dags/example_branch_labels.py took 0.218 seconds
[2024-07-31T12:22:17.918+0000] {processor.py:154} INFO - Started process (PID=1207) to work on /home/airflow/.local/lib/python3.7/site-packages/airflow/example_dags/example_branch_labels.py
[2024-07-31T12:22:17.938+0000] {processor.py:756} INFO - Processing file /home/airflow/.local/lib/python3.7/site-packages/airflow/example_dags/example_branch_labels.py for tasks to queue
[2024-07-31T12:22:17.940+0000] {logging_mixin.py:120} INFO - [2024-07-31T12:22:17.940+0000] {dagbag.py:537} INFO - Filling up the DagBag from /home/airflow/.local/lib/python3.7/site-packages/airflow/example_dags/example_branch_labels.py
[2024-07-31T12:22:17.965+0000] {processor.py:766} INFO - DAG(s) dict_keys(['example_branch_labels']) retrieved from /home/airflow/.local/lib/python3.7/site-packages/airflow/example_dags/example_branch_labels.py
[2024-07-31T12:22:18.067+0000] {logging_mixin.py:120} INFO - [2024-07-31T12:22:18.066+0000] {dag.py:2585} INFO - Sync 1 DAGs
[2024-07-31T12:22:18.117+0000] {logging_mixin.py:120} INFO - [2024-07-31T12:22:18.117+0000] {dag.py:3340} INFO - Setting next_dagrun for example_branch_labels to 2024-07-30T00:00:00+00:00, run_after=2024-07-31T00:00:00+00:00
[2024-07-31T12:22:18.193+0000] {processor.py:176} INFO - Processing /home/airflow/.local/lib/python3.7/site-packages/airflow/example_dags/example_branch_labels.py took 0.278 seconds
[2024-07-31T12:22:48.622+0000] {processor.py:154} INFO - Started process (PID=1271) to work on /home/airflow/.local/lib/python3.7/site-packages/airflow/example_dags/example_branch_labels.py
[2024-07-31T12:22:48.624+0000] {processor.py:756} INFO - Processing file /home/airflow/.local/lib/python3.7/site-packages/airflow/example_dags/example_branch_labels.py for tasks to queue
[2024-07-31T12:22:48.625+0000] {logging_mixin.py:120} INFO - [2024-07-31T12:22:48.625+0000] {dagbag.py:537} INFO - Filling up the DagBag from /home/airflow/.local/lib/python3.7/site-packages/airflow/example_dags/example_branch_labels.py
[2024-07-31T12:22:48.646+0000] {processor.py:766} INFO - DAG(s) dict_keys(['example_branch_labels']) retrieved from /home/airflow/.local/lib/python3.7/site-packages/airflow/example_dags/example_branch_labels.py
[2024-07-31T12:22:48.703+0000] {logging_mixin.py:120} INFO - [2024-07-31T12:22:48.703+0000] {dag.py:2585} INFO - Sync 1 DAGs
[2024-07-31T12:22:48.755+0000] {logging_mixin.py:120} INFO - [2024-07-31T12:22:48.755+0000] {dag.py:3340} INFO - Setting next_dagrun for example_branch_labels to 2024-07-30T00:00:00+00:00, run_after=2024-07-31T00:00:00+00:00
[2024-07-31T12:22:48.784+0000] {processor.py:176} INFO - Processing /home/airflow/.local/lib/python3.7/site-packages/airflow/example_dags/example_branch_labels.py took 0.166 seconds
[2024-07-31T12:23:19.931+0000] {processor.py:154} INFO - Started process (PID=1325) to work on /home/airflow/.local/lib/python3.7/site-packages/airflow/example_dags/example_branch_labels.py
[2024-07-31T12:23:19.933+0000] {processor.py:756} INFO - Processing file /home/airflow/.local/lib/python3.7/site-packages/airflow/example_dags/example_branch_labels.py for tasks to queue
[2024-07-31T12:23:19.937+0000] {logging_mixin.py:120} INFO - [2024-07-31T12:23:19.937+0000] {dagbag.py:537} INFO - Filling up the DagBag from /home/airflow/.local/lib/python3.7/site-packages/airflow/example_dags/example_branch_labels.py
[2024-07-31T12:23:19.964+0000] {processor.py:766} INFO - DAG(s) dict_keys(['example_branch_labels']) retrieved from /home/airflow/.local/lib/python3.7/site-packages/airflow/example_dags/example_branch_labels.py
[2024-07-31T12:23:20.141+0000] {logging_mixin.py:120} INFO - [2024-07-31T12:23:20.140+0000] {dag.py:2585} INFO - Sync 1 DAGs
[2024-07-31T12:23:20.257+0000] {logging_mixin.py:120} INFO - [2024-07-31T12:23:20.257+0000] {dag.py:3340} INFO - Setting next_dagrun for example_branch_labels to 2024-07-30T00:00:00+00:00, run_after=2024-07-31T00:00:00+00:00
[2024-07-31T12:23:20.413+0000] {processor.py:176} INFO - Processing /home/airflow/.local/lib/python3.7/site-packages/airflow/example_dags/example_branch_labels.py took 0.485 seconds
[2024-07-31T12:23:51.128+0000] {processor.py:154} INFO - Started process (PID=1388) to work on /home/airflow/.local/lib/python3.7/site-packages/airflow/example_dags/example_branch_labels.py
[2024-07-31T12:23:51.129+0000] {processor.py:756} INFO - Processing file /home/airflow/.local/lib/python3.7/site-packages/airflow/example_dags/example_branch_labels.py for tasks to queue
[2024-07-31T12:23:51.130+0000] {logging_mixin.py:120} INFO - [2024-07-31T12:23:51.130+0000] {dagbag.py:537} INFO - Filling up the DagBag from /home/airflow/.local/lib/python3.7/site-packages/airflow/example_dags/example_branch_labels.py
[2024-07-31T12:23:51.145+0000] {processor.py:766} INFO - DAG(s) dict_keys(['example_branch_labels']) retrieved from /home/airflow/.local/lib/python3.7/site-packages/airflow/example_dags/example_branch_labels.py
[2024-07-31T12:23:51.197+0000] {logging_mixin.py:120} INFO - [2024-07-31T12:23:51.197+0000] {dag.py:2585} INFO - Sync 1 DAGs
[2024-07-31T12:23:51.244+0000] {logging_mixin.py:120} INFO - [2024-07-31T12:23:51.243+0000] {dag.py:3340} INFO - Setting next_dagrun for example_branch_labels to 2024-07-30T00:00:00+00:00, run_after=2024-07-31T00:00:00+00:00
[2024-07-31T12:23:51.285+0000] {processor.py:176} INFO - Processing /home/airflow/.local/lib/python3.7/site-packages/airflow/example_dags/example_branch_labels.py took 0.162 seconds
[2024-07-31T12:24:21.717+0000] {processor.py:154} INFO - Started process (PID=1451) to work on /home/airflow/.local/lib/python3.7/site-packages/airflow/example_dags/example_branch_labels.py
[2024-07-31T12:24:21.718+0000] {processor.py:756} INFO - Processing file /home/airflow/.local/lib/python3.7/site-packages/airflow/example_dags/example_branch_labels.py for tasks to queue
[2024-07-31T12:24:21.720+0000] {logging_mixin.py:120} INFO - [2024-07-31T12:24:21.720+0000] {dagbag.py:537} INFO - Filling up the DagBag from /home/airflow/.local/lib/python3.7/site-packages/airflow/example_dags/example_branch_labels.py
[2024-07-31T12:24:21.737+0000] {processor.py:766} INFO - DAG(s) dict_keys(['example_branch_labels']) retrieved from /home/airflow/.local/lib/python3.7/site-packages/airflow/example_dags/example_branch_labels.py
[2024-07-31T12:24:21.787+0000] {logging_mixin.py:120} INFO - [2024-07-31T12:24:21.787+0000] {dag.py:2585} INFO - Sync 1 DAGs
[2024-07-31T12:24:21.814+0000] {logging_mixin.py:120} INFO - [2024-07-31T12:24:21.814+0000] {dag.py:3340} INFO - Setting next_dagrun for example_branch_labels to 2024-07-30T00:00:00+00:00, run_after=2024-07-31T00:00:00+00:00
[2024-07-31T12:24:21.838+0000] {processor.py:176} INFO - Processing /home/airflow/.local/lib/python3.7/site-packages/airflow/example_dags/example_branch_labels.py took 0.124 seconds
[2024-07-31T12:24:52.118+0000] {processor.py:154} INFO - Started process (PID=1504) to work on /home/airflow/.local/lib/python3.7/site-packages/airflow/example_dags/example_branch_labels.py
[2024-07-31T12:24:52.120+0000] {processor.py:756} INFO - Processing file /home/airflow/.local/lib/python3.7/site-packages/airflow/example_dags/example_branch_labels.py for tasks to queue
[2024-07-31T12:24:52.121+0000] {logging_mixin.py:120} INFO - [2024-07-31T12:24:52.121+0000] {dagbag.py:537} INFO - Filling up the DagBag from /home/airflow/.local/lib/python3.7/site-packages/airflow/example_dags/example_branch_labels.py
[2024-07-31T12:24:52.141+0000] {processor.py:766} INFO - DAG(s) dict_keys(['example_branch_labels']) retrieved from /home/airflow/.local/lib/python3.7/site-packages/airflow/example_dags/example_branch_labels.py
[2024-07-31T12:24:52.192+0000] {logging_mixin.py:120} INFO - [2024-07-31T12:24:52.192+0000] {dag.py:2585} INFO - Sync 1 DAGs
[2024-07-31T12:24:52.223+0000] {logging_mixin.py:120} INFO - [2024-07-31T12:24:52.223+0000] {dag.py:3340} INFO - Setting next_dagrun for example_branch_labels to 2024-07-30T00:00:00+00:00, run_after=2024-07-31T00:00:00+00:00
[2024-07-31T12:24:52.246+0000] {processor.py:176} INFO - Processing /home/airflow/.local/lib/python3.7/site-packages/airflow/example_dags/example_branch_labels.py took 0.133 seconds
[2024-07-31T12:25:22.759+0000] {processor.py:154} INFO - Started process (PID=1567) to work on /home/airflow/.local/lib/python3.7/site-packages/airflow/example_dags/example_branch_labels.py
[2024-07-31T12:25:22.761+0000] {processor.py:756} INFO - Processing file /home/airflow/.local/lib/python3.7/site-packages/airflow/example_dags/example_branch_labels.py for tasks to queue
[2024-07-31T12:25:22.762+0000] {logging_mixin.py:120} INFO - [2024-07-31T12:25:22.762+0000] {dagbag.py:537} INFO - Filling up the DagBag from /home/airflow/.local/lib/python3.7/site-packages/airflow/example_dags/example_branch_labels.py
[2024-07-31T12:25:22.782+0000] {processor.py:766} INFO - DAG(s) dict_keys(['example_branch_labels']) retrieved from /home/airflow/.local/lib/python3.7/site-packages/airflow/example_dags/example_branch_labels.py
[2024-07-31T12:25:22.846+0000] {logging_mixin.py:120} INFO - [2024-07-31T12:25:22.846+0000] {dag.py:2585} INFO - Sync 1 DAGs
[2024-07-31T12:25:22.884+0000] {logging_mixin.py:120} INFO - [2024-07-31T12:25:22.884+0000] {dag.py:3340} INFO - Setting next_dagrun for example_branch_labels to 2024-07-30T00:00:00+00:00, run_after=2024-07-31T00:00:00+00:00
[2024-07-31T12:25:22.918+0000] {processor.py:176} INFO - Processing /home/airflow/.local/lib/python3.7/site-packages/airflow/example_dags/example_branch_labels.py took 0.162 seconds
[2024-07-31T12:25:53.675+0000] {processor.py:154} INFO - Started process (PID=1630) to work on /home/airflow/.local/lib/python3.7/site-packages/airflow/example_dags/example_branch_labels.py
[2024-07-31T12:25:53.681+0000] {processor.py:756} INFO - Processing file /home/airflow/.local/lib/python3.7/site-packages/airflow/example_dags/example_branch_labels.py for tasks to queue
[2024-07-31T12:25:53.682+0000] {logging_mixin.py:120} INFO - [2024-07-31T12:25:53.682+0000] {dagbag.py:537} INFO - Filling up the DagBag from /home/airflow/.local/lib/python3.7/site-packages/airflow/example_dags/example_branch_labels.py
[2024-07-31T12:25:53.712+0000] {processor.py:766} INFO - DAG(s) dict_keys(['example_branch_labels']) retrieved from /home/airflow/.local/lib/python3.7/site-packages/airflow/example_dags/example_branch_labels.py
[2024-07-31T12:25:53.788+0000] {logging_mixin.py:120} INFO - [2024-07-31T12:25:53.788+0000] {dag.py:2585} INFO - Sync 1 DAGs
[2024-07-31T12:25:53.832+0000] {logging_mixin.py:120} INFO - [2024-07-31T12:25:53.831+0000] {dag.py:3340} INFO - Setting next_dagrun for example_branch_labels to 2024-07-30T00:00:00+00:00, run_after=2024-07-31T00:00:00+00:00
[2024-07-31T12:25:53.861+0000] {processor.py:176} INFO - Processing /home/airflow/.local/lib/python3.7/site-packages/airflow/example_dags/example_branch_labels.py took 0.190 seconds
[2024-07-31T12:26:24.897+0000] {processor.py:154} INFO - Started process (PID=1684) to work on /home/airflow/.local/lib/python3.7/site-packages/airflow/example_dags/example_branch_labels.py
[2024-07-31T12:26:24.929+0000] {processor.py:756} INFO - Processing file /home/airflow/.local/lib/python3.7/site-packages/airflow/example_dags/example_branch_labels.py for tasks to queue
[2024-07-31T12:26:24.965+0000] {logging_mixin.py:120} INFO - [2024-07-31T12:26:24.964+0000] {dagbag.py:537} INFO - Filling up the DagBag from /home/airflow/.local/lib/python3.7/site-packages/airflow/example_dags/example_branch_labels.py
[2024-07-31T12:26:25.016+0000] {processor.py:766} INFO - DAG(s) dict_keys(['example_branch_labels']) retrieved from /home/airflow/.local/lib/python3.7/site-packages/airflow/example_dags/example_branch_labels.py
[2024-07-31T12:26:25.099+0000] {logging_mixin.py:120} INFO - [2024-07-31T12:26:25.098+0000] {dag.py:2585} INFO - Sync 1 DAGs
[2024-07-31T12:26:25.192+0000] {logging_mixin.py:120} INFO - [2024-07-31T12:26:25.192+0000] {dag.py:3340} INFO - Setting next_dagrun for example_branch_labels to 2024-07-30T00:00:00+00:00, run_after=2024-07-31T00:00:00+00:00
[2024-07-31T12:26:25.314+0000] {processor.py:176} INFO - Processing /home/airflow/.local/lib/python3.7/site-packages/airflow/example_dags/example_branch_labels.py took 0.423 seconds
[2024-07-31T12:26:55.452+0000] {processor.py:154} INFO - Started process (PID=1747) to work on /home/airflow/.local/lib/python3.7/site-packages/airflow/example_dags/example_branch_labels.py
[2024-07-31T12:26:55.455+0000] {processor.py:756} INFO - Processing file /home/airflow/.local/lib/python3.7/site-packages/airflow/example_dags/example_branch_labels.py for tasks to queue
[2024-07-31T12:26:55.457+0000] {logging_mixin.py:120} INFO - [2024-07-31T12:26:55.456+0000] {dagbag.py:537} INFO - Filling up the DagBag from /home/airflow/.local/lib/python3.7/site-packages/airflow/example_dags/example_branch_labels.py
[2024-07-31T12:26:55.483+0000] {processor.py:766} INFO - DAG(s) dict_keys(['example_branch_labels']) retrieved from /home/airflow/.local/lib/python3.7/site-packages/airflow/example_dags/example_branch_labels.py
[2024-07-31T12:26:55.561+0000] {logging_mixin.py:120} INFO - [2024-07-31T12:26:55.561+0000] {dag.py:2585} INFO - Sync 1 DAGs
[2024-07-31T12:26:55.615+0000] {logging_mixin.py:120} INFO - [2024-07-31T12:26:55.615+0000] {dag.py:3340} INFO - Setting next_dagrun for example_branch_labels to 2024-07-30T00:00:00+00:00, run_after=2024-07-31T00:00:00+00:00
[2024-07-31T12:26:55.659+0000] {processor.py:176} INFO - Processing /home/airflow/.local/lib/python3.7/site-packages/airflow/example_dags/example_branch_labels.py took 0.211 seconds
[2024-07-31T12:27:28.663+0000] {processor.py:154} INFO - Started process (PID=1811) to work on /home/airflow/.local/lib/python3.7/site-packages/airflow/example_dags/example_branch_labels.py
[2024-07-31T12:27:28.665+0000] {processor.py:756} INFO - Processing file /home/airflow/.local/lib/python3.7/site-packages/airflow/example_dags/example_branch_labels.py for tasks to queue
[2024-07-31T12:27:28.667+0000] {logging_mixin.py:120} INFO - [2024-07-31T12:27:28.667+0000] {dagbag.py:537} INFO - Filling up the DagBag from /home/airflow/.local/lib/python3.7/site-packages/airflow/example_dags/example_branch_labels.py
[2024-07-31T12:27:28.700+0000] {processor.py:766} INFO - DAG(s) dict_keys(['example_branch_labels']) retrieved from /home/airflow/.local/lib/python3.7/site-packages/airflow/example_dags/example_branch_labels.py
[2024-07-31T12:27:28.779+0000] {logging_mixin.py:120} INFO - [2024-07-31T12:27:28.779+0000] {dag.py:2585} INFO - Sync 1 DAGs
[2024-07-31T12:27:28.836+0000] {logging_mixin.py:120} INFO - [2024-07-31T12:27:28.835+0000] {dag.py:3340} INFO - Setting next_dagrun for example_branch_labels to 2024-07-30T00:00:00+00:00, run_after=2024-07-31T00:00:00+00:00
[2024-07-31T12:27:28.878+0000] {processor.py:176} INFO - Processing /home/airflow/.local/lib/python3.7/site-packages/airflow/example_dags/example_branch_labels.py took 0.220 seconds
[2024-07-31T12:28:01.288+0000] {processor.py:154} INFO - Started process (PID=1865) to work on /home/airflow/.local/lib/python3.7/site-packages/airflow/example_dags/example_branch_labels.py
[2024-07-31T12:28:01.340+0000] {processor.py:756} INFO - Processing file /home/airflow/.local/lib/python3.7/site-packages/airflow/example_dags/example_branch_labels.py for tasks to queue
[2024-07-31T12:28:01.424+0000] {logging_mixin.py:120} INFO - [2024-07-31T12:28:01.424+0000] {dagbag.py:537} INFO - Filling up the DagBag from /home/airflow/.local/lib/python3.7/site-packages/airflow/example_dags/example_branch_labels.py
[2024-07-31T12:28:01.497+0000] {processor.py:766} INFO - DAG(s) dict_keys(['example_branch_labels']) retrieved from /home/airflow/.local/lib/python3.7/site-packages/airflow/example_dags/example_branch_labels.py
[2024-07-31T12:28:01.669+0000] {logging_mixin.py:120} INFO - [2024-07-31T12:28:01.669+0000] {dag.py:2585} INFO - Sync 1 DAGs
[2024-07-31T12:28:01.783+0000] {logging_mixin.py:120} INFO - [2024-07-31T12:28:01.782+0000] {dag.py:3340} INFO - Setting next_dagrun for example_branch_labels to 2024-07-30T00:00:00+00:00, run_after=2024-07-31T00:00:00+00:00
[2024-07-31T12:28:01.816+0000] {processor.py:176} INFO - Processing /home/airflow/.local/lib/python3.7/site-packages/airflow/example_dags/example_branch_labels.py took 0.533 seconds
[2024-07-31T12:28:32.046+0000] {processor.py:154} INFO - Started process (PID=1929) to work on /home/airflow/.local/lib/python3.7/site-packages/airflow/example_dags/example_branch_labels.py
[2024-07-31T12:28:32.047+0000] {processor.py:756} INFO - Processing file /home/airflow/.local/lib/python3.7/site-packages/airflow/example_dags/example_branch_labels.py for tasks to queue
[2024-07-31T12:28:32.048+0000] {logging_mixin.py:120} INFO - [2024-07-31T12:28:32.048+0000] {dagbag.py:537} INFO - Filling up the DagBag from /home/airflow/.local/lib/python3.7/site-packages/airflow/example_dags/example_branch_labels.py
[2024-07-31T12:28:32.076+0000] {processor.py:766} INFO - DAG(s) dict_keys(['example_branch_labels']) retrieved from /home/airflow/.local/lib/python3.7/site-packages/airflow/example_dags/example_branch_labels.py
[2024-07-31T12:28:32.142+0000] {logging_mixin.py:120} INFO - [2024-07-31T12:28:32.141+0000] {dag.py:2585} INFO - Sync 1 DAGs
[2024-07-31T12:28:32.181+0000] {logging_mixin.py:120} INFO - [2024-07-31T12:28:32.181+0000] {dag.py:3340} INFO - Setting next_dagrun for example_branch_labels to 2024-07-30T00:00:00+00:00, run_after=2024-07-31T00:00:00+00:00
[2024-07-31T12:28:32.211+0000] {processor.py:176} INFO - Processing /home/airflow/.local/lib/python3.7/site-packages/airflow/example_dags/example_branch_labels.py took 0.169 seconds
[2024-07-31T12:29:03.202+0000] {processor.py:154} INFO - Started process (PID=1983) to work on /home/airflow/.local/lib/python3.7/site-packages/airflow/example_dags/example_branch_labels.py
[2024-07-31T12:29:03.204+0000] {processor.py:756} INFO - Processing file /home/airflow/.local/lib/python3.7/site-packages/airflow/example_dags/example_branch_labels.py for tasks to queue
[2024-07-31T12:29:03.206+0000] {logging_mixin.py:120} INFO - [2024-07-31T12:29:03.206+0000] {dagbag.py:537} INFO - Filling up the DagBag from /home/airflow/.local/lib/python3.7/site-packages/airflow/example_dags/example_branch_labels.py
[2024-07-31T12:29:03.224+0000] {processor.py:766} INFO - DAG(s) dict_keys(['example_branch_labels']) retrieved from /home/airflow/.local/lib/python3.7/site-packages/airflow/example_dags/example_branch_labels.py
[2024-07-31T12:29:03.334+0000] {logging_mixin.py:120} INFO - [2024-07-31T12:29:03.334+0000] {dag.py:2585} INFO - Sync 1 DAGs
[2024-07-31T12:29:03.436+0000] {logging_mixin.py:120} INFO - [2024-07-31T12:29:03.436+0000] {dag.py:3340} INFO - Setting next_dagrun for example_branch_labels to 2024-07-30T00:00:00+00:00, run_after=2024-07-31T00:00:00+00:00
[2024-07-31T12:29:03.527+0000] {processor.py:176} INFO - Processing /home/airflow/.local/lib/python3.7/site-packages/airflow/example_dags/example_branch_labels.py took 0.329 seconds
[2024-07-31T12:29:34.369+0000] {processor.py:154} INFO - Started process (PID=2046) to work on /home/airflow/.local/lib/python3.7/site-packages/airflow/example_dags/example_branch_labels.py
[2024-07-31T12:29:34.372+0000] {processor.py:756} INFO - Processing file /home/airflow/.local/lib/python3.7/site-packages/airflow/example_dags/example_branch_labels.py for tasks to queue
[2024-07-31T12:29:34.395+0000] {logging_mixin.py:120} INFO - [2024-07-31T12:29:34.394+0000] {dagbag.py:537} INFO - Filling up the DagBag from /home/airflow/.local/lib/python3.7/site-packages/airflow/example_dags/example_branch_labels.py
[2024-07-31T12:29:34.417+0000] {processor.py:766} INFO - DAG(s) dict_keys(['example_branch_labels']) retrieved from /home/airflow/.local/lib/python3.7/site-packages/airflow/example_dags/example_branch_labels.py
[2024-07-31T12:29:34.478+0000] {logging_mixin.py:120} INFO - [2024-07-31T12:29:34.477+0000] {dag.py:2585} INFO - Sync 1 DAGs
[2024-07-31T12:29:34.516+0000] {logging_mixin.py:120} INFO - [2024-07-31T12:29:34.515+0000] {dag.py:3340} INFO - Setting next_dagrun for example_branch_labels to 2024-07-30T00:00:00+00:00, run_after=2024-07-31T00:00:00+00:00
[2024-07-31T12:29:34.543+0000] {processor.py:176} INFO - Processing /home/airflow/.local/lib/python3.7/site-packages/airflow/example_dags/example_branch_labels.py took 0.177 seconds
[2024-07-31T12:30:04.581+0000] {processor.py:154} INFO - Started process (PID=2110) to work on /home/airflow/.local/lib/python3.7/site-packages/airflow/example_dags/example_branch_labels.py
[2024-07-31T12:30:04.583+0000] {processor.py:756} INFO - Processing file /home/airflow/.local/lib/python3.7/site-packages/airflow/example_dags/example_branch_labels.py for tasks to queue
[2024-07-31T12:30:04.584+0000] {logging_mixin.py:120} INFO - [2024-07-31T12:30:04.584+0000] {dagbag.py:537} INFO - Filling up the DagBag from /home/airflow/.local/lib/python3.7/site-packages/airflow/example_dags/example_branch_labels.py
[2024-07-31T12:30:04.606+0000] {processor.py:766} INFO - DAG(s) dict_keys(['example_branch_labels']) retrieved from /home/airflow/.local/lib/python3.7/site-packages/airflow/example_dags/example_branch_labels.py
[2024-07-31T12:30:04.652+0000] {logging_mixin.py:120} INFO - [2024-07-31T12:30:04.652+0000] {dag.py:2585} INFO - Sync 1 DAGs
[2024-07-31T12:30:04.691+0000] {logging_mixin.py:120} INFO - [2024-07-31T12:30:04.691+0000] {dag.py:3340} INFO - Setting next_dagrun for example_branch_labels to 2024-07-30T00:00:00+00:00, run_after=2024-07-31T00:00:00+00:00
[2024-07-31T12:30:04.717+0000] {processor.py:176} INFO - Processing /home/airflow/.local/lib/python3.7/site-packages/airflow/example_dags/example_branch_labels.py took 0.142 seconds
[2024-07-31T12:30:35.036+0000] {processor.py:154} INFO - Started process (PID=2164) to work on /home/airflow/.local/lib/python3.7/site-packages/airflow/example_dags/example_branch_labels.py
[2024-07-31T12:30:35.037+0000] {processor.py:756} INFO - Processing file /home/airflow/.local/lib/python3.7/site-packages/airflow/example_dags/example_branch_labels.py for tasks to queue
[2024-07-31T12:30:35.039+0000] {logging_mixin.py:120} INFO - [2024-07-31T12:30:35.039+0000] {dagbag.py:537} INFO - Filling up the DagBag from /home/airflow/.local/lib/python3.7/site-packages/airflow/example_dags/example_branch_labels.py
[2024-07-31T12:30:35.063+0000] {processor.py:766} INFO - DAG(s) dict_keys(['example_branch_labels']) retrieved from /home/airflow/.local/lib/python3.7/site-packages/airflow/example_dags/example_branch_labels.py
[2024-07-31T12:30:35.110+0000] {logging_mixin.py:120} INFO - [2024-07-31T12:30:35.109+0000] {dag.py:2585} INFO - Sync 1 DAGs
[2024-07-31T12:30:35.134+0000] {logging_mixin.py:120} INFO - [2024-07-31T12:30:35.134+0000] {dag.py:3340} INFO - Setting next_dagrun for example_branch_labels to 2024-07-30T00:00:00+00:00, run_after=2024-07-31T00:00:00+00:00
[2024-07-31T12:30:35.188+0000] {processor.py:176} INFO - Processing /home/airflow/.local/lib/python3.7/site-packages/airflow/example_dags/example_branch_labels.py took 0.155 seconds
[2024-07-31T12:31:05.391+0000] {processor.py:154} INFO - Started process (PID=2226) to work on /home/airflow/.local/lib/python3.7/site-packages/airflow/example_dags/example_branch_labels.py
[2024-07-31T12:31:05.393+0000] {processor.py:756} INFO - Processing file /home/airflow/.local/lib/python3.7/site-packages/airflow/example_dags/example_branch_labels.py for tasks to queue
[2024-07-31T12:31:05.394+0000] {logging_mixin.py:120} INFO - [2024-07-31T12:31:05.394+0000] {dagbag.py:537} INFO - Filling up the DagBag from /home/airflow/.local/lib/python3.7/site-packages/airflow/example_dags/example_branch_labels.py
[2024-07-31T12:31:05.413+0000] {processor.py:766} INFO - DAG(s) dict_keys(['example_branch_labels']) retrieved from /home/airflow/.local/lib/python3.7/site-packages/airflow/example_dags/example_branch_labels.py
[2024-07-31T12:31:05.471+0000] {logging_mixin.py:120} INFO - [2024-07-31T12:31:05.471+0000] {dag.py:2585} INFO - Sync 1 DAGs
[2024-07-31T12:31:05.501+0000] {logging_mixin.py:120} INFO - [2024-07-31T12:31:05.500+0000] {dag.py:3340} INFO - Setting next_dagrun for example_branch_labels to 2024-07-30T00:00:00+00:00, run_after=2024-07-31T00:00:00+00:00
[2024-07-31T12:31:05.532+0000] {processor.py:176} INFO - Processing /home/airflow/.local/lib/python3.7/site-packages/airflow/example_dags/example_branch_labels.py took 0.145 seconds
[2024-07-31T12:31:35.630+0000] {processor.py:154} INFO - Started process (PID=2290) to work on /home/airflow/.local/lib/python3.7/site-packages/airflow/example_dags/example_branch_labels.py
[2024-07-31T12:31:35.632+0000] {processor.py:756} INFO - Processing file /home/airflow/.local/lib/python3.7/site-packages/airflow/example_dags/example_branch_labels.py for tasks to queue
[2024-07-31T12:31:35.634+0000] {logging_mixin.py:120} INFO - [2024-07-31T12:31:35.634+0000] {dagbag.py:537} INFO - Filling up the DagBag from /home/airflow/.local/lib/python3.7/site-packages/airflow/example_dags/example_branch_labels.py
[2024-07-31T12:31:35.651+0000] {processor.py:766} INFO - DAG(s) dict_keys(['example_branch_labels']) retrieved from /home/airflow/.local/lib/python3.7/site-packages/airflow/example_dags/example_branch_labels.py
[2024-07-31T12:31:35.694+0000] {logging_mixin.py:120} INFO - [2024-07-31T12:31:35.694+0000] {dag.py:2585} INFO - Sync 1 DAGs
[2024-07-31T12:31:35.728+0000] {logging_mixin.py:120} INFO - [2024-07-31T12:31:35.728+0000] {dag.py:3340} INFO - Setting next_dagrun for example_branch_labels to 2024-07-30T00:00:00+00:00, run_after=2024-07-31T00:00:00+00:00
[2024-07-31T12:31:35.755+0000] {processor.py:176} INFO - Processing /home/airflow/.local/lib/python3.7/site-packages/airflow/example_dags/example_branch_labels.py took 0.129 seconds
[2024-07-31T12:32:06.592+0000] {processor.py:154} INFO - Started process (PID=2344) to work on /home/airflow/.local/lib/python3.7/site-packages/airflow/example_dags/example_branch_labels.py
[2024-07-31T12:32:06.594+0000] {processor.py:756} INFO - Processing file /home/airflow/.local/lib/python3.7/site-packages/airflow/example_dags/example_branch_labels.py for tasks to queue
[2024-07-31T12:32:06.596+0000] {logging_mixin.py:120} INFO - [2024-07-31T12:32:06.595+0000] {dagbag.py:537} INFO - Filling up the DagBag from /home/airflow/.local/lib/python3.7/site-packages/airflow/example_dags/example_branch_labels.py
[2024-07-31T12:32:06.626+0000] {processor.py:766} INFO - DAG(s) dict_keys(['example_branch_labels']) retrieved from /home/airflow/.local/lib/python3.7/site-packages/airflow/example_dags/example_branch_labels.py
[2024-07-31T12:32:06.693+0000] {logging_mixin.py:120} INFO - [2024-07-31T12:32:06.693+0000] {dag.py:2585} INFO - Sync 1 DAGs
[2024-07-31T12:32:06.727+0000] {logging_mixin.py:120} INFO - [2024-07-31T12:32:06.727+0000] {dag.py:3340} INFO - Setting next_dagrun for example_branch_labels to 2024-07-30T00:00:00+00:00, run_after=2024-07-31T00:00:00+00:00
[2024-07-31T12:32:06.757+0000] {processor.py:176} INFO - Processing /home/airflow/.local/lib/python3.7/site-packages/airflow/example_dags/example_branch_labels.py took 0.169 seconds
[2024-07-31T12:32:38.701+0000] {processor.py:154} INFO - Started process (PID=2407) to work on /home/airflow/.local/lib/python3.7/site-packages/airflow/example_dags/example_branch_labels.py
[2024-07-31T12:32:38.705+0000] {processor.py:756} INFO - Processing file /home/airflow/.local/lib/python3.7/site-packages/airflow/example_dags/example_branch_labels.py for tasks to queue
[2024-07-31T12:32:38.710+0000] {logging_mixin.py:120} INFO - [2024-07-31T12:32:38.710+0000] {dagbag.py:537} INFO - Filling up the DagBag from /home/airflow/.local/lib/python3.7/site-packages/airflow/example_dags/example_branch_labels.py
[2024-07-31T12:32:38.737+0000] {processor.py:766} INFO - DAG(s) dict_keys(['example_branch_labels']) retrieved from /home/airflow/.local/lib/python3.7/site-packages/airflow/example_dags/example_branch_labels.py
[2024-07-31T12:32:38.857+0000] {logging_mixin.py:120} INFO - [2024-07-31T12:32:38.857+0000] {dag.py:2585} INFO - Sync 1 DAGs
[2024-07-31T12:32:38.954+0000] {logging_mixin.py:120} INFO - [2024-07-31T12:32:38.954+0000] {dag.py:3340} INFO - Setting next_dagrun for example_branch_labels to 2024-07-30T00:00:00+00:00, run_after=2024-07-31T00:00:00+00:00
[2024-07-31T12:32:39.001+0000] {processor.py:176} INFO - Processing /home/airflow/.local/lib/python3.7/site-packages/airflow/example_dags/example_branch_labels.py took 0.304 seconds
[2024-07-31T12:33:09.882+0000] {processor.py:154} INFO - Started process (PID=2470) to work on /home/airflow/.local/lib/python3.7/site-packages/airflow/example_dags/example_branch_labels.py
[2024-07-31T12:33:09.887+0000] {processor.py:756} INFO - Processing file /home/airflow/.local/lib/python3.7/site-packages/airflow/example_dags/example_branch_labels.py for tasks to queue
[2024-07-31T12:33:09.892+0000] {logging_mixin.py:120} INFO - [2024-07-31T12:33:09.891+0000] {dagbag.py:537} INFO - Filling up the DagBag from /home/airflow/.local/lib/python3.7/site-packages/airflow/example_dags/example_branch_labels.py
[2024-07-31T12:33:09.937+0000] {processor.py:766} INFO - DAG(s) dict_keys(['example_branch_labels']) retrieved from /home/airflow/.local/lib/python3.7/site-packages/airflow/example_dags/example_branch_labels.py
[2024-07-31T12:33:10.023+0000] {logging_mixin.py:120} INFO - [2024-07-31T12:33:10.022+0000] {dag.py:2585} INFO - Sync 1 DAGs
[2024-07-31T12:33:10.065+0000] {logging_mixin.py:120} INFO - [2024-07-31T12:33:10.065+0000] {dag.py:3340} INFO - Setting next_dagrun for example_branch_labels to 2024-07-30T00:00:00+00:00, run_after=2024-07-31T00:00:00+00:00
[2024-07-31T12:33:10.107+0000] {processor.py:176} INFO - Processing /home/airflow/.local/lib/python3.7/site-packages/airflow/example_dags/example_branch_labels.py took 0.229 seconds
[2024-07-31T12:33:43.588+0000] {processor.py:154} INFO - Started process (PID=2524) to work on /home/airflow/.local/lib/python3.7/site-packages/airflow/example_dags/example_branch_labels.py
[2024-07-31T12:33:43.625+0000] {processor.py:756} INFO - Processing file /home/airflow/.local/lib/python3.7/site-packages/airflow/example_dags/example_branch_labels.py for tasks to queue
[2024-07-31T12:33:43.636+0000] {logging_mixin.py:120} INFO - [2024-07-31T12:33:43.635+0000] {dagbag.py:537} INFO - Filling up the DagBag from /home/airflow/.local/lib/python3.7/site-packages/airflow/example_dags/example_branch_labels.py
[2024-07-31T12:33:43.664+0000] {processor.py:766} INFO - DAG(s) dict_keys(['example_branch_labels']) retrieved from /home/airflow/.local/lib/python3.7/site-packages/airflow/example_dags/example_branch_labels.py
[2024-07-31T12:33:43.754+0000] {logging_mixin.py:120} INFO - [2024-07-31T12:33:43.754+0000] {dag.py:2585} INFO - Sync 1 DAGs
[2024-07-31T12:33:43.938+0000] {logging_mixin.py:120} INFO - [2024-07-31T12:33:43.938+0000] {dag.py:3340} INFO - Setting next_dagrun for example_branch_labels to 2024-07-30T00:00:00+00:00, run_after=2024-07-31T00:00:00+00:00
[2024-07-31T12:33:44.099+0000] {processor.py:176} INFO - Processing /home/airflow/.local/lib/python3.7/site-packages/airflow/example_dags/example_branch_labels.py took 0.516 seconds
[2024-07-31T12:34:14.712+0000] {processor.py:154} INFO - Started process (PID=2588) to work on /home/airflow/.local/lib/python3.7/site-packages/airflow/example_dags/example_branch_labels.py
[2024-07-31T12:34:14.714+0000] {processor.py:756} INFO - Processing file /home/airflow/.local/lib/python3.7/site-packages/airflow/example_dags/example_branch_labels.py for tasks to queue
[2024-07-31T12:34:14.716+0000] {logging_mixin.py:120} INFO - [2024-07-31T12:34:14.715+0000] {dagbag.py:537} INFO - Filling up the DagBag from /home/airflow/.local/lib/python3.7/site-packages/airflow/example_dags/example_branch_labels.py
[2024-07-31T12:34:14.739+0000] {processor.py:766} INFO - DAG(s) dict_keys(['example_branch_labels']) retrieved from /home/airflow/.local/lib/python3.7/site-packages/airflow/example_dags/example_branch_labels.py
[2024-07-31T12:34:14.796+0000] {logging_mixin.py:120} INFO - [2024-07-31T12:34:14.795+0000] {dag.py:2585} INFO - Sync 1 DAGs
[2024-07-31T12:34:14.833+0000] {logging_mixin.py:120} INFO - [2024-07-31T12:34:14.833+0000] {dag.py:3340} INFO - Setting next_dagrun for example_branch_labels to 2024-07-30T00:00:00+00:00, run_after=2024-07-31T00:00:00+00:00
[2024-07-31T12:34:14.869+0000] {processor.py:176} INFO - Processing /home/airflow/.local/lib/python3.7/site-packages/airflow/example_dags/example_branch_labels.py took 0.162 seconds
[2024-07-31T12:34:45.272+0000] {processor.py:154} INFO - Started process (PID=2648) to work on /home/airflow/.local/lib/python3.7/site-packages/airflow/example_dags/example_branch_labels.py
[2024-07-31T12:34:45.278+0000] {processor.py:756} INFO - Processing file /home/airflow/.local/lib/python3.7/site-packages/airflow/example_dags/example_branch_labels.py for tasks to queue
[2024-07-31T12:34:45.284+0000] {logging_mixin.py:120} INFO - [2024-07-31T12:34:45.284+0000] {dagbag.py:537} INFO - Filling up the DagBag from /home/airflow/.local/lib/python3.7/site-packages/airflow/example_dags/example_branch_labels.py
[2024-07-31T12:34:45.303+0000] {processor.py:766} INFO - DAG(s) dict_keys(['example_branch_labels']) retrieved from /home/airflow/.local/lib/python3.7/site-packages/airflow/example_dags/example_branch_labels.py
[2024-07-31T12:34:45.375+0000] {logging_mixin.py:120} INFO - [2024-07-31T12:34:45.374+0000] {dag.py:2585} INFO - Sync 1 DAGs
[2024-07-31T12:34:45.409+0000] {logging_mixin.py:120} INFO - [2024-07-31T12:34:45.409+0000] {dag.py:3340} INFO - Setting next_dagrun for example_branch_labels to 2024-07-30T00:00:00+00:00, run_after=2024-07-31T00:00:00+00:00
[2024-07-31T12:34:45.449+0000] {processor.py:176} INFO - Processing /home/airflow/.local/lib/python3.7/site-packages/airflow/example_dags/example_branch_labels.py took 0.182 seconds
[2024-07-31T12:35:16.701+0000] {processor.py:154} INFO - Started process (PID=2704) to work on /home/airflow/.local/lib/python3.7/site-packages/airflow/example_dags/example_branch_labels.py
[2024-07-31T12:35:16.741+0000] {processor.py:756} INFO - Processing file /home/airflow/.local/lib/python3.7/site-packages/airflow/example_dags/example_branch_labels.py for tasks to queue
[2024-07-31T12:35:16.748+0000] {logging_mixin.py:120} INFO - [2024-07-31T12:35:16.747+0000] {dagbag.py:537} INFO - Filling up the DagBag from /home/airflow/.local/lib/python3.7/site-packages/airflow/example_dags/example_branch_labels.py
[2024-07-31T12:35:16.775+0000] {processor.py:766} INFO - DAG(s) dict_keys(['example_branch_labels']) retrieved from /home/airflow/.local/lib/python3.7/site-packages/airflow/example_dags/example_branch_labels.py
[2024-07-31T12:35:16.870+0000] {logging_mixin.py:120} INFO - [2024-07-31T12:35:16.870+0000] {dag.py:2585} INFO - Sync 1 DAGs
[2024-07-31T12:35:16.988+0000] {logging_mixin.py:120} INFO - [2024-07-31T12:35:16.988+0000] {dag.py:3340} INFO - Setting next_dagrun for example_branch_labels to 2024-07-30T00:00:00+00:00, run_after=2024-07-31T00:00:00+00:00
[2024-07-31T12:35:17.051+0000] {processor.py:176} INFO - Processing /home/airflow/.local/lib/python3.7/site-packages/airflow/example_dags/example_branch_labels.py took 0.354 seconds
[2024-07-31T12:35:47.756+0000] {processor.py:154} INFO - Started process (PID=2767) to work on /home/airflow/.local/lib/python3.7/site-packages/airflow/example_dags/example_branch_labels.py
[2024-07-31T12:35:47.770+0000] {processor.py:756} INFO - Processing file /home/airflow/.local/lib/python3.7/site-packages/airflow/example_dags/example_branch_labels.py for tasks to queue
[2024-07-31T12:35:47.784+0000] {logging_mixin.py:120} INFO - [2024-07-31T12:35:47.783+0000] {dagbag.py:537} INFO - Filling up the DagBag from /home/airflow/.local/lib/python3.7/site-packages/airflow/example_dags/example_branch_labels.py
[2024-07-31T12:35:47.827+0000] {processor.py:766} INFO - DAG(s) dict_keys(['example_branch_labels']) retrieved from /home/airflow/.local/lib/python3.7/site-packages/airflow/example_dags/example_branch_labels.py
[2024-07-31T12:35:48.009+0000] {logging_mixin.py:120} INFO - [2024-07-31T12:35:48.009+0000] {dag.py:2585} INFO - Sync 1 DAGs
[2024-07-31T12:35:48.136+0000] {logging_mixin.py:120} INFO - [2024-07-31T12:35:48.135+0000] {dag.py:3340} INFO - Setting next_dagrun for example_branch_labels to 2024-07-30T00:00:00+00:00, run_after=2024-07-31T00:00:00+00:00
[2024-07-31T12:35:48.279+0000] {processor.py:176} INFO - Processing /home/airflow/.local/lib/python3.7/site-packages/airflow/example_dags/example_branch_labels.py took 0.528 seconds
[2024-07-31T12:36:19.232+0000] {processor.py:154} INFO - Started process (PID=2822) to work on /home/airflow/.local/lib/python3.7/site-packages/airflow/example_dags/example_branch_labels.py
[2024-07-31T12:36:19.233+0000] {processor.py:756} INFO - Processing file /home/airflow/.local/lib/python3.7/site-packages/airflow/example_dags/example_branch_labels.py for tasks to queue
[2024-07-31T12:36:19.235+0000] {logging_mixin.py:120} INFO - [2024-07-31T12:36:19.235+0000] {dagbag.py:537} INFO - Filling up the DagBag from /home/airflow/.local/lib/python3.7/site-packages/airflow/example_dags/example_branch_labels.py
[2024-07-31T12:36:19.261+0000] {processor.py:766} INFO - DAG(s) dict_keys(['example_branch_labels']) retrieved from /home/airflow/.local/lib/python3.7/site-packages/airflow/example_dags/example_branch_labels.py
[2024-07-31T12:36:19.307+0000] {logging_mixin.py:120} INFO - [2024-07-31T12:36:19.307+0000] {dag.py:2585} INFO - Sync 1 DAGs
[2024-07-31T12:36:19.339+0000] {logging_mixin.py:120} INFO - [2024-07-31T12:36:19.339+0000] {dag.py:3340} INFO - Setting next_dagrun for example_branch_labels to 2024-07-30T00:00:00+00:00, run_after=2024-07-31T00:00:00+00:00
[2024-07-31T12:36:19.361+0000] {processor.py:176} INFO - Processing /home/airflow/.local/lib/python3.7/site-packages/airflow/example_dags/example_branch_labels.py took 0.133 seconds
