[2024-07-31T12:12:19.854+0000] {processor.py:154} INFO - Started process (PID=59) to work on /home/airflow/.local/lib/python3.7/site-packages/airflow/example_dags/example_branch_python_dop_operator_3.py
[2024-07-31T12:12:19.857+0000] {processor.py:756} INFO - Processing file /home/airflow/.local/lib/python3.7/site-packages/airflow/example_dags/example_branch_python_dop_operator_3.py for tasks to queue
[2024-07-31T12:12:19.859+0000] {logging_mixin.py:120} INFO - [2024-07-31T12:12:19.859+0000] {dagbag.py:537} INFO - Filling up the DagBag from /home/airflow/.local/lib/python3.7/site-packages/airflow/example_dags/example_branch_python_dop_operator_3.py
[2024-07-31T12:12:19.907+0000] {processor.py:766} INFO - DAG(s) dict_keys(['example_branch_dop_operator_v3']) retrieved from /home/airflow/.local/lib/python3.7/site-packages/airflow/example_dags/example_branch_python_dop_operator_3.py
[2024-07-31T12:12:20.134+0000] {logging_mixin.py:120} INFO - [2024-07-31T12:12:20.133+0000] {manager.py:507} INFO - Created Permission View: can read on DAG:example_branch_dop_operator_v3
[2024-07-31T12:12:20.155+0000] {logging_mixin.py:120} INFO - [2024-07-31T12:12:20.155+0000] {manager.py:507} INFO - Created Permission View: can delete on DAG:example_branch_dop_operator_v3
[2024-07-31T12:12:20.174+0000] {logging_mixin.py:120} INFO - [2024-07-31T12:12:20.173+0000] {manager.py:507} INFO - Created Permission View: can edit on DAG:example_branch_dop_operator_v3
[2024-07-31T12:12:20.175+0000] {logging_mixin.py:120} INFO - [2024-07-31T12:12:20.174+0000] {dag.py:2585} INFO - Sync 1 DAGs
[2024-07-31T12:12:20.197+0000] {logging_mixin.py:120} INFO - [2024-07-31T12:12:20.197+0000] {dag.py:2606} INFO - Creating ORM DAG for example_branch_dop_operator_v3
[2024-07-31T12:12:20.225+0000] {logging_mixin.py:120} INFO - [2024-07-31T12:12:20.224+0000] {dag.py:3340} INFO - Setting next_dagrun for example_branch_dop_operator_v3 to 2024-07-31T12:11:00+00:00, run_after=2024-07-31T12:12:00+00:00
[2024-07-31T12:12:20.264+0000] {processor.py:176} INFO - Processing /home/airflow/.local/lib/python3.7/site-packages/airflow/example_dags/example_branch_python_dop_operator_3.py took 0.419 seconds
[2024-07-31T12:12:50.631+0000] {processor.py:154} INFO - Started process (PID=122) to work on /home/airflow/.local/lib/python3.7/site-packages/airflow/example_dags/example_branch_python_dop_operator_3.py
[2024-07-31T12:12:50.633+0000] {processor.py:756} INFO - Processing file /home/airflow/.local/lib/python3.7/site-packages/airflow/example_dags/example_branch_python_dop_operator_3.py for tasks to queue
[2024-07-31T12:12:50.641+0000] {logging_mixin.py:120} INFO - [2024-07-31T12:12:50.641+0000] {dagbag.py:537} INFO - Filling up the DagBag from /home/airflow/.local/lib/python3.7/site-packages/airflow/example_dags/example_branch_python_dop_operator_3.py
[2024-07-31T12:12:50.672+0000] {processor.py:766} INFO - DAG(s) dict_keys(['example_branch_dop_operator_v3']) retrieved from /home/airflow/.local/lib/python3.7/site-packages/airflow/example_dags/example_branch_python_dop_operator_3.py
[2024-07-31T12:12:50.725+0000] {logging_mixin.py:120} INFO - [2024-07-31T12:12:50.725+0000] {dag.py:2585} INFO - Sync 1 DAGs
[2024-07-31T12:12:50.768+0000] {logging_mixin.py:120} INFO - [2024-07-31T12:12:50.768+0000] {dag.py:3340} INFO - Setting next_dagrun for example_branch_dop_operator_v3 to 2024-07-31T12:11:00+00:00, run_after=2024-07-31T12:12:00+00:00
[2024-07-31T12:12:50.807+0000] {processor.py:176} INFO - Processing /home/airflow/.local/lib/python3.7/site-packages/airflow/example_dags/example_branch_python_dop_operator_3.py took 0.179 seconds
[2024-07-31T12:13:21.209+0000] {processor.py:154} INFO - Started process (PID=177) to work on /home/airflow/.local/lib/python3.7/site-packages/airflow/example_dags/example_branch_python_dop_operator_3.py
[2024-07-31T12:13:21.210+0000] {processor.py:756} INFO - Processing file /home/airflow/.local/lib/python3.7/site-packages/airflow/example_dags/example_branch_python_dop_operator_3.py for tasks to queue
[2024-07-31T12:13:21.211+0000] {logging_mixin.py:120} INFO - [2024-07-31T12:13:21.211+0000] {dagbag.py:537} INFO - Filling up the DagBag from /home/airflow/.local/lib/python3.7/site-packages/airflow/example_dags/example_branch_python_dop_operator_3.py
[2024-07-31T12:13:21.255+0000] {processor.py:766} INFO - DAG(s) dict_keys(['example_branch_dop_operator_v3']) retrieved from /home/airflow/.local/lib/python3.7/site-packages/airflow/example_dags/example_branch_python_dop_operator_3.py
[2024-07-31T12:13:21.434+0000] {logging_mixin.py:120} INFO - [2024-07-31T12:13:21.434+0000] {dag.py:2585} INFO - Sync 1 DAGs
[2024-07-31T12:13:21.579+0000] {logging_mixin.py:120} INFO - [2024-07-31T12:13:21.579+0000] {dag.py:3340} INFO - Setting next_dagrun for example_branch_dop_operator_v3 to 2024-07-31T12:12:00+00:00, run_after=2024-07-31T12:13:00+00:00
[2024-07-31T12:13:21.713+0000] {processor.py:176} INFO - Processing /home/airflow/.local/lib/python3.7/site-packages/airflow/example_dags/example_branch_python_dop_operator_3.py took 0.508 seconds
[2024-07-31T12:13:52.113+0000] {processor.py:154} INFO - Started process (PID=240) to work on /home/airflow/.local/lib/python3.7/site-packages/airflow/example_dags/example_branch_python_dop_operator_3.py
[2024-07-31T12:13:52.116+0000] {processor.py:756} INFO - Processing file /home/airflow/.local/lib/python3.7/site-packages/airflow/example_dags/example_branch_python_dop_operator_3.py for tasks to queue
[2024-07-31T12:13:52.156+0000] {logging_mixin.py:120} INFO - [2024-07-31T12:13:52.156+0000] {dagbag.py:537} INFO - Filling up the DagBag from /home/airflow/.local/lib/python3.7/site-packages/airflow/example_dags/example_branch_python_dop_operator_3.py
[2024-07-31T12:13:52.223+0000] {processor.py:766} INFO - DAG(s) dict_keys(['example_branch_dop_operator_v3']) retrieved from /home/airflow/.local/lib/python3.7/site-packages/airflow/example_dags/example_branch_python_dop_operator_3.py
[2024-07-31T12:13:52.267+0000] {logging_mixin.py:120} INFO - [2024-07-31T12:13:52.266+0000] {dag.py:2585} INFO - Sync 1 DAGs
[2024-07-31T12:13:52.313+0000] {logging_mixin.py:120} INFO - [2024-07-31T12:13:52.312+0000] {dag.py:3340} INFO - Setting next_dagrun for example_branch_dop_operator_v3 to 2024-07-31T12:12:00+00:00, run_after=2024-07-31T12:13:00+00:00
[2024-07-31T12:13:52.343+0000] {processor.py:176} INFO - Processing /home/airflow/.local/lib/python3.7/site-packages/airflow/example_dags/example_branch_python_dop_operator_3.py took 0.234 seconds
[2024-07-31T12:14:22.492+0000] {processor.py:154} INFO - Started process (PID=295) to work on /home/airflow/.local/lib/python3.7/site-packages/airflow/example_dags/example_branch_python_dop_operator_3.py
[2024-07-31T12:14:22.493+0000] {processor.py:756} INFO - Processing file /home/airflow/.local/lib/python3.7/site-packages/airflow/example_dags/example_branch_python_dop_operator_3.py for tasks to queue
[2024-07-31T12:14:22.494+0000] {logging_mixin.py:120} INFO - [2024-07-31T12:14:22.494+0000] {dagbag.py:537} INFO - Filling up the DagBag from /home/airflow/.local/lib/python3.7/site-packages/airflow/example_dags/example_branch_python_dop_operator_3.py
[2024-07-31T12:14:22.537+0000] {processor.py:766} INFO - DAG(s) dict_keys(['example_branch_dop_operator_v3']) retrieved from /home/airflow/.local/lib/python3.7/site-packages/airflow/example_dags/example_branch_python_dop_operator_3.py
[2024-07-31T12:14:22.601+0000] {logging_mixin.py:120} INFO - [2024-07-31T12:14:22.601+0000] {dag.py:2585} INFO - Sync 1 DAGs
[2024-07-31T12:14:22.640+0000] {logging_mixin.py:120} INFO - [2024-07-31T12:14:22.640+0000] {dag.py:3340} INFO - Setting next_dagrun for example_branch_dop_operator_v3 to 2024-07-31T12:13:00+00:00, run_after=2024-07-31T12:14:00+00:00
[2024-07-31T12:14:22.701+0000] {processor.py:176} INFO - Processing /home/airflow/.local/lib/python3.7/site-packages/airflow/example_dags/example_branch_python_dop_operator_3.py took 0.213 seconds
[2024-07-31T12:14:53.339+0000] {processor.py:154} INFO - Started process (PID=360) to work on /home/airflow/.local/lib/python3.7/site-packages/airflow/example_dags/example_branch_python_dop_operator_3.py
[2024-07-31T12:14:53.389+0000] {processor.py:756} INFO - Processing file /home/airflow/.local/lib/python3.7/site-packages/airflow/example_dags/example_branch_python_dop_operator_3.py for tasks to queue
[2024-07-31T12:14:53.458+0000] {logging_mixin.py:120} INFO - [2024-07-31T12:14:53.458+0000] {dagbag.py:537} INFO - Filling up the DagBag from /home/airflow/.local/lib/python3.7/site-packages/airflow/example_dags/example_branch_python_dop_operator_3.py
[2024-07-31T12:14:53.507+0000] {processor.py:766} INFO - DAG(s) dict_keys(['example_branch_dop_operator_v3']) retrieved from /home/airflow/.local/lib/python3.7/site-packages/airflow/example_dags/example_branch_python_dop_operator_3.py
[2024-07-31T12:14:53.633+0000] {logging_mixin.py:120} INFO - [2024-07-31T12:14:53.633+0000] {dag.py:2585} INFO - Sync 1 DAGs
[2024-07-31T12:14:53.677+0000] {logging_mixin.py:120} INFO - [2024-07-31T12:14:53.677+0000] {dag.py:3340} INFO - Setting next_dagrun for example_branch_dop_operator_v3 to 2024-07-31T12:13:00+00:00, run_after=2024-07-31T12:14:00+00:00
[2024-07-31T12:14:53.745+0000] {processor.py:176} INFO - Processing /home/airflow/.local/lib/python3.7/site-packages/airflow/example_dags/example_branch_python_dop_operator_3.py took 0.409 seconds
[2024-07-31T12:15:25.487+0000] {processor.py:154} INFO - Started process (PID=423) to work on /home/airflow/.local/lib/python3.7/site-packages/airflow/example_dags/example_branch_python_dop_operator_3.py
[2024-07-31T12:15:25.488+0000] {processor.py:756} INFO - Processing file /home/airflow/.local/lib/python3.7/site-packages/airflow/example_dags/example_branch_python_dop_operator_3.py for tasks to queue
[2024-07-31T12:15:25.490+0000] {logging_mixin.py:120} INFO - [2024-07-31T12:15:25.489+0000] {dagbag.py:537} INFO - Filling up the DagBag from /home/airflow/.local/lib/python3.7/site-packages/airflow/example_dags/example_branch_python_dop_operator_3.py
[2024-07-31T12:15:25.514+0000] {processor.py:766} INFO - DAG(s) dict_keys(['example_branch_dop_operator_v3']) retrieved from /home/airflow/.local/lib/python3.7/site-packages/airflow/example_dags/example_branch_python_dop_operator_3.py
[2024-07-31T12:15:25.591+0000] {logging_mixin.py:120} INFO - [2024-07-31T12:15:25.591+0000] {dag.py:2585} INFO - Sync 1 DAGs
[2024-07-31T12:15:25.650+0000] {logging_mixin.py:120} INFO - [2024-07-31T12:15:25.649+0000] {dag.py:3340} INFO - Setting next_dagrun for example_branch_dop_operator_v3 to 2024-07-31T12:14:00+00:00, run_after=2024-07-31T12:15:00+00:00
[2024-07-31T12:15:25.689+0000] {processor.py:176} INFO - Processing /home/airflow/.local/lib/python3.7/site-packages/airflow/example_dags/example_branch_python_dop_operator_3.py took 0.205 seconds
[2024-07-31T12:15:56.254+0000] {processor.py:154} INFO - Started process (PID=477) to work on /home/airflow/.local/lib/python3.7/site-packages/airflow/example_dags/example_branch_python_dop_operator_3.py
[2024-07-31T12:15:56.258+0000] {processor.py:756} INFO - Processing file /home/airflow/.local/lib/python3.7/site-packages/airflow/example_dags/example_branch_python_dop_operator_3.py for tasks to queue
[2024-07-31T12:15:56.259+0000] {logging_mixin.py:120} INFO - [2024-07-31T12:15:56.259+0000] {dagbag.py:537} INFO - Filling up the DagBag from /home/airflow/.local/lib/python3.7/site-packages/airflow/example_dags/example_branch_python_dop_operator_3.py
[2024-07-31T12:15:56.289+0000] {processor.py:766} INFO - DAG(s) dict_keys(['example_branch_dop_operator_v3']) retrieved from /home/airflow/.local/lib/python3.7/site-packages/airflow/example_dags/example_branch_python_dop_operator_3.py
[2024-07-31T12:15:56.346+0000] {logging_mixin.py:120} INFO - [2024-07-31T12:15:56.345+0000] {dag.py:2585} INFO - Sync 1 DAGs
[2024-07-31T12:15:56.389+0000] {logging_mixin.py:120} INFO - [2024-07-31T12:15:56.389+0000] {dag.py:3340} INFO - Setting next_dagrun for example_branch_dop_operator_v3 to 2024-07-31T12:14:00+00:00, run_after=2024-07-31T12:15:00+00:00
[2024-07-31T12:15:56.419+0000] {processor.py:176} INFO - Processing /home/airflow/.local/lib/python3.7/site-packages/airflow/example_dags/example_branch_python_dop_operator_3.py took 0.169 seconds
[2024-07-31T12:16:26.710+0000] {processor.py:154} INFO - Started process (PID=540) to work on /home/airflow/.local/lib/python3.7/site-packages/airflow/example_dags/example_branch_python_dop_operator_3.py
[2024-07-31T12:16:26.712+0000] {processor.py:756} INFO - Processing file /home/airflow/.local/lib/python3.7/site-packages/airflow/example_dags/example_branch_python_dop_operator_3.py for tasks to queue
[2024-07-31T12:16:26.714+0000] {logging_mixin.py:120} INFO - [2024-07-31T12:16:26.713+0000] {dagbag.py:537} INFO - Filling up the DagBag from /home/airflow/.local/lib/python3.7/site-packages/airflow/example_dags/example_branch_python_dop_operator_3.py
[2024-07-31T12:16:26.742+0000] {processor.py:766} INFO - DAG(s) dict_keys(['example_branch_dop_operator_v3']) retrieved from /home/airflow/.local/lib/python3.7/site-packages/airflow/example_dags/example_branch_python_dop_operator_3.py
[2024-07-31T12:16:26.803+0000] {logging_mixin.py:120} INFO - [2024-07-31T12:16:26.803+0000] {dag.py:2585} INFO - Sync 1 DAGs
[2024-07-31T12:16:26.838+0000] {logging_mixin.py:120} INFO - [2024-07-31T12:16:26.838+0000] {dag.py:3340} INFO - Setting next_dagrun for example_branch_dop_operator_v3 to 2024-07-31T12:15:00+00:00, run_after=2024-07-31T12:16:00+00:00
[2024-07-31T12:16:26.869+0000] {processor.py:176} INFO - Processing /home/airflow/.local/lib/python3.7/site-packages/airflow/example_dags/example_branch_python_dop_operator_3.py took 0.163 seconds
[2024-07-31T12:16:58.184+0000] {processor.py:154} INFO - Started process (PID=603) to work on /home/airflow/.local/lib/python3.7/site-packages/airflow/example_dags/example_branch_python_dop_operator_3.py
[2024-07-31T12:16:58.186+0000] {processor.py:756} INFO - Processing file /home/airflow/.local/lib/python3.7/site-packages/airflow/example_dags/example_branch_python_dop_operator_3.py for tasks to queue
[2024-07-31T12:16:58.190+0000] {logging_mixin.py:120} INFO - [2024-07-31T12:16:58.189+0000] {dagbag.py:537} INFO - Filling up the DagBag from /home/airflow/.local/lib/python3.7/site-packages/airflow/example_dags/example_branch_python_dop_operator_3.py
[2024-07-31T12:16:58.264+0000] {processor.py:766} INFO - DAG(s) dict_keys(['example_branch_dop_operator_v3']) retrieved from /home/airflow/.local/lib/python3.7/site-packages/airflow/example_dags/example_branch_python_dop_operator_3.py
[2024-07-31T12:16:58.345+0000] {logging_mixin.py:120} INFO - [2024-07-31T12:16:58.345+0000] {dag.py:2585} INFO - Sync 1 DAGs
[2024-07-31T12:16:58.397+0000] {logging_mixin.py:120} INFO - [2024-07-31T12:16:58.397+0000] {dag.py:3340} INFO - Setting next_dagrun for example_branch_dop_operator_v3 to 2024-07-31T12:15:00+00:00, run_after=2024-07-31T12:16:00+00:00
[2024-07-31T12:16:58.441+0000] {processor.py:176} INFO - Processing /home/airflow/.local/lib/python3.7/site-packages/airflow/example_dags/example_branch_python_dop_operator_3.py took 0.269 seconds
[2024-07-31T12:17:28.938+0000] {processor.py:154} INFO - Started process (PID=656) to work on /home/airflow/.local/lib/python3.7/site-packages/airflow/example_dags/example_branch_python_dop_operator_3.py
[2024-07-31T12:17:28.939+0000] {processor.py:756} INFO - Processing file /home/airflow/.local/lib/python3.7/site-packages/airflow/example_dags/example_branch_python_dop_operator_3.py for tasks to queue
[2024-07-31T12:17:28.940+0000] {logging_mixin.py:120} INFO - [2024-07-31T12:17:28.940+0000] {dagbag.py:537} INFO - Filling up the DagBag from /home/airflow/.local/lib/python3.7/site-packages/airflow/example_dags/example_branch_python_dop_operator_3.py
[2024-07-31T12:17:28.967+0000] {processor.py:766} INFO - DAG(s) dict_keys(['example_branch_dop_operator_v3']) retrieved from /home/airflow/.local/lib/python3.7/site-packages/airflow/example_dags/example_branch_python_dop_operator_3.py
[2024-07-31T12:17:29.014+0000] {logging_mixin.py:120} INFO - [2024-07-31T12:17:29.014+0000] {dag.py:2585} INFO - Sync 1 DAGs
[2024-07-31T12:17:29.048+0000] {logging_mixin.py:120} INFO - [2024-07-31T12:17:29.048+0000] {dag.py:3340} INFO - Setting next_dagrun for example_branch_dop_operator_v3 to 2024-07-31T12:16:00+00:00, run_after=2024-07-31T12:17:00+00:00
[2024-07-31T12:17:29.173+0000] {processor.py:176} INFO - Processing /home/airflow/.local/lib/python3.7/site-packages/airflow/example_dags/example_branch_python_dop_operator_3.py took 0.242 seconds
[2024-07-31T12:17:59.443+0000] {processor.py:154} INFO - Started process (PID=719) to work on /home/airflow/.local/lib/python3.7/site-packages/airflow/example_dags/example_branch_python_dop_operator_3.py
[2024-07-31T12:17:59.445+0000] {processor.py:756} INFO - Processing file /home/airflow/.local/lib/python3.7/site-packages/airflow/example_dags/example_branch_python_dop_operator_3.py for tasks to queue
[2024-07-31T12:17:59.446+0000] {logging_mixin.py:120} INFO - [2024-07-31T12:17:59.446+0000] {dagbag.py:537} INFO - Filling up the DagBag from /home/airflow/.local/lib/python3.7/site-packages/airflow/example_dags/example_branch_python_dop_operator_3.py
[2024-07-31T12:17:59.489+0000] {processor.py:766} INFO - DAG(s) dict_keys(['example_branch_dop_operator_v3']) retrieved from /home/airflow/.local/lib/python3.7/site-packages/airflow/example_dags/example_branch_python_dop_operator_3.py
[2024-07-31T12:17:59.557+0000] {logging_mixin.py:120} INFO - [2024-07-31T12:17:59.556+0000] {dag.py:2585} INFO - Sync 1 DAGs
[2024-07-31T12:17:59.611+0000] {logging_mixin.py:120} INFO - [2024-07-31T12:17:59.611+0000] {dag.py:3340} INFO - Setting next_dagrun for example_branch_dop_operator_v3 to 2024-07-31T12:16:00+00:00, run_after=2024-07-31T12:17:00+00:00
[2024-07-31T12:17:59.647+0000] {processor.py:176} INFO - Processing /home/airflow/.local/lib/python3.7/site-packages/airflow/example_dags/example_branch_python_dop_operator_3.py took 0.209 seconds
[2024-07-31T12:18:31.043+0000] {processor.py:154} INFO - Started process (PID=772) to work on /home/airflow/.local/lib/python3.7/site-packages/airflow/example_dags/example_branch_python_dop_operator_3.py
[2024-07-31T12:18:31.189+0000] {processor.py:756} INFO - Processing file /home/airflow/.local/lib/python3.7/site-packages/airflow/example_dags/example_branch_python_dop_operator_3.py for tasks to queue
[2024-07-31T12:18:31.276+0000] {logging_mixin.py:120} INFO - [2024-07-31T12:18:31.276+0000] {dagbag.py:537} INFO - Filling up the DagBag from /home/airflow/.local/lib/python3.7/site-packages/airflow/example_dags/example_branch_python_dop_operator_3.py
[2024-07-31T12:18:31.378+0000] {processor.py:766} INFO - DAG(s) dict_keys(['example_branch_dop_operator_v3']) retrieved from /home/airflow/.local/lib/python3.7/site-packages/airflow/example_dags/example_branch_python_dop_operator_3.py
[2024-07-31T12:18:31.483+0000] {logging_mixin.py:120} INFO - [2024-07-31T12:18:31.483+0000] {dag.py:2585} INFO - Sync 1 DAGs
[2024-07-31T12:18:31.616+0000] {logging_mixin.py:120} INFO - [2024-07-31T12:18:31.616+0000] {dag.py:3340} INFO - Setting next_dagrun for example_branch_dop_operator_v3 to 2024-07-31T12:17:00+00:00, run_after=2024-07-31T12:18:00+00:00
[2024-07-31T12:18:31.768+0000] {processor.py:176} INFO - Processing /home/airflow/.local/lib/python3.7/site-packages/airflow/example_dags/example_branch_python_dop_operator_3.py took 0.729 seconds
[2024-07-31T12:19:01.876+0000] {processor.py:154} INFO - Started process (PID=835) to work on /home/airflow/.local/lib/python3.7/site-packages/airflow/example_dags/example_branch_python_dop_operator_3.py
[2024-07-31T12:19:01.878+0000] {processor.py:756} INFO - Processing file /home/airflow/.local/lib/python3.7/site-packages/airflow/example_dags/example_branch_python_dop_operator_3.py for tasks to queue
[2024-07-31T12:19:01.883+0000] {logging_mixin.py:120} INFO - [2024-07-31T12:19:01.882+0000] {dagbag.py:537} INFO - Filling up the DagBag from /home/airflow/.local/lib/python3.7/site-packages/airflow/example_dags/example_branch_python_dop_operator_3.py
[2024-07-31T12:19:01.937+0000] {processor.py:766} INFO - DAG(s) dict_keys(['example_branch_dop_operator_v3']) retrieved from /home/airflow/.local/lib/python3.7/site-packages/airflow/example_dags/example_branch_python_dop_operator_3.py
[2024-07-31T12:19:01.978+0000] {logging_mixin.py:120} INFO - [2024-07-31T12:19:01.977+0000] {dag.py:2585} INFO - Sync 1 DAGs
[2024-07-31T12:19:02.075+0000] {logging_mixin.py:120} INFO - [2024-07-31T12:19:02.075+0000] {dag.py:3340} INFO - Setting next_dagrun for example_branch_dop_operator_v3 to 2024-07-31T12:18:00+00:00, run_after=2024-07-31T12:19:00+00:00
[2024-07-31T12:19:02.190+0000] {processor.py:176} INFO - Processing /home/airflow/.local/lib/python3.7/site-packages/airflow/example_dags/example_branch_python_dop_operator_3.py took 0.317 seconds
[2024-07-31T12:19:32.765+0000] {processor.py:154} INFO - Started process (PID=889) to work on /home/airflow/.local/lib/python3.7/site-packages/airflow/example_dags/example_branch_python_dop_operator_3.py
[2024-07-31T12:19:32.766+0000] {processor.py:756} INFO - Processing file /home/airflow/.local/lib/python3.7/site-packages/airflow/example_dags/example_branch_python_dop_operator_3.py for tasks to queue
[2024-07-31T12:19:32.767+0000] {logging_mixin.py:120} INFO - [2024-07-31T12:19:32.767+0000] {dagbag.py:537} INFO - Filling up the DagBag from /home/airflow/.local/lib/python3.7/site-packages/airflow/example_dags/example_branch_python_dop_operator_3.py
[2024-07-31T12:19:32.792+0000] {processor.py:766} INFO - DAG(s) dict_keys(['example_branch_dop_operator_v3']) retrieved from /home/airflow/.local/lib/python3.7/site-packages/airflow/example_dags/example_branch_python_dop_operator_3.py
[2024-07-31T12:19:32.849+0000] {logging_mixin.py:120} INFO - [2024-07-31T12:19:32.849+0000] {dag.py:2585} INFO - Sync 1 DAGs
[2024-07-31T12:19:32.881+0000] {logging_mixin.py:120} INFO - [2024-07-31T12:19:32.881+0000] {dag.py:3340} INFO - Setting next_dagrun for example_branch_dop_operator_v3 to 2024-07-31T12:18:00+00:00, run_after=2024-07-31T12:19:00+00:00
[2024-07-31T12:19:32.907+0000] {processor.py:176} INFO - Processing /home/airflow/.local/lib/python3.7/site-packages/airflow/example_dags/example_branch_python_dop_operator_3.py took 0.145 seconds
[2024-07-31T12:20:04.093+0000] {processor.py:154} INFO - Started process (PID=951) to work on /home/airflow/.local/lib/python3.7/site-packages/airflow/example_dags/example_branch_python_dop_operator_3.py
[2024-07-31T12:20:04.095+0000] {processor.py:756} INFO - Processing file /home/airflow/.local/lib/python3.7/site-packages/airflow/example_dags/example_branch_python_dop_operator_3.py for tasks to queue
[2024-07-31T12:20:04.103+0000] {logging_mixin.py:120} INFO - [2024-07-31T12:20:04.102+0000] {dagbag.py:537} INFO - Filling up the DagBag from /home/airflow/.local/lib/python3.7/site-packages/airflow/example_dags/example_branch_python_dop_operator_3.py
[2024-07-31T12:20:04.145+0000] {processor.py:766} INFO - DAG(s) dict_keys(['example_branch_dop_operator_v3']) retrieved from /home/airflow/.local/lib/python3.7/site-packages/airflow/example_dags/example_branch_python_dop_operator_3.py
[2024-07-31T12:20:04.206+0000] {logging_mixin.py:120} INFO - [2024-07-31T12:20:04.206+0000] {dag.py:2585} INFO - Sync 1 DAGs
[2024-07-31T12:20:04.251+0000] {logging_mixin.py:120} INFO - [2024-07-31T12:20:04.251+0000] {dag.py:3340} INFO - Setting next_dagrun for example_branch_dop_operator_v3 to 2024-07-31T12:19:00+00:00, run_after=2024-07-31T12:20:00+00:00
[2024-07-31T12:20:04.286+0000] {processor.py:176} INFO - Processing /home/airflow/.local/lib/python3.7/site-packages/airflow/example_dags/example_branch_python_dop_operator_3.py took 0.196 seconds
[2024-07-31T12:20:34.346+0000] {processor.py:154} INFO - Started process (PID=1014) to work on /home/airflow/.local/lib/python3.7/site-packages/airflow/example_dags/example_branch_python_dop_operator_3.py
[2024-07-31T12:20:34.355+0000] {processor.py:756} INFO - Processing file /home/airflow/.local/lib/python3.7/site-packages/airflow/example_dags/example_branch_python_dop_operator_3.py for tasks to queue
[2024-07-31T12:20:34.404+0000] {logging_mixin.py:120} INFO - [2024-07-31T12:20:34.404+0000] {dagbag.py:537} INFO - Filling up the DagBag from /home/airflow/.local/lib/python3.7/site-packages/airflow/example_dags/example_branch_python_dop_operator_3.py
[2024-07-31T12:20:34.456+0000] {processor.py:766} INFO - DAG(s) dict_keys(['example_branch_dop_operator_v3']) retrieved from /home/airflow/.local/lib/python3.7/site-packages/airflow/example_dags/example_branch_python_dop_operator_3.py
[2024-07-31T12:20:34.506+0000] {logging_mixin.py:120} INFO - [2024-07-31T12:20:34.506+0000] {dag.py:2585} INFO - Sync 1 DAGs
[2024-07-31T12:20:34.539+0000] {logging_mixin.py:120} INFO - [2024-07-31T12:20:34.539+0000] {dag.py:3340} INFO - Setting next_dagrun for example_branch_dop_operator_v3 to 2024-07-31T12:19:00+00:00, run_after=2024-07-31T12:20:00+00:00
[2024-07-31T12:20:34.572+0000] {processor.py:176} INFO - Processing /home/airflow/.local/lib/python3.7/site-packages/airflow/example_dags/example_branch_python_dop_operator_3.py took 0.230 seconds
[2024-07-31T12:21:06.490+0000] {processor.py:154} INFO - Started process (PID=1068) to work on /home/airflow/.local/lib/python3.7/site-packages/airflow/example_dags/example_branch_python_dop_operator_3.py
[2024-07-31T12:21:06.589+0000] {processor.py:756} INFO - Processing file /home/airflow/.local/lib/python3.7/site-packages/airflow/example_dags/example_branch_python_dop_operator_3.py for tasks to queue
[2024-07-31T12:21:06.698+0000] {logging_mixin.py:120} INFO - [2024-07-31T12:21:06.698+0000] {dagbag.py:537} INFO - Filling up the DagBag from /home/airflow/.local/lib/python3.7/site-packages/airflow/example_dags/example_branch_python_dop_operator_3.py
[2024-07-31T12:21:06.811+0000] {processor.py:766} INFO - DAG(s) dict_keys(['example_branch_dop_operator_v3']) retrieved from /home/airflow/.local/lib/python3.7/site-packages/airflow/example_dags/example_branch_python_dop_operator_3.py
[2024-07-31T12:21:06.873+0000] {logging_mixin.py:120} INFO - [2024-07-31T12:21:06.873+0000] {dag.py:2585} INFO - Sync 1 DAGs
[2024-07-31T12:21:07.005+0000] {logging_mixin.py:120} INFO - [2024-07-31T12:21:07.005+0000] {dag.py:3340} INFO - Setting next_dagrun for example_branch_dop_operator_v3 to 2024-07-31T12:20:00+00:00, run_after=2024-07-31T12:21:00+00:00
[2024-07-31T12:21:07.093+0000] {processor.py:176} INFO - Processing /home/airflow/.local/lib/python3.7/site-packages/airflow/example_dags/example_branch_python_dop_operator_3.py took 0.609 seconds
[2024-07-31T12:21:37.751+0000] {processor.py:154} INFO - Started process (PID=1131) to work on /home/airflow/.local/lib/python3.7/site-packages/airflow/example_dags/example_branch_python_dop_operator_3.py
[2024-07-31T12:21:37.753+0000] {processor.py:756} INFO - Processing file /home/airflow/.local/lib/python3.7/site-packages/airflow/example_dags/example_branch_python_dop_operator_3.py for tasks to queue
[2024-07-31T12:21:37.754+0000] {logging_mixin.py:120} INFO - [2024-07-31T12:21:37.754+0000] {dagbag.py:537} INFO - Filling up the DagBag from /home/airflow/.local/lib/python3.7/site-packages/airflow/example_dags/example_branch_python_dop_operator_3.py
[2024-07-31T12:21:37.787+0000] {processor.py:766} INFO - DAG(s) dict_keys(['example_branch_dop_operator_v3']) retrieved from /home/airflow/.local/lib/python3.7/site-packages/airflow/example_dags/example_branch_python_dop_operator_3.py
[2024-07-31T12:21:37.862+0000] {logging_mixin.py:120} INFO - [2024-07-31T12:21:37.862+0000] {dag.py:2585} INFO - Sync 1 DAGs
[2024-07-31T12:21:37.897+0000] {logging_mixin.py:120} INFO - [2024-07-31T12:21:37.897+0000] {dag.py:3340} INFO - Setting next_dagrun for example_branch_dop_operator_v3 to 2024-07-31T12:20:00+00:00, run_after=2024-07-31T12:21:00+00:00
[2024-07-31T12:21:37.950+0000] {processor.py:176} INFO - Processing /home/airflow/.local/lib/python3.7/site-packages/airflow/example_dags/example_branch_python_dop_operator_3.py took 0.206 seconds
[2024-07-31T12:22:08.159+0000] {processor.py:154} INFO - Started process (PID=1194) to work on /home/airflow/.local/lib/python3.7/site-packages/airflow/example_dags/example_branch_python_dop_operator_3.py
[2024-07-31T12:22:08.164+0000] {processor.py:756} INFO - Processing file /home/airflow/.local/lib/python3.7/site-packages/airflow/example_dags/example_branch_python_dop_operator_3.py for tasks to queue
[2024-07-31T12:22:08.165+0000] {logging_mixin.py:120} INFO - [2024-07-31T12:22:08.165+0000] {dagbag.py:537} INFO - Filling up the DagBag from /home/airflow/.local/lib/python3.7/site-packages/airflow/example_dags/example_branch_python_dop_operator_3.py
[2024-07-31T12:22:08.207+0000] {processor.py:766} INFO - DAG(s) dict_keys(['example_branch_dop_operator_v3']) retrieved from /home/airflow/.local/lib/python3.7/site-packages/airflow/example_dags/example_branch_python_dop_operator_3.py
[2024-07-31T12:22:08.282+0000] {logging_mixin.py:120} INFO - [2024-07-31T12:22:08.282+0000] {dag.py:2585} INFO - Sync 1 DAGs
[2024-07-31T12:22:08.335+0000] {logging_mixin.py:120} INFO - [2024-07-31T12:22:08.335+0000] {dag.py:3340} INFO - Setting next_dagrun for example_branch_dop_operator_v3 to 2024-07-31T12:21:00+00:00, run_after=2024-07-31T12:22:00+00:00
[2024-07-31T12:22:08.383+0000] {processor.py:176} INFO - Processing /home/airflow/.local/lib/python3.7/site-packages/airflow/example_dags/example_branch_python_dop_operator_3.py took 0.230 seconds
[2024-07-31T12:22:38.813+0000] {processor.py:154} INFO - Started process (PID=1248) to work on /home/airflow/.local/lib/python3.7/site-packages/airflow/example_dags/example_branch_python_dop_operator_3.py
[2024-07-31T12:22:38.815+0000] {processor.py:756} INFO - Processing file /home/airflow/.local/lib/python3.7/site-packages/airflow/example_dags/example_branch_python_dop_operator_3.py for tasks to queue
[2024-07-31T12:22:38.817+0000] {logging_mixin.py:120} INFO - [2024-07-31T12:22:38.817+0000] {dagbag.py:537} INFO - Filling up the DagBag from /home/airflow/.local/lib/python3.7/site-packages/airflow/example_dags/example_branch_python_dop_operator_3.py
[2024-07-31T12:22:38.860+0000] {processor.py:766} INFO - DAG(s) dict_keys(['example_branch_dop_operator_v3']) retrieved from /home/airflow/.local/lib/python3.7/site-packages/airflow/example_dags/example_branch_python_dop_operator_3.py
[2024-07-31T12:22:38.952+0000] {logging_mixin.py:120} INFO - [2024-07-31T12:22:38.951+0000] {dag.py:2585} INFO - Sync 1 DAGs
[2024-07-31T12:22:39.011+0000] {logging_mixin.py:120} INFO - [2024-07-31T12:22:39.011+0000] {dag.py:3340} INFO - Setting next_dagrun for example_branch_dop_operator_v3 to 2024-07-31T12:21:00+00:00, run_after=2024-07-31T12:22:00+00:00
[2024-07-31T12:22:39.061+0000] {processor.py:176} INFO - Processing /home/airflow/.local/lib/python3.7/site-packages/airflow/example_dags/example_branch_python_dop_operator_3.py took 0.255 seconds
[2024-07-31T12:23:09.730+0000] {processor.py:154} INFO - Started process (PID=1312) to work on /home/airflow/.local/lib/python3.7/site-packages/airflow/example_dags/example_branch_python_dop_operator_3.py
[2024-07-31T12:23:09.732+0000] {processor.py:756} INFO - Processing file /home/airflow/.local/lib/python3.7/site-packages/airflow/example_dags/example_branch_python_dop_operator_3.py for tasks to queue
[2024-07-31T12:23:09.734+0000] {logging_mixin.py:120} INFO - [2024-07-31T12:23:09.733+0000] {dagbag.py:537} INFO - Filling up the DagBag from /home/airflow/.local/lib/python3.7/site-packages/airflow/example_dags/example_branch_python_dop_operator_3.py
[2024-07-31T12:23:09.764+0000] {processor.py:766} INFO - DAG(s) dict_keys(['example_branch_dop_operator_v3']) retrieved from /home/airflow/.local/lib/python3.7/site-packages/airflow/example_dags/example_branch_python_dop_operator_3.py
[2024-07-31T12:23:09.817+0000] {logging_mixin.py:120} INFO - [2024-07-31T12:23:09.817+0000] {dag.py:2585} INFO - Sync 1 DAGs
[2024-07-31T12:23:09.858+0000] {logging_mixin.py:120} INFO - [2024-07-31T12:23:09.857+0000] {dag.py:3340} INFO - Setting next_dagrun for example_branch_dop_operator_v3 to 2024-07-31T12:22:00+00:00, run_after=2024-07-31T12:23:00+00:00
[2024-07-31T12:23:09.898+0000] {processor.py:176} INFO - Processing /home/airflow/.local/lib/python3.7/site-packages/airflow/example_dags/example_branch_python_dop_operator_3.py took 0.172 seconds
[2024-07-31T12:23:39.990+0000] {processor.py:154} INFO - Started process (PID=1366) to work on /home/airflow/.local/lib/python3.7/site-packages/airflow/example_dags/example_branch_python_dop_operator_3.py
[2024-07-31T12:23:39.992+0000] {processor.py:756} INFO - Processing file /home/airflow/.local/lib/python3.7/site-packages/airflow/example_dags/example_branch_python_dop_operator_3.py for tasks to queue
[2024-07-31T12:23:39.993+0000] {logging_mixin.py:120} INFO - [2024-07-31T12:23:39.993+0000] {dagbag.py:537} INFO - Filling up the DagBag from /home/airflow/.local/lib/python3.7/site-packages/airflow/example_dags/example_branch_python_dop_operator_3.py
[2024-07-31T12:23:40.017+0000] {processor.py:766} INFO - DAG(s) dict_keys(['example_branch_dop_operator_v3']) retrieved from /home/airflow/.local/lib/python3.7/site-packages/airflow/example_dags/example_branch_python_dop_operator_3.py
[2024-07-31T12:23:40.066+0000] {logging_mixin.py:120} INFO - [2024-07-31T12:23:40.066+0000] {dag.py:2585} INFO - Sync 1 DAGs
[2024-07-31T12:23:40.093+0000] {logging_mixin.py:120} INFO - [2024-07-31T12:23:40.093+0000] {dag.py:3340} INFO - Setting next_dagrun for example_branch_dop_operator_v3 to 2024-07-31T12:22:00+00:00, run_after=2024-07-31T12:23:00+00:00
[2024-07-31T12:23:40.119+0000] {processor.py:176} INFO - Processing /home/airflow/.local/lib/python3.7/site-packages/airflow/example_dags/example_branch_python_dop_operator_3.py took 0.131 seconds
[2024-07-31T12:24:15.002+0000] {processor.py:154} INFO - Started process (PID=1429) to work on /home/airflow/.local/lib/python3.7/site-packages/airflow/example_dags/example_branch_python_dop_operator_3.py
[2024-07-31T12:24:15.004+0000] {processor.py:756} INFO - Processing file /home/airflow/.local/lib/python3.7/site-packages/airflow/example_dags/example_branch_python_dop_operator_3.py for tasks to queue
[2024-07-31T12:24:15.007+0000] {logging_mixin.py:120} INFO - [2024-07-31T12:24:15.006+0000] {dagbag.py:537} INFO - Filling up the DagBag from /home/airflow/.local/lib/python3.7/site-packages/airflow/example_dags/example_branch_python_dop_operator_3.py
[2024-07-31T12:24:15.041+0000] {processor.py:766} INFO - DAG(s) dict_keys(['example_branch_dop_operator_v3']) retrieved from /home/airflow/.local/lib/python3.7/site-packages/airflow/example_dags/example_branch_python_dop_operator_3.py
[2024-07-31T12:24:15.238+0000] {logging_mixin.py:120} INFO - [2024-07-31T12:24:15.237+0000] {dag.py:2585} INFO - Sync 1 DAGs
[2024-07-31T12:24:15.310+0000] {logging_mixin.py:120} INFO - [2024-07-31T12:24:15.310+0000] {dag.py:3340} INFO - Setting next_dagrun for example_branch_dop_operator_v3 to 2024-07-31T12:23:00+00:00, run_after=2024-07-31T12:24:00+00:00
[2024-07-31T12:24:15.422+0000] {processor.py:176} INFO - Processing /home/airflow/.local/lib/python3.7/site-packages/airflow/example_dags/example_branch_python_dop_operator_3.py took 0.425 seconds
[2024-07-31T12:24:45.479+0000] {processor.py:154} INFO - Started process (PID=1491) to work on /home/airflow/.local/lib/python3.7/site-packages/airflow/example_dags/example_branch_python_dop_operator_3.py
[2024-07-31T12:24:45.481+0000] {processor.py:756} INFO - Processing file /home/airflow/.local/lib/python3.7/site-packages/airflow/example_dags/example_branch_python_dop_operator_3.py for tasks to queue
[2024-07-31T12:24:45.482+0000] {logging_mixin.py:120} INFO - [2024-07-31T12:24:45.482+0000] {dagbag.py:537} INFO - Filling up the DagBag from /home/airflow/.local/lib/python3.7/site-packages/airflow/example_dags/example_branch_python_dop_operator_3.py
[2024-07-31T12:24:45.512+0000] {processor.py:766} INFO - DAG(s) dict_keys(['example_branch_dop_operator_v3']) retrieved from /home/airflow/.local/lib/python3.7/site-packages/airflow/example_dags/example_branch_python_dop_operator_3.py
[2024-07-31T12:24:45.568+0000] {logging_mixin.py:120} INFO - [2024-07-31T12:24:45.568+0000] {dag.py:2585} INFO - Sync 1 DAGs
[2024-07-31T12:24:45.610+0000] {logging_mixin.py:120} INFO - [2024-07-31T12:24:45.610+0000] {dag.py:3340} INFO - Setting next_dagrun for example_branch_dop_operator_v3 to 2024-07-31T12:23:00+00:00, run_after=2024-07-31T12:24:00+00:00
[2024-07-31T12:24:45.646+0000] {processor.py:176} INFO - Processing /home/airflow/.local/lib/python3.7/site-packages/airflow/example_dags/example_branch_python_dop_operator_3.py took 0.171 seconds
[2024-07-31T12:25:16.195+0000] {processor.py:154} INFO - Started process (PID=1545) to work on /home/airflow/.local/lib/python3.7/site-packages/airflow/example_dags/example_branch_python_dop_operator_3.py
[2024-07-31T12:25:16.247+0000] {processor.py:756} INFO - Processing file /home/airflow/.local/lib/python3.7/site-packages/airflow/example_dags/example_branch_python_dop_operator_3.py for tasks to queue
[2024-07-31T12:25:16.294+0000] {logging_mixin.py:120} INFO - [2024-07-31T12:25:16.294+0000] {dagbag.py:537} INFO - Filling up the DagBag from /home/airflow/.local/lib/python3.7/site-packages/airflow/example_dags/example_branch_python_dop_operator_3.py
[2024-07-31T12:25:16.332+0000] {processor.py:766} INFO - DAG(s) dict_keys(['example_branch_dop_operator_v3']) retrieved from /home/airflow/.local/lib/python3.7/site-packages/airflow/example_dags/example_branch_python_dop_operator_3.py
[2024-07-31T12:25:16.394+0000] {logging_mixin.py:120} INFO - [2024-07-31T12:25:16.394+0000] {dag.py:2585} INFO - Sync 1 DAGs
[2024-07-31T12:25:16.446+0000] {logging_mixin.py:120} INFO - [2024-07-31T12:25:16.445+0000] {dag.py:3340} INFO - Setting next_dagrun for example_branch_dop_operator_v3 to 2024-07-31T12:24:00+00:00, run_after=2024-07-31T12:25:00+00:00
[2024-07-31T12:25:16.509+0000] {processor.py:176} INFO - Processing /home/airflow/.local/lib/python3.7/site-packages/airflow/example_dags/example_branch_python_dop_operator_3.py took 0.319 seconds
[2024-07-31T12:25:47.878+0000] {processor.py:154} INFO - Started process (PID=1608) to work on /home/airflow/.local/lib/python3.7/site-packages/airflow/example_dags/example_branch_python_dop_operator_3.py
[2024-07-31T12:25:47.938+0000] {processor.py:756} INFO - Processing file /home/airflow/.local/lib/python3.7/site-packages/airflow/example_dags/example_branch_python_dop_operator_3.py for tasks to queue
[2024-07-31T12:25:47.942+0000] {logging_mixin.py:120} INFO - [2024-07-31T12:25:47.942+0000] {dagbag.py:537} INFO - Filling up the DagBag from /home/airflow/.local/lib/python3.7/site-packages/airflow/example_dags/example_branch_python_dop_operator_3.py
[2024-07-31T12:25:47.981+0000] {processor.py:766} INFO - DAG(s) dict_keys(['example_branch_dop_operator_v3']) retrieved from /home/airflow/.local/lib/python3.7/site-packages/airflow/example_dags/example_branch_python_dop_operator_3.py
[2024-07-31T12:25:48.118+0000] {logging_mixin.py:120} INFO - [2024-07-31T12:25:48.118+0000] {dag.py:2585} INFO - Sync 1 DAGs
[2024-07-31T12:25:48.231+0000] {logging_mixin.py:120} INFO - [2024-07-31T12:25:48.231+0000] {dag.py:3340} INFO - Setting next_dagrun for example_branch_dop_operator_v3 to 2024-07-31T12:24:00+00:00, run_after=2024-07-31T12:25:00+00:00
[2024-07-31T12:25:48.315+0000] {processor.py:176} INFO - Processing /home/airflow/.local/lib/python3.7/site-packages/airflow/example_dags/example_branch_python_dop_operator_3.py took 0.440 seconds
[2024-07-31T12:26:19.392+0000] {processor.py:154} INFO - Started process (PID=1671) to work on /home/airflow/.local/lib/python3.7/site-packages/airflow/example_dags/example_branch_python_dop_operator_3.py
[2024-07-31T12:26:19.427+0000] {processor.py:756} INFO - Processing file /home/airflow/.local/lib/python3.7/site-packages/airflow/example_dags/example_branch_python_dop_operator_3.py for tasks to queue
[2024-07-31T12:26:19.436+0000] {logging_mixin.py:120} INFO - [2024-07-31T12:26:19.435+0000] {dagbag.py:537} INFO - Filling up the DagBag from /home/airflow/.local/lib/python3.7/site-packages/airflow/example_dags/example_branch_python_dop_operator_3.py
[2024-07-31T12:26:19.463+0000] {processor.py:766} INFO - DAG(s) dict_keys(['example_branch_dop_operator_v3']) retrieved from /home/airflow/.local/lib/python3.7/site-packages/airflow/example_dags/example_branch_python_dop_operator_3.py
[2024-07-31T12:26:19.517+0000] {logging_mixin.py:120} INFO - [2024-07-31T12:26:19.517+0000] {dag.py:2585} INFO - Sync 1 DAGs
[2024-07-31T12:26:19.553+0000] {logging_mixin.py:120} INFO - [2024-07-31T12:26:19.553+0000] {dag.py:3340} INFO - Setting next_dagrun for example_branch_dop_operator_v3 to 2024-07-31T12:25:00+00:00, run_after=2024-07-31T12:26:00+00:00
[2024-07-31T12:26:19.599+0000] {processor.py:176} INFO - Processing /home/airflow/.local/lib/python3.7/site-packages/airflow/example_dags/example_branch_python_dop_operator_3.py took 0.212 seconds
[2024-07-31T12:26:50.525+0000] {processor.py:154} INFO - Started process (PID=1725) to work on /home/airflow/.local/lib/python3.7/site-packages/airflow/example_dags/example_branch_python_dop_operator_3.py
[2024-07-31T12:26:50.527+0000] {processor.py:756} INFO - Processing file /home/airflow/.local/lib/python3.7/site-packages/airflow/example_dags/example_branch_python_dop_operator_3.py for tasks to queue
[2024-07-31T12:26:50.528+0000] {logging_mixin.py:120} INFO - [2024-07-31T12:26:50.528+0000] {dagbag.py:537} INFO - Filling up the DagBag from /home/airflow/.local/lib/python3.7/site-packages/airflow/example_dags/example_branch_python_dop_operator_3.py
[2024-07-31T12:26:50.568+0000] {processor.py:766} INFO - DAG(s) dict_keys(['example_branch_dop_operator_v3']) retrieved from /home/airflow/.local/lib/python3.7/site-packages/airflow/example_dags/example_branch_python_dop_operator_3.py
[2024-07-31T12:26:50.661+0000] {logging_mixin.py:120} INFO - [2024-07-31T12:26:50.661+0000] {dag.py:2585} INFO - Sync 1 DAGs
[2024-07-31T12:26:50.782+0000] {logging_mixin.py:120} INFO - [2024-07-31T12:26:50.782+0000] {dag.py:3340} INFO - Setting next_dagrun for example_branch_dop_operator_v3 to 2024-07-31T12:25:00+00:00, run_after=2024-07-31T12:26:00+00:00
[2024-07-31T12:26:50.978+0000] {processor.py:176} INFO - Processing /home/airflow/.local/lib/python3.7/site-packages/airflow/example_dags/example_branch_python_dop_operator_3.py took 0.458 seconds
[2024-07-31T12:27:21.896+0000] {processor.py:154} INFO - Started process (PID=1788) to work on /home/airflow/.local/lib/python3.7/site-packages/airflow/example_dags/example_branch_python_dop_operator_3.py
[2024-07-31T12:27:22.020+0000] {processor.py:756} INFO - Processing file /home/airflow/.local/lib/python3.7/site-packages/airflow/example_dags/example_branch_python_dop_operator_3.py for tasks to queue
[2024-07-31T12:27:22.023+0000] {logging_mixin.py:120} INFO - [2024-07-31T12:27:22.023+0000] {dagbag.py:537} INFO - Filling up the DagBag from /home/airflow/.local/lib/python3.7/site-packages/airflow/example_dags/example_branch_python_dop_operator_3.py
[2024-07-31T12:27:22.058+0000] {processor.py:766} INFO - DAG(s) dict_keys(['example_branch_dop_operator_v3']) retrieved from /home/airflow/.local/lib/python3.7/site-packages/airflow/example_dags/example_branch_python_dop_operator_3.py
[2024-07-31T12:27:22.229+0000] {logging_mixin.py:120} INFO - [2024-07-31T12:27:22.229+0000] {dag.py:2585} INFO - Sync 1 DAGs
[2024-07-31T12:27:22.429+0000] {logging_mixin.py:120} INFO - [2024-07-31T12:27:22.429+0000] {dag.py:3340} INFO - Setting next_dagrun for example_branch_dop_operator_v3 to 2024-07-31T12:26:00+00:00, run_after=2024-07-31T12:27:00+00:00
[2024-07-31T12:27:22.567+0000] {processor.py:176} INFO - Processing /home/airflow/.local/lib/python3.7/site-packages/airflow/example_dags/example_branch_python_dop_operator_3.py took 0.678 seconds
[2024-07-31T12:27:53.342+0000] {processor.py:154} INFO - Started process (PID=1852) to work on /home/airflow/.local/lib/python3.7/site-packages/airflow/example_dags/example_branch_python_dop_operator_3.py
[2024-07-31T12:27:53.344+0000] {processor.py:756} INFO - Processing file /home/airflow/.local/lib/python3.7/site-packages/airflow/example_dags/example_branch_python_dop_operator_3.py for tasks to queue
[2024-07-31T12:27:53.345+0000] {logging_mixin.py:120} INFO - [2024-07-31T12:27:53.345+0000] {dagbag.py:537} INFO - Filling up the DagBag from /home/airflow/.local/lib/python3.7/site-packages/airflow/example_dags/example_branch_python_dop_operator_3.py
[2024-07-31T12:27:53.381+0000] {processor.py:766} INFO - DAG(s) dict_keys(['example_branch_dop_operator_v3']) retrieved from /home/airflow/.local/lib/python3.7/site-packages/airflow/example_dags/example_branch_python_dop_operator_3.py
[2024-07-31T12:27:53.449+0000] {logging_mixin.py:120} INFO - [2024-07-31T12:27:53.448+0000] {dag.py:2585} INFO - Sync 1 DAGs
[2024-07-31T12:27:53.500+0000] {logging_mixin.py:120} INFO - [2024-07-31T12:27:53.499+0000] {dag.py:3340} INFO - Setting next_dagrun for example_branch_dop_operator_v3 to 2024-07-31T12:26:00+00:00, run_after=2024-07-31T12:27:00+00:00
[2024-07-31T12:27:53.533+0000] {processor.py:176} INFO - Processing /home/airflow/.local/lib/python3.7/site-packages/airflow/example_dags/example_branch_python_dop_operator_3.py took 0.195 seconds
[2024-07-31T12:28:24.489+0000] {processor.py:154} INFO - Started process (PID=1907) to work on /home/airflow/.local/lib/python3.7/site-packages/airflow/example_dags/example_branch_python_dop_operator_3.py
[2024-07-31T12:28:24.490+0000] {processor.py:756} INFO - Processing file /home/airflow/.local/lib/python3.7/site-packages/airflow/example_dags/example_branch_python_dop_operator_3.py for tasks to queue
[2024-07-31T12:28:24.493+0000] {logging_mixin.py:120} INFO - [2024-07-31T12:28:24.492+0000] {dagbag.py:537} INFO - Filling up the DagBag from /home/airflow/.local/lib/python3.7/site-packages/airflow/example_dags/example_branch_python_dop_operator_3.py
[2024-07-31T12:28:24.521+0000] {processor.py:766} INFO - DAG(s) dict_keys(['example_branch_dop_operator_v3']) retrieved from /home/airflow/.local/lib/python3.7/site-packages/airflow/example_dags/example_branch_python_dop_operator_3.py
[2024-07-31T12:28:24.571+0000] {logging_mixin.py:120} INFO - [2024-07-31T12:28:24.571+0000] {dag.py:2585} INFO - Sync 1 DAGs
[2024-07-31T12:28:24.621+0000] {logging_mixin.py:120} INFO - [2024-07-31T12:28:24.621+0000] {dag.py:3340} INFO - Setting next_dagrun for example_branch_dop_operator_v3 to 2024-07-31T12:27:00+00:00, run_after=2024-07-31T12:28:00+00:00
[2024-07-31T12:28:24.650+0000] {processor.py:176} INFO - Processing /home/airflow/.local/lib/python3.7/site-packages/airflow/example_dags/example_branch_python_dop_operator_3.py took 0.164 seconds
[2024-07-31T12:28:54.939+0000] {processor.py:154} INFO - Started process (PID=1969) to work on /home/airflow/.local/lib/python3.7/site-packages/airflow/example_dags/example_branch_python_dop_operator_3.py
[2024-07-31T12:28:54.946+0000] {processor.py:756} INFO - Processing file /home/airflow/.local/lib/python3.7/site-packages/airflow/example_dags/example_branch_python_dop_operator_3.py for tasks to queue
[2024-07-31T12:28:54.947+0000] {logging_mixin.py:120} INFO - [2024-07-31T12:28:54.947+0000] {dagbag.py:537} INFO - Filling up the DagBag from /home/airflow/.local/lib/python3.7/site-packages/airflow/example_dags/example_branch_python_dop_operator_3.py
[2024-07-31T12:28:54.979+0000] {processor.py:766} INFO - DAG(s) dict_keys(['example_branch_dop_operator_v3']) retrieved from /home/airflow/.local/lib/python3.7/site-packages/airflow/example_dags/example_branch_python_dop_operator_3.py
[2024-07-31T12:28:55.029+0000] {logging_mixin.py:120} INFO - [2024-07-31T12:28:55.029+0000] {dag.py:2585} INFO - Sync 1 DAGs
[2024-07-31T12:28:55.069+0000] {logging_mixin.py:120} INFO - [2024-07-31T12:28:55.069+0000] {dag.py:3340} INFO - Setting next_dagrun for example_branch_dop_operator_v3 to 2024-07-31T12:27:00+00:00, run_after=2024-07-31T12:28:00+00:00
[2024-07-31T12:28:55.212+0000] {processor.py:176} INFO - Processing /home/airflow/.local/lib/python3.7/site-packages/airflow/example_dags/example_branch_python_dop_operator_3.py took 0.278 seconds
[2024-07-31T12:29:25.409+0000] {processor.py:154} INFO - Started process (PID=2023) to work on /home/airflow/.local/lib/python3.7/site-packages/airflow/example_dags/example_branch_python_dop_operator_3.py
[2024-07-31T12:29:25.411+0000] {processor.py:756} INFO - Processing file /home/airflow/.local/lib/python3.7/site-packages/airflow/example_dags/example_branch_python_dop_operator_3.py for tasks to queue
[2024-07-31T12:29:25.412+0000] {logging_mixin.py:120} INFO - [2024-07-31T12:29:25.411+0000] {dagbag.py:537} INFO - Filling up the DagBag from /home/airflow/.local/lib/python3.7/site-packages/airflow/example_dags/example_branch_python_dop_operator_3.py
[2024-07-31T12:29:25.435+0000] {processor.py:766} INFO - DAG(s) dict_keys(['example_branch_dop_operator_v3']) retrieved from /home/airflow/.local/lib/python3.7/site-packages/airflow/example_dags/example_branch_python_dop_operator_3.py
[2024-07-31T12:29:25.480+0000] {logging_mixin.py:120} INFO - [2024-07-31T12:29:25.479+0000] {dag.py:2585} INFO - Sync 1 DAGs
[2024-07-31T12:29:25.516+0000] {logging_mixin.py:120} INFO - [2024-07-31T12:29:25.516+0000] {dag.py:3340} INFO - Setting next_dagrun for example_branch_dop_operator_v3 to 2024-07-31T12:28:00+00:00, run_after=2024-07-31T12:29:00+00:00
[2024-07-31T12:29:25.539+0000] {processor.py:176} INFO - Processing /home/airflow/.local/lib/python3.7/site-packages/airflow/example_dags/example_branch_python_dop_operator_3.py took 0.133 seconds
[2024-07-31T12:29:56.396+0000] {processor.py:154} INFO - Started process (PID=2087) to work on /home/airflow/.local/lib/python3.7/site-packages/airflow/example_dags/example_branch_python_dop_operator_3.py
[2024-07-31T12:29:56.399+0000] {processor.py:756} INFO - Processing file /home/airflow/.local/lib/python3.7/site-packages/airflow/example_dags/example_branch_python_dop_operator_3.py for tasks to queue
[2024-07-31T12:29:56.401+0000] {logging_mixin.py:120} INFO - [2024-07-31T12:29:56.401+0000] {dagbag.py:537} INFO - Filling up the DagBag from /home/airflow/.local/lib/python3.7/site-packages/airflow/example_dags/example_branch_python_dop_operator_3.py
[2024-07-31T12:29:56.453+0000] {processor.py:766} INFO - DAG(s) dict_keys(['example_branch_dop_operator_v3']) retrieved from /home/airflow/.local/lib/python3.7/site-packages/airflow/example_dags/example_branch_python_dop_operator_3.py
[2024-07-31T12:29:56.517+0000] {logging_mixin.py:120} INFO - [2024-07-31T12:29:56.517+0000] {dag.py:2585} INFO - Sync 1 DAGs
[2024-07-31T12:29:56.576+0000] {logging_mixin.py:120} INFO - [2024-07-31T12:29:56.576+0000] {dag.py:3340} INFO - Setting next_dagrun for example_branch_dop_operator_v3 to 2024-07-31T12:28:00+00:00, run_after=2024-07-31T12:29:00+00:00
[2024-07-31T12:29:56.626+0000] {processor.py:176} INFO - Processing /home/airflow/.local/lib/python3.7/site-packages/airflow/example_dags/example_branch_python_dop_operator_3.py took 0.233 seconds
[2024-07-31T12:30:27.047+0000] {processor.py:154} INFO - Started process (PID=2150) to work on /home/airflow/.local/lib/python3.7/site-packages/airflow/example_dags/example_branch_python_dop_operator_3.py
[2024-07-31T12:30:27.149+0000] {processor.py:756} INFO - Processing file /home/airflow/.local/lib/python3.7/site-packages/airflow/example_dags/example_branch_python_dop_operator_3.py for tasks to queue
[2024-07-31T12:30:27.162+0000] {logging_mixin.py:120} INFO - [2024-07-31T12:30:27.162+0000] {dagbag.py:537} INFO - Filling up the DagBag from /home/airflow/.local/lib/python3.7/site-packages/airflow/example_dags/example_branch_python_dop_operator_3.py
[2024-07-31T12:30:27.193+0000] {processor.py:766} INFO - DAG(s) dict_keys(['example_branch_dop_operator_v3']) retrieved from /home/airflow/.local/lib/python3.7/site-packages/airflow/example_dags/example_branch_python_dop_operator_3.py
[2024-07-31T12:30:27.264+0000] {logging_mixin.py:120} INFO - [2024-07-31T12:30:27.264+0000] {dag.py:2585} INFO - Sync 1 DAGs
[2024-07-31T12:30:27.365+0000] {logging_mixin.py:120} INFO - [2024-07-31T12:30:27.365+0000] {dag.py:3340} INFO - Setting next_dagrun for example_branch_dop_operator_v3 to 2024-07-31T12:29:00+00:00, run_after=2024-07-31T12:30:00+00:00
[2024-07-31T12:30:27.477+0000] {processor.py:176} INFO - Processing /home/airflow/.local/lib/python3.7/site-packages/airflow/example_dags/example_branch_python_dop_operator_3.py took 0.433 seconds
[2024-07-31T12:30:58.378+0000] {processor.py:154} INFO - Started process (PID=2203) to work on /home/airflow/.local/lib/python3.7/site-packages/airflow/example_dags/example_branch_python_dop_operator_3.py
[2024-07-31T12:30:58.379+0000] {processor.py:756} INFO - Processing file /home/airflow/.local/lib/python3.7/site-packages/airflow/example_dags/example_branch_python_dop_operator_3.py for tasks to queue
[2024-07-31T12:30:58.380+0000] {logging_mixin.py:120} INFO - [2024-07-31T12:30:58.380+0000] {dagbag.py:537} INFO - Filling up the DagBag from /home/airflow/.local/lib/python3.7/site-packages/airflow/example_dags/example_branch_python_dop_operator_3.py
[2024-07-31T12:30:58.411+0000] {processor.py:766} INFO - DAG(s) dict_keys(['example_branch_dop_operator_v3']) retrieved from /home/airflow/.local/lib/python3.7/site-packages/airflow/example_dags/example_branch_python_dop_operator_3.py
[2024-07-31T12:30:58.461+0000] {logging_mixin.py:120} INFO - [2024-07-31T12:30:58.461+0000] {dag.py:2585} INFO - Sync 1 DAGs
[2024-07-31T12:30:58.490+0000] {logging_mixin.py:120} INFO - [2024-07-31T12:30:58.490+0000] {dag.py:3340} INFO - Setting next_dagrun for example_branch_dop_operator_v3 to 2024-07-31T12:29:00+00:00, run_after=2024-07-31T12:30:00+00:00
[2024-07-31T12:30:58.607+0000] {processor.py:176} INFO - Processing /home/airflow/.local/lib/python3.7/site-packages/airflow/example_dags/example_branch_python_dop_operator_3.py took 0.232 seconds
[2024-07-31T12:31:28.706+0000] {processor.py:154} INFO - Started process (PID=2266) to work on /home/airflow/.local/lib/python3.7/site-packages/airflow/example_dags/example_branch_python_dop_operator_3.py
[2024-07-31T12:31:28.708+0000] {processor.py:756} INFO - Processing file /home/airflow/.local/lib/python3.7/site-packages/airflow/example_dags/example_branch_python_dop_operator_3.py for tasks to queue
[2024-07-31T12:31:28.709+0000] {logging_mixin.py:120} INFO - [2024-07-31T12:31:28.708+0000] {dagbag.py:537} INFO - Filling up the DagBag from /home/airflow/.local/lib/python3.7/site-packages/airflow/example_dags/example_branch_python_dop_operator_3.py
[2024-07-31T12:31:28.736+0000] {processor.py:766} INFO - DAG(s) dict_keys(['example_branch_dop_operator_v3']) retrieved from /home/airflow/.local/lib/python3.7/site-packages/airflow/example_dags/example_branch_python_dop_operator_3.py
[2024-07-31T12:31:28.777+0000] {logging_mixin.py:120} INFO - [2024-07-31T12:31:28.776+0000] {dag.py:2585} INFO - Sync 1 DAGs
[2024-07-31T12:31:28.810+0000] {logging_mixin.py:120} INFO - [2024-07-31T12:31:28.810+0000] {dag.py:3340} INFO - Setting next_dagrun for example_branch_dop_operator_v3 to 2024-07-31T12:30:00+00:00, run_after=2024-07-31T12:31:00+00:00
[2024-07-31T12:31:28.847+0000] {processor.py:176} INFO - Processing /home/airflow/.local/lib/python3.7/site-packages/airflow/example_dags/example_branch_python_dop_operator_3.py took 0.145 seconds
[2024-07-31T12:31:59.510+0000] {processor.py:154} INFO - Started process (PID=2330) to work on /home/airflow/.local/lib/python3.7/site-packages/airflow/example_dags/example_branch_python_dop_operator_3.py
[2024-07-31T12:31:59.512+0000] {processor.py:756} INFO - Processing file /home/airflow/.local/lib/python3.7/site-packages/airflow/example_dags/example_branch_python_dop_operator_3.py for tasks to queue
[2024-07-31T12:31:59.514+0000] {logging_mixin.py:120} INFO - [2024-07-31T12:31:59.513+0000] {dagbag.py:537} INFO - Filling up the DagBag from /home/airflow/.local/lib/python3.7/site-packages/airflow/example_dags/example_branch_python_dop_operator_3.py
[2024-07-31T12:31:59.564+0000] {processor.py:766} INFO - DAG(s) dict_keys(['example_branch_dop_operator_v3']) retrieved from /home/airflow/.local/lib/python3.7/site-packages/airflow/example_dags/example_branch_python_dop_operator_3.py
[2024-07-31T12:31:59.638+0000] {logging_mixin.py:120} INFO - [2024-07-31T12:31:59.637+0000] {dag.py:2585} INFO - Sync 1 DAGs
[2024-07-31T12:31:59.679+0000] {logging_mixin.py:120} INFO - [2024-07-31T12:31:59.679+0000] {dag.py:3340} INFO - Setting next_dagrun for example_branch_dop_operator_v3 to 2024-07-31T12:30:00+00:00, run_after=2024-07-31T12:31:00+00:00
[2024-07-31T12:31:59.715+0000] {processor.py:176} INFO - Processing /home/airflow/.local/lib/python3.7/site-packages/airflow/example_dags/example_branch_python_dop_operator_3.py took 0.210 seconds
[2024-07-31T12:32:30.581+0000] {processor.py:154} INFO - Started process (PID=2384) to work on /home/airflow/.local/lib/python3.7/site-packages/airflow/example_dags/example_branch_python_dop_operator_3.py
[2024-07-31T12:32:30.598+0000] {processor.py:756} INFO - Processing file /home/airflow/.local/lib/python3.7/site-packages/airflow/example_dags/example_branch_python_dop_operator_3.py for tasks to queue
[2024-07-31T12:32:30.605+0000] {logging_mixin.py:120} INFO - [2024-07-31T12:32:30.604+0000] {dagbag.py:537} INFO - Filling up the DagBag from /home/airflow/.local/lib/python3.7/site-packages/airflow/example_dags/example_branch_python_dop_operator_3.py
[2024-07-31T12:32:30.638+0000] {processor.py:766} INFO - DAG(s) dict_keys(['example_branch_dop_operator_v3']) retrieved from /home/airflow/.local/lib/python3.7/site-packages/airflow/example_dags/example_branch_python_dop_operator_3.py
[2024-07-31T12:32:30.781+0000] {logging_mixin.py:120} INFO - [2024-07-31T12:32:30.781+0000] {dag.py:2585} INFO - Sync 1 DAGs
[2024-07-31T12:32:30.886+0000] {logging_mixin.py:120} INFO - [2024-07-31T12:32:30.886+0000] {dag.py:3340} INFO - Setting next_dagrun for example_branch_dop_operator_v3 to 2024-07-31T12:31:00+00:00, run_after=2024-07-31T12:32:00+00:00
[2024-07-31T12:32:30.999+0000] {processor.py:176} INFO - Processing /home/airflow/.local/lib/python3.7/site-packages/airflow/example_dags/example_branch_python_dop_operator_3.py took 0.426 seconds
[2024-07-31T12:33:01.390+0000] {processor.py:154} INFO - Started process (PID=2447) to work on /home/airflow/.local/lib/python3.7/site-packages/airflow/example_dags/example_branch_python_dop_operator_3.py
[2024-07-31T12:33:01.391+0000] {processor.py:756} INFO - Processing file /home/airflow/.local/lib/python3.7/site-packages/airflow/example_dags/example_branch_python_dop_operator_3.py for tasks to queue
[2024-07-31T12:33:01.392+0000] {logging_mixin.py:120} INFO - [2024-07-31T12:33:01.392+0000] {dagbag.py:537} INFO - Filling up the DagBag from /home/airflow/.local/lib/python3.7/site-packages/airflow/example_dags/example_branch_python_dop_operator_3.py
[2024-07-31T12:33:01.417+0000] {processor.py:766} INFO - DAG(s) dict_keys(['example_branch_dop_operator_v3']) retrieved from /home/airflow/.local/lib/python3.7/site-packages/airflow/example_dags/example_branch_python_dop_operator_3.py
[2024-07-31T12:33:01.492+0000] {logging_mixin.py:120} INFO - [2024-07-31T12:33:01.492+0000] {dag.py:2585} INFO - Sync 1 DAGs
[2024-07-31T12:33:01.523+0000] {logging_mixin.py:120} INFO - [2024-07-31T12:33:01.523+0000] {dag.py:3340} INFO - Setting next_dagrun for example_branch_dop_operator_v3 to 2024-07-31T12:32:00+00:00, run_after=2024-07-31T12:33:00+00:00
[2024-07-31T12:33:01.570+0000] {processor.py:176} INFO - Processing /home/airflow/.local/lib/python3.7/site-packages/airflow/example_dags/example_branch_python_dop_operator_3.py took 0.185 seconds
[2024-07-31T12:33:32.818+0000] {processor.py:154} INFO - Started process (PID=2501) to work on /home/airflow/.local/lib/python3.7/site-packages/airflow/example_dags/example_branch_python_dop_operator_3.py
[2024-07-31T12:33:32.866+0000] {processor.py:756} INFO - Processing file /home/airflow/.local/lib/python3.7/site-packages/airflow/example_dags/example_branch_python_dop_operator_3.py for tasks to queue
[2024-07-31T12:33:32.884+0000] {logging_mixin.py:120} INFO - [2024-07-31T12:33:32.884+0000] {dagbag.py:537} INFO - Filling up the DagBag from /home/airflow/.local/lib/python3.7/site-packages/airflow/example_dags/example_branch_python_dop_operator_3.py
[2024-07-31T12:33:32.921+0000] {processor.py:766} INFO - DAG(s) dict_keys(['example_branch_dop_operator_v3']) retrieved from /home/airflow/.local/lib/python3.7/site-packages/airflow/example_dags/example_branch_python_dop_operator_3.py
[2024-07-31T12:33:32.988+0000] {logging_mixin.py:120} INFO - [2024-07-31T12:33:32.988+0000] {dag.py:2585} INFO - Sync 1 DAGs
[2024-07-31T12:33:33.070+0000] {logging_mixin.py:120} INFO - [2024-07-31T12:33:33.070+0000] {dag.py:3340} INFO - Setting next_dagrun for example_branch_dop_operator_v3 to 2024-07-31T12:32:00+00:00, run_after=2024-07-31T12:33:00+00:00
[2024-07-31T12:33:33.120+0000] {processor.py:176} INFO - Processing /home/airflow/.local/lib/python3.7/site-packages/airflow/example_dags/example_branch_python_dop_operator_3.py took 0.308 seconds
[2024-07-31T12:34:03.755+0000] {processor.py:154} INFO - Started process (PID=2565) to work on /home/airflow/.local/lib/python3.7/site-packages/airflow/example_dags/example_branch_python_dop_operator_3.py
[2024-07-31T12:34:03.758+0000] {processor.py:756} INFO - Processing file /home/airflow/.local/lib/python3.7/site-packages/airflow/example_dags/example_branch_python_dop_operator_3.py for tasks to queue
[2024-07-31T12:34:03.760+0000] {logging_mixin.py:120} INFO - [2024-07-31T12:34:03.760+0000] {dagbag.py:537} INFO - Filling up the DagBag from /home/airflow/.local/lib/python3.7/site-packages/airflow/example_dags/example_branch_python_dop_operator_3.py
[2024-07-31T12:34:03.807+0000] {processor.py:766} INFO - DAG(s) dict_keys(['example_branch_dop_operator_v3']) retrieved from /home/airflow/.local/lib/python3.7/site-packages/airflow/example_dags/example_branch_python_dop_operator_3.py
[2024-07-31T12:34:03.903+0000] {logging_mixin.py:120} INFO - [2024-07-31T12:34:03.903+0000] {dag.py:2585} INFO - Sync 1 DAGs
[2024-07-31T12:34:03.970+0000] {logging_mixin.py:120} INFO - [2024-07-31T12:34:03.970+0000] {dag.py:3340} INFO - Setting next_dagrun for example_branch_dop_operator_v3 to 2024-07-31T12:33:00+00:00, run_after=2024-07-31T12:34:00+00:00
[2024-07-31T12:34:04.023+0000] {processor.py:176} INFO - Processing /home/airflow/.local/lib/python3.7/site-packages/airflow/example_dags/example_branch_python_dop_operator_3.py took 0.273 seconds
[2024-07-31T12:34:34.492+0000] {processor.py:154} INFO - Started process (PID=2627) to work on /home/airflow/.local/lib/python3.7/site-packages/airflow/example_dags/example_branch_python_dop_operator_3.py
[2024-07-31T12:34:34.507+0000] {processor.py:756} INFO - Processing file /home/airflow/.local/lib/python3.7/site-packages/airflow/example_dags/example_branch_python_dop_operator_3.py for tasks to queue
[2024-07-31T12:34:34.508+0000] {logging_mixin.py:120} INFO - [2024-07-31T12:34:34.508+0000] {dagbag.py:537} INFO - Filling up the DagBag from /home/airflow/.local/lib/python3.7/site-packages/airflow/example_dags/example_branch_python_dop_operator_3.py
[2024-07-31T12:34:34.545+0000] {processor.py:766} INFO - DAG(s) dict_keys(['example_branch_dop_operator_v3']) retrieved from /home/airflow/.local/lib/python3.7/site-packages/airflow/example_dags/example_branch_python_dop_operator_3.py
[2024-07-31T12:34:34.644+0000] {logging_mixin.py:120} INFO - [2024-07-31T12:34:34.643+0000] {dag.py:2585} INFO - Sync 1 DAGs
[2024-07-31T12:34:34.707+0000] {logging_mixin.py:120} INFO - [2024-07-31T12:34:34.707+0000] {dag.py:3340} INFO - Setting next_dagrun for example_branch_dop_operator_v3 to 2024-07-31T12:33:00+00:00, run_after=2024-07-31T12:34:00+00:00
[2024-07-31T12:34:34.760+0000] {processor.py:176} INFO - Processing /home/airflow/.local/lib/python3.7/site-packages/airflow/example_dags/example_branch_python_dop_operator_3.py took 0.271 seconds
[2024-07-31T12:35:05.016+0000] {processor.py:154} INFO - Started process (PID=2681) to work on /home/airflow/.local/lib/python3.7/site-packages/airflow/example_dags/example_branch_python_dop_operator_3.py
[2024-07-31T12:35:05.017+0000] {processor.py:756} INFO - Processing file /home/airflow/.local/lib/python3.7/site-packages/airflow/example_dags/example_branch_python_dop_operator_3.py for tasks to queue
[2024-07-31T12:35:05.018+0000] {logging_mixin.py:120} INFO - [2024-07-31T12:35:05.018+0000] {dagbag.py:537} INFO - Filling up the DagBag from /home/airflow/.local/lib/python3.7/site-packages/airflow/example_dags/example_branch_python_dop_operator_3.py
[2024-07-31T12:35:05.055+0000] {processor.py:766} INFO - DAG(s) dict_keys(['example_branch_dop_operator_v3']) retrieved from /home/airflow/.local/lib/python3.7/site-packages/airflow/example_dags/example_branch_python_dop_operator_3.py
[2024-07-31T12:35:05.111+0000] {logging_mixin.py:120} INFO - [2024-07-31T12:35:05.111+0000] {dag.py:2585} INFO - Sync 1 DAGs
[2024-07-31T12:35:05.151+0000] {logging_mixin.py:120} INFO - [2024-07-31T12:35:05.151+0000] {dag.py:3340} INFO - Setting next_dagrun for example_branch_dop_operator_v3 to 2024-07-31T12:34:00+00:00, run_after=2024-07-31T12:35:00+00:00
[2024-07-31T12:35:05.199+0000] {processor.py:176} INFO - Processing /home/airflow/.local/lib/python3.7/site-packages/airflow/example_dags/example_branch_python_dop_operator_3.py took 0.187 seconds
[2024-07-31T12:35:35.407+0000] {processor.py:154} INFO - Started process (PID=2744) to work on /home/airflow/.local/lib/python3.7/site-packages/airflow/example_dags/example_branch_python_dop_operator_3.py
[2024-07-31T12:35:35.410+0000] {processor.py:756} INFO - Processing file /home/airflow/.local/lib/python3.7/site-packages/airflow/example_dags/example_branch_python_dop_operator_3.py for tasks to queue
[2024-07-31T12:35:35.412+0000] {logging_mixin.py:120} INFO - [2024-07-31T12:35:35.411+0000] {dagbag.py:537} INFO - Filling up the DagBag from /home/airflow/.local/lib/python3.7/site-packages/airflow/example_dags/example_branch_python_dop_operator_3.py
[2024-07-31T12:35:35.455+0000] {processor.py:766} INFO - DAG(s) dict_keys(['example_branch_dop_operator_v3']) retrieved from /home/airflow/.local/lib/python3.7/site-packages/airflow/example_dags/example_branch_python_dop_operator_3.py
[2024-07-31T12:35:35.502+0000] {logging_mixin.py:120} INFO - [2024-07-31T12:35:35.502+0000] {dag.py:2585} INFO - Sync 1 DAGs
[2024-07-31T12:35:35.624+0000] {logging_mixin.py:120} INFO - [2024-07-31T12:35:35.624+0000] {dag.py:3340} INFO - Setting next_dagrun for example_branch_dop_operator_v3 to 2024-07-31T12:34:00+00:00, run_after=2024-07-31T12:35:00+00:00
[2024-07-31T12:35:35.755+0000] {processor.py:176} INFO - Processing /home/airflow/.local/lib/python3.7/site-packages/airflow/example_dags/example_branch_python_dop_operator_3.py took 0.355 seconds
[2024-07-31T12:36:06.007+0000] {processor.py:154} INFO - Started process (PID=2798) to work on /home/airflow/.local/lib/python3.7/site-packages/airflow/example_dags/example_branch_python_dop_operator_3.py
[2024-07-31T12:36:06.013+0000] {processor.py:756} INFO - Processing file /home/airflow/.local/lib/python3.7/site-packages/airflow/example_dags/example_branch_python_dop_operator_3.py for tasks to queue
[2024-07-31T12:36:06.019+0000] {logging_mixin.py:120} INFO - [2024-07-31T12:36:06.019+0000] {dagbag.py:537} INFO - Filling up the DagBag from /home/airflow/.local/lib/python3.7/site-packages/airflow/example_dags/example_branch_python_dop_operator_3.py
[2024-07-31T12:36:06.057+0000] {processor.py:766} INFO - DAG(s) dict_keys(['example_branch_dop_operator_v3']) retrieved from /home/airflow/.local/lib/python3.7/site-packages/airflow/example_dags/example_branch_python_dop_operator_3.py
[2024-07-31T12:36:06.235+0000] {logging_mixin.py:120} INFO - [2024-07-31T12:36:06.235+0000] {dag.py:2585} INFO - Sync 1 DAGs
[2024-07-31T12:36:06.413+0000] {logging_mixin.py:120} INFO - [2024-07-31T12:36:06.412+0000] {dag.py:3340} INFO - Setting next_dagrun for example_branch_dop_operator_v3 to 2024-07-31T12:35:00+00:00, run_after=2024-07-31T12:36:00+00:00
[2024-07-31T12:36:06.549+0000] {processor.py:176} INFO - Processing /home/airflow/.local/lib/python3.7/site-packages/airflow/example_dags/example_branch_python_dop_operator_3.py took 0.546 seconds
[2024-07-31T12:36:36.968+0000] {processor.py:154} INFO - Started process (PID=2862) to work on /home/airflow/.local/lib/python3.7/site-packages/airflow/example_dags/example_branch_python_dop_operator_3.py
[2024-07-31T12:36:36.972+0000] {processor.py:756} INFO - Processing file /home/airflow/.local/lib/python3.7/site-packages/airflow/example_dags/example_branch_python_dop_operator_3.py for tasks to queue
[2024-07-31T12:36:36.975+0000] {logging_mixin.py:120} INFO - [2024-07-31T12:36:36.975+0000] {dagbag.py:537} INFO - Filling up the DagBag from /home/airflow/.local/lib/python3.7/site-packages/airflow/example_dags/example_branch_python_dop_operator_3.py
[2024-07-31T12:36:36.998+0000] {processor.py:766} INFO - DAG(s) dict_keys(['example_branch_dop_operator_v3']) retrieved from /home/airflow/.local/lib/python3.7/site-packages/airflow/example_dags/example_branch_python_dop_operator_3.py
[2024-07-31T12:36:37.160+0000] {logging_mixin.py:120} INFO - [2024-07-31T12:36:37.160+0000] {dag.py:2585} INFO - Sync 1 DAGs
[2024-07-31T12:36:37.325+0000] {logging_mixin.py:120} INFO - [2024-07-31T12:36:37.324+0000] {dag.py:3340} INFO - Setting next_dagrun for example_branch_dop_operator_v3 to 2024-07-31T12:35:00+00:00, run_after=2024-07-31T12:36:00+00:00
[2024-07-31T12:36:37.457+0000] {processor.py:176} INFO - Processing /home/airflow/.local/lib/python3.7/site-packages/airflow/example_dags/example_branch_python_dop_operator_3.py took 0.492 seconds
