[2024-07-31T12:12:19.894+0000] {processor.py:154} INFO - Started process (PID=60) to work on /home/airflow/.local/lib/python3.7/site-packages/airflow/example_dags/example_trigger_controller_dag.py
[2024-07-31T12:12:19.896+0000] {processor.py:756} INFO - Processing file /home/airflow/.local/lib/python3.7/site-packages/airflow/example_dags/example_trigger_controller_dag.py for tasks to queue
[2024-07-31T12:12:19.899+0000] {logging_mixin.py:120} INFO - [2024-07-31T12:12:19.898+0000] {dagbag.py:537} INFO - Filling up the DagBag from /home/airflow/.local/lib/python3.7/site-packages/airflow/example_dags/example_trigger_controller_dag.py
[2024-07-31T12:12:19.918+0000] {processor.py:766} INFO - DAG(s) dict_keys(['example_trigger_controller_dag']) retrieved from /home/airflow/.local/lib/python3.7/site-packages/airflow/example_dags/example_trigger_controller_dag.py
[2024-07-31T12:12:20.157+0000] {logging_mixin.py:120} INFO - [2024-07-31T12:12:20.157+0000] {manager.py:507} INFO - Created Permission View: can read on DAG:example_trigger_controller_dag
[2024-07-31T12:12:20.180+0000] {logging_mixin.py:120} INFO - [2024-07-31T12:12:20.180+0000] {manager.py:507} INFO - Created Permission View: can delete on DAG:example_trigger_controller_dag
[2024-07-31T12:12:20.198+0000] {logging_mixin.py:120} INFO - [2024-07-31T12:12:20.196+0000] {manager.py:507} INFO - Created Permission View: can edit on DAG:example_trigger_controller_dag
[2024-07-31T12:12:20.199+0000] {logging_mixin.py:120} INFO - [2024-07-31T12:12:20.199+0000] {dag.py:2585} INFO - Sync 1 DAGs
[2024-07-31T12:12:20.227+0000] {logging_mixin.py:120} INFO - [2024-07-31T12:12:20.226+0000] {dag.py:2606} INFO - Creating ORM DAG for example_trigger_controller_dag
[2024-07-31T12:12:20.250+0000] {logging_mixin.py:120} INFO - [2024-07-31T12:12:20.250+0000] {dag.py:3340} INFO - Setting next_dagrun for example_trigger_controller_dag to 2021-01-01T00:00:00+00:00, run_after=2021-01-01T00:00:00+00:00
[2024-07-31T12:12:20.313+0000] {processor.py:176} INFO - Processing /home/airflow/.local/lib/python3.7/site-packages/airflow/example_dags/example_trigger_controller_dag.py took 0.425 seconds
[2024-07-31T12:12:50.633+0000] {processor.py:154} INFO - Started process (PID=123) to work on /home/airflow/.local/lib/python3.7/site-packages/airflow/example_dags/example_trigger_controller_dag.py
[2024-07-31T12:12:50.641+0000] {processor.py:756} INFO - Processing file /home/airflow/.local/lib/python3.7/site-packages/airflow/example_dags/example_trigger_controller_dag.py for tasks to queue
[2024-07-31T12:12:50.646+0000] {logging_mixin.py:120} INFO - [2024-07-31T12:12:50.645+0000] {dagbag.py:537} INFO - Filling up the DagBag from /home/airflow/.local/lib/python3.7/site-packages/airflow/example_dags/example_trigger_controller_dag.py
[2024-07-31T12:12:50.677+0000] {processor.py:766} INFO - DAG(s) dict_keys(['example_trigger_controller_dag']) retrieved from /home/airflow/.local/lib/python3.7/site-packages/airflow/example_dags/example_trigger_controller_dag.py
[2024-07-31T12:12:50.733+0000] {logging_mixin.py:120} INFO - [2024-07-31T12:12:50.733+0000] {dag.py:2585} INFO - Sync 1 DAGs
[2024-07-31T12:12:50.776+0000] {logging_mixin.py:120} INFO - [2024-07-31T12:12:50.776+0000] {dag.py:3340} INFO - Setting next_dagrun for example_trigger_controller_dag to 2021-01-01T00:00:00+00:00, run_after=2021-01-01T00:00:00+00:00
[2024-07-31T12:12:50.814+0000] {processor.py:176} INFO - Processing /home/airflow/.local/lib/python3.7/site-packages/airflow/example_dags/example_trigger_controller_dag.py took 0.184 seconds
[2024-07-31T12:13:21.380+0000] {processor.py:154} INFO - Started process (PID=178) to work on /home/airflow/.local/lib/python3.7/site-packages/airflow/example_dags/example_trigger_controller_dag.py
[2024-07-31T12:13:21.386+0000] {processor.py:756} INFO - Processing file /home/airflow/.local/lib/python3.7/site-packages/airflow/example_dags/example_trigger_controller_dag.py for tasks to queue
[2024-07-31T12:13:21.388+0000] {logging_mixin.py:120} INFO - [2024-07-31T12:13:21.388+0000] {dagbag.py:537} INFO - Filling up the DagBag from /home/airflow/.local/lib/python3.7/site-packages/airflow/example_dags/example_trigger_controller_dag.py
[2024-07-31T12:13:21.424+0000] {processor.py:766} INFO - DAG(s) dict_keys(['example_trigger_controller_dag']) retrieved from /home/airflow/.local/lib/python3.7/site-packages/airflow/example_dags/example_trigger_controller_dag.py
[2024-07-31T12:13:21.469+0000] {logging_mixin.py:120} INFO - [2024-07-31T12:13:21.469+0000] {dag.py:2585} INFO - Sync 1 DAGs
[2024-07-31T12:13:21.577+0000] {logging_mixin.py:120} INFO - [2024-07-31T12:13:21.576+0000] {dag.py:3340} INFO - Setting next_dagrun for example_trigger_controller_dag to 2021-01-01T00:00:00+00:00, run_after=2021-01-01T00:00:00+00:00
[2024-07-31T12:13:21.713+0000] {processor.py:176} INFO - Processing /home/airflow/.local/lib/python3.7/site-packages/airflow/example_dags/example_trigger_controller_dag.py took 0.336 seconds
[2024-07-31T12:13:52.233+0000] {processor.py:154} INFO - Started process (PID=241) to work on /home/airflow/.local/lib/python3.7/site-packages/airflow/example_dags/example_trigger_controller_dag.py
[2024-07-31T12:13:52.235+0000] {processor.py:756} INFO - Processing file /home/airflow/.local/lib/python3.7/site-packages/airflow/example_dags/example_trigger_controller_dag.py for tasks to queue
[2024-07-31T12:13:52.236+0000] {logging_mixin.py:120} INFO - [2024-07-31T12:13:52.236+0000] {dagbag.py:537} INFO - Filling up the DagBag from /home/airflow/.local/lib/python3.7/site-packages/airflow/example_dags/example_trigger_controller_dag.py
[2024-07-31T12:13:52.249+0000] {processor.py:766} INFO - DAG(s) dict_keys(['example_trigger_controller_dag']) retrieved from /home/airflow/.local/lib/python3.7/site-packages/airflow/example_dags/example_trigger_controller_dag.py
[2024-07-31T12:13:52.304+0000] {logging_mixin.py:120} INFO - [2024-07-31T12:13:52.304+0000] {dag.py:2585} INFO - Sync 1 DAGs
[2024-07-31T12:13:52.346+0000] {logging_mixin.py:120} INFO - [2024-07-31T12:13:52.346+0000] {dag.py:3340} INFO - Setting next_dagrun for example_trigger_controller_dag to 2021-01-01T00:00:00+00:00, run_after=2021-01-01T00:00:00+00:00
[2024-07-31T12:13:52.395+0000] {processor.py:176} INFO - Processing /home/airflow/.local/lib/python3.7/site-packages/airflow/example_dags/example_trigger_controller_dag.py took 0.168 seconds
[2024-07-31T12:14:22.532+0000] {processor.py:154} INFO - Started process (PID=296) to work on /home/airflow/.local/lib/python3.7/site-packages/airflow/example_dags/example_trigger_controller_dag.py
[2024-07-31T12:14:22.533+0000] {processor.py:756} INFO - Processing file /home/airflow/.local/lib/python3.7/site-packages/airflow/example_dags/example_trigger_controller_dag.py for tasks to queue
[2024-07-31T12:14:22.534+0000] {logging_mixin.py:120} INFO - [2024-07-31T12:14:22.534+0000] {dagbag.py:537} INFO - Filling up the DagBag from /home/airflow/.local/lib/python3.7/site-packages/airflow/example_dags/example_trigger_controller_dag.py
[2024-07-31T12:14:22.545+0000] {processor.py:766} INFO - DAG(s) dict_keys(['example_trigger_controller_dag']) retrieved from /home/airflow/.local/lib/python3.7/site-packages/airflow/example_dags/example_trigger_controller_dag.py
[2024-07-31T12:14:22.603+0000] {logging_mixin.py:120} INFO - [2024-07-31T12:14:22.602+0000] {dag.py:2585} INFO - Sync 1 DAGs
[2024-07-31T12:14:22.631+0000] {logging_mixin.py:120} INFO - [2024-07-31T12:14:22.631+0000] {dag.py:3340} INFO - Setting next_dagrun for example_trigger_controller_dag to 2021-01-01T00:00:00+00:00, run_after=2021-01-01T00:00:00+00:00
[2024-07-31T12:14:22.702+0000] {processor.py:176} INFO - Processing /home/airflow/.local/lib/python3.7/site-packages/airflow/example_dags/example_trigger_controller_dag.py took 0.173 seconds
[2024-07-31T12:14:54.243+0000] {processor.py:154} INFO - Started process (PID=361) to work on /home/airflow/.local/lib/python3.7/site-packages/airflow/example_dags/example_trigger_controller_dag.py
[2024-07-31T12:14:54.260+0000] {processor.py:756} INFO - Processing file /home/airflow/.local/lib/python3.7/site-packages/airflow/example_dags/example_trigger_controller_dag.py for tasks to queue
[2024-07-31T12:14:54.268+0000] {logging_mixin.py:120} INFO - [2024-07-31T12:14:54.267+0000] {dagbag.py:537} INFO - Filling up the DagBag from /home/airflow/.local/lib/python3.7/site-packages/airflow/example_dags/example_trigger_controller_dag.py
[2024-07-31T12:14:54.383+0000] {processor.py:766} INFO - DAG(s) dict_keys(['example_trigger_controller_dag']) retrieved from /home/airflow/.local/lib/python3.7/site-packages/airflow/example_dags/example_trigger_controller_dag.py
[2024-07-31T12:14:54.539+0000] {logging_mixin.py:120} INFO - [2024-07-31T12:14:54.539+0000] {dag.py:2585} INFO - Sync 1 DAGs
[2024-07-31T12:14:54.649+0000] {logging_mixin.py:120} INFO - [2024-07-31T12:14:54.649+0000] {dag.py:3340} INFO - Setting next_dagrun for example_trigger_controller_dag to 2021-01-01T00:00:00+00:00, run_after=2021-01-01T00:00:00+00:00
[2024-07-31T12:14:54.687+0000] {processor.py:176} INFO - Processing /home/airflow/.local/lib/python3.7/site-packages/airflow/example_dags/example_trigger_controller_dag.py took 0.448 seconds
[2024-07-31T12:15:25.735+0000] {processor.py:154} INFO - Started process (PID=424) to work on /home/airflow/.local/lib/python3.7/site-packages/airflow/example_dags/example_trigger_controller_dag.py
[2024-07-31T12:15:25.737+0000] {processor.py:756} INFO - Processing file /home/airflow/.local/lib/python3.7/site-packages/airflow/example_dags/example_trigger_controller_dag.py for tasks to queue
[2024-07-31T12:15:25.738+0000] {logging_mixin.py:120} INFO - [2024-07-31T12:15:25.738+0000] {dagbag.py:537} INFO - Filling up the DagBag from /home/airflow/.local/lib/python3.7/site-packages/airflow/example_dags/example_trigger_controller_dag.py
[2024-07-31T12:15:25.752+0000] {processor.py:766} INFO - DAG(s) dict_keys(['example_trigger_controller_dag']) retrieved from /home/airflow/.local/lib/python3.7/site-packages/airflow/example_dags/example_trigger_controller_dag.py
[2024-07-31T12:15:25.825+0000] {logging_mixin.py:120} INFO - [2024-07-31T12:15:25.825+0000] {dag.py:2585} INFO - Sync 1 DAGs
[2024-07-31T12:15:26.030+0000] {logging_mixin.py:120} INFO - [2024-07-31T12:15:26.029+0000] {dag.py:3340} INFO - Setting next_dagrun for example_trigger_controller_dag to 2021-01-01T00:00:00+00:00, run_after=2021-01-01T00:00:00+00:00
[2024-07-31T12:15:26.159+0000] {processor.py:176} INFO - Processing /home/airflow/.local/lib/python3.7/site-packages/airflow/example_dags/example_trigger_controller_dag.py took 0.428 seconds
[2024-07-31T12:15:56.371+0000] {processor.py:154} INFO - Started process (PID=478) to work on /home/airflow/.local/lib/python3.7/site-packages/airflow/example_dags/example_trigger_controller_dag.py
[2024-07-31T12:15:56.372+0000] {processor.py:756} INFO - Processing file /home/airflow/.local/lib/python3.7/site-packages/airflow/example_dags/example_trigger_controller_dag.py for tasks to queue
[2024-07-31T12:15:56.374+0000] {logging_mixin.py:120} INFO - [2024-07-31T12:15:56.374+0000] {dagbag.py:537} INFO - Filling up the DagBag from /home/airflow/.local/lib/python3.7/site-packages/airflow/example_dags/example_trigger_controller_dag.py
[2024-07-31T12:15:56.390+0000] {processor.py:766} INFO - DAG(s) dict_keys(['example_trigger_controller_dag']) retrieved from /home/airflow/.local/lib/python3.7/site-packages/airflow/example_dags/example_trigger_controller_dag.py
[2024-07-31T12:15:56.441+0000] {logging_mixin.py:120} INFO - [2024-07-31T12:15:56.441+0000] {dag.py:2585} INFO - Sync 1 DAGs
[2024-07-31T12:15:56.479+0000] {logging_mixin.py:120} INFO - [2024-07-31T12:15:56.479+0000] {dag.py:3340} INFO - Setting next_dagrun for example_trigger_controller_dag to 2021-01-01T00:00:00+00:00, run_after=2021-01-01T00:00:00+00:00
[2024-07-31T12:15:56.504+0000] {processor.py:176} INFO - Processing /home/airflow/.local/lib/python3.7/site-packages/airflow/example_dags/example_trigger_controller_dag.py took 0.138 seconds
[2024-07-31T12:16:26.782+0000] {processor.py:154} INFO - Started process (PID=541) to work on /home/airflow/.local/lib/python3.7/site-packages/airflow/example_dags/example_trigger_controller_dag.py
[2024-07-31T12:16:26.784+0000] {processor.py:756} INFO - Processing file /home/airflow/.local/lib/python3.7/site-packages/airflow/example_dags/example_trigger_controller_dag.py for tasks to queue
[2024-07-31T12:16:26.785+0000] {logging_mixin.py:120} INFO - [2024-07-31T12:16:26.785+0000] {dagbag.py:537} INFO - Filling up the DagBag from /home/airflow/.local/lib/python3.7/site-packages/airflow/example_dags/example_trigger_controller_dag.py
[2024-07-31T12:16:26.798+0000] {processor.py:766} INFO - DAG(s) dict_keys(['example_trigger_controller_dag']) retrieved from /home/airflow/.local/lib/python3.7/site-packages/airflow/example_dags/example_trigger_controller_dag.py
[2024-07-31T12:16:26.846+0000] {logging_mixin.py:120} INFO - [2024-07-31T12:16:26.846+0000] {dag.py:2585} INFO - Sync 1 DAGs
[2024-07-31T12:16:26.878+0000] {logging_mixin.py:120} INFO - [2024-07-31T12:16:26.878+0000] {dag.py:3340} INFO - Setting next_dagrun for example_trigger_controller_dag to 2021-01-01T00:00:00+00:00, run_after=2021-01-01T00:00:00+00:00
[2024-07-31T12:16:26.950+0000] {processor.py:176} INFO - Processing /home/airflow/.local/lib/python3.7/site-packages/airflow/example_dags/example_trigger_controller_dag.py took 0.171 seconds
[2024-07-31T12:16:58.203+0000] {processor.py:154} INFO - Started process (PID=604) to work on /home/airflow/.local/lib/python3.7/site-packages/airflow/example_dags/example_trigger_controller_dag.py
[2024-07-31T12:16:58.206+0000] {processor.py:756} INFO - Processing file /home/airflow/.local/lib/python3.7/site-packages/airflow/example_dags/example_trigger_controller_dag.py for tasks to queue
[2024-07-31T12:16:58.213+0000] {logging_mixin.py:120} INFO - [2024-07-31T12:16:58.212+0000] {dagbag.py:537} INFO - Filling up the DagBag from /home/airflow/.local/lib/python3.7/site-packages/airflow/example_dags/example_trigger_controller_dag.py
[2024-07-31T12:16:58.257+0000] {processor.py:766} INFO - DAG(s) dict_keys(['example_trigger_controller_dag']) retrieved from /home/airflow/.local/lib/python3.7/site-packages/airflow/example_dags/example_trigger_controller_dag.py
[2024-07-31T12:16:58.348+0000] {logging_mixin.py:120} INFO - [2024-07-31T12:16:58.347+0000] {dag.py:2585} INFO - Sync 1 DAGs
[2024-07-31T12:16:58.400+0000] {logging_mixin.py:120} INFO - [2024-07-31T12:16:58.399+0000] {dag.py:3340} INFO - Setting next_dagrun for example_trigger_controller_dag to 2021-01-01T00:00:00+00:00, run_after=2021-01-01T00:00:00+00:00
[2024-07-31T12:16:58.443+0000] {processor.py:176} INFO - Processing /home/airflow/.local/lib/python3.7/site-packages/airflow/example_dags/example_trigger_controller_dag.py took 0.246 seconds
[2024-07-31T12:17:29.355+0000] {processor.py:154} INFO - Started process (PID=657) to work on /home/airflow/.local/lib/python3.7/site-packages/airflow/example_dags/example_trigger_controller_dag.py
[2024-07-31T12:17:29.357+0000] {processor.py:756} INFO - Processing file /home/airflow/.local/lib/python3.7/site-packages/airflow/example_dags/example_trigger_controller_dag.py for tasks to queue
[2024-07-31T12:17:29.358+0000] {logging_mixin.py:120} INFO - [2024-07-31T12:17:29.358+0000] {dagbag.py:537} INFO - Filling up the DagBag from /home/airflow/.local/lib/python3.7/site-packages/airflow/example_dags/example_trigger_controller_dag.py
[2024-07-31T12:17:29.372+0000] {processor.py:766} INFO - DAG(s) dict_keys(['example_trigger_controller_dag']) retrieved from /home/airflow/.local/lib/python3.7/site-packages/airflow/example_dags/example_trigger_controller_dag.py
[2024-07-31T12:17:29.425+0000] {logging_mixin.py:120} INFO - [2024-07-31T12:17:29.425+0000] {dag.py:2585} INFO - Sync 1 DAGs
[2024-07-31T12:17:29.456+0000] {logging_mixin.py:120} INFO - [2024-07-31T12:17:29.455+0000] {dag.py:3340} INFO - Setting next_dagrun for example_trigger_controller_dag to 2021-01-01T00:00:00+00:00, run_after=2021-01-01T00:00:00+00:00
[2024-07-31T12:17:29.483+0000] {processor.py:176} INFO - Processing /home/airflow/.local/lib/python3.7/site-packages/airflow/example_dags/example_trigger_controller_dag.py took 0.132 seconds
[2024-07-31T12:17:59.780+0000] {processor.py:154} INFO - Started process (PID=720) to work on /home/airflow/.local/lib/python3.7/site-packages/airflow/example_dags/example_trigger_controller_dag.py
[2024-07-31T12:17:59.802+0000] {processor.py:756} INFO - Processing file /home/airflow/.local/lib/python3.7/site-packages/airflow/example_dags/example_trigger_controller_dag.py for tasks to queue
[2024-07-31T12:17:59.804+0000] {logging_mixin.py:120} INFO - [2024-07-31T12:17:59.804+0000] {dagbag.py:537} INFO - Filling up the DagBag from /home/airflow/.local/lib/python3.7/site-packages/airflow/example_dags/example_trigger_controller_dag.py
[2024-07-31T12:17:59.829+0000] {processor.py:766} INFO - DAG(s) dict_keys(['example_trigger_controller_dag']) retrieved from /home/airflow/.local/lib/python3.7/site-packages/airflow/example_dags/example_trigger_controller_dag.py
[2024-07-31T12:17:59.896+0000] {logging_mixin.py:120} INFO - [2024-07-31T12:17:59.896+0000] {dag.py:2585} INFO - Sync 1 DAGs
[2024-07-31T12:17:59.941+0000] {logging_mixin.py:120} INFO - [2024-07-31T12:17:59.940+0000] {dag.py:3340} INFO - Setting next_dagrun for example_trigger_controller_dag to 2021-01-01T00:00:00+00:00, run_after=2021-01-01T00:00:00+00:00
[2024-07-31T12:17:59.980+0000] {processor.py:176} INFO - Processing /home/airflow/.local/lib/python3.7/site-packages/airflow/example_dags/example_trigger_controller_dag.py took 0.206 seconds
[2024-07-31T12:18:31.900+0000] {processor.py:154} INFO - Started process (PID=773) to work on /home/airflow/.local/lib/python3.7/site-packages/airflow/example_dags/example_trigger_controller_dag.py
[2024-07-31T12:18:31.901+0000] {processor.py:756} INFO - Processing file /home/airflow/.local/lib/python3.7/site-packages/airflow/example_dags/example_trigger_controller_dag.py for tasks to queue
[2024-07-31T12:18:31.904+0000] {logging_mixin.py:120} INFO - [2024-07-31T12:18:31.904+0000] {dagbag.py:537} INFO - Filling up the DagBag from /home/airflow/.local/lib/python3.7/site-packages/airflow/example_dags/example_trigger_controller_dag.py
[2024-07-31T12:18:31.921+0000] {processor.py:766} INFO - DAG(s) dict_keys(['example_trigger_controller_dag']) retrieved from /home/airflow/.local/lib/python3.7/site-packages/airflow/example_dags/example_trigger_controller_dag.py
[2024-07-31T12:18:31.978+0000] {logging_mixin.py:120} INFO - [2024-07-31T12:18:31.977+0000] {dag.py:2585} INFO - Sync 1 DAGs
[2024-07-31T12:18:32.040+0000] {logging_mixin.py:120} INFO - [2024-07-31T12:18:32.039+0000] {dag.py:3340} INFO - Setting next_dagrun for example_trigger_controller_dag to 2021-01-01T00:00:00+00:00, run_after=2021-01-01T00:00:00+00:00
[2024-07-31T12:18:32.070+0000] {processor.py:176} INFO - Processing /home/airflow/.local/lib/python3.7/site-packages/airflow/example_dags/example_trigger_controller_dag.py took 0.173 seconds
[2024-07-31T12:19:02.473+0000] {processor.py:154} INFO - Started process (PID=836) to work on /home/airflow/.local/lib/python3.7/site-packages/airflow/example_dags/example_trigger_controller_dag.py
[2024-07-31T12:19:02.475+0000] {processor.py:756} INFO - Processing file /home/airflow/.local/lib/python3.7/site-packages/airflow/example_dags/example_trigger_controller_dag.py for tasks to queue
[2024-07-31T12:19:02.478+0000] {logging_mixin.py:120} INFO - [2024-07-31T12:19:02.478+0000] {dagbag.py:537} INFO - Filling up the DagBag from /home/airflow/.local/lib/python3.7/site-packages/airflow/example_dags/example_trigger_controller_dag.py
[2024-07-31T12:19:02.495+0000] {processor.py:766} INFO - DAG(s) dict_keys(['example_trigger_controller_dag']) retrieved from /home/airflow/.local/lib/python3.7/site-packages/airflow/example_dags/example_trigger_controller_dag.py
[2024-07-31T12:19:02.546+0000] {logging_mixin.py:120} INFO - [2024-07-31T12:19:02.546+0000] {dag.py:2585} INFO - Sync 1 DAGs
[2024-07-31T12:19:02.643+0000] {logging_mixin.py:120} INFO - [2024-07-31T12:19:02.642+0000] {dag.py:3340} INFO - Setting next_dagrun for example_trigger_controller_dag to 2021-01-01T00:00:00+00:00, run_after=2021-01-01T00:00:00+00:00
[2024-07-31T12:19:02.706+0000] {processor.py:176} INFO - Processing /home/airflow/.local/lib/python3.7/site-packages/airflow/example_dags/example_trigger_controller_dag.py took 0.236 seconds
[2024-07-31T12:19:32.839+0000] {processor.py:154} INFO - Started process (PID=890) to work on /home/airflow/.local/lib/python3.7/site-packages/airflow/example_dags/example_trigger_controller_dag.py
[2024-07-31T12:19:32.840+0000] {processor.py:756} INFO - Processing file /home/airflow/.local/lib/python3.7/site-packages/airflow/example_dags/example_trigger_controller_dag.py for tasks to queue
[2024-07-31T12:19:32.841+0000] {logging_mixin.py:120} INFO - [2024-07-31T12:19:32.841+0000] {dagbag.py:537} INFO - Filling up the DagBag from /home/airflow/.local/lib/python3.7/site-packages/airflow/example_dags/example_trigger_controller_dag.py
[2024-07-31T12:19:32.854+0000] {processor.py:766} INFO - DAG(s) dict_keys(['example_trigger_controller_dag']) retrieved from /home/airflow/.local/lib/python3.7/site-packages/airflow/example_dags/example_trigger_controller_dag.py
[2024-07-31T12:19:32.896+0000] {logging_mixin.py:120} INFO - [2024-07-31T12:19:32.895+0000] {dag.py:2585} INFO - Sync 1 DAGs
[2024-07-31T12:19:32.931+0000] {logging_mixin.py:120} INFO - [2024-07-31T12:19:32.931+0000] {dag.py:3340} INFO - Setting next_dagrun for example_trigger_controller_dag to 2021-01-01T00:00:00+00:00, run_after=2021-01-01T00:00:00+00:00
[2024-07-31T12:19:32.973+0000] {processor.py:176} INFO - Processing /home/airflow/.local/lib/python3.7/site-packages/airflow/example_dags/example_trigger_controller_dag.py took 0.138 seconds
[2024-07-31T12:20:04.173+0000] {processor.py:154} INFO - Started process (PID=952) to work on /home/airflow/.local/lib/python3.7/site-packages/airflow/example_dags/example_trigger_controller_dag.py
[2024-07-31T12:20:04.176+0000] {processor.py:756} INFO - Processing file /home/airflow/.local/lib/python3.7/site-packages/airflow/example_dags/example_trigger_controller_dag.py for tasks to queue
[2024-07-31T12:20:04.179+0000] {logging_mixin.py:120} INFO - [2024-07-31T12:20:04.178+0000] {dagbag.py:537} INFO - Filling up the DagBag from /home/airflow/.local/lib/python3.7/site-packages/airflow/example_dags/example_trigger_controller_dag.py
[2024-07-31T12:20:04.194+0000] {processor.py:766} INFO - DAG(s) dict_keys(['example_trigger_controller_dag']) retrieved from /home/airflow/.local/lib/python3.7/site-packages/airflow/example_dags/example_trigger_controller_dag.py
[2024-07-31T12:20:04.249+0000] {logging_mixin.py:120} INFO - [2024-07-31T12:20:04.248+0000] {dag.py:2585} INFO - Sync 1 DAGs
[2024-07-31T12:20:04.280+0000] {logging_mixin.py:120} INFO - [2024-07-31T12:20:04.279+0000] {dag.py:3340} INFO - Setting next_dagrun for example_trigger_controller_dag to 2021-01-01T00:00:00+00:00, run_after=2021-01-01T00:00:00+00:00
[2024-07-31T12:20:04.312+0000] {processor.py:176} INFO - Processing /home/airflow/.local/lib/python3.7/site-packages/airflow/example_dags/example_trigger_controller_dag.py took 0.143 seconds
[2024-07-31T12:20:34.644+0000] {processor.py:154} INFO - Started process (PID=1015) to work on /home/airflow/.local/lib/python3.7/site-packages/airflow/example_dags/example_trigger_controller_dag.py
[2024-07-31T12:20:34.646+0000] {processor.py:756} INFO - Processing file /home/airflow/.local/lib/python3.7/site-packages/airflow/example_dags/example_trigger_controller_dag.py for tasks to queue
[2024-07-31T12:20:34.648+0000] {logging_mixin.py:120} INFO - [2024-07-31T12:20:34.648+0000] {dagbag.py:537} INFO - Filling up the DagBag from /home/airflow/.local/lib/python3.7/site-packages/airflow/example_dags/example_trigger_controller_dag.py
[2024-07-31T12:20:34.663+0000] {processor.py:766} INFO - DAG(s) dict_keys(['example_trigger_controller_dag']) retrieved from /home/airflow/.local/lib/python3.7/site-packages/airflow/example_dags/example_trigger_controller_dag.py
[2024-07-31T12:20:34.710+0000] {logging_mixin.py:120} INFO - [2024-07-31T12:20:34.710+0000] {dag.py:2585} INFO - Sync 1 DAGs
[2024-07-31T12:20:34.744+0000] {logging_mixin.py:120} INFO - [2024-07-31T12:20:34.744+0000] {dag.py:3340} INFO - Setting next_dagrun for example_trigger_controller_dag to 2021-01-01T00:00:00+00:00, run_after=2021-01-01T00:00:00+00:00
[2024-07-31T12:20:34.773+0000] {processor.py:176} INFO - Processing /home/airflow/.local/lib/python3.7/site-packages/airflow/example_dags/example_trigger_controller_dag.py took 0.132 seconds
[2024-07-31T12:21:06.551+0000] {processor.py:154} INFO - Started process (PID=1069) to work on /home/airflow/.local/lib/python3.7/site-packages/airflow/example_dags/example_trigger_controller_dag.py
[2024-07-31T12:21:06.553+0000] {processor.py:756} INFO - Processing file /home/airflow/.local/lib/python3.7/site-packages/airflow/example_dags/example_trigger_controller_dag.py for tasks to queue
[2024-07-31T12:21:06.554+0000] {logging_mixin.py:120} INFO - [2024-07-31T12:21:06.553+0000] {dagbag.py:537} INFO - Filling up the DagBag from /home/airflow/.local/lib/python3.7/site-packages/airflow/example_dags/example_trigger_controller_dag.py
[2024-07-31T12:21:06.574+0000] {processor.py:766} INFO - DAG(s) dict_keys(['example_trigger_controller_dag']) retrieved from /home/airflow/.local/lib/python3.7/site-packages/airflow/example_dags/example_trigger_controller_dag.py
[2024-07-31T12:21:06.638+0000] {logging_mixin.py:120} INFO - [2024-07-31T12:21:06.638+0000] {dag.py:2585} INFO - Sync 1 DAGs
[2024-07-31T12:21:06.694+0000] {logging_mixin.py:120} INFO - [2024-07-31T12:21:06.694+0000] {dag.py:3340} INFO - Setting next_dagrun for example_trigger_controller_dag to 2021-01-01T00:00:00+00:00, run_after=2021-01-01T00:00:00+00:00
[2024-07-31T12:21:06.763+0000] {processor.py:176} INFO - Processing /home/airflow/.local/lib/python3.7/site-packages/airflow/example_dags/example_trigger_controller_dag.py took 0.217 seconds
[2024-07-31T12:21:37.757+0000] {processor.py:154} INFO - Started process (PID=1132) to work on /home/airflow/.local/lib/python3.7/site-packages/airflow/example_dags/example_trigger_controller_dag.py
[2024-07-31T12:21:37.760+0000] {processor.py:756} INFO - Processing file /home/airflow/.local/lib/python3.7/site-packages/airflow/example_dags/example_trigger_controller_dag.py for tasks to queue
[2024-07-31T12:21:37.763+0000] {logging_mixin.py:120} INFO - [2024-07-31T12:21:37.762+0000] {dagbag.py:537} INFO - Filling up the DagBag from /home/airflow/.local/lib/python3.7/site-packages/airflow/example_dags/example_trigger_controller_dag.py
[2024-07-31T12:21:37.777+0000] {processor.py:766} INFO - DAG(s) dict_keys(['example_trigger_controller_dag']) retrieved from /home/airflow/.local/lib/python3.7/site-packages/airflow/example_dags/example_trigger_controller_dag.py
[2024-07-31T12:21:37.863+0000] {logging_mixin.py:120} INFO - [2024-07-31T12:21:37.863+0000] {dag.py:2585} INFO - Sync 1 DAGs
[2024-07-31T12:21:37.893+0000] {logging_mixin.py:120} INFO - [2024-07-31T12:21:37.893+0000] {dag.py:3340} INFO - Setting next_dagrun for example_trigger_controller_dag to 2021-01-01T00:00:00+00:00, run_after=2021-01-01T00:00:00+00:00
[2024-07-31T12:21:37.947+0000] {processor.py:176} INFO - Processing /home/airflow/.local/lib/python3.7/site-packages/airflow/example_dags/example_trigger_controller_dag.py took 0.197 seconds
[2024-07-31T12:22:08.170+0000] {processor.py:154} INFO - Started process (PID=1195) to work on /home/airflow/.local/lib/python3.7/site-packages/airflow/example_dags/example_trigger_controller_dag.py
[2024-07-31T12:22:08.172+0000] {processor.py:756} INFO - Processing file /home/airflow/.local/lib/python3.7/site-packages/airflow/example_dags/example_trigger_controller_dag.py for tasks to queue
[2024-07-31T12:22:08.174+0000] {logging_mixin.py:120} INFO - [2024-07-31T12:22:08.174+0000] {dagbag.py:537} INFO - Filling up the DagBag from /home/airflow/.local/lib/python3.7/site-packages/airflow/example_dags/example_trigger_controller_dag.py
[2024-07-31T12:22:08.201+0000] {processor.py:766} INFO - DAG(s) dict_keys(['example_trigger_controller_dag']) retrieved from /home/airflow/.local/lib/python3.7/site-packages/airflow/example_dags/example_trigger_controller_dag.py
[2024-07-31T12:22:08.288+0000] {logging_mixin.py:120} INFO - [2024-07-31T12:22:08.288+0000] {dag.py:2585} INFO - Sync 1 DAGs
[2024-07-31T12:22:08.340+0000] {logging_mixin.py:120} INFO - [2024-07-31T12:22:08.340+0000] {dag.py:3340} INFO - Setting next_dagrun for example_trigger_controller_dag to 2021-01-01T00:00:00+00:00, run_after=2021-01-01T00:00:00+00:00
[2024-07-31T12:22:08.404+0000] {processor.py:176} INFO - Processing /home/airflow/.local/lib/python3.7/site-packages/airflow/example_dags/example_trigger_controller_dag.py took 0.249 seconds
[2024-07-31T12:22:39.025+0000] {processor.py:154} INFO - Started process (PID=1249) to work on /home/airflow/.local/lib/python3.7/site-packages/airflow/example_dags/example_trigger_controller_dag.py
[2024-07-31T12:22:39.027+0000] {processor.py:756} INFO - Processing file /home/airflow/.local/lib/python3.7/site-packages/airflow/example_dags/example_trigger_controller_dag.py for tasks to queue
[2024-07-31T12:22:39.029+0000] {logging_mixin.py:120} INFO - [2024-07-31T12:22:39.028+0000] {dagbag.py:537} INFO - Filling up the DagBag from /home/airflow/.local/lib/python3.7/site-packages/airflow/example_dags/example_trigger_controller_dag.py
[2024-07-31T12:22:39.053+0000] {processor.py:766} INFO - DAG(s) dict_keys(['example_trigger_controller_dag']) retrieved from /home/airflow/.local/lib/python3.7/site-packages/airflow/example_dags/example_trigger_controller_dag.py
[2024-07-31T12:22:39.136+0000] {logging_mixin.py:120} INFO - [2024-07-31T12:22:39.135+0000] {dag.py:2585} INFO - Sync 1 DAGs
[2024-07-31T12:22:39.204+0000] {logging_mixin.py:120} INFO - [2024-07-31T12:22:39.203+0000] {dag.py:3340} INFO - Setting next_dagrun for example_trigger_controller_dag to 2021-01-01T00:00:00+00:00, run_after=2021-01-01T00:00:00+00:00
[2024-07-31T12:22:39.269+0000] {processor.py:176} INFO - Processing /home/airflow/.local/lib/python3.7/site-packages/airflow/example_dags/example_trigger_controller_dag.py took 0.250 seconds
[2024-07-31T12:23:09.884+0000] {processor.py:154} INFO - Started process (PID=1313) to work on /home/airflow/.local/lib/python3.7/site-packages/airflow/example_dags/example_trigger_controller_dag.py
[2024-07-31T12:23:09.886+0000] {processor.py:756} INFO - Processing file /home/airflow/.local/lib/python3.7/site-packages/airflow/example_dags/example_trigger_controller_dag.py for tasks to queue
[2024-07-31T12:23:09.887+0000] {logging_mixin.py:120} INFO - [2024-07-31T12:23:09.887+0000] {dagbag.py:537} INFO - Filling up the DagBag from /home/airflow/.local/lib/python3.7/site-packages/airflow/example_dags/example_trigger_controller_dag.py
[2024-07-31T12:23:09.904+0000] {processor.py:766} INFO - DAG(s) dict_keys(['example_trigger_controller_dag']) retrieved from /home/airflow/.local/lib/python3.7/site-packages/airflow/example_dags/example_trigger_controller_dag.py
[2024-07-31T12:23:09.973+0000] {logging_mixin.py:120} INFO - [2024-07-31T12:23:09.973+0000] {dag.py:2585} INFO - Sync 1 DAGs
[2024-07-31T12:23:10.015+0000] {logging_mixin.py:120} INFO - [2024-07-31T12:23:10.015+0000] {dag.py:3340} INFO - Setting next_dagrun for example_trigger_controller_dag to 2021-01-01T00:00:00+00:00, run_after=2021-01-01T00:00:00+00:00
[2024-07-31T12:23:10.048+0000] {processor.py:176} INFO - Processing /home/airflow/.local/lib/python3.7/site-packages/airflow/example_dags/example_trigger_controller_dag.py took 0.169 seconds
[2024-07-31T12:23:40.281+0000] {processor.py:154} INFO - Started process (PID=1367) to work on /home/airflow/.local/lib/python3.7/site-packages/airflow/example_dags/example_trigger_controller_dag.py
[2024-07-31T12:23:40.283+0000] {processor.py:756} INFO - Processing file /home/airflow/.local/lib/python3.7/site-packages/airflow/example_dags/example_trigger_controller_dag.py for tasks to queue
[2024-07-31T12:23:40.284+0000] {logging_mixin.py:120} INFO - [2024-07-31T12:23:40.283+0000] {dagbag.py:537} INFO - Filling up the DagBag from /home/airflow/.local/lib/python3.7/site-packages/airflow/example_dags/example_trigger_controller_dag.py
[2024-07-31T12:23:40.299+0000] {processor.py:766} INFO - DAG(s) dict_keys(['example_trigger_controller_dag']) retrieved from /home/airflow/.local/lib/python3.7/site-packages/airflow/example_dags/example_trigger_controller_dag.py
[2024-07-31T12:23:40.360+0000] {logging_mixin.py:120} INFO - [2024-07-31T12:23:40.360+0000] {dag.py:2585} INFO - Sync 1 DAGs
[2024-07-31T12:23:40.388+0000] {logging_mixin.py:120} INFO - [2024-07-31T12:23:40.388+0000] {dag.py:3340} INFO - Setting next_dagrun for example_trigger_controller_dag to 2021-01-01T00:00:00+00:00, run_after=2021-01-01T00:00:00+00:00
[2024-07-31T12:23:40.415+0000] {processor.py:176} INFO - Processing /home/airflow/.local/lib/python3.7/site-packages/airflow/example_dags/example_trigger_controller_dag.py took 0.136 seconds
[2024-07-31T12:24:15.286+0000] {processor.py:154} INFO - Started process (PID=1430) to work on /home/airflow/.local/lib/python3.7/site-packages/airflow/example_dags/example_trigger_controller_dag.py
[2024-07-31T12:24:15.290+0000] {processor.py:756} INFO - Processing file /home/airflow/.local/lib/python3.7/site-packages/airflow/example_dags/example_trigger_controller_dag.py for tasks to queue
[2024-07-31T12:24:15.328+0000] {logging_mixin.py:120} INFO - [2024-07-31T12:24:15.328+0000] {dagbag.py:537} INFO - Filling up the DagBag from /home/airflow/.local/lib/python3.7/site-packages/airflow/example_dags/example_trigger_controller_dag.py
[2024-07-31T12:24:15.405+0000] {processor.py:766} INFO - DAG(s) dict_keys(['example_trigger_controller_dag']) retrieved from /home/airflow/.local/lib/python3.7/site-packages/airflow/example_dags/example_trigger_controller_dag.py
[2024-07-31T12:24:15.486+0000] {logging_mixin.py:120} INFO - [2024-07-31T12:24:15.486+0000] {dag.py:2585} INFO - Sync 1 DAGs
[2024-07-31T12:24:15.550+0000] {logging_mixin.py:120} INFO - [2024-07-31T12:24:15.550+0000] {dag.py:3340} INFO - Setting next_dagrun for example_trigger_controller_dag to 2021-01-01T00:00:00+00:00, run_after=2021-01-01T00:00:00+00:00
[2024-07-31T12:24:15.611+0000] {processor.py:176} INFO - Processing /home/airflow/.local/lib/python3.7/site-packages/airflow/example_dags/example_trigger_controller_dag.py took 0.329 seconds
[2024-07-31T12:24:45.687+0000] {processor.py:154} INFO - Started process (PID=1492) to work on /home/airflow/.local/lib/python3.7/site-packages/airflow/example_dags/example_trigger_controller_dag.py
[2024-07-31T12:24:45.688+0000] {processor.py:756} INFO - Processing file /home/airflow/.local/lib/python3.7/site-packages/airflow/example_dags/example_trigger_controller_dag.py for tasks to queue
[2024-07-31T12:24:45.690+0000] {logging_mixin.py:120} INFO - [2024-07-31T12:24:45.689+0000] {dagbag.py:537} INFO - Filling up the DagBag from /home/airflow/.local/lib/python3.7/site-packages/airflow/example_dags/example_trigger_controller_dag.py
[2024-07-31T12:24:45.706+0000] {processor.py:766} INFO - DAG(s) dict_keys(['example_trigger_controller_dag']) retrieved from /home/airflow/.local/lib/python3.7/site-packages/airflow/example_dags/example_trigger_controller_dag.py
[2024-07-31T12:24:45.785+0000] {logging_mixin.py:120} INFO - [2024-07-31T12:24:45.785+0000] {dag.py:2585} INFO - Sync 1 DAGs
[2024-07-31T12:24:45.818+0000] {logging_mixin.py:120} INFO - [2024-07-31T12:24:45.817+0000] {dag.py:3340} INFO - Setting next_dagrun for example_trigger_controller_dag to 2021-01-01T00:00:00+00:00, run_after=2021-01-01T00:00:00+00:00
[2024-07-31T12:24:45.863+0000] {processor.py:176} INFO - Processing /home/airflow/.local/lib/python3.7/site-packages/airflow/example_dags/example_trigger_controller_dag.py took 0.181 seconds
[2024-07-31T12:25:16.541+0000] {processor.py:154} INFO - Started process (PID=1546) to work on /home/airflow/.local/lib/python3.7/site-packages/airflow/example_dags/example_trigger_controller_dag.py
[2024-07-31T12:25:16.544+0000] {processor.py:756} INFO - Processing file /home/airflow/.local/lib/python3.7/site-packages/airflow/example_dags/example_trigger_controller_dag.py for tasks to queue
[2024-07-31T12:25:16.546+0000] {logging_mixin.py:120} INFO - [2024-07-31T12:25:16.546+0000] {dagbag.py:537} INFO - Filling up the DagBag from /home/airflow/.local/lib/python3.7/site-packages/airflow/example_dags/example_trigger_controller_dag.py
[2024-07-31T12:25:16.565+0000] {processor.py:766} INFO - DAG(s) dict_keys(['example_trigger_controller_dag']) retrieved from /home/airflow/.local/lib/python3.7/site-packages/airflow/example_dags/example_trigger_controller_dag.py
[2024-07-31T12:25:16.617+0000] {logging_mixin.py:120} INFO - [2024-07-31T12:25:16.616+0000] {dag.py:2585} INFO - Sync 1 DAGs
[2024-07-31T12:25:16.663+0000] {logging_mixin.py:120} INFO - [2024-07-31T12:25:16.663+0000] {dag.py:3340} INFO - Setting next_dagrun for example_trigger_controller_dag to 2021-01-01T00:00:00+00:00, run_after=2021-01-01T00:00:00+00:00
[2024-07-31T12:25:16.697+0000] {processor.py:176} INFO - Processing /home/airflow/.local/lib/python3.7/site-packages/airflow/example_dags/example_trigger_controller_dag.py took 0.164 seconds
[2024-07-31T12:25:47.964+0000] {processor.py:154} INFO - Started process (PID=1609) to work on /home/airflow/.local/lib/python3.7/site-packages/airflow/example_dags/example_trigger_controller_dag.py
[2024-07-31T12:25:48.056+0000] {processor.py:756} INFO - Processing file /home/airflow/.local/lib/python3.7/site-packages/airflow/example_dags/example_trigger_controller_dag.py for tasks to queue
[2024-07-31T12:25:48.058+0000] {logging_mixin.py:120} INFO - [2024-07-31T12:25:48.058+0000] {dagbag.py:537} INFO - Filling up the DagBag from /home/airflow/.local/lib/python3.7/site-packages/airflow/example_dags/example_trigger_controller_dag.py
[2024-07-31T12:25:48.087+0000] {processor.py:766} INFO - DAG(s) dict_keys(['example_trigger_controller_dag']) retrieved from /home/airflow/.local/lib/python3.7/site-packages/airflow/example_dags/example_trigger_controller_dag.py
[2024-07-31T12:25:48.238+0000] {logging_mixin.py:120} INFO - [2024-07-31T12:25:48.238+0000] {dag.py:2585} INFO - Sync 1 DAGs
[2024-07-31T12:25:48.319+0000] {logging_mixin.py:120} INFO - [2024-07-31T12:25:48.319+0000] {dag.py:3340} INFO - Setting next_dagrun for example_trigger_controller_dag to 2021-01-01T00:00:00+00:00, run_after=2021-01-01T00:00:00+00:00
[2024-07-31T12:25:48.397+0000] {processor.py:176} INFO - Processing /home/airflow/.local/lib/python3.7/site-packages/airflow/example_dags/example_trigger_controller_dag.py took 0.437 seconds
[2024-07-31T12:26:19.708+0000] {processor.py:154} INFO - Started process (PID=1672) to work on /home/airflow/.local/lib/python3.7/site-packages/airflow/example_dags/example_trigger_controller_dag.py
[2024-07-31T12:26:19.731+0000] {processor.py:756} INFO - Processing file /home/airflow/.local/lib/python3.7/site-packages/airflow/example_dags/example_trigger_controller_dag.py for tasks to queue
[2024-07-31T12:26:19.734+0000] {logging_mixin.py:120} INFO - [2024-07-31T12:26:19.734+0000] {dagbag.py:537} INFO - Filling up the DagBag from /home/airflow/.local/lib/python3.7/site-packages/airflow/example_dags/example_trigger_controller_dag.py
[2024-07-31T12:26:19.762+0000] {processor.py:766} INFO - DAG(s) dict_keys(['example_trigger_controller_dag']) retrieved from /home/airflow/.local/lib/python3.7/site-packages/airflow/example_dags/example_trigger_controller_dag.py
[2024-07-31T12:26:19.811+0000] {logging_mixin.py:120} INFO - [2024-07-31T12:26:19.811+0000] {dag.py:2585} INFO - Sync 1 DAGs
[2024-07-31T12:26:19.882+0000] {logging_mixin.py:120} INFO - [2024-07-31T12:26:19.882+0000] {dag.py:3340} INFO - Setting next_dagrun for example_trigger_controller_dag to 2021-01-01T00:00:00+00:00, run_after=2021-01-01T00:00:00+00:00
[2024-07-31T12:26:19.913+0000] {processor.py:176} INFO - Processing /home/airflow/.local/lib/python3.7/site-packages/airflow/example_dags/example_trigger_controller_dag.py took 0.209 seconds
[2024-07-31T12:26:51.150+0000] {processor.py:154} INFO - Started process (PID=1726) to work on /home/airflow/.local/lib/python3.7/site-packages/airflow/example_dags/example_trigger_controller_dag.py
[2024-07-31T12:26:51.151+0000] {processor.py:756} INFO - Processing file /home/airflow/.local/lib/python3.7/site-packages/airflow/example_dags/example_trigger_controller_dag.py for tasks to queue
[2024-07-31T12:26:51.152+0000] {logging_mixin.py:120} INFO - [2024-07-31T12:26:51.152+0000] {dagbag.py:537} INFO - Filling up the DagBag from /home/airflow/.local/lib/python3.7/site-packages/airflow/example_dags/example_trigger_controller_dag.py
[2024-07-31T12:26:51.173+0000] {processor.py:766} INFO - DAG(s) dict_keys(['example_trigger_controller_dag']) retrieved from /home/airflow/.local/lib/python3.7/site-packages/airflow/example_dags/example_trigger_controller_dag.py
[2024-07-31T12:26:51.242+0000] {logging_mixin.py:120} INFO - [2024-07-31T12:26:51.242+0000] {dag.py:2585} INFO - Sync 1 DAGs
[2024-07-31T12:26:51.280+0000] {logging_mixin.py:120} INFO - [2024-07-31T12:26:51.279+0000] {dag.py:3340} INFO - Setting next_dagrun for example_trigger_controller_dag to 2021-01-01T00:00:00+00:00, run_after=2021-01-01T00:00:00+00:00
[2024-07-31T12:26:51.314+0000] {processor.py:176} INFO - Processing /home/airflow/.local/lib/python3.7/site-packages/airflow/example_dags/example_trigger_controller_dag.py took 0.169 seconds
[2024-07-31T12:27:23.023+0000] {processor.py:154} INFO - Started process (PID=1789) to work on /home/airflow/.local/lib/python3.7/site-packages/airflow/example_dags/example_trigger_controller_dag.py
[2024-07-31T12:27:23.166+0000] {processor.py:756} INFO - Processing file /home/airflow/.local/lib/python3.7/site-packages/airflow/example_dags/example_trigger_controller_dag.py for tasks to queue
[2024-07-31T12:27:23.173+0000] {logging_mixin.py:120} INFO - [2024-07-31T12:27:23.173+0000] {dagbag.py:537} INFO - Filling up the DagBag from /home/airflow/.local/lib/python3.7/site-packages/airflow/example_dags/example_trigger_controller_dag.py
[2024-07-31T12:27:23.193+0000] {processor.py:766} INFO - DAG(s) dict_keys(['example_trigger_controller_dag']) retrieved from /home/airflow/.local/lib/python3.7/site-packages/airflow/example_dags/example_trigger_controller_dag.py
[2024-07-31T12:27:23.368+0000] {logging_mixin.py:120} INFO - [2024-07-31T12:27:23.368+0000] {dag.py:2585} INFO - Sync 1 DAGs
[2024-07-31T12:27:23.582+0000] {logging_mixin.py:120} INFO - [2024-07-31T12:27:23.581+0000] {dag.py:3340} INFO - Setting next_dagrun for example_trigger_controller_dag to 2021-01-01T00:00:00+00:00, run_after=2021-01-01T00:00:00+00:00
[2024-07-31T12:27:23.624+0000] {processor.py:176} INFO - Processing /home/airflow/.local/lib/python3.7/site-packages/airflow/example_dags/example_trigger_controller_dag.py took 0.604 seconds
[2024-07-31T12:27:53.782+0000] {processor.py:154} INFO - Started process (PID=1853) to work on /home/airflow/.local/lib/python3.7/site-packages/airflow/example_dags/example_trigger_controller_dag.py
[2024-07-31T12:27:53.784+0000] {processor.py:756} INFO - Processing file /home/airflow/.local/lib/python3.7/site-packages/airflow/example_dags/example_trigger_controller_dag.py for tasks to queue
[2024-07-31T12:27:53.786+0000] {logging_mixin.py:120} INFO - [2024-07-31T12:27:53.786+0000] {dagbag.py:537} INFO - Filling up the DagBag from /home/airflow/.local/lib/python3.7/site-packages/airflow/example_dags/example_trigger_controller_dag.py
[2024-07-31T12:27:53.800+0000] {processor.py:766} INFO - DAG(s) dict_keys(['example_trigger_controller_dag']) retrieved from /home/airflow/.local/lib/python3.7/site-packages/airflow/example_dags/example_trigger_controller_dag.py
[2024-07-31T12:27:53.862+0000] {logging_mixin.py:120} INFO - [2024-07-31T12:27:53.862+0000] {dag.py:2585} INFO - Sync 1 DAGs
[2024-07-31T12:27:53.891+0000] {logging_mixin.py:120} INFO - [2024-07-31T12:27:53.891+0000] {dag.py:3340} INFO - Setting next_dagrun for example_trigger_controller_dag to 2021-01-01T00:00:00+00:00, run_after=2021-01-01T00:00:00+00:00
[2024-07-31T12:27:53.920+0000] {processor.py:176} INFO - Processing /home/airflow/.local/lib/python3.7/site-packages/airflow/example_dags/example_trigger_controller_dag.py took 0.141 seconds
[2024-07-31T12:28:24.784+0000] {processor.py:154} INFO - Started process (PID=1908) to work on /home/airflow/.local/lib/python3.7/site-packages/airflow/example_dags/example_trigger_controller_dag.py
[2024-07-31T12:28:24.790+0000] {processor.py:756} INFO - Processing file /home/airflow/.local/lib/python3.7/site-packages/airflow/example_dags/example_trigger_controller_dag.py for tasks to queue
[2024-07-31T12:28:24.794+0000] {logging_mixin.py:120} INFO - [2024-07-31T12:28:24.793+0000] {dagbag.py:537} INFO - Filling up the DagBag from /home/airflow/.local/lib/python3.7/site-packages/airflow/example_dags/example_trigger_controller_dag.py
[2024-07-31T12:28:24.811+0000] {processor.py:766} INFO - DAG(s) dict_keys(['example_trigger_controller_dag']) retrieved from /home/airflow/.local/lib/python3.7/site-packages/airflow/example_dags/example_trigger_controller_dag.py
[2024-07-31T12:28:24.985+0000] {logging_mixin.py:120} INFO - [2024-07-31T12:28:24.985+0000] {dag.py:2585} INFO - Sync 1 DAGs
[2024-07-31T12:28:25.094+0000] {logging_mixin.py:120} INFO - [2024-07-31T12:28:25.093+0000] {dag.py:3340} INFO - Setting next_dagrun for example_trigger_controller_dag to 2021-01-01T00:00:00+00:00, run_after=2021-01-01T00:00:00+00:00
[2024-07-31T12:28:25.210+0000] {processor.py:176} INFO - Processing /home/airflow/.local/lib/python3.7/site-packages/airflow/example_dags/example_trigger_controller_dag.py took 0.431 seconds
[2024-07-31T12:28:55.817+0000] {processor.py:154} INFO - Started process (PID=1971) to work on /home/airflow/.local/lib/python3.7/site-packages/airflow/example_dags/example_trigger_controller_dag.py
[2024-07-31T12:28:55.818+0000] {processor.py:756} INFO - Processing file /home/airflow/.local/lib/python3.7/site-packages/airflow/example_dags/example_trigger_controller_dag.py for tasks to queue
[2024-07-31T12:28:55.819+0000] {logging_mixin.py:120} INFO - [2024-07-31T12:28:55.819+0000] {dagbag.py:537} INFO - Filling up the DagBag from /home/airflow/.local/lib/python3.7/site-packages/airflow/example_dags/example_trigger_controller_dag.py
[2024-07-31T12:28:55.833+0000] {processor.py:766} INFO - DAG(s) dict_keys(['example_trigger_controller_dag']) retrieved from /home/airflow/.local/lib/python3.7/site-packages/airflow/example_dags/example_trigger_controller_dag.py
[2024-07-31T12:28:55.873+0000] {logging_mixin.py:120} INFO - [2024-07-31T12:28:55.872+0000] {dag.py:2585} INFO - Sync 1 DAGs
[2024-07-31T12:28:55.900+0000] {logging_mixin.py:120} INFO - [2024-07-31T12:28:55.899+0000] {dag.py:3340} INFO - Setting next_dagrun for example_trigger_controller_dag to 2021-01-01T00:00:00+00:00, run_after=2021-01-01T00:00:00+00:00
[2024-07-31T12:28:55.923+0000] {processor.py:176} INFO - Processing /home/airflow/.local/lib/python3.7/site-packages/airflow/example_dags/example_trigger_controller_dag.py took 0.110 seconds
[2024-07-31T12:29:26.489+0000] {processor.py:154} INFO - Started process (PID=2025) to work on /home/airflow/.local/lib/python3.7/site-packages/airflow/example_dags/example_trigger_controller_dag.py
[2024-07-31T12:29:26.491+0000] {processor.py:756} INFO - Processing file /home/airflow/.local/lib/python3.7/site-packages/airflow/example_dags/example_trigger_controller_dag.py for tasks to queue
[2024-07-31T12:29:26.492+0000] {logging_mixin.py:120} INFO - [2024-07-31T12:29:26.492+0000] {dagbag.py:537} INFO - Filling up the DagBag from /home/airflow/.local/lib/python3.7/site-packages/airflow/example_dags/example_trigger_controller_dag.py
[2024-07-31T12:29:26.506+0000] {processor.py:766} INFO - DAG(s) dict_keys(['example_trigger_controller_dag']) retrieved from /home/airflow/.local/lib/python3.7/site-packages/airflow/example_dags/example_trigger_controller_dag.py
[2024-07-31T12:29:26.568+0000] {logging_mixin.py:120} INFO - [2024-07-31T12:29:26.567+0000] {dag.py:2585} INFO - Sync 1 DAGs
[2024-07-31T12:29:26.606+0000] {logging_mixin.py:120} INFO - [2024-07-31T12:29:26.605+0000] {dag.py:3340} INFO - Setting next_dagrun for example_trigger_controller_dag to 2021-01-01T00:00:00+00:00, run_after=2021-01-01T00:00:00+00:00
[2024-07-31T12:29:26.636+0000] {processor.py:176} INFO - Processing /home/airflow/.local/lib/python3.7/site-packages/airflow/example_dags/example_trigger_controller_dag.py took 0.152 seconds
[2024-07-31T12:29:57.431+0000] {processor.py:154} INFO - Started process (PID=2089) to work on /home/airflow/.local/lib/python3.7/site-packages/airflow/example_dags/example_trigger_controller_dag.py
[2024-07-31T12:29:57.432+0000] {processor.py:756} INFO - Processing file /home/airflow/.local/lib/python3.7/site-packages/airflow/example_dags/example_trigger_controller_dag.py for tasks to queue
[2024-07-31T12:29:57.433+0000] {logging_mixin.py:120} INFO - [2024-07-31T12:29:57.433+0000] {dagbag.py:537} INFO - Filling up the DagBag from /home/airflow/.local/lib/python3.7/site-packages/airflow/example_dags/example_trigger_controller_dag.py
[2024-07-31T12:29:57.446+0000] {processor.py:766} INFO - DAG(s) dict_keys(['example_trigger_controller_dag']) retrieved from /home/airflow/.local/lib/python3.7/site-packages/airflow/example_dags/example_trigger_controller_dag.py
[2024-07-31T12:29:57.503+0000] {logging_mixin.py:120} INFO - [2024-07-31T12:29:57.503+0000] {dag.py:2585} INFO - Sync 1 DAGs
[2024-07-31T12:29:57.526+0000] {logging_mixin.py:120} INFO - [2024-07-31T12:29:57.526+0000] {dag.py:3340} INFO - Setting next_dagrun for example_trigger_controller_dag to 2021-01-01T00:00:00+00:00, run_after=2021-01-01T00:00:00+00:00
[2024-07-31T12:29:57.549+0000] {processor.py:176} INFO - Processing /home/airflow/.local/lib/python3.7/site-packages/airflow/example_dags/example_trigger_controller_dag.py took 0.120 seconds
[2024-07-31T12:30:27.596+0000] {processor.py:154} INFO - Started process (PID=2151) to work on /home/airflow/.local/lib/python3.7/site-packages/airflow/example_dags/example_trigger_controller_dag.py
[2024-07-31T12:30:27.598+0000] {processor.py:756} INFO - Processing file /home/airflow/.local/lib/python3.7/site-packages/airflow/example_dags/example_trigger_controller_dag.py for tasks to queue
[2024-07-31T12:30:27.654+0000] {logging_mixin.py:120} INFO - [2024-07-31T12:30:27.654+0000] {dagbag.py:537} INFO - Filling up the DagBag from /home/airflow/.local/lib/python3.7/site-packages/airflow/example_dags/example_trigger_controller_dag.py
[2024-07-31T12:30:27.683+0000] {processor.py:766} INFO - DAG(s) dict_keys(['example_trigger_controller_dag']) retrieved from /home/airflow/.local/lib/python3.7/site-packages/airflow/example_dags/example_trigger_controller_dag.py
[2024-07-31T12:30:27.745+0000] {logging_mixin.py:120} INFO - [2024-07-31T12:30:27.744+0000] {dag.py:2585} INFO - Sync 1 DAGs
[2024-07-31T12:30:27.872+0000] {logging_mixin.py:120} INFO - [2024-07-31T12:30:27.872+0000] {dag.py:3340} INFO - Setting next_dagrun for example_trigger_controller_dag to 2021-01-01T00:00:00+00:00, run_after=2021-01-01T00:00:00+00:00
[2024-07-31T12:30:27.978+0000] {processor.py:176} INFO - Processing /home/airflow/.local/lib/python3.7/site-packages/airflow/example_dags/example_trigger_controller_dag.py took 0.388 seconds
[2024-07-31T12:30:58.381+0000] {processor.py:154} INFO - Started process (PID=2204) to work on /home/airflow/.local/lib/python3.7/site-packages/airflow/example_dags/example_trigger_controller_dag.py
[2024-07-31T12:30:58.383+0000] {processor.py:756} INFO - Processing file /home/airflow/.local/lib/python3.7/site-packages/airflow/example_dags/example_trigger_controller_dag.py for tasks to queue
[2024-07-31T12:30:58.384+0000] {logging_mixin.py:120} INFO - [2024-07-31T12:30:58.383+0000] {dagbag.py:537} INFO - Filling up the DagBag from /home/airflow/.local/lib/python3.7/site-packages/airflow/example_dags/example_trigger_controller_dag.py
[2024-07-31T12:30:58.396+0000] {processor.py:766} INFO - DAG(s) dict_keys(['example_trigger_controller_dag']) retrieved from /home/airflow/.local/lib/python3.7/site-packages/airflow/example_dags/example_trigger_controller_dag.py
[2024-07-31T12:30:58.448+0000] {logging_mixin.py:120} INFO - [2024-07-31T12:30:58.448+0000] {dag.py:2585} INFO - Sync 1 DAGs
[2024-07-31T12:30:58.478+0000] {logging_mixin.py:120} INFO - [2024-07-31T12:30:58.477+0000] {dag.py:3340} INFO - Setting next_dagrun for example_trigger_controller_dag to 2021-01-01T00:00:00+00:00, run_after=2021-01-01T00:00:00+00:00
[2024-07-31T12:30:58.606+0000] {processor.py:176} INFO - Processing /home/airflow/.local/lib/python3.7/site-packages/airflow/example_dags/example_trigger_controller_dag.py took 0.229 seconds
[2024-07-31T12:31:28.707+0000] {processor.py:154} INFO - Started process (PID=2267) to work on /home/airflow/.local/lib/python3.7/site-packages/airflow/example_dags/example_trigger_controller_dag.py
[2024-07-31T12:31:28.709+0000] {processor.py:756} INFO - Processing file /home/airflow/.local/lib/python3.7/site-packages/airflow/example_dags/example_trigger_controller_dag.py for tasks to queue
[2024-07-31T12:31:28.710+0000] {logging_mixin.py:120} INFO - [2024-07-31T12:31:28.709+0000] {dagbag.py:537} INFO - Filling up the DagBag from /home/airflow/.local/lib/python3.7/site-packages/airflow/example_dags/example_trigger_controller_dag.py
[2024-07-31T12:31:28.723+0000] {processor.py:766} INFO - DAG(s) dict_keys(['example_trigger_controller_dag']) retrieved from /home/airflow/.local/lib/python3.7/site-packages/airflow/example_dags/example_trigger_controller_dag.py
[2024-07-31T12:31:28.766+0000] {logging_mixin.py:120} INFO - [2024-07-31T12:31:28.766+0000] {dag.py:2585} INFO - Sync 1 DAGs
[2024-07-31T12:31:28.799+0000] {logging_mixin.py:120} INFO - [2024-07-31T12:31:28.799+0000] {dag.py:3340} INFO - Setting next_dagrun for example_trigger_controller_dag to 2021-01-01T00:00:00+00:00, run_after=2021-01-01T00:00:00+00:00
[2024-07-31T12:31:28.833+0000] {processor.py:176} INFO - Processing /home/airflow/.local/lib/python3.7/site-packages/airflow/example_dags/example_trigger_controller_dag.py took 0.129 seconds
[2024-07-31T12:31:59.509+0000] {processor.py:154} INFO - Started process (PID=2331) to work on /home/airflow/.local/lib/python3.7/site-packages/airflow/example_dags/example_trigger_controller_dag.py
[2024-07-31T12:31:59.512+0000] {processor.py:756} INFO - Processing file /home/airflow/.local/lib/python3.7/site-packages/airflow/example_dags/example_trigger_controller_dag.py for tasks to queue
[2024-07-31T12:31:59.514+0000] {logging_mixin.py:120} INFO - [2024-07-31T12:31:59.513+0000] {dagbag.py:537} INFO - Filling up the DagBag from /home/airflow/.local/lib/python3.7/site-packages/airflow/example_dags/example_trigger_controller_dag.py
[2024-07-31T12:31:59.540+0000] {processor.py:766} INFO - DAG(s) dict_keys(['example_trigger_controller_dag']) retrieved from /home/airflow/.local/lib/python3.7/site-packages/airflow/example_dags/example_trigger_controller_dag.py
[2024-07-31T12:31:59.618+0000] {logging_mixin.py:120} INFO - [2024-07-31T12:31:59.618+0000] {dag.py:2585} INFO - Sync 1 DAGs
[2024-07-31T12:31:59.662+0000] {logging_mixin.py:120} INFO - [2024-07-31T12:31:59.662+0000] {dag.py:3340} INFO - Setting next_dagrun for example_trigger_controller_dag to 2021-01-01T00:00:00+00:00, run_after=2021-01-01T00:00:00+00:00
[2024-07-31T12:31:59.697+0000] {processor.py:176} INFO - Processing /home/airflow/.local/lib/python3.7/site-packages/airflow/example_dags/example_trigger_controller_dag.py took 0.192 seconds
[2024-07-31T12:32:30.615+0000] {processor.py:154} INFO - Started process (PID=2385) to work on /home/airflow/.local/lib/python3.7/site-packages/airflow/example_dags/example_trigger_controller_dag.py
[2024-07-31T12:32:30.649+0000] {processor.py:756} INFO - Processing file /home/airflow/.local/lib/python3.7/site-packages/airflow/example_dags/example_trigger_controller_dag.py for tasks to queue
[2024-07-31T12:32:30.722+0000] {logging_mixin.py:120} INFO - [2024-07-31T12:32:30.722+0000] {dagbag.py:537} INFO - Filling up the DagBag from /home/airflow/.local/lib/python3.7/site-packages/airflow/example_dags/example_trigger_controller_dag.py
[2024-07-31T12:32:30.753+0000] {processor.py:766} INFO - DAG(s) dict_keys(['example_trigger_controller_dag']) retrieved from /home/airflow/.local/lib/python3.7/site-packages/airflow/example_dags/example_trigger_controller_dag.py
[2024-07-31T12:32:30.896+0000] {logging_mixin.py:120} INFO - [2024-07-31T12:32:30.896+0000] {dag.py:2585} INFO - Sync 1 DAGs
[2024-07-31T12:32:31.002+0000] {logging_mixin.py:120} INFO - [2024-07-31T12:32:31.001+0000] {dag.py:3340} INFO - Setting next_dagrun for example_trigger_controller_dag to 2021-01-01T00:00:00+00:00, run_after=2021-01-01T00:00:00+00:00
[2024-07-31T12:32:31.185+0000] {processor.py:176} INFO - Processing /home/airflow/.local/lib/python3.7/site-packages/airflow/example_dags/example_trigger_controller_dag.py took 0.574 seconds
[2024-07-31T12:33:01.459+0000] {processor.py:154} INFO - Started process (PID=2448) to work on /home/airflow/.local/lib/python3.7/site-packages/airflow/example_dags/example_trigger_controller_dag.py
[2024-07-31T12:33:01.485+0000] {processor.py:756} INFO - Processing file /home/airflow/.local/lib/python3.7/site-packages/airflow/example_dags/example_trigger_controller_dag.py for tasks to queue
[2024-07-31T12:33:01.521+0000] {logging_mixin.py:120} INFO - [2024-07-31T12:33:01.521+0000] {dagbag.py:537} INFO - Filling up the DagBag from /home/airflow/.local/lib/python3.7/site-packages/airflow/example_dags/example_trigger_controller_dag.py
[2024-07-31T12:33:01.560+0000] {processor.py:766} INFO - DAG(s) dict_keys(['example_trigger_controller_dag']) retrieved from /home/airflow/.local/lib/python3.7/site-packages/airflow/example_dags/example_trigger_controller_dag.py
[2024-07-31T12:33:01.618+0000] {logging_mixin.py:120} INFO - [2024-07-31T12:33:01.618+0000] {dag.py:2585} INFO - Sync 1 DAGs
[2024-07-31T12:33:01.685+0000] {logging_mixin.py:120} INFO - [2024-07-31T12:33:01.685+0000] {dag.py:3340} INFO - Setting next_dagrun for example_trigger_controller_dag to 2021-01-01T00:00:00+00:00, run_after=2021-01-01T00:00:00+00:00
[2024-07-31T12:33:01.716+0000] {processor.py:176} INFO - Processing /home/airflow/.local/lib/python3.7/site-packages/airflow/example_dags/example_trigger_controller_dag.py took 0.260 seconds
[2024-07-31T12:33:32.818+0000] {processor.py:154} INFO - Started process (PID=2502) to work on /home/airflow/.local/lib/python3.7/site-packages/airflow/example_dags/example_trigger_controller_dag.py
[2024-07-31T12:33:32.820+0000] {processor.py:756} INFO - Processing file /home/airflow/.local/lib/python3.7/site-packages/airflow/example_dags/example_trigger_controller_dag.py for tasks to queue
[2024-07-31T12:33:32.821+0000] {logging_mixin.py:120} INFO - [2024-07-31T12:33:32.821+0000] {dagbag.py:537} INFO - Filling up the DagBag from /home/airflow/.local/lib/python3.7/site-packages/airflow/example_dags/example_trigger_controller_dag.py
[2024-07-31T12:33:32.837+0000] {processor.py:766} INFO - DAG(s) dict_keys(['example_trigger_controller_dag']) retrieved from /home/airflow/.local/lib/python3.7/site-packages/airflow/example_dags/example_trigger_controller_dag.py
[2024-07-31T12:33:32.884+0000] {logging_mixin.py:120} INFO - [2024-07-31T12:33:32.883+0000] {dag.py:2585} INFO - Sync 1 DAGs
[2024-07-31T12:33:32.958+0000] {logging_mixin.py:120} INFO - [2024-07-31T12:33:32.958+0000] {dag.py:3340} INFO - Setting next_dagrun for example_trigger_controller_dag to 2021-01-01T00:00:00+00:00, run_after=2021-01-01T00:00:00+00:00
[2024-07-31T12:33:33.030+0000] {processor.py:176} INFO - Processing /home/airflow/.local/lib/python3.7/site-packages/airflow/example_dags/example_trigger_controller_dag.py took 0.217 seconds
[2024-07-31T12:34:03.401+0000] {processor.py:154} INFO - Started process (PID=2564) to work on /home/airflow/.local/lib/python3.7/site-packages/airflow/example_dags/example_trigger_controller_dag.py
[2024-07-31T12:34:03.409+0000] {processor.py:756} INFO - Processing file /home/airflow/.local/lib/python3.7/site-packages/airflow/example_dags/example_trigger_controller_dag.py for tasks to queue
[2024-07-31T12:34:03.412+0000] {logging_mixin.py:120} INFO - [2024-07-31T12:34:03.411+0000] {dagbag.py:537} INFO - Filling up the DagBag from /home/airflow/.local/lib/python3.7/site-packages/airflow/example_dags/example_trigger_controller_dag.py
[2024-07-31T12:34:03.440+0000] {processor.py:766} INFO - DAG(s) dict_keys(['example_trigger_controller_dag']) retrieved from /home/airflow/.local/lib/python3.7/site-packages/airflow/example_dags/example_trigger_controller_dag.py
[2024-07-31T12:34:03.555+0000] {logging_mixin.py:120} INFO - [2024-07-31T12:34:03.554+0000] {dag.py:2585} INFO - Sync 1 DAGs
[2024-07-31T12:34:03.617+0000] {logging_mixin.py:120} INFO - [2024-07-31T12:34:03.616+0000] {dag.py:3340} INFO - Setting next_dagrun for example_trigger_controller_dag to 2021-01-01T00:00:00+00:00, run_after=2021-01-01T00:00:00+00:00
[2024-07-31T12:34:03.667+0000] {processor.py:176} INFO - Processing /home/airflow/.local/lib/python3.7/site-packages/airflow/example_dags/example_trigger_controller_dag.py took 0.274 seconds
[2024-07-31T12:34:34.505+0000] {processor.py:154} INFO - Started process (PID=2628) to work on /home/airflow/.local/lib/python3.7/site-packages/airflow/example_dags/example_trigger_controller_dag.py
[2024-07-31T12:34:34.507+0000] {processor.py:756} INFO - Processing file /home/airflow/.local/lib/python3.7/site-packages/airflow/example_dags/example_trigger_controller_dag.py for tasks to queue
[2024-07-31T12:34:34.508+0000] {logging_mixin.py:120} INFO - [2024-07-31T12:34:34.508+0000] {dagbag.py:537} INFO - Filling up the DagBag from /home/airflow/.local/lib/python3.7/site-packages/airflow/example_dags/example_trigger_controller_dag.py
[2024-07-31T12:34:34.531+0000] {processor.py:766} INFO - DAG(s) dict_keys(['example_trigger_controller_dag']) retrieved from /home/airflow/.local/lib/python3.7/site-packages/airflow/example_dags/example_trigger_controller_dag.py
[2024-07-31T12:34:34.687+0000] {logging_mixin.py:120} INFO - [2024-07-31T12:34:34.687+0000] {dag.py:2585} INFO - Sync 1 DAGs
[2024-07-31T12:34:34.739+0000] {logging_mixin.py:120} INFO - [2024-07-31T12:34:34.738+0000] {dag.py:3340} INFO - Setting next_dagrun for example_trigger_controller_dag to 2021-01-01T00:00:00+00:00, run_after=2021-01-01T00:00:00+00:00
[2024-07-31T12:34:34.781+0000] {processor.py:176} INFO - Processing /home/airflow/.local/lib/python3.7/site-packages/airflow/example_dags/example_trigger_controller_dag.py took 0.279 seconds
[2024-07-31T12:35:05.019+0000] {processor.py:154} INFO - Started process (PID=2682) to work on /home/airflow/.local/lib/python3.7/site-packages/airflow/example_dags/example_trigger_controller_dag.py
[2024-07-31T12:35:05.021+0000] {processor.py:756} INFO - Processing file /home/airflow/.local/lib/python3.7/site-packages/airflow/example_dags/example_trigger_controller_dag.py for tasks to queue
[2024-07-31T12:35:05.022+0000] {logging_mixin.py:120} INFO - [2024-07-31T12:35:05.022+0000] {dagbag.py:537} INFO - Filling up the DagBag from /home/airflow/.local/lib/python3.7/site-packages/airflow/example_dags/example_trigger_controller_dag.py
[2024-07-31T12:35:05.052+0000] {processor.py:766} INFO - DAG(s) dict_keys(['example_trigger_controller_dag']) retrieved from /home/airflow/.local/lib/python3.7/site-packages/airflow/example_dags/example_trigger_controller_dag.py
[2024-07-31T12:35:05.113+0000] {logging_mixin.py:120} INFO - [2024-07-31T12:35:05.113+0000] {dag.py:2585} INFO - Sync 1 DAGs
[2024-07-31T12:35:05.162+0000] {logging_mixin.py:120} INFO - [2024-07-31T12:35:05.162+0000] {dag.py:3340} INFO - Setting next_dagrun for example_trigger_controller_dag to 2021-01-01T00:00:00+00:00, run_after=2021-01-01T00:00:00+00:00
[2024-07-31T12:35:05.196+0000] {processor.py:176} INFO - Processing /home/airflow/.local/lib/python3.7/site-packages/airflow/example_dags/example_trigger_controller_dag.py took 0.181 seconds
[2024-07-31T12:35:35.583+0000] {processor.py:154} INFO - Started process (PID=2745) to work on /home/airflow/.local/lib/python3.7/site-packages/airflow/example_dags/example_trigger_controller_dag.py
[2024-07-31T12:35:35.584+0000] {processor.py:756} INFO - Processing file /home/airflow/.local/lib/python3.7/site-packages/airflow/example_dags/example_trigger_controller_dag.py for tasks to queue
[2024-07-31T12:35:35.586+0000] {logging_mixin.py:120} INFO - [2024-07-31T12:35:35.585+0000] {dagbag.py:537} INFO - Filling up the DagBag from /home/airflow/.local/lib/python3.7/site-packages/airflow/example_dags/example_trigger_controller_dag.py
[2024-07-31T12:35:35.614+0000] {processor.py:766} INFO - DAG(s) dict_keys(['example_trigger_controller_dag']) retrieved from /home/airflow/.local/lib/python3.7/site-packages/airflow/example_dags/example_trigger_controller_dag.py
[2024-07-31T12:35:35.659+0000] {logging_mixin.py:120} INFO - [2024-07-31T12:35:35.659+0000] {dag.py:2585} INFO - Sync 1 DAGs
[2024-07-31T12:35:35.755+0000] {logging_mixin.py:120} INFO - [2024-07-31T12:35:35.755+0000] {dag.py:3340} INFO - Setting next_dagrun for example_trigger_controller_dag to 2021-01-01T00:00:00+00:00, run_after=2021-01-01T00:00:00+00:00
[2024-07-31T12:35:35.875+0000] {processor.py:176} INFO - Processing /home/airflow/.local/lib/python3.7/site-packages/airflow/example_dags/example_trigger_controller_dag.py took 0.308 seconds
[2024-07-31T12:36:06.017+0000] {processor.py:154} INFO - Started process (PID=2799) to work on /home/airflow/.local/lib/python3.7/site-packages/airflow/example_dags/example_trigger_controller_dag.py
[2024-07-31T12:36:06.028+0000] {processor.py:756} INFO - Processing file /home/airflow/.local/lib/python3.7/site-packages/airflow/example_dags/example_trigger_controller_dag.py for tasks to queue
[2024-07-31T12:36:06.031+0000] {logging_mixin.py:120} INFO - [2024-07-31T12:36:06.031+0000] {dagbag.py:537} INFO - Filling up the DagBag from /home/airflow/.local/lib/python3.7/site-packages/airflow/example_dags/example_trigger_controller_dag.py
[2024-07-31T12:36:06.048+0000] {processor.py:766} INFO - DAG(s) dict_keys(['example_trigger_controller_dag']) retrieved from /home/airflow/.local/lib/python3.7/site-packages/airflow/example_dags/example_trigger_controller_dag.py
[2024-07-31T12:36:06.240+0000] {logging_mixin.py:120} INFO - [2024-07-31T12:36:06.240+0000] {dag.py:2585} INFO - Sync 1 DAGs
[2024-07-31T12:36:06.418+0000] {logging_mixin.py:120} INFO - [2024-07-31T12:36:06.418+0000] {dag.py:3340} INFO - Setting next_dagrun for example_trigger_controller_dag to 2021-01-01T00:00:00+00:00, run_after=2021-01-01T00:00:00+00:00
[2024-07-31T12:36:06.553+0000] {processor.py:176} INFO - Processing /home/airflow/.local/lib/python3.7/site-packages/airflow/example_dags/example_trigger_controller_dag.py took 0.540 seconds
[2024-07-31T12:36:36.959+0000] {processor.py:154} INFO - Started process (PID=2863) to work on /home/airflow/.local/lib/python3.7/site-packages/airflow/example_dags/example_trigger_controller_dag.py
[2024-07-31T12:36:36.968+0000] {processor.py:756} INFO - Processing file /home/airflow/.local/lib/python3.7/site-packages/airflow/example_dags/example_trigger_controller_dag.py for tasks to queue
[2024-07-31T12:36:36.974+0000] {logging_mixin.py:120} INFO - [2024-07-31T12:36:36.974+0000] {dagbag.py:537} INFO - Filling up the DagBag from /home/airflow/.local/lib/python3.7/site-packages/airflow/example_dags/example_trigger_controller_dag.py
[2024-07-31T12:36:36.990+0000] {processor.py:766} INFO - DAG(s) dict_keys(['example_trigger_controller_dag']) retrieved from /home/airflow/.local/lib/python3.7/site-packages/airflow/example_dags/example_trigger_controller_dag.py
[2024-07-31T12:36:37.154+0000] {logging_mixin.py:120} INFO - [2024-07-31T12:36:37.154+0000] {dag.py:2585} INFO - Sync 1 DAGs
[2024-07-31T12:36:37.325+0000] {logging_mixin.py:120} INFO - [2024-07-31T12:36:37.324+0000] {dag.py:3340} INFO - Setting next_dagrun for example_trigger_controller_dag to 2021-01-01T00:00:00+00:00, run_after=2021-01-01T00:00:00+00:00
[2024-07-31T12:36:37.472+0000] {processor.py:176} INFO - Processing /home/airflow/.local/lib/python3.7/site-packages/airflow/example_dags/example_trigger_controller_dag.py took 0.516 seconds
