[2024-07-31T12:12:17.625+0000] {processor.py:154} INFO - Started process (PID=52) to work on /home/airflow/.local/lib/python3.7/site-packages/airflow/example_dags/example_short_circuit_operator.py
[2024-07-31T12:12:17.628+0000] {processor.py:756} INFO - Processing file /home/airflow/.local/lib/python3.7/site-packages/airflow/example_dags/example_short_circuit_operator.py for tasks to queue
[2024-07-31T12:12:17.629+0000] {logging_mixin.py:120} INFO - [2024-07-31T12:12:17.629+0000] {dagbag.py:537} INFO - Filling up the DagBag from /home/airflow/.local/lib/python3.7/site-packages/airflow/example_dags/example_short_circuit_operator.py
[2024-07-31T12:12:17.663+0000] {processor.py:766} INFO - DAG(s) dict_keys(['example_short_circuit_operator']) retrieved from /home/airflow/.local/lib/python3.7/site-packages/airflow/example_dags/example_short_circuit_operator.py
[2024-07-31T12:12:17.944+0000] {logging_mixin.py:120} INFO - [2024-07-31T12:12:17.944+0000] {manager.py:507} INFO - Created Permission View: can read on DAG:example_short_circuit_operator
[2024-07-31T12:12:17.984+0000] {logging_mixin.py:120} INFO - [2024-07-31T12:12:17.984+0000] {manager.py:507} INFO - Created Permission View: can delete on DAG:example_short_circuit_operator
[2024-07-31T12:12:18.019+0000] {logging_mixin.py:120} INFO - [2024-07-31T12:12:18.019+0000] {manager.py:507} INFO - Created Permission View: can edit on DAG:example_short_circuit_operator
[2024-07-31T12:12:18.025+0000] {logging_mixin.py:120} INFO - [2024-07-31T12:12:18.025+0000] {dag.py:2585} INFO - Sync 1 DAGs
[2024-07-31T12:12:18.053+0000] {logging_mixin.py:120} INFO - [2024-07-31T12:12:18.053+0000] {dag.py:2606} INFO - Creating ORM DAG for example_short_circuit_operator
[2024-07-31T12:12:18.084+0000] {logging_mixin.py:120} INFO - [2024-07-31T12:12:18.083+0000] {dag.py:3340} INFO - Setting next_dagrun for example_short_circuit_operator to 2024-07-30T12:12:18.082567+00:00, run_after=2024-07-31T12:12:18.082567+00:00
[2024-07-31T12:12:18.140+0000] {processor.py:176} INFO - Processing /home/airflow/.local/lib/python3.7/site-packages/airflow/example_dags/example_short_circuit_operator.py took 0.522 seconds
[2024-07-31T12:12:48.729+0000] {processor.py:154} INFO - Started process (PID=106) to work on /home/airflow/.local/lib/python3.7/site-packages/airflow/example_dags/example_short_circuit_operator.py
[2024-07-31T12:12:48.731+0000] {processor.py:756} INFO - Processing file /home/airflow/.local/lib/python3.7/site-packages/airflow/example_dags/example_short_circuit_operator.py for tasks to queue
[2024-07-31T12:12:48.732+0000] {logging_mixin.py:120} INFO - [2024-07-31T12:12:48.732+0000] {dagbag.py:537} INFO - Filling up the DagBag from /home/airflow/.local/lib/python3.7/site-packages/airflow/example_dags/example_short_circuit_operator.py
[2024-07-31T12:12:48.765+0000] {processor.py:766} INFO - DAG(s) dict_keys(['example_short_circuit_operator']) retrieved from /home/airflow/.local/lib/python3.7/site-packages/airflow/example_dags/example_short_circuit_operator.py
[2024-07-31T12:12:48.858+0000] {logging_mixin.py:120} INFO - [2024-07-31T12:12:48.858+0000] {dag.py:2585} INFO - Sync 1 DAGs
[2024-07-31T12:12:48.895+0000] {logging_mixin.py:120} INFO - [2024-07-31T12:12:48.895+0000] {dag.py:3340} INFO - Setting next_dagrun for example_short_circuit_operator to 2024-07-30T12:12:48.894975+00:00, run_after=2024-07-31T12:12:48.894975+00:00
[2024-07-31T12:12:48.924+0000] {processor.py:176} INFO - Processing /home/airflow/.local/lib/python3.7/site-packages/airflow/example_dags/example_short_circuit_operator.py took 0.198 seconds
[2024-07-31T12:13:19.107+0000] {processor.py:154} INFO - Started process (PID=170) to work on /home/airflow/.local/lib/python3.7/site-packages/airflow/example_dags/example_short_circuit_operator.py
[2024-07-31T12:13:19.109+0000] {processor.py:756} INFO - Processing file /home/airflow/.local/lib/python3.7/site-packages/airflow/example_dags/example_short_circuit_operator.py for tasks to queue
[2024-07-31T12:13:19.109+0000] {logging_mixin.py:120} INFO - [2024-07-31T12:13:19.109+0000] {dagbag.py:537} INFO - Filling up the DagBag from /home/airflow/.local/lib/python3.7/site-packages/airflow/example_dags/example_short_circuit_operator.py
[2024-07-31T12:13:19.130+0000] {processor.py:766} INFO - DAG(s) dict_keys(['example_short_circuit_operator']) retrieved from /home/airflow/.local/lib/python3.7/site-packages/airflow/example_dags/example_short_circuit_operator.py
[2024-07-31T12:13:19.175+0000] {logging_mixin.py:120} INFO - [2024-07-31T12:13:19.175+0000] {dag.py:2585} INFO - Sync 1 DAGs
[2024-07-31T12:13:19.202+0000] {logging_mixin.py:120} INFO - [2024-07-31T12:13:19.202+0000] {dag.py:3340} INFO - Setting next_dagrun for example_short_circuit_operator to 2024-07-30T12:13:19.202155+00:00, run_after=2024-07-31T12:13:19.202155+00:00
[2024-07-31T12:13:19.226+0000] {processor.py:176} INFO - Processing /home/airflow/.local/lib/python3.7/site-packages/airflow/example_dags/example_short_circuit_operator.py took 0.123 seconds
[2024-07-31T12:13:49.833+0000] {processor.py:154} INFO - Started process (PID=233) to work on /home/airflow/.local/lib/python3.7/site-packages/airflow/example_dags/example_short_circuit_operator.py
[2024-07-31T12:13:49.836+0000] {processor.py:756} INFO - Processing file /home/airflow/.local/lib/python3.7/site-packages/airflow/example_dags/example_short_circuit_operator.py for tasks to queue
[2024-07-31T12:13:49.841+0000] {logging_mixin.py:120} INFO - [2024-07-31T12:13:49.840+0000] {dagbag.py:537} INFO - Filling up the DagBag from /home/airflow/.local/lib/python3.7/site-packages/airflow/example_dags/example_short_circuit_operator.py
[2024-07-31T12:13:49.883+0000] {processor.py:766} INFO - DAG(s) dict_keys(['example_short_circuit_operator']) retrieved from /home/airflow/.local/lib/python3.7/site-packages/airflow/example_dags/example_short_circuit_operator.py
[2024-07-31T12:13:49.934+0000] {logging_mixin.py:120} INFO - [2024-07-31T12:13:49.934+0000] {dag.py:2585} INFO - Sync 1 DAGs
[2024-07-31T12:13:49.968+0000] {logging_mixin.py:120} INFO - [2024-07-31T12:13:49.968+0000] {dag.py:3340} INFO - Setting next_dagrun for example_short_circuit_operator to 2024-07-30T12:13:49.967875+00:00, run_after=2024-07-31T12:13:49.967875+00:00
[2024-07-31T12:13:50.024+0000] {processor.py:176} INFO - Processing /home/airflow/.local/lib/python3.7/site-packages/airflow/example_dags/example_short_circuit_operator.py took 0.195 seconds
[2024-07-31T12:14:20.338+0000] {processor.py:154} INFO - Started process (PID=288) to work on /home/airflow/.local/lib/python3.7/site-packages/airflow/example_dags/example_short_circuit_operator.py
[2024-07-31T12:14:20.339+0000] {processor.py:756} INFO - Processing file /home/airflow/.local/lib/python3.7/site-packages/airflow/example_dags/example_short_circuit_operator.py for tasks to queue
[2024-07-31T12:14:20.341+0000] {logging_mixin.py:120} INFO - [2024-07-31T12:14:20.340+0000] {dagbag.py:537} INFO - Filling up the DagBag from /home/airflow/.local/lib/python3.7/site-packages/airflow/example_dags/example_short_circuit_operator.py
[2024-07-31T12:14:20.362+0000] {processor.py:766} INFO - DAG(s) dict_keys(['example_short_circuit_operator']) retrieved from /home/airflow/.local/lib/python3.7/site-packages/airflow/example_dags/example_short_circuit_operator.py
[2024-07-31T12:14:20.408+0000] {logging_mixin.py:120} INFO - [2024-07-31T12:14:20.408+0000] {dag.py:2585} INFO - Sync 1 DAGs
[2024-07-31T12:14:20.442+0000] {logging_mixin.py:120} INFO - [2024-07-31T12:14:20.442+0000] {dag.py:3340} INFO - Setting next_dagrun for example_short_circuit_operator to 2024-07-30T12:14:20.441912+00:00, run_after=2024-07-31T12:14:20.441912+00:00
[2024-07-31T12:14:20.464+0000] {processor.py:176} INFO - Processing /home/airflow/.local/lib/python3.7/site-packages/airflow/example_dags/example_short_circuit_operator.py took 0.129 seconds
[2024-07-31T12:14:50.951+0000] {processor.py:154} INFO - Started process (PID=353) to work on /home/airflow/.local/lib/python3.7/site-packages/airflow/example_dags/example_short_circuit_operator.py
[2024-07-31T12:14:50.955+0000] {processor.py:756} INFO - Processing file /home/airflow/.local/lib/python3.7/site-packages/airflow/example_dags/example_short_circuit_operator.py for tasks to queue
[2024-07-31T12:14:50.957+0000] {logging_mixin.py:120} INFO - [2024-07-31T12:14:50.956+0000] {dagbag.py:537} INFO - Filling up the DagBag from /home/airflow/.local/lib/python3.7/site-packages/airflow/example_dags/example_short_circuit_operator.py
[2024-07-31T12:14:50.979+0000] {processor.py:766} INFO - DAG(s) dict_keys(['example_short_circuit_operator']) retrieved from /home/airflow/.local/lib/python3.7/site-packages/airflow/example_dags/example_short_circuit_operator.py
[2024-07-31T12:14:51.074+0000] {logging_mixin.py:120} INFO - [2024-07-31T12:14:51.074+0000] {dag.py:2585} INFO - Sync 1 DAGs
[2024-07-31T12:14:51.213+0000] {logging_mixin.py:120} INFO - [2024-07-31T12:14:51.213+0000] {dag.py:3340} INFO - Setting next_dagrun for example_short_circuit_operator to 2024-07-30T12:14:51.213580+00:00, run_after=2024-07-31T12:14:51.213580+00:00
[2024-07-31T12:14:51.358+0000] {processor.py:176} INFO - Processing /home/airflow/.local/lib/python3.7/site-packages/airflow/example_dags/example_short_circuit_operator.py took 0.411 seconds
[2024-07-31T12:15:21.405+0000] {processor.py:154} INFO - Started process (PID=407) to work on /home/airflow/.local/lib/python3.7/site-packages/airflow/example_dags/example_short_circuit_operator.py
[2024-07-31T12:15:21.408+0000] {processor.py:756} INFO - Processing file /home/airflow/.local/lib/python3.7/site-packages/airflow/example_dags/example_short_circuit_operator.py for tasks to queue
[2024-07-31T12:15:21.410+0000] {logging_mixin.py:120} INFO - [2024-07-31T12:15:21.410+0000] {dagbag.py:537} INFO - Filling up the DagBag from /home/airflow/.local/lib/python3.7/site-packages/airflow/example_dags/example_short_circuit_operator.py
[2024-07-31T12:15:21.434+0000] {processor.py:766} INFO - DAG(s) dict_keys(['example_short_circuit_operator']) retrieved from /home/airflow/.local/lib/python3.7/site-packages/airflow/example_dags/example_short_circuit_operator.py
[2024-07-31T12:15:21.485+0000] {logging_mixin.py:120} INFO - [2024-07-31T12:15:21.484+0000] {dag.py:2585} INFO - Sync 1 DAGs
[2024-07-31T12:15:21.519+0000] {logging_mixin.py:120} INFO - [2024-07-31T12:15:21.518+0000] {dag.py:3340} INFO - Setting next_dagrun for example_short_circuit_operator to 2024-07-30T12:15:21.518404+00:00, run_after=2024-07-31T12:15:21.518404+00:00
[2024-07-31T12:15:21.562+0000] {processor.py:176} INFO - Processing /home/airflow/.local/lib/python3.7/site-packages/airflow/example_dags/example_short_circuit_operator.py took 0.163 seconds
[2024-07-31T12:15:52.315+0000] {processor.py:154} INFO - Started process (PID=470) to work on /home/airflow/.local/lib/python3.7/site-packages/airflow/example_dags/example_short_circuit_operator.py
[2024-07-31T12:15:52.317+0000] {processor.py:756} INFO - Processing file /home/airflow/.local/lib/python3.7/site-packages/airflow/example_dags/example_short_circuit_operator.py for tasks to queue
[2024-07-31T12:15:52.320+0000] {logging_mixin.py:120} INFO - [2024-07-31T12:15:52.320+0000] {dagbag.py:537} INFO - Filling up the DagBag from /home/airflow/.local/lib/python3.7/site-packages/airflow/example_dags/example_short_circuit_operator.py
[2024-07-31T12:15:52.339+0000] {processor.py:766} INFO - DAG(s) dict_keys(['example_short_circuit_operator']) retrieved from /home/airflow/.local/lib/python3.7/site-packages/airflow/example_dags/example_short_circuit_operator.py
[2024-07-31T12:15:52.388+0000] {logging_mixin.py:120} INFO - [2024-07-31T12:15:52.388+0000] {dag.py:2585} INFO - Sync 1 DAGs
[2024-07-31T12:15:52.421+0000] {logging_mixin.py:120} INFO - [2024-07-31T12:15:52.420+0000] {dag.py:3340} INFO - Setting next_dagrun for example_short_circuit_operator to 2024-07-30T12:15:52.420633+00:00, run_after=2024-07-31T12:15:52.420633+00:00
[2024-07-31T12:15:52.451+0000] {processor.py:176} INFO - Processing /home/airflow/.local/lib/python3.7/site-packages/airflow/example_dags/example_short_circuit_operator.py took 0.139 seconds
[2024-07-31T12:16:22.540+0000] {processor.py:154} INFO - Started process (PID=533) to work on /home/airflow/.local/lib/python3.7/site-packages/airflow/example_dags/example_short_circuit_operator.py
[2024-07-31T12:16:22.545+0000] {processor.py:756} INFO - Processing file /home/airflow/.local/lib/python3.7/site-packages/airflow/example_dags/example_short_circuit_operator.py for tasks to queue
[2024-07-31T12:16:22.552+0000] {logging_mixin.py:120} INFO - [2024-07-31T12:16:22.552+0000] {dagbag.py:537} INFO - Filling up the DagBag from /home/airflow/.local/lib/python3.7/site-packages/airflow/example_dags/example_short_circuit_operator.py
[2024-07-31T12:16:22.580+0000] {processor.py:766} INFO - DAG(s) dict_keys(['example_short_circuit_operator']) retrieved from /home/airflow/.local/lib/python3.7/site-packages/airflow/example_dags/example_short_circuit_operator.py
[2024-07-31T12:16:22.671+0000] {logging_mixin.py:120} INFO - [2024-07-31T12:16:22.671+0000] {dag.py:2585} INFO - Sync 1 DAGs
[2024-07-31T12:16:22.719+0000] {logging_mixin.py:120} INFO - [2024-07-31T12:16:22.719+0000] {dag.py:3340} INFO - Setting next_dagrun for example_short_circuit_operator to 2024-07-30T12:16:22.718634+00:00, run_after=2024-07-31T12:16:22.718634+00:00
[2024-07-31T12:16:22.756+0000] {processor.py:176} INFO - Processing /home/airflow/.local/lib/python3.7/site-packages/airflow/example_dags/example_short_circuit_operator.py took 0.220 seconds
[2024-07-31T12:16:53.613+0000] {processor.py:154} INFO - Started process (PID=587) to work on /home/airflow/.local/lib/python3.7/site-packages/airflow/example_dags/example_short_circuit_operator.py
[2024-07-31T12:16:53.614+0000] {processor.py:756} INFO - Processing file /home/airflow/.local/lib/python3.7/site-packages/airflow/example_dags/example_short_circuit_operator.py for tasks to queue
[2024-07-31T12:16:53.615+0000] {logging_mixin.py:120} INFO - [2024-07-31T12:16:53.615+0000] {dagbag.py:537} INFO - Filling up the DagBag from /home/airflow/.local/lib/python3.7/site-packages/airflow/example_dags/example_short_circuit_operator.py
[2024-07-31T12:16:53.633+0000] {processor.py:766} INFO - DAG(s) dict_keys(['example_short_circuit_operator']) retrieved from /home/airflow/.local/lib/python3.7/site-packages/airflow/example_dags/example_short_circuit_operator.py
[2024-07-31T12:16:53.682+0000] {logging_mixin.py:120} INFO - [2024-07-31T12:16:53.682+0000] {dag.py:2585} INFO - Sync 1 DAGs
[2024-07-31T12:16:54.037+0000] {logging_mixin.py:120} INFO - [2024-07-31T12:16:54.036+0000] {dag.py:3340} INFO - Setting next_dagrun for example_short_circuit_operator to 2024-07-30T12:16:54.036533+00:00, run_after=2024-07-31T12:16:54.036533+00:00
[2024-07-31T12:16:54.188+0000] {processor.py:176} INFO - Processing /home/airflow/.local/lib/python3.7/site-packages/airflow/example_dags/example_short_circuit_operator.py took 0.579 seconds
[2024-07-31T12:17:25.532+0000] {processor.py:154} INFO - Started process (PID=649) to work on /home/airflow/.local/lib/python3.7/site-packages/airflow/example_dags/example_short_circuit_operator.py
[2024-07-31T12:17:25.557+0000] {processor.py:756} INFO - Processing file /home/airflow/.local/lib/python3.7/site-packages/airflow/example_dags/example_short_circuit_operator.py for tasks to queue
[2024-07-31T12:17:25.598+0000] {logging_mixin.py:120} INFO - [2024-07-31T12:17:25.597+0000] {dagbag.py:537} INFO - Filling up the DagBag from /home/airflow/.local/lib/python3.7/site-packages/airflow/example_dags/example_short_circuit_operator.py
[2024-07-31T12:17:25.623+0000] {processor.py:766} INFO - DAG(s) dict_keys(['example_short_circuit_operator']) retrieved from /home/airflow/.local/lib/python3.7/site-packages/airflow/example_dags/example_short_circuit_operator.py
[2024-07-31T12:17:25.676+0000] {logging_mixin.py:120} INFO - [2024-07-31T12:17:25.676+0000] {dag.py:2585} INFO - Sync 1 DAGs
[2024-07-31T12:17:25.714+0000] {logging_mixin.py:120} INFO - [2024-07-31T12:17:25.714+0000] {dag.py:3340} INFO - Setting next_dagrun for example_short_circuit_operator to 2024-07-30T12:17:25.714251+00:00, run_after=2024-07-31T12:17:25.714251+00:00
[2024-07-31T12:17:25.738+0000] {processor.py:176} INFO - Processing /home/airflow/.local/lib/python3.7/site-packages/airflow/example_dags/example_short_circuit_operator.py took 0.208 seconds
[2024-07-31T12:17:56.009+0000] {processor.py:154} INFO - Started process (PID=703) to work on /home/airflow/.local/lib/python3.7/site-packages/airflow/example_dags/example_short_circuit_operator.py
[2024-07-31T12:17:56.012+0000] {processor.py:756} INFO - Processing file /home/airflow/.local/lib/python3.7/site-packages/airflow/example_dags/example_short_circuit_operator.py for tasks to queue
[2024-07-31T12:17:56.014+0000] {logging_mixin.py:120} INFO - [2024-07-31T12:17:56.013+0000] {dagbag.py:537} INFO - Filling up the DagBag from /home/airflow/.local/lib/python3.7/site-packages/airflow/example_dags/example_short_circuit_operator.py
[2024-07-31T12:17:56.041+0000] {processor.py:766} INFO - DAG(s) dict_keys(['example_short_circuit_operator']) retrieved from /home/airflow/.local/lib/python3.7/site-packages/airflow/example_dags/example_short_circuit_operator.py
[2024-07-31T12:17:56.091+0000] {logging_mixin.py:120} INFO - [2024-07-31T12:17:56.091+0000] {dag.py:2585} INFO - Sync 1 DAGs
[2024-07-31T12:17:56.122+0000] {logging_mixin.py:120} INFO - [2024-07-31T12:17:56.122+0000] {dag.py:3340} INFO - Setting next_dagrun for example_short_circuit_operator to 2024-07-30T12:17:56.121825+00:00, run_after=2024-07-31T12:17:56.121825+00:00
[2024-07-31T12:17:56.147+0000] {processor.py:176} INFO - Processing /home/airflow/.local/lib/python3.7/site-packages/airflow/example_dags/example_short_circuit_operator.py took 0.143 seconds
[2024-07-31T12:18:26.487+0000] {processor.py:154} INFO - Started process (PID=765) to work on /home/airflow/.local/lib/python3.7/site-packages/airflow/example_dags/example_short_circuit_operator.py
[2024-07-31T12:18:26.488+0000] {processor.py:756} INFO - Processing file /home/airflow/.local/lib/python3.7/site-packages/airflow/example_dags/example_short_circuit_operator.py for tasks to queue
[2024-07-31T12:18:26.489+0000] {logging_mixin.py:120} INFO - [2024-07-31T12:18:26.489+0000] {dagbag.py:537} INFO - Filling up the DagBag from /home/airflow/.local/lib/python3.7/site-packages/airflow/example_dags/example_short_circuit_operator.py
[2024-07-31T12:18:26.509+0000] {processor.py:766} INFO - DAG(s) dict_keys(['example_short_circuit_operator']) retrieved from /home/airflow/.local/lib/python3.7/site-packages/airflow/example_dags/example_short_circuit_operator.py
[2024-07-31T12:18:26.557+0000] {logging_mixin.py:120} INFO - [2024-07-31T12:18:26.556+0000] {dag.py:2585} INFO - Sync 1 DAGs
[2024-07-31T12:18:26.586+0000] {logging_mixin.py:120} INFO - [2024-07-31T12:18:26.586+0000] {dag.py:3340} INFO - Setting next_dagrun for example_short_circuit_operator to 2024-07-30T12:18:26.585731+00:00, run_after=2024-07-31T12:18:26.585731+00:00
[2024-07-31T12:18:26.611+0000] {processor.py:176} INFO - Processing /home/airflow/.local/lib/python3.7/site-packages/airflow/example_dags/example_short_circuit_operator.py took 0.127 seconds
[2024-07-31T12:18:57.374+0000] {processor.py:154} INFO - Started process (PID=819) to work on /home/airflow/.local/lib/python3.7/site-packages/airflow/example_dags/example_short_circuit_operator.py
[2024-07-31T12:18:57.377+0000] {processor.py:756} INFO - Processing file /home/airflow/.local/lib/python3.7/site-packages/airflow/example_dags/example_short_circuit_operator.py for tasks to queue
[2024-07-31T12:18:57.379+0000] {logging_mixin.py:120} INFO - [2024-07-31T12:18:57.378+0000] {dagbag.py:537} INFO - Filling up the DagBag from /home/airflow/.local/lib/python3.7/site-packages/airflow/example_dags/example_short_circuit_operator.py
[2024-07-31T12:18:57.398+0000] {processor.py:766} INFO - DAG(s) dict_keys(['example_short_circuit_operator']) retrieved from /home/airflow/.local/lib/python3.7/site-packages/airflow/example_dags/example_short_circuit_operator.py
[2024-07-31T12:18:57.552+0000] {logging_mixin.py:120} INFO - [2024-07-31T12:18:57.552+0000] {dag.py:2585} INFO - Sync 1 DAGs
[2024-07-31T12:18:57.639+0000] {logging_mixin.py:120} INFO - [2024-07-31T12:18:57.639+0000] {dag.py:3340} INFO - Setting next_dagrun for example_short_circuit_operator to 2024-07-30T12:18:57.639419+00:00, run_after=2024-07-31T12:18:57.639419+00:00
[2024-07-31T12:18:57.695+0000] {processor.py:176} INFO - Processing /home/airflow/.local/lib/python3.7/site-packages/airflow/example_dags/example_short_circuit_operator.py took 0.325 seconds
[2024-07-31T12:19:27.881+0000] {processor.py:154} INFO - Started process (PID=882) to work on /home/airflow/.local/lib/python3.7/site-packages/airflow/example_dags/example_short_circuit_operator.py
[2024-07-31T12:19:27.888+0000] {processor.py:756} INFO - Processing file /home/airflow/.local/lib/python3.7/site-packages/airflow/example_dags/example_short_circuit_operator.py for tasks to queue
[2024-07-31T12:19:27.889+0000] {logging_mixin.py:120} INFO - [2024-07-31T12:19:27.889+0000] {dagbag.py:537} INFO - Filling up the DagBag from /home/airflow/.local/lib/python3.7/site-packages/airflow/example_dags/example_short_circuit_operator.py
[2024-07-31T12:19:27.909+0000] {processor.py:766} INFO - DAG(s) dict_keys(['example_short_circuit_operator']) retrieved from /home/airflow/.local/lib/python3.7/site-packages/airflow/example_dags/example_short_circuit_operator.py
[2024-07-31T12:19:28.055+0000] {logging_mixin.py:120} INFO - [2024-07-31T12:19:28.054+0000] {dag.py:2585} INFO - Sync 1 DAGs
[2024-07-31T12:19:28.218+0000] {logging_mixin.py:120} INFO - [2024-07-31T12:19:28.218+0000] {dag.py:3340} INFO - Setting next_dagrun for example_short_circuit_operator to 2024-07-30T12:19:28.217619+00:00, run_after=2024-07-31T12:19:28.217619+00:00
[2024-07-31T12:19:28.281+0000] {processor.py:176} INFO - Processing /home/airflow/.local/lib/python3.7/site-packages/airflow/example_dags/example_short_circuit_operator.py took 0.405 seconds
[2024-07-31T12:19:58.615+0000] {processor.py:154} INFO - Started process (PID=944) to work on /home/airflow/.local/lib/python3.7/site-packages/airflow/example_dags/example_short_circuit_operator.py
[2024-07-31T12:19:58.617+0000] {processor.py:756} INFO - Processing file /home/airflow/.local/lib/python3.7/site-packages/airflow/example_dags/example_short_circuit_operator.py for tasks to queue
[2024-07-31T12:19:58.618+0000] {logging_mixin.py:120} INFO - [2024-07-31T12:19:58.618+0000] {dagbag.py:537} INFO - Filling up the DagBag from /home/airflow/.local/lib/python3.7/site-packages/airflow/example_dags/example_short_circuit_operator.py
[2024-07-31T12:19:58.653+0000] {processor.py:766} INFO - DAG(s) dict_keys(['example_short_circuit_operator']) retrieved from /home/airflow/.local/lib/python3.7/site-packages/airflow/example_dags/example_short_circuit_operator.py
[2024-07-31T12:19:58.721+0000] {logging_mixin.py:120} INFO - [2024-07-31T12:19:58.721+0000] {dag.py:2585} INFO - Sync 1 DAGs
[2024-07-31T12:19:58.761+0000] {logging_mixin.py:120} INFO - [2024-07-31T12:19:58.761+0000] {dag.py:3340} INFO - Setting next_dagrun for example_short_circuit_operator to 2024-07-30T12:19:58.761588+00:00, run_after=2024-07-31T12:19:58.761588+00:00
[2024-07-31T12:19:58.794+0000] {processor.py:176} INFO - Processing /home/airflow/.local/lib/python3.7/site-packages/airflow/example_dags/example_short_circuit_operator.py took 0.183 seconds
[2024-07-31T12:20:29.299+0000] {processor.py:154} INFO - Started process (PID=998) to work on /home/airflow/.local/lib/python3.7/site-packages/airflow/example_dags/example_short_circuit_operator.py
[2024-07-31T12:20:29.392+0000] {processor.py:756} INFO - Processing file /home/airflow/.local/lib/python3.7/site-packages/airflow/example_dags/example_short_circuit_operator.py for tasks to queue
[2024-07-31T12:20:29.433+0000] {logging_mixin.py:120} INFO - [2024-07-31T12:20:29.432+0000] {dagbag.py:537} INFO - Filling up the DagBag from /home/airflow/.local/lib/python3.7/site-packages/airflow/example_dags/example_short_circuit_operator.py
[2024-07-31T12:20:29.585+0000] {processor.py:766} INFO - DAG(s) dict_keys(['example_short_circuit_operator']) retrieved from /home/airflow/.local/lib/python3.7/site-packages/airflow/example_dags/example_short_circuit_operator.py
[2024-07-31T12:20:29.689+0000] {logging_mixin.py:120} INFO - [2024-07-31T12:20:29.688+0000] {dag.py:2585} INFO - Sync 1 DAGs
[2024-07-31T12:20:29.748+0000] {logging_mixin.py:120} INFO - [2024-07-31T12:20:29.747+0000] {dag.py:3340} INFO - Setting next_dagrun for example_short_circuit_operator to 2024-07-30T12:20:29.747648+00:00, run_after=2024-07-31T12:20:29.747648+00:00
[2024-07-31T12:20:29.801+0000] {processor.py:176} INFO - Processing /home/airflow/.local/lib/python3.7/site-packages/airflow/example_dags/example_short_circuit_operator.py took 0.506 seconds
[2024-07-31T12:21:00.932+0000] {processor.py:154} INFO - Started process (PID=1061) to work on /home/airflow/.local/lib/python3.7/site-packages/airflow/example_dags/example_short_circuit_operator.py
[2024-07-31T12:21:01.050+0000] {processor.py:756} INFO - Processing file /home/airflow/.local/lib/python3.7/site-packages/airflow/example_dags/example_short_circuit_operator.py for tasks to queue
[2024-07-31T12:21:01.060+0000] {logging_mixin.py:120} INFO - [2024-07-31T12:21:01.060+0000] {dagbag.py:537} INFO - Filling up the DagBag from /home/airflow/.local/lib/python3.7/site-packages/airflow/example_dags/example_short_circuit_operator.py
[2024-07-31T12:21:01.086+0000] {processor.py:766} INFO - DAG(s) dict_keys(['example_short_circuit_operator']) retrieved from /home/airflow/.local/lib/python3.7/site-packages/airflow/example_dags/example_short_circuit_operator.py
[2024-07-31T12:21:01.309+0000] {logging_mixin.py:120} INFO - [2024-07-31T12:21:01.309+0000] {dag.py:2585} INFO - Sync 1 DAGs
[2024-07-31T12:21:01.465+0000] {logging_mixin.py:120} INFO - [2024-07-31T12:21:01.464+0000] {dag.py:3340} INFO - Setting next_dagrun for example_short_circuit_operator to 2024-07-30T12:21:01.464567+00:00, run_after=2024-07-31T12:21:01.464567+00:00
[2024-07-31T12:21:01.576+0000] {processor.py:176} INFO - Processing /home/airflow/.local/lib/python3.7/site-packages/airflow/example_dags/example_short_circuit_operator.py took 0.648 seconds
[2024-07-31T12:21:32.709+0000] {processor.py:154} INFO - Started process (PID=1124) to work on /home/airflow/.local/lib/python3.7/site-packages/airflow/example_dags/example_short_circuit_operator.py
[2024-07-31T12:21:32.711+0000] {processor.py:756} INFO - Processing file /home/airflow/.local/lib/python3.7/site-packages/airflow/example_dags/example_short_circuit_operator.py for tasks to queue
[2024-07-31T12:21:32.714+0000] {logging_mixin.py:120} INFO - [2024-07-31T12:21:32.714+0000] {dagbag.py:537} INFO - Filling up the DagBag from /home/airflow/.local/lib/python3.7/site-packages/airflow/example_dags/example_short_circuit_operator.py
[2024-07-31T12:21:32.745+0000] {processor.py:766} INFO - DAG(s) dict_keys(['example_short_circuit_operator']) retrieved from /home/airflow/.local/lib/python3.7/site-packages/airflow/example_dags/example_short_circuit_operator.py
[2024-07-31T12:21:32.837+0000] {logging_mixin.py:120} INFO - [2024-07-31T12:21:32.836+0000] {dag.py:2585} INFO - Sync 1 DAGs
[2024-07-31T12:21:32.896+0000] {logging_mixin.py:120} INFO - [2024-07-31T12:21:32.896+0000] {dag.py:3340} INFO - Setting next_dagrun for example_short_circuit_operator to 2024-07-30T12:21:32.895945+00:00, run_after=2024-07-31T12:21:32.895945+00:00
[2024-07-31T12:21:32.959+0000] {processor.py:176} INFO - Processing /home/airflow/.local/lib/python3.7/site-packages/airflow/example_dags/example_short_circuit_operator.py took 0.256 seconds
[2024-07-31T12:22:03.585+0000] {processor.py:154} INFO - Started process (PID=1178) to work on /home/airflow/.local/lib/python3.7/site-packages/airflow/example_dags/example_short_circuit_operator.py
[2024-07-31T12:22:03.589+0000] {processor.py:756} INFO - Processing file /home/airflow/.local/lib/python3.7/site-packages/airflow/example_dags/example_short_circuit_operator.py for tasks to queue
[2024-07-31T12:22:03.591+0000] {logging_mixin.py:120} INFO - [2024-07-31T12:22:03.590+0000] {dagbag.py:537} INFO - Filling up the DagBag from /home/airflow/.local/lib/python3.7/site-packages/airflow/example_dags/example_short_circuit_operator.py
[2024-07-31T12:22:03.624+0000] {processor.py:766} INFO - DAG(s) dict_keys(['example_short_circuit_operator']) retrieved from /home/airflow/.local/lib/python3.7/site-packages/airflow/example_dags/example_short_circuit_operator.py
[2024-07-31T12:22:03.683+0000] {logging_mixin.py:120} INFO - [2024-07-31T12:22:03.683+0000] {dag.py:2585} INFO - Sync 1 DAGs
[2024-07-31T12:22:03.732+0000] {logging_mixin.py:120} INFO - [2024-07-31T12:22:03.731+0000] {dag.py:3340} INFO - Setting next_dagrun for example_short_circuit_operator to 2024-07-30T12:22:03.731206+00:00, run_after=2024-07-31T12:22:03.731206+00:00
[2024-07-31T12:22:03.773+0000] {processor.py:176} INFO - Processing /home/airflow/.local/lib/python3.7/site-packages/airflow/example_dags/example_short_circuit_operator.py took 0.193 seconds
[2024-07-31T12:22:34.735+0000] {processor.py:154} INFO - Started process (PID=1241) to work on /home/airflow/.local/lib/python3.7/site-packages/airflow/example_dags/example_short_circuit_operator.py
[2024-07-31T12:22:34.743+0000] {processor.py:756} INFO - Processing file /home/airflow/.local/lib/python3.7/site-packages/airflow/example_dags/example_short_circuit_operator.py for tasks to queue
[2024-07-31T12:22:34.746+0000] {logging_mixin.py:120} INFO - [2024-07-31T12:22:34.746+0000] {dagbag.py:537} INFO - Filling up the DagBag from /home/airflow/.local/lib/python3.7/site-packages/airflow/example_dags/example_short_circuit_operator.py
[2024-07-31T12:22:34.774+0000] {processor.py:766} INFO - DAG(s) dict_keys(['example_short_circuit_operator']) retrieved from /home/airflow/.local/lib/python3.7/site-packages/airflow/example_dags/example_short_circuit_operator.py
[2024-07-31T12:22:34.857+0000] {logging_mixin.py:120} INFO - [2024-07-31T12:22:34.857+0000] {dag.py:2585} INFO - Sync 1 DAGs
[2024-07-31T12:22:34.909+0000] {logging_mixin.py:120} INFO - [2024-07-31T12:22:34.909+0000] {dag.py:3340} INFO - Setting next_dagrun for example_short_circuit_operator to 2024-07-30T12:22:34.908925+00:00, run_after=2024-07-31T12:22:34.908925+00:00
[2024-07-31T12:22:34.956+0000] {processor.py:176} INFO - Processing /home/airflow/.local/lib/python3.7/site-packages/airflow/example_dags/example_short_circuit_operator.py took 0.226 seconds
[2024-07-31T12:23:06.881+0000] {processor.py:154} INFO - Started process (PID=1296) to work on /home/airflow/.local/lib/python3.7/site-packages/airflow/example_dags/example_short_circuit_operator.py
[2024-07-31T12:23:06.884+0000] {processor.py:756} INFO - Processing file /home/airflow/.local/lib/python3.7/site-packages/airflow/example_dags/example_short_circuit_operator.py for tasks to queue
[2024-07-31T12:23:06.886+0000] {logging_mixin.py:120} INFO - [2024-07-31T12:23:06.885+0000] {dagbag.py:537} INFO - Filling up the DagBag from /home/airflow/.local/lib/python3.7/site-packages/airflow/example_dags/example_short_circuit_operator.py
[2024-07-31T12:23:06.924+0000] {processor.py:766} INFO - DAG(s) dict_keys(['example_short_circuit_operator']) retrieved from /home/airflow/.local/lib/python3.7/site-packages/airflow/example_dags/example_short_circuit_operator.py
[2024-07-31T12:23:06.987+0000] {logging_mixin.py:120} INFO - [2024-07-31T12:23:06.987+0000] {dag.py:2585} INFO - Sync 1 DAGs
[2024-07-31T12:23:07.029+0000] {logging_mixin.py:120} INFO - [2024-07-31T12:23:07.029+0000] {dag.py:3340} INFO - Setting next_dagrun for example_short_circuit_operator to 2024-07-30T12:23:07.029325+00:00, run_after=2024-07-31T12:23:07.029325+00:00
[2024-07-31T12:23:07.070+0000] {processor.py:176} INFO - Processing /home/airflow/.local/lib/python3.7/site-packages/airflow/example_dags/example_short_circuit_operator.py took 0.193 seconds
[2024-07-31T12:23:37.282+0000] {processor.py:154} INFO - Started process (PID=1359) to work on /home/airflow/.local/lib/python3.7/site-packages/airflow/example_dags/example_short_circuit_operator.py
[2024-07-31T12:23:37.283+0000] {processor.py:756} INFO - Processing file /home/airflow/.local/lib/python3.7/site-packages/airflow/example_dags/example_short_circuit_operator.py for tasks to queue
[2024-07-31T12:23:37.284+0000] {logging_mixin.py:120} INFO - [2024-07-31T12:23:37.284+0000] {dagbag.py:537} INFO - Filling up the DagBag from /home/airflow/.local/lib/python3.7/site-packages/airflow/example_dags/example_short_circuit_operator.py
[2024-07-31T12:23:37.308+0000] {processor.py:766} INFO - DAG(s) dict_keys(['example_short_circuit_operator']) retrieved from /home/airflow/.local/lib/python3.7/site-packages/airflow/example_dags/example_short_circuit_operator.py
[2024-07-31T12:23:37.353+0000] {logging_mixin.py:120} INFO - [2024-07-31T12:23:37.353+0000] {dag.py:2585} INFO - Sync 1 DAGs
[2024-07-31T12:23:37.415+0000] {logging_mixin.py:120} INFO - [2024-07-31T12:23:37.414+0000] {dag.py:3340} INFO - Setting next_dagrun for example_short_circuit_operator to 2024-07-30T12:23:37.414544+00:00, run_after=2024-07-31T12:23:37.414544+00:00
[2024-07-31T12:23:37.468+0000] {processor.py:176} INFO - Processing /home/airflow/.local/lib/python3.7/site-packages/airflow/example_dags/example_short_circuit_operator.py took 0.191 seconds
[2024-07-31T12:24:07.842+0000] {processor.py:154} INFO - Started process (PID=1422) to work on /home/airflow/.local/lib/python3.7/site-packages/airflow/example_dags/example_short_circuit_operator.py
[2024-07-31T12:24:07.848+0000] {processor.py:756} INFO - Processing file /home/airflow/.local/lib/python3.7/site-packages/airflow/example_dags/example_short_circuit_operator.py for tasks to queue
[2024-07-31T12:24:07.858+0000] {logging_mixin.py:120} INFO - [2024-07-31T12:24:07.858+0000] {dagbag.py:537} INFO - Filling up the DagBag from /home/airflow/.local/lib/python3.7/site-packages/airflow/example_dags/example_short_circuit_operator.py
[2024-07-31T12:24:07.915+0000] {processor.py:766} INFO - DAG(s) dict_keys(['example_short_circuit_operator']) retrieved from /home/airflow/.local/lib/python3.7/site-packages/airflow/example_dags/example_short_circuit_operator.py
[2024-07-31T12:24:08.015+0000] {logging_mixin.py:120} INFO - [2024-07-31T12:24:08.014+0000] {dag.py:2585} INFO - Sync 1 DAGs
[2024-07-31T12:24:08.072+0000] {logging_mixin.py:120} INFO - [2024-07-31T12:24:08.072+0000] {dag.py:3340} INFO - Setting next_dagrun for example_short_circuit_operator to 2024-07-30T12:24:08.071602+00:00, run_after=2024-07-31T12:24:08.071602+00:00
[2024-07-31T12:24:08.120+0000] {processor.py:176} INFO - Processing /home/airflow/.local/lib/python3.7/site-packages/airflow/example_dags/example_short_circuit_operator.py took 0.285 seconds
[2024-07-31T12:24:38.817+0000] {processor.py:154} INFO - Started process (PID=1476) to work on /home/airflow/.local/lib/python3.7/site-packages/airflow/example_dags/example_short_circuit_operator.py
[2024-07-31T12:24:38.819+0000] {processor.py:756} INFO - Processing file /home/airflow/.local/lib/python3.7/site-packages/airflow/example_dags/example_short_circuit_operator.py for tasks to queue
[2024-07-31T12:24:38.821+0000] {logging_mixin.py:120} INFO - [2024-07-31T12:24:38.821+0000] {dagbag.py:537} INFO - Filling up the DagBag from /home/airflow/.local/lib/python3.7/site-packages/airflow/example_dags/example_short_circuit_operator.py
[2024-07-31T12:24:38.839+0000] {processor.py:766} INFO - DAG(s) dict_keys(['example_short_circuit_operator']) retrieved from /home/airflow/.local/lib/python3.7/site-packages/airflow/example_dags/example_short_circuit_operator.py
[2024-07-31T12:24:38.886+0000] {logging_mixin.py:120} INFO - [2024-07-31T12:24:38.885+0000] {dag.py:2585} INFO - Sync 1 DAGs
[2024-07-31T12:24:38.916+0000] {logging_mixin.py:120} INFO - [2024-07-31T12:24:38.915+0000] {dag.py:3340} INFO - Setting next_dagrun for example_short_circuit_operator to 2024-07-30T12:24:38.915687+00:00, run_after=2024-07-31T12:24:38.915687+00:00
[2024-07-31T12:24:38.943+0000] {processor.py:176} INFO - Processing /home/airflow/.local/lib/python3.7/site-packages/airflow/example_dags/example_short_circuit_operator.py took 0.130 seconds
[2024-07-31T12:25:09.618+0000] {processor.py:154} INFO - Started process (PID=1538) to work on /home/airflow/.local/lib/python3.7/site-packages/airflow/example_dags/example_short_circuit_operator.py
[2024-07-31T12:25:09.620+0000] {processor.py:756} INFO - Processing file /home/airflow/.local/lib/python3.7/site-packages/airflow/example_dags/example_short_circuit_operator.py for tasks to queue
[2024-07-31T12:25:09.622+0000] {logging_mixin.py:120} INFO - [2024-07-31T12:25:09.621+0000] {dagbag.py:537} INFO - Filling up the DagBag from /home/airflow/.local/lib/python3.7/site-packages/airflow/example_dags/example_short_circuit_operator.py
[2024-07-31T12:25:09.644+0000] {processor.py:766} INFO - DAG(s) dict_keys(['example_short_circuit_operator']) retrieved from /home/airflow/.local/lib/python3.7/site-packages/airflow/example_dags/example_short_circuit_operator.py
[2024-07-31T12:25:09.699+0000] {logging_mixin.py:120} INFO - [2024-07-31T12:25:09.698+0000] {dag.py:2585} INFO - Sync 1 DAGs
[2024-07-31T12:25:09.733+0000] {logging_mixin.py:120} INFO - [2024-07-31T12:25:09.733+0000] {dag.py:3340} INFO - Setting next_dagrun for example_short_circuit_operator to 2024-07-30T12:25:09.733380+00:00, run_after=2024-07-31T12:25:09.733380+00:00
[2024-07-31T12:25:09.763+0000] {processor.py:176} INFO - Processing /home/airflow/.local/lib/python3.7/site-packages/airflow/example_dags/example_short_circuit_operator.py took 0.150 seconds
[2024-07-31T12:25:40.533+0000] {processor.py:154} INFO - Started process (PID=1592) to work on /home/airflow/.local/lib/python3.7/site-packages/airflow/example_dags/example_short_circuit_operator.py
[2024-07-31T12:25:40.535+0000] {processor.py:756} INFO - Processing file /home/airflow/.local/lib/python3.7/site-packages/airflow/example_dags/example_short_circuit_operator.py for tasks to queue
[2024-07-31T12:25:40.536+0000] {logging_mixin.py:120} INFO - [2024-07-31T12:25:40.536+0000] {dagbag.py:537} INFO - Filling up the DagBag from /home/airflow/.local/lib/python3.7/site-packages/airflow/example_dags/example_short_circuit_operator.py
[2024-07-31T12:25:40.555+0000] {processor.py:766} INFO - DAG(s) dict_keys(['example_short_circuit_operator']) retrieved from /home/airflow/.local/lib/python3.7/site-packages/airflow/example_dags/example_short_circuit_operator.py
[2024-07-31T12:25:40.606+0000] {logging_mixin.py:120} INFO - [2024-07-31T12:25:40.606+0000] {dag.py:2585} INFO - Sync 1 DAGs
[2024-07-31T12:25:40.634+0000] {logging_mixin.py:120} INFO - [2024-07-31T12:25:40.634+0000] {dag.py:3340} INFO - Setting next_dagrun for example_short_circuit_operator to 2024-07-30T12:25:40.634304+00:00, run_after=2024-07-31T12:25:40.634304+00:00
[2024-07-31T12:25:40.657+0000] {processor.py:176} INFO - Processing /home/airflow/.local/lib/python3.7/site-packages/airflow/example_dags/example_short_circuit_operator.py took 0.127 seconds
[2024-07-31T12:26:10.784+0000] {processor.py:154} INFO - Started process (PID=1655) to work on /home/airflow/.local/lib/python3.7/site-packages/airflow/example_dags/example_short_circuit_operator.py
[2024-07-31T12:26:10.787+0000] {processor.py:756} INFO - Processing file /home/airflow/.local/lib/python3.7/site-packages/airflow/example_dags/example_short_circuit_operator.py for tasks to queue
[2024-07-31T12:26:10.789+0000] {logging_mixin.py:120} INFO - [2024-07-31T12:26:10.788+0000] {dagbag.py:537} INFO - Filling up the DagBag from /home/airflow/.local/lib/python3.7/site-packages/airflow/example_dags/example_short_circuit_operator.py
[2024-07-31T12:26:10.808+0000] {processor.py:766} INFO - DAG(s) dict_keys(['example_short_circuit_operator']) retrieved from /home/airflow/.local/lib/python3.7/site-packages/airflow/example_dags/example_short_circuit_operator.py
[2024-07-31T12:26:10.926+0000] {logging_mixin.py:120} INFO - [2024-07-31T12:26:10.926+0000] {dag.py:2585} INFO - Sync 1 DAGs
[2024-07-31T12:26:11.013+0000] {logging_mixin.py:120} INFO - [2024-07-31T12:26:11.013+0000] {dag.py:3340} INFO - Setting next_dagrun for example_short_circuit_operator to 2024-07-30T12:26:11.013326+00:00, run_after=2024-07-31T12:26:11.013326+00:00
[2024-07-31T12:26:11.046+0000] {processor.py:176} INFO - Processing /home/airflow/.local/lib/python3.7/site-packages/airflow/example_dags/example_short_circuit_operator.py took 0.267 seconds
[2024-07-31T12:26:42.559+0000] {processor.py:154} INFO - Started process (PID=1718) to work on /home/airflow/.local/lib/python3.7/site-packages/airflow/example_dags/example_short_circuit_operator.py
[2024-07-31T12:26:42.562+0000] {processor.py:756} INFO - Processing file /home/airflow/.local/lib/python3.7/site-packages/airflow/example_dags/example_short_circuit_operator.py for tasks to queue
[2024-07-31T12:26:42.563+0000] {logging_mixin.py:120} INFO - [2024-07-31T12:26:42.563+0000] {dagbag.py:537} INFO - Filling up the DagBag from /home/airflow/.local/lib/python3.7/site-packages/airflow/example_dags/example_short_circuit_operator.py
[2024-07-31T12:26:42.587+0000] {processor.py:766} INFO - DAG(s) dict_keys(['example_short_circuit_operator']) retrieved from /home/airflow/.local/lib/python3.7/site-packages/airflow/example_dags/example_short_circuit_operator.py
[2024-07-31T12:26:43.056+0000] {logging_mixin.py:120} INFO - [2024-07-31T12:26:43.055+0000] {dag.py:2585} INFO - Sync 1 DAGs
[2024-07-31T12:26:43.188+0000] {logging_mixin.py:120} INFO - [2024-07-31T12:26:43.187+0000] {dag.py:3340} INFO - Setting next_dagrun for example_short_circuit_operator to 2024-07-30T12:26:43.187660+00:00, run_after=2024-07-31T12:26:43.187660+00:00
[2024-07-31T12:26:43.338+0000] {processor.py:176} INFO - Processing /home/airflow/.local/lib/python3.7/site-packages/airflow/example_dags/example_short_circuit_operator.py took 0.784 seconds
[2024-07-31T12:27:14.453+0000] {processor.py:154} INFO - Started process (PID=1772) to work on /home/airflow/.local/lib/python3.7/site-packages/airflow/example_dags/example_short_circuit_operator.py
[2024-07-31T12:27:14.555+0000] {processor.py:756} INFO - Processing file /home/airflow/.local/lib/python3.7/site-packages/airflow/example_dags/example_short_circuit_operator.py for tasks to queue
[2024-07-31T12:27:14.572+0000] {logging_mixin.py:120} INFO - [2024-07-31T12:27:14.571+0000] {dagbag.py:537} INFO - Filling up the DagBag from /home/airflow/.local/lib/python3.7/site-packages/airflow/example_dags/example_short_circuit_operator.py
[2024-07-31T12:27:14.701+0000] {processor.py:766} INFO - DAG(s) dict_keys(['example_short_circuit_operator']) retrieved from /home/airflow/.local/lib/python3.7/site-packages/airflow/example_dags/example_short_circuit_operator.py
[2024-07-31T12:27:14.881+0000] {logging_mixin.py:120} INFO - [2024-07-31T12:27:14.881+0000] {dag.py:2585} INFO - Sync 1 DAGs
[2024-07-31T12:27:14.988+0000] {logging_mixin.py:120} INFO - [2024-07-31T12:27:14.988+0000] {dag.py:3340} INFO - Setting next_dagrun for example_short_circuit_operator to 2024-07-30T12:27:14.988317+00:00, run_after=2024-07-31T12:27:14.988317+00:00
[2024-07-31T12:27:15.021+0000] {processor.py:176} INFO - Processing /home/airflow/.local/lib/python3.7/site-packages/airflow/example_dags/example_short_circuit_operator.py took 0.573 seconds
[2024-07-31T12:27:45.594+0000] {processor.py:154} INFO - Started process (PID=1836) to work on /home/airflow/.local/lib/python3.7/site-packages/airflow/example_dags/example_short_circuit_operator.py
[2024-07-31T12:27:45.626+0000] {processor.py:756} INFO - Processing file /home/airflow/.local/lib/python3.7/site-packages/airflow/example_dags/example_short_circuit_operator.py for tasks to queue
[2024-07-31T12:27:45.628+0000] {logging_mixin.py:120} INFO - [2024-07-31T12:27:45.627+0000] {dagbag.py:537} INFO - Filling up the DagBag from /home/airflow/.local/lib/python3.7/site-packages/airflow/example_dags/example_short_circuit_operator.py
[2024-07-31T12:27:45.674+0000] {processor.py:766} INFO - DAG(s) dict_keys(['example_short_circuit_operator']) retrieved from /home/airflow/.local/lib/python3.7/site-packages/airflow/example_dags/example_short_circuit_operator.py
[2024-07-31T12:27:45.790+0000] {logging_mixin.py:120} INFO - [2024-07-31T12:27:45.790+0000] {dag.py:2585} INFO - Sync 1 DAGs
[2024-07-31T12:27:45.905+0000] {logging_mixin.py:120} INFO - [2024-07-31T12:27:45.904+0000] {dag.py:3340} INFO - Setting next_dagrun for example_short_circuit_operator to 2024-07-30T12:27:45.904628+00:00, run_after=2024-07-31T12:27:45.904628+00:00
[2024-07-31T12:27:45.979+0000] {processor.py:176} INFO - Processing /home/airflow/.local/lib/python3.7/site-packages/airflow/example_dags/example_short_circuit_operator.py took 0.391 seconds
[2024-07-31T12:28:16.701+0000] {processor.py:154} INFO - Started process (PID=1900) to work on /home/airflow/.local/lib/python3.7/site-packages/airflow/example_dags/example_short_circuit_operator.py
[2024-07-31T12:28:16.703+0000] {processor.py:756} INFO - Processing file /home/airflow/.local/lib/python3.7/site-packages/airflow/example_dags/example_short_circuit_operator.py for tasks to queue
[2024-07-31T12:28:16.704+0000] {logging_mixin.py:120} INFO - [2024-07-31T12:28:16.703+0000] {dagbag.py:537} INFO - Filling up the DagBag from /home/airflow/.local/lib/python3.7/site-packages/airflow/example_dags/example_short_circuit_operator.py
[2024-07-31T12:28:16.725+0000] {processor.py:766} INFO - DAG(s) dict_keys(['example_short_circuit_operator']) retrieved from /home/airflow/.local/lib/python3.7/site-packages/airflow/example_dags/example_short_circuit_operator.py
[2024-07-31T12:28:16.778+0000] {logging_mixin.py:120} INFO - [2024-07-31T12:28:16.778+0000] {dag.py:2585} INFO - Sync 1 DAGs
[2024-07-31T12:28:16.810+0000] {logging_mixin.py:120} INFO - [2024-07-31T12:28:16.810+0000] {dag.py:3340} INFO - Setting next_dagrun for example_short_circuit_operator to 2024-07-30T12:28:16.810024+00:00, run_after=2024-07-31T12:28:16.810024+00:00
[2024-07-31T12:28:16.837+0000] {processor.py:176} INFO - Processing /home/airflow/.local/lib/python3.7/site-packages/airflow/example_dags/example_short_circuit_operator.py took 0.139 seconds
[2024-07-31T12:28:47.609+0000] {processor.py:154} INFO - Started process (PID=1954) to work on /home/airflow/.local/lib/python3.7/site-packages/airflow/example_dags/example_short_circuit_operator.py
[2024-07-31T12:28:47.612+0000] {processor.py:756} INFO - Processing file /home/airflow/.local/lib/python3.7/site-packages/airflow/example_dags/example_short_circuit_operator.py for tasks to queue
[2024-07-31T12:28:47.614+0000] {logging_mixin.py:120} INFO - [2024-07-31T12:28:47.613+0000] {dagbag.py:537} INFO - Filling up the DagBag from /home/airflow/.local/lib/python3.7/site-packages/airflow/example_dags/example_short_circuit_operator.py
[2024-07-31T12:28:47.649+0000] {processor.py:766} INFO - DAG(s) dict_keys(['example_short_circuit_operator']) retrieved from /home/airflow/.local/lib/python3.7/site-packages/airflow/example_dags/example_short_circuit_operator.py
[2024-07-31T12:28:47.708+0000] {logging_mixin.py:120} INFO - [2024-07-31T12:28:47.708+0000] {dag.py:2585} INFO - Sync 1 DAGs
[2024-07-31T12:28:47.748+0000] {logging_mixin.py:120} INFO - [2024-07-31T12:28:47.748+0000] {dag.py:3340} INFO - Setting next_dagrun for example_short_circuit_operator to 2024-07-30T12:28:47.748228+00:00, run_after=2024-07-31T12:28:47.748228+00:00
[2024-07-31T12:28:47.786+0000] {processor.py:176} INFO - Processing /home/airflow/.local/lib/python3.7/site-packages/airflow/example_dags/example_short_circuit_operator.py took 0.180 seconds
[2024-07-31T12:29:17.891+0000] {processor.py:154} INFO - Started process (PID=2017) to work on /home/airflow/.local/lib/python3.7/site-packages/airflow/example_dags/example_short_circuit_operator.py
[2024-07-31T12:29:17.893+0000] {processor.py:756} INFO - Processing file /home/airflow/.local/lib/python3.7/site-packages/airflow/example_dags/example_short_circuit_operator.py for tasks to queue
[2024-07-31T12:29:17.894+0000] {logging_mixin.py:120} INFO - [2024-07-31T12:29:17.894+0000] {dagbag.py:537} INFO - Filling up the DagBag from /home/airflow/.local/lib/python3.7/site-packages/airflow/example_dags/example_short_circuit_operator.py
[2024-07-31T12:29:17.910+0000] {processor.py:766} INFO - DAG(s) dict_keys(['example_short_circuit_operator']) retrieved from /home/airflow/.local/lib/python3.7/site-packages/airflow/example_dags/example_short_circuit_operator.py
[2024-07-31T12:29:17.952+0000] {logging_mixin.py:120} INFO - [2024-07-31T12:29:17.952+0000] {dag.py:2585} INFO - Sync 1 DAGs
[2024-07-31T12:29:17.977+0000] {logging_mixin.py:120} INFO - [2024-07-31T12:29:17.977+0000] {dag.py:3340} INFO - Setting next_dagrun for example_short_circuit_operator to 2024-07-30T12:29:17.977222+00:00, run_after=2024-07-31T12:29:17.977222+00:00
[2024-07-31T12:29:17.999+0000] {processor.py:176} INFO - Processing /home/airflow/.local/lib/python3.7/site-packages/airflow/example_dags/example_short_circuit_operator.py took 0.112 seconds
[2024-07-31T12:29:48.938+0000] {processor.py:154} INFO - Started process (PID=2072) to work on /home/airflow/.local/lib/python3.7/site-packages/airflow/example_dags/example_short_circuit_operator.py
[2024-07-31T12:29:48.940+0000] {processor.py:756} INFO - Processing file /home/airflow/.local/lib/python3.7/site-packages/airflow/example_dags/example_short_circuit_operator.py for tasks to queue
[2024-07-31T12:29:48.941+0000] {logging_mixin.py:120} INFO - [2024-07-31T12:29:48.941+0000] {dagbag.py:537} INFO - Filling up the DagBag from /home/airflow/.local/lib/python3.7/site-packages/airflow/example_dags/example_short_circuit_operator.py
[2024-07-31T12:29:48.963+0000] {processor.py:766} INFO - DAG(s) dict_keys(['example_short_circuit_operator']) retrieved from /home/airflow/.local/lib/python3.7/site-packages/airflow/example_dags/example_short_circuit_operator.py
[2024-07-31T12:29:49.010+0000] {logging_mixin.py:120} INFO - [2024-07-31T12:29:49.010+0000] {dag.py:2585} INFO - Sync 1 DAGs
[2024-07-31T12:29:49.049+0000] {logging_mixin.py:120} INFO - [2024-07-31T12:29:49.049+0000] {dag.py:3340} INFO - Setting next_dagrun for example_short_circuit_operator to 2024-07-30T12:29:49.049352+00:00, run_after=2024-07-31T12:29:49.049352+00:00
[2024-07-31T12:29:49.097+0000] {processor.py:176} INFO - Processing /home/airflow/.local/lib/python3.7/site-packages/airflow/example_dags/example_short_circuit_operator.py took 0.163 seconds
[2024-07-31T12:30:19.174+0000] {processor.py:154} INFO - Started process (PID=2135) to work on /home/airflow/.local/lib/python3.7/site-packages/airflow/example_dags/example_short_circuit_operator.py
[2024-07-31T12:30:19.176+0000] {processor.py:756} INFO - Processing file /home/airflow/.local/lib/python3.7/site-packages/airflow/example_dags/example_short_circuit_operator.py for tasks to queue
[2024-07-31T12:30:19.178+0000] {logging_mixin.py:120} INFO - [2024-07-31T12:30:19.177+0000] {dagbag.py:537} INFO - Filling up the DagBag from /home/airflow/.local/lib/python3.7/site-packages/airflow/example_dags/example_short_circuit_operator.py
[2024-07-31T12:30:19.202+0000] {processor.py:766} INFO - DAG(s) dict_keys(['example_short_circuit_operator']) retrieved from /home/airflow/.local/lib/python3.7/site-packages/airflow/example_dags/example_short_circuit_operator.py
[2024-07-31T12:30:19.241+0000] {logging_mixin.py:120} INFO - [2024-07-31T12:30:19.241+0000] {dag.py:2585} INFO - Sync 1 DAGs
[2024-07-31T12:30:19.324+0000] {logging_mixin.py:120} INFO - [2024-07-31T12:30:19.324+0000] {dag.py:3340} INFO - Setting next_dagrun for example_short_circuit_operator to 2024-07-30T12:30:19.324467+00:00, run_after=2024-07-31T12:30:19.324467+00:00
[2024-07-31T12:30:19.349+0000] {processor.py:176} INFO - Processing /home/airflow/.local/lib/python3.7/site-packages/airflow/example_dags/example_short_circuit_operator.py took 0.182 seconds
[2024-07-31T12:30:49.641+0000] {processor.py:154} INFO - Started process (PID=2197) to work on /home/airflow/.local/lib/python3.7/site-packages/airflow/example_dags/example_short_circuit_operator.py
[2024-07-31T12:30:49.642+0000] {processor.py:756} INFO - Processing file /home/airflow/.local/lib/python3.7/site-packages/airflow/example_dags/example_short_circuit_operator.py for tasks to queue
[2024-07-31T12:30:49.643+0000] {logging_mixin.py:120} INFO - [2024-07-31T12:30:49.643+0000] {dagbag.py:537} INFO - Filling up the DagBag from /home/airflow/.local/lib/python3.7/site-packages/airflow/example_dags/example_short_circuit_operator.py
[2024-07-31T12:30:49.665+0000] {processor.py:766} INFO - DAG(s) dict_keys(['example_short_circuit_operator']) retrieved from /home/airflow/.local/lib/python3.7/site-packages/airflow/example_dags/example_short_circuit_operator.py
[2024-07-31T12:30:49.710+0000] {logging_mixin.py:120} INFO - [2024-07-31T12:30:49.709+0000] {dag.py:2585} INFO - Sync 1 DAGs
[2024-07-31T12:30:49.798+0000] {logging_mixin.py:120} INFO - [2024-07-31T12:30:49.797+0000] {dag.py:3340} INFO - Setting next_dagrun for example_short_circuit_operator to 2024-07-30T12:30:49.797535+00:00, run_after=2024-07-31T12:30:49.797535+00:00
[2024-07-31T12:30:49.901+0000] {processor.py:176} INFO - Processing /home/airflow/.local/lib/python3.7/site-packages/airflow/example_dags/example_short_circuit_operator.py took 0.264 seconds
[2024-07-31T12:31:20.514+0000] {processor.py:154} INFO - Started process (PID=2251) to work on /home/airflow/.local/lib/python3.7/site-packages/airflow/example_dags/example_short_circuit_operator.py
[2024-07-31T12:31:20.516+0000] {processor.py:756} INFO - Processing file /home/airflow/.local/lib/python3.7/site-packages/airflow/example_dags/example_short_circuit_operator.py for tasks to queue
[2024-07-31T12:31:20.524+0000] {logging_mixin.py:120} INFO - [2024-07-31T12:31:20.524+0000] {dagbag.py:537} INFO - Filling up the DagBag from /home/airflow/.local/lib/python3.7/site-packages/airflow/example_dags/example_short_circuit_operator.py
[2024-07-31T12:31:20.555+0000] {processor.py:766} INFO - DAG(s) dict_keys(['example_short_circuit_operator']) retrieved from /home/airflow/.local/lib/python3.7/site-packages/airflow/example_dags/example_short_circuit_operator.py
[2024-07-31T12:31:20.605+0000] {logging_mixin.py:120} INFO - [2024-07-31T12:31:20.605+0000] {dag.py:2585} INFO - Sync 1 DAGs
[2024-07-31T12:31:20.638+0000] {logging_mixin.py:120} INFO - [2024-07-31T12:31:20.637+0000] {dag.py:3340} INFO - Setting next_dagrun for example_short_circuit_operator to 2024-07-30T12:31:20.637488+00:00, run_after=2024-07-31T12:31:20.637488+00:00
[2024-07-31T12:31:20.663+0000] {processor.py:176} INFO - Processing /home/airflow/.local/lib/python3.7/site-packages/airflow/example_dags/example_short_circuit_operator.py took 0.153 seconds
[2024-07-31T12:31:51.384+0000] {processor.py:154} INFO - Started process (PID=2315) to work on /home/airflow/.local/lib/python3.7/site-packages/airflow/example_dags/example_short_circuit_operator.py
[2024-07-31T12:31:51.385+0000] {processor.py:756} INFO - Processing file /home/airflow/.local/lib/python3.7/site-packages/airflow/example_dags/example_short_circuit_operator.py for tasks to queue
[2024-07-31T12:31:51.397+0000] {logging_mixin.py:120} INFO - [2024-07-31T12:31:51.397+0000] {dagbag.py:537} INFO - Filling up the DagBag from /home/airflow/.local/lib/python3.7/site-packages/airflow/example_dags/example_short_circuit_operator.py
[2024-07-31T12:31:51.443+0000] {processor.py:766} INFO - DAG(s) dict_keys(['example_short_circuit_operator']) retrieved from /home/airflow/.local/lib/python3.7/site-packages/airflow/example_dags/example_short_circuit_operator.py
[2024-07-31T12:31:51.538+0000] {logging_mixin.py:120} INFO - [2024-07-31T12:31:51.538+0000] {dag.py:2585} INFO - Sync 1 DAGs
[2024-07-31T12:31:51.619+0000] {logging_mixin.py:120} INFO - [2024-07-31T12:31:51.618+0000] {dag.py:3340} INFO - Setting next_dagrun for example_short_circuit_operator to 2024-07-30T12:31:51.618690+00:00, run_after=2024-07-31T12:31:51.618690+00:00
[2024-07-31T12:31:51.704+0000] {processor.py:176} INFO - Processing /home/airflow/.local/lib/python3.7/site-packages/airflow/example_dags/example_short_circuit_operator.py took 0.326 seconds
[2024-07-31T12:32:22.628+0000] {processor.py:154} INFO - Started process (PID=2376) to work on /home/airflow/.local/lib/python3.7/site-packages/airflow/example_dags/example_short_circuit_operator.py
[2024-07-31T12:32:22.632+0000] {processor.py:756} INFO - Processing file /home/airflow/.local/lib/python3.7/site-packages/airflow/example_dags/example_short_circuit_operator.py for tasks to queue
[2024-07-31T12:32:22.640+0000] {logging_mixin.py:120} INFO - [2024-07-31T12:32:22.640+0000] {dagbag.py:537} INFO - Filling up the DagBag from /home/airflow/.local/lib/python3.7/site-packages/airflow/example_dags/example_short_circuit_operator.py
[2024-07-31T12:32:22.674+0000] {processor.py:766} INFO - DAG(s) dict_keys(['example_short_circuit_operator']) retrieved from /home/airflow/.local/lib/python3.7/site-packages/airflow/example_dags/example_short_circuit_operator.py
[2024-07-31T12:32:22.739+0000] {logging_mixin.py:120} INFO - [2024-07-31T12:32:22.739+0000] {dag.py:2585} INFO - Sync 1 DAGs
[2024-07-31T12:32:22.794+0000] {logging_mixin.py:120} INFO - [2024-07-31T12:32:22.793+0000] {dag.py:3340} INFO - Setting next_dagrun for example_short_circuit_operator to 2024-07-30T12:32:22.793594+00:00, run_after=2024-07-31T12:32:22.793594+00:00
[2024-07-31T12:32:22.824+0000] {processor.py:176} INFO - Processing /home/airflow/.local/lib/python3.7/site-packages/airflow/example_dags/example_short_circuit_operator.py took 0.200 seconds
[2024-07-31T12:32:53.550+0000] {processor.py:154} INFO - Started process (PID=2432) to work on /home/airflow/.local/lib/python3.7/site-packages/airflow/example_dags/example_short_circuit_operator.py
[2024-07-31T12:32:53.553+0000] {processor.py:756} INFO - Processing file /home/airflow/.local/lib/python3.7/site-packages/airflow/example_dags/example_short_circuit_operator.py for tasks to queue
[2024-07-31T12:32:53.556+0000] {logging_mixin.py:120} INFO - [2024-07-31T12:32:53.556+0000] {dagbag.py:537} INFO - Filling up the DagBag from /home/airflow/.local/lib/python3.7/site-packages/airflow/example_dags/example_short_circuit_operator.py
[2024-07-31T12:32:53.576+0000] {processor.py:766} INFO - DAG(s) dict_keys(['example_short_circuit_operator']) retrieved from /home/airflow/.local/lib/python3.7/site-packages/airflow/example_dags/example_short_circuit_operator.py
[2024-07-31T12:32:53.625+0000] {logging_mixin.py:120} INFO - [2024-07-31T12:32:53.625+0000] {dag.py:2585} INFO - Sync 1 DAGs
[2024-07-31T12:32:53.797+0000] {logging_mixin.py:120} INFO - [2024-07-31T12:32:53.797+0000] {dag.py:3340} INFO - Setting next_dagrun for example_short_circuit_operator to 2024-07-30T12:32:53.796923+00:00, run_after=2024-07-31T12:32:53.796923+00:00
[2024-07-31T12:32:53.865+0000] {processor.py:176} INFO - Processing /home/airflow/.local/lib/python3.7/site-packages/airflow/example_dags/example_short_circuit_operator.py took 0.319 seconds
[2024-07-31T12:33:24.575+0000] {processor.py:154} INFO - Started process (PID=2495) to work on /home/airflow/.local/lib/python3.7/site-packages/airflow/example_dags/example_short_circuit_operator.py
[2024-07-31T12:33:24.576+0000] {processor.py:756} INFO - Processing file /home/airflow/.local/lib/python3.7/site-packages/airflow/example_dags/example_short_circuit_operator.py for tasks to queue
[2024-07-31T12:33:24.577+0000] {logging_mixin.py:120} INFO - [2024-07-31T12:33:24.577+0000] {dagbag.py:537} INFO - Filling up the DagBag from /home/airflow/.local/lib/python3.7/site-packages/airflow/example_dags/example_short_circuit_operator.py
[2024-07-31T12:33:24.602+0000] {processor.py:766} INFO - DAG(s) dict_keys(['example_short_circuit_operator']) retrieved from /home/airflow/.local/lib/python3.7/site-packages/airflow/example_dags/example_short_circuit_operator.py
[2024-07-31T12:33:24.669+0000] {logging_mixin.py:120} INFO - [2024-07-31T12:33:24.669+0000] {dag.py:2585} INFO - Sync 1 DAGs
[2024-07-31T12:33:24.712+0000] {logging_mixin.py:120} INFO - [2024-07-31T12:33:24.712+0000] {dag.py:3340} INFO - Setting next_dagrun for example_short_circuit_operator to 2024-07-30T12:33:24.711948+00:00, run_after=2024-07-31T12:33:24.711948+00:00
[2024-07-31T12:33:24.751+0000] {processor.py:176} INFO - Processing /home/airflow/.local/lib/python3.7/site-packages/airflow/example_dags/example_short_circuit_operator.py took 0.180 seconds
[2024-07-31T12:33:55.950+0000] {processor.py:154} INFO - Started process (PID=2549) to work on /home/airflow/.local/lib/python3.7/site-packages/airflow/example_dags/example_short_circuit_operator.py
[2024-07-31T12:33:55.951+0000] {processor.py:756} INFO - Processing file /home/airflow/.local/lib/python3.7/site-packages/airflow/example_dags/example_short_circuit_operator.py for tasks to queue
[2024-07-31T12:33:55.952+0000] {logging_mixin.py:120} INFO - [2024-07-31T12:33:55.952+0000] {dagbag.py:537} INFO - Filling up the DagBag from /home/airflow/.local/lib/python3.7/site-packages/airflow/example_dags/example_short_circuit_operator.py
[2024-07-31T12:33:55.978+0000] {processor.py:766} INFO - DAG(s) dict_keys(['example_short_circuit_operator']) retrieved from /home/airflow/.local/lib/python3.7/site-packages/airflow/example_dags/example_short_circuit_operator.py
[2024-07-31T12:33:56.106+0000] {logging_mixin.py:120} INFO - [2024-07-31T12:33:56.106+0000] {dag.py:2585} INFO - Sync 1 DAGs
[2024-07-31T12:33:56.172+0000] {logging_mixin.py:120} INFO - [2024-07-31T12:33:56.172+0000] {dag.py:3340} INFO - Setting next_dagrun for example_short_circuit_operator to 2024-07-30T12:33:56.171905+00:00, run_after=2024-07-31T12:33:56.171905+00:00
[2024-07-31T12:33:56.281+0000] {processor.py:176} INFO - Processing /home/airflow/.local/lib/python3.7/site-packages/airflow/example_dags/example_short_circuit_operator.py took 0.334 seconds
[2024-07-31T12:34:26.604+0000] {processor.py:154} INFO - Started process (PID=2612) to work on /home/airflow/.local/lib/python3.7/site-packages/airflow/example_dags/example_short_circuit_operator.py
[2024-07-31T12:34:26.605+0000] {processor.py:756} INFO - Processing file /home/airflow/.local/lib/python3.7/site-packages/airflow/example_dags/example_short_circuit_operator.py for tasks to queue
[2024-07-31T12:34:26.606+0000] {logging_mixin.py:120} INFO - [2024-07-31T12:34:26.606+0000] {dagbag.py:537} INFO - Filling up the DagBag from /home/airflow/.local/lib/python3.7/site-packages/airflow/example_dags/example_short_circuit_operator.py
[2024-07-31T12:34:26.626+0000] {processor.py:766} INFO - DAG(s) dict_keys(['example_short_circuit_operator']) retrieved from /home/airflow/.local/lib/python3.7/site-packages/airflow/example_dags/example_short_circuit_operator.py
[2024-07-31T12:34:26.669+0000] {logging_mixin.py:120} INFO - [2024-07-31T12:34:26.669+0000] {dag.py:2585} INFO - Sync 1 DAGs
[2024-07-31T12:34:26.724+0000] {logging_mixin.py:120} INFO - [2024-07-31T12:34:26.724+0000] {dag.py:3340} INFO - Setting next_dagrun for example_short_circuit_operator to 2024-07-30T12:34:26.724035+00:00, run_after=2024-07-31T12:34:26.724035+00:00
[2024-07-31T12:34:26.848+0000] {processor.py:176} INFO - Processing /home/airflow/.local/lib/python3.7/site-packages/airflow/example_dags/example_short_circuit_operator.py took 0.248 seconds
[2024-07-31T12:34:57.413+0000] {processor.py:154} INFO - Started process (PID=2675) to work on /home/airflow/.local/lib/python3.7/site-packages/airflow/example_dags/example_short_circuit_operator.py
[2024-07-31T12:34:57.415+0000] {processor.py:756} INFO - Processing file /home/airflow/.local/lib/python3.7/site-packages/airflow/example_dags/example_short_circuit_operator.py for tasks to queue
[2024-07-31T12:34:57.416+0000] {logging_mixin.py:120} INFO - [2024-07-31T12:34:57.415+0000] {dagbag.py:537} INFO - Filling up the DagBag from /home/airflow/.local/lib/python3.7/site-packages/airflow/example_dags/example_short_circuit_operator.py
[2024-07-31T12:34:57.431+0000] {processor.py:766} INFO - DAG(s) dict_keys(['example_short_circuit_operator']) retrieved from /home/airflow/.local/lib/python3.7/site-packages/airflow/example_dags/example_short_circuit_operator.py
[2024-07-31T12:34:57.500+0000] {logging_mixin.py:120} INFO - [2024-07-31T12:34:57.500+0000] {dag.py:2585} INFO - Sync 1 DAGs
[2024-07-31T12:34:57.598+0000] {logging_mixin.py:120} INFO - [2024-07-31T12:34:57.598+0000] {dag.py:3340} INFO - Setting next_dagrun for example_short_circuit_operator to 2024-07-30T12:34:57.598145+00:00, run_after=2024-07-31T12:34:57.598145+00:00
[2024-07-31T12:34:57.629+0000] {processor.py:176} INFO - Processing /home/airflow/.local/lib/python3.7/site-packages/airflow/example_dags/example_short_circuit_operator.py took 0.219 seconds
[2024-07-31T12:35:28.229+0000] {processor.py:154} INFO - Started process (PID=2729) to work on /home/airflow/.local/lib/python3.7/site-packages/airflow/example_dags/example_short_circuit_operator.py
[2024-07-31T12:35:28.232+0000] {processor.py:756} INFO - Processing file /home/airflow/.local/lib/python3.7/site-packages/airflow/example_dags/example_short_circuit_operator.py for tasks to queue
[2024-07-31T12:35:28.233+0000] {logging_mixin.py:120} INFO - [2024-07-31T12:35:28.233+0000] {dagbag.py:537} INFO - Filling up the DagBag from /home/airflow/.local/lib/python3.7/site-packages/airflow/example_dags/example_short_circuit_operator.py
[2024-07-31T12:35:28.268+0000] {processor.py:766} INFO - DAG(s) dict_keys(['example_short_circuit_operator']) retrieved from /home/airflow/.local/lib/python3.7/site-packages/airflow/example_dags/example_short_circuit_operator.py
[2024-07-31T12:35:28.342+0000] {logging_mixin.py:120} INFO - [2024-07-31T12:35:28.342+0000] {dag.py:2585} INFO - Sync 1 DAGs
[2024-07-31T12:35:28.425+0000] {logging_mixin.py:120} INFO - [2024-07-31T12:35:28.425+0000] {dag.py:3340} INFO - Setting next_dagrun for example_short_circuit_operator to 2024-07-30T12:35:28.425033+00:00, run_after=2024-07-31T12:35:28.425033+00:00
[2024-07-31T12:35:28.468+0000] {processor.py:176} INFO - Processing /home/airflow/.local/lib/python3.7/site-packages/airflow/example_dags/example_short_circuit_operator.py took 0.243 seconds
[2024-07-31T12:35:59.281+0000] {processor.py:154} INFO - Started process (PID=2792) to work on /home/airflow/.local/lib/python3.7/site-packages/airflow/example_dags/example_short_circuit_operator.py
[2024-07-31T12:35:59.283+0000] {processor.py:756} INFO - Processing file /home/airflow/.local/lib/python3.7/site-packages/airflow/example_dags/example_short_circuit_operator.py for tasks to queue
[2024-07-31T12:35:59.284+0000] {logging_mixin.py:120} INFO - [2024-07-31T12:35:59.284+0000] {dagbag.py:537} INFO - Filling up the DagBag from /home/airflow/.local/lib/python3.7/site-packages/airflow/example_dags/example_short_circuit_operator.py
[2024-07-31T12:35:59.310+0000] {processor.py:766} INFO - DAG(s) dict_keys(['example_short_circuit_operator']) retrieved from /home/airflow/.local/lib/python3.7/site-packages/airflow/example_dags/example_short_circuit_operator.py
[2024-07-31T12:35:59.442+0000] {logging_mixin.py:120} INFO - [2024-07-31T12:35:59.442+0000] {dag.py:2585} INFO - Sync 1 DAGs
[2024-07-31T12:35:59.568+0000] {logging_mixin.py:120} INFO - [2024-07-31T12:35:59.567+0000] {dag.py:3340} INFO - Setting next_dagrun for example_short_circuit_operator to 2024-07-30T12:35:59.567649+00:00, run_after=2024-07-31T12:35:59.567649+00:00
[2024-07-31T12:35:59.702+0000] {processor.py:176} INFO - Processing /home/airflow/.local/lib/python3.7/site-packages/airflow/example_dags/example_short_circuit_operator.py took 0.425 seconds
[2024-07-31T12:36:31.088+0000] {processor.py:154} INFO - Started process (PID=2847) to work on /home/airflow/.local/lib/python3.7/site-packages/airflow/example_dags/example_short_circuit_operator.py
[2024-07-31T12:36:31.090+0000] {processor.py:756} INFO - Processing file /home/airflow/.local/lib/python3.7/site-packages/airflow/example_dags/example_short_circuit_operator.py for tasks to queue
[2024-07-31T12:36:31.092+0000] {logging_mixin.py:120} INFO - [2024-07-31T12:36:31.092+0000] {dagbag.py:537} INFO - Filling up the DagBag from /home/airflow/.local/lib/python3.7/site-packages/airflow/example_dags/example_short_circuit_operator.py
[2024-07-31T12:36:31.127+0000] {processor.py:766} INFO - DAG(s) dict_keys(['example_short_circuit_operator']) retrieved from /home/airflow/.local/lib/python3.7/site-packages/airflow/example_dags/example_short_circuit_operator.py
[2024-07-31T12:36:31.238+0000] {logging_mixin.py:120} INFO - [2024-07-31T12:36:31.237+0000] {dag.py:2585} INFO - Sync 1 DAGs
[2024-07-31T12:36:31.293+0000] {logging_mixin.py:120} INFO - [2024-07-31T12:36:31.293+0000] {dag.py:3340} INFO - Setting next_dagrun for example_short_circuit_operator to 2024-07-30T12:36:31.293187+00:00, run_after=2024-07-31T12:36:31.293187+00:00
[2024-07-31T12:36:31.330+0000] {processor.py:176} INFO - Processing /home/airflow/.local/lib/python3.7/site-packages/airflow/example_dags/example_short_circuit_operator.py took 0.247 seconds
