[2024-07-31T12:12:24.910+0000] {processor.py:154} INFO - Started process (PID=74) to work on /home/airflow/.local/lib/python3.7/site-packages/airflow/example_dags/example_external_task_marker_dag.py
[2024-07-31T12:12:24.912+0000] {processor.py:756} INFO - Processing file /home/airflow/.local/lib/python3.7/site-packages/airflow/example_dags/example_external_task_marker_dag.py for tasks to queue
[2024-07-31T12:12:24.914+0000] {logging_mixin.py:120} INFO - [2024-07-31T12:12:24.913+0000] {dagbag.py:537} INFO - Filling up the DagBag from /home/airflow/.local/lib/python3.7/site-packages/airflow/example_dags/example_external_task_marker_dag.py
[2024-07-31T12:12:24.941+0000] {processor.py:766} INFO - DAG(s) dict_keys(['example_external_task_marker_parent', 'example_external_task_marker_child']) retrieved from /home/airflow/.local/lib/python3.7/site-packages/airflow/example_dags/example_external_task_marker_dag.py
[2024-07-31T12:12:25.171+0000] {logging_mixin.py:120} INFO - [2024-07-31T12:12:25.170+0000] {manager.py:507} INFO - Created Permission View: can read on DAG:example_external_task_marker_parent
[2024-07-31T12:12:25.194+0000] {logging_mixin.py:120} INFO - [2024-07-31T12:12:25.193+0000] {manager.py:507} INFO - Created Permission View: can delete on DAG:example_external_task_marker_parent
[2024-07-31T12:12:25.214+0000] {logging_mixin.py:120} INFO - [2024-07-31T12:12:25.213+0000] {manager.py:507} INFO - Created Permission View: can edit on DAG:example_external_task_marker_parent
[2024-07-31T12:12:25.453+0000] {logging_mixin.py:120} INFO - [2024-07-31T12:12:25.452+0000] {manager.py:507} INFO - Created Permission View: can read on DAG:example_external_task_marker_child
[2024-07-31T12:12:25.466+0000] {logging_mixin.py:120} INFO - [2024-07-31T12:12:25.466+0000] {manager.py:507} INFO - Created Permission View: can delete on DAG:example_external_task_marker_child
[2024-07-31T12:12:25.482+0000] {logging_mixin.py:120} INFO - [2024-07-31T12:12:25.482+0000] {manager.py:507} INFO - Created Permission View: can edit on DAG:example_external_task_marker_child
[2024-07-31T12:12:25.483+0000] {logging_mixin.py:120} INFO - [2024-07-31T12:12:25.483+0000] {dag.py:2585} INFO - Sync 2 DAGs
[2024-07-31T12:12:25.505+0000] {logging_mixin.py:120} INFO - [2024-07-31T12:12:25.505+0000] {dag.py:2606} INFO - Creating ORM DAG for example_external_task_marker_parent
[2024-07-31T12:12:25.506+0000] {logging_mixin.py:120} INFO - [2024-07-31T12:12:25.506+0000] {dag.py:2606} INFO - Creating ORM DAG for example_external_task_marker_child
[2024-07-31T12:12:25.521+0000] {logging_mixin.py:120} INFO - [2024-07-31T12:12:25.521+0000] {dag.py:3340} INFO - Setting next_dagrun for example_external_task_marker_child to None, run_after=None
[2024-07-31T12:12:25.522+0000] {logging_mixin.py:120} INFO - [2024-07-31T12:12:25.522+0000] {dag.py:3340} INFO - Setting next_dagrun for example_external_task_marker_parent to None, run_after=None
[2024-07-31T12:12:25.556+0000] {processor.py:176} INFO - Processing /home/airflow/.local/lib/python3.7/site-packages/airflow/example_dags/example_external_task_marker_dag.py took 0.652 seconds
[2024-07-31T12:12:56.131+0000] {processor.py:154} INFO - Started process (PID=137) to work on /home/airflow/.local/lib/python3.7/site-packages/airflow/example_dags/example_external_task_marker_dag.py
[2024-07-31T12:12:56.132+0000] {processor.py:756} INFO - Processing file /home/airflow/.local/lib/python3.7/site-packages/airflow/example_dags/example_external_task_marker_dag.py for tasks to queue
[2024-07-31T12:12:56.133+0000] {logging_mixin.py:120} INFO - [2024-07-31T12:12:56.133+0000] {dagbag.py:537} INFO - Filling up the DagBag from /home/airflow/.local/lib/python3.7/site-packages/airflow/example_dags/example_external_task_marker_dag.py
[2024-07-31T12:12:56.151+0000] {processor.py:766} INFO - DAG(s) dict_keys(['example_external_task_marker_child', 'example_external_task_marker_parent']) retrieved from /home/airflow/.local/lib/python3.7/site-packages/airflow/example_dags/example_external_task_marker_dag.py
[2024-07-31T12:12:56.180+0000] {logging_mixin.py:120} INFO - [2024-07-31T12:12:56.180+0000] {dag.py:2585} INFO - Sync 2 DAGs
[2024-07-31T12:12:56.215+0000] {logging_mixin.py:120} INFO - [2024-07-31T12:12:56.215+0000] {dag.py:3340} INFO - Setting next_dagrun for example_external_task_marker_child to None, run_after=None
[2024-07-31T12:12:56.220+0000] {logging_mixin.py:120} INFO - [2024-07-31T12:12:56.220+0000] {dag.py:3340} INFO - Setting next_dagrun for example_external_task_marker_parent to None, run_after=None
[2024-07-31T12:12:56.244+0000] {processor.py:176} INFO - Processing /home/airflow/.local/lib/python3.7/site-packages/airflow/example_dags/example_external_task_marker_dag.py took 0.116 seconds
[2024-07-31T12:13:26.963+0000] {processor.py:154} INFO - Started process (PID=201) to work on /home/airflow/.local/lib/python3.7/site-packages/airflow/example_dags/example_external_task_marker_dag.py
[2024-07-31T12:13:26.964+0000] {processor.py:756} INFO - Processing file /home/airflow/.local/lib/python3.7/site-packages/airflow/example_dags/example_external_task_marker_dag.py for tasks to queue
[2024-07-31T12:13:26.966+0000] {logging_mixin.py:120} INFO - [2024-07-31T12:13:26.966+0000] {dagbag.py:537} INFO - Filling up the DagBag from /home/airflow/.local/lib/python3.7/site-packages/airflow/example_dags/example_external_task_marker_dag.py
[2024-07-31T12:13:26.981+0000] {processor.py:766} INFO - DAG(s) dict_keys(['example_external_task_marker_child', 'example_external_task_marker_parent']) retrieved from /home/airflow/.local/lib/python3.7/site-packages/airflow/example_dags/example_external_task_marker_dag.py
[2024-07-31T12:13:27.264+0000] {logging_mixin.py:120} INFO - [2024-07-31T12:13:27.264+0000] {dag.py:2585} INFO - Sync 2 DAGs
[2024-07-31T12:13:27.298+0000] {logging_mixin.py:120} INFO - [2024-07-31T12:13:27.298+0000] {dag.py:3340} INFO - Setting next_dagrun for example_external_task_marker_child to None, run_after=None
[2024-07-31T12:13:27.302+0000] {logging_mixin.py:120} INFO - [2024-07-31T12:13:27.302+0000] {dag.py:3340} INFO - Setting next_dagrun for example_external_task_marker_parent to None, run_after=None
[2024-07-31T12:13:27.325+0000] {processor.py:176} INFO - Processing /home/airflow/.local/lib/python3.7/site-packages/airflow/example_dags/example_external_task_marker_dag.py took 0.365 seconds
[2024-07-31T12:13:57.442+0000] {processor.py:154} INFO - Started process (PID=256) to work on /home/airflow/.local/lib/python3.7/site-packages/airflow/example_dags/example_external_task_marker_dag.py
[2024-07-31T12:13:57.444+0000] {processor.py:756} INFO - Processing file /home/airflow/.local/lib/python3.7/site-packages/airflow/example_dags/example_external_task_marker_dag.py for tasks to queue
[2024-07-31T12:13:57.453+0000] {logging_mixin.py:120} INFO - [2024-07-31T12:13:57.445+0000] {dagbag.py:537} INFO - Filling up the DagBag from /home/airflow/.local/lib/python3.7/site-packages/airflow/example_dags/example_external_task_marker_dag.py
[2024-07-31T12:13:57.471+0000] {processor.py:766} INFO - DAG(s) dict_keys(['example_external_task_marker_parent', 'example_external_task_marker_child']) retrieved from /home/airflow/.local/lib/python3.7/site-packages/airflow/example_dags/example_external_task_marker_dag.py
[2024-07-31T12:13:57.703+0000] {logging_mixin.py:120} INFO - [2024-07-31T12:13:57.702+0000] {dag.py:2585} INFO - Sync 2 DAGs
[2024-07-31T12:13:57.738+0000] {logging_mixin.py:120} INFO - [2024-07-31T12:13:57.738+0000] {dag.py:3340} INFO - Setting next_dagrun for example_external_task_marker_child to None, run_after=None
[2024-07-31T12:13:57.750+0000] {logging_mixin.py:120} INFO - [2024-07-31T12:13:57.750+0000] {dag.py:3340} INFO - Setting next_dagrun for example_external_task_marker_parent to None, run_after=None
[2024-07-31T12:13:57.809+0000] {processor.py:176} INFO - Processing /home/airflow/.local/lib/python3.7/site-packages/airflow/example_dags/example_external_task_marker_dag.py took 0.372 seconds
[2024-07-31T12:14:28.108+0000] {processor.py:154} INFO - Started process (PID=322) to work on /home/airflow/.local/lib/python3.7/site-packages/airflow/example_dags/example_external_task_marker_dag.py
[2024-07-31T12:14:28.109+0000] {processor.py:756} INFO - Processing file /home/airflow/.local/lib/python3.7/site-packages/airflow/example_dags/example_external_task_marker_dag.py for tasks to queue
[2024-07-31T12:14:28.111+0000] {logging_mixin.py:120} INFO - [2024-07-31T12:14:28.111+0000] {dagbag.py:537} INFO - Filling up the DagBag from /home/airflow/.local/lib/python3.7/site-packages/airflow/example_dags/example_external_task_marker_dag.py
[2024-07-31T12:14:28.132+0000] {processor.py:766} INFO - DAG(s) dict_keys(['example_external_task_marker_child', 'example_external_task_marker_parent']) retrieved from /home/airflow/.local/lib/python3.7/site-packages/airflow/example_dags/example_external_task_marker_dag.py
[2024-07-31T12:14:28.569+0000] {logging_mixin.py:120} INFO - [2024-07-31T12:14:28.568+0000] {dag.py:2585} INFO - Sync 2 DAGs
[2024-07-31T12:14:28.613+0000] {logging_mixin.py:120} INFO - [2024-07-31T12:14:28.613+0000] {dag.py:3340} INFO - Setting next_dagrun for example_external_task_marker_child to None, run_after=None
[2024-07-31T12:14:28.621+0000] {logging_mixin.py:120} INFO - [2024-07-31T12:14:28.621+0000] {dag.py:3340} INFO - Setting next_dagrun for example_external_task_marker_parent to None, run_after=None
[2024-07-31T12:14:28.658+0000] {processor.py:176} INFO - Processing /home/airflow/.local/lib/python3.7/site-packages/airflow/example_dags/example_external_task_marker_dag.py took 0.555 seconds
[2024-07-31T12:14:59.019+0000] {processor.py:154} INFO - Started process (PID=386) to work on /home/airflow/.local/lib/python3.7/site-packages/airflow/example_dags/example_external_task_marker_dag.py
[2024-07-31T12:14:59.021+0000] {processor.py:756} INFO - Processing file /home/airflow/.local/lib/python3.7/site-packages/airflow/example_dags/example_external_task_marker_dag.py for tasks to queue
[2024-07-31T12:14:59.022+0000] {logging_mixin.py:120} INFO - [2024-07-31T12:14:59.022+0000] {dagbag.py:537} INFO - Filling up the DagBag from /home/airflow/.local/lib/python3.7/site-packages/airflow/example_dags/example_external_task_marker_dag.py
[2024-07-31T12:14:59.037+0000] {processor.py:766} INFO - DAG(s) dict_keys(['example_external_task_marker_child', 'example_external_task_marker_parent']) retrieved from /home/airflow/.local/lib/python3.7/site-packages/airflow/example_dags/example_external_task_marker_dag.py
[2024-07-31T12:14:59.293+0000] {logging_mixin.py:120} INFO - [2024-07-31T12:14:59.293+0000] {dag.py:2585} INFO - Sync 2 DAGs
[2024-07-31T12:14:59.335+0000] {logging_mixin.py:120} INFO - [2024-07-31T12:14:59.335+0000] {dag.py:3340} INFO - Setting next_dagrun for example_external_task_marker_child to None, run_after=None
[2024-07-31T12:14:59.341+0000] {logging_mixin.py:120} INFO - [2024-07-31T12:14:59.340+0000] {dag.py:3340} INFO - Setting next_dagrun for example_external_task_marker_parent to None, run_after=None
[2024-07-31T12:14:59.373+0000] {processor.py:176} INFO - Processing /home/airflow/.local/lib/python3.7/site-packages/airflow/example_dags/example_external_task_marker_dag.py took 0.359 seconds
[2024-07-31T12:15:30.219+0000] {processor.py:154} INFO - Started process (PID=441) to work on /home/airflow/.local/lib/python3.7/site-packages/airflow/example_dags/example_external_task_marker_dag.py
[2024-07-31T12:15:30.225+0000] {processor.py:756} INFO - Processing file /home/airflow/.local/lib/python3.7/site-packages/airflow/example_dags/example_external_task_marker_dag.py for tasks to queue
[2024-07-31T12:15:30.226+0000] {logging_mixin.py:120} INFO - [2024-07-31T12:15:30.226+0000] {dagbag.py:537} INFO - Filling up the DagBag from /home/airflow/.local/lib/python3.7/site-packages/airflow/example_dags/example_external_task_marker_dag.py
[2024-07-31T12:15:30.253+0000] {processor.py:766} INFO - DAG(s) dict_keys(['example_external_task_marker_parent', 'example_external_task_marker_child']) retrieved from /home/airflow/.local/lib/python3.7/site-packages/airflow/example_dags/example_external_task_marker_dag.py
[2024-07-31T12:15:30.540+0000] {logging_mixin.py:120} INFO - [2024-07-31T12:15:30.540+0000] {dag.py:2585} INFO - Sync 2 DAGs
[2024-07-31T12:15:30.582+0000] {logging_mixin.py:120} INFO - [2024-07-31T12:15:30.582+0000] {dag.py:3340} INFO - Setting next_dagrun for example_external_task_marker_child to None, run_after=None
[2024-07-31T12:15:30.587+0000] {logging_mixin.py:120} INFO - [2024-07-31T12:15:30.587+0000] {dag.py:3340} INFO - Setting next_dagrun for example_external_task_marker_parent to None, run_after=None
[2024-07-31T12:15:30.614+0000] {processor.py:176} INFO - Processing /home/airflow/.local/lib/python3.7/site-packages/airflow/example_dags/example_external_task_marker_dag.py took 0.400 seconds
[2024-07-31T12:16:00.698+0000] {processor.py:154} INFO - Started process (PID=505) to work on /home/airflow/.local/lib/python3.7/site-packages/airflow/example_dags/example_external_task_marker_dag.py
[2024-07-31T12:16:00.699+0000] {processor.py:756} INFO - Processing file /home/airflow/.local/lib/python3.7/site-packages/airflow/example_dags/example_external_task_marker_dag.py for tasks to queue
[2024-07-31T12:16:00.700+0000] {logging_mixin.py:120} INFO - [2024-07-31T12:16:00.700+0000] {dagbag.py:537} INFO - Filling up the DagBag from /home/airflow/.local/lib/python3.7/site-packages/airflow/example_dags/example_external_task_marker_dag.py
[2024-07-31T12:16:00.715+0000] {processor.py:766} INFO - DAG(s) dict_keys(['example_external_task_marker_child', 'example_external_task_marker_parent']) retrieved from /home/airflow/.local/lib/python3.7/site-packages/airflow/example_dags/example_external_task_marker_dag.py
[2024-07-31T12:16:01.030+0000] {logging_mixin.py:120} INFO - [2024-07-31T12:16:01.029+0000] {dag.py:2585} INFO - Sync 2 DAGs
[2024-07-31T12:16:01.071+0000] {logging_mixin.py:120} INFO - [2024-07-31T12:16:01.070+0000] {dag.py:3340} INFO - Setting next_dagrun for example_external_task_marker_child to None, run_after=None
[2024-07-31T12:16:01.114+0000] {logging_mixin.py:120} INFO - [2024-07-31T12:16:01.114+0000] {dag.py:3340} INFO - Setting next_dagrun for example_external_task_marker_parent to None, run_after=None
[2024-07-31T12:16:01.154+0000] {processor.py:176} INFO - Processing /home/airflow/.local/lib/python3.7/site-packages/airflow/example_dags/example_external_task_marker_dag.py took 0.461 seconds
[2024-07-31T12:16:34.792+0000] {processor.py:154} INFO - Started process (PID=567) to work on /home/airflow/.local/lib/python3.7/site-packages/airflow/example_dags/example_external_task_marker_dag.py
[2024-07-31T12:16:34.798+0000] {processor.py:756} INFO - Processing file /home/airflow/.local/lib/python3.7/site-packages/airflow/example_dags/example_external_task_marker_dag.py for tasks to queue
[2024-07-31T12:16:34.800+0000] {logging_mixin.py:120} INFO - [2024-07-31T12:16:34.800+0000] {dagbag.py:537} INFO - Filling up the DagBag from /home/airflow/.local/lib/python3.7/site-packages/airflow/example_dags/example_external_task_marker_dag.py
[2024-07-31T12:16:34.857+0000] {processor.py:766} INFO - DAG(s) dict_keys(['example_external_task_marker_child', 'example_external_task_marker_parent']) retrieved from /home/airflow/.local/lib/python3.7/site-packages/airflow/example_dags/example_external_task_marker_dag.py
[2024-07-31T12:16:35.240+0000] {logging_mixin.py:120} INFO - [2024-07-31T12:16:35.239+0000] {dag.py:2585} INFO - Sync 2 DAGs
[2024-07-31T12:16:35.280+0000] {logging_mixin.py:120} INFO - [2024-07-31T12:16:35.280+0000] {dag.py:3340} INFO - Setting next_dagrun for example_external_task_marker_child to None, run_after=None
[2024-07-31T12:16:35.287+0000] {logging_mixin.py:120} INFO - [2024-07-31T12:16:35.286+0000] {dag.py:3340} INFO - Setting next_dagrun for example_external_task_marker_parent to None, run_after=None
[2024-07-31T12:16:35.323+0000] {processor.py:176} INFO - Processing /home/airflow/.local/lib/python3.7/site-packages/airflow/example_dags/example_external_task_marker_dag.py took 0.536 seconds
[2024-07-31T12:17:06.973+0000] {processor.py:154} INFO - Started process (PID=620) to work on /home/airflow/.local/lib/python3.7/site-packages/airflow/example_dags/example_external_task_marker_dag.py
[2024-07-31T12:17:06.975+0000] {processor.py:756} INFO - Processing file /home/airflow/.local/lib/python3.7/site-packages/airflow/example_dags/example_external_task_marker_dag.py for tasks to queue
[2024-07-31T12:17:06.977+0000] {logging_mixin.py:120} INFO - [2024-07-31T12:17:06.977+0000] {dagbag.py:537} INFO - Filling up the DagBag from /home/airflow/.local/lib/python3.7/site-packages/airflow/example_dags/example_external_task_marker_dag.py
[2024-07-31T12:17:07.005+0000] {processor.py:766} INFO - DAG(s) dict_keys(['example_external_task_marker_parent', 'example_external_task_marker_child']) retrieved from /home/airflow/.local/lib/python3.7/site-packages/airflow/example_dags/example_external_task_marker_dag.py
[2024-07-31T12:17:07.293+0000] {logging_mixin.py:120} INFO - [2024-07-31T12:17:07.293+0000] {dag.py:2585} INFO - Sync 2 DAGs
[2024-07-31T12:17:07.337+0000] {logging_mixin.py:120} INFO - [2024-07-31T12:17:07.337+0000] {dag.py:3340} INFO - Setting next_dagrun for example_external_task_marker_child to None, run_after=None
[2024-07-31T12:17:07.348+0000] {logging_mixin.py:120} INFO - [2024-07-31T12:17:07.348+0000] {dag.py:3340} INFO - Setting next_dagrun for example_external_task_marker_parent to None, run_after=None
[2024-07-31T12:17:07.408+0000] {processor.py:176} INFO - Processing /home/airflow/.local/lib/python3.7/site-packages/airflow/example_dags/example_external_task_marker_dag.py took 0.439 seconds
[2024-07-31T12:17:37.476+0000] {processor.py:154} INFO - Started process (PID=683) to work on /home/airflow/.local/lib/python3.7/site-packages/airflow/example_dags/example_external_task_marker_dag.py
[2024-07-31T12:17:37.478+0000] {processor.py:756} INFO - Processing file /home/airflow/.local/lib/python3.7/site-packages/airflow/example_dags/example_external_task_marker_dag.py for tasks to queue
[2024-07-31T12:17:37.479+0000] {logging_mixin.py:120} INFO - [2024-07-31T12:17:37.479+0000] {dagbag.py:537} INFO - Filling up the DagBag from /home/airflow/.local/lib/python3.7/site-packages/airflow/example_dags/example_external_task_marker_dag.py
[2024-07-31T12:17:37.493+0000] {processor.py:766} INFO - DAG(s) dict_keys(['example_external_task_marker_parent', 'example_external_task_marker_child']) retrieved from /home/airflow/.local/lib/python3.7/site-packages/airflow/example_dags/example_external_task_marker_dag.py
[2024-07-31T12:17:37.692+0000] {logging_mixin.py:120} INFO - [2024-07-31T12:17:37.691+0000] {dag.py:2585} INFO - Sync 2 DAGs
[2024-07-31T12:17:37.716+0000] {logging_mixin.py:120} INFO - [2024-07-31T12:17:37.716+0000] {dag.py:3340} INFO - Setting next_dagrun for example_external_task_marker_child to None, run_after=None
[2024-07-31T12:17:37.727+0000] {logging_mixin.py:120} INFO - [2024-07-31T12:17:37.727+0000] {dag.py:3340} INFO - Setting next_dagrun for example_external_task_marker_parent to None, run_after=None
[2024-07-31T12:17:37.753+0000] {processor.py:176} INFO - Processing /home/airflow/.local/lib/python3.7/site-packages/airflow/example_dags/example_external_task_marker_dag.py took 0.279 seconds
[2024-07-31T12:18:09.290+0000] {processor.py:154} INFO - Started process (PID=737) to work on /home/airflow/.local/lib/python3.7/site-packages/airflow/example_dags/example_external_task_marker_dag.py
[2024-07-31T12:18:09.291+0000] {processor.py:756} INFO - Processing file /home/airflow/.local/lib/python3.7/site-packages/airflow/example_dags/example_external_task_marker_dag.py for tasks to queue
[2024-07-31T12:18:09.293+0000] {logging_mixin.py:120} INFO - [2024-07-31T12:18:09.292+0000] {dagbag.py:537} INFO - Filling up the DagBag from /home/airflow/.local/lib/python3.7/site-packages/airflow/example_dags/example_external_task_marker_dag.py
[2024-07-31T12:18:09.312+0000] {processor.py:766} INFO - DAG(s) dict_keys(['example_external_task_marker_child', 'example_external_task_marker_parent']) retrieved from /home/airflow/.local/lib/python3.7/site-packages/airflow/example_dags/example_external_task_marker_dag.py
[2024-07-31T12:18:09.562+0000] {logging_mixin.py:120} INFO - [2024-07-31T12:18:09.562+0000] {dag.py:2585} INFO - Sync 2 DAGs
[2024-07-31T12:18:09.598+0000] {logging_mixin.py:120} INFO - [2024-07-31T12:18:09.598+0000] {dag.py:3340} INFO - Setting next_dagrun for example_external_task_marker_child to None, run_after=None
[2024-07-31T12:18:09.606+0000] {logging_mixin.py:120} INFO - [2024-07-31T12:18:09.605+0000] {dag.py:3340} INFO - Setting next_dagrun for example_external_task_marker_parent to None, run_after=None
[2024-07-31T12:18:09.637+0000] {processor.py:176} INFO - Processing /home/airflow/.local/lib/python3.7/site-packages/airflow/example_dags/example_external_task_marker_dag.py took 0.352 seconds
[2024-07-31T12:18:40.237+0000] {processor.py:154} INFO - Started process (PID=799) to work on /home/airflow/.local/lib/python3.7/site-packages/airflow/example_dags/example_external_task_marker_dag.py
[2024-07-31T12:18:40.240+0000] {processor.py:756} INFO - Processing file /home/airflow/.local/lib/python3.7/site-packages/airflow/example_dags/example_external_task_marker_dag.py for tasks to queue
[2024-07-31T12:18:40.242+0000] {logging_mixin.py:120} INFO - [2024-07-31T12:18:40.242+0000] {dagbag.py:537} INFO - Filling up the DagBag from /home/airflow/.local/lib/python3.7/site-packages/airflow/example_dags/example_external_task_marker_dag.py
[2024-07-31T12:18:40.258+0000] {processor.py:766} INFO - DAG(s) dict_keys(['example_external_task_marker_child', 'example_external_task_marker_parent']) retrieved from /home/airflow/.local/lib/python3.7/site-packages/airflow/example_dags/example_external_task_marker_dag.py
[2024-07-31T12:18:40.506+0000] {logging_mixin.py:120} INFO - [2024-07-31T12:18:40.506+0000] {dag.py:2585} INFO - Sync 2 DAGs
[2024-07-31T12:18:40.534+0000] {logging_mixin.py:120} INFO - [2024-07-31T12:18:40.534+0000] {dag.py:3340} INFO - Setting next_dagrun for example_external_task_marker_child to None, run_after=None
[2024-07-31T12:18:40.540+0000] {logging_mixin.py:120} INFO - [2024-07-31T12:18:40.540+0000] {dag.py:3340} INFO - Setting next_dagrun for example_external_task_marker_parent to None, run_after=None
[2024-07-31T12:18:40.564+0000] {processor.py:176} INFO - Processing /home/airflow/.local/lib/python3.7/site-packages/airflow/example_dags/example_external_task_marker_dag.py took 0.331 seconds
[2024-07-31T12:19:11.290+0000] {processor.py:154} INFO - Started process (PID=861) to work on /home/airflow/.local/lib/python3.7/site-packages/airflow/example_dags/example_external_task_marker_dag.py
[2024-07-31T12:19:11.297+0000] {processor.py:756} INFO - Processing file /home/airflow/.local/lib/python3.7/site-packages/airflow/example_dags/example_external_task_marker_dag.py for tasks to queue
[2024-07-31T12:19:11.299+0000] {logging_mixin.py:120} INFO - [2024-07-31T12:19:11.299+0000] {dagbag.py:537} INFO - Filling up the DagBag from /home/airflow/.local/lib/python3.7/site-packages/airflow/example_dags/example_external_task_marker_dag.py
[2024-07-31T12:19:11.327+0000] {processor.py:766} INFO - DAG(s) dict_keys(['example_external_task_marker_child', 'example_external_task_marker_parent']) retrieved from /home/airflow/.local/lib/python3.7/site-packages/airflow/example_dags/example_external_task_marker_dag.py
[2024-07-31T12:19:11.629+0000] {logging_mixin.py:120} INFO - [2024-07-31T12:19:11.629+0000] {dag.py:2585} INFO - Sync 2 DAGs
[2024-07-31T12:19:11.696+0000] {logging_mixin.py:120} INFO - [2024-07-31T12:19:11.696+0000] {dag.py:3340} INFO - Setting next_dagrun for example_external_task_marker_child to None, run_after=None
[2024-07-31T12:19:11.712+0000] {logging_mixin.py:120} INFO - [2024-07-31T12:19:11.711+0000] {dag.py:3340} INFO - Setting next_dagrun for example_external_task_marker_parent to None, run_after=None
[2024-07-31T12:19:11.757+0000] {processor.py:176} INFO - Processing /home/airflow/.local/lib/python3.7/site-packages/airflow/example_dags/example_external_task_marker_dag.py took 0.472 seconds
[2024-07-31T12:19:42.524+0000] {processor.py:154} INFO - Started process (PID=915) to work on /home/airflow/.local/lib/python3.7/site-packages/airflow/example_dags/example_external_task_marker_dag.py
[2024-07-31T12:19:42.525+0000] {processor.py:756} INFO - Processing file /home/airflow/.local/lib/python3.7/site-packages/airflow/example_dags/example_external_task_marker_dag.py for tasks to queue
[2024-07-31T12:19:42.526+0000] {logging_mixin.py:120} INFO - [2024-07-31T12:19:42.526+0000] {dagbag.py:537} INFO - Filling up the DagBag from /home/airflow/.local/lib/python3.7/site-packages/airflow/example_dags/example_external_task_marker_dag.py
[2024-07-31T12:19:42.544+0000] {processor.py:766} INFO - DAG(s) dict_keys(['example_external_task_marker_parent', 'example_external_task_marker_child']) retrieved from /home/airflow/.local/lib/python3.7/site-packages/airflow/example_dags/example_external_task_marker_dag.py
[2024-07-31T12:19:42.784+0000] {logging_mixin.py:120} INFO - [2024-07-31T12:19:42.784+0000] {dag.py:2585} INFO - Sync 2 DAGs
[2024-07-31T12:19:42.813+0000] {logging_mixin.py:120} INFO - [2024-07-31T12:19:42.813+0000] {dag.py:3340} INFO - Setting next_dagrun for example_external_task_marker_child to None, run_after=None
[2024-07-31T12:19:42.819+0000] {logging_mixin.py:120} INFO - [2024-07-31T12:19:42.819+0000] {dag.py:3340} INFO - Setting next_dagrun for example_external_task_marker_parent to None, run_after=None
[2024-07-31T12:19:42.843+0000] {processor.py:176} INFO - Processing /home/airflow/.local/lib/python3.7/site-packages/airflow/example_dags/example_external_task_marker_dag.py took 0.323 seconds
[2024-07-31T12:20:13.340+0000] {processor.py:154} INFO - Started process (PID=976) to work on /home/airflow/.local/lib/python3.7/site-packages/airflow/example_dags/example_external_task_marker_dag.py
[2024-07-31T12:20:13.341+0000] {processor.py:756} INFO - Processing file /home/airflow/.local/lib/python3.7/site-packages/airflow/example_dags/example_external_task_marker_dag.py for tasks to queue
[2024-07-31T12:20:13.342+0000] {logging_mixin.py:120} INFO - [2024-07-31T12:20:13.342+0000] {dagbag.py:537} INFO - Filling up the DagBag from /home/airflow/.local/lib/python3.7/site-packages/airflow/example_dags/example_external_task_marker_dag.py
[2024-07-31T12:20:13.358+0000] {processor.py:766} INFO - DAG(s) dict_keys(['example_external_task_marker_parent', 'example_external_task_marker_child']) retrieved from /home/airflow/.local/lib/python3.7/site-packages/airflow/example_dags/example_external_task_marker_dag.py
[2024-07-31T12:20:13.680+0000] {logging_mixin.py:120} INFO - [2024-07-31T12:20:13.680+0000] {dag.py:2585} INFO - Sync 2 DAGs
[2024-07-31T12:20:13.784+0000] {logging_mixin.py:120} INFO - [2024-07-31T12:20:13.784+0000] {dag.py:3340} INFO - Setting next_dagrun for example_external_task_marker_child to None, run_after=None
[2024-07-31T12:20:13.822+0000] {logging_mixin.py:120} INFO - [2024-07-31T12:20:13.822+0000] {dag.py:3340} INFO - Setting next_dagrun for example_external_task_marker_parent to None, run_after=None
[2024-07-31T12:20:13.852+0000] {processor.py:176} INFO - Processing /home/airflow/.local/lib/python3.7/site-packages/airflow/example_dags/example_external_task_marker_dag.py took 0.516 seconds
[2024-07-31T12:20:44.005+0000] {processor.py:154} INFO - Started process (PID=1030) to work on /home/airflow/.local/lib/python3.7/site-packages/airflow/example_dags/example_external_task_marker_dag.py
[2024-07-31T12:20:44.008+0000] {processor.py:756} INFO - Processing file /home/airflow/.local/lib/python3.7/site-packages/airflow/example_dags/example_external_task_marker_dag.py for tasks to queue
[2024-07-31T12:20:44.009+0000] {logging_mixin.py:120} INFO - [2024-07-31T12:20:44.009+0000] {dagbag.py:537} INFO - Filling up the DagBag from /home/airflow/.local/lib/python3.7/site-packages/airflow/example_dags/example_external_task_marker_dag.py
[2024-07-31T12:20:44.022+0000] {processor.py:766} INFO - DAG(s) dict_keys(['example_external_task_marker_parent', 'example_external_task_marker_child']) retrieved from /home/airflow/.local/lib/python3.7/site-packages/airflow/example_dags/example_external_task_marker_dag.py
[2024-07-31T12:20:44.270+0000] {logging_mixin.py:120} INFO - [2024-07-31T12:20:44.269+0000] {dag.py:2585} INFO - Sync 2 DAGs
[2024-07-31T12:20:44.299+0000] {logging_mixin.py:120} INFO - [2024-07-31T12:20:44.299+0000] {dag.py:3340} INFO - Setting next_dagrun for example_external_task_marker_child to None, run_after=None
[2024-07-31T12:20:44.304+0000] {logging_mixin.py:120} INFO - [2024-07-31T12:20:44.303+0000] {dag.py:3340} INFO - Setting next_dagrun for example_external_task_marker_parent to None, run_after=None
[2024-07-31T12:20:44.352+0000] {processor.py:176} INFO - Processing /home/airflow/.local/lib/python3.7/site-packages/airflow/example_dags/example_external_task_marker_dag.py took 0.351 seconds
[2024-07-31T12:21:15.650+0000] {processor.py:154} INFO - Started process (PID=1092) to work on /home/airflow/.local/lib/python3.7/site-packages/airflow/example_dags/example_external_task_marker_dag.py
[2024-07-31T12:21:15.651+0000] {processor.py:756} INFO - Processing file /home/airflow/.local/lib/python3.7/site-packages/airflow/example_dags/example_external_task_marker_dag.py for tasks to queue
[2024-07-31T12:21:15.652+0000] {logging_mixin.py:120} INFO - [2024-07-31T12:21:15.652+0000] {dagbag.py:537} INFO - Filling up the DagBag from /home/airflow/.local/lib/python3.7/site-packages/airflow/example_dags/example_external_task_marker_dag.py
[2024-07-31T12:21:15.672+0000] {processor.py:766} INFO - DAG(s) dict_keys(['example_external_task_marker_parent', 'example_external_task_marker_child']) retrieved from /home/airflow/.local/lib/python3.7/site-packages/airflow/example_dags/example_external_task_marker_dag.py
[2024-07-31T12:21:16.352+0000] {logging_mixin.py:120} INFO - [2024-07-31T12:21:16.352+0000] {dag.py:2585} INFO - Sync 2 DAGs
[2024-07-31T12:21:16.404+0000] {logging_mixin.py:120} INFO - [2024-07-31T12:21:16.404+0000] {dag.py:3340} INFO - Setting next_dagrun for example_external_task_marker_child to None, run_after=None
[2024-07-31T12:21:16.603+0000] {logging_mixin.py:120} INFO - [2024-07-31T12:21:16.602+0000] {dag.py:3340} INFO - Setting next_dagrun for example_external_task_marker_parent to None, run_after=None
[2024-07-31T12:21:16.794+0000] {processor.py:176} INFO - Processing /home/airflow/.local/lib/python3.7/site-packages/airflow/example_dags/example_external_task_marker_dag.py took 1.148 seconds
[2024-07-31T12:21:47.478+0000] {processor.py:154} INFO - Started process (PID=1155) to work on /home/airflow/.local/lib/python3.7/site-packages/airflow/example_dags/example_external_task_marker_dag.py
[2024-07-31T12:21:47.481+0000] {processor.py:756} INFO - Processing file /home/airflow/.local/lib/python3.7/site-packages/airflow/example_dags/example_external_task_marker_dag.py for tasks to queue
[2024-07-31T12:21:47.483+0000] {logging_mixin.py:120} INFO - [2024-07-31T12:21:47.482+0000] {dagbag.py:537} INFO - Filling up the DagBag from /home/airflow/.local/lib/python3.7/site-packages/airflow/example_dags/example_external_task_marker_dag.py
[2024-07-31T12:21:47.501+0000] {processor.py:766} INFO - DAG(s) dict_keys(['example_external_task_marker_parent', 'example_external_task_marker_child']) retrieved from /home/airflow/.local/lib/python3.7/site-packages/airflow/example_dags/example_external_task_marker_dag.py
[2024-07-31T12:21:47.778+0000] {logging_mixin.py:120} INFO - [2024-07-31T12:21:47.777+0000] {dag.py:2585} INFO - Sync 2 DAGs
[2024-07-31T12:21:47.807+0000] {logging_mixin.py:120} INFO - [2024-07-31T12:21:47.807+0000] {dag.py:3340} INFO - Setting next_dagrun for example_external_task_marker_child to None, run_after=None
[2024-07-31T12:21:47.813+0000] {logging_mixin.py:120} INFO - [2024-07-31T12:21:47.813+0000] {dag.py:3340} INFO - Setting next_dagrun for example_external_task_marker_parent to None, run_after=None
[2024-07-31T12:21:47.839+0000] {processor.py:176} INFO - Processing /home/airflow/.local/lib/python3.7/site-packages/airflow/example_dags/example_external_task_marker_dag.py took 0.368 seconds
[2024-07-31T12:22:18.238+0000] {processor.py:154} INFO - Started process (PID=1209) to work on /home/airflow/.local/lib/python3.7/site-packages/airflow/example_dags/example_external_task_marker_dag.py
[2024-07-31T12:22:18.239+0000] {processor.py:756} INFO - Processing file /home/airflow/.local/lib/python3.7/site-packages/airflow/example_dags/example_external_task_marker_dag.py for tasks to queue
[2024-07-31T12:22:18.240+0000] {logging_mixin.py:120} INFO - [2024-07-31T12:22:18.240+0000] {dagbag.py:537} INFO - Filling up the DagBag from /home/airflow/.local/lib/python3.7/site-packages/airflow/example_dags/example_external_task_marker_dag.py
[2024-07-31T12:22:18.255+0000] {processor.py:766} INFO - DAG(s) dict_keys(['example_external_task_marker_child', 'example_external_task_marker_parent']) retrieved from /home/airflow/.local/lib/python3.7/site-packages/airflow/example_dags/example_external_task_marker_dag.py
[2024-07-31T12:22:18.472+0000] {logging_mixin.py:120} INFO - [2024-07-31T12:22:18.472+0000] {dag.py:2585} INFO - Sync 2 DAGs
[2024-07-31T12:22:18.502+0000] {logging_mixin.py:120} INFO - [2024-07-31T12:22:18.501+0000] {dag.py:3340} INFO - Setting next_dagrun for example_external_task_marker_child to None, run_after=None
[2024-07-31T12:22:18.508+0000] {logging_mixin.py:120} INFO - [2024-07-31T12:22:18.508+0000] {dag.py:3340} INFO - Setting next_dagrun for example_external_task_marker_parent to None, run_after=None
[2024-07-31T12:22:18.538+0000] {processor.py:176} INFO - Processing /home/airflow/.local/lib/python3.7/site-packages/airflow/example_dags/example_external_task_marker_dag.py took 0.304 seconds
[2024-07-31T12:22:48.859+0000] {processor.py:154} INFO - Started process (PID=1273) to work on /home/airflow/.local/lib/python3.7/site-packages/airflow/example_dags/example_external_task_marker_dag.py
[2024-07-31T12:22:48.886+0000] {processor.py:756} INFO - Processing file /home/airflow/.local/lib/python3.7/site-packages/airflow/example_dags/example_external_task_marker_dag.py for tasks to queue
[2024-07-31T12:22:48.898+0000] {logging_mixin.py:120} INFO - [2024-07-31T12:22:48.898+0000] {dagbag.py:537} INFO - Filling up the DagBag from /home/airflow/.local/lib/python3.7/site-packages/airflow/example_dags/example_external_task_marker_dag.py
[2024-07-31T12:22:48.988+0000] {processor.py:766} INFO - DAG(s) dict_keys(['example_external_task_marker_parent', 'example_external_task_marker_child']) retrieved from /home/airflow/.local/lib/python3.7/site-packages/airflow/example_dags/example_external_task_marker_dag.py
[2024-07-31T12:22:49.282+0000] {logging_mixin.py:120} INFO - [2024-07-31T12:22:49.282+0000] {dag.py:2585} INFO - Sync 2 DAGs
[2024-07-31T12:22:49.358+0000] {logging_mixin.py:120} INFO - [2024-07-31T12:22:49.358+0000] {dag.py:3340} INFO - Setting next_dagrun for example_external_task_marker_child to None, run_after=None
[2024-07-31T12:22:49.452+0000] {logging_mixin.py:120} INFO - [2024-07-31T12:22:49.452+0000] {dag.py:3340} INFO - Setting next_dagrun for example_external_task_marker_parent to None, run_after=None
[2024-07-31T12:22:49.497+0000] {processor.py:176} INFO - Processing /home/airflow/.local/lib/python3.7/site-packages/airflow/example_dags/example_external_task_marker_dag.py took 0.645 seconds
[2024-07-31T12:23:20.953+0000] {processor.py:154} INFO - Started process (PID=1337) to work on /home/airflow/.local/lib/python3.7/site-packages/airflow/example_dags/example_external_task_marker_dag.py
[2024-07-31T12:23:20.958+0000] {processor.py:756} INFO - Processing file /home/airflow/.local/lib/python3.7/site-packages/airflow/example_dags/example_external_task_marker_dag.py for tasks to queue
[2024-07-31T12:23:20.962+0000] {logging_mixin.py:120} INFO - [2024-07-31T12:23:20.961+0000] {dagbag.py:537} INFO - Filling up the DagBag from /home/airflow/.local/lib/python3.7/site-packages/airflow/example_dags/example_external_task_marker_dag.py
[2024-07-31T12:23:20.985+0000] {processor.py:766} INFO - DAG(s) dict_keys(['example_external_task_marker_child', 'example_external_task_marker_parent']) retrieved from /home/airflow/.local/lib/python3.7/site-packages/airflow/example_dags/example_external_task_marker_dag.py
[2024-07-31T12:23:21.340+0000] {logging_mixin.py:120} INFO - [2024-07-31T12:23:21.340+0000] {dag.py:2585} INFO - Sync 2 DAGs
[2024-07-31T12:23:21.387+0000] {logging_mixin.py:120} INFO - [2024-07-31T12:23:21.386+0000] {dag.py:3340} INFO - Setting next_dagrun for example_external_task_marker_child to None, run_after=None
[2024-07-31T12:23:21.394+0000] {logging_mixin.py:120} INFO - [2024-07-31T12:23:21.393+0000] {dag.py:3340} INFO - Setting next_dagrun for example_external_task_marker_parent to None, run_after=None
[2024-07-31T12:23:21.426+0000] {processor.py:176} INFO - Processing /home/airflow/.local/lib/python3.7/site-packages/airflow/example_dags/example_external_task_marker_dag.py took 0.478 seconds
[2024-07-31T12:23:51.674+0000] {processor.py:154} INFO - Started process (PID=1391) to work on /home/airflow/.local/lib/python3.7/site-packages/airflow/example_dags/example_external_task_marker_dag.py
[2024-07-31T12:23:51.675+0000] {processor.py:756} INFO - Processing file /home/airflow/.local/lib/python3.7/site-packages/airflow/example_dags/example_external_task_marker_dag.py for tasks to queue
[2024-07-31T12:23:51.678+0000] {logging_mixin.py:120} INFO - [2024-07-31T12:23:51.678+0000] {dagbag.py:537} INFO - Filling up the DagBag from /home/airflow/.local/lib/python3.7/site-packages/airflow/example_dags/example_external_task_marker_dag.py
[2024-07-31T12:23:51.692+0000] {processor.py:766} INFO - DAG(s) dict_keys(['example_external_task_marker_child', 'example_external_task_marker_parent']) retrieved from /home/airflow/.local/lib/python3.7/site-packages/airflow/example_dags/example_external_task_marker_dag.py
[2024-07-31T12:23:51.967+0000] {logging_mixin.py:120} INFO - [2024-07-31T12:23:51.967+0000] {dag.py:2585} INFO - Sync 2 DAGs
[2024-07-31T12:23:51.991+0000] {logging_mixin.py:120} INFO - [2024-07-31T12:23:51.991+0000] {dag.py:3340} INFO - Setting next_dagrun for example_external_task_marker_child to None, run_after=None
[2024-07-31T12:23:52.020+0000] {logging_mixin.py:120} INFO - [2024-07-31T12:23:52.020+0000] {dag.py:3340} INFO - Setting next_dagrun for example_external_task_marker_parent to None, run_after=None
[2024-07-31T12:23:52.059+0000] {processor.py:176} INFO - Processing /home/airflow/.local/lib/python3.7/site-packages/airflow/example_dags/example_external_task_marker_dag.py took 0.389 seconds
[2024-07-31T12:24:22.147+0000] {processor.py:154} INFO - Started process (PID=1455) to work on /home/airflow/.local/lib/python3.7/site-packages/airflow/example_dags/example_external_task_marker_dag.py
[2024-07-31T12:24:22.148+0000] {processor.py:756} INFO - Processing file /home/airflow/.local/lib/python3.7/site-packages/airflow/example_dags/example_external_task_marker_dag.py for tasks to queue
[2024-07-31T12:24:22.149+0000] {logging_mixin.py:120} INFO - [2024-07-31T12:24:22.149+0000] {dagbag.py:537} INFO - Filling up the DagBag from /home/airflow/.local/lib/python3.7/site-packages/airflow/example_dags/example_external_task_marker_dag.py
[2024-07-31T12:24:22.163+0000] {processor.py:766} INFO - DAG(s) dict_keys(['example_external_task_marker_parent', 'example_external_task_marker_child']) retrieved from /home/airflow/.local/lib/python3.7/site-packages/airflow/example_dags/example_external_task_marker_dag.py
[2024-07-31T12:24:22.353+0000] {logging_mixin.py:120} INFO - [2024-07-31T12:24:22.353+0000] {dag.py:2585} INFO - Sync 2 DAGs
[2024-07-31T12:24:22.382+0000] {logging_mixin.py:120} INFO - [2024-07-31T12:24:22.381+0000] {dag.py:3340} INFO - Setting next_dagrun for example_external_task_marker_child to None, run_after=None
[2024-07-31T12:24:22.385+0000] {logging_mixin.py:120} INFO - [2024-07-31T12:24:22.385+0000] {dag.py:3340} INFO - Setting next_dagrun for example_external_task_marker_parent to None, run_after=None
[2024-07-31T12:24:22.406+0000] {processor.py:176} INFO - Processing /home/airflow/.local/lib/python3.7/site-packages/airflow/example_dags/example_external_task_marker_dag.py took 0.263 seconds
[2024-07-31T12:24:52.461+0000] {processor.py:154} INFO - Started process (PID=1508) to work on /home/airflow/.local/lib/python3.7/site-packages/airflow/example_dags/example_external_task_marker_dag.py
[2024-07-31T12:24:52.462+0000] {processor.py:756} INFO - Processing file /home/airflow/.local/lib/python3.7/site-packages/airflow/example_dags/example_external_task_marker_dag.py for tasks to queue
[2024-07-31T12:24:52.463+0000] {logging_mixin.py:120} INFO - [2024-07-31T12:24:52.463+0000] {dagbag.py:537} INFO - Filling up the DagBag from /home/airflow/.local/lib/python3.7/site-packages/airflow/example_dags/example_external_task_marker_dag.py
[2024-07-31T12:24:52.481+0000] {processor.py:766} INFO - DAG(s) dict_keys(['example_external_task_marker_child', 'example_external_task_marker_parent']) retrieved from /home/airflow/.local/lib/python3.7/site-packages/airflow/example_dags/example_external_task_marker_dag.py
[2024-07-31T12:24:52.741+0000] {logging_mixin.py:120} INFO - [2024-07-31T12:24:52.741+0000] {dag.py:2585} INFO - Sync 2 DAGs
[2024-07-31T12:24:52.770+0000] {logging_mixin.py:120} INFO - [2024-07-31T12:24:52.769+0000] {dag.py:3340} INFO - Setting next_dagrun for example_external_task_marker_child to None, run_after=None
[2024-07-31T12:24:52.773+0000] {logging_mixin.py:120} INFO - [2024-07-31T12:24:52.773+0000] {dag.py:3340} INFO - Setting next_dagrun for example_external_task_marker_parent to None, run_after=None
[2024-07-31T12:24:52.798+0000] {processor.py:176} INFO - Processing /home/airflow/.local/lib/python3.7/site-packages/airflow/example_dags/example_external_task_marker_dag.py took 0.342 seconds
[2024-07-31T12:25:23.122+0000] {processor.py:154} INFO - Started process (PID=1571) to work on /home/airflow/.local/lib/python3.7/site-packages/airflow/example_dags/example_external_task_marker_dag.py
[2024-07-31T12:25:23.123+0000] {processor.py:756} INFO - Processing file /home/airflow/.local/lib/python3.7/site-packages/airflow/example_dags/example_external_task_marker_dag.py for tasks to queue
[2024-07-31T12:25:23.125+0000] {logging_mixin.py:120} INFO - [2024-07-31T12:25:23.124+0000] {dagbag.py:537} INFO - Filling up the DagBag from /home/airflow/.local/lib/python3.7/site-packages/airflow/example_dags/example_external_task_marker_dag.py
[2024-07-31T12:25:23.153+0000] {processor.py:766} INFO - DAG(s) dict_keys(['example_external_task_marker_child', 'example_external_task_marker_parent']) retrieved from /home/airflow/.local/lib/python3.7/site-packages/airflow/example_dags/example_external_task_marker_dag.py
[2024-07-31T12:25:23.384+0000] {logging_mixin.py:120} INFO - [2024-07-31T12:25:23.384+0000] {dag.py:2585} INFO - Sync 2 DAGs
[2024-07-31T12:25:23.412+0000] {logging_mixin.py:120} INFO - [2024-07-31T12:25:23.412+0000] {dag.py:3340} INFO - Setting next_dagrun for example_external_task_marker_child to None, run_after=None
[2024-07-31T12:25:23.417+0000] {logging_mixin.py:120} INFO - [2024-07-31T12:25:23.417+0000] {dag.py:3340} INFO - Setting next_dagrun for example_external_task_marker_parent to None, run_after=None
[2024-07-31T12:25:23.440+0000] {processor.py:176} INFO - Processing /home/airflow/.local/lib/python3.7/site-packages/airflow/example_dags/example_external_task_marker_dag.py took 0.322 seconds
[2024-07-31T12:25:53.987+0000] {processor.py:154} INFO - Started process (PID=1632) to work on /home/airflow/.local/lib/python3.7/site-packages/airflow/example_dags/example_external_task_marker_dag.py
[2024-07-31T12:25:53.988+0000] {processor.py:756} INFO - Processing file /home/airflow/.local/lib/python3.7/site-packages/airflow/example_dags/example_external_task_marker_dag.py for tasks to queue
[2024-07-31T12:25:53.990+0000] {logging_mixin.py:120} INFO - [2024-07-31T12:25:53.989+0000] {dagbag.py:537} INFO - Filling up the DagBag from /home/airflow/.local/lib/python3.7/site-packages/airflow/example_dags/example_external_task_marker_dag.py
[2024-07-31T12:25:54.006+0000] {processor.py:766} INFO - DAG(s) dict_keys(['example_external_task_marker_child', 'example_external_task_marker_parent']) retrieved from /home/airflow/.local/lib/python3.7/site-packages/airflow/example_dags/example_external_task_marker_dag.py
[2024-07-31T12:25:54.282+0000] {logging_mixin.py:120} INFO - [2024-07-31T12:25:54.281+0000] {dag.py:2585} INFO - Sync 2 DAGs
[2024-07-31T12:25:54.322+0000] {logging_mixin.py:120} INFO - [2024-07-31T12:25:54.320+0000] {dag.py:3340} INFO - Setting next_dagrun for example_external_task_marker_child to None, run_after=None
[2024-07-31T12:25:54.334+0000] {logging_mixin.py:120} INFO - [2024-07-31T12:25:54.333+0000] {dag.py:3340} INFO - Setting next_dagrun for example_external_task_marker_parent to None, run_after=None
[2024-07-31T12:25:54.370+0000] {processor.py:176} INFO - Processing /home/airflow/.local/lib/python3.7/site-packages/airflow/example_dags/example_external_task_marker_dag.py took 0.387 seconds
[2024-07-31T12:26:25.926+0000] {processor.py:154} INFO - Started process (PID=1686) to work on /home/airflow/.local/lib/python3.7/site-packages/airflow/example_dags/example_external_task_marker_dag.py
[2024-07-31T12:26:25.944+0000] {processor.py:756} INFO - Processing file /home/airflow/.local/lib/python3.7/site-packages/airflow/example_dags/example_external_task_marker_dag.py for tasks to queue
[2024-07-31T12:26:25.966+0000] {logging_mixin.py:120} INFO - [2024-07-31T12:26:25.965+0000] {dagbag.py:537} INFO - Filling up the DagBag from /home/airflow/.local/lib/python3.7/site-packages/airflow/example_dags/example_external_task_marker_dag.py
[2024-07-31T12:26:26.062+0000] {processor.py:766} INFO - DAG(s) dict_keys(['example_external_task_marker_parent', 'example_external_task_marker_child']) retrieved from /home/airflow/.local/lib/python3.7/site-packages/airflow/example_dags/example_external_task_marker_dag.py
[2024-07-31T12:26:26.590+0000] {logging_mixin.py:120} INFO - [2024-07-31T12:26:26.590+0000] {dag.py:2585} INFO - Sync 2 DAGs
[2024-07-31T12:26:26.703+0000] {logging_mixin.py:120} INFO - [2024-07-31T12:26:26.703+0000] {dag.py:3340} INFO - Setting next_dagrun for example_external_task_marker_child to None, run_after=None
[2024-07-31T12:26:26.750+0000] {logging_mixin.py:120} INFO - [2024-07-31T12:26:26.749+0000] {dag.py:3340} INFO - Setting next_dagrun for example_external_task_marker_parent to None, run_after=None
[2024-07-31T12:26:26.806+0000] {processor.py:176} INFO - Processing /home/airflow/.local/lib/python3.7/site-packages/airflow/example_dags/example_external_task_marker_dag.py took 0.883 seconds
[2024-07-31T12:26:57.229+0000] {processor.py:154} INFO - Started process (PID=1749) to work on /home/airflow/.local/lib/python3.7/site-packages/airflow/example_dags/example_external_task_marker_dag.py
[2024-07-31T12:26:57.232+0000] {processor.py:756} INFO - Processing file /home/airflow/.local/lib/python3.7/site-packages/airflow/example_dags/example_external_task_marker_dag.py for tasks to queue
[2024-07-31T12:26:57.238+0000] {logging_mixin.py:120} INFO - [2024-07-31T12:26:57.237+0000] {dagbag.py:537} INFO - Filling up the DagBag from /home/airflow/.local/lib/python3.7/site-packages/airflow/example_dags/example_external_task_marker_dag.py
[2024-07-31T12:26:57.275+0000] {processor.py:766} INFO - DAG(s) dict_keys(['example_external_task_marker_parent', 'example_external_task_marker_child']) retrieved from /home/airflow/.local/lib/python3.7/site-packages/airflow/example_dags/example_external_task_marker_dag.py
[2024-07-31T12:26:57.561+0000] {logging_mixin.py:120} INFO - [2024-07-31T12:26:57.560+0000] {dag.py:2585} INFO - Sync 2 DAGs
[2024-07-31T12:26:57.600+0000] {logging_mixin.py:120} INFO - [2024-07-31T12:26:57.600+0000] {dag.py:3340} INFO - Setting next_dagrun for example_external_task_marker_child to None, run_after=None
[2024-07-31T12:26:57.606+0000] {logging_mixin.py:120} INFO - [2024-07-31T12:26:57.606+0000] {dag.py:3340} INFO - Setting next_dagrun for example_external_task_marker_parent to None, run_after=None
[2024-07-31T12:26:57.641+0000] {processor.py:176} INFO - Processing /home/airflow/.local/lib/python3.7/site-packages/airflow/example_dags/example_external_task_marker_dag.py took 0.418 seconds
[2024-07-31T12:27:28.919+0000] {processor.py:154} INFO - Started process (PID=1813) to work on /home/airflow/.local/lib/python3.7/site-packages/airflow/example_dags/example_external_task_marker_dag.py
[2024-07-31T12:27:28.921+0000] {processor.py:756} INFO - Processing file /home/airflow/.local/lib/python3.7/site-packages/airflow/example_dags/example_external_task_marker_dag.py for tasks to queue
[2024-07-31T12:27:28.923+0000] {logging_mixin.py:120} INFO - [2024-07-31T12:27:28.923+0000] {dagbag.py:537} INFO - Filling up the DagBag from /home/airflow/.local/lib/python3.7/site-packages/airflow/example_dags/example_external_task_marker_dag.py
[2024-07-31T12:27:28.946+0000] {processor.py:766} INFO - DAG(s) dict_keys(['example_external_task_marker_child', 'example_external_task_marker_parent']) retrieved from /home/airflow/.local/lib/python3.7/site-packages/airflow/example_dags/example_external_task_marker_dag.py
[2024-07-31T12:27:29.208+0000] {logging_mixin.py:120} INFO - [2024-07-31T12:27:29.208+0000] {dag.py:2585} INFO - Sync 2 DAGs
[2024-07-31T12:27:29.245+0000] {logging_mixin.py:120} INFO - [2024-07-31T12:27:29.245+0000] {dag.py:3340} INFO - Setting next_dagrun for example_external_task_marker_child to None, run_after=None
[2024-07-31T12:27:29.251+0000] {logging_mixin.py:120} INFO - [2024-07-31T12:27:29.251+0000] {dag.py:3340} INFO - Setting next_dagrun for example_external_task_marker_parent to None, run_after=None
[2024-07-31T12:27:29.288+0000] {processor.py:176} INFO - Processing /home/airflow/.local/lib/python3.7/site-packages/airflow/example_dags/example_external_task_marker_dag.py took 0.374 seconds
[2024-07-31T12:28:01.861+0000] {processor.py:154} INFO - Started process (PID=1867) to work on /home/airflow/.local/lib/python3.7/site-packages/airflow/example_dags/example_external_task_marker_dag.py
[2024-07-31T12:28:01.862+0000] {processor.py:756} INFO - Processing file /home/airflow/.local/lib/python3.7/site-packages/airflow/example_dags/example_external_task_marker_dag.py for tasks to queue
[2024-07-31T12:28:01.864+0000] {logging_mixin.py:120} INFO - [2024-07-31T12:28:01.863+0000] {dagbag.py:537} INFO - Filling up the DagBag from /home/airflow/.local/lib/python3.7/site-packages/airflow/example_dags/example_external_task_marker_dag.py
[2024-07-31T12:28:01.883+0000] {processor.py:766} INFO - DAG(s) dict_keys(['example_external_task_marker_parent', 'example_external_task_marker_child']) retrieved from /home/airflow/.local/lib/python3.7/site-packages/airflow/example_dags/example_external_task_marker_dag.py
[2024-07-31T12:28:02.200+0000] {logging_mixin.py:120} INFO - [2024-07-31T12:28:02.200+0000] {dag.py:2585} INFO - Sync 2 DAGs
[2024-07-31T12:28:02.232+0000] {logging_mixin.py:120} INFO - [2024-07-31T12:28:02.232+0000] {dag.py:3340} INFO - Setting next_dagrun for example_external_task_marker_child to None, run_after=None
[2024-07-31T12:28:02.237+0000] {logging_mixin.py:120} INFO - [2024-07-31T12:28:02.237+0000] {dag.py:3340} INFO - Setting next_dagrun for example_external_task_marker_parent to None, run_after=None
[2024-07-31T12:28:02.267+0000] {processor.py:176} INFO - Processing /home/airflow/.local/lib/python3.7/site-packages/airflow/example_dags/example_external_task_marker_dag.py took 0.413 seconds
[2024-07-31T12:28:32.547+0000] {processor.py:154} INFO - Started process (PID=1932) to work on /home/airflow/.local/lib/python3.7/site-packages/airflow/example_dags/example_external_task_marker_dag.py
[2024-07-31T12:28:32.549+0000] {processor.py:756} INFO - Processing file /home/airflow/.local/lib/python3.7/site-packages/airflow/example_dags/example_external_task_marker_dag.py for tasks to queue
[2024-07-31T12:28:32.551+0000] {logging_mixin.py:120} INFO - [2024-07-31T12:28:32.550+0000] {dagbag.py:537} INFO - Filling up the DagBag from /home/airflow/.local/lib/python3.7/site-packages/airflow/example_dags/example_external_task_marker_dag.py
[2024-07-31T12:28:32.566+0000] {processor.py:766} INFO - DAG(s) dict_keys(['example_external_task_marker_parent', 'example_external_task_marker_child']) retrieved from /home/airflow/.local/lib/python3.7/site-packages/airflow/example_dags/example_external_task_marker_dag.py
[2024-07-31T12:28:32.780+0000] {logging_mixin.py:120} INFO - [2024-07-31T12:28:32.780+0000] {dag.py:2585} INFO - Sync 2 DAGs
[2024-07-31T12:28:32.814+0000] {logging_mixin.py:120} INFO - [2024-07-31T12:28:32.814+0000] {dag.py:3340} INFO - Setting next_dagrun for example_external_task_marker_child to None, run_after=None
[2024-07-31T12:28:32.819+0000] {logging_mixin.py:120} INFO - [2024-07-31T12:28:32.818+0000] {dag.py:3340} INFO - Setting next_dagrun for example_external_task_marker_parent to None, run_after=None
[2024-07-31T12:28:32.844+0000] {processor.py:176} INFO - Processing /home/airflow/.local/lib/python3.7/site-packages/airflow/example_dags/example_external_task_marker_dag.py took 0.301 seconds
[2024-07-31T12:29:04.005+0000] {processor.py:154} INFO - Started process (PID=1994) to work on /home/airflow/.local/lib/python3.7/site-packages/airflow/example_dags/example_external_task_marker_dag.py
[2024-07-31T12:29:04.009+0000] {processor.py:756} INFO - Processing file /home/airflow/.local/lib/python3.7/site-packages/airflow/example_dags/example_external_task_marker_dag.py for tasks to queue
[2024-07-31T12:29:04.012+0000] {logging_mixin.py:120} INFO - [2024-07-31T12:29:04.012+0000] {dagbag.py:537} INFO - Filling up the DagBag from /home/airflow/.local/lib/python3.7/site-packages/airflow/example_dags/example_external_task_marker_dag.py
[2024-07-31T12:29:04.043+0000] {processor.py:766} INFO - DAG(s) dict_keys(['example_external_task_marker_parent', 'example_external_task_marker_child']) retrieved from /home/airflow/.local/lib/python3.7/site-packages/airflow/example_dags/example_external_task_marker_dag.py
[2024-07-31T12:29:04.358+0000] {logging_mixin.py:120} INFO - [2024-07-31T12:29:04.358+0000] {dag.py:2585} INFO - Sync 2 DAGs
[2024-07-31T12:29:04.397+0000] {logging_mixin.py:120} INFO - [2024-07-31T12:29:04.397+0000] {dag.py:3340} INFO - Setting next_dagrun for example_external_task_marker_child to None, run_after=None
[2024-07-31T12:29:04.404+0000] {logging_mixin.py:120} INFO - [2024-07-31T12:29:04.404+0000] {dag.py:3340} INFO - Setting next_dagrun for example_external_task_marker_parent to None, run_after=None
[2024-07-31T12:29:04.431+0000] {processor.py:176} INFO - Processing /home/airflow/.local/lib/python3.7/site-packages/airflow/example_dags/example_external_task_marker_dag.py took 0.437 seconds
[2024-07-31T12:29:34.608+0000] {processor.py:154} INFO - Started process (PID=2048) to work on /home/airflow/.local/lib/python3.7/site-packages/airflow/example_dags/example_external_task_marker_dag.py
[2024-07-31T12:29:34.609+0000] {processor.py:756} INFO - Processing file /home/airflow/.local/lib/python3.7/site-packages/airflow/example_dags/example_external_task_marker_dag.py for tasks to queue
[2024-07-31T12:29:34.610+0000] {logging_mixin.py:120} INFO - [2024-07-31T12:29:34.610+0000] {dagbag.py:537} INFO - Filling up the DagBag from /home/airflow/.local/lib/python3.7/site-packages/airflow/example_dags/example_external_task_marker_dag.py
[2024-07-31T12:29:34.629+0000] {processor.py:766} INFO - DAG(s) dict_keys(['example_external_task_marker_parent', 'example_external_task_marker_child']) retrieved from /home/airflow/.local/lib/python3.7/site-packages/airflow/example_dags/example_external_task_marker_dag.py
[2024-07-31T12:29:34.872+0000] {logging_mixin.py:120} INFO - [2024-07-31T12:29:34.872+0000] {dag.py:2585} INFO - Sync 2 DAGs
[2024-07-31T12:29:34.902+0000] {logging_mixin.py:120} INFO - [2024-07-31T12:29:34.902+0000] {dag.py:3340} INFO - Setting next_dagrun for example_external_task_marker_child to None, run_after=None
[2024-07-31T12:29:34.937+0000] {logging_mixin.py:120} INFO - [2024-07-31T12:29:34.937+0000] {dag.py:3340} INFO - Setting next_dagrun for example_external_task_marker_parent to None, run_after=None
[2024-07-31T12:29:35.093+0000] {processor.py:176} INFO - Processing /home/airflow/.local/lib/python3.7/site-packages/airflow/example_dags/example_external_task_marker_dag.py took 0.495 seconds
[2024-07-31T12:30:05.901+0000] {processor.py:154} INFO - Started process (PID=2112) to work on /home/airflow/.local/lib/python3.7/site-packages/airflow/example_dags/example_external_task_marker_dag.py
[2024-07-31T12:30:05.904+0000] {processor.py:756} INFO - Processing file /home/airflow/.local/lib/python3.7/site-packages/airflow/example_dags/example_external_task_marker_dag.py for tasks to queue
[2024-07-31T12:30:05.906+0000] {logging_mixin.py:120} INFO - [2024-07-31T12:30:05.906+0000] {dagbag.py:537} INFO - Filling up the DagBag from /home/airflow/.local/lib/python3.7/site-packages/airflow/example_dags/example_external_task_marker_dag.py
[2024-07-31T12:30:05.939+0000] {processor.py:766} INFO - DAG(s) dict_keys(['example_external_task_marker_child', 'example_external_task_marker_parent']) retrieved from /home/airflow/.local/lib/python3.7/site-packages/airflow/example_dags/example_external_task_marker_dag.py
[2024-07-31T12:30:06.566+0000] {logging_mixin.py:120} INFO - [2024-07-31T12:30:06.566+0000] {dag.py:2585} INFO - Sync 2 DAGs
[2024-07-31T12:30:06.673+0000] {logging_mixin.py:120} INFO - [2024-07-31T12:30:06.672+0000] {dag.py:3340} INFO - Setting next_dagrun for example_external_task_marker_child to None, run_after=None
[2024-07-31T12:30:06.728+0000] {logging_mixin.py:120} INFO - [2024-07-31T12:30:06.728+0000] {dag.py:3340} INFO - Setting next_dagrun for example_external_task_marker_parent to None, run_after=None
[2024-07-31T12:30:06.785+0000] {processor.py:176} INFO - Processing /home/airflow/.local/lib/python3.7/site-packages/airflow/example_dags/example_external_task_marker_dag.py took 0.888 seconds
[2024-07-31T12:30:37.337+0000] {processor.py:154} INFO - Started process (PID=2175) to work on /home/airflow/.local/lib/python3.7/site-packages/airflow/example_dags/example_external_task_marker_dag.py
[2024-07-31T12:30:37.340+0000] {processor.py:756} INFO - Processing file /home/airflow/.local/lib/python3.7/site-packages/airflow/example_dags/example_external_task_marker_dag.py for tasks to queue
[2024-07-31T12:30:37.347+0000] {logging_mixin.py:120} INFO - [2024-07-31T12:30:37.341+0000] {dagbag.py:537} INFO - Filling up the DagBag from /home/airflow/.local/lib/python3.7/site-packages/airflow/example_dags/example_external_task_marker_dag.py
[2024-07-31T12:30:37.377+0000] {processor.py:766} INFO - DAG(s) dict_keys(['example_external_task_marker_child', 'example_external_task_marker_parent']) retrieved from /home/airflow/.local/lib/python3.7/site-packages/airflow/example_dags/example_external_task_marker_dag.py
[2024-07-31T12:30:37.804+0000] {logging_mixin.py:120} INFO - [2024-07-31T12:30:37.804+0000] {dag.py:2585} INFO - Sync 2 DAGs
[2024-07-31T12:30:37.832+0000] {logging_mixin.py:120} INFO - [2024-07-31T12:30:37.832+0000] {dag.py:3340} INFO - Setting next_dagrun for example_external_task_marker_child to None, run_after=None
[2024-07-31T12:30:37.836+0000] {logging_mixin.py:120} INFO - [2024-07-31T12:30:37.836+0000] {dag.py:3340} INFO - Setting next_dagrun for example_external_task_marker_parent to None, run_after=None
[2024-07-31T12:30:37.866+0000] {processor.py:176} INFO - Processing /home/airflow/.local/lib/python3.7/site-packages/airflow/example_dags/example_external_task_marker_dag.py took 0.532 seconds
[2024-07-31T12:31:08.075+0000] {processor.py:154} INFO - Started process (PID=2229) to work on /home/airflow/.local/lib/python3.7/site-packages/airflow/example_dags/example_external_task_marker_dag.py
[2024-07-31T12:31:08.076+0000] {processor.py:756} INFO - Processing file /home/airflow/.local/lib/python3.7/site-packages/airflow/example_dags/example_external_task_marker_dag.py for tasks to queue
[2024-07-31T12:31:08.077+0000] {logging_mixin.py:120} INFO - [2024-07-31T12:31:08.077+0000] {dagbag.py:537} INFO - Filling up the DagBag from /home/airflow/.local/lib/python3.7/site-packages/airflow/example_dags/example_external_task_marker_dag.py
[2024-07-31T12:31:08.102+0000] {processor.py:766} INFO - DAG(s) dict_keys(['example_external_task_marker_child', 'example_external_task_marker_parent']) retrieved from /home/airflow/.local/lib/python3.7/site-packages/airflow/example_dags/example_external_task_marker_dag.py
[2024-07-31T12:31:08.740+0000] {logging_mixin.py:120} INFO - [2024-07-31T12:31:08.740+0000] {dag.py:2585} INFO - Sync 2 DAGs
[2024-07-31T12:31:08.793+0000] {logging_mixin.py:120} INFO - [2024-07-31T12:31:08.793+0000] {dag.py:3340} INFO - Setting next_dagrun for example_external_task_marker_child to None, run_after=None
[2024-07-31T12:31:08.900+0000] {logging_mixin.py:120} INFO - [2024-07-31T12:31:08.900+0000] {dag.py:3340} INFO - Setting next_dagrun for example_external_task_marker_parent to None, run_after=None
[2024-07-31T12:31:08.938+0000] {processor.py:176} INFO - Processing /home/airflow/.local/lib/python3.7/site-packages/airflow/example_dags/example_external_task_marker_dag.py took 0.870 seconds
[2024-07-31T12:31:39.096+0000] {processor.py:154} INFO - Started process (PID=2293) to work on /home/airflow/.local/lib/python3.7/site-packages/airflow/example_dags/example_external_task_marker_dag.py
[2024-07-31T12:31:39.102+0000] {processor.py:756} INFO - Processing file /home/airflow/.local/lib/python3.7/site-packages/airflow/example_dags/example_external_task_marker_dag.py for tasks to queue
[2024-07-31T12:31:39.103+0000] {logging_mixin.py:120} INFO - [2024-07-31T12:31:39.103+0000] {dagbag.py:537} INFO - Filling up the DagBag from /home/airflow/.local/lib/python3.7/site-packages/airflow/example_dags/example_external_task_marker_dag.py
[2024-07-31T12:31:39.180+0000] {processor.py:766} INFO - DAG(s) dict_keys(['example_external_task_marker_child', 'example_external_task_marker_parent']) retrieved from /home/airflow/.local/lib/python3.7/site-packages/airflow/example_dags/example_external_task_marker_dag.py
[2024-07-31T12:31:39.418+0000] {logging_mixin.py:120} INFO - [2024-07-31T12:31:39.418+0000] {dag.py:2585} INFO - Sync 2 DAGs
[2024-07-31T12:31:39.456+0000] {logging_mixin.py:120} INFO - [2024-07-31T12:31:39.456+0000] {dag.py:3340} INFO - Setting next_dagrun for example_external_task_marker_child to None, run_after=None
[2024-07-31T12:31:39.462+0000] {logging_mixin.py:120} INFO - [2024-07-31T12:31:39.462+0000] {dag.py:3340} INFO - Setting next_dagrun for example_external_task_marker_parent to None, run_after=None
[2024-07-31T12:31:39.486+0000] {processor.py:176} INFO - Processing /home/airflow/.local/lib/python3.7/site-packages/airflow/example_dags/example_external_task_marker_dag.py took 0.393 seconds
[2024-07-31T12:32:09.878+0000] {processor.py:154} INFO - Started process (PID=2347) to work on /home/airflow/.local/lib/python3.7/site-packages/airflow/example_dags/example_external_task_marker_dag.py
[2024-07-31T12:32:09.880+0000] {processor.py:756} INFO - Processing file /home/airflow/.local/lib/python3.7/site-packages/airflow/example_dags/example_external_task_marker_dag.py for tasks to queue
[2024-07-31T12:32:09.882+0000] {logging_mixin.py:120} INFO - [2024-07-31T12:32:09.882+0000] {dagbag.py:537} INFO - Filling up the DagBag from /home/airflow/.local/lib/python3.7/site-packages/airflow/example_dags/example_external_task_marker_dag.py
[2024-07-31T12:32:09.906+0000] {processor.py:766} INFO - DAG(s) dict_keys(['example_external_task_marker_child', 'example_external_task_marker_parent']) retrieved from /home/airflow/.local/lib/python3.7/site-packages/airflow/example_dags/example_external_task_marker_dag.py
[2024-07-31T12:32:10.222+0000] {logging_mixin.py:120} INFO - [2024-07-31T12:32:10.221+0000] {dag.py:2585} INFO - Sync 2 DAGs
[2024-07-31T12:32:10.254+0000] {logging_mixin.py:120} INFO - [2024-07-31T12:32:10.254+0000] {dag.py:3340} INFO - Setting next_dagrun for example_external_task_marker_child to None, run_after=None
[2024-07-31T12:32:10.263+0000] {logging_mixin.py:120} INFO - [2024-07-31T12:32:10.263+0000] {dag.py:3340} INFO - Setting next_dagrun for example_external_task_marker_parent to None, run_after=None
[2024-07-31T12:32:10.292+0000] {processor.py:176} INFO - Processing /home/airflow/.local/lib/python3.7/site-packages/airflow/example_dags/example_external_task_marker_dag.py took 0.418 seconds
[2024-07-31T12:32:40.340+0000] {processor.py:154} INFO - Started process (PID=2410) to work on /home/airflow/.local/lib/python3.7/site-packages/airflow/example_dags/example_external_task_marker_dag.py
[2024-07-31T12:32:40.384+0000] {processor.py:756} INFO - Processing file /home/airflow/.local/lib/python3.7/site-packages/airflow/example_dags/example_external_task_marker_dag.py for tasks to queue
[2024-07-31T12:32:40.396+0000] {logging_mixin.py:120} INFO - [2024-07-31T12:32:40.396+0000] {dagbag.py:537} INFO - Filling up the DagBag from /home/airflow/.local/lib/python3.7/site-packages/airflow/example_dags/example_external_task_marker_dag.py
[2024-07-31T12:32:40.417+0000] {processor.py:766} INFO - DAG(s) dict_keys(['example_external_task_marker_child', 'example_external_task_marker_parent']) retrieved from /home/airflow/.local/lib/python3.7/site-packages/airflow/example_dags/example_external_task_marker_dag.py
[2024-07-31T12:32:40.901+0000] {logging_mixin.py:120} INFO - [2024-07-31T12:32:40.901+0000] {dag.py:2585} INFO - Sync 2 DAGs
[2024-07-31T12:32:40.933+0000] {logging_mixin.py:120} INFO - [2024-07-31T12:32:40.933+0000] {dag.py:3340} INFO - Setting next_dagrun for example_external_task_marker_child to None, run_after=None
[2024-07-31T12:32:40.937+0000] {logging_mixin.py:120} INFO - [2024-07-31T12:32:40.937+0000] {dag.py:3340} INFO - Setting next_dagrun for example_external_task_marker_parent to None, run_after=None
[2024-07-31T12:32:40.964+0000] {processor.py:176} INFO - Processing /home/airflow/.local/lib/python3.7/site-packages/airflow/example_dags/example_external_task_marker_dag.py took 0.627 seconds
[2024-07-31T12:33:11.105+0000] {processor.py:154} INFO - Started process (PID=2473) to work on /home/airflow/.local/lib/python3.7/site-packages/airflow/example_dags/example_external_task_marker_dag.py
[2024-07-31T12:33:11.106+0000] {processor.py:756} INFO - Processing file /home/airflow/.local/lib/python3.7/site-packages/airflow/example_dags/example_external_task_marker_dag.py for tasks to queue
[2024-07-31T12:33:11.107+0000] {logging_mixin.py:120} INFO - [2024-07-31T12:33:11.107+0000] {dagbag.py:537} INFO - Filling up the DagBag from /home/airflow/.local/lib/python3.7/site-packages/airflow/example_dags/example_external_task_marker_dag.py
[2024-07-31T12:33:11.130+0000] {processor.py:766} INFO - DAG(s) dict_keys(['example_external_task_marker_child', 'example_external_task_marker_parent']) retrieved from /home/airflow/.local/lib/python3.7/site-packages/airflow/example_dags/example_external_task_marker_dag.py
[2024-07-31T12:33:11.380+0000] {logging_mixin.py:120} INFO - [2024-07-31T12:33:11.380+0000] {dag.py:2585} INFO - Sync 2 DAGs
[2024-07-31T12:33:11.413+0000] {logging_mixin.py:120} INFO - [2024-07-31T12:33:11.413+0000] {dag.py:3340} INFO - Setting next_dagrun for example_external_task_marker_child to None, run_after=None
[2024-07-31T12:33:11.417+0000] {logging_mixin.py:120} INFO - [2024-07-31T12:33:11.417+0000] {dag.py:3340} INFO - Setting next_dagrun for example_external_task_marker_parent to None, run_after=None
[2024-07-31T12:33:11.444+0000] {processor.py:176} INFO - Processing /home/airflow/.local/lib/python3.7/site-packages/airflow/example_dags/example_external_task_marker_dag.py took 0.344 seconds
[2024-07-31T12:33:44.481+0000] {processor.py:154} INFO - Started process (PID=2526) to work on /home/airflow/.local/lib/python3.7/site-packages/airflow/example_dags/example_external_task_marker_dag.py
[2024-07-31T12:33:44.500+0000] {processor.py:756} INFO - Processing file /home/airflow/.local/lib/python3.7/site-packages/airflow/example_dags/example_external_task_marker_dag.py for tasks to queue
[2024-07-31T12:33:44.501+0000] {logging_mixin.py:120} INFO - [2024-07-31T12:33:44.501+0000] {dagbag.py:537} INFO - Filling up the DagBag from /home/airflow/.local/lib/python3.7/site-packages/airflow/example_dags/example_external_task_marker_dag.py
[2024-07-31T12:33:44.525+0000] {processor.py:766} INFO - DAG(s) dict_keys(['example_external_task_marker_child', 'example_external_task_marker_parent']) retrieved from /home/airflow/.local/lib/python3.7/site-packages/airflow/example_dags/example_external_task_marker_dag.py
[2024-07-31T12:33:44.774+0000] {logging_mixin.py:120} INFO - [2024-07-31T12:33:44.774+0000] {dag.py:2585} INFO - Sync 2 DAGs
[2024-07-31T12:33:44.897+0000] {logging_mixin.py:120} INFO - [2024-07-31T12:33:44.897+0000] {dag.py:3340} INFO - Setting next_dagrun for example_external_task_marker_child to None, run_after=None
[2024-07-31T12:33:44.954+0000] {logging_mixin.py:120} INFO - [2024-07-31T12:33:44.954+0000] {dag.py:3340} INFO - Setting next_dagrun for example_external_task_marker_parent to None, run_after=None
[2024-07-31T12:33:44.989+0000] {processor.py:176} INFO - Processing /home/airflow/.local/lib/python3.7/site-packages/airflow/example_dags/example_external_task_marker_dag.py took 0.512 seconds
[2024-07-31T12:34:17.864+0000] {processor.py:154} INFO - Started process (PID=2589) to work on /home/airflow/.local/lib/python3.7/site-packages/airflow/example_dags/example_external_task_marker_dag.py
[2024-07-31T12:34:17.868+0000] {processor.py:756} INFO - Processing file /home/airflow/.local/lib/python3.7/site-packages/airflow/example_dags/example_external_task_marker_dag.py for tasks to queue
[2024-07-31T12:34:17.869+0000] {logging_mixin.py:120} INFO - [2024-07-31T12:34:17.868+0000] {dagbag.py:537} INFO - Filling up the DagBag from /home/airflow/.local/lib/python3.7/site-packages/airflow/example_dags/example_external_task_marker_dag.py
[2024-07-31T12:34:17.882+0000] {processor.py:766} INFO - DAG(s) dict_keys(['example_external_task_marker_child', 'example_external_task_marker_parent']) retrieved from /home/airflow/.local/lib/python3.7/site-packages/airflow/example_dags/example_external_task_marker_dag.py
[2024-07-31T12:34:18.278+0000] {logging_mixin.py:120} INFO - [2024-07-31T12:34:18.278+0000] {dag.py:2585} INFO - Sync 2 DAGs
[2024-07-31T12:34:18.365+0000] {logging_mixin.py:120} INFO - [2024-07-31T12:34:18.365+0000] {dag.py:3340} INFO - Setting next_dagrun for example_external_task_marker_child to None, run_after=None
[2024-07-31T12:34:18.400+0000] {logging_mixin.py:120} INFO - [2024-07-31T12:34:18.400+0000] {dag.py:3340} INFO - Setting next_dagrun for example_external_task_marker_parent to None, run_after=None
[2024-07-31T12:34:18.500+0000] {processor.py:176} INFO - Processing /home/airflow/.local/lib/python3.7/site-packages/airflow/example_dags/example_external_task_marker_dag.py took 0.640 seconds
[2024-07-31T12:34:49.091+0000] {processor.py:154} INFO - Started process (PID=2652) to work on /home/airflow/.local/lib/python3.7/site-packages/airflow/example_dags/example_external_task_marker_dag.py
[2024-07-31T12:34:49.092+0000] {processor.py:756} INFO - Processing file /home/airflow/.local/lib/python3.7/site-packages/airflow/example_dags/example_external_task_marker_dag.py for tasks to queue
[2024-07-31T12:34:49.093+0000] {logging_mixin.py:120} INFO - [2024-07-31T12:34:49.093+0000] {dagbag.py:537} INFO - Filling up the DagBag from /home/airflow/.local/lib/python3.7/site-packages/airflow/example_dags/example_external_task_marker_dag.py
[2024-07-31T12:34:49.110+0000] {processor.py:766} INFO - DAG(s) dict_keys(['example_external_task_marker_child', 'example_external_task_marker_parent']) retrieved from /home/airflow/.local/lib/python3.7/site-packages/airflow/example_dags/example_external_task_marker_dag.py
[2024-07-31T12:34:49.352+0000] {logging_mixin.py:120} INFO - [2024-07-31T12:34:49.351+0000] {dag.py:2585} INFO - Sync 2 DAGs
[2024-07-31T12:34:49.412+0000] {logging_mixin.py:120} INFO - [2024-07-31T12:34:49.411+0000] {dag.py:3340} INFO - Setting next_dagrun for example_external_task_marker_child to None, run_after=None
[2024-07-31T12:34:49.417+0000] {logging_mixin.py:120} INFO - [2024-07-31T12:34:49.417+0000] {dag.py:3340} INFO - Setting next_dagrun for example_external_task_marker_parent to None, run_after=None
[2024-07-31T12:34:49.439+0000] {processor.py:176} INFO - Processing /home/airflow/.local/lib/python3.7/site-packages/airflow/example_dags/example_external_task_marker_dag.py took 0.351 seconds
[2024-07-31T12:35:19.950+0000] {processor.py:154} INFO - Started process (PID=2707) to work on /home/airflow/.local/lib/python3.7/site-packages/airflow/example_dags/example_external_task_marker_dag.py
[2024-07-31T12:35:19.952+0000] {processor.py:756} INFO - Processing file /home/airflow/.local/lib/python3.7/site-packages/airflow/example_dags/example_external_task_marker_dag.py for tasks to queue
[2024-07-31T12:35:19.953+0000] {logging_mixin.py:120} INFO - [2024-07-31T12:35:19.953+0000] {dagbag.py:537} INFO - Filling up the DagBag from /home/airflow/.local/lib/python3.7/site-packages/airflow/example_dags/example_external_task_marker_dag.py
[2024-07-31T12:35:19.982+0000] {processor.py:766} INFO - DAG(s) dict_keys(['example_external_task_marker_parent', 'example_external_task_marker_child']) retrieved from /home/airflow/.local/lib/python3.7/site-packages/airflow/example_dags/example_external_task_marker_dag.py
[2024-07-31T12:35:20.281+0000] {logging_mixin.py:120} INFO - [2024-07-31T12:35:20.280+0000] {dag.py:2585} INFO - Sync 2 DAGs
[2024-07-31T12:35:20.317+0000] {logging_mixin.py:120} INFO - [2024-07-31T12:35:20.317+0000] {dag.py:3340} INFO - Setting next_dagrun for example_external_task_marker_child to None, run_after=None
[2024-07-31T12:35:20.380+0000] {logging_mixin.py:120} INFO - [2024-07-31T12:35:20.380+0000] {dag.py:3340} INFO - Setting next_dagrun for example_external_task_marker_parent to None, run_after=None
[2024-07-31T12:35:20.434+0000] {processor.py:176} INFO - Processing /home/airflow/.local/lib/python3.7/site-packages/airflow/example_dags/example_external_task_marker_dag.py took 0.488 seconds
[2024-07-31T12:35:51.434+0000] {processor.py:154} INFO - Started process (PID=2770) to work on /home/airflow/.local/lib/python3.7/site-packages/airflow/example_dags/example_external_task_marker_dag.py
[2024-07-31T12:35:51.437+0000] {processor.py:756} INFO - Processing file /home/airflow/.local/lib/python3.7/site-packages/airflow/example_dags/example_external_task_marker_dag.py for tasks to queue
[2024-07-31T12:35:51.439+0000] {logging_mixin.py:120} INFO - [2024-07-31T12:35:51.439+0000] {dagbag.py:537} INFO - Filling up the DagBag from /home/airflow/.local/lib/python3.7/site-packages/airflow/example_dags/example_external_task_marker_dag.py
[2024-07-31T12:35:51.468+0000] {processor.py:766} INFO - DAG(s) dict_keys(['example_external_task_marker_child', 'example_external_task_marker_parent']) retrieved from /home/airflow/.local/lib/python3.7/site-packages/airflow/example_dags/example_external_task_marker_dag.py
[2024-07-31T12:35:51.785+0000] {logging_mixin.py:120} INFO - [2024-07-31T12:35:51.784+0000] {dag.py:2585} INFO - Sync 2 DAGs
[2024-07-31T12:35:51.824+0000] {logging_mixin.py:120} INFO - [2024-07-31T12:35:51.823+0000] {dag.py:3340} INFO - Setting next_dagrun for example_external_task_marker_child to None, run_after=None
[2024-07-31T12:35:51.868+0000] {logging_mixin.py:120} INFO - [2024-07-31T12:35:51.867+0000] {dag.py:3340} INFO - Setting next_dagrun for example_external_task_marker_parent to None, run_after=None
[2024-07-31T12:35:51.919+0000] {processor.py:176} INFO - Processing /home/airflow/.local/lib/python3.7/site-packages/airflow/example_dags/example_external_task_marker_dag.py took 0.490 seconds
[2024-07-31T12:36:22.140+0000] {processor.py:154} INFO - Started process (PID=2835) to work on /home/airflow/.local/lib/python3.7/site-packages/airflow/example_dags/example_external_task_marker_dag.py
[2024-07-31T12:36:22.147+0000] {processor.py:756} INFO - Processing file /home/airflow/.local/lib/python3.7/site-packages/airflow/example_dags/example_external_task_marker_dag.py for tasks to queue
[2024-07-31T12:36:22.163+0000] {logging_mixin.py:120} INFO - [2024-07-31T12:36:22.162+0000] {dagbag.py:537} INFO - Filling up the DagBag from /home/airflow/.local/lib/python3.7/site-packages/airflow/example_dags/example_external_task_marker_dag.py
[2024-07-31T12:36:22.180+0000] {processor.py:766} INFO - DAG(s) dict_keys(['example_external_task_marker_parent', 'example_external_task_marker_child']) retrieved from /home/airflow/.local/lib/python3.7/site-packages/airflow/example_dags/example_external_task_marker_dag.py
[2024-07-31T12:36:22.535+0000] {logging_mixin.py:120} INFO - [2024-07-31T12:36:22.535+0000] {dag.py:2585} INFO - Sync 2 DAGs
[2024-07-31T12:36:22.575+0000] {logging_mixin.py:120} INFO - [2024-07-31T12:36:22.574+0000] {dag.py:3340} INFO - Setting next_dagrun for example_external_task_marker_child to None, run_after=None
[2024-07-31T12:36:22.581+0000] {logging_mixin.py:120} INFO - [2024-07-31T12:36:22.580+0000] {dag.py:3340} INFO - Setting next_dagrun for example_external_task_marker_parent to None, run_after=None
[2024-07-31T12:36:22.609+0000] {processor.py:176} INFO - Processing /home/airflow/.local/lib/python3.7/site-packages/airflow/example_dags/example_external_task_marker_dag.py took 0.473 seconds
