[2024-07-31T12:12:26.799+0000] {processor.py:154} INFO - Started process (PID=89) to work on /home/airflow/.local/lib/python3.7/site-packages/airflow/example_dags/example_xcom.py
[2024-07-31T12:12:26.801+0000] {processor.py:756} INFO - Processing file /home/airflow/.local/lib/python3.7/site-packages/airflow/example_dags/example_xcom.py for tasks to queue
[2024-07-31T12:12:26.804+0000] {logging_mixin.py:120} INFO - [2024-07-31T12:12:26.804+0000] {dagbag.py:537} INFO - Filling up the DagBag from /home/airflow/.local/lib/python3.7/site-packages/airflow/example_dags/example_xcom.py
[2024-07-31T12:12:26.852+0000] {processor.py:766} INFO - DAG(s) dict_keys(['example_xcom']) retrieved from /home/airflow/.local/lib/python3.7/site-packages/airflow/example_dags/example_xcom.py
[2024-07-31T12:12:27.290+0000] {logging_mixin.py:120} INFO - [2024-07-31T12:12:27.289+0000] {manager.py:507} INFO - Created Permission View: can read on DAG:example_xcom
[2024-07-31T12:12:27.334+0000] {logging_mixin.py:120} INFO - [2024-07-31T12:12:27.332+0000] {manager.py:507} INFO - Created Permission View: can delete on DAG:example_xcom
[2024-07-31T12:12:27.368+0000] {logging_mixin.py:120} INFO - [2024-07-31T12:12:27.368+0000] {manager.py:507} INFO - Created Permission View: can edit on DAG:example_xcom
[2024-07-31T12:12:27.369+0000] {logging_mixin.py:120} INFO - [2024-07-31T12:12:27.369+0000] {dag.py:2585} INFO - Sync 1 DAGs
[2024-07-31T12:12:27.406+0000] {logging_mixin.py:120} INFO - [2024-07-31T12:12:27.406+0000] {dag.py:2606} INFO - Creating ORM DAG for example_xcom
[2024-07-31T12:12:27.431+0000] {logging_mixin.py:120} INFO - [2024-07-31T12:12:27.431+0000] {dag.py:3340} INFO - Setting next_dagrun for example_xcom to 2021-01-01T00:00:00+00:00, run_after=2021-01-01T00:00:00+00:00
[2024-07-31T12:12:27.502+0000] {processor.py:176} INFO - Processing /home/airflow/.local/lib/python3.7/site-packages/airflow/example_dags/example_xcom.py took 0.709 seconds
[2024-07-31T12:12:57.555+0000] {processor.py:154} INFO - Started process (PID=143) to work on /home/airflow/.local/lib/python3.7/site-packages/airflow/example_dags/example_xcom.py
[2024-07-31T12:12:57.557+0000] {processor.py:756} INFO - Processing file /home/airflow/.local/lib/python3.7/site-packages/airflow/example_dags/example_xcom.py for tasks to queue
[2024-07-31T12:12:57.558+0000] {logging_mixin.py:120} INFO - [2024-07-31T12:12:57.558+0000] {dagbag.py:537} INFO - Filling up the DagBag from /home/airflow/.local/lib/python3.7/site-packages/airflow/example_dags/example_xcom.py
[2024-07-31T12:12:57.585+0000] {processor.py:766} INFO - DAG(s) dict_keys(['example_xcom']) retrieved from /home/airflow/.local/lib/python3.7/site-packages/airflow/example_dags/example_xcom.py
[2024-07-31T12:12:57.633+0000] {logging_mixin.py:120} INFO - [2024-07-31T12:12:57.632+0000] {dag.py:2585} INFO - Sync 1 DAGs
[2024-07-31T12:12:57.658+0000] {logging_mixin.py:120} INFO - [2024-07-31T12:12:57.657+0000] {dag.py:3340} INFO - Setting next_dagrun for example_xcom to 2021-01-01T00:00:00+00:00, run_after=2021-01-01T00:00:00+00:00
[2024-07-31T12:12:57.703+0000] {processor.py:176} INFO - Processing /home/airflow/.local/lib/python3.7/site-packages/airflow/example_dags/example_xcom.py took 0.152 seconds
[2024-07-31T12:13:27.905+0000] {processor.py:154} INFO - Started process (PID=207) to work on /home/airflow/.local/lib/python3.7/site-packages/airflow/example_dags/example_xcom.py
[2024-07-31T12:13:27.907+0000] {processor.py:756} INFO - Processing file /home/airflow/.local/lib/python3.7/site-packages/airflow/example_dags/example_xcom.py for tasks to queue
[2024-07-31T12:13:27.908+0000] {logging_mixin.py:120} INFO - [2024-07-31T12:13:27.908+0000] {dagbag.py:537} INFO - Filling up the DagBag from /home/airflow/.local/lib/python3.7/site-packages/airflow/example_dags/example_xcom.py
[2024-07-31T12:13:27.935+0000] {processor.py:766} INFO - DAG(s) dict_keys(['example_xcom']) retrieved from /home/airflow/.local/lib/python3.7/site-packages/airflow/example_dags/example_xcom.py
[2024-07-31T12:13:27.975+0000] {logging_mixin.py:120} INFO - [2024-07-31T12:13:27.975+0000] {dag.py:2585} INFO - Sync 1 DAGs
[2024-07-31T12:13:28.002+0000] {logging_mixin.py:120} INFO - [2024-07-31T12:13:28.002+0000] {dag.py:3340} INFO - Setting next_dagrun for example_xcom to 2021-01-01T00:00:00+00:00, run_after=2021-01-01T00:00:00+00:00
[2024-07-31T12:13:28.028+0000] {processor.py:176} INFO - Processing /home/airflow/.local/lib/python3.7/site-packages/airflow/example_dags/example_xcom.py took 0.126 seconds
[2024-07-31T12:13:58.377+0000] {processor.py:154} INFO - Started process (PID=261) to work on /home/airflow/.local/lib/python3.7/site-packages/airflow/example_dags/example_xcom.py
[2024-07-31T12:13:58.379+0000] {processor.py:756} INFO - Processing file /home/airflow/.local/lib/python3.7/site-packages/airflow/example_dags/example_xcom.py for tasks to queue
[2024-07-31T12:13:58.380+0000] {logging_mixin.py:120} INFO - [2024-07-31T12:13:58.380+0000] {dagbag.py:537} INFO - Filling up the DagBag from /home/airflow/.local/lib/python3.7/site-packages/airflow/example_dags/example_xcom.py
[2024-07-31T12:13:58.407+0000] {processor.py:766} INFO - DAG(s) dict_keys(['example_xcom']) retrieved from /home/airflow/.local/lib/python3.7/site-packages/airflow/example_dags/example_xcom.py
[2024-07-31T12:13:58.460+0000] {logging_mixin.py:120} INFO - [2024-07-31T12:13:58.459+0000] {dag.py:2585} INFO - Sync 1 DAGs
[2024-07-31T12:13:58.484+0000] {logging_mixin.py:120} INFO - [2024-07-31T12:13:58.484+0000] {dag.py:3340} INFO - Setting next_dagrun for example_xcom to 2021-01-01T00:00:00+00:00, run_after=2021-01-01T00:00:00+00:00
[2024-07-31T12:13:58.505+0000] {processor.py:176} INFO - Processing /home/airflow/.local/lib/python3.7/site-packages/airflow/example_dags/example_xcom.py took 0.132 seconds
[2024-07-31T12:14:28.948+0000] {processor.py:154} INFO - Started process (PID=326) to work on /home/airflow/.local/lib/python3.7/site-packages/airflow/example_dags/example_xcom.py
[2024-07-31T12:14:28.949+0000] {processor.py:756} INFO - Processing file /home/airflow/.local/lib/python3.7/site-packages/airflow/example_dags/example_xcom.py for tasks to queue
[2024-07-31T12:14:28.952+0000] {logging_mixin.py:120} INFO - [2024-07-31T12:14:28.951+0000] {dagbag.py:537} INFO - Filling up the DagBag from /home/airflow/.local/lib/python3.7/site-packages/airflow/example_dags/example_xcom.py
[2024-07-31T12:14:28.987+0000] {processor.py:766} INFO - DAG(s) dict_keys(['example_xcom']) retrieved from /home/airflow/.local/lib/python3.7/site-packages/airflow/example_dags/example_xcom.py
[2024-07-31T12:14:29.042+0000] {logging_mixin.py:120} INFO - [2024-07-31T12:14:29.042+0000] {dag.py:2585} INFO - Sync 1 DAGs
[2024-07-31T12:14:29.080+0000] {logging_mixin.py:120} INFO - [2024-07-31T12:14:29.079+0000] {dag.py:3340} INFO - Setting next_dagrun for example_xcom to 2021-01-01T00:00:00+00:00, run_after=2021-01-01T00:00:00+00:00
[2024-07-31T12:14:29.110+0000] {processor.py:176} INFO - Processing /home/airflow/.local/lib/python3.7/site-packages/airflow/example_dags/example_xcom.py took 0.166 seconds
[2024-07-31T12:14:59.555+0000] {processor.py:154} INFO - Started process (PID=390) to work on /home/airflow/.local/lib/python3.7/site-packages/airflow/example_dags/example_xcom.py
[2024-07-31T12:14:59.556+0000] {processor.py:756} INFO - Processing file /home/airflow/.local/lib/python3.7/site-packages/airflow/example_dags/example_xcom.py for tasks to queue
[2024-07-31T12:14:59.558+0000] {logging_mixin.py:120} INFO - [2024-07-31T12:14:59.558+0000] {dagbag.py:537} INFO - Filling up the DagBag from /home/airflow/.local/lib/python3.7/site-packages/airflow/example_dags/example_xcom.py
[2024-07-31T12:14:59.597+0000] {processor.py:766} INFO - DAG(s) dict_keys(['example_xcom']) retrieved from /home/airflow/.local/lib/python3.7/site-packages/airflow/example_dags/example_xcom.py
[2024-07-31T12:14:59.667+0000] {logging_mixin.py:120} INFO - [2024-07-31T12:14:59.667+0000] {dag.py:2585} INFO - Sync 1 DAGs
[2024-07-31T12:14:59.720+0000] {logging_mixin.py:120} INFO - [2024-07-31T12:14:59.719+0000] {dag.py:3340} INFO - Setting next_dagrun for example_xcom to 2021-01-01T00:00:00+00:00, run_after=2021-01-01T00:00:00+00:00
[2024-07-31T12:14:59.758+0000] {processor.py:176} INFO - Processing /home/airflow/.local/lib/python3.7/site-packages/airflow/example_dags/example_xcom.py took 0.208 seconds
[2024-07-31T12:15:30.661+0000] {processor.py:154} INFO - Started process (PID=444) to work on /home/airflow/.local/lib/python3.7/site-packages/airflow/example_dags/example_xcom.py
[2024-07-31T12:15:30.663+0000] {processor.py:756} INFO - Processing file /home/airflow/.local/lib/python3.7/site-packages/airflow/example_dags/example_xcom.py for tasks to queue
[2024-07-31T12:15:30.665+0000] {logging_mixin.py:120} INFO - [2024-07-31T12:15:30.665+0000] {dagbag.py:537} INFO - Filling up the DagBag from /home/airflow/.local/lib/python3.7/site-packages/airflow/example_dags/example_xcom.py
[2024-07-31T12:15:30.708+0000] {processor.py:766} INFO - DAG(s) dict_keys(['example_xcom']) retrieved from /home/airflow/.local/lib/python3.7/site-packages/airflow/example_dags/example_xcom.py
[2024-07-31T12:15:30.775+0000] {logging_mixin.py:120} INFO - [2024-07-31T12:15:30.774+0000] {dag.py:2585} INFO - Sync 1 DAGs
[2024-07-31T12:15:30.823+0000] {logging_mixin.py:120} INFO - [2024-07-31T12:15:30.822+0000] {dag.py:3340} INFO - Setting next_dagrun for example_xcom to 2021-01-01T00:00:00+00:00, run_after=2021-01-01T00:00:00+00:00
[2024-07-31T12:15:30.867+0000] {processor.py:176} INFO - Processing /home/airflow/.local/lib/python3.7/site-packages/airflow/example_dags/example_xcom.py took 0.211 seconds
[2024-07-31T12:16:01.060+0000] {processor.py:154} INFO - Started process (PID=507) to work on /home/airflow/.local/lib/python3.7/site-packages/airflow/example_dags/example_xcom.py
[2024-07-31T12:16:01.108+0000] {processor.py:756} INFO - Processing file /home/airflow/.local/lib/python3.7/site-packages/airflow/example_dags/example_xcom.py for tasks to queue
[2024-07-31T12:16:01.115+0000] {logging_mixin.py:120} INFO - [2024-07-31T12:16:01.114+0000] {dagbag.py:537} INFO - Filling up the DagBag from /home/airflow/.local/lib/python3.7/site-packages/airflow/example_dags/example_xcom.py
[2024-07-31T12:16:01.157+0000] {processor.py:766} INFO - DAG(s) dict_keys(['example_xcom']) retrieved from /home/airflow/.local/lib/python3.7/site-packages/airflow/example_dags/example_xcom.py
[2024-07-31T12:16:01.243+0000] {logging_mixin.py:120} INFO - [2024-07-31T12:16:01.243+0000] {dag.py:2585} INFO - Sync 1 DAGs
[2024-07-31T12:16:01.274+0000] {logging_mixin.py:120} INFO - [2024-07-31T12:16:01.274+0000] {dag.py:3340} INFO - Setting next_dagrun for example_xcom to 2021-01-01T00:00:00+00:00, run_after=2021-01-01T00:00:00+00:00
[2024-07-31T12:16:01.360+0000] {processor.py:176} INFO - Processing /home/airflow/.local/lib/python3.7/site-packages/airflow/example_dags/example_xcom.py took 0.305 seconds
[2024-07-31T12:16:35.324+0000] {processor.py:154} INFO - Started process (PID=570) to work on /home/airflow/.local/lib/python3.7/site-packages/airflow/example_dags/example_xcom.py
[2024-07-31T12:16:35.326+0000] {processor.py:756} INFO - Processing file /home/airflow/.local/lib/python3.7/site-packages/airflow/example_dags/example_xcom.py for tasks to queue
[2024-07-31T12:16:35.328+0000] {logging_mixin.py:120} INFO - [2024-07-31T12:16:35.327+0000] {dagbag.py:537} INFO - Filling up the DagBag from /home/airflow/.local/lib/python3.7/site-packages/airflow/example_dags/example_xcom.py
[2024-07-31T12:16:35.363+0000] {processor.py:766} INFO - DAG(s) dict_keys(['example_xcom']) retrieved from /home/airflow/.local/lib/python3.7/site-packages/airflow/example_dags/example_xcom.py
[2024-07-31T12:16:35.423+0000] {logging_mixin.py:120} INFO - [2024-07-31T12:16:35.422+0000] {dag.py:2585} INFO - Sync 1 DAGs
[2024-07-31T12:16:35.457+0000] {logging_mixin.py:120} INFO - [2024-07-31T12:16:35.457+0000] {dag.py:3340} INFO - Setting next_dagrun for example_xcom to 2021-01-01T00:00:00+00:00, run_after=2021-01-01T00:00:00+00:00
[2024-07-31T12:16:35.489+0000] {processor.py:176} INFO - Processing /home/airflow/.local/lib/python3.7/site-packages/airflow/example_dags/example_xcom.py took 0.170 seconds
[2024-07-31T12:17:07.616+0000] {processor.py:154} INFO - Started process (PID=624) to work on /home/airflow/.local/lib/python3.7/site-packages/airflow/example_dags/example_xcom.py
[2024-07-31T12:17:07.618+0000] {processor.py:756} INFO - Processing file /home/airflow/.local/lib/python3.7/site-packages/airflow/example_dags/example_xcom.py for tasks to queue
[2024-07-31T12:17:07.626+0000] {logging_mixin.py:120} INFO - [2024-07-31T12:17:07.625+0000] {dagbag.py:537} INFO - Filling up the DagBag from /home/airflow/.local/lib/python3.7/site-packages/airflow/example_dags/example_xcom.py
[2024-07-31T12:17:07.676+0000] {processor.py:766} INFO - DAG(s) dict_keys(['example_xcom']) retrieved from /home/airflow/.local/lib/python3.7/site-packages/airflow/example_dags/example_xcom.py
[2024-07-31T12:17:07.754+0000] {logging_mixin.py:120} INFO - [2024-07-31T12:17:07.754+0000] {dag.py:2585} INFO - Sync 1 DAGs
[2024-07-31T12:17:07.799+0000] {logging_mixin.py:120} INFO - [2024-07-31T12:17:07.799+0000] {dag.py:3340} INFO - Setting next_dagrun for example_xcom to 2021-01-01T00:00:00+00:00, run_after=2021-01-01T00:00:00+00:00
[2024-07-31T12:17:07.845+0000] {processor.py:176} INFO - Processing /home/airflow/.local/lib/python3.7/site-packages/airflow/example_dags/example_xcom.py took 0.233 seconds
[2024-07-31T12:17:39.293+0000] {processor.py:154} INFO - Started process (PID=686) to work on /home/airflow/.local/lib/python3.7/site-packages/airflow/example_dags/example_xcom.py
[2024-07-31T12:17:39.395+0000] {processor.py:756} INFO - Processing file /home/airflow/.local/lib/python3.7/site-packages/airflow/example_dags/example_xcom.py for tasks to queue
[2024-07-31T12:17:39.491+0000] {logging_mixin.py:120} INFO - [2024-07-31T12:17:39.490+0000] {dagbag.py:537} INFO - Filling up the DagBag from /home/airflow/.local/lib/python3.7/site-packages/airflow/example_dags/example_xcom.py
[2024-07-31T12:17:39.522+0000] {processor.py:766} INFO - DAG(s) dict_keys(['example_xcom']) retrieved from /home/airflow/.local/lib/python3.7/site-packages/airflow/example_dags/example_xcom.py
[2024-07-31T12:17:39.684+0000] {logging_mixin.py:120} INFO - [2024-07-31T12:17:39.683+0000] {dag.py:2585} INFO - Sync 1 DAGs
[2024-07-31T12:17:39.856+0000] {logging_mixin.py:120} INFO - [2024-07-31T12:17:39.855+0000] {dag.py:3340} INFO - Setting next_dagrun for example_xcom to 2021-01-01T00:00:00+00:00, run_after=2021-01-01T00:00:00+00:00
[2024-07-31T12:17:40.038+0000] {processor.py:176} INFO - Processing /home/airflow/.local/lib/python3.7/site-packages/airflow/example_dags/example_xcom.py took 0.749 seconds
[2024-07-31T12:18:11.041+0000] {processor.py:154} INFO - Started process (PID=740) to work on /home/airflow/.local/lib/python3.7/site-packages/airflow/example_dags/example_xcom.py
[2024-07-31T12:18:11.043+0000] {processor.py:756} INFO - Processing file /home/airflow/.local/lib/python3.7/site-packages/airflow/example_dags/example_xcom.py for tasks to queue
[2024-07-31T12:18:11.132+0000] {logging_mixin.py:120} INFO - [2024-07-31T12:18:11.131+0000] {dagbag.py:537} INFO - Filling up the DagBag from /home/airflow/.local/lib/python3.7/site-packages/airflow/example_dags/example_xcom.py
[2024-07-31T12:18:11.212+0000] {processor.py:766} INFO - DAG(s) dict_keys(['example_xcom']) retrieved from /home/airflow/.local/lib/python3.7/site-packages/airflow/example_dags/example_xcom.py
[2024-07-31T12:18:11.489+0000] {logging_mixin.py:120} INFO - [2024-07-31T12:18:11.489+0000] {dag.py:2585} INFO - Sync 1 DAGs
[2024-07-31T12:18:11.537+0000] {logging_mixin.py:120} INFO - [2024-07-31T12:18:11.536+0000] {dag.py:3340} INFO - Setting next_dagrun for example_xcom to 2021-01-01T00:00:00+00:00, run_after=2021-01-01T00:00:00+00:00
[2024-07-31T12:18:11.680+0000] {processor.py:176} INFO - Processing /home/airflow/.local/lib/python3.7/site-packages/airflow/example_dags/example_xcom.py took 0.643 seconds
[2024-07-31T12:18:42.734+0000] {processor.py:154} INFO - Started process (PID=802) to work on /home/airflow/.local/lib/python3.7/site-packages/airflow/example_dags/example_xcom.py
[2024-07-31T12:18:42.737+0000] {processor.py:756} INFO - Processing file /home/airflow/.local/lib/python3.7/site-packages/airflow/example_dags/example_xcom.py for tasks to queue
[2024-07-31T12:18:42.744+0000] {logging_mixin.py:120} INFO - [2024-07-31T12:18:42.739+0000] {dagbag.py:537} INFO - Filling up the DagBag from /home/airflow/.local/lib/python3.7/site-packages/airflow/example_dags/example_xcom.py
[2024-07-31T12:18:42.779+0000] {processor.py:766} INFO - DAG(s) dict_keys(['example_xcom']) retrieved from /home/airflow/.local/lib/python3.7/site-packages/airflow/example_dags/example_xcom.py
[2024-07-31T12:18:42.859+0000] {logging_mixin.py:120} INFO - [2024-07-31T12:18:42.859+0000] {dag.py:2585} INFO - Sync 1 DAGs
[2024-07-31T12:18:42.887+0000] {logging_mixin.py:120} INFO - [2024-07-31T12:18:42.887+0000] {dag.py:3340} INFO - Setting next_dagrun for example_xcom to 2021-01-01T00:00:00+00:00, run_after=2021-01-01T00:00:00+00:00
[2024-07-31T12:18:42.951+0000] {processor.py:176} INFO - Processing /home/airflow/.local/lib/python3.7/site-packages/airflow/example_dags/example_xcom.py took 0.222 seconds
[2024-07-31T12:19:13.200+0000] {processor.py:154} INFO - Started process (PID=865) to work on /home/airflow/.local/lib/python3.7/site-packages/airflow/example_dags/example_xcom.py
[2024-07-31T12:19:13.201+0000] {processor.py:756} INFO - Processing file /home/airflow/.local/lib/python3.7/site-packages/airflow/example_dags/example_xcom.py for tasks to queue
[2024-07-31T12:19:13.202+0000] {logging_mixin.py:120} INFO - [2024-07-31T12:19:13.202+0000] {dagbag.py:537} INFO - Filling up the DagBag from /home/airflow/.local/lib/python3.7/site-packages/airflow/example_dags/example_xcom.py
[2024-07-31T12:19:13.239+0000] {processor.py:766} INFO - DAG(s) dict_keys(['example_xcom']) retrieved from /home/airflow/.local/lib/python3.7/site-packages/airflow/example_dags/example_xcom.py
[2024-07-31T12:19:13.300+0000] {logging_mixin.py:120} INFO - [2024-07-31T12:19:13.299+0000] {dag.py:2585} INFO - Sync 1 DAGs
[2024-07-31T12:19:13.367+0000] {logging_mixin.py:120} INFO - [2024-07-31T12:19:13.367+0000] {dag.py:3340} INFO - Setting next_dagrun for example_xcom to 2021-01-01T00:00:00+00:00, run_after=2021-01-01T00:00:00+00:00
[2024-07-31T12:19:13.459+0000] {processor.py:176} INFO - Processing /home/airflow/.local/lib/python3.7/site-packages/airflow/example_dags/example_xcom.py took 0.264 seconds
[2024-07-31T12:19:44.120+0000] {processor.py:154} INFO - Started process (PID=919) to work on /home/airflow/.local/lib/python3.7/site-packages/airflow/example_dags/example_xcom.py
[2024-07-31T12:19:44.220+0000] {processor.py:756} INFO - Processing file /home/airflow/.local/lib/python3.7/site-packages/airflow/example_dags/example_xcom.py for tasks to queue
[2024-07-31T12:19:44.282+0000] {logging_mixin.py:120} INFO - [2024-07-31T12:19:44.281+0000] {dagbag.py:537} INFO - Filling up the DagBag from /home/airflow/.local/lib/python3.7/site-packages/airflow/example_dags/example_xcom.py
[2024-07-31T12:19:44.409+0000] {processor.py:766} INFO - DAG(s) dict_keys(['example_xcom']) retrieved from /home/airflow/.local/lib/python3.7/site-packages/airflow/example_dags/example_xcom.py
[2024-07-31T12:19:44.503+0000] {logging_mixin.py:120} INFO - [2024-07-31T12:19:44.503+0000] {dag.py:2585} INFO - Sync 1 DAGs
[2024-07-31T12:19:44.532+0000] {logging_mixin.py:120} INFO - [2024-07-31T12:19:44.532+0000] {dag.py:3340} INFO - Setting next_dagrun for example_xcom to 2021-01-01T00:00:00+00:00, run_after=2021-01-01T00:00:00+00:00
[2024-07-31T12:19:44.556+0000] {processor.py:176} INFO - Processing /home/airflow/.local/lib/python3.7/site-packages/airflow/example_dags/example_xcom.py took 0.440 seconds
[2024-07-31T12:20:15.391+0000] {processor.py:154} INFO - Started process (PID=981) to work on /home/airflow/.local/lib/python3.7/site-packages/airflow/example_dags/example_xcom.py
[2024-07-31T12:20:15.609+0000] {processor.py:756} INFO - Processing file /home/airflow/.local/lib/python3.7/site-packages/airflow/example_dags/example_xcom.py for tasks to queue
[2024-07-31T12:20:15.963+0000] {logging_mixin.py:120} INFO - [2024-07-31T12:20:15.963+0000] {dagbag.py:537} INFO - Filling up the DagBag from /home/airflow/.local/lib/python3.7/site-packages/airflow/example_dags/example_xcom.py
[2024-07-31T12:20:16.004+0000] {processor.py:766} INFO - DAG(s) dict_keys(['example_xcom']) retrieved from /home/airflow/.local/lib/python3.7/site-packages/airflow/example_dags/example_xcom.py
[2024-07-31T12:20:16.193+0000] {logging_mixin.py:120} INFO - [2024-07-31T12:20:16.193+0000] {dag.py:2585} INFO - Sync 1 DAGs
[2024-07-31T12:20:16.284+0000] {logging_mixin.py:120} INFO - [2024-07-31T12:20:16.284+0000] {dag.py:3340} INFO - Setting next_dagrun for example_xcom to 2021-01-01T00:00:00+00:00, run_after=2021-01-01T00:00:00+00:00
[2024-07-31T12:20:16.343+0000] {processor.py:176} INFO - Processing /home/airflow/.local/lib/python3.7/site-packages/airflow/example_dags/example_xcom.py took 0.956 seconds
[2024-07-31T12:20:46.801+0000] {processor.py:154} INFO - Started process (PID=1044) to work on /home/airflow/.local/lib/python3.7/site-packages/airflow/example_dags/example_xcom.py
[2024-07-31T12:20:46.803+0000] {processor.py:756} INFO - Processing file /home/airflow/.local/lib/python3.7/site-packages/airflow/example_dags/example_xcom.py for tasks to queue
[2024-07-31T12:20:46.804+0000] {logging_mixin.py:120} INFO - [2024-07-31T12:20:46.804+0000] {dagbag.py:537} INFO - Filling up the DagBag from /home/airflow/.local/lib/python3.7/site-packages/airflow/example_dags/example_xcom.py
[2024-07-31T12:20:46.833+0000] {processor.py:766} INFO - DAG(s) dict_keys(['example_xcom']) retrieved from /home/airflow/.local/lib/python3.7/site-packages/airflow/example_dags/example_xcom.py
[2024-07-31T12:20:46.878+0000] {logging_mixin.py:120} INFO - [2024-07-31T12:20:46.878+0000] {dag.py:2585} INFO - Sync 1 DAGs
[2024-07-31T12:20:46.903+0000] {logging_mixin.py:120} INFO - [2024-07-31T12:20:46.903+0000] {dag.py:3340} INFO - Setting next_dagrun for example_xcom to 2021-01-01T00:00:00+00:00, run_after=2021-01-01T00:00:00+00:00
[2024-07-31T12:20:46.924+0000] {processor.py:176} INFO - Processing /home/airflow/.local/lib/python3.7/site-packages/airflow/example_dags/example_xcom.py took 0.127 seconds
[2024-07-31T12:21:19.982+0000] {processor.py:154} INFO - Started process (PID=1098) to work on /home/airflow/.local/lib/python3.7/site-packages/airflow/example_dags/example_xcom.py
[2024-07-31T12:21:20.089+0000] {processor.py:756} INFO - Processing file /home/airflow/.local/lib/python3.7/site-packages/airflow/example_dags/example_xcom.py for tasks to queue
[2024-07-31T12:21:20.108+0000] {logging_mixin.py:120} INFO - [2024-07-31T12:21:20.108+0000] {dagbag.py:537} INFO - Filling up the DagBag from /home/airflow/.local/lib/python3.7/site-packages/airflow/example_dags/example_xcom.py
[2024-07-31T12:21:20.219+0000] {processor.py:766} INFO - DAG(s) dict_keys(['example_xcom']) retrieved from /home/airflow/.local/lib/python3.7/site-packages/airflow/example_dags/example_xcom.py
[2024-07-31T12:21:20.318+0000] {logging_mixin.py:120} INFO - [2024-07-31T12:21:20.315+0000] {dag.py:2585} INFO - Sync 1 DAGs
[2024-07-31T12:21:20.387+0000] {logging_mixin.py:120} INFO - [2024-07-31T12:21:20.386+0000] {dag.py:3340} INFO - Setting next_dagrun for example_xcom to 2021-01-01T00:00:00+00:00, run_after=2021-01-01T00:00:00+00:00
[2024-07-31T12:21:20.442+0000] {processor.py:176} INFO - Processing /home/airflow/.local/lib/python3.7/site-packages/airflow/example_dags/example_xcom.py took 0.463 seconds
[2024-07-31T12:21:52.973+0000] {processor.py:154} INFO - Started process (PID=1161) to work on /home/airflow/.local/lib/python3.7/site-packages/airflow/example_dags/example_xcom.py
[2024-07-31T12:21:53.088+0000] {processor.py:756} INFO - Processing file /home/airflow/.local/lib/python3.7/site-packages/airflow/example_dags/example_xcom.py for tasks to queue
[2024-07-31T12:21:53.331+0000] {logging_mixin.py:120} INFO - [2024-07-31T12:21:53.331+0000] {dagbag.py:537} INFO - Filling up the DagBag from /home/airflow/.local/lib/python3.7/site-packages/airflow/example_dags/example_xcom.py
[2024-07-31T12:21:53.593+0000] {processor.py:766} INFO - DAG(s) dict_keys(['example_xcom']) retrieved from /home/airflow/.local/lib/python3.7/site-packages/airflow/example_dags/example_xcom.py
[2024-07-31T12:21:53.833+0000] {logging_mixin.py:120} INFO - [2024-07-31T12:21:53.833+0000] {dag.py:2585} INFO - Sync 1 DAGs
[2024-07-31T12:21:54.074+0000] {logging_mixin.py:120} INFO - [2024-07-31T12:21:54.074+0000] {dag.py:3340} INFO - Setting next_dagrun for example_xcom to 2021-01-01T00:00:00+00:00, run_after=2021-01-01T00:00:00+00:00
[2024-07-31T12:21:54.155+0000] {processor.py:176} INFO - Processing /home/airflow/.local/lib/python3.7/site-packages/airflow/example_dags/example_xcom.py took 1.187 seconds
[2024-07-31T12:22:24.844+0000] {processor.py:154} INFO - Started process (PID=1224) to work on /home/airflow/.local/lib/python3.7/site-packages/airflow/example_dags/example_xcom.py
[2024-07-31T12:22:24.845+0000] {processor.py:756} INFO - Processing file /home/airflow/.local/lib/python3.7/site-packages/airflow/example_dags/example_xcom.py for tasks to queue
[2024-07-31T12:22:24.848+0000] {logging_mixin.py:120} INFO - [2024-07-31T12:22:24.848+0000] {dagbag.py:537} INFO - Filling up the DagBag from /home/airflow/.local/lib/python3.7/site-packages/airflow/example_dags/example_xcom.py
[2024-07-31T12:22:24.880+0000] {processor.py:766} INFO - DAG(s) dict_keys(['example_xcom']) retrieved from /home/airflow/.local/lib/python3.7/site-packages/airflow/example_dags/example_xcom.py
[2024-07-31T12:22:25.020+0000] {logging_mixin.py:120} INFO - [2024-07-31T12:22:25.020+0000] {dag.py:2585} INFO - Sync 1 DAGs
[2024-07-31T12:22:25.124+0000] {logging_mixin.py:120} INFO - [2024-07-31T12:22:25.124+0000] {dag.py:3340} INFO - Setting next_dagrun for example_xcom to 2021-01-01T00:00:00+00:00, run_after=2021-01-01T00:00:00+00:00
[2024-07-31T12:22:25.242+0000] {processor.py:176} INFO - Processing /home/airflow/.local/lib/python3.7/site-packages/airflow/example_dags/example_xcom.py took 0.402 seconds
[2024-07-31T12:22:56.167+0000] {processor.py:154} INFO - Started process (PID=1288) to work on /home/airflow/.local/lib/python3.7/site-packages/airflow/example_dags/example_xcom.py
[2024-07-31T12:22:56.169+0000] {processor.py:756} INFO - Processing file /home/airflow/.local/lib/python3.7/site-packages/airflow/example_dags/example_xcom.py for tasks to queue
[2024-07-31T12:22:56.170+0000] {logging_mixin.py:120} INFO - [2024-07-31T12:22:56.170+0000] {dagbag.py:537} INFO - Filling up the DagBag from /home/airflow/.local/lib/python3.7/site-packages/airflow/example_dags/example_xcom.py
[2024-07-31T12:22:56.200+0000] {processor.py:766} INFO - DAG(s) dict_keys(['example_xcom']) retrieved from /home/airflow/.local/lib/python3.7/site-packages/airflow/example_dags/example_xcom.py
[2024-07-31T12:22:56.270+0000] {logging_mixin.py:120} INFO - [2024-07-31T12:22:56.270+0000] {dag.py:2585} INFO - Sync 1 DAGs
[2024-07-31T12:22:56.312+0000] {logging_mixin.py:120} INFO - [2024-07-31T12:22:56.312+0000] {dag.py:3340} INFO - Setting next_dagrun for example_xcom to 2021-01-01T00:00:00+00:00, run_after=2021-01-01T00:00:00+00:00
[2024-07-31T12:22:56.371+0000] {processor.py:176} INFO - Processing /home/airflow/.local/lib/python3.7/site-packages/airflow/example_dags/example_xcom.py took 0.209 seconds
[2024-07-31T12:23:26.887+0000] {processor.py:154} INFO - Started process (PID=1342) to work on /home/airflow/.local/lib/python3.7/site-packages/airflow/example_dags/example_xcom.py
[2024-07-31T12:23:26.889+0000] {processor.py:756} INFO - Processing file /home/airflow/.local/lib/python3.7/site-packages/airflow/example_dags/example_xcom.py for tasks to queue
[2024-07-31T12:23:26.890+0000] {logging_mixin.py:120} INFO - [2024-07-31T12:23:26.890+0000] {dagbag.py:537} INFO - Filling up the DagBag from /home/airflow/.local/lib/python3.7/site-packages/airflow/example_dags/example_xcom.py
[2024-07-31T12:23:26.924+0000] {processor.py:766} INFO - DAG(s) dict_keys(['example_xcom']) retrieved from /home/airflow/.local/lib/python3.7/site-packages/airflow/example_dags/example_xcom.py
[2024-07-31T12:23:27.001+0000] {logging_mixin.py:120} INFO - [2024-07-31T12:23:27.000+0000] {dag.py:2585} INFO - Sync 1 DAGs
[2024-07-31T12:23:27.036+0000] {logging_mixin.py:120} INFO - [2024-07-31T12:23:27.036+0000] {dag.py:3340} INFO - Setting next_dagrun for example_xcom to 2021-01-01T00:00:00+00:00, run_after=2021-01-01T00:00:00+00:00
[2024-07-31T12:23:27.060+0000] {processor.py:176} INFO - Processing /home/airflow/.local/lib/python3.7/site-packages/airflow/example_dags/example_xcom.py took 0.178 seconds
[2024-07-31T12:23:57.103+0000] {processor.py:154} INFO - Started process (PID=1405) to work on /home/airflow/.local/lib/python3.7/site-packages/airflow/example_dags/example_xcom.py
[2024-07-31T12:23:57.104+0000] {processor.py:756} INFO - Processing file /home/airflow/.local/lib/python3.7/site-packages/airflow/example_dags/example_xcom.py for tasks to queue
[2024-07-31T12:23:57.105+0000] {logging_mixin.py:120} INFO - [2024-07-31T12:23:57.105+0000] {dagbag.py:537} INFO - Filling up the DagBag from /home/airflow/.local/lib/python3.7/site-packages/airflow/example_dags/example_xcom.py
[2024-07-31T12:23:57.136+0000] {processor.py:766} INFO - DAG(s) dict_keys(['example_xcom']) retrieved from /home/airflow/.local/lib/python3.7/site-packages/airflow/example_dags/example_xcom.py
[2024-07-31T12:23:57.203+0000] {logging_mixin.py:120} INFO - [2024-07-31T12:23:57.203+0000] {dag.py:2585} INFO - Sync 1 DAGs
[2024-07-31T12:23:57.239+0000] {logging_mixin.py:120} INFO - [2024-07-31T12:23:57.239+0000] {dag.py:3340} INFO - Setting next_dagrun for example_xcom to 2021-01-01T00:00:00+00:00, run_after=2021-01-01T00:00:00+00:00
[2024-07-31T12:23:57.273+0000] {processor.py:176} INFO - Processing /home/airflow/.local/lib/python3.7/site-packages/airflow/example_dags/example_xcom.py took 0.173 seconds
[2024-07-31T12:24:27.561+0000] {processor.py:154} INFO - Started process (PID=1459) to work on /home/airflow/.local/lib/python3.7/site-packages/airflow/example_dags/example_xcom.py
[2024-07-31T12:24:27.562+0000] {processor.py:756} INFO - Processing file /home/airflow/.local/lib/python3.7/site-packages/airflow/example_dags/example_xcom.py for tasks to queue
[2024-07-31T12:24:27.564+0000] {logging_mixin.py:120} INFO - [2024-07-31T12:24:27.563+0000] {dagbag.py:537} INFO - Filling up the DagBag from /home/airflow/.local/lib/python3.7/site-packages/airflow/example_dags/example_xcom.py
[2024-07-31T12:24:27.589+0000] {processor.py:766} INFO - DAG(s) dict_keys(['example_xcom']) retrieved from /home/airflow/.local/lib/python3.7/site-packages/airflow/example_dags/example_xcom.py
[2024-07-31T12:24:27.718+0000] {logging_mixin.py:120} INFO - [2024-07-31T12:24:27.718+0000] {dag.py:2585} INFO - Sync 1 DAGs
[2024-07-31T12:24:27.820+0000] {logging_mixin.py:120} INFO - [2024-07-31T12:24:27.820+0000] {dag.py:3340} INFO - Setting next_dagrun for example_xcom to 2021-01-01T00:00:00+00:00, run_after=2021-01-01T00:00:00+00:00
[2024-07-31T12:24:27.867+0000] {processor.py:176} INFO - Processing /home/airflow/.local/lib/python3.7/site-packages/airflow/example_dags/example_xcom.py took 0.310 seconds
[2024-07-31T12:24:58.144+0000] {processor.py:154} INFO - Started process (PID=1522) to work on /home/airflow/.local/lib/python3.7/site-packages/airflow/example_dags/example_xcom.py
[2024-07-31T12:24:58.145+0000] {processor.py:756} INFO - Processing file /home/airflow/.local/lib/python3.7/site-packages/airflow/example_dags/example_xcom.py for tasks to queue
[2024-07-31T12:24:58.147+0000] {logging_mixin.py:120} INFO - [2024-07-31T12:24:58.147+0000] {dagbag.py:537} INFO - Filling up the DagBag from /home/airflow/.local/lib/python3.7/site-packages/airflow/example_dags/example_xcom.py
[2024-07-31T12:24:58.174+0000] {processor.py:766} INFO - DAG(s) dict_keys(['example_xcom']) retrieved from /home/airflow/.local/lib/python3.7/site-packages/airflow/example_dags/example_xcom.py
[2024-07-31T12:24:58.219+0000] {logging_mixin.py:120} INFO - [2024-07-31T12:24:58.218+0000] {dag.py:2585} INFO - Sync 1 DAGs
[2024-07-31T12:24:58.246+0000] {logging_mixin.py:120} INFO - [2024-07-31T12:24:58.246+0000] {dag.py:3340} INFO - Setting next_dagrun for example_xcom to 2021-01-01T00:00:00+00:00, run_after=2021-01-01T00:00:00+00:00
[2024-07-31T12:24:58.272+0000] {processor.py:176} INFO - Processing /home/airflow/.local/lib/python3.7/site-packages/airflow/example_dags/example_xcom.py took 0.131 seconds
[2024-07-31T12:25:28.721+0000] {processor.py:154} INFO - Started process (PID=1575) to work on /home/airflow/.local/lib/python3.7/site-packages/airflow/example_dags/example_xcom.py
[2024-07-31T12:25:28.726+0000] {processor.py:756} INFO - Processing file /home/airflow/.local/lib/python3.7/site-packages/airflow/example_dags/example_xcom.py for tasks to queue
[2024-07-31T12:25:28.727+0000] {logging_mixin.py:120} INFO - [2024-07-31T12:25:28.727+0000] {dagbag.py:537} INFO - Filling up the DagBag from /home/airflow/.local/lib/python3.7/site-packages/airflow/example_dags/example_xcom.py
[2024-07-31T12:25:28.758+0000] {processor.py:766} INFO - DAG(s) dict_keys(['example_xcom']) retrieved from /home/airflow/.local/lib/python3.7/site-packages/airflow/example_dags/example_xcom.py
[2024-07-31T12:25:28.805+0000] {logging_mixin.py:120} INFO - [2024-07-31T12:25:28.804+0000] {dag.py:2585} INFO - Sync 1 DAGs
[2024-07-31T12:25:28.840+0000] {logging_mixin.py:120} INFO - [2024-07-31T12:25:28.840+0000] {dag.py:3340} INFO - Setting next_dagrun for example_xcom to 2021-01-01T00:00:00+00:00, run_after=2021-01-01T00:00:00+00:00
[2024-07-31T12:25:28.867+0000] {processor.py:176} INFO - Processing /home/airflow/.local/lib/python3.7/site-packages/airflow/example_dags/example_xcom.py took 0.150 seconds
[2024-07-31T12:25:59.247+0000] {processor.py:154} INFO - Started process (PID=1638) to work on /home/airflow/.local/lib/python3.7/site-packages/airflow/example_dags/example_xcom.py
[2024-07-31T12:25:59.336+0000] {processor.py:756} INFO - Processing file /home/airflow/.local/lib/python3.7/site-packages/airflow/example_dags/example_xcom.py for tasks to queue
[2024-07-31T12:25:59.339+0000] {logging_mixin.py:120} INFO - [2024-07-31T12:25:59.338+0000] {dagbag.py:537} INFO - Filling up the DagBag from /home/airflow/.local/lib/python3.7/site-packages/airflow/example_dags/example_xcom.py
[2024-07-31T12:25:59.381+0000] {processor.py:766} INFO - DAG(s) dict_keys(['example_xcom']) retrieved from /home/airflow/.local/lib/python3.7/site-packages/airflow/example_dags/example_xcom.py
[2024-07-31T12:25:59.515+0000] {logging_mixin.py:120} INFO - [2024-07-31T12:25:59.515+0000] {dag.py:2585} INFO - Sync 1 DAGs
[2024-07-31T12:25:59.674+0000] {logging_mixin.py:120} INFO - [2024-07-31T12:25:59.674+0000] {dag.py:3340} INFO - Setting next_dagrun for example_xcom to 2021-01-01T00:00:00+00:00, run_after=2021-01-01T00:00:00+00:00
[2024-07-31T12:25:59.806+0000] {processor.py:176} INFO - Processing /home/airflow/.local/lib/python3.7/site-packages/airflow/example_dags/example_xcom.py took 0.566 seconds
[2024-07-31T12:26:30.347+0000] {processor.py:154} INFO - Started process (PID=1701) to work on /home/airflow/.local/lib/python3.7/site-packages/airflow/example_dags/example_xcom.py
[2024-07-31T12:26:30.349+0000] {processor.py:756} INFO - Processing file /home/airflow/.local/lib/python3.7/site-packages/airflow/example_dags/example_xcom.py for tasks to queue
[2024-07-31T12:26:30.350+0000] {logging_mixin.py:120} INFO - [2024-07-31T12:26:30.350+0000] {dagbag.py:537} INFO - Filling up the DagBag from /home/airflow/.local/lib/python3.7/site-packages/airflow/example_dags/example_xcom.py
[2024-07-31T12:26:30.382+0000] {processor.py:766} INFO - DAG(s) dict_keys(['example_xcom']) retrieved from /home/airflow/.local/lib/python3.7/site-packages/airflow/example_dags/example_xcom.py
[2024-07-31T12:26:30.433+0000] {logging_mixin.py:120} INFO - [2024-07-31T12:26:30.433+0000] {dag.py:2585} INFO - Sync 1 DAGs
[2024-07-31T12:26:30.465+0000] {logging_mixin.py:120} INFO - [2024-07-31T12:26:30.465+0000] {dag.py:3340} INFO - Setting next_dagrun for example_xcom to 2021-01-01T00:00:00+00:00, run_after=2021-01-01T00:00:00+00:00
[2024-07-31T12:26:30.490+0000] {processor.py:176} INFO - Processing /home/airflow/.local/lib/python3.7/site-packages/airflow/example_dags/example_xcom.py took 0.148 seconds
[2024-07-31T12:27:01.132+0000] {processor.py:154} INFO - Started process (PID=1755) to work on /home/airflow/.local/lib/python3.7/site-packages/airflow/example_dags/example_xcom.py
[2024-07-31T12:27:01.134+0000] {processor.py:756} INFO - Processing file /home/airflow/.local/lib/python3.7/site-packages/airflow/example_dags/example_xcom.py for tasks to queue
[2024-07-31T12:27:01.135+0000] {logging_mixin.py:120} INFO - [2024-07-31T12:27:01.135+0000] {dagbag.py:537} INFO - Filling up the DagBag from /home/airflow/.local/lib/python3.7/site-packages/airflow/example_dags/example_xcom.py
[2024-07-31T12:27:01.264+0000] {processor.py:766} INFO - DAG(s) dict_keys(['example_xcom']) retrieved from /home/airflow/.local/lib/python3.7/site-packages/airflow/example_dags/example_xcom.py
[2024-07-31T12:27:01.445+0000] {logging_mixin.py:120} INFO - [2024-07-31T12:27:01.445+0000] {dag.py:2585} INFO - Sync 1 DAGs
[2024-07-31T12:27:01.572+0000] {logging_mixin.py:120} INFO - [2024-07-31T12:27:01.572+0000] {dag.py:3340} INFO - Setting next_dagrun for example_xcom to 2021-01-01T00:00:00+00:00, run_after=2021-01-01T00:00:00+00:00
[2024-07-31T12:27:01.718+0000] {processor.py:176} INFO - Processing /home/airflow/.local/lib/python3.7/site-packages/airflow/example_dags/example_xcom.py took 0.589 seconds
[2024-07-31T12:27:33.874+0000] {processor.py:154} INFO - Started process (PID=1819) to work on /home/airflow/.local/lib/python3.7/site-packages/airflow/example_dags/example_xcom.py
[2024-07-31T12:27:33.879+0000] {processor.py:756} INFO - Processing file /home/airflow/.local/lib/python3.7/site-packages/airflow/example_dags/example_xcom.py for tasks to queue
[2024-07-31T12:27:33.881+0000] {logging_mixin.py:120} INFO - [2024-07-31T12:27:33.881+0000] {dagbag.py:537} INFO - Filling up the DagBag from /home/airflow/.local/lib/python3.7/site-packages/airflow/example_dags/example_xcom.py
[2024-07-31T12:27:33.909+0000] {processor.py:766} INFO - DAG(s) dict_keys(['example_xcom']) retrieved from /home/airflow/.local/lib/python3.7/site-packages/airflow/example_dags/example_xcom.py
[2024-07-31T12:27:34.031+0000] {logging_mixin.py:120} INFO - [2024-07-31T12:27:34.031+0000] {dag.py:2585} INFO - Sync 1 DAGs
[2024-07-31T12:27:34.094+0000] {logging_mixin.py:120} INFO - [2024-07-31T12:27:34.094+0000] {dag.py:3340} INFO - Setting next_dagrun for example_xcom to 2021-01-01T00:00:00+00:00, run_after=2021-01-01T00:00:00+00:00
[2024-07-31T12:27:34.177+0000] {processor.py:176} INFO - Processing /home/airflow/.local/lib/python3.7/site-packages/airflow/example_dags/example_xcom.py took 0.309 seconds
[2024-07-31T12:28:04.839+0000] {processor.py:154} INFO - Started process (PID=1883) to work on /home/airflow/.local/lib/python3.7/site-packages/airflow/example_dags/example_xcom.py
[2024-07-31T12:28:04.855+0000] {processor.py:756} INFO - Processing file /home/airflow/.local/lib/python3.7/site-packages/airflow/example_dags/example_xcom.py for tasks to queue
[2024-07-31T12:28:04.874+0000] {logging_mixin.py:120} INFO - [2024-07-31T12:28:04.873+0000] {dagbag.py:537} INFO - Filling up the DagBag from /home/airflow/.local/lib/python3.7/site-packages/airflow/example_dags/example_xcom.py
[2024-07-31T12:28:04.908+0000] {processor.py:766} INFO - DAG(s) dict_keys(['example_xcom']) retrieved from /home/airflow/.local/lib/python3.7/site-packages/airflow/example_dags/example_xcom.py
[2024-07-31T12:28:04.997+0000] {logging_mixin.py:120} INFO - [2024-07-31T12:28:04.997+0000] {dag.py:2585} INFO - Sync 1 DAGs
[2024-07-31T12:28:05.045+0000] {logging_mixin.py:120} INFO - [2024-07-31T12:28:05.045+0000] {dag.py:3340} INFO - Setting next_dagrun for example_xcom to 2021-01-01T00:00:00+00:00, run_after=2021-01-01T00:00:00+00:00
[2024-07-31T12:28:05.109+0000] {processor.py:176} INFO - Processing /home/airflow/.local/lib/python3.7/site-packages/airflow/example_dags/example_xcom.py took 0.273 seconds
[2024-07-31T12:28:35.635+0000] {processor.py:154} INFO - Started process (PID=1937) to work on /home/airflow/.local/lib/python3.7/site-packages/airflow/example_dags/example_xcom.py
[2024-07-31T12:28:35.651+0000] {processor.py:756} INFO - Processing file /home/airflow/.local/lib/python3.7/site-packages/airflow/example_dags/example_xcom.py for tasks to queue
[2024-07-31T12:28:35.723+0000] {logging_mixin.py:120} INFO - [2024-07-31T12:28:35.721+0000] {dagbag.py:537} INFO - Filling up the DagBag from /home/airflow/.local/lib/python3.7/site-packages/airflow/example_dags/example_xcom.py
[2024-07-31T12:28:35.769+0000] {processor.py:766} INFO - DAG(s) dict_keys(['example_xcom']) retrieved from /home/airflow/.local/lib/python3.7/site-packages/airflow/example_dags/example_xcom.py
[2024-07-31T12:28:35.848+0000] {logging_mixin.py:120} INFO - [2024-07-31T12:28:35.847+0000] {dag.py:2585} INFO - Sync 1 DAGs
[2024-07-31T12:28:35.893+0000] {logging_mixin.py:120} INFO - [2024-07-31T12:28:35.893+0000] {dag.py:3340} INFO - Setting next_dagrun for example_xcom to 2021-01-01T00:00:00+00:00, run_after=2021-01-01T00:00:00+00:00
[2024-07-31T12:28:35.937+0000] {processor.py:176} INFO - Processing /home/airflow/.local/lib/python3.7/site-packages/airflow/example_dags/example_xcom.py took 0.306 seconds
[2024-07-31T12:29:06.673+0000] {processor.py:154} INFO - Started process (PID=2000) to work on /home/airflow/.local/lib/python3.7/site-packages/airflow/example_dags/example_xcom.py
[2024-07-31T12:29:06.781+0000] {processor.py:756} INFO - Processing file /home/airflow/.local/lib/python3.7/site-packages/airflow/example_dags/example_xcom.py for tasks to queue
[2024-07-31T12:29:06.785+0000] {logging_mixin.py:120} INFO - [2024-07-31T12:29:06.785+0000] {dagbag.py:537} INFO - Filling up the DagBag from /home/airflow/.local/lib/python3.7/site-packages/airflow/example_dags/example_xcom.py
[2024-07-31T12:29:06.822+0000] {processor.py:766} INFO - DAG(s) dict_keys(['example_xcom']) retrieved from /home/airflow/.local/lib/python3.7/site-packages/airflow/example_dags/example_xcom.py
[2024-07-31T12:29:06.974+0000] {logging_mixin.py:120} INFO - [2024-07-31T12:29:06.973+0000] {dag.py:2585} INFO - Sync 1 DAGs
[2024-07-31T12:29:07.107+0000] {logging_mixin.py:120} INFO - [2024-07-31T12:29:07.106+0000] {dag.py:3340} INFO - Setting next_dagrun for example_xcom to 2021-01-01T00:00:00+00:00, run_after=2021-01-01T00:00:00+00:00
[2024-07-31T12:29:07.192+0000] {processor.py:176} INFO - Processing /home/airflow/.local/lib/python3.7/site-packages/airflow/example_dags/example_xcom.py took 0.523 seconds
[2024-07-31T12:29:37.888+0000] {processor.py:154} INFO - Started process (PID=2054) to work on /home/airflow/.local/lib/python3.7/site-packages/airflow/example_dags/example_xcom.py
[2024-07-31T12:29:37.890+0000] {processor.py:756} INFO - Processing file /home/airflow/.local/lib/python3.7/site-packages/airflow/example_dags/example_xcom.py for tasks to queue
[2024-07-31T12:29:37.890+0000] {logging_mixin.py:120} INFO - [2024-07-31T12:29:37.890+0000] {dagbag.py:537} INFO - Filling up the DagBag from /home/airflow/.local/lib/python3.7/site-packages/airflow/example_dags/example_xcom.py
[2024-07-31T12:29:37.915+0000] {processor.py:766} INFO - DAG(s) dict_keys(['example_xcom']) retrieved from /home/airflow/.local/lib/python3.7/site-packages/airflow/example_dags/example_xcom.py
[2024-07-31T12:29:37.957+0000] {logging_mixin.py:120} INFO - [2024-07-31T12:29:37.957+0000] {dag.py:2585} INFO - Sync 1 DAGs
[2024-07-31T12:29:37.983+0000] {logging_mixin.py:120} INFO - [2024-07-31T12:29:37.983+0000] {dag.py:3340} INFO - Setting next_dagrun for example_xcom to 2021-01-01T00:00:00+00:00, run_after=2021-01-01T00:00:00+00:00
[2024-07-31T12:29:38.008+0000] {processor.py:176} INFO - Processing /home/airflow/.local/lib/python3.7/site-packages/airflow/example_dags/example_xcom.py took 0.124 seconds
[2024-07-31T12:30:08.612+0000] {processor.py:154} INFO - Started process (PID=2118) to work on /home/airflow/.local/lib/python3.7/site-packages/airflow/example_dags/example_xcom.py
[2024-07-31T12:30:08.613+0000] {processor.py:756} INFO - Processing file /home/airflow/.local/lib/python3.7/site-packages/airflow/example_dags/example_xcom.py for tasks to queue
[2024-07-31T12:30:08.614+0000] {logging_mixin.py:120} INFO - [2024-07-31T12:30:08.614+0000] {dagbag.py:537} INFO - Filling up the DagBag from /home/airflow/.local/lib/python3.7/site-packages/airflow/example_dags/example_xcom.py
[2024-07-31T12:30:08.652+0000] {processor.py:766} INFO - DAG(s) dict_keys(['example_xcom']) retrieved from /home/airflow/.local/lib/python3.7/site-packages/airflow/example_dags/example_xcom.py
[2024-07-31T12:30:08.827+0000] {logging_mixin.py:120} INFO - [2024-07-31T12:30:08.827+0000] {dag.py:2585} INFO - Sync 1 DAGs
[2024-07-31T12:30:08.979+0000] {logging_mixin.py:120} INFO - [2024-07-31T12:30:08.979+0000] {dag.py:3340} INFO - Setting next_dagrun for example_xcom to 2021-01-01T00:00:00+00:00, run_after=2021-01-01T00:00:00+00:00
[2024-07-31T12:30:09.010+0000] {processor.py:176} INFO - Processing /home/airflow/.local/lib/python3.7/site-packages/airflow/example_dags/example_xcom.py took 0.402 seconds
[2024-07-31T12:30:39.221+0000] {processor.py:154} INFO - Started process (PID=2181) to work on /home/airflow/.local/lib/python3.7/site-packages/airflow/example_dags/example_xcom.py
[2024-07-31T12:30:39.223+0000] {processor.py:756} INFO - Processing file /home/airflow/.local/lib/python3.7/site-packages/airflow/example_dags/example_xcom.py for tasks to queue
[2024-07-31T12:30:39.233+0000] {logging_mixin.py:120} INFO - [2024-07-31T12:30:39.224+0000] {dagbag.py:537} INFO - Filling up the DagBag from /home/airflow/.local/lib/python3.7/site-packages/airflow/example_dags/example_xcom.py
[2024-07-31T12:30:39.258+0000] {processor.py:766} INFO - DAG(s) dict_keys(['example_xcom']) retrieved from /home/airflow/.local/lib/python3.7/site-packages/airflow/example_dags/example_xcom.py
[2024-07-31T12:30:39.338+0000] {logging_mixin.py:120} INFO - [2024-07-31T12:30:39.338+0000] {dag.py:2585} INFO - Sync 1 DAGs
[2024-07-31T12:30:39.380+0000] {logging_mixin.py:120} INFO - [2024-07-31T12:30:39.380+0000] {dag.py:3340} INFO - Setting next_dagrun for example_xcom to 2021-01-01T00:00:00+00:00, run_after=2021-01-01T00:00:00+00:00
[2024-07-31T12:30:39.486+0000] {processor.py:176} INFO - Processing /home/airflow/.local/lib/python3.7/site-packages/airflow/example_dags/example_xcom.py took 0.269 seconds
[2024-07-31T12:31:10.271+0000] {processor.py:154} INFO - Started process (PID=2234) to work on /home/airflow/.local/lib/python3.7/site-packages/airflow/example_dags/example_xcom.py
[2024-07-31T12:31:10.272+0000] {processor.py:756} INFO - Processing file /home/airflow/.local/lib/python3.7/site-packages/airflow/example_dags/example_xcom.py for tasks to queue
[2024-07-31T12:31:10.274+0000] {logging_mixin.py:120} INFO - [2024-07-31T12:31:10.273+0000] {dagbag.py:537} INFO - Filling up the DagBag from /home/airflow/.local/lib/python3.7/site-packages/airflow/example_dags/example_xcom.py
[2024-07-31T12:31:10.305+0000] {processor.py:766} INFO - DAG(s) dict_keys(['example_xcom']) retrieved from /home/airflow/.local/lib/python3.7/site-packages/airflow/example_dags/example_xcom.py
[2024-07-31T12:31:10.346+0000] {logging_mixin.py:120} INFO - [2024-07-31T12:31:10.345+0000] {dag.py:2585} INFO - Sync 1 DAGs
[2024-07-31T12:31:10.383+0000] {logging_mixin.py:120} INFO - [2024-07-31T12:31:10.383+0000] {dag.py:3340} INFO - Setting next_dagrun for example_xcom to 2021-01-01T00:00:00+00:00, run_after=2021-01-01T00:00:00+00:00
[2024-07-31T12:31:10.438+0000] {processor.py:176} INFO - Processing /home/airflow/.local/lib/python3.7/site-packages/airflow/example_dags/example_xcom.py took 0.171 seconds
[2024-07-31T12:31:40.733+0000] {processor.py:154} INFO - Started process (PID=2298) to work on /home/airflow/.local/lib/python3.7/site-packages/airflow/example_dags/example_xcom.py
[2024-07-31T12:31:40.734+0000] {processor.py:756} INFO - Processing file /home/airflow/.local/lib/python3.7/site-packages/airflow/example_dags/example_xcom.py for tasks to queue
[2024-07-31T12:31:40.735+0000] {logging_mixin.py:120} INFO - [2024-07-31T12:31:40.735+0000] {dagbag.py:537} INFO - Filling up the DagBag from /home/airflow/.local/lib/python3.7/site-packages/airflow/example_dags/example_xcom.py
[2024-07-31T12:31:40.758+0000] {processor.py:766} INFO - DAG(s) dict_keys(['example_xcom']) retrieved from /home/airflow/.local/lib/python3.7/site-packages/airflow/example_dags/example_xcom.py
[2024-07-31T12:31:40.803+0000] {logging_mixin.py:120} INFO - [2024-07-31T12:31:40.803+0000] {dag.py:2585} INFO - Sync 1 DAGs
[2024-07-31T12:31:40.929+0000] {logging_mixin.py:120} INFO - [2024-07-31T12:31:40.929+0000] {dag.py:3340} INFO - Setting next_dagrun for example_xcom to 2021-01-01T00:00:00+00:00, run_after=2021-01-01T00:00:00+00:00
[2024-07-31T12:31:41.021+0000] {processor.py:176} INFO - Processing /home/airflow/.local/lib/python3.7/site-packages/airflow/example_dags/example_xcom.py took 0.293 seconds
[2024-07-31T12:32:11.513+0000] {processor.py:154} INFO - Started process (PID=2361) to work on /home/airflow/.local/lib/python3.7/site-packages/airflow/example_dags/example_xcom.py
[2024-07-31T12:32:11.515+0000] {processor.py:756} INFO - Processing file /home/airflow/.local/lib/python3.7/site-packages/airflow/example_dags/example_xcom.py for tasks to queue
[2024-07-31T12:32:11.516+0000] {logging_mixin.py:120} INFO - [2024-07-31T12:32:11.515+0000] {dagbag.py:537} INFO - Filling up the DagBag from /home/airflow/.local/lib/python3.7/site-packages/airflow/example_dags/example_xcom.py
[2024-07-31T12:32:11.552+0000] {processor.py:766} INFO - DAG(s) dict_keys(['example_xcom']) retrieved from /home/airflow/.local/lib/python3.7/site-packages/airflow/example_dags/example_xcom.py
[2024-07-31T12:32:11.630+0000] {logging_mixin.py:120} INFO - [2024-07-31T12:32:11.630+0000] {dag.py:2585} INFO - Sync 1 DAGs
[2024-07-31T12:32:11.665+0000] {logging_mixin.py:120} INFO - [2024-07-31T12:32:11.665+0000] {dag.py:3340} INFO - Setting next_dagrun for example_xcom to 2021-01-01T00:00:00+00:00, run_after=2021-01-01T00:00:00+00:00
[2024-07-31T12:32:11.700+0000] {processor.py:176} INFO - Processing /home/airflow/.local/lib/python3.7/site-packages/airflow/example_dags/example_xcom.py took 0.191 seconds
[2024-07-31T12:32:42.149+0000] {processor.py:154} INFO - Started process (PID=2415) to work on /home/airflow/.local/lib/python3.7/site-packages/airflow/example_dags/example_xcom.py
[2024-07-31T12:32:42.150+0000] {processor.py:756} INFO - Processing file /home/airflow/.local/lib/python3.7/site-packages/airflow/example_dags/example_xcom.py for tasks to queue
[2024-07-31T12:32:42.151+0000] {logging_mixin.py:120} INFO - [2024-07-31T12:32:42.151+0000] {dagbag.py:537} INFO - Filling up the DagBag from /home/airflow/.local/lib/python3.7/site-packages/airflow/example_dags/example_xcom.py
[2024-07-31T12:32:42.195+0000] {processor.py:766} INFO - DAG(s) dict_keys(['example_xcom']) retrieved from /home/airflow/.local/lib/python3.7/site-packages/airflow/example_dags/example_xcom.py
[2024-07-31T12:32:42.348+0000] {logging_mixin.py:120} INFO - [2024-07-31T12:32:42.347+0000] {dag.py:2585} INFO - Sync 1 DAGs
[2024-07-31T12:32:42.497+0000] {logging_mixin.py:120} INFO - [2024-07-31T12:32:42.497+0000] {dag.py:3340} INFO - Setting next_dagrun for example_xcom to 2021-01-01T00:00:00+00:00, run_after=2021-01-01T00:00:00+00:00
[2024-07-31T12:32:42.528+0000] {processor.py:176} INFO - Processing /home/airflow/.local/lib/python3.7/site-packages/airflow/example_dags/example_xcom.py took 0.383 seconds
[2024-07-31T12:33:12.953+0000] {processor.py:154} INFO - Started process (PID=2478) to work on /home/airflow/.local/lib/python3.7/site-packages/airflow/example_dags/example_xcom.py
[2024-07-31T12:33:12.958+0000] {processor.py:756} INFO - Processing file /home/airflow/.local/lib/python3.7/site-packages/airflow/example_dags/example_xcom.py for tasks to queue
[2024-07-31T12:33:12.961+0000] {logging_mixin.py:120} INFO - [2024-07-31T12:33:12.961+0000] {dagbag.py:537} INFO - Filling up the DagBag from /home/airflow/.local/lib/python3.7/site-packages/airflow/example_dags/example_xcom.py
[2024-07-31T12:33:12.999+0000] {processor.py:766} INFO - DAG(s) dict_keys(['example_xcom']) retrieved from /home/airflow/.local/lib/python3.7/site-packages/airflow/example_dags/example_xcom.py
[2024-07-31T12:33:13.079+0000] {logging_mixin.py:120} INFO - [2024-07-31T12:33:13.078+0000] {dag.py:2585} INFO - Sync 1 DAGs
[2024-07-31T12:33:13.116+0000] {logging_mixin.py:120} INFO - [2024-07-31T12:33:13.116+0000] {dag.py:3340} INFO - Setting next_dagrun for example_xcom to 2021-01-01T00:00:00+00:00, run_after=2021-01-01T00:00:00+00:00
[2024-07-31T12:33:13.149+0000] {processor.py:176} INFO - Processing /home/airflow/.local/lib/python3.7/site-packages/airflow/example_dags/example_xcom.py took 0.201 seconds
[2024-07-31T12:33:49.020+0000] {processor.py:154} INFO - Started process (PID=2541) to work on /home/airflow/.local/lib/python3.7/site-packages/airflow/example_dags/example_xcom.py
[2024-07-31T12:33:49.021+0000] {processor.py:756} INFO - Processing file /home/airflow/.local/lib/python3.7/site-packages/airflow/example_dags/example_xcom.py for tasks to queue
[2024-07-31T12:33:49.022+0000] {logging_mixin.py:120} INFO - [2024-07-31T12:33:49.022+0000] {dagbag.py:537} INFO - Filling up the DagBag from /home/airflow/.local/lib/python3.7/site-packages/airflow/example_dags/example_xcom.py
[2024-07-31T12:33:49.048+0000] {processor.py:766} INFO - DAG(s) dict_keys(['example_xcom']) retrieved from /home/airflow/.local/lib/python3.7/site-packages/airflow/example_dags/example_xcom.py
[2024-07-31T12:33:49.099+0000] {logging_mixin.py:120} INFO - [2024-07-31T12:33:49.099+0000] {dag.py:2585} INFO - Sync 1 DAGs
[2024-07-31T12:33:49.229+0000] {logging_mixin.py:120} INFO - [2024-07-31T12:33:49.229+0000] {dag.py:3340} INFO - Setting next_dagrun for example_xcom to 2021-01-01T00:00:00+00:00, run_after=2021-01-01T00:00:00+00:00
[2024-07-31T12:33:49.357+0000] {processor.py:176} INFO - Processing /home/airflow/.local/lib/python3.7/site-packages/airflow/example_dags/example_xcom.py took 0.343 seconds
[2024-07-31T12:34:20.598+0000] {processor.py:154} INFO - Started process (PID=2595) to work on /home/airflow/.local/lib/python3.7/site-packages/airflow/example_dags/example_xcom.py
[2024-07-31T12:34:20.685+0000] {processor.py:756} INFO - Processing file /home/airflow/.local/lib/python3.7/site-packages/airflow/example_dags/example_xcom.py for tasks to queue
[2024-07-31T12:34:20.709+0000] {logging_mixin.py:120} INFO - [2024-07-31T12:34:20.708+0000] {dagbag.py:537} INFO - Filling up the DagBag from /home/airflow/.local/lib/python3.7/site-packages/airflow/example_dags/example_xcom.py
[2024-07-31T12:34:20.754+0000] {processor.py:766} INFO - DAG(s) dict_keys(['example_xcom']) retrieved from /home/airflow/.local/lib/python3.7/site-packages/airflow/example_dags/example_xcom.py
[2024-07-31T12:34:20.914+0000] {logging_mixin.py:120} INFO - [2024-07-31T12:34:20.914+0000] {dag.py:2585} INFO - Sync 1 DAGs
[2024-07-31T12:34:21.051+0000] {logging_mixin.py:120} INFO - [2024-07-31T12:34:21.050+0000] {dag.py:3340} INFO - Setting next_dagrun for example_xcom to 2021-01-01T00:00:00+00:00, run_after=2021-01-01T00:00:00+00:00
[2024-07-31T12:34:21.174+0000] {processor.py:176} INFO - Processing /home/airflow/.local/lib/python3.7/site-packages/airflow/example_dags/example_xcom.py took 0.581 seconds
[2024-07-31T12:34:51.588+0000] {processor.py:154} INFO - Started process (PID=2658) to work on /home/airflow/.local/lib/python3.7/site-packages/airflow/example_dags/example_xcom.py
[2024-07-31T12:34:51.589+0000] {processor.py:756} INFO - Processing file /home/airflow/.local/lib/python3.7/site-packages/airflow/example_dags/example_xcom.py for tasks to queue
[2024-07-31T12:34:51.591+0000] {logging_mixin.py:120} INFO - [2024-07-31T12:34:51.590+0000] {dagbag.py:537} INFO - Filling up the DagBag from /home/airflow/.local/lib/python3.7/site-packages/airflow/example_dags/example_xcom.py
[2024-07-31T12:34:51.725+0000] {processor.py:766} INFO - DAG(s) dict_keys(['example_xcom']) retrieved from /home/airflow/.local/lib/python3.7/site-packages/airflow/example_dags/example_xcom.py
[2024-07-31T12:34:51.782+0000] {logging_mixin.py:120} INFO - [2024-07-31T12:34:51.782+0000] {dag.py:2585} INFO - Sync 1 DAGs
[2024-07-31T12:34:51.820+0000] {logging_mixin.py:120} INFO - [2024-07-31T12:34:51.819+0000] {dag.py:3340} INFO - Setting next_dagrun for example_xcom to 2021-01-01T00:00:00+00:00, run_after=2021-01-01T00:00:00+00:00
[2024-07-31T12:34:51.914+0000] {processor.py:176} INFO - Processing /home/airflow/.local/lib/python3.7/site-packages/airflow/example_dags/example_xcom.py took 0.330 seconds
[2024-07-31T12:35:22.464+0000] {processor.py:154} INFO - Started process (PID=2721) to work on /home/airflow/.local/lib/python3.7/site-packages/airflow/example_dags/example_xcom.py
[2024-07-31T12:35:22.465+0000] {processor.py:756} INFO - Processing file /home/airflow/.local/lib/python3.7/site-packages/airflow/example_dags/example_xcom.py for tasks to queue
[2024-07-31T12:35:22.467+0000] {logging_mixin.py:120} INFO - [2024-07-31T12:35:22.467+0000] {dagbag.py:537} INFO - Filling up the DagBag from /home/airflow/.local/lib/python3.7/site-packages/airflow/example_dags/example_xcom.py
[2024-07-31T12:35:22.514+0000] {processor.py:766} INFO - DAG(s) dict_keys(['example_xcom']) retrieved from /home/airflow/.local/lib/python3.7/site-packages/airflow/example_dags/example_xcom.py
[2024-07-31T12:35:22.634+0000] {logging_mixin.py:120} INFO - [2024-07-31T12:35:22.634+0000] {dag.py:2585} INFO - Sync 1 DAGs
[2024-07-31T12:35:22.746+0000] {logging_mixin.py:120} INFO - [2024-07-31T12:35:22.746+0000] {dag.py:3340} INFO - Setting next_dagrun for example_xcom to 2021-01-01T00:00:00+00:00, run_after=2021-01-01T00:00:00+00:00
[2024-07-31T12:35:22.809+0000] {processor.py:176} INFO - Processing /home/airflow/.local/lib/python3.7/site-packages/airflow/example_dags/example_xcom.py took 0.360 seconds
[2024-07-31T12:35:53.285+0000] {processor.py:154} INFO - Started process (PID=2775) to work on /home/airflow/.local/lib/python3.7/site-packages/airflow/example_dags/example_xcom.py
[2024-07-31T12:35:53.290+0000] {processor.py:756} INFO - Processing file /home/airflow/.local/lib/python3.7/site-packages/airflow/example_dags/example_xcom.py for tasks to queue
[2024-07-31T12:35:53.298+0000] {logging_mixin.py:120} INFO - [2024-07-31T12:35:53.297+0000] {dagbag.py:537} INFO - Filling up the DagBag from /home/airflow/.local/lib/python3.7/site-packages/airflow/example_dags/example_xcom.py
[2024-07-31T12:35:53.341+0000] {processor.py:766} INFO - DAG(s) dict_keys(['example_xcom']) retrieved from /home/airflow/.local/lib/python3.7/site-packages/airflow/example_dags/example_xcom.py
[2024-07-31T12:35:53.418+0000] {logging_mixin.py:120} INFO - [2024-07-31T12:35:53.417+0000] {dag.py:2585} INFO - Sync 1 DAGs
[2024-07-31T12:35:53.457+0000] {logging_mixin.py:120} INFO - [2024-07-31T12:35:53.457+0000] {dag.py:3340} INFO - Setting next_dagrun for example_xcom to 2021-01-01T00:00:00+00:00, run_after=2021-01-01T00:00:00+00:00
[2024-07-31T12:35:53.502+0000] {processor.py:176} INFO - Processing /home/airflow/.local/lib/python3.7/site-packages/airflow/example_dags/example_xcom.py took 0.221 seconds
[2024-07-31T12:36:23.830+0000] {processor.py:154} INFO - Started process (PID=2839) to work on /home/airflow/.local/lib/python3.7/site-packages/airflow/example_dags/example_xcom.py
[2024-07-31T12:36:24.052+0000] {processor.py:756} INFO - Processing file /home/airflow/.local/lib/python3.7/site-packages/airflow/example_dags/example_xcom.py for tasks to queue
[2024-07-31T12:36:24.061+0000] {logging_mixin.py:120} INFO - [2024-07-31T12:36:24.061+0000] {dagbag.py:537} INFO - Filling up the DagBag from /home/airflow/.local/lib/python3.7/site-packages/airflow/example_dags/example_xcom.py
[2024-07-31T12:36:24.117+0000] {processor.py:766} INFO - DAG(s) dict_keys(['example_xcom']) retrieved from /home/airflow/.local/lib/python3.7/site-packages/airflow/example_dags/example_xcom.py
[2024-07-31T12:36:24.276+0000] {logging_mixin.py:120} INFO - [2024-07-31T12:36:24.275+0000] {dag.py:2585} INFO - Sync 1 DAGs
[2024-07-31T12:36:24.416+0000] {logging_mixin.py:120} INFO - [2024-07-31T12:36:24.416+0000] {dag.py:3340} INFO - Setting next_dagrun for example_xcom to 2021-01-01T00:00:00+00:00, run_after=2021-01-01T00:00:00+00:00
[2024-07-31T12:36:24.490+0000] {processor.py:176} INFO - Processing /home/airflow/.local/lib/python3.7/site-packages/airflow/example_dags/example_xcom.py took 0.664 seconds
