[2024-07-31T12:12:18.193+0000] {processor.py:154} INFO - Started process (PID=54) to work on /home/airflow/.local/lib/python3.7/site-packages/airflow/example_dags/example_bash_operator.py
[2024-07-31T12:12:18.196+0000] {processor.py:756} INFO - Processing file /home/airflow/.local/lib/python3.7/site-packages/airflow/example_dags/example_bash_operator.py for tasks to queue
[2024-07-31T12:12:18.198+0000] {logging_mixin.py:120} INFO - [2024-07-31T12:12:18.197+0000] {dagbag.py:537} INFO - Filling up the DagBag from /home/airflow/.local/lib/python3.7/site-packages/airflow/example_dags/example_bash_operator.py
[2024-07-31T12:12:18.259+0000] {processor.py:766} INFO - DAG(s) dict_keys(['example_bash_operator']) retrieved from /home/airflow/.local/lib/python3.7/site-packages/airflow/example_dags/example_bash_operator.py
[2024-07-31T12:12:18.596+0000] {logging_mixin.py:120} INFO - [2024-07-31T12:12:18.595+0000] {manager.py:507} INFO - Created Permission View: can read on DAG:example_bash_operator
[2024-07-31T12:12:18.616+0000] {logging_mixin.py:120} INFO - [2024-07-31T12:12:18.615+0000] {manager.py:507} INFO - Created Permission View: can delete on DAG:example_bash_operator
[2024-07-31T12:12:18.634+0000] {logging_mixin.py:120} INFO - [2024-07-31T12:12:18.634+0000] {manager.py:507} INFO - Created Permission View: can edit on DAG:example_bash_operator
[2024-07-31T12:12:18.636+0000] {logging_mixin.py:120} INFO - [2024-07-31T12:12:18.635+0000] {dag.py:2585} INFO - Sync 1 DAGs
[2024-07-31T12:12:18.664+0000] {logging_mixin.py:120} INFO - [2024-07-31T12:12:18.664+0000] {dag.py:2606} INFO - Creating ORM DAG for example_bash_operator
[2024-07-31T12:12:18.690+0000] {logging_mixin.py:120} INFO - [2024-07-31T12:12:18.690+0000] {dag.py:3340} INFO - Setting next_dagrun for example_bash_operator to 2024-07-30T00:00:00+00:00, run_after=2024-07-31T00:00:00+00:00
[2024-07-31T12:12:18.742+0000] {processor.py:176} INFO - Processing /home/airflow/.local/lib/python3.7/site-packages/airflow/example_dags/example_bash_operator.py took 0.556 seconds
[2024-07-31T12:12:48.960+0000] {processor.py:154} INFO - Started process (PID=108) to work on /home/airflow/.local/lib/python3.7/site-packages/airflow/example_dags/example_bash_operator.py
[2024-07-31T12:12:48.961+0000] {processor.py:756} INFO - Processing file /home/airflow/.local/lib/python3.7/site-packages/airflow/example_dags/example_bash_operator.py for tasks to queue
[2024-07-31T12:12:48.962+0000] {logging_mixin.py:120} INFO - [2024-07-31T12:12:48.962+0000] {dagbag.py:537} INFO - Filling up the DagBag from /home/airflow/.local/lib/python3.7/site-packages/airflow/example_dags/example_bash_operator.py
[2024-07-31T12:12:48.986+0000] {processor.py:766} INFO - DAG(s) dict_keys(['example_bash_operator']) retrieved from /home/airflow/.local/lib/python3.7/site-packages/airflow/example_dags/example_bash_operator.py
[2024-07-31T12:12:49.012+0000] {logging_mixin.py:120} INFO - [2024-07-31T12:12:49.012+0000] {dag.py:2585} INFO - Sync 1 DAGs
[2024-07-31T12:12:49.048+0000] {logging_mixin.py:120} INFO - [2024-07-31T12:12:49.048+0000] {dag.py:3340} INFO - Setting next_dagrun for example_bash_operator to 2024-07-30T00:00:00+00:00, run_after=2024-07-31T00:00:00+00:00
[2024-07-31T12:12:49.075+0000] {processor.py:176} INFO - Processing /home/airflow/.local/lib/python3.7/site-packages/airflow/example_dags/example_bash_operator.py took 0.119 seconds
[2024-07-31T12:13:19.461+0000] {processor.py:154} INFO - Started process (PID=172) to work on /home/airflow/.local/lib/python3.7/site-packages/airflow/example_dags/example_bash_operator.py
[2024-07-31T12:13:19.462+0000] {processor.py:756} INFO - Processing file /home/airflow/.local/lib/python3.7/site-packages/airflow/example_dags/example_bash_operator.py for tasks to queue
[2024-07-31T12:13:19.463+0000] {logging_mixin.py:120} INFO - [2024-07-31T12:13:19.463+0000] {dagbag.py:537} INFO - Filling up the DagBag from /home/airflow/.local/lib/python3.7/site-packages/airflow/example_dags/example_bash_operator.py
[2024-07-31T12:13:19.487+0000] {processor.py:766} INFO - DAG(s) dict_keys(['example_bash_operator']) retrieved from /home/airflow/.local/lib/python3.7/site-packages/airflow/example_dags/example_bash_operator.py
[2024-07-31T12:13:19.539+0000] {logging_mixin.py:120} INFO - [2024-07-31T12:13:19.539+0000] {dag.py:2585} INFO - Sync 1 DAGs
[2024-07-31T12:13:19.568+0000] {logging_mixin.py:120} INFO - [2024-07-31T12:13:19.567+0000] {dag.py:3340} INFO - Setting next_dagrun for example_bash_operator to 2024-07-30T00:00:00+00:00, run_after=2024-07-31T00:00:00+00:00
[2024-07-31T12:13:19.596+0000] {processor.py:176} INFO - Processing /home/airflow/.local/lib/python3.7/site-packages/airflow/example_dags/example_bash_operator.py took 0.138 seconds
[2024-07-31T12:13:50.162+0000] {processor.py:154} INFO - Started process (PID=235) to work on /home/airflow/.local/lib/python3.7/site-packages/airflow/example_dags/example_bash_operator.py
[2024-07-31T12:13:50.163+0000] {processor.py:756} INFO - Processing file /home/airflow/.local/lib/python3.7/site-packages/airflow/example_dags/example_bash_operator.py for tasks to queue
[2024-07-31T12:13:50.165+0000] {logging_mixin.py:120} INFO - [2024-07-31T12:13:50.164+0000] {dagbag.py:537} INFO - Filling up the DagBag from /home/airflow/.local/lib/python3.7/site-packages/airflow/example_dags/example_bash_operator.py
[2024-07-31T12:13:50.190+0000] {processor.py:766} INFO - DAG(s) dict_keys(['example_bash_operator']) retrieved from /home/airflow/.local/lib/python3.7/site-packages/airflow/example_dags/example_bash_operator.py
[2024-07-31T12:13:50.275+0000] {logging_mixin.py:120} INFO - [2024-07-31T12:13:50.275+0000] {dag.py:2585} INFO - Sync 1 DAGs
[2024-07-31T12:13:50.325+0000] {logging_mixin.py:120} INFO - [2024-07-31T12:13:50.325+0000] {dag.py:3340} INFO - Setting next_dagrun for example_bash_operator to 2024-07-30T00:00:00+00:00, run_after=2024-07-31T00:00:00+00:00
[2024-07-31T12:13:50.382+0000] {processor.py:176} INFO - Processing /home/airflow/.local/lib/python3.7/site-packages/airflow/example_dags/example_bash_operator.py took 0.223 seconds
[2024-07-31T12:14:20.501+0000] {processor.py:154} INFO - Started process (PID=290) to work on /home/airflow/.local/lib/python3.7/site-packages/airflow/example_dags/example_bash_operator.py
[2024-07-31T12:14:20.502+0000] {processor.py:756} INFO - Processing file /home/airflow/.local/lib/python3.7/site-packages/airflow/example_dags/example_bash_operator.py for tasks to queue
[2024-07-31T12:14:20.503+0000] {logging_mixin.py:120} INFO - [2024-07-31T12:14:20.503+0000] {dagbag.py:537} INFO - Filling up the DagBag from /home/airflow/.local/lib/python3.7/site-packages/airflow/example_dags/example_bash_operator.py
[2024-07-31T12:14:20.526+0000] {processor.py:766} INFO - DAG(s) dict_keys(['example_bash_operator']) retrieved from /home/airflow/.local/lib/python3.7/site-packages/airflow/example_dags/example_bash_operator.py
[2024-07-31T12:14:20.625+0000] {logging_mixin.py:120} INFO - [2024-07-31T12:14:20.625+0000] {dag.py:2585} INFO - Sync 1 DAGs
[2024-07-31T12:14:20.741+0000] {logging_mixin.py:120} INFO - [2024-07-31T12:14:20.741+0000] {dag.py:3340} INFO - Setting next_dagrun for example_bash_operator to 2024-07-30T00:00:00+00:00, run_after=2024-07-31T00:00:00+00:00
[2024-07-31T12:14:20.777+0000] {processor.py:176} INFO - Processing /home/airflow/.local/lib/python3.7/site-packages/airflow/example_dags/example_bash_operator.py took 0.279 seconds
[2024-07-31T12:14:51.410+0000] {processor.py:154} INFO - Started process (PID=355) to work on /home/airflow/.local/lib/python3.7/site-packages/airflow/example_dags/example_bash_operator.py
[2024-07-31T12:14:51.412+0000] {processor.py:756} INFO - Processing file /home/airflow/.local/lib/python3.7/site-packages/airflow/example_dags/example_bash_operator.py for tasks to queue
[2024-07-31T12:14:51.414+0000] {logging_mixin.py:120} INFO - [2024-07-31T12:14:51.414+0000] {dagbag.py:537} INFO - Filling up the DagBag from /home/airflow/.local/lib/python3.7/site-packages/airflow/example_dags/example_bash_operator.py
[2024-07-31T12:14:51.448+0000] {processor.py:766} INFO - DAG(s) dict_keys(['example_bash_operator']) retrieved from /home/airflow/.local/lib/python3.7/site-packages/airflow/example_dags/example_bash_operator.py
[2024-07-31T12:14:51.549+0000] {logging_mixin.py:120} INFO - [2024-07-31T12:14:51.549+0000] {dag.py:2585} INFO - Sync 1 DAGs
[2024-07-31T12:14:51.581+0000] {logging_mixin.py:120} INFO - [2024-07-31T12:14:51.581+0000] {dag.py:3340} INFO - Setting next_dagrun for example_bash_operator to 2024-07-30T00:00:00+00:00, run_after=2024-07-31T00:00:00+00:00
[2024-07-31T12:14:51.614+0000] {processor.py:176} INFO - Processing /home/airflow/.local/lib/python3.7/site-packages/airflow/example_dags/example_bash_operator.py took 0.208 seconds
[2024-07-31T12:15:22.419+0000] {processor.py:154} INFO - Started process (PID=418) to work on /home/airflow/.local/lib/python3.7/site-packages/airflow/example_dags/example_bash_operator.py
[2024-07-31T12:15:22.423+0000] {processor.py:756} INFO - Processing file /home/airflow/.local/lib/python3.7/site-packages/airflow/example_dags/example_bash_operator.py for tasks to queue
[2024-07-31T12:15:22.424+0000] {logging_mixin.py:120} INFO - [2024-07-31T12:15:22.424+0000] {dagbag.py:537} INFO - Filling up the DagBag from /home/airflow/.local/lib/python3.7/site-packages/airflow/example_dags/example_bash_operator.py
[2024-07-31T12:15:22.469+0000] {processor.py:766} INFO - DAG(s) dict_keys(['example_bash_operator']) retrieved from /home/airflow/.local/lib/python3.7/site-packages/airflow/example_dags/example_bash_operator.py
[2024-07-31T12:15:22.593+0000] {logging_mixin.py:120} INFO - [2024-07-31T12:15:22.593+0000] {dag.py:2585} INFO - Sync 1 DAGs
[2024-07-31T12:15:22.648+0000] {logging_mixin.py:120} INFO - [2024-07-31T12:15:22.648+0000] {dag.py:3340} INFO - Setting next_dagrun for example_bash_operator to 2024-07-30T00:00:00+00:00, run_after=2024-07-31T00:00:00+00:00
[2024-07-31T12:15:22.694+0000] {processor.py:176} INFO - Processing /home/airflow/.local/lib/python3.7/site-packages/airflow/example_dags/example_bash_operator.py took 0.279 seconds
[2024-07-31T12:15:53.195+0000] {processor.py:154} INFO - Started process (PID=472) to work on /home/airflow/.local/lib/python3.7/site-packages/airflow/example_dags/example_bash_operator.py
[2024-07-31T12:15:53.196+0000] {processor.py:756} INFO - Processing file /home/airflow/.local/lib/python3.7/site-packages/airflow/example_dags/example_bash_operator.py for tasks to queue
[2024-07-31T12:15:53.201+0000] {logging_mixin.py:120} INFO - [2024-07-31T12:15:53.201+0000] {dagbag.py:537} INFO - Filling up the DagBag from /home/airflow/.local/lib/python3.7/site-packages/airflow/example_dags/example_bash_operator.py
[2024-07-31T12:15:53.269+0000] {processor.py:766} INFO - DAG(s) dict_keys(['example_bash_operator']) retrieved from /home/airflow/.local/lib/python3.7/site-packages/airflow/example_dags/example_bash_operator.py
[2024-07-31T12:15:53.352+0000] {logging_mixin.py:120} INFO - [2024-07-31T12:15:53.352+0000] {dag.py:2585} INFO - Sync 1 DAGs
[2024-07-31T12:15:53.483+0000] {logging_mixin.py:120} INFO - [2024-07-31T12:15:53.482+0000] {dag.py:3340} INFO - Setting next_dagrun for example_bash_operator to 2024-07-30T00:00:00+00:00, run_after=2024-07-31T00:00:00+00:00
[2024-07-31T12:15:53.511+0000] {processor.py:176} INFO - Processing /home/airflow/.local/lib/python3.7/site-packages/airflow/example_dags/example_bash_operator.py took 0.320 seconds
[2024-07-31T12:16:23.813+0000] {processor.py:154} INFO - Started process (PID=535) to work on /home/airflow/.local/lib/python3.7/site-packages/airflow/example_dags/example_bash_operator.py
[2024-07-31T12:16:23.815+0000] {processor.py:756} INFO - Processing file /home/airflow/.local/lib/python3.7/site-packages/airflow/example_dags/example_bash_operator.py for tasks to queue
[2024-07-31T12:16:23.816+0000] {logging_mixin.py:120} INFO - [2024-07-31T12:16:23.816+0000] {dagbag.py:537} INFO - Filling up the DagBag from /home/airflow/.local/lib/python3.7/site-packages/airflow/example_dags/example_bash_operator.py
[2024-07-31T12:16:23.846+0000] {processor.py:766} INFO - DAG(s) dict_keys(['example_bash_operator']) retrieved from /home/airflow/.local/lib/python3.7/site-packages/airflow/example_dags/example_bash_operator.py
[2024-07-31T12:16:23.916+0000] {logging_mixin.py:120} INFO - [2024-07-31T12:16:23.916+0000] {dag.py:2585} INFO - Sync 1 DAGs
[2024-07-31T12:16:23.955+0000] {logging_mixin.py:120} INFO - [2024-07-31T12:16:23.955+0000] {dag.py:3340} INFO - Setting next_dagrun for example_bash_operator to 2024-07-30T00:00:00+00:00, run_after=2024-07-31T00:00:00+00:00
[2024-07-31T12:16:23.985+0000] {processor.py:176} INFO - Processing /home/airflow/.local/lib/python3.7/site-packages/airflow/example_dags/example_bash_operator.py took 0.176 seconds
[2024-07-31T12:16:54.834+0000] {processor.py:154} INFO - Started process (PID=589) to work on /home/airflow/.local/lib/python3.7/site-packages/airflow/example_dags/example_bash_operator.py
[2024-07-31T12:16:54.835+0000] {processor.py:756} INFO - Processing file /home/airflow/.local/lib/python3.7/site-packages/airflow/example_dags/example_bash_operator.py for tasks to queue
[2024-07-31T12:16:54.837+0000] {logging_mixin.py:120} INFO - [2024-07-31T12:16:54.836+0000] {dagbag.py:537} INFO - Filling up the DagBag from /home/airflow/.local/lib/python3.7/site-packages/airflow/example_dags/example_bash_operator.py
[2024-07-31T12:16:54.861+0000] {processor.py:766} INFO - DAG(s) dict_keys(['example_bash_operator']) retrieved from /home/airflow/.local/lib/python3.7/site-packages/airflow/example_dags/example_bash_operator.py
[2024-07-31T12:16:54.935+0000] {logging_mixin.py:120} INFO - [2024-07-31T12:16:54.934+0000] {dag.py:2585} INFO - Sync 1 DAGs
[2024-07-31T12:16:54.974+0000] {logging_mixin.py:120} INFO - [2024-07-31T12:16:54.974+0000] {dag.py:3340} INFO - Setting next_dagrun for example_bash_operator to 2024-07-30T00:00:00+00:00, run_after=2024-07-31T00:00:00+00:00
[2024-07-31T12:16:55.001+0000] {processor.py:176} INFO - Processing /home/airflow/.local/lib/python3.7/site-packages/airflow/example_dags/example_bash_operator.py took 0.170 seconds
[2024-07-31T12:17:25.883+0000] {processor.py:154} INFO - Started process (PID=651) to work on /home/airflow/.local/lib/python3.7/site-packages/airflow/example_dags/example_bash_operator.py
[2024-07-31T12:17:26.009+0000] {processor.py:756} INFO - Processing file /home/airflow/.local/lib/python3.7/site-packages/airflow/example_dags/example_bash_operator.py for tasks to queue
[2024-07-31T12:17:26.131+0000] {logging_mixin.py:120} INFO - [2024-07-31T12:17:26.130+0000] {dagbag.py:537} INFO - Filling up the DagBag from /home/airflow/.local/lib/python3.7/site-packages/airflow/example_dags/example_bash_operator.py
[2024-07-31T12:17:26.166+0000] {processor.py:766} INFO - DAG(s) dict_keys(['example_bash_operator']) retrieved from /home/airflow/.local/lib/python3.7/site-packages/airflow/example_dags/example_bash_operator.py
[2024-07-31T12:17:26.336+0000] {logging_mixin.py:120} INFO - [2024-07-31T12:17:26.336+0000] {dag.py:2585} INFO - Sync 1 DAGs
[2024-07-31T12:17:26.373+0000] {logging_mixin.py:120} INFO - [2024-07-31T12:17:26.373+0000] {dag.py:3340} INFO - Setting next_dagrun for example_bash_operator to 2024-07-30T00:00:00+00:00, run_after=2024-07-31T00:00:00+00:00
[2024-07-31T12:17:26.397+0000] {processor.py:176} INFO - Processing /home/airflow/.local/lib/python3.7/site-packages/airflow/example_dags/example_bash_operator.py took 0.517 seconds
[2024-07-31T12:17:57.642+0000] {processor.py:154} INFO - Started process (PID=705) to work on /home/airflow/.local/lib/python3.7/site-packages/airflow/example_dags/example_bash_operator.py
[2024-07-31T12:17:57.643+0000] {processor.py:756} INFO - Processing file /home/airflow/.local/lib/python3.7/site-packages/airflow/example_dags/example_bash_operator.py for tasks to queue
[2024-07-31T12:17:57.645+0000] {logging_mixin.py:120} INFO - [2024-07-31T12:17:57.645+0000] {dagbag.py:537} INFO - Filling up the DagBag from /home/airflow/.local/lib/python3.7/site-packages/airflow/example_dags/example_bash_operator.py
[2024-07-31T12:17:57.675+0000] {processor.py:766} INFO - DAG(s) dict_keys(['example_bash_operator']) retrieved from /home/airflow/.local/lib/python3.7/site-packages/airflow/example_dags/example_bash_operator.py
[2024-07-31T12:17:57.740+0000] {logging_mixin.py:120} INFO - [2024-07-31T12:17:57.740+0000] {dag.py:2585} INFO - Sync 1 DAGs
[2024-07-31T12:17:57.794+0000] {logging_mixin.py:120} INFO - [2024-07-31T12:17:57.794+0000] {dag.py:3340} INFO - Setting next_dagrun for example_bash_operator to 2024-07-30T00:00:00+00:00, run_after=2024-07-31T00:00:00+00:00
[2024-07-31T12:17:57.856+0000] {processor.py:176} INFO - Processing /home/airflow/.local/lib/python3.7/site-packages/airflow/example_dags/example_bash_operator.py took 0.218 seconds
[2024-07-31T12:18:28.652+0000] {processor.py:154} INFO - Started process (PID=767) to work on /home/airflow/.local/lib/python3.7/site-packages/airflow/example_dags/example_bash_operator.py
[2024-07-31T12:18:28.653+0000] {processor.py:756} INFO - Processing file /home/airflow/.local/lib/python3.7/site-packages/airflow/example_dags/example_bash_operator.py for tasks to queue
[2024-07-31T12:18:28.655+0000] {logging_mixin.py:120} INFO - [2024-07-31T12:18:28.654+0000] {dagbag.py:537} INFO - Filling up the DagBag from /home/airflow/.local/lib/python3.7/site-packages/airflow/example_dags/example_bash_operator.py
[2024-07-31T12:18:28.680+0000] {processor.py:766} INFO - DAG(s) dict_keys(['example_bash_operator']) retrieved from /home/airflow/.local/lib/python3.7/site-packages/airflow/example_dags/example_bash_operator.py
[2024-07-31T12:18:28.744+0000] {logging_mixin.py:120} INFO - [2024-07-31T12:18:28.744+0000] {dag.py:2585} INFO - Sync 1 DAGs
[2024-07-31T12:18:28.779+0000] {logging_mixin.py:120} INFO - [2024-07-31T12:18:28.779+0000] {dag.py:3340} INFO - Setting next_dagrun for example_bash_operator to 2024-07-30T00:00:00+00:00, run_after=2024-07-31T00:00:00+00:00
[2024-07-31T12:18:28.803+0000] {processor.py:176} INFO - Processing /home/airflow/.local/lib/python3.7/site-packages/airflow/example_dags/example_bash_operator.py took 0.155 seconds
[2024-07-31T12:18:59.595+0000] {processor.py:154} INFO - Started process (PID=830) to work on /home/airflow/.local/lib/python3.7/site-packages/airflow/example_dags/example_bash_operator.py
[2024-07-31T12:18:59.600+0000] {processor.py:756} INFO - Processing file /home/airflow/.local/lib/python3.7/site-packages/airflow/example_dags/example_bash_operator.py for tasks to queue
[2024-07-31T12:18:59.601+0000] {logging_mixin.py:120} INFO - [2024-07-31T12:18:59.601+0000] {dagbag.py:537} INFO - Filling up the DagBag from /home/airflow/.local/lib/python3.7/site-packages/airflow/example_dags/example_bash_operator.py
[2024-07-31T12:18:59.628+0000] {processor.py:766} INFO - DAG(s) dict_keys(['example_bash_operator']) retrieved from /home/airflow/.local/lib/python3.7/site-packages/airflow/example_dags/example_bash_operator.py
[2024-07-31T12:18:59.715+0000] {logging_mixin.py:120} INFO - [2024-07-31T12:18:59.714+0000] {dag.py:2585} INFO - Sync 1 DAGs
[2024-07-31T12:18:59.765+0000] {logging_mixin.py:120} INFO - [2024-07-31T12:18:59.765+0000] {dag.py:3340} INFO - Setting next_dagrun for example_bash_operator to 2024-07-30T00:00:00+00:00, run_after=2024-07-31T00:00:00+00:00
[2024-07-31T12:18:59.810+0000] {processor.py:176} INFO - Processing /home/airflow/.local/lib/python3.7/site-packages/airflow/example_dags/example_bash_operator.py took 0.220 seconds
[2024-07-31T12:19:30.373+0000] {processor.py:154} INFO - Started process (PID=884) to work on /home/airflow/.local/lib/python3.7/site-packages/airflow/example_dags/example_bash_operator.py
[2024-07-31T12:19:30.374+0000] {processor.py:756} INFO - Processing file /home/airflow/.local/lib/python3.7/site-packages/airflow/example_dags/example_bash_operator.py for tasks to queue
[2024-07-31T12:19:30.375+0000] {logging_mixin.py:120} INFO - [2024-07-31T12:19:30.375+0000] {dagbag.py:537} INFO - Filling up the DagBag from /home/airflow/.local/lib/python3.7/site-packages/airflow/example_dags/example_bash_operator.py
[2024-07-31T12:19:30.403+0000] {processor.py:766} INFO - DAG(s) dict_keys(['example_bash_operator']) retrieved from /home/airflow/.local/lib/python3.7/site-packages/airflow/example_dags/example_bash_operator.py
[2024-07-31T12:19:30.465+0000] {logging_mixin.py:120} INFO - [2024-07-31T12:19:30.464+0000] {dag.py:2585} INFO - Sync 1 DAGs
[2024-07-31T12:19:30.494+0000] {logging_mixin.py:120} INFO - [2024-07-31T12:19:30.493+0000] {dag.py:3340} INFO - Setting next_dagrun for example_bash_operator to 2024-07-30T00:00:00+00:00, run_after=2024-07-31T00:00:00+00:00
[2024-07-31T12:19:30.521+0000] {processor.py:176} INFO - Processing /home/airflow/.local/lib/python3.7/site-packages/airflow/example_dags/example_bash_operator.py took 0.151 seconds
[2024-07-31T12:20:01.076+0000] {processor.py:154} INFO - Started process (PID=946) to work on /home/airflow/.local/lib/python3.7/site-packages/airflow/example_dags/example_bash_operator.py
[2024-07-31T12:20:01.119+0000] {processor.py:756} INFO - Processing file /home/airflow/.local/lib/python3.7/site-packages/airflow/example_dags/example_bash_operator.py for tasks to queue
[2024-07-31T12:20:01.137+0000] {logging_mixin.py:120} INFO - [2024-07-31T12:20:01.136+0000] {dagbag.py:537} INFO - Filling up the DagBag from /home/airflow/.local/lib/python3.7/site-packages/airflow/example_dags/example_bash_operator.py
[2024-07-31T12:20:01.180+0000] {processor.py:766} INFO - DAG(s) dict_keys(['example_bash_operator']) retrieved from /home/airflow/.local/lib/python3.7/site-packages/airflow/example_dags/example_bash_operator.py
[2024-07-31T12:20:01.268+0000] {logging_mixin.py:120} INFO - [2024-07-31T12:20:01.268+0000] {dag.py:2585} INFO - Sync 1 DAGs
[2024-07-31T12:20:01.327+0000] {logging_mixin.py:120} INFO - [2024-07-31T12:20:01.326+0000] {dag.py:3340} INFO - Setting next_dagrun for example_bash_operator to 2024-07-30T00:00:00+00:00, run_after=2024-07-31T00:00:00+00:00
[2024-07-31T12:20:01.423+0000] {processor.py:176} INFO - Processing /home/airflow/.local/lib/python3.7/site-packages/airflow/example_dags/example_bash_operator.py took 0.352 seconds
[2024-07-31T12:20:32.240+0000] {processor.py:154} INFO - Started process (PID=1000) to work on /home/airflow/.local/lib/python3.7/site-packages/airflow/example_dags/example_bash_operator.py
[2024-07-31T12:20:32.445+0000] {processor.py:756} INFO - Processing file /home/airflow/.local/lib/python3.7/site-packages/airflow/example_dags/example_bash_operator.py for tasks to queue
[2024-07-31T12:20:32.478+0000] {logging_mixin.py:120} INFO - [2024-07-31T12:20:32.478+0000] {dagbag.py:537} INFO - Filling up the DagBag from /home/airflow/.local/lib/python3.7/site-packages/airflow/example_dags/example_bash_operator.py
[2024-07-31T12:20:32.564+0000] {processor.py:766} INFO - DAG(s) dict_keys(['example_bash_operator']) retrieved from /home/airflow/.local/lib/python3.7/site-packages/airflow/example_dags/example_bash_operator.py
[2024-07-31T12:20:32.828+0000] {logging_mixin.py:120} INFO - [2024-07-31T12:20:32.827+0000] {dag.py:2585} INFO - Sync 1 DAGs
[2024-07-31T12:20:32.876+0000] {logging_mixin.py:120} INFO - [2024-07-31T12:20:32.876+0000] {dag.py:3340} INFO - Setting next_dagrun for example_bash_operator to 2024-07-30T00:00:00+00:00, run_after=2024-07-31T00:00:00+00:00
[2024-07-31T12:20:32.912+0000] {processor.py:176} INFO - Processing /home/airflow/.local/lib/python3.7/site-packages/airflow/example_dags/example_bash_operator.py took 0.676 seconds
[2024-07-31T12:21:03.301+0000] {processor.py:154} INFO - Started process (PID=1063) to work on /home/airflow/.local/lib/python3.7/site-packages/airflow/example_dags/example_bash_operator.py
[2024-07-31T12:21:03.302+0000] {processor.py:756} INFO - Processing file /home/airflow/.local/lib/python3.7/site-packages/airflow/example_dags/example_bash_operator.py for tasks to queue
[2024-07-31T12:21:03.331+0000] {logging_mixin.py:120} INFO - [2024-07-31T12:21:03.330+0000] {dagbag.py:537} INFO - Filling up the DagBag from /home/airflow/.local/lib/python3.7/site-packages/airflow/example_dags/example_bash_operator.py
[2024-07-31T12:21:03.432+0000] {processor.py:766} INFO - DAG(s) dict_keys(['example_bash_operator']) retrieved from /home/airflow/.local/lib/python3.7/site-packages/airflow/example_dags/example_bash_operator.py
[2024-07-31T12:21:03.540+0000] {logging_mixin.py:120} INFO - [2024-07-31T12:21:03.540+0000] {dag.py:2585} INFO - Sync 1 DAGs
[2024-07-31T12:21:03.577+0000] {logging_mixin.py:120} INFO - [2024-07-31T12:21:03.577+0000] {dag.py:3340} INFO - Setting next_dagrun for example_bash_operator to 2024-07-30T00:00:00+00:00, run_after=2024-07-31T00:00:00+00:00
[2024-07-31T12:21:03.691+0000] {processor.py:176} INFO - Processing /home/airflow/.local/lib/python3.7/site-packages/airflow/example_dags/example_bash_operator.py took 0.394 seconds
[2024-07-31T12:21:34.996+0000] {processor.py:154} INFO - Started process (PID=1127) to work on /home/airflow/.local/lib/python3.7/site-packages/airflow/example_dags/example_bash_operator.py
[2024-07-31T12:21:34.998+0000] {processor.py:756} INFO - Processing file /home/airflow/.local/lib/python3.7/site-packages/airflow/example_dags/example_bash_operator.py for tasks to queue
[2024-07-31T12:21:34.999+0000] {logging_mixin.py:120} INFO - [2024-07-31T12:21:34.999+0000] {dagbag.py:537} INFO - Filling up the DagBag from /home/airflow/.local/lib/python3.7/site-packages/airflow/example_dags/example_bash_operator.py
[2024-07-31T12:21:35.021+0000] {processor.py:766} INFO - DAG(s) dict_keys(['example_bash_operator']) retrieved from /home/airflow/.local/lib/python3.7/site-packages/airflow/example_dags/example_bash_operator.py
[2024-07-31T12:21:35.072+0000] {logging_mixin.py:120} INFO - [2024-07-31T12:21:35.072+0000] {dag.py:2585} INFO - Sync 1 DAGs
[2024-07-31T12:21:35.107+0000] {logging_mixin.py:120} INFO - [2024-07-31T12:21:35.107+0000] {dag.py:3340} INFO - Setting next_dagrun for example_bash_operator to 2024-07-30T00:00:00+00:00, run_after=2024-07-31T00:00:00+00:00
[2024-07-31T12:21:35.144+0000] {processor.py:176} INFO - Processing /home/airflow/.local/lib/python3.7/site-packages/airflow/example_dags/example_bash_operator.py took 0.152 seconds
[2024-07-31T12:22:06.670+0000] {processor.py:154} INFO - Started process (PID=1181) to work on /home/airflow/.local/lib/python3.7/site-packages/airflow/example_dags/example_bash_operator.py
[2024-07-31T12:22:06.888+0000] {processor.py:756} INFO - Processing file /home/airflow/.local/lib/python3.7/site-packages/airflow/example_dags/example_bash_operator.py for tasks to queue
[2024-07-31T12:22:07.133+0000] {logging_mixin.py:120} INFO - [2024-07-31T12:22:07.133+0000] {dagbag.py:537} INFO - Filling up the DagBag from /home/airflow/.local/lib/python3.7/site-packages/airflow/example_dags/example_bash_operator.py
[2024-07-31T12:22:07.230+0000] {processor.py:766} INFO - DAG(s) dict_keys(['example_bash_operator']) retrieved from /home/airflow/.local/lib/python3.7/site-packages/airflow/example_dags/example_bash_operator.py
[2024-07-31T12:22:07.368+0000] {logging_mixin.py:120} INFO - [2024-07-31T12:22:07.364+0000] {dag.py:2585} INFO - Sync 1 DAGs
[2024-07-31T12:22:07.458+0000] {logging_mixin.py:120} INFO - [2024-07-31T12:22:07.457+0000] {dag.py:3340} INFO - Setting next_dagrun for example_bash_operator to 2024-07-30T00:00:00+00:00, run_after=2024-07-31T00:00:00+00:00
[2024-07-31T12:22:07.530+0000] {processor.py:176} INFO - Processing /home/airflow/.local/lib/python3.7/site-packages/airflow/example_dags/example_bash_operator.py took 0.863 seconds
[2024-07-31T12:22:38.163+0000] {processor.py:154} INFO - Started process (PID=1244) to work on /home/airflow/.local/lib/python3.7/site-packages/airflow/example_dags/example_bash_operator.py
[2024-07-31T12:22:38.167+0000] {processor.py:756} INFO - Processing file /home/airflow/.local/lib/python3.7/site-packages/airflow/example_dags/example_bash_operator.py for tasks to queue
[2024-07-31T12:22:38.170+0000] {logging_mixin.py:120} INFO - [2024-07-31T12:22:38.170+0000] {dagbag.py:537} INFO - Filling up the DagBag from /home/airflow/.local/lib/python3.7/site-packages/airflow/example_dags/example_bash_operator.py
[2024-07-31T12:22:38.217+0000] {processor.py:766} INFO - DAG(s) dict_keys(['example_bash_operator']) retrieved from /home/airflow/.local/lib/python3.7/site-packages/airflow/example_dags/example_bash_operator.py
[2024-07-31T12:22:38.330+0000] {logging_mixin.py:120} INFO - [2024-07-31T12:22:38.330+0000] {dag.py:2585} INFO - Sync 1 DAGs
[2024-07-31T12:22:38.405+0000] {logging_mixin.py:120} INFO - [2024-07-31T12:22:38.405+0000] {dag.py:3340} INFO - Setting next_dagrun for example_bash_operator to 2024-07-30T00:00:00+00:00, run_after=2024-07-31T00:00:00+00:00
[2024-07-31T12:22:38.475+0000] {processor.py:176} INFO - Processing /home/airflow/.local/lib/python3.7/site-packages/airflow/example_dags/example_bash_operator.py took 0.317 seconds
[2024-07-31T12:23:09.251+0000] {processor.py:154} INFO - Started process (PID=1308) to work on /home/airflow/.local/lib/python3.7/site-packages/airflow/example_dags/example_bash_operator.py
[2024-07-31T12:23:09.253+0000] {processor.py:756} INFO - Processing file /home/airflow/.local/lib/python3.7/site-packages/airflow/example_dags/example_bash_operator.py for tasks to queue
[2024-07-31T12:23:09.254+0000] {logging_mixin.py:120} INFO - [2024-07-31T12:23:09.254+0000] {dagbag.py:537} INFO - Filling up the DagBag from /home/airflow/.local/lib/python3.7/site-packages/airflow/example_dags/example_bash_operator.py
[2024-07-31T12:23:09.292+0000] {processor.py:766} INFO - DAG(s) dict_keys(['example_bash_operator']) retrieved from /home/airflow/.local/lib/python3.7/site-packages/airflow/example_dags/example_bash_operator.py
[2024-07-31T12:23:09.373+0000] {logging_mixin.py:120} INFO - [2024-07-31T12:23:09.373+0000] {dag.py:2585} INFO - Sync 1 DAGs
[2024-07-31T12:23:09.423+0000] {logging_mixin.py:120} INFO - [2024-07-31T12:23:09.422+0000] {dag.py:3340} INFO - Setting next_dagrun for example_bash_operator to 2024-07-30T00:00:00+00:00, run_after=2024-07-31T00:00:00+00:00
[2024-07-31T12:23:09.468+0000] {processor.py:176} INFO - Processing /home/airflow/.local/lib/python3.7/site-packages/airflow/example_dags/example_bash_operator.py took 0.222 seconds
[2024-07-31T12:23:39.552+0000] {processor.py:154} INFO - Started process (PID=1362) to work on /home/airflow/.local/lib/python3.7/site-packages/airflow/example_dags/example_bash_operator.py
[2024-07-31T12:23:39.554+0000] {processor.py:756} INFO - Processing file /home/airflow/.local/lib/python3.7/site-packages/airflow/example_dags/example_bash_operator.py for tasks to queue
[2024-07-31T12:23:39.555+0000] {logging_mixin.py:120} INFO - [2024-07-31T12:23:39.555+0000] {dagbag.py:537} INFO - Filling up the DagBag from /home/airflow/.local/lib/python3.7/site-packages/airflow/example_dags/example_bash_operator.py
[2024-07-31T12:23:39.584+0000] {processor.py:766} INFO - DAG(s) dict_keys(['example_bash_operator']) retrieved from /home/airflow/.local/lib/python3.7/site-packages/airflow/example_dags/example_bash_operator.py
[2024-07-31T12:23:39.642+0000] {logging_mixin.py:120} INFO - [2024-07-31T12:23:39.642+0000] {dag.py:2585} INFO - Sync 1 DAGs
[2024-07-31T12:23:39.673+0000] {logging_mixin.py:120} INFO - [2024-07-31T12:23:39.673+0000] {dag.py:3340} INFO - Setting next_dagrun for example_bash_operator to 2024-07-30T00:00:00+00:00, run_after=2024-07-31T00:00:00+00:00
[2024-07-31T12:23:39.697+0000] {processor.py:176} INFO - Processing /home/airflow/.local/lib/python3.7/site-packages/airflow/example_dags/example_bash_operator.py took 0.149 seconds
[2024-07-31T12:24:10.579+0000] {processor.py:154} INFO - Started process (PID=1425) to work on /home/airflow/.local/lib/python3.7/site-packages/airflow/example_dags/example_bash_operator.py
[2024-07-31T12:24:10.695+0000] {processor.py:756} INFO - Processing file /home/airflow/.local/lib/python3.7/site-packages/airflow/example_dags/example_bash_operator.py for tasks to queue
[2024-07-31T12:24:10.768+0000] {logging_mixin.py:120} INFO - [2024-07-31T12:24:10.768+0000] {dagbag.py:537} INFO - Filling up the DagBag from /home/airflow/.local/lib/python3.7/site-packages/airflow/example_dags/example_bash_operator.py
[2024-07-31T12:24:10.844+0000] {processor.py:766} INFO - DAG(s) dict_keys(['example_bash_operator']) retrieved from /home/airflow/.local/lib/python3.7/site-packages/airflow/example_dags/example_bash_operator.py
[2024-07-31T12:24:10.997+0000] {logging_mixin.py:120} INFO - [2024-07-31T12:24:10.996+0000] {dag.py:2585} INFO - Sync 1 DAGs
[2024-07-31T12:24:11.066+0000] {logging_mixin.py:120} INFO - [2024-07-31T12:24:11.066+0000] {dag.py:3340} INFO - Setting next_dagrun for example_bash_operator to 2024-07-30T00:00:00+00:00, run_after=2024-07-31T00:00:00+00:00
[2024-07-31T12:24:11.538+0000] {processor.py:176} INFO - Processing /home/airflow/.local/lib/python3.7/site-packages/airflow/example_dags/example_bash_operator.py took 0.965 seconds
[2024-07-31T12:24:42.228+0000] {processor.py:154} INFO - Started process (PID=1480) to work on /home/airflow/.local/lib/python3.7/site-packages/airflow/example_dags/example_bash_operator.py
[2024-07-31T12:24:42.254+0000] {processor.py:756} INFO - Processing file /home/airflow/.local/lib/python3.7/site-packages/airflow/example_dags/example_bash_operator.py for tasks to queue
[2024-07-31T12:24:42.275+0000] {logging_mixin.py:120} INFO - [2024-07-31T12:24:42.275+0000] {dagbag.py:537} INFO - Filling up the DagBag from /home/airflow/.local/lib/python3.7/site-packages/airflow/example_dags/example_bash_operator.py
[2024-07-31T12:24:42.311+0000] {processor.py:766} INFO - DAG(s) dict_keys(['example_bash_operator']) retrieved from /home/airflow/.local/lib/python3.7/site-packages/airflow/example_dags/example_bash_operator.py
[2024-07-31T12:24:42.366+0000] {logging_mixin.py:120} INFO - [2024-07-31T12:24:42.366+0000] {dag.py:2585} INFO - Sync 1 DAGs
[2024-07-31T12:24:42.437+0000] {logging_mixin.py:120} INFO - [2024-07-31T12:24:42.437+0000] {dag.py:3340} INFO - Setting next_dagrun for example_bash_operator to 2024-07-30T00:00:00+00:00, run_after=2024-07-31T00:00:00+00:00
[2024-07-31T12:24:42.480+0000] {processor.py:176} INFO - Processing /home/airflow/.local/lib/python3.7/site-packages/airflow/example_dags/example_bash_operator.py took 0.256 seconds
[2024-07-31T12:25:12.968+0000] {processor.py:154} INFO - Started process (PID=1540) to work on /home/airflow/.local/lib/python3.7/site-packages/airflow/example_dags/example_bash_operator.py
[2024-07-31T12:25:12.970+0000] {processor.py:756} INFO - Processing file /home/airflow/.local/lib/python3.7/site-packages/airflow/example_dags/example_bash_operator.py for tasks to queue
[2024-07-31T12:25:12.972+0000] {logging_mixin.py:120} INFO - [2024-07-31T12:25:12.971+0000] {dagbag.py:537} INFO - Filling up the DagBag from /home/airflow/.local/lib/python3.7/site-packages/airflow/example_dags/example_bash_operator.py
[2024-07-31T12:25:13.003+0000] {processor.py:766} INFO - DAG(s) dict_keys(['example_bash_operator']) retrieved from /home/airflow/.local/lib/python3.7/site-packages/airflow/example_dags/example_bash_operator.py
[2024-07-31T12:25:13.143+0000] {logging_mixin.py:120} INFO - [2024-07-31T12:25:13.142+0000] {dag.py:2585} INFO - Sync 1 DAGs
[2024-07-31T12:25:13.240+0000] {logging_mixin.py:120} INFO - [2024-07-31T12:25:13.240+0000] {dag.py:3340} INFO - Setting next_dagrun for example_bash_operator to 2024-07-30T00:00:00+00:00, run_after=2024-07-31T00:00:00+00:00
[2024-07-31T12:25:13.359+0000] {processor.py:176} INFO - Processing /home/airflow/.local/lib/python3.7/site-packages/airflow/example_dags/example_bash_operator.py took 0.394 seconds
[2024-07-31T12:25:43.712+0000] {processor.py:154} INFO - Started process (PID=1603) to work on /home/airflow/.local/lib/python3.7/site-packages/airflow/example_dags/example_bash_operator.py
[2024-07-31T12:25:43.713+0000] {processor.py:756} INFO - Processing file /home/airflow/.local/lib/python3.7/site-packages/airflow/example_dags/example_bash_operator.py for tasks to queue
[2024-07-31T12:25:43.715+0000] {logging_mixin.py:120} INFO - [2024-07-31T12:25:43.715+0000] {dagbag.py:537} INFO - Filling up the DagBag from /home/airflow/.local/lib/python3.7/site-packages/airflow/example_dags/example_bash_operator.py
[2024-07-31T12:25:43.746+0000] {processor.py:766} INFO - DAG(s) dict_keys(['example_bash_operator']) retrieved from /home/airflow/.local/lib/python3.7/site-packages/airflow/example_dags/example_bash_operator.py
[2024-07-31T12:25:43.802+0000] {logging_mixin.py:120} INFO - [2024-07-31T12:25:43.801+0000] {dag.py:2585} INFO - Sync 1 DAGs
[2024-07-31T12:25:43.839+0000] {logging_mixin.py:120} INFO - [2024-07-31T12:25:43.839+0000] {dag.py:3340} INFO - Setting next_dagrun for example_bash_operator to 2024-07-30T00:00:00+00:00, run_after=2024-07-31T00:00:00+00:00
[2024-07-31T12:25:43.868+0000] {processor.py:176} INFO - Processing /home/airflow/.local/lib/python3.7/site-packages/airflow/example_dags/example_bash_operator.py took 0.165 seconds
[2024-07-31T12:26:14.112+0000] {processor.py:154} INFO - Started process (PID=1657) to work on /home/airflow/.local/lib/python3.7/site-packages/airflow/example_dags/example_bash_operator.py
[2024-07-31T12:26:14.119+0000] {processor.py:756} INFO - Processing file /home/airflow/.local/lib/python3.7/site-packages/airflow/example_dags/example_bash_operator.py for tasks to queue
[2024-07-31T12:26:14.120+0000] {logging_mixin.py:120} INFO - [2024-07-31T12:26:14.120+0000] {dagbag.py:537} INFO - Filling up the DagBag from /home/airflow/.local/lib/python3.7/site-packages/airflow/example_dags/example_bash_operator.py
[2024-07-31T12:26:14.157+0000] {processor.py:766} INFO - DAG(s) dict_keys(['example_bash_operator']) retrieved from /home/airflow/.local/lib/python3.7/site-packages/airflow/example_dags/example_bash_operator.py
[2024-07-31T12:26:14.222+0000] {logging_mixin.py:120} INFO - [2024-07-31T12:26:14.222+0000] {dag.py:2585} INFO - Sync 1 DAGs
[2024-07-31T12:26:14.251+0000] {logging_mixin.py:120} INFO - [2024-07-31T12:26:14.251+0000] {dag.py:3340} INFO - Setting next_dagrun for example_bash_operator to 2024-07-30T00:00:00+00:00, run_after=2024-07-31T00:00:00+00:00
[2024-07-31T12:26:14.281+0000] {processor.py:176} INFO - Processing /home/airflow/.local/lib/python3.7/site-packages/airflow/example_dags/example_bash_operator.py took 0.172 seconds
[2024-07-31T12:26:44.895+0000] {processor.py:154} INFO - Started process (PID=1720) to work on /home/airflow/.local/lib/python3.7/site-packages/airflow/example_dags/example_bash_operator.py
[2024-07-31T12:26:44.907+0000] {processor.py:756} INFO - Processing file /home/airflow/.local/lib/python3.7/site-packages/airflow/example_dags/example_bash_operator.py for tasks to queue
[2024-07-31T12:26:44.974+0000] {logging_mixin.py:120} INFO - [2024-07-31T12:26:44.974+0000] {dagbag.py:537} INFO - Filling up the DagBag from /home/airflow/.local/lib/python3.7/site-packages/airflow/example_dags/example_bash_operator.py
[2024-07-31T12:26:45.092+0000] {processor.py:766} INFO - DAG(s) dict_keys(['example_bash_operator']) retrieved from /home/airflow/.local/lib/python3.7/site-packages/airflow/example_dags/example_bash_operator.py
[2024-07-31T12:26:45.147+0000] {logging_mixin.py:120} INFO - [2024-07-31T12:26:45.147+0000] {dag.py:2585} INFO - Sync 1 DAGs
[2024-07-31T12:26:45.175+0000] {logging_mixin.py:120} INFO - [2024-07-31T12:26:45.175+0000] {dag.py:3340} INFO - Setting next_dagrun for example_bash_operator to 2024-07-30T00:00:00+00:00, run_after=2024-07-31T00:00:00+00:00
[2024-07-31T12:26:45.217+0000] {processor.py:176} INFO - Processing /home/airflow/.local/lib/python3.7/site-packages/airflow/example_dags/example_bash_operator.py took 0.328 seconds
[2024-07-31T12:27:16.205+0000] {processor.py:154} INFO - Started process (PID=1783) to work on /home/airflow/.local/lib/python3.7/site-packages/airflow/example_dags/example_bash_operator.py
[2024-07-31T12:27:16.210+0000] {processor.py:756} INFO - Processing file /home/airflow/.local/lib/python3.7/site-packages/airflow/example_dags/example_bash_operator.py for tasks to queue
[2024-07-31T12:27:16.213+0000] {logging_mixin.py:120} INFO - [2024-07-31T12:27:16.212+0000] {dagbag.py:537} INFO - Filling up the DagBag from /home/airflow/.local/lib/python3.7/site-packages/airflow/example_dags/example_bash_operator.py
[2024-07-31T12:27:16.252+0000] {processor.py:766} INFO - DAG(s) dict_keys(['example_bash_operator']) retrieved from /home/airflow/.local/lib/python3.7/site-packages/airflow/example_dags/example_bash_operator.py
[2024-07-31T12:27:16.373+0000] {logging_mixin.py:120} INFO - [2024-07-31T12:27:16.373+0000] {dag.py:2585} INFO - Sync 1 DAGs
[2024-07-31T12:27:16.417+0000] {logging_mixin.py:120} INFO - [2024-07-31T12:27:16.417+0000] {dag.py:3340} INFO - Setting next_dagrun for example_bash_operator to 2024-07-30T00:00:00+00:00, run_after=2024-07-31T00:00:00+00:00
[2024-07-31T12:27:16.457+0000] {processor.py:176} INFO - Processing /home/airflow/.local/lib/python3.7/site-packages/airflow/example_dags/example_bash_operator.py took 0.254 seconds
[2024-07-31T12:27:46.866+0000] {processor.py:154} INFO - Started process (PID=1838) to work on /home/airflow/.local/lib/python3.7/site-packages/airflow/example_dags/example_bash_operator.py
[2024-07-31T12:27:46.867+0000] {processor.py:756} INFO - Processing file /home/airflow/.local/lib/python3.7/site-packages/airflow/example_dags/example_bash_operator.py for tasks to queue
[2024-07-31T12:27:46.868+0000] {logging_mixin.py:120} INFO - [2024-07-31T12:27:46.868+0000] {dagbag.py:537} INFO - Filling up the DagBag from /home/airflow/.local/lib/python3.7/site-packages/airflow/example_dags/example_bash_operator.py
[2024-07-31T12:27:46.898+0000] {processor.py:766} INFO - DAG(s) dict_keys(['example_bash_operator']) retrieved from /home/airflow/.local/lib/python3.7/site-packages/airflow/example_dags/example_bash_operator.py
[2024-07-31T12:27:47.001+0000] {logging_mixin.py:120} INFO - [2024-07-31T12:27:47.001+0000] {dag.py:2585} INFO - Sync 1 DAGs
[2024-07-31T12:27:47.050+0000] {logging_mixin.py:120} INFO - [2024-07-31T12:27:47.050+0000] {dag.py:3340} INFO - Setting next_dagrun for example_bash_operator to 2024-07-30T00:00:00+00:00, run_after=2024-07-31T00:00:00+00:00
[2024-07-31T12:27:47.078+0000] {processor.py:176} INFO - Processing /home/airflow/.local/lib/python3.7/site-packages/airflow/example_dags/example_bash_operator.py took 0.216 seconds
[2024-07-31T12:28:18.010+0000] {processor.py:154} INFO - Started process (PID=1902) to work on /home/airflow/.local/lib/python3.7/site-packages/airflow/example_dags/example_bash_operator.py
[2024-07-31T12:28:18.012+0000] {processor.py:756} INFO - Processing file /home/airflow/.local/lib/python3.7/site-packages/airflow/example_dags/example_bash_operator.py for tasks to queue
[2024-07-31T12:28:18.013+0000] {logging_mixin.py:120} INFO - [2024-07-31T12:28:18.013+0000] {dagbag.py:537} INFO - Filling up the DagBag from /home/airflow/.local/lib/python3.7/site-packages/airflow/example_dags/example_bash_operator.py
[2024-07-31T12:28:18.054+0000] {processor.py:766} INFO - DAG(s) dict_keys(['example_bash_operator']) retrieved from /home/airflow/.local/lib/python3.7/site-packages/airflow/example_dags/example_bash_operator.py
[2024-07-31T12:28:18.139+0000] {logging_mixin.py:120} INFO - [2024-07-31T12:28:18.139+0000] {dag.py:2585} INFO - Sync 1 DAGs
[2024-07-31T12:28:18.189+0000] {logging_mixin.py:120} INFO - [2024-07-31T12:28:18.188+0000] {dag.py:3340} INFO - Setting next_dagrun for example_bash_operator to 2024-07-30T00:00:00+00:00, run_after=2024-07-31T00:00:00+00:00
[2024-07-31T12:28:18.231+0000] {processor.py:176} INFO - Processing /home/airflow/.local/lib/python3.7/site-packages/airflow/example_dags/example_bash_operator.py took 0.225 seconds
[2024-07-31T12:28:48.839+0000] {processor.py:154} INFO - Started process (PID=1956) to work on /home/airflow/.local/lib/python3.7/site-packages/airflow/example_dags/example_bash_operator.py
[2024-07-31T12:28:48.908+0000] {processor.py:756} INFO - Processing file /home/airflow/.local/lib/python3.7/site-packages/airflow/example_dags/example_bash_operator.py for tasks to queue
[2024-07-31T12:28:48.928+0000] {logging_mixin.py:120} INFO - [2024-07-31T12:28:48.928+0000] {dagbag.py:537} INFO - Filling up the DagBag from /home/airflow/.local/lib/python3.7/site-packages/airflow/example_dags/example_bash_operator.py
[2024-07-31T12:28:48.955+0000] {processor.py:766} INFO - DAG(s) dict_keys(['example_bash_operator']) retrieved from /home/airflow/.local/lib/python3.7/site-packages/airflow/example_dags/example_bash_operator.py
[2024-07-31T12:28:49.027+0000] {logging_mixin.py:120} INFO - [2024-07-31T12:28:49.027+0000] {dag.py:2585} INFO - Sync 1 DAGs
[2024-07-31T12:28:49.155+0000] {logging_mixin.py:120} INFO - [2024-07-31T12:28:49.154+0000] {dag.py:3340} INFO - Setting next_dagrun for example_bash_operator to 2024-07-30T00:00:00+00:00, run_after=2024-07-31T00:00:00+00:00
[2024-07-31T12:28:49.299+0000] {processor.py:176} INFO - Processing /home/airflow/.local/lib/python3.7/site-packages/airflow/example_dags/example_bash_operator.py took 0.464 seconds
[2024-07-31T12:29:20.060+0000] {processor.py:154} INFO - Started process (PID=2019) to work on /home/airflow/.local/lib/python3.7/site-packages/airflow/example_dags/example_bash_operator.py
[2024-07-31T12:29:20.061+0000] {processor.py:756} INFO - Processing file /home/airflow/.local/lib/python3.7/site-packages/airflow/example_dags/example_bash_operator.py for tasks to queue
[2024-07-31T12:29:20.062+0000] {logging_mixin.py:120} INFO - [2024-07-31T12:29:20.062+0000] {dagbag.py:537} INFO - Filling up the DagBag from /home/airflow/.local/lib/python3.7/site-packages/airflow/example_dags/example_bash_operator.py
[2024-07-31T12:29:20.083+0000] {processor.py:766} INFO - DAG(s) dict_keys(['example_bash_operator']) retrieved from /home/airflow/.local/lib/python3.7/site-packages/airflow/example_dags/example_bash_operator.py
[2024-07-31T12:29:20.141+0000] {logging_mixin.py:120} INFO - [2024-07-31T12:29:20.141+0000] {dag.py:2585} INFO - Sync 1 DAGs
[2024-07-31T12:29:20.171+0000] {logging_mixin.py:120} INFO - [2024-07-31T12:29:20.171+0000] {dag.py:3340} INFO - Setting next_dagrun for example_bash_operator to 2024-07-30T00:00:00+00:00, run_after=2024-07-31T00:00:00+00:00
[2024-07-31T12:29:20.198+0000] {processor.py:176} INFO - Processing /home/airflow/.local/lib/python3.7/site-packages/airflow/example_dags/example_bash_operator.py took 0.142 seconds
[2024-07-31T12:29:51.254+0000] {processor.py:154} INFO - Started process (PID=2083) to work on /home/airflow/.local/lib/python3.7/site-packages/airflow/example_dags/example_bash_operator.py
[2024-07-31T12:29:51.263+0000] {processor.py:756} INFO - Processing file /home/airflow/.local/lib/python3.7/site-packages/airflow/example_dags/example_bash_operator.py for tasks to queue
[2024-07-31T12:29:51.264+0000] {logging_mixin.py:120} INFO - [2024-07-31T12:29:51.263+0000] {dagbag.py:537} INFO - Filling up the DagBag from /home/airflow/.local/lib/python3.7/site-packages/airflow/example_dags/example_bash_operator.py
[2024-07-31T12:29:51.304+0000] {processor.py:766} INFO - DAG(s) dict_keys(['example_bash_operator']) retrieved from /home/airflow/.local/lib/python3.7/site-packages/airflow/example_dags/example_bash_operator.py
[2024-07-31T12:29:51.369+0000] {logging_mixin.py:120} INFO - [2024-07-31T12:29:51.369+0000] {dag.py:2585} INFO - Sync 1 DAGs
[2024-07-31T12:29:51.448+0000] {logging_mixin.py:120} INFO - [2024-07-31T12:29:51.447+0000] {dag.py:3340} INFO - Setting next_dagrun for example_bash_operator to 2024-07-30T00:00:00+00:00, run_after=2024-07-31T00:00:00+00:00
[2024-07-31T12:29:51.686+0000] {processor.py:176} INFO - Processing /home/airflow/.local/lib/python3.7/site-packages/airflow/example_dags/example_bash_operator.py took 0.435 seconds
[2024-07-31T12:30:22.210+0000] {processor.py:154} INFO - Started process (PID=2137) to work on /home/airflow/.local/lib/python3.7/site-packages/airflow/example_dags/example_bash_operator.py
[2024-07-31T12:30:22.212+0000] {processor.py:756} INFO - Processing file /home/airflow/.local/lib/python3.7/site-packages/airflow/example_dags/example_bash_operator.py for tasks to queue
[2024-07-31T12:30:22.212+0000] {logging_mixin.py:120} INFO - [2024-07-31T12:30:22.212+0000] {dagbag.py:537} INFO - Filling up the DagBag from /home/airflow/.local/lib/python3.7/site-packages/airflow/example_dags/example_bash_operator.py
[2024-07-31T12:30:22.247+0000] {processor.py:766} INFO - DAG(s) dict_keys(['example_bash_operator']) retrieved from /home/airflow/.local/lib/python3.7/site-packages/airflow/example_dags/example_bash_operator.py
[2024-07-31T12:30:22.302+0000] {logging_mixin.py:120} INFO - [2024-07-31T12:30:22.301+0000] {dag.py:2585} INFO - Sync 1 DAGs
[2024-07-31T12:30:22.334+0000] {logging_mixin.py:120} INFO - [2024-07-31T12:30:22.334+0000] {dag.py:3340} INFO - Setting next_dagrun for example_bash_operator to 2024-07-30T00:00:00+00:00, run_after=2024-07-31T00:00:00+00:00
[2024-07-31T12:30:22.362+0000] {processor.py:176} INFO - Processing /home/airflow/.local/lib/python3.7/site-packages/airflow/example_dags/example_bash_operator.py took 0.155 seconds
[2024-07-31T12:30:53.031+0000] {processor.py:154} INFO - Started process (PID=2199) to work on /home/airflow/.local/lib/python3.7/site-packages/airflow/example_dags/example_bash_operator.py
[2024-07-31T12:30:53.033+0000] {processor.py:756} INFO - Processing file /home/airflow/.local/lib/python3.7/site-packages/airflow/example_dags/example_bash_operator.py for tasks to queue
[2024-07-31T12:30:53.035+0000] {logging_mixin.py:120} INFO - [2024-07-31T12:30:53.034+0000] {dagbag.py:537} INFO - Filling up the DagBag from /home/airflow/.local/lib/python3.7/site-packages/airflow/example_dags/example_bash_operator.py
[2024-07-31T12:30:53.075+0000] {processor.py:766} INFO - DAG(s) dict_keys(['example_bash_operator']) retrieved from /home/airflow/.local/lib/python3.7/site-packages/airflow/example_dags/example_bash_operator.py
[2024-07-31T12:30:53.121+0000] {logging_mixin.py:120} INFO - [2024-07-31T12:30:53.121+0000] {dag.py:2585} INFO - Sync 1 DAGs
[2024-07-31T12:30:53.151+0000] {logging_mixin.py:120} INFO - [2024-07-31T12:30:53.151+0000] {dag.py:3340} INFO - Setting next_dagrun for example_bash_operator to 2024-07-30T00:00:00+00:00, run_after=2024-07-31T00:00:00+00:00
[2024-07-31T12:30:53.178+0000] {processor.py:176} INFO - Processing /home/airflow/.local/lib/python3.7/site-packages/airflow/example_dags/example_bash_operator.py took 0.151 seconds
[2024-07-31T12:31:23.840+0000] {processor.py:154} INFO - Started process (PID=2262) to work on /home/airflow/.local/lib/python3.7/site-packages/airflow/example_dags/example_bash_operator.py
[2024-07-31T12:31:23.841+0000] {processor.py:756} INFO - Processing file /home/airflow/.local/lib/python3.7/site-packages/airflow/example_dags/example_bash_operator.py for tasks to queue
[2024-07-31T12:31:23.842+0000] {logging_mixin.py:120} INFO - [2024-07-31T12:31:23.842+0000] {dagbag.py:537} INFO - Filling up the DagBag from /home/airflow/.local/lib/python3.7/site-packages/airflow/example_dags/example_bash_operator.py
[2024-07-31T12:31:23.870+0000] {processor.py:766} INFO - DAG(s) dict_keys(['example_bash_operator']) retrieved from /home/airflow/.local/lib/python3.7/site-packages/airflow/example_dags/example_bash_operator.py
[2024-07-31T12:31:23.923+0000] {logging_mixin.py:120} INFO - [2024-07-31T12:31:23.923+0000] {dag.py:2585} INFO - Sync 1 DAGs
[2024-07-31T12:31:23.962+0000] {logging_mixin.py:120} INFO - [2024-07-31T12:31:23.962+0000] {dag.py:3340} INFO - Setting next_dagrun for example_bash_operator to 2024-07-30T00:00:00+00:00, run_after=2024-07-31T00:00:00+00:00
[2024-07-31T12:31:24.001+0000] {processor.py:176} INFO - Processing /home/airflow/.local/lib/python3.7/site-packages/airflow/example_dags/example_bash_operator.py took 0.165 seconds
[2024-07-31T12:31:54.600+0000] {processor.py:154} INFO - Started process (PID=2317) to work on /home/airflow/.local/lib/python3.7/site-packages/airflow/example_dags/example_bash_operator.py
[2024-07-31T12:31:54.602+0000] {processor.py:756} INFO - Processing file /home/airflow/.local/lib/python3.7/site-packages/airflow/example_dags/example_bash_operator.py for tasks to queue
[2024-07-31T12:31:54.605+0000] {logging_mixin.py:120} INFO - [2024-07-31T12:31:54.605+0000] {dagbag.py:537} INFO - Filling up the DagBag from /home/airflow/.local/lib/python3.7/site-packages/airflow/example_dags/example_bash_operator.py
[2024-07-31T12:31:54.626+0000] {processor.py:766} INFO - DAG(s) dict_keys(['example_bash_operator']) retrieved from /home/airflow/.local/lib/python3.7/site-packages/airflow/example_dags/example_bash_operator.py
[2024-07-31T12:31:54.681+0000] {logging_mixin.py:120} INFO - [2024-07-31T12:31:54.681+0000] {dag.py:2585} INFO - Sync 1 DAGs
[2024-07-31T12:31:54.791+0000] {logging_mixin.py:120} INFO - [2024-07-31T12:31:54.790+0000] {dag.py:3340} INFO - Setting next_dagrun for example_bash_operator to 2024-07-30T00:00:00+00:00, run_after=2024-07-31T00:00:00+00:00
[2024-07-31T12:31:54.930+0000] {processor.py:176} INFO - Processing /home/airflow/.local/lib/python3.7/site-packages/airflow/example_dags/example_bash_operator.py took 0.335 seconds
[2024-07-31T12:32:25.781+0000] {processor.py:154} INFO - Started process (PID=2380) to work on /home/airflow/.local/lib/python3.7/site-packages/airflow/example_dags/example_bash_operator.py
[2024-07-31T12:32:25.782+0000] {processor.py:756} INFO - Processing file /home/airflow/.local/lib/python3.7/site-packages/airflow/example_dags/example_bash_operator.py for tasks to queue
[2024-07-31T12:32:25.783+0000] {logging_mixin.py:120} INFO - [2024-07-31T12:32:25.783+0000] {dagbag.py:537} INFO - Filling up the DagBag from /home/airflow/.local/lib/python3.7/site-packages/airflow/example_dags/example_bash_operator.py
[2024-07-31T12:32:25.817+0000] {processor.py:766} INFO - DAG(s) dict_keys(['example_bash_operator']) retrieved from /home/airflow/.local/lib/python3.7/site-packages/airflow/example_dags/example_bash_operator.py
[2024-07-31T12:32:25.885+0000] {logging_mixin.py:120} INFO - [2024-07-31T12:32:25.884+0000] {dag.py:2585} INFO - Sync 1 DAGs
[2024-07-31T12:32:25.953+0000] {logging_mixin.py:120} INFO - [2024-07-31T12:32:25.953+0000] {dag.py:3340} INFO - Setting next_dagrun for example_bash_operator to 2024-07-30T00:00:00+00:00, run_after=2024-07-31T00:00:00+00:00
[2024-07-31T12:32:25.993+0000] {processor.py:176} INFO - Processing /home/airflow/.local/lib/python3.7/site-packages/airflow/example_dags/example_bash_operator.py took 0.216 seconds
[2024-07-31T12:32:56.549+0000] {processor.py:154} INFO - Started process (PID=2434) to work on /home/airflow/.local/lib/python3.7/site-packages/airflow/example_dags/example_bash_operator.py
[2024-07-31T12:32:56.550+0000] {processor.py:756} INFO - Processing file /home/airflow/.local/lib/python3.7/site-packages/airflow/example_dags/example_bash_operator.py for tasks to queue
[2024-07-31T12:32:56.551+0000] {logging_mixin.py:120} INFO - [2024-07-31T12:32:56.550+0000] {dagbag.py:537} INFO - Filling up the DagBag from /home/airflow/.local/lib/python3.7/site-packages/airflow/example_dags/example_bash_operator.py
[2024-07-31T12:32:56.579+0000] {processor.py:766} INFO - DAG(s) dict_keys(['example_bash_operator']) retrieved from /home/airflow/.local/lib/python3.7/site-packages/airflow/example_dags/example_bash_operator.py
[2024-07-31T12:32:56.633+0000] {logging_mixin.py:120} INFO - [2024-07-31T12:32:56.633+0000] {dag.py:2585} INFO - Sync 1 DAGs
[2024-07-31T12:32:56.659+0000] {logging_mixin.py:120} INFO - [2024-07-31T12:32:56.659+0000] {dag.py:3340} INFO - Setting next_dagrun for example_bash_operator to 2024-07-30T00:00:00+00:00, run_after=2024-07-31T00:00:00+00:00
[2024-07-31T12:32:56.683+0000] {processor.py:176} INFO - Processing /home/airflow/.local/lib/python3.7/site-packages/airflow/example_dags/example_bash_operator.py took 0.137 seconds
[2024-07-31T12:33:26.825+0000] {processor.py:154} INFO - Started process (PID=2497) to work on /home/airflow/.local/lib/python3.7/site-packages/airflow/example_dags/example_bash_operator.py
[2024-07-31T12:33:26.827+0000] {processor.py:756} INFO - Processing file /home/airflow/.local/lib/python3.7/site-packages/airflow/example_dags/example_bash_operator.py for tasks to queue
[2024-07-31T12:33:26.829+0000] {logging_mixin.py:120} INFO - [2024-07-31T12:33:26.828+0000] {dagbag.py:537} INFO - Filling up the DagBag from /home/airflow/.local/lib/python3.7/site-packages/airflow/example_dags/example_bash_operator.py
[2024-07-31T12:33:26.863+0000] {processor.py:766} INFO - DAG(s) dict_keys(['example_bash_operator']) retrieved from /home/airflow/.local/lib/python3.7/site-packages/airflow/example_dags/example_bash_operator.py
[2024-07-31T12:33:26.940+0000] {logging_mixin.py:120} INFO - [2024-07-31T12:33:26.940+0000] {dag.py:2585} INFO - Sync 1 DAGs
[2024-07-31T12:33:26.984+0000] {logging_mixin.py:120} INFO - [2024-07-31T12:33:26.984+0000] {dag.py:3340} INFO - Setting next_dagrun for example_bash_operator to 2024-07-30T00:00:00+00:00, run_after=2024-07-31T00:00:00+00:00
[2024-07-31T12:33:27.025+0000] {processor.py:176} INFO - Processing /home/airflow/.local/lib/python3.7/site-packages/airflow/example_dags/example_bash_operator.py took 0.205 seconds
[2024-07-31T12:33:57.537+0000] {processor.py:154} INFO - Started process (PID=2551) to work on /home/airflow/.local/lib/python3.7/site-packages/airflow/example_dags/example_bash_operator.py
[2024-07-31T12:33:57.538+0000] {processor.py:756} INFO - Processing file /home/airflow/.local/lib/python3.7/site-packages/airflow/example_dags/example_bash_operator.py for tasks to queue
[2024-07-31T12:33:57.539+0000] {logging_mixin.py:120} INFO - [2024-07-31T12:33:57.539+0000] {dagbag.py:537} INFO - Filling up the DagBag from /home/airflow/.local/lib/python3.7/site-packages/airflow/example_dags/example_bash_operator.py
[2024-07-31T12:33:57.573+0000] {processor.py:766} INFO - DAG(s) dict_keys(['example_bash_operator']) retrieved from /home/airflow/.local/lib/python3.7/site-packages/airflow/example_dags/example_bash_operator.py
[2024-07-31T12:33:57.701+0000] {logging_mixin.py:120} INFO - [2024-07-31T12:33:57.701+0000] {dag.py:2585} INFO - Sync 1 DAGs
[2024-07-31T12:33:57.746+0000] {logging_mixin.py:120} INFO - [2024-07-31T12:33:57.746+0000] {dag.py:3340} INFO - Setting next_dagrun for example_bash_operator to 2024-07-30T00:00:00+00:00, run_after=2024-07-31T00:00:00+00:00
[2024-07-31T12:33:57.781+0000] {processor.py:176} INFO - Processing /home/airflow/.local/lib/python3.7/site-packages/airflow/example_dags/example_bash_operator.py took 0.248 seconds
[2024-07-31T12:34:27.913+0000] {processor.py:154} INFO - Started process (PID=2614) to work on /home/airflow/.local/lib/python3.7/site-packages/airflow/example_dags/example_bash_operator.py
[2024-07-31T12:34:27.914+0000] {processor.py:756} INFO - Processing file /home/airflow/.local/lib/python3.7/site-packages/airflow/example_dags/example_bash_operator.py for tasks to queue
[2024-07-31T12:34:27.919+0000] {logging_mixin.py:120} INFO - [2024-07-31T12:34:27.918+0000] {dagbag.py:537} INFO - Filling up the DagBag from /home/airflow/.local/lib/python3.7/site-packages/airflow/example_dags/example_bash_operator.py
[2024-07-31T12:34:27.976+0000] {processor.py:766} INFO - DAG(s) dict_keys(['example_bash_operator']) retrieved from /home/airflow/.local/lib/python3.7/site-packages/airflow/example_dags/example_bash_operator.py
[2024-07-31T12:34:28.071+0000] {logging_mixin.py:120} INFO - [2024-07-31T12:34:28.070+0000] {dag.py:2585} INFO - Sync 1 DAGs
[2024-07-31T12:34:28.114+0000] {logging_mixin.py:120} INFO - [2024-07-31T12:34:28.114+0000] {dag.py:3340} INFO - Setting next_dagrun for example_bash_operator to 2024-07-30T00:00:00+00:00, run_after=2024-07-31T00:00:00+00:00
[2024-07-31T12:34:28.142+0000] {processor.py:176} INFO - Processing /home/airflow/.local/lib/python3.7/site-packages/airflow/example_dags/example_bash_operator.py took 0.240 seconds
[2024-07-31T12:34:58.677+0000] {processor.py:154} INFO - Started process (PID=2677) to work on /home/airflow/.local/lib/python3.7/site-packages/airflow/example_dags/example_bash_operator.py
[2024-07-31T12:34:58.678+0000] {processor.py:756} INFO - Processing file /home/airflow/.local/lib/python3.7/site-packages/airflow/example_dags/example_bash_operator.py for tasks to queue
[2024-07-31T12:34:58.679+0000] {logging_mixin.py:120} INFO - [2024-07-31T12:34:58.679+0000] {dagbag.py:537} INFO - Filling up the DagBag from /home/airflow/.local/lib/python3.7/site-packages/airflow/example_dags/example_bash_operator.py
[2024-07-31T12:34:58.706+0000] {processor.py:766} INFO - DAG(s) dict_keys(['example_bash_operator']) retrieved from /home/airflow/.local/lib/python3.7/site-packages/airflow/example_dags/example_bash_operator.py
[2024-07-31T12:34:58.814+0000] {logging_mixin.py:120} INFO - [2024-07-31T12:34:58.814+0000] {dag.py:2585} INFO - Sync 1 DAGs
[2024-07-31T12:34:58.848+0000] {logging_mixin.py:120} INFO - [2024-07-31T12:34:58.848+0000] {dag.py:3340} INFO - Setting next_dagrun for example_bash_operator to 2024-07-30T00:00:00+00:00, run_after=2024-07-31T00:00:00+00:00
[2024-07-31T12:34:58.891+0000] {processor.py:176} INFO - Processing /home/airflow/.local/lib/python3.7/site-packages/airflow/example_dags/example_bash_operator.py took 0.218 seconds
[2024-07-31T12:35:29.985+0000] {processor.py:154} INFO - Started process (PID=2731) to work on /home/airflow/.local/lib/python3.7/site-packages/airflow/example_dags/example_bash_operator.py
[2024-07-31T12:35:30.029+0000] {processor.py:756} INFO - Processing file /home/airflow/.local/lib/python3.7/site-packages/airflow/example_dags/example_bash_operator.py for tasks to queue
[2024-07-31T12:35:30.058+0000] {logging_mixin.py:120} INFO - [2024-07-31T12:35:30.058+0000] {dagbag.py:537} INFO - Filling up the DagBag from /home/airflow/.local/lib/python3.7/site-packages/airflow/example_dags/example_bash_operator.py
[2024-07-31T12:35:30.142+0000] {processor.py:766} INFO - DAG(s) dict_keys(['example_bash_operator']) retrieved from /home/airflow/.local/lib/python3.7/site-packages/airflow/example_dags/example_bash_operator.py
[2024-07-31T12:35:30.226+0000] {logging_mixin.py:120} INFO - [2024-07-31T12:35:30.226+0000] {dag.py:2585} INFO - Sync 1 DAGs
[2024-07-31T12:35:30.269+0000] {logging_mixin.py:120} INFO - [2024-07-31T12:35:30.269+0000] {dag.py:3340} INFO - Setting next_dagrun for example_bash_operator to 2024-07-30T00:00:00+00:00, run_after=2024-07-31T00:00:00+00:00
[2024-07-31T12:35:30.314+0000] {processor.py:176} INFO - Processing /home/airflow/.local/lib/python3.7/site-packages/airflow/example_dags/example_bash_operator.py took 0.333 seconds
[2024-07-31T12:36:00.851+0000] {processor.py:154} INFO - Started process (PID=2794) to work on /home/airflow/.local/lib/python3.7/site-packages/airflow/example_dags/example_bash_operator.py
[2024-07-31T12:36:00.852+0000] {processor.py:756} INFO - Processing file /home/airflow/.local/lib/python3.7/site-packages/airflow/example_dags/example_bash_operator.py for tasks to queue
[2024-07-31T12:36:00.853+0000] {logging_mixin.py:120} INFO - [2024-07-31T12:36:00.853+0000] {dagbag.py:537} INFO - Filling up the DagBag from /home/airflow/.local/lib/python3.7/site-packages/airflow/example_dags/example_bash_operator.py
[2024-07-31T12:36:00.905+0000] {processor.py:766} INFO - DAG(s) dict_keys(['example_bash_operator']) retrieved from /home/airflow/.local/lib/python3.7/site-packages/airflow/example_dags/example_bash_operator.py
[2024-07-31T12:36:01.056+0000] {logging_mixin.py:120} INFO - [2024-07-31T12:36:01.056+0000] {dag.py:2585} INFO - Sync 1 DAGs
[2024-07-31T12:36:01.214+0000] {logging_mixin.py:120} INFO - [2024-07-31T12:36:01.214+0000] {dag.py:3340} INFO - Setting next_dagrun for example_bash_operator to 2024-07-30T00:00:00+00:00, run_after=2024-07-31T00:00:00+00:00
[2024-07-31T12:36:01.363+0000] {processor.py:176} INFO - Processing /home/airflow/.local/lib/python3.7/site-packages/airflow/example_dags/example_bash_operator.py took 0.515 seconds
[2024-07-31T12:36:31.494+0000] {processor.py:154} INFO - Started process (PID=2849) to work on /home/airflow/.local/lib/python3.7/site-packages/airflow/example_dags/example_bash_operator.py
[2024-07-31T12:36:31.496+0000] {processor.py:756} INFO - Processing file /home/airflow/.local/lib/python3.7/site-packages/airflow/example_dags/example_bash_operator.py for tasks to queue
[2024-07-31T12:36:31.497+0000] {logging_mixin.py:120} INFO - [2024-07-31T12:36:31.497+0000] {dagbag.py:537} INFO - Filling up the DagBag from /home/airflow/.local/lib/python3.7/site-packages/airflow/example_dags/example_bash_operator.py
[2024-07-31T12:36:31.533+0000] {processor.py:766} INFO - DAG(s) dict_keys(['example_bash_operator']) retrieved from /home/airflow/.local/lib/python3.7/site-packages/airflow/example_dags/example_bash_operator.py
[2024-07-31T12:36:31.602+0000] {logging_mixin.py:120} INFO - [2024-07-31T12:36:31.602+0000] {dag.py:2585} INFO - Sync 1 DAGs
[2024-07-31T12:36:31.642+0000] {logging_mixin.py:120} INFO - [2024-07-31T12:36:31.642+0000] {dag.py:3340} INFO - Setting next_dagrun for example_bash_operator to 2024-07-30T00:00:00+00:00, run_after=2024-07-31T00:00:00+00:00
[2024-07-31T12:36:31.684+0000] {processor.py:176} INFO - Processing /home/airflow/.local/lib/python3.7/site-packages/airflow/example_dags/example_bash_operator.py took 0.194 seconds
