[2024-07-31T12:12:25.625+0000] {processor.py:154} INFO - Started process (PID=77) to work on /home/airflow/.local/lib/python3.7/site-packages/airflow/example_dags/example_kubernetes_executor.py
[2024-07-31T12:12:25.627+0000] {processor.py:756} INFO - Processing file /home/airflow/.local/lib/python3.7/site-packages/airflow/example_dags/example_kubernetes_executor.py for tasks to queue
[2024-07-31T12:12:25.630+0000] {logging_mixin.py:120} INFO - [2024-07-31T12:12:25.629+0000] {dagbag.py:537} INFO - Filling up the DagBag from /home/airflow/.local/lib/python3.7/site-packages/airflow/example_dags/example_kubernetes_executor.py
[2024-07-31T12:12:25.699+0000] {processor.py:766} INFO - DAG(s) dict_keys(['example_kubernetes_executor']) retrieved from /home/airflow/.local/lib/python3.7/site-packages/airflow/example_dags/example_kubernetes_executor.py
[2024-07-31T12:12:26.040+0000] {logging_mixin.py:120} INFO - [2024-07-31T12:12:26.040+0000] {manager.py:507} INFO - Created Permission View: can read on DAG:example_kubernetes_executor
[2024-07-31T12:12:26.070+0000] {logging_mixin.py:120} INFO - [2024-07-31T12:12:26.070+0000] {manager.py:507} INFO - Created Permission View: can delete on DAG:example_kubernetes_executor
[2024-07-31T12:12:26.100+0000] {logging_mixin.py:120} INFO - [2024-07-31T12:12:26.100+0000] {manager.py:507} INFO - Created Permission View: can edit on DAG:example_kubernetes_executor
[2024-07-31T12:12:26.102+0000] {logging_mixin.py:120} INFO - [2024-07-31T12:12:26.102+0000] {dag.py:2585} INFO - Sync 1 DAGs
[2024-07-31T12:12:26.139+0000] {logging_mixin.py:120} INFO - [2024-07-31T12:12:26.139+0000] {dag.py:2606} INFO - Creating ORM DAG for example_kubernetes_executor
[2024-07-31T12:12:26.168+0000] {logging_mixin.py:120} INFO - [2024-07-31T12:12:26.168+0000] {dag.py:3340} INFO - Setting next_dagrun for example_kubernetes_executor to None, run_after=None
[2024-07-31T12:12:26.241+0000] {processor.py:176} INFO - Processing /home/airflow/.local/lib/python3.7/site-packages/airflow/example_dags/example_kubernetes_executor.py took 0.630 seconds
[2024-07-31T12:12:56.326+0000] {processor.py:154} INFO - Started process (PID=140) to work on /home/airflow/.local/lib/python3.7/site-packages/airflow/example_dags/example_kubernetes_executor.py
[2024-07-31T12:12:56.328+0000] {processor.py:756} INFO - Processing file /home/airflow/.local/lib/python3.7/site-packages/airflow/example_dags/example_kubernetes_executor.py for tasks to queue
[2024-07-31T12:12:56.329+0000] {logging_mixin.py:120} INFO - [2024-07-31T12:12:56.329+0000] {dagbag.py:537} INFO - Filling up the DagBag from /home/airflow/.local/lib/python3.7/site-packages/airflow/example_dags/example_kubernetes_executor.py
[2024-07-31T12:12:56.359+0000] {processor.py:766} INFO - DAG(s) dict_keys(['example_kubernetes_executor']) retrieved from /home/airflow/.local/lib/python3.7/site-packages/airflow/example_dags/example_kubernetes_executor.py
[2024-07-31T12:12:56.384+0000] {logging_mixin.py:120} INFO - [2024-07-31T12:12:56.384+0000] {dag.py:2585} INFO - Sync 1 DAGs
[2024-07-31T12:12:56.415+0000] {logging_mixin.py:120} INFO - [2024-07-31T12:12:56.415+0000] {dag.py:3340} INFO - Setting next_dagrun for example_kubernetes_executor to None, run_after=None
[2024-07-31T12:12:56.441+0000] {processor.py:176} INFO - Processing /home/airflow/.local/lib/python3.7/site-packages/airflow/example_dags/example_kubernetes_executor.py took 0.119 seconds
[2024-07-31T12:13:27.378+0000] {processor.py:154} INFO - Started process (PID=204) to work on /home/airflow/.local/lib/python3.7/site-packages/airflow/example_dags/example_kubernetes_executor.py
[2024-07-31T12:13:27.379+0000] {processor.py:756} INFO - Processing file /home/airflow/.local/lib/python3.7/site-packages/airflow/example_dags/example_kubernetes_executor.py for tasks to queue
[2024-07-31T12:13:27.380+0000] {logging_mixin.py:120} INFO - [2024-07-31T12:13:27.380+0000] {dagbag.py:537} INFO - Filling up the DagBag from /home/airflow/.local/lib/python3.7/site-packages/airflow/example_dags/example_kubernetes_executor.py
[2024-07-31T12:13:27.444+0000] {processor.py:766} INFO - DAG(s) dict_keys(['example_kubernetes_executor']) retrieved from /home/airflow/.local/lib/python3.7/site-packages/airflow/example_dags/example_kubernetes_executor.py
[2024-07-31T12:13:27.498+0000] {logging_mixin.py:120} INFO - [2024-07-31T12:13:27.498+0000] {dag.py:2585} INFO - Sync 1 DAGs
[2024-07-31T12:13:27.540+0000] {logging_mixin.py:120} INFO - [2024-07-31T12:13:27.540+0000] {dag.py:3340} INFO - Setting next_dagrun for example_kubernetes_executor to None, run_after=None
[2024-07-31T12:13:27.585+0000] {processor.py:176} INFO - Processing /home/airflow/.local/lib/python3.7/site-packages/airflow/example_dags/example_kubernetes_executor.py took 0.209 seconds
[2024-07-31T12:13:57.706+0000] {processor.py:154} INFO - Started process (PID=258) to work on /home/airflow/.local/lib/python3.7/site-packages/airflow/example_dags/example_kubernetes_executor.py
[2024-07-31T12:13:57.708+0000] {processor.py:756} INFO - Processing file /home/airflow/.local/lib/python3.7/site-packages/airflow/example_dags/example_kubernetes_executor.py for tasks to queue
[2024-07-31T12:13:57.710+0000] {logging_mixin.py:120} INFO - [2024-07-31T12:13:57.709+0000] {dagbag.py:537} INFO - Filling up the DagBag from /home/airflow/.local/lib/python3.7/site-packages/airflow/example_dags/example_kubernetes_executor.py
[2024-07-31T12:13:57.746+0000] {processor.py:766} INFO - DAG(s) dict_keys(['example_kubernetes_executor']) retrieved from /home/airflow/.local/lib/python3.7/site-packages/airflow/example_dags/example_kubernetes_executor.py
[2024-07-31T12:13:57.838+0000] {logging_mixin.py:120} INFO - [2024-07-31T12:13:57.838+0000] {dag.py:2585} INFO - Sync 1 DAGs
[2024-07-31T12:13:57.879+0000] {logging_mixin.py:120} INFO - [2024-07-31T12:13:57.878+0000] {dag.py:3340} INFO - Setting next_dagrun for example_kubernetes_executor to None, run_after=None
[2024-07-31T12:13:57.927+0000] {processor.py:176} INFO - Processing /home/airflow/.local/lib/python3.7/site-packages/airflow/example_dags/example_kubernetes_executor.py took 0.225 seconds
[2024-07-31T12:14:28.107+0000] {processor.py:154} INFO - Started process (PID=323) to work on /home/airflow/.local/lib/python3.7/site-packages/airflow/example_dags/example_kubernetes_executor.py
[2024-07-31T12:14:28.109+0000] {processor.py:756} INFO - Processing file /home/airflow/.local/lib/python3.7/site-packages/airflow/example_dags/example_kubernetes_executor.py for tasks to queue
[2024-07-31T12:14:28.111+0000] {logging_mixin.py:120} INFO - [2024-07-31T12:14:28.111+0000] {dagbag.py:537} INFO - Filling up the DagBag from /home/airflow/.local/lib/python3.7/site-packages/airflow/example_dags/example_kubernetes_executor.py
[2024-07-31T12:14:28.167+0000] {processor.py:766} INFO - DAG(s) dict_keys(['example_kubernetes_executor']) retrieved from /home/airflow/.local/lib/python3.7/site-packages/airflow/example_dags/example_kubernetes_executor.py
[2024-07-31T12:14:28.265+0000] {logging_mixin.py:120} INFO - [2024-07-31T12:14:28.265+0000] {dag.py:2585} INFO - Sync 1 DAGs
[2024-07-31T12:14:28.330+0000] {logging_mixin.py:120} INFO - [2024-07-31T12:14:28.329+0000] {dag.py:3340} INFO - Setting next_dagrun for example_kubernetes_executor to None, run_after=None
[2024-07-31T12:14:28.378+0000] {processor.py:176} INFO - Processing /home/airflow/.local/lib/python3.7/site-packages/airflow/example_dags/example_kubernetes_executor.py took 0.274 seconds
[2024-07-31T12:14:59.130+0000] {processor.py:154} INFO - Started process (PID=387) to work on /home/airflow/.local/lib/python3.7/site-packages/airflow/example_dags/example_kubernetes_executor.py
[2024-07-31T12:14:59.132+0000] {processor.py:756} INFO - Processing file /home/airflow/.local/lib/python3.7/site-packages/airflow/example_dags/example_kubernetes_executor.py for tasks to queue
[2024-07-31T12:14:59.133+0000] {logging_mixin.py:120} INFO - [2024-07-31T12:14:59.133+0000] {dagbag.py:537} INFO - Filling up the DagBag from /home/airflow/.local/lib/python3.7/site-packages/airflow/example_dags/example_kubernetes_executor.py
[2024-07-31T12:14:59.174+0000] {processor.py:766} INFO - DAG(s) dict_keys(['example_kubernetes_executor']) retrieved from /home/airflow/.local/lib/python3.7/site-packages/airflow/example_dags/example_kubernetes_executor.py
[2024-07-31T12:14:59.235+0000] {logging_mixin.py:120} INFO - [2024-07-31T12:14:59.234+0000] {dag.py:2585} INFO - Sync 1 DAGs
[2024-07-31T12:14:59.278+0000] {logging_mixin.py:120} INFO - [2024-07-31T12:14:59.278+0000] {dag.py:3340} INFO - Setting next_dagrun for example_kubernetes_executor to None, run_after=None
[2024-07-31T12:14:59.311+0000] {processor.py:176} INFO - Processing /home/airflow/.local/lib/python3.7/site-packages/airflow/example_dags/example_kubernetes_executor.py took 0.185 seconds
[2024-07-31T12:15:30.001+0000] {processor.py:154} INFO - Started process (PID=440) to work on /home/airflow/.local/lib/python3.7/site-packages/airflow/example_dags/example_kubernetes_executor.py
[2024-07-31T12:15:30.003+0000] {processor.py:756} INFO - Processing file /home/airflow/.local/lib/python3.7/site-packages/airflow/example_dags/example_kubernetes_executor.py for tasks to queue
[2024-07-31T12:15:30.004+0000] {logging_mixin.py:120} INFO - [2024-07-31T12:15:30.004+0000] {dagbag.py:537} INFO - Filling up the DagBag from /home/airflow/.local/lib/python3.7/site-packages/airflow/example_dags/example_kubernetes_executor.py
[2024-07-31T12:15:30.047+0000] {processor.py:766} INFO - DAG(s) dict_keys(['example_kubernetes_executor']) retrieved from /home/airflow/.local/lib/python3.7/site-packages/airflow/example_dags/example_kubernetes_executor.py
[2024-07-31T12:15:30.102+0000] {logging_mixin.py:120} INFO - [2024-07-31T12:15:30.102+0000] {dag.py:2585} INFO - Sync 1 DAGs
[2024-07-31T12:15:30.138+0000] {logging_mixin.py:120} INFO - [2024-07-31T12:15:30.138+0000] {dag.py:3340} INFO - Setting next_dagrun for example_kubernetes_executor to None, run_after=None
[2024-07-31T12:15:30.169+0000] {processor.py:176} INFO - Processing /home/airflow/.local/lib/python3.7/site-packages/airflow/example_dags/example_kubernetes_executor.py took 0.172 seconds
[2024-07-31T12:16:00.262+0000] {processor.py:154} INFO - Started process (PID=503) to work on /home/airflow/.local/lib/python3.7/site-packages/airflow/example_dags/example_kubernetes_executor.py
[2024-07-31T12:16:00.264+0000] {processor.py:756} INFO - Processing file /home/airflow/.local/lib/python3.7/site-packages/airflow/example_dags/example_kubernetes_executor.py for tasks to queue
[2024-07-31T12:16:00.265+0000] {logging_mixin.py:120} INFO - [2024-07-31T12:16:00.264+0000] {dagbag.py:537} INFO - Filling up the DagBag from /home/airflow/.local/lib/python3.7/site-packages/airflow/example_dags/example_kubernetes_executor.py
[2024-07-31T12:16:00.297+0000] {processor.py:766} INFO - DAG(s) dict_keys(['example_kubernetes_executor']) retrieved from /home/airflow/.local/lib/python3.7/site-packages/airflow/example_dags/example_kubernetes_executor.py
[2024-07-31T12:16:00.351+0000] {logging_mixin.py:120} INFO - [2024-07-31T12:16:00.350+0000] {dag.py:2585} INFO - Sync 1 DAGs
[2024-07-31T12:16:00.385+0000] {logging_mixin.py:120} INFO - [2024-07-31T12:16:00.384+0000] {dag.py:3340} INFO - Setting next_dagrun for example_kubernetes_executor to None, run_after=None
[2024-07-31T12:16:00.412+0000] {processor.py:176} INFO - Processing /home/airflow/.local/lib/python3.7/site-packages/airflow/example_dags/example_kubernetes_executor.py took 0.153 seconds
[2024-07-31T12:16:34.567+0000] {processor.py:154} INFO - Started process (PID=566) to work on /home/airflow/.local/lib/python3.7/site-packages/airflow/example_dags/example_kubernetes_executor.py
[2024-07-31T12:16:34.570+0000] {processor.py:756} INFO - Processing file /home/airflow/.local/lib/python3.7/site-packages/airflow/example_dags/example_kubernetes_executor.py for tasks to queue
[2024-07-31T12:16:34.571+0000] {logging_mixin.py:120} INFO - [2024-07-31T12:16:34.571+0000] {dagbag.py:537} INFO - Filling up the DagBag from /home/airflow/.local/lib/python3.7/site-packages/airflow/example_dags/example_kubernetes_executor.py
[2024-07-31T12:16:34.607+0000] {processor.py:766} INFO - DAG(s) dict_keys(['example_kubernetes_executor']) retrieved from /home/airflow/.local/lib/python3.7/site-packages/airflow/example_dags/example_kubernetes_executor.py
[2024-07-31T12:16:34.659+0000] {logging_mixin.py:120} INFO - [2024-07-31T12:16:34.659+0000] {dag.py:2585} INFO - Sync 1 DAGs
[2024-07-31T12:16:34.695+0000] {logging_mixin.py:120} INFO - [2024-07-31T12:16:34.695+0000] {dag.py:3340} INFO - Setting next_dagrun for example_kubernetes_executor to None, run_after=None
[2024-07-31T12:16:34.738+0000] {processor.py:176} INFO - Processing /home/airflow/.local/lib/python3.7/site-packages/airflow/example_dags/example_kubernetes_executor.py took 0.174 seconds
[2024-07-31T12:17:07.002+0000] {processor.py:154} INFO - Started process (PID=621) to work on /home/airflow/.local/lib/python3.7/site-packages/airflow/example_dags/example_kubernetes_executor.py
[2024-07-31T12:17:07.004+0000] {processor.py:756} INFO - Processing file /home/airflow/.local/lib/python3.7/site-packages/airflow/example_dags/example_kubernetes_executor.py for tasks to queue
[2024-07-31T12:17:07.006+0000] {logging_mixin.py:120} INFO - [2024-07-31T12:17:07.005+0000] {dagbag.py:537} INFO - Filling up the DagBag from /home/airflow/.local/lib/python3.7/site-packages/airflow/example_dags/example_kubernetes_executor.py
[2024-07-31T12:17:07.051+0000] {processor.py:766} INFO - DAG(s) dict_keys(['example_kubernetes_executor']) retrieved from /home/airflow/.local/lib/python3.7/site-packages/airflow/example_dags/example_kubernetes_executor.py
[2024-07-31T12:17:07.124+0000] {logging_mixin.py:120} INFO - [2024-07-31T12:17:07.124+0000] {dag.py:2585} INFO - Sync 1 DAGs
[2024-07-31T12:17:07.165+0000] {logging_mixin.py:120} INFO - [2024-07-31T12:17:07.165+0000] {dag.py:3340} INFO - Setting next_dagrun for example_kubernetes_executor to None, run_after=None
[2024-07-31T12:17:07.209+0000] {processor.py:176} INFO - Processing /home/airflow/.local/lib/python3.7/site-packages/airflow/example_dags/example_kubernetes_executor.py took 0.211 seconds
[2024-07-31T12:17:37.269+0000] {processor.py:154} INFO - Started process (PID=682) to work on /home/airflow/.local/lib/python3.7/site-packages/airflow/example_dags/example_kubernetes_executor.py
[2024-07-31T12:17:37.271+0000] {processor.py:756} INFO - Processing file /home/airflow/.local/lib/python3.7/site-packages/airflow/example_dags/example_kubernetes_executor.py for tasks to queue
[2024-07-31T12:17:37.272+0000] {logging_mixin.py:120} INFO - [2024-07-31T12:17:37.272+0000] {dagbag.py:537} INFO - Filling up the DagBag from /home/airflow/.local/lib/python3.7/site-packages/airflow/example_dags/example_kubernetes_executor.py
[2024-07-31T12:17:37.306+0000] {processor.py:766} INFO - DAG(s) dict_keys(['example_kubernetes_executor']) retrieved from /home/airflow/.local/lib/python3.7/site-packages/airflow/example_dags/example_kubernetes_executor.py
[2024-07-31T12:17:37.366+0000] {logging_mixin.py:120} INFO - [2024-07-31T12:17:37.365+0000] {dag.py:2585} INFO - Sync 1 DAGs
[2024-07-31T12:17:37.394+0000] {logging_mixin.py:120} INFO - [2024-07-31T12:17:37.393+0000] {dag.py:3340} INFO - Setting next_dagrun for example_kubernetes_executor to None, run_after=None
[2024-07-31T12:17:37.417+0000] {processor.py:176} INFO - Processing /home/airflow/.local/lib/python3.7/site-packages/airflow/example_dags/example_kubernetes_executor.py took 0.152 seconds
[2024-07-31T12:18:09.010+0000] {processor.py:154} INFO - Started process (PID=736) to work on /home/airflow/.local/lib/python3.7/site-packages/airflow/example_dags/example_kubernetes_executor.py
[2024-07-31T12:18:09.011+0000] {processor.py:756} INFO - Processing file /home/airflow/.local/lib/python3.7/site-packages/airflow/example_dags/example_kubernetes_executor.py for tasks to queue
[2024-07-31T12:18:09.013+0000] {logging_mixin.py:120} INFO - [2024-07-31T12:18:09.012+0000] {dagbag.py:537} INFO - Filling up the DagBag from /home/airflow/.local/lib/python3.7/site-packages/airflow/example_dags/example_kubernetes_executor.py
[2024-07-31T12:18:09.109+0000] {processor.py:766} INFO - DAG(s) dict_keys(['example_kubernetes_executor']) retrieved from /home/airflow/.local/lib/python3.7/site-packages/airflow/example_dags/example_kubernetes_executor.py
[2024-07-31T12:18:09.189+0000] {logging_mixin.py:120} INFO - [2024-07-31T12:18:09.189+0000] {dag.py:2585} INFO - Sync 1 DAGs
[2024-07-31T12:18:09.226+0000] {logging_mixin.py:120} INFO - [2024-07-31T12:18:09.226+0000] {dag.py:3340} INFO - Setting next_dagrun for example_kubernetes_executor to None, run_after=None
[2024-07-31T12:18:09.254+0000] {processor.py:176} INFO - Processing /home/airflow/.local/lib/python3.7/site-packages/airflow/example_dags/example_kubernetes_executor.py took 0.250 seconds
[2024-07-31T12:18:39.967+0000] {processor.py:154} INFO - Started process (PID=798) to work on /home/airflow/.local/lib/python3.7/site-packages/airflow/example_dags/example_kubernetes_executor.py
[2024-07-31T12:18:39.969+0000] {processor.py:756} INFO - Processing file /home/airflow/.local/lib/python3.7/site-packages/airflow/example_dags/example_kubernetes_executor.py for tasks to queue
[2024-07-31T12:18:39.970+0000] {logging_mixin.py:120} INFO - [2024-07-31T12:18:39.970+0000] {dagbag.py:537} INFO - Filling up the DagBag from /home/airflow/.local/lib/python3.7/site-packages/airflow/example_dags/example_kubernetes_executor.py
[2024-07-31T12:18:40.010+0000] {processor.py:766} INFO - DAG(s) dict_keys(['example_kubernetes_executor']) retrieved from /home/airflow/.local/lib/python3.7/site-packages/airflow/example_dags/example_kubernetes_executor.py
[2024-07-31T12:18:40.058+0000] {logging_mixin.py:120} INFO - [2024-07-31T12:18:40.057+0000] {dag.py:2585} INFO - Sync 1 DAGs
[2024-07-31T12:18:40.084+0000] {logging_mixin.py:120} INFO - [2024-07-31T12:18:40.084+0000] {dag.py:3340} INFO - Setting next_dagrun for example_kubernetes_executor to None, run_after=None
[2024-07-31T12:18:40.185+0000] {processor.py:176} INFO - Processing /home/airflow/.local/lib/python3.7/site-packages/airflow/example_dags/example_kubernetes_executor.py took 0.223 seconds
[2024-07-31T12:19:11.287+0000] {processor.py:154} INFO - Started process (PID=862) to work on /home/airflow/.local/lib/python3.7/site-packages/airflow/example_dags/example_kubernetes_executor.py
[2024-07-31T12:19:11.292+0000] {processor.py:756} INFO - Processing file /home/airflow/.local/lib/python3.7/site-packages/airflow/example_dags/example_kubernetes_executor.py for tasks to queue
[2024-07-31T12:19:11.305+0000] {logging_mixin.py:120} INFO - [2024-07-31T12:19:11.305+0000] {dagbag.py:537} INFO - Filling up the DagBag from /home/airflow/.local/lib/python3.7/site-packages/airflow/example_dags/example_kubernetes_executor.py
[2024-07-31T12:19:11.349+0000] {processor.py:766} INFO - DAG(s) dict_keys(['example_kubernetes_executor']) retrieved from /home/airflow/.local/lib/python3.7/site-packages/airflow/example_dags/example_kubernetes_executor.py
[2024-07-31T12:19:11.408+0000] {logging_mixin.py:120} INFO - [2024-07-31T12:19:11.408+0000] {dag.py:2585} INFO - Sync 1 DAGs
[2024-07-31T12:19:11.448+0000] {logging_mixin.py:120} INFO - [2024-07-31T12:19:11.448+0000] {dag.py:3340} INFO - Setting next_dagrun for example_kubernetes_executor to None, run_after=None
[2024-07-31T12:19:11.485+0000] {processor.py:176} INFO - Processing /home/airflow/.local/lib/python3.7/site-packages/airflow/example_dags/example_kubernetes_executor.py took 0.202 seconds
[2024-07-31T12:19:42.675+0000] {processor.py:154} INFO - Started process (PID=916) to work on /home/airflow/.local/lib/python3.7/site-packages/airflow/example_dags/example_kubernetes_executor.py
[2024-07-31T12:19:42.676+0000] {processor.py:756} INFO - Processing file /home/airflow/.local/lib/python3.7/site-packages/airflow/example_dags/example_kubernetes_executor.py for tasks to queue
[2024-07-31T12:19:42.677+0000] {logging_mixin.py:120} INFO - [2024-07-31T12:19:42.676+0000] {dagbag.py:537} INFO - Filling up the DagBag from /home/airflow/.local/lib/python3.7/site-packages/airflow/example_dags/example_kubernetes_executor.py
[2024-07-31T12:19:42.710+0000] {processor.py:766} INFO - DAG(s) dict_keys(['example_kubernetes_executor']) retrieved from /home/airflow/.local/lib/python3.7/site-packages/airflow/example_dags/example_kubernetes_executor.py
[2024-07-31T12:19:42.763+0000] {logging_mixin.py:120} INFO - [2024-07-31T12:19:42.762+0000] {dag.py:2585} INFO - Sync 1 DAGs
[2024-07-31T12:19:42.792+0000] {logging_mixin.py:120} INFO - [2024-07-31T12:19:42.792+0000] {dag.py:3340} INFO - Setting next_dagrun for example_kubernetes_executor to None, run_after=None
[2024-07-31T12:19:42.820+0000] {processor.py:176} INFO - Processing /home/airflow/.local/lib/python3.7/site-packages/airflow/example_dags/example_kubernetes_executor.py took 0.148 seconds
[2024-07-31T12:20:13.976+0000] {processor.py:154} INFO - Started process (PID=978) to work on /home/airflow/.local/lib/python3.7/site-packages/airflow/example_dags/example_kubernetes_executor.py
[2024-07-31T12:20:14.062+0000] {processor.py:756} INFO - Processing file /home/airflow/.local/lib/python3.7/site-packages/airflow/example_dags/example_kubernetes_executor.py for tasks to queue
[2024-07-31T12:20:14.161+0000] {logging_mixin.py:120} INFO - [2024-07-31T12:20:14.160+0000] {dagbag.py:537} INFO - Filling up the DagBag from /home/airflow/.local/lib/python3.7/site-packages/airflow/example_dags/example_kubernetes_executor.py
[2024-07-31T12:20:14.258+0000] {processor.py:766} INFO - DAG(s) dict_keys(['example_kubernetes_executor']) retrieved from /home/airflow/.local/lib/python3.7/site-packages/airflow/example_dags/example_kubernetes_executor.py
[2024-07-31T12:20:14.327+0000] {logging_mixin.py:120} INFO - [2024-07-31T12:20:14.327+0000] {dag.py:2585} INFO - Sync 1 DAGs
[2024-07-31T12:20:14.413+0000] {logging_mixin.py:120} INFO - [2024-07-31T12:20:14.413+0000] {dag.py:3340} INFO - Setting next_dagrun for example_kubernetes_executor to None, run_after=None
[2024-07-31T12:20:14.456+0000] {processor.py:176} INFO - Processing /home/airflow/.local/lib/python3.7/site-packages/airflow/example_dags/example_kubernetes_executor.py took 0.484 seconds
[2024-07-31T12:20:45.488+0000] {processor.py:154} INFO - Started process (PID=1041) to work on /home/airflow/.local/lib/python3.7/site-packages/airflow/example_dags/example_kubernetes_executor.py
[2024-07-31T12:20:45.501+0000] {processor.py:756} INFO - Processing file /home/airflow/.local/lib/python3.7/site-packages/airflow/example_dags/example_kubernetes_executor.py for tasks to queue
[2024-07-31T12:20:45.504+0000] {logging_mixin.py:120} INFO - [2024-07-31T12:20:45.504+0000] {dagbag.py:537} INFO - Filling up the DagBag from /home/airflow/.local/lib/python3.7/site-packages/airflow/example_dags/example_kubernetes_executor.py
[2024-07-31T12:20:45.574+0000] {processor.py:766} INFO - DAG(s) dict_keys(['example_kubernetes_executor']) retrieved from /home/airflow/.local/lib/python3.7/site-packages/airflow/example_dags/example_kubernetes_executor.py
[2024-07-31T12:20:45.663+0000] {logging_mixin.py:120} INFO - [2024-07-31T12:20:45.663+0000] {dag.py:2585} INFO - Sync 1 DAGs
[2024-07-31T12:20:45.711+0000] {logging_mixin.py:120} INFO - [2024-07-31T12:20:45.711+0000] {dag.py:3340} INFO - Setting next_dagrun for example_kubernetes_executor to None, run_after=None
[2024-07-31T12:20:45.753+0000] {processor.py:176} INFO - Processing /home/airflow/.local/lib/python3.7/site-packages/airflow/example_dags/example_kubernetes_executor.py took 0.270 seconds
[2024-07-31T12:21:17.424+0000] {processor.py:154} INFO - Started process (PID=1095) to work on /home/airflow/.local/lib/python3.7/site-packages/airflow/example_dags/example_kubernetes_executor.py
[2024-07-31T12:21:17.431+0000] {processor.py:756} INFO - Processing file /home/airflow/.local/lib/python3.7/site-packages/airflow/example_dags/example_kubernetes_executor.py for tasks to queue
[2024-07-31T12:21:17.452+0000] {logging_mixin.py:120} INFO - [2024-07-31T12:21:17.452+0000] {dagbag.py:537} INFO - Filling up the DagBag from /home/airflow/.local/lib/python3.7/site-packages/airflow/example_dags/example_kubernetes_executor.py
[2024-07-31T12:21:17.595+0000] {processor.py:766} INFO - DAG(s) dict_keys(['example_kubernetes_executor']) retrieved from /home/airflow/.local/lib/python3.7/site-packages/airflow/example_dags/example_kubernetes_executor.py
[2024-07-31T12:21:17.733+0000] {logging_mixin.py:120} INFO - [2024-07-31T12:21:17.733+0000] {dag.py:2585} INFO - Sync 1 DAGs
[2024-07-31T12:21:17.834+0000] {logging_mixin.py:120} INFO - [2024-07-31T12:21:17.834+0000] {dag.py:3340} INFO - Setting next_dagrun for example_kubernetes_executor to None, run_after=None
[2024-07-31T12:21:17.886+0000] {processor.py:176} INFO - Processing /home/airflow/.local/lib/python3.7/site-packages/airflow/example_dags/example_kubernetes_executor.py took 0.466 seconds
[2024-07-31T12:21:48.188+0000] {processor.py:154} INFO - Started process (PID=1158) to work on /home/airflow/.local/lib/python3.7/site-packages/airflow/example_dags/example_kubernetes_executor.py
[2024-07-31T12:21:48.190+0000] {processor.py:756} INFO - Processing file /home/airflow/.local/lib/python3.7/site-packages/airflow/example_dags/example_kubernetes_executor.py for tasks to queue
[2024-07-31T12:21:48.194+0000] {logging_mixin.py:120} INFO - [2024-07-31T12:21:48.193+0000] {dagbag.py:537} INFO - Filling up the DagBag from /home/airflow/.local/lib/python3.7/site-packages/airflow/example_dags/example_kubernetes_executor.py
[2024-07-31T12:21:48.234+0000] {processor.py:766} INFO - DAG(s) dict_keys(['example_kubernetes_executor']) retrieved from /home/airflow/.local/lib/python3.7/site-packages/airflow/example_dags/example_kubernetes_executor.py
[2024-07-31T12:21:48.300+0000] {logging_mixin.py:120} INFO - [2024-07-31T12:21:48.300+0000] {dag.py:2585} INFO - Sync 1 DAGs
[2024-07-31T12:21:48.351+0000] {logging_mixin.py:120} INFO - [2024-07-31T12:21:48.351+0000] {dag.py:3340} INFO - Setting next_dagrun for example_kubernetes_executor to None, run_after=None
[2024-07-31T12:21:48.397+0000] {processor.py:176} INFO - Processing /home/airflow/.local/lib/python3.7/site-packages/airflow/example_dags/example_kubernetes_executor.py took 0.213 seconds
[2024-07-31T12:22:18.770+0000] {processor.py:154} INFO - Started process (PID=1219) to work on /home/airflow/.local/lib/python3.7/site-packages/airflow/example_dags/example_kubernetes_executor.py
[2024-07-31T12:22:18.771+0000] {processor.py:756} INFO - Processing file /home/airflow/.local/lib/python3.7/site-packages/airflow/example_dags/example_kubernetes_executor.py for tasks to queue
[2024-07-31T12:22:18.772+0000] {logging_mixin.py:120} INFO - [2024-07-31T12:22:18.772+0000] {dagbag.py:537} INFO - Filling up the DagBag from /home/airflow/.local/lib/python3.7/site-packages/airflow/example_dags/example_kubernetes_executor.py
[2024-07-31T12:22:18.811+0000] {processor.py:766} INFO - DAG(s) dict_keys(['example_kubernetes_executor']) retrieved from /home/airflow/.local/lib/python3.7/site-packages/airflow/example_dags/example_kubernetes_executor.py
[2024-07-31T12:22:18.900+0000] {logging_mixin.py:120} INFO - [2024-07-31T12:22:18.889+0000] {dag.py:2585} INFO - Sync 1 DAGs
[2024-07-31T12:22:19.039+0000] {logging_mixin.py:120} INFO - [2024-07-31T12:22:19.039+0000] {dag.py:3340} INFO - Setting next_dagrun for example_kubernetes_executor to None, run_after=None
[2024-07-31T12:22:19.071+0000] {processor.py:176} INFO - Processing /home/airflow/.local/lib/python3.7/site-packages/airflow/example_dags/example_kubernetes_executor.py took 0.305 seconds
[2024-07-31T12:22:49.659+0000] {processor.py:154} INFO - Started process (PID=1276) to work on /home/airflow/.local/lib/python3.7/site-packages/airflow/example_dags/example_kubernetes_executor.py
[2024-07-31T12:22:49.660+0000] {processor.py:756} INFO - Processing file /home/airflow/.local/lib/python3.7/site-packages/airflow/example_dags/example_kubernetes_executor.py for tasks to queue
[2024-07-31T12:22:49.663+0000] {logging_mixin.py:120} INFO - [2024-07-31T12:22:49.663+0000] {dagbag.py:537} INFO - Filling up the DagBag from /home/airflow/.local/lib/python3.7/site-packages/airflow/example_dags/example_kubernetes_executor.py
[2024-07-31T12:22:49.698+0000] {processor.py:766} INFO - DAG(s) dict_keys(['example_kubernetes_executor']) retrieved from /home/airflow/.local/lib/python3.7/site-packages/airflow/example_dags/example_kubernetes_executor.py
[2024-07-31T12:22:49.749+0000] {logging_mixin.py:120} INFO - [2024-07-31T12:22:49.749+0000] {dag.py:2585} INFO - Sync 1 DAGs
[2024-07-31T12:22:49.808+0000] {logging_mixin.py:120} INFO - [2024-07-31T12:22:49.808+0000] {dag.py:3340} INFO - Setting next_dagrun for example_kubernetes_executor to None, run_after=None
[2024-07-31T12:22:49.868+0000] {processor.py:176} INFO - Processing /home/airflow/.local/lib/python3.7/site-packages/airflow/example_dags/example_kubernetes_executor.py took 0.213 seconds
[2024-07-31T12:23:21.227+0000] {processor.py:154} INFO - Started process (PID=1339) to work on /home/airflow/.local/lib/python3.7/site-packages/airflow/example_dags/example_kubernetes_executor.py
[2024-07-31T12:23:21.229+0000] {processor.py:756} INFO - Processing file /home/airflow/.local/lib/python3.7/site-packages/airflow/example_dags/example_kubernetes_executor.py for tasks to queue
[2024-07-31T12:23:21.231+0000] {logging_mixin.py:120} INFO - [2024-07-31T12:23:21.230+0000] {dagbag.py:537} INFO - Filling up the DagBag from /home/airflow/.local/lib/python3.7/site-packages/airflow/example_dags/example_kubernetes_executor.py
[2024-07-31T12:23:21.274+0000] {processor.py:766} INFO - DAG(s) dict_keys(['example_kubernetes_executor']) retrieved from /home/airflow/.local/lib/python3.7/site-packages/airflow/example_dags/example_kubernetes_executor.py
[2024-07-31T12:23:21.337+0000] {logging_mixin.py:120} INFO - [2024-07-31T12:23:21.337+0000] {dag.py:2585} INFO - Sync 1 DAGs
[2024-07-31T12:23:21.381+0000] {logging_mixin.py:120} INFO - [2024-07-31T12:23:21.381+0000] {dag.py:3340} INFO - Setting next_dagrun for example_kubernetes_executor to None, run_after=None
[2024-07-31T12:23:21.424+0000] {processor.py:176} INFO - Processing /home/airflow/.local/lib/python3.7/site-packages/airflow/example_dags/example_kubernetes_executor.py took 0.202 seconds
[2024-07-31T12:23:52.005+0000] {processor.py:154} INFO - Started process (PID=1393) to work on /home/airflow/.local/lib/python3.7/site-packages/airflow/example_dags/example_kubernetes_executor.py
[2024-07-31T12:23:52.021+0000] {processor.py:756} INFO - Processing file /home/airflow/.local/lib/python3.7/site-packages/airflow/example_dags/example_kubernetes_executor.py for tasks to queue
[2024-07-31T12:23:52.022+0000] {logging_mixin.py:120} INFO - [2024-07-31T12:23:52.022+0000] {dagbag.py:537} INFO - Filling up the DagBag from /home/airflow/.local/lib/python3.7/site-packages/airflow/example_dags/example_kubernetes_executor.py
[2024-07-31T12:23:52.072+0000] {processor.py:766} INFO - DAG(s) dict_keys(['example_kubernetes_executor']) retrieved from /home/airflow/.local/lib/python3.7/site-packages/airflow/example_dags/example_kubernetes_executor.py
[2024-07-31T12:23:52.124+0000] {logging_mixin.py:120} INFO - [2024-07-31T12:23:52.124+0000] {dag.py:2585} INFO - Sync 1 DAGs
[2024-07-31T12:23:52.216+0000] {logging_mixin.py:120} INFO - [2024-07-31T12:23:52.216+0000] {dag.py:3340} INFO - Setting next_dagrun for example_kubernetes_executor to None, run_after=None
[2024-07-31T12:23:52.289+0000] {processor.py:176} INFO - Processing /home/airflow/.local/lib/python3.7/site-packages/airflow/example_dags/example_kubernetes_executor.py took 0.287 seconds
[2024-07-31T12:24:22.444+0000] {processor.py:154} INFO - Started process (PID=1456) to work on /home/airflow/.local/lib/python3.7/site-packages/airflow/example_dags/example_kubernetes_executor.py
[2024-07-31T12:24:22.445+0000] {processor.py:756} INFO - Processing file /home/airflow/.local/lib/python3.7/site-packages/airflow/example_dags/example_kubernetes_executor.py for tasks to queue
[2024-07-31T12:24:22.446+0000] {logging_mixin.py:120} INFO - [2024-07-31T12:24:22.446+0000] {dagbag.py:537} INFO - Filling up the DagBag from /home/airflow/.local/lib/python3.7/site-packages/airflow/example_dags/example_kubernetes_executor.py
[2024-07-31T12:24:22.473+0000] {processor.py:766} INFO - DAG(s) dict_keys(['example_kubernetes_executor']) retrieved from /home/airflow/.local/lib/python3.7/site-packages/airflow/example_dags/example_kubernetes_executor.py
[2024-07-31T12:24:22.518+0000] {logging_mixin.py:120} INFO - [2024-07-31T12:24:22.517+0000] {dag.py:2585} INFO - Sync 1 DAGs
[2024-07-31T12:24:22.548+0000] {logging_mixin.py:120} INFO - [2024-07-31T12:24:22.548+0000] {dag.py:3340} INFO - Setting next_dagrun for example_kubernetes_executor to None, run_after=None
[2024-07-31T12:24:22.573+0000] {processor.py:176} INFO - Processing /home/airflow/.local/lib/python3.7/site-packages/airflow/example_dags/example_kubernetes_executor.py took 0.133 seconds
[2024-07-31T12:24:52.834+0000] {processor.py:154} INFO - Started process (PID=1509) to work on /home/airflow/.local/lib/python3.7/site-packages/airflow/example_dags/example_kubernetes_executor.py
[2024-07-31T12:24:52.836+0000] {processor.py:756} INFO - Processing file /home/airflow/.local/lib/python3.7/site-packages/airflow/example_dags/example_kubernetes_executor.py for tasks to queue
[2024-07-31T12:24:52.837+0000] {logging_mixin.py:120} INFO - [2024-07-31T12:24:52.837+0000] {dagbag.py:537} INFO - Filling up the DagBag from /home/airflow/.local/lib/python3.7/site-packages/airflow/example_dags/example_kubernetes_executor.py
[2024-07-31T12:24:52.902+0000] {processor.py:766} INFO - DAG(s) dict_keys(['example_kubernetes_executor']) retrieved from /home/airflow/.local/lib/python3.7/site-packages/airflow/example_dags/example_kubernetes_executor.py
[2024-07-31T12:24:52.955+0000] {logging_mixin.py:120} INFO - [2024-07-31T12:24:52.954+0000] {dag.py:2585} INFO - Sync 1 DAGs
[2024-07-31T12:24:52.982+0000] {logging_mixin.py:120} INFO - [2024-07-31T12:24:52.981+0000] {dag.py:3340} INFO - Setting next_dagrun for example_kubernetes_executor to None, run_after=None
[2024-07-31T12:24:53.003+0000] {processor.py:176} INFO - Processing /home/airflow/.local/lib/python3.7/site-packages/airflow/example_dags/example_kubernetes_executor.py took 0.173 seconds
[2024-07-31T12:25:23.170+0000] {processor.py:154} INFO - Started process (PID=1572) to work on /home/airflow/.local/lib/python3.7/site-packages/airflow/example_dags/example_kubernetes_executor.py
[2024-07-31T12:25:23.174+0000] {processor.py:756} INFO - Processing file /home/airflow/.local/lib/python3.7/site-packages/airflow/example_dags/example_kubernetes_executor.py for tasks to queue
[2024-07-31T12:25:23.176+0000] {logging_mixin.py:120} INFO - [2024-07-31T12:25:23.175+0000] {dagbag.py:537} INFO - Filling up the DagBag from /home/airflow/.local/lib/python3.7/site-packages/airflow/example_dags/example_kubernetes_executor.py
[2024-07-31T12:25:23.214+0000] {processor.py:766} INFO - DAG(s) dict_keys(['example_kubernetes_executor']) retrieved from /home/airflow/.local/lib/python3.7/site-packages/airflow/example_dags/example_kubernetes_executor.py
[2024-07-31T12:25:23.268+0000] {logging_mixin.py:120} INFO - [2024-07-31T12:25:23.267+0000] {dag.py:2585} INFO - Sync 1 DAGs
[2024-07-31T12:25:23.303+0000] {logging_mixin.py:120} INFO - [2024-07-31T12:25:23.303+0000] {dag.py:3340} INFO - Setting next_dagrun for example_kubernetes_executor to None, run_after=None
[2024-07-31T12:25:23.334+0000] {processor.py:176} INFO - Processing /home/airflow/.local/lib/python3.7/site-packages/airflow/example_dags/example_kubernetes_executor.py took 0.168 seconds
[2024-07-31T12:25:54.755+0000] {processor.py:154} INFO - Started process (PID=1635) to work on /home/airflow/.local/lib/python3.7/site-packages/airflow/example_dags/example_kubernetes_executor.py
[2024-07-31T12:25:54.757+0000] {processor.py:756} INFO - Processing file /home/airflow/.local/lib/python3.7/site-packages/airflow/example_dags/example_kubernetes_executor.py for tasks to queue
[2024-07-31T12:25:54.758+0000] {logging_mixin.py:120} INFO - [2024-07-31T12:25:54.758+0000] {dagbag.py:537} INFO - Filling up the DagBag from /home/airflow/.local/lib/python3.7/site-packages/airflow/example_dags/example_kubernetes_executor.py
[2024-07-31T12:25:54.789+0000] {processor.py:766} INFO - DAG(s) dict_keys(['example_kubernetes_executor']) retrieved from /home/airflow/.local/lib/python3.7/site-packages/airflow/example_dags/example_kubernetes_executor.py
[2024-07-31T12:25:54.850+0000] {logging_mixin.py:120} INFO - [2024-07-31T12:25:54.850+0000] {dag.py:2585} INFO - Sync 1 DAGs
[2024-07-31T12:25:54.894+0000] {logging_mixin.py:120} INFO - [2024-07-31T12:25:54.894+0000] {dag.py:3340} INFO - Setting next_dagrun for example_kubernetes_executor to None, run_after=None
[2024-07-31T12:25:54.936+0000] {processor.py:176} INFO - Processing /home/airflow/.local/lib/python3.7/site-packages/airflow/example_dags/example_kubernetes_executor.py took 0.185 seconds
[2024-07-31T12:26:26.859+0000] {processor.py:154} INFO - Started process (PID=1689) to work on /home/airflow/.local/lib/python3.7/site-packages/airflow/example_dags/example_kubernetes_executor.py
[2024-07-31T12:26:26.862+0000] {processor.py:756} INFO - Processing file /home/airflow/.local/lib/python3.7/site-packages/airflow/example_dags/example_kubernetes_executor.py for tasks to queue
[2024-07-31T12:26:26.867+0000] {logging_mixin.py:120} INFO - [2024-07-31T12:26:26.867+0000] {dagbag.py:537} INFO - Filling up the DagBag from /home/airflow/.local/lib/python3.7/site-packages/airflow/example_dags/example_kubernetes_executor.py
[2024-07-31T12:26:26.919+0000] {processor.py:766} INFO - DAG(s) dict_keys(['example_kubernetes_executor']) retrieved from /home/airflow/.local/lib/python3.7/site-packages/airflow/example_dags/example_kubernetes_executor.py
[2024-07-31T12:26:27.075+0000] {logging_mixin.py:120} INFO - [2024-07-31T12:26:27.075+0000] {dag.py:2585} INFO - Sync 1 DAGs
[2024-07-31T12:26:27.114+0000] {logging_mixin.py:120} INFO - [2024-07-31T12:26:27.114+0000] {dag.py:3340} INFO - Setting next_dagrun for example_kubernetes_executor to None, run_after=None
[2024-07-31T12:26:27.147+0000] {processor.py:176} INFO - Processing /home/airflow/.local/lib/python3.7/site-packages/airflow/example_dags/example_kubernetes_executor.py took 0.293 seconds
[2024-07-31T12:26:57.710+0000] {processor.py:154} INFO - Started process (PID=1752) to work on /home/airflow/.local/lib/python3.7/site-packages/airflow/example_dags/example_kubernetes_executor.py
[2024-07-31T12:26:57.713+0000] {processor.py:756} INFO - Processing file /home/airflow/.local/lib/python3.7/site-packages/airflow/example_dags/example_kubernetes_executor.py for tasks to queue
[2024-07-31T12:26:57.744+0000] {logging_mixin.py:120} INFO - [2024-07-31T12:26:57.743+0000] {dagbag.py:537} INFO - Filling up the DagBag from /home/airflow/.local/lib/python3.7/site-packages/airflow/example_dags/example_kubernetes_executor.py
[2024-07-31T12:26:57.802+0000] {processor.py:766} INFO - DAG(s) dict_keys(['example_kubernetes_executor']) retrieved from /home/airflow/.local/lib/python3.7/site-packages/airflow/example_dags/example_kubernetes_executor.py
[2024-07-31T12:26:57.881+0000] {logging_mixin.py:120} INFO - [2024-07-31T12:26:57.881+0000] {dag.py:2585} INFO - Sync 1 DAGs
[2024-07-31T12:26:57.930+0000] {logging_mixin.py:120} INFO - [2024-07-31T12:26:57.930+0000] {dag.py:3340} INFO - Setting next_dagrun for example_kubernetes_executor to None, run_after=None
[2024-07-31T12:26:57.965+0000] {processor.py:176} INFO - Processing /home/airflow/.local/lib/python3.7/site-packages/airflow/example_dags/example_kubernetes_executor.py took 0.261 seconds
[2024-07-31T12:27:29.330+0000] {processor.py:154} INFO - Started process (PID=1816) to work on /home/airflow/.local/lib/python3.7/site-packages/airflow/example_dags/example_kubernetes_executor.py
[2024-07-31T12:27:29.332+0000] {processor.py:756} INFO - Processing file /home/airflow/.local/lib/python3.7/site-packages/airflow/example_dags/example_kubernetes_executor.py for tasks to queue
[2024-07-31T12:27:29.334+0000] {logging_mixin.py:120} INFO - [2024-07-31T12:27:29.334+0000] {dagbag.py:537} INFO - Filling up the DagBag from /home/airflow/.local/lib/python3.7/site-packages/airflow/example_dags/example_kubernetes_executor.py
[2024-07-31T12:27:29.380+0000] {processor.py:766} INFO - DAG(s) dict_keys(['example_kubernetes_executor']) retrieved from /home/airflow/.local/lib/python3.7/site-packages/airflow/example_dags/example_kubernetes_executor.py
[2024-07-31T12:27:29.450+0000] {logging_mixin.py:120} INFO - [2024-07-31T12:27:29.449+0000] {dag.py:2585} INFO - Sync 1 DAGs
[2024-07-31T12:27:29.499+0000] {logging_mixin.py:120} INFO - [2024-07-31T12:27:29.498+0000] {dag.py:3340} INFO - Setting next_dagrun for example_kubernetes_executor to None, run_after=None
[2024-07-31T12:27:29.529+0000] {processor.py:176} INFO - Processing /home/airflow/.local/lib/python3.7/site-packages/airflow/example_dags/example_kubernetes_executor.py took 0.203 seconds
[2024-07-31T12:28:02.308+0000] {processor.py:154} INFO - Started process (PID=1870) to work on /home/airflow/.local/lib/python3.7/site-packages/airflow/example_dags/example_kubernetes_executor.py
[2024-07-31T12:28:02.310+0000] {processor.py:756} INFO - Processing file /home/airflow/.local/lib/python3.7/site-packages/airflow/example_dags/example_kubernetes_executor.py for tasks to queue
[2024-07-31T12:28:02.312+0000] {logging_mixin.py:120} INFO - [2024-07-31T12:28:02.311+0000] {dagbag.py:537} INFO - Filling up the DagBag from /home/airflow/.local/lib/python3.7/site-packages/airflow/example_dags/example_kubernetes_executor.py
[2024-07-31T12:28:02.356+0000] {processor.py:766} INFO - DAG(s) dict_keys(['example_kubernetes_executor']) retrieved from /home/airflow/.local/lib/python3.7/site-packages/airflow/example_dags/example_kubernetes_executor.py
[2024-07-31T12:28:02.416+0000] {logging_mixin.py:120} INFO - [2024-07-31T12:28:02.415+0000] {dag.py:2585} INFO - Sync 1 DAGs
[2024-07-31T12:28:02.448+0000] {logging_mixin.py:120} INFO - [2024-07-31T12:28:02.448+0000] {dag.py:3340} INFO - Setting next_dagrun for example_kubernetes_executor to None, run_after=None
[2024-07-31T12:28:02.480+0000] {processor.py:176} INFO - Processing /home/airflow/.local/lib/python3.7/site-packages/airflow/example_dags/example_kubernetes_executor.py took 0.178 seconds
[2024-07-31T12:28:33.597+0000] {processor.py:154} INFO - Started process (PID=1934) to work on /home/airflow/.local/lib/python3.7/site-packages/airflow/example_dags/example_kubernetes_executor.py
[2024-07-31T12:28:33.599+0000] {processor.py:756} INFO - Processing file /home/airflow/.local/lib/python3.7/site-packages/airflow/example_dags/example_kubernetes_executor.py for tasks to queue
[2024-07-31T12:28:33.686+0000] {logging_mixin.py:120} INFO - [2024-07-31T12:28:33.686+0000] {dagbag.py:537} INFO - Filling up the DagBag from /home/airflow/.local/lib/python3.7/site-packages/airflow/example_dags/example_kubernetes_executor.py
[2024-07-31T12:28:33.735+0000] {processor.py:766} INFO - DAG(s) dict_keys(['example_kubernetes_executor']) retrieved from /home/airflow/.local/lib/python3.7/site-packages/airflow/example_dags/example_kubernetes_executor.py
[2024-07-31T12:28:33.883+0000] {logging_mixin.py:120} INFO - [2024-07-31T12:28:33.882+0000] {dag.py:2585} INFO - Sync 1 DAGs
[2024-07-31T12:28:34.021+0000] {logging_mixin.py:120} INFO - [2024-07-31T12:28:34.021+0000] {dag.py:3340} INFO - Setting next_dagrun for example_kubernetes_executor to None, run_after=None
[2024-07-31T12:28:34.158+0000] {processor.py:176} INFO - Processing /home/airflow/.local/lib/python3.7/site-packages/airflow/example_dags/example_kubernetes_executor.py took 0.565 seconds
[2024-07-31T12:29:04.470+0000] {processor.py:154} INFO - Started process (PID=1997) to work on /home/airflow/.local/lib/python3.7/site-packages/airflow/example_dags/example_kubernetes_executor.py
[2024-07-31T12:29:04.472+0000] {processor.py:756} INFO - Processing file /home/airflow/.local/lib/python3.7/site-packages/airflow/example_dags/example_kubernetes_executor.py for tasks to queue
[2024-07-31T12:29:04.475+0000] {logging_mixin.py:120} INFO - [2024-07-31T12:29:04.474+0000] {dagbag.py:537} INFO - Filling up the DagBag from /home/airflow/.local/lib/python3.7/site-packages/airflow/example_dags/example_kubernetes_executor.py
[2024-07-31T12:29:04.519+0000] {processor.py:766} INFO - DAG(s) dict_keys(['example_kubernetes_executor']) retrieved from /home/airflow/.local/lib/python3.7/site-packages/airflow/example_dags/example_kubernetes_executor.py
[2024-07-31T12:29:04.581+0000] {logging_mixin.py:120} INFO - [2024-07-31T12:29:04.581+0000] {dag.py:2585} INFO - Sync 1 DAGs
[2024-07-31T12:29:04.624+0000] {logging_mixin.py:120} INFO - [2024-07-31T12:29:04.624+0000] {dag.py:3340} INFO - Setting next_dagrun for example_kubernetes_executor to None, run_after=None
[2024-07-31T12:29:04.664+0000] {processor.py:176} INFO - Processing /home/airflow/.local/lib/python3.7/site-packages/airflow/example_dags/example_kubernetes_executor.py took 0.198 seconds
[2024-07-31T12:29:35.582+0000] {processor.py:154} INFO - Started process (PID=2051) to work on /home/airflow/.local/lib/python3.7/site-packages/airflow/example_dags/example_kubernetes_executor.py
[2024-07-31T12:29:35.583+0000] {processor.py:756} INFO - Processing file /home/airflow/.local/lib/python3.7/site-packages/airflow/example_dags/example_kubernetes_executor.py for tasks to queue
[2024-07-31T12:29:35.584+0000] {logging_mixin.py:120} INFO - [2024-07-31T12:29:35.584+0000] {dagbag.py:537} INFO - Filling up the DagBag from /home/airflow/.local/lib/python3.7/site-packages/airflow/example_dags/example_kubernetes_executor.py
[2024-07-31T12:29:35.622+0000] {processor.py:766} INFO - DAG(s) dict_keys(['example_kubernetes_executor']) retrieved from /home/airflow/.local/lib/python3.7/site-packages/airflow/example_dags/example_kubernetes_executor.py
[2024-07-31T12:29:35.670+0000] {logging_mixin.py:120} INFO - [2024-07-31T12:29:35.670+0000] {dag.py:2585} INFO - Sync 1 DAGs
[2024-07-31T12:29:35.718+0000] {logging_mixin.py:120} INFO - [2024-07-31T12:29:35.718+0000] {dag.py:3340} INFO - Setting next_dagrun for example_kubernetes_executor to None, run_after=None
[2024-07-31T12:29:35.744+0000] {processor.py:176} INFO - Processing /home/airflow/.local/lib/python3.7/site-packages/airflow/example_dags/example_kubernetes_executor.py took 0.165 seconds
[2024-07-31T12:30:07.045+0000] {processor.py:154} INFO - Started process (PID=2115) to work on /home/airflow/.local/lib/python3.7/site-packages/airflow/example_dags/example_kubernetes_executor.py
[2024-07-31T12:30:07.047+0000] {processor.py:756} INFO - Processing file /home/airflow/.local/lib/python3.7/site-packages/airflow/example_dags/example_kubernetes_executor.py for tasks to queue
[2024-07-31T12:30:07.138+0000] {logging_mixin.py:120} INFO - [2024-07-31T12:30:07.137+0000] {dagbag.py:537} INFO - Filling up the DagBag from /home/airflow/.local/lib/python3.7/site-packages/airflow/example_dags/example_kubernetes_executor.py
[2024-07-31T12:30:07.191+0000] {processor.py:766} INFO - DAG(s) dict_keys(['example_kubernetes_executor']) retrieved from /home/airflow/.local/lib/python3.7/site-packages/airflow/example_dags/example_kubernetes_executor.py
[2024-07-31T12:30:07.371+0000] {logging_mixin.py:120} INFO - [2024-07-31T12:30:07.371+0000] {dag.py:2585} INFO - Sync 1 DAGs
[2024-07-31T12:30:07.447+0000] {logging_mixin.py:120} INFO - [2024-07-31T12:30:07.447+0000] {dag.py:3340} INFO - Setting next_dagrun for example_kubernetes_executor to None, run_after=None
[2024-07-31T12:30:07.507+0000] {processor.py:176} INFO - Processing /home/airflow/.local/lib/python3.7/site-packages/airflow/example_dags/example_kubernetes_executor.py took 0.466 seconds
[2024-07-31T12:30:37.871+0000] {processor.py:154} INFO - Started process (PID=2178) to work on /home/airflow/.local/lib/python3.7/site-packages/airflow/example_dags/example_kubernetes_executor.py
[2024-07-31T12:30:37.873+0000] {processor.py:756} INFO - Processing file /home/airflow/.local/lib/python3.7/site-packages/airflow/example_dags/example_kubernetes_executor.py for tasks to queue
[2024-07-31T12:30:37.875+0000] {logging_mixin.py:120} INFO - [2024-07-31T12:30:37.874+0000] {dagbag.py:537} INFO - Filling up the DagBag from /home/airflow/.local/lib/python3.7/site-packages/airflow/example_dags/example_kubernetes_executor.py
[2024-07-31T12:30:37.914+0000] {processor.py:766} INFO - DAG(s) dict_keys(['example_kubernetes_executor']) retrieved from /home/airflow/.local/lib/python3.7/site-packages/airflow/example_dags/example_kubernetes_executor.py
[2024-07-31T12:30:37.980+0000] {logging_mixin.py:120} INFO - [2024-07-31T12:30:37.980+0000] {dag.py:2585} INFO - Sync 1 DAGs
[2024-07-31T12:30:38.016+0000] {logging_mixin.py:120} INFO - [2024-07-31T12:30:38.015+0000] {dag.py:3340} INFO - Setting next_dagrun for example_kubernetes_executor to None, run_after=None
[2024-07-31T12:30:38.050+0000] {processor.py:176} INFO - Processing /home/airflow/.local/lib/python3.7/site-packages/airflow/example_dags/example_kubernetes_executor.py took 0.185 seconds
[2024-07-31T12:31:08.709+0000] {processor.py:154} INFO - Started process (PID=2231) to work on /home/airflow/.local/lib/python3.7/site-packages/airflow/example_dags/example_kubernetes_executor.py
[2024-07-31T12:31:08.741+0000] {processor.py:756} INFO - Processing file /home/airflow/.local/lib/python3.7/site-packages/airflow/example_dags/example_kubernetes_executor.py for tasks to queue
[2024-07-31T12:31:08.747+0000] {logging_mixin.py:120} INFO - [2024-07-31T12:31:08.747+0000] {dagbag.py:537} INFO - Filling up the DagBag from /home/airflow/.local/lib/python3.7/site-packages/airflow/example_dags/example_kubernetes_executor.py
[2024-07-31T12:31:08.804+0000] {processor.py:766} INFO - DAG(s) dict_keys(['example_kubernetes_executor']) retrieved from /home/airflow/.local/lib/python3.7/site-packages/airflow/example_dags/example_kubernetes_executor.py
[2024-07-31T12:31:09.004+0000] {logging_mixin.py:120} INFO - [2024-07-31T12:31:09.003+0000] {dag.py:2585} INFO - Sync 1 DAGs
[2024-07-31T12:31:09.113+0000] {logging_mixin.py:120} INFO - [2024-07-31T12:31:09.113+0000] {dag.py:3340} INFO - Setting next_dagrun for example_kubernetes_executor to None, run_after=None
[2024-07-31T12:31:09.224+0000] {processor.py:176} INFO - Processing /home/airflow/.local/lib/python3.7/site-packages/airflow/example_dags/example_kubernetes_executor.py took 0.520 seconds
[2024-07-31T12:31:39.369+0000] {processor.py:154} INFO - Started process (PID=2295) to work on /home/airflow/.local/lib/python3.7/site-packages/airflow/example_dags/example_kubernetes_executor.py
[2024-07-31T12:31:39.374+0000] {processor.py:756} INFO - Processing file /home/airflow/.local/lib/python3.7/site-packages/airflow/example_dags/example_kubernetes_executor.py for tasks to queue
[2024-07-31T12:31:39.377+0000] {logging_mixin.py:120} INFO - [2024-07-31T12:31:39.377+0000] {dagbag.py:537} INFO - Filling up the DagBag from /home/airflow/.local/lib/python3.7/site-packages/airflow/example_dags/example_kubernetes_executor.py
[2024-07-31T12:31:39.412+0000] {processor.py:766} INFO - DAG(s) dict_keys(['example_kubernetes_executor']) retrieved from /home/airflow/.local/lib/python3.7/site-packages/airflow/example_dags/example_kubernetes_executor.py
[2024-07-31T12:31:39.467+0000] {logging_mixin.py:120} INFO - [2024-07-31T12:31:39.466+0000] {dag.py:2585} INFO - Sync 1 DAGs
[2024-07-31T12:31:39.499+0000] {logging_mixin.py:120} INFO - [2024-07-31T12:31:39.499+0000] {dag.py:3340} INFO - Setting next_dagrun for example_kubernetes_executor to None, run_after=None
[2024-07-31T12:31:39.527+0000] {processor.py:176} INFO - Processing /home/airflow/.local/lib/python3.7/site-packages/airflow/example_dags/example_kubernetes_executor.py took 0.163 seconds
[2024-07-31T12:32:10.304+0000] {processor.py:154} INFO - Started process (PID=2349) to work on /home/airflow/.local/lib/python3.7/site-packages/airflow/example_dags/example_kubernetes_executor.py
[2024-07-31T12:32:10.306+0000] {processor.py:756} INFO - Processing file /home/airflow/.local/lib/python3.7/site-packages/airflow/example_dags/example_kubernetes_executor.py for tasks to queue
[2024-07-31T12:32:10.307+0000] {logging_mixin.py:120} INFO - [2024-07-31T12:32:10.307+0000] {dagbag.py:537} INFO - Filling up the DagBag from /home/airflow/.local/lib/python3.7/site-packages/airflow/example_dags/example_kubernetes_executor.py
[2024-07-31T12:32:10.340+0000] {processor.py:766} INFO - DAG(s) dict_keys(['example_kubernetes_executor']) retrieved from /home/airflow/.local/lib/python3.7/site-packages/airflow/example_dags/example_kubernetes_executor.py
[2024-07-31T12:32:10.395+0000] {logging_mixin.py:120} INFO - [2024-07-31T12:32:10.394+0000] {dag.py:2585} INFO - Sync 1 DAGs
[2024-07-31T12:32:10.430+0000] {logging_mixin.py:120} INFO - [2024-07-31T12:32:10.429+0000] {dag.py:3340} INFO - Setting next_dagrun for example_kubernetes_executor to None, run_after=None
[2024-07-31T12:32:10.460+0000] {processor.py:176} INFO - Processing /home/airflow/.local/lib/python3.7/site-packages/airflow/example_dags/example_kubernetes_executor.py took 0.161 seconds
[2024-07-31T12:32:40.919+0000] {processor.py:154} INFO - Started process (PID=2412) to work on /home/airflow/.local/lib/python3.7/site-packages/airflow/example_dags/example_kubernetes_executor.py
[2024-07-31T12:32:40.920+0000] {processor.py:756} INFO - Processing file /home/airflow/.local/lib/python3.7/site-packages/airflow/example_dags/example_kubernetes_executor.py for tasks to queue
[2024-07-31T12:32:40.921+0000] {logging_mixin.py:120} INFO - [2024-07-31T12:32:40.921+0000] {dagbag.py:537} INFO - Filling up the DagBag from /home/airflow/.local/lib/python3.7/site-packages/airflow/example_dags/example_kubernetes_executor.py
[2024-07-31T12:32:40.959+0000] {processor.py:766} INFO - DAG(s) dict_keys(['example_kubernetes_executor']) retrieved from /home/airflow/.local/lib/python3.7/site-packages/airflow/example_dags/example_kubernetes_executor.py
[2024-07-31T12:32:41.012+0000] {logging_mixin.py:120} INFO - [2024-07-31T12:32:41.012+0000] {dag.py:2585} INFO - Sync 1 DAGs
[2024-07-31T12:32:41.037+0000] {logging_mixin.py:120} INFO - [2024-07-31T12:32:41.037+0000] {dag.py:3340} INFO - Setting next_dagrun for example_kubernetes_executor to None, run_after=None
[2024-07-31T12:32:41.063+0000] {processor.py:176} INFO - Processing /home/airflow/.local/lib/python3.7/site-packages/airflow/example_dags/example_kubernetes_executor.py took 0.148 seconds
[2024-07-31T12:33:11.292+0000] {processor.py:154} INFO - Started process (PID=2475) to work on /home/airflow/.local/lib/python3.7/site-packages/airflow/example_dags/example_kubernetes_executor.py
[2024-07-31T12:33:11.293+0000] {processor.py:756} INFO - Processing file /home/airflow/.local/lib/python3.7/site-packages/airflow/example_dags/example_kubernetes_executor.py for tasks to queue
[2024-07-31T12:33:11.294+0000] {logging_mixin.py:120} INFO - [2024-07-31T12:33:11.294+0000] {dagbag.py:537} INFO - Filling up the DagBag from /home/airflow/.local/lib/python3.7/site-packages/airflow/example_dags/example_kubernetes_executor.py
[2024-07-31T12:33:11.333+0000] {processor.py:766} INFO - DAG(s) dict_keys(['example_kubernetes_executor']) retrieved from /home/airflow/.local/lib/python3.7/site-packages/airflow/example_dags/example_kubernetes_executor.py
[2024-07-31T12:33:11.393+0000] {logging_mixin.py:120} INFO - [2024-07-31T12:33:11.392+0000] {dag.py:2585} INFO - Sync 1 DAGs
[2024-07-31T12:33:11.426+0000] {logging_mixin.py:120} INFO - [2024-07-31T12:33:11.426+0000] {dag.py:3340} INFO - Setting next_dagrun for example_kubernetes_executor to None, run_after=None
[2024-07-31T12:33:11.457+0000] {processor.py:176} INFO - Processing /home/airflow/.local/lib/python3.7/site-packages/airflow/example_dags/example_kubernetes_executor.py took 0.169 seconds
[2024-07-31T12:33:48.088+0000] {processor.py:154} INFO - Started process (PID=2538) to work on /home/airflow/.local/lib/python3.7/site-packages/airflow/example_dags/example_kubernetes_executor.py
[2024-07-31T12:33:48.089+0000] {processor.py:756} INFO - Processing file /home/airflow/.local/lib/python3.7/site-packages/airflow/example_dags/example_kubernetes_executor.py for tasks to queue
[2024-07-31T12:33:48.090+0000] {logging_mixin.py:120} INFO - [2024-07-31T12:33:48.090+0000] {dagbag.py:537} INFO - Filling up the DagBag from /home/airflow/.local/lib/python3.7/site-packages/airflow/example_dags/example_kubernetes_executor.py
[2024-07-31T12:33:48.131+0000] {processor.py:766} INFO - DAG(s) dict_keys(['example_kubernetes_executor']) retrieved from /home/airflow/.local/lib/python3.7/site-packages/airflow/example_dags/example_kubernetes_executor.py
[2024-07-31T12:33:48.292+0000] {logging_mixin.py:120} INFO - [2024-07-31T12:33:48.292+0000] {dag.py:2585} INFO - Sync 1 DAGs
[2024-07-31T12:33:48.446+0000] {logging_mixin.py:120} INFO - [2024-07-31T12:33:48.446+0000] {dag.py:3340} INFO - Setting next_dagrun for example_kubernetes_executor to None, run_after=None
[2024-07-31T12:33:48.567+0000] {processor.py:176} INFO - Processing /home/airflow/.local/lib/python3.7/site-packages/airflow/example_dags/example_kubernetes_executor.py took 0.484 seconds
[2024-07-31T12:34:19.176+0000] {processor.py:154} INFO - Started process (PID=2592) to work on /home/airflow/.local/lib/python3.7/site-packages/airflow/example_dags/example_kubernetes_executor.py
[2024-07-31T12:34:19.180+0000] {processor.py:756} INFO - Processing file /home/airflow/.local/lib/python3.7/site-packages/airflow/example_dags/example_kubernetes_executor.py for tasks to queue
[2024-07-31T12:34:19.187+0000] {logging_mixin.py:120} INFO - [2024-07-31T12:34:19.186+0000] {dagbag.py:537} INFO - Filling up the DagBag from /home/airflow/.local/lib/python3.7/site-packages/airflow/example_dags/example_kubernetes_executor.py
[2024-07-31T12:34:19.323+0000] {processor.py:766} INFO - DAG(s) dict_keys(['example_kubernetes_executor']) retrieved from /home/airflow/.local/lib/python3.7/site-packages/airflow/example_dags/example_kubernetes_executor.py
[2024-07-31T12:34:19.464+0000] {logging_mixin.py:120} INFO - [2024-07-31T12:34:19.464+0000] {dag.py:2585} INFO - Sync 1 DAGs
[2024-07-31T12:34:19.656+0000] {logging_mixin.py:120} INFO - [2024-07-31T12:34:19.656+0000] {dag.py:3340} INFO - Setting next_dagrun for example_kubernetes_executor to None, run_after=None
[2024-07-31T12:34:19.769+0000] {processor.py:176} INFO - Processing /home/airflow/.local/lib/python3.7/site-packages/airflow/example_dags/example_kubernetes_executor.py took 0.611 seconds
[2024-07-31T12:34:50.080+0000] {processor.py:154} INFO - Started process (PID=2655) to work on /home/airflow/.local/lib/python3.7/site-packages/airflow/example_dags/example_kubernetes_executor.py
[2024-07-31T12:34:50.081+0000] {processor.py:756} INFO - Processing file /home/airflow/.local/lib/python3.7/site-packages/airflow/example_dags/example_kubernetes_executor.py for tasks to queue
[2024-07-31T12:34:50.082+0000] {logging_mixin.py:120} INFO - [2024-07-31T12:34:50.082+0000] {dagbag.py:537} INFO - Filling up the DagBag from /home/airflow/.local/lib/python3.7/site-packages/airflow/example_dags/example_kubernetes_executor.py
[2024-07-31T12:34:50.116+0000] {processor.py:766} INFO - DAG(s) dict_keys(['example_kubernetes_executor']) retrieved from /home/airflow/.local/lib/python3.7/site-packages/airflow/example_dags/example_kubernetes_executor.py
[2024-07-31T12:34:50.168+0000] {logging_mixin.py:120} INFO - [2024-07-31T12:34:50.167+0000] {dag.py:2585} INFO - Sync 1 DAGs
[2024-07-31T12:34:50.200+0000] {logging_mixin.py:120} INFO - [2024-07-31T12:34:50.200+0000] {dag.py:3340} INFO - Setting next_dagrun for example_kubernetes_executor to None, run_after=None
[2024-07-31T12:34:50.228+0000] {processor.py:176} INFO - Processing /home/airflow/.local/lib/python3.7/site-packages/airflow/example_dags/example_kubernetes_executor.py took 0.152 seconds
[2024-07-31T12:35:20.619+0000] {processor.py:154} INFO - Started process (PID=2709) to work on /home/airflow/.local/lib/python3.7/site-packages/airflow/example_dags/example_kubernetes_executor.py
[2024-07-31T12:35:20.630+0000] {processor.py:756} INFO - Processing file /home/airflow/.local/lib/python3.7/site-packages/airflow/example_dags/example_kubernetes_executor.py for tasks to queue
[2024-07-31T12:35:20.631+0000] {logging_mixin.py:120} INFO - [2024-07-31T12:35:20.631+0000] {dagbag.py:537} INFO - Filling up the DagBag from /home/airflow/.local/lib/python3.7/site-packages/airflow/example_dags/example_kubernetes_executor.py
[2024-07-31T12:35:20.676+0000] {processor.py:766} INFO - DAG(s) dict_keys(['example_kubernetes_executor']) retrieved from /home/airflow/.local/lib/python3.7/site-packages/airflow/example_dags/example_kubernetes_executor.py
[2024-07-31T12:35:20.734+0000] {logging_mixin.py:120} INFO - [2024-07-31T12:35:20.734+0000] {dag.py:2585} INFO - Sync 1 DAGs
[2024-07-31T12:35:20.771+0000] {logging_mixin.py:120} INFO - [2024-07-31T12:35:20.771+0000] {dag.py:3340} INFO - Setting next_dagrun for example_kubernetes_executor to None, run_after=None
[2024-07-31T12:35:20.795+0000] {processor.py:176} INFO - Processing /home/airflow/.local/lib/python3.7/site-packages/airflow/example_dags/example_kubernetes_executor.py took 0.179 seconds
[2024-07-31T12:35:51.896+0000] {processor.py:154} INFO - Started process (PID=2772) to work on /home/airflow/.local/lib/python3.7/site-packages/airflow/example_dags/example_kubernetes_executor.py
[2024-07-31T12:35:51.898+0000] {processor.py:756} INFO - Processing file /home/airflow/.local/lib/python3.7/site-packages/airflow/example_dags/example_kubernetes_executor.py for tasks to queue
[2024-07-31T12:35:51.899+0000] {logging_mixin.py:120} INFO - [2024-07-31T12:35:51.899+0000] {dagbag.py:537} INFO - Filling up the DagBag from /home/airflow/.local/lib/python3.7/site-packages/airflow/example_dags/example_kubernetes_executor.py
[2024-07-31T12:35:51.943+0000] {processor.py:766} INFO - DAG(s) dict_keys(['example_kubernetes_executor']) retrieved from /home/airflow/.local/lib/python3.7/site-packages/airflow/example_dags/example_kubernetes_executor.py
[2024-07-31T12:35:52.061+0000] {logging_mixin.py:120} INFO - [2024-07-31T12:35:52.060+0000] {dag.py:2585} INFO - Sync 1 DAGs
[2024-07-31T12:35:52.161+0000] {logging_mixin.py:120} INFO - [2024-07-31T12:35:52.160+0000] {dag.py:3340} INFO - Setting next_dagrun for example_kubernetes_executor to None, run_after=None
[2024-07-31T12:35:52.376+0000] {processor.py:176} INFO - Processing /home/airflow/.local/lib/python3.7/site-packages/airflow/example_dags/example_kubernetes_executor.py took 0.484 seconds
[2024-07-31T12:36:22.657+0000] {processor.py:154} INFO - Started process (PID=2836) to work on /home/airflow/.local/lib/python3.7/site-packages/airflow/example_dags/example_kubernetes_executor.py
[2024-07-31T12:36:22.658+0000] {processor.py:756} INFO - Processing file /home/airflow/.local/lib/python3.7/site-packages/airflow/example_dags/example_kubernetes_executor.py for tasks to queue
[2024-07-31T12:36:22.660+0000] {logging_mixin.py:120} INFO - [2024-07-31T12:36:22.660+0000] {dagbag.py:537} INFO - Filling up the DagBag from /home/airflow/.local/lib/python3.7/site-packages/airflow/example_dags/example_kubernetes_executor.py
[2024-07-31T12:36:22.706+0000] {processor.py:766} INFO - DAG(s) dict_keys(['example_kubernetes_executor']) retrieved from /home/airflow/.local/lib/python3.7/site-packages/airflow/example_dags/example_kubernetes_executor.py
[2024-07-31T12:36:22.792+0000] {logging_mixin.py:120} INFO - [2024-07-31T12:36:22.792+0000] {dag.py:2585} INFO - Sync 1 DAGs
[2024-07-31T12:36:22.828+0000] {logging_mixin.py:120} INFO - [2024-07-31T12:36:22.828+0000] {dag.py:3340} INFO - Setting next_dagrun for example_kubernetes_executor to None, run_after=None
[2024-07-31T12:36:22.862+0000] {processor.py:176} INFO - Processing /home/airflow/.local/lib/python3.7/site-packages/airflow/example_dags/example_kubernetes_executor.py took 0.211 seconds
