[2024-07-31T12:12:26.971+0000] {processor.py:154} INFO - Started process (PID=90) to work on /home/airflow/.local/lib/python3.7/site-packages/airflow/example_dags/example_trigger_target_dag.py
[2024-07-31T12:12:26.974+0000] {processor.py:756} INFO - Processing file /home/airflow/.local/lib/python3.7/site-packages/airflow/example_dags/example_trigger_target_dag.py for tasks to queue
[2024-07-31T12:12:26.982+0000] {logging_mixin.py:120} INFO - [2024-07-31T12:12:26.982+0000] {dagbag.py:537} INFO - Filling up the DagBag from /home/airflow/.local/lib/python3.7/site-packages/airflow/example_dags/example_trigger_target_dag.py
[2024-07-31T12:12:27.042+0000] {processor.py:766} INFO - DAG(s) dict_keys(['example_trigger_target_dag']) retrieved from /home/airflow/.local/lib/python3.7/site-packages/airflow/example_dags/example_trigger_target_dag.py
[2024-07-31T12:12:27.509+0000] {logging_mixin.py:120} INFO - [2024-07-31T12:12:27.509+0000] {manager.py:507} INFO - Created Permission View: can read on DAG:example_trigger_target_dag
[2024-07-31T12:12:27.545+0000] {logging_mixin.py:120} INFO - [2024-07-31T12:12:27.544+0000] {manager.py:507} INFO - Created Permission View: can delete on DAG:example_trigger_target_dag
[2024-07-31T12:12:27.576+0000] {logging_mixin.py:120} INFO - [2024-07-31T12:12:27.576+0000] {manager.py:507} INFO - Created Permission View: can edit on DAG:example_trigger_target_dag
[2024-07-31T12:12:27.577+0000] {logging_mixin.py:120} INFO - [2024-07-31T12:12:27.577+0000] {dag.py:2585} INFO - Sync 1 DAGs
[2024-07-31T12:12:27.603+0000] {logging_mixin.py:120} INFO - [2024-07-31T12:12:27.603+0000] {dag.py:2606} INFO - Creating ORM DAG for example_trigger_target_dag
[2024-07-31T12:12:27.637+0000] {logging_mixin.py:120} INFO - [2024-07-31T12:12:27.635+0000] {dag.py:3340} INFO - Setting next_dagrun for example_trigger_target_dag to None, run_after=None
[2024-07-31T12:12:27.694+0000] {processor.py:176} INFO - Processing /home/airflow/.local/lib/python3.7/site-packages/airflow/example_dags/example_trigger_target_dag.py took 0.733 seconds
[2024-07-31T12:12:58.021+0000] {processor.py:154} INFO - Started process (PID=144) to work on /home/airflow/.local/lib/python3.7/site-packages/airflow/example_dags/example_trigger_target_dag.py
[2024-07-31T12:12:58.022+0000] {processor.py:756} INFO - Processing file /home/airflow/.local/lib/python3.7/site-packages/airflow/example_dags/example_trigger_target_dag.py for tasks to queue
[2024-07-31T12:12:58.023+0000] {logging_mixin.py:120} INFO - [2024-07-31T12:12:58.023+0000] {dagbag.py:537} INFO - Filling up the DagBag from /home/airflow/.local/lib/python3.7/site-packages/airflow/example_dags/example_trigger_target_dag.py
[2024-07-31T12:12:58.181+0000] {processor.py:766} INFO - DAG(s) dict_keys(['example_trigger_target_dag']) retrieved from /home/airflow/.local/lib/python3.7/site-packages/airflow/example_dags/example_trigger_target_dag.py
[2024-07-31T12:12:58.226+0000] {logging_mixin.py:120} INFO - [2024-07-31T12:12:58.225+0000] {dag.py:2585} INFO - Sync 1 DAGs
[2024-07-31T12:12:58.362+0000] {logging_mixin.py:120} INFO - [2024-07-31T12:12:58.362+0000] {dag.py:3340} INFO - Setting next_dagrun for example_trigger_target_dag to None, run_after=None
[2024-07-31T12:12:58.401+0000] {processor.py:176} INFO - Processing /home/airflow/.local/lib/python3.7/site-packages/airflow/example_dags/example_trigger_target_dag.py took 0.384 seconds
[2024-07-31T12:13:28.915+0000] {processor.py:154} INFO - Started process (PID=208) to work on /home/airflow/.local/lib/python3.7/site-packages/airflow/example_dags/example_trigger_target_dag.py
[2024-07-31T12:13:28.916+0000] {processor.py:756} INFO - Processing file /home/airflow/.local/lib/python3.7/site-packages/airflow/example_dags/example_trigger_target_dag.py for tasks to queue
[2024-07-31T12:13:28.917+0000] {logging_mixin.py:120} INFO - [2024-07-31T12:13:28.917+0000] {dagbag.py:537} INFO - Filling up the DagBag from /home/airflow/.local/lib/python3.7/site-packages/airflow/example_dags/example_trigger_target_dag.py
[2024-07-31T12:13:28.951+0000] {processor.py:766} INFO - DAG(s) dict_keys(['example_trigger_target_dag']) retrieved from /home/airflow/.local/lib/python3.7/site-packages/airflow/example_dags/example_trigger_target_dag.py
[2024-07-31T12:13:29.000+0000] {logging_mixin.py:120} INFO - [2024-07-31T12:13:29.000+0000] {dag.py:2585} INFO - Sync 1 DAGs
[2024-07-31T12:13:29.050+0000] {logging_mixin.py:120} INFO - [2024-07-31T12:13:29.050+0000] {dag.py:3340} INFO - Setting next_dagrun for example_trigger_target_dag to None, run_after=None
[2024-07-31T12:13:29.084+0000] {processor.py:176} INFO - Processing /home/airflow/.local/lib/python3.7/site-packages/airflow/example_dags/example_trigger_target_dag.py took 0.174 seconds
[2024-07-31T12:13:59.380+0000] {processor.py:154} INFO - Started process (PID=262) to work on /home/airflow/.local/lib/python3.7/site-packages/airflow/example_dags/example_trigger_target_dag.py
[2024-07-31T12:13:59.381+0000] {processor.py:756} INFO - Processing file /home/airflow/.local/lib/python3.7/site-packages/airflow/example_dags/example_trigger_target_dag.py for tasks to queue
[2024-07-31T12:13:59.382+0000] {logging_mixin.py:120} INFO - [2024-07-31T12:13:59.382+0000] {dagbag.py:537} INFO - Filling up the DagBag from /home/airflow/.local/lib/python3.7/site-packages/airflow/example_dags/example_trigger_target_dag.py
[2024-07-31T12:13:59.414+0000] {processor.py:766} INFO - DAG(s) dict_keys(['example_trigger_target_dag']) retrieved from /home/airflow/.local/lib/python3.7/site-packages/airflow/example_dags/example_trigger_target_dag.py
[2024-07-31T12:13:59.491+0000] {logging_mixin.py:120} INFO - [2024-07-31T12:13:59.491+0000] {dag.py:2585} INFO - Sync 1 DAGs
[2024-07-31T12:13:59.558+0000] {logging_mixin.py:120} INFO - [2024-07-31T12:13:59.557+0000] {dag.py:3340} INFO - Setting next_dagrun for example_trigger_target_dag to None, run_after=None
[2024-07-31T12:13:59.625+0000] {processor.py:176} INFO - Processing /home/airflow/.local/lib/python3.7/site-packages/airflow/example_dags/example_trigger_target_dag.py took 0.248 seconds
[2024-07-31T12:14:29.938+0000] {processor.py:154} INFO - Started process (PID=327) to work on /home/airflow/.local/lib/python3.7/site-packages/airflow/example_dags/example_trigger_target_dag.py
[2024-07-31T12:14:29.939+0000] {processor.py:756} INFO - Processing file /home/airflow/.local/lib/python3.7/site-packages/airflow/example_dags/example_trigger_target_dag.py for tasks to queue
[2024-07-31T12:14:29.940+0000] {logging_mixin.py:120} INFO - [2024-07-31T12:14:29.940+0000] {dagbag.py:537} INFO - Filling up the DagBag from /home/airflow/.local/lib/python3.7/site-packages/airflow/example_dags/example_trigger_target_dag.py
[2024-07-31T12:14:29.966+0000] {processor.py:766} INFO - DAG(s) dict_keys(['example_trigger_target_dag']) retrieved from /home/airflow/.local/lib/python3.7/site-packages/airflow/example_dags/example_trigger_target_dag.py
[2024-07-31T12:14:30.034+0000] {logging_mixin.py:120} INFO - [2024-07-31T12:14:30.034+0000] {dag.py:2585} INFO - Sync 1 DAGs
[2024-07-31T12:14:30.066+0000] {logging_mixin.py:120} INFO - [2024-07-31T12:14:30.066+0000] {dag.py:3340} INFO - Setting next_dagrun for example_trigger_target_dag to None, run_after=None
[2024-07-31T12:14:30.093+0000] {processor.py:176} INFO - Processing /home/airflow/.local/lib/python3.7/site-packages/airflow/example_dags/example_trigger_target_dag.py took 0.159 seconds
[2024-07-31T12:15:00.783+0000] {processor.py:154} INFO - Started process (PID=391) to work on /home/airflow/.local/lib/python3.7/site-packages/airflow/example_dags/example_trigger_target_dag.py
[2024-07-31T12:15:00.789+0000] {processor.py:756} INFO - Processing file /home/airflow/.local/lib/python3.7/site-packages/airflow/example_dags/example_trigger_target_dag.py for tasks to queue
[2024-07-31T12:15:00.790+0000] {logging_mixin.py:120} INFO - [2024-07-31T12:15:00.790+0000] {dagbag.py:537} INFO - Filling up the DagBag from /home/airflow/.local/lib/python3.7/site-packages/airflow/example_dags/example_trigger_target_dag.py
[2024-07-31T12:15:00.826+0000] {processor.py:766} INFO - DAG(s) dict_keys(['example_trigger_target_dag']) retrieved from /home/airflow/.local/lib/python3.7/site-packages/airflow/example_dags/example_trigger_target_dag.py
[2024-07-31T12:15:01.032+0000] {logging_mixin.py:120} INFO - [2024-07-31T12:15:01.032+0000] {dag.py:2585} INFO - Sync 1 DAGs
[2024-07-31T12:15:01.340+0000] {logging_mixin.py:120} INFO - [2024-07-31T12:15:01.337+0000] {dag.py:3340} INFO - Setting next_dagrun for example_trigger_target_dag to None, run_after=None
[2024-07-31T12:15:01.436+0000] {processor.py:176} INFO - Processing /home/airflow/.local/lib/python3.7/site-packages/airflow/example_dags/example_trigger_target_dag.py took 0.660 seconds
[2024-07-31T12:15:31.848+0000] {processor.py:154} INFO - Started process (PID=445) to work on /home/airflow/.local/lib/python3.7/site-packages/airflow/example_dags/example_trigger_target_dag.py
[2024-07-31T12:15:31.851+0000] {processor.py:756} INFO - Processing file /home/airflow/.local/lib/python3.7/site-packages/airflow/example_dags/example_trigger_target_dag.py for tasks to queue
[2024-07-31T12:15:31.853+0000] {logging_mixin.py:120} INFO - [2024-07-31T12:15:31.852+0000] {dagbag.py:537} INFO - Filling up the DagBag from /home/airflow/.local/lib/python3.7/site-packages/airflow/example_dags/example_trigger_target_dag.py
[2024-07-31T12:15:31.893+0000] {processor.py:766} INFO - DAG(s) dict_keys(['example_trigger_target_dag']) retrieved from /home/airflow/.local/lib/python3.7/site-packages/airflow/example_dags/example_trigger_target_dag.py
[2024-07-31T12:15:31.960+0000] {logging_mixin.py:120} INFO - [2024-07-31T12:15:31.960+0000] {dag.py:2585} INFO - Sync 1 DAGs
[2024-07-31T12:15:32.011+0000] {logging_mixin.py:120} INFO - [2024-07-31T12:15:32.011+0000] {dag.py:3340} INFO - Setting next_dagrun for example_trigger_target_dag to None, run_after=None
[2024-07-31T12:15:32.045+0000] {processor.py:176} INFO - Processing /home/airflow/.local/lib/python3.7/site-packages/airflow/example_dags/example_trigger_target_dag.py took 0.202 seconds
[2024-07-31T12:16:02.259+0000] {processor.py:154} INFO - Started process (PID=508) to work on /home/airflow/.local/lib/python3.7/site-packages/airflow/example_dags/example_trigger_target_dag.py
[2024-07-31T12:16:02.260+0000] {processor.py:756} INFO - Processing file /home/airflow/.local/lib/python3.7/site-packages/airflow/example_dags/example_trigger_target_dag.py for tasks to queue
[2024-07-31T12:16:02.262+0000] {logging_mixin.py:120} INFO - [2024-07-31T12:16:02.261+0000] {dagbag.py:537} INFO - Filling up the DagBag from /home/airflow/.local/lib/python3.7/site-packages/airflow/example_dags/example_trigger_target_dag.py
[2024-07-31T12:16:02.303+0000] {processor.py:766} INFO - DAG(s) dict_keys(['example_trigger_target_dag']) retrieved from /home/airflow/.local/lib/python3.7/site-packages/airflow/example_dags/example_trigger_target_dag.py
[2024-07-31T12:16:02.356+0000] {logging_mixin.py:120} INFO - [2024-07-31T12:16:02.356+0000] {dag.py:2585} INFO - Sync 1 DAGs
[2024-07-31T12:16:02.397+0000] {logging_mixin.py:120} INFO - [2024-07-31T12:16:02.397+0000] {dag.py:3340} INFO - Setting next_dagrun for example_trigger_target_dag to None, run_after=None
[2024-07-31T12:16:02.428+0000] {processor.py:176} INFO - Processing /home/airflow/.local/lib/python3.7/site-packages/airflow/example_dags/example_trigger_target_dag.py took 0.174 seconds
[2024-07-31T12:16:35.365+0000] {processor.py:154} INFO - Started process (PID=571) to work on /home/airflow/.local/lib/python3.7/site-packages/airflow/example_dags/example_trigger_target_dag.py
[2024-07-31T12:16:35.366+0000] {processor.py:756} INFO - Processing file /home/airflow/.local/lib/python3.7/site-packages/airflow/example_dags/example_trigger_target_dag.py for tasks to queue
[2024-07-31T12:16:35.368+0000] {logging_mixin.py:120} INFO - [2024-07-31T12:16:35.368+0000] {dagbag.py:537} INFO - Filling up the DagBag from /home/airflow/.local/lib/python3.7/site-packages/airflow/example_dags/example_trigger_target_dag.py
[2024-07-31T12:16:35.400+0000] {processor.py:766} INFO - DAG(s) dict_keys(['example_trigger_target_dag']) retrieved from /home/airflow/.local/lib/python3.7/site-packages/airflow/example_dags/example_trigger_target_dag.py
[2024-07-31T12:16:35.450+0000] {logging_mixin.py:120} INFO - [2024-07-31T12:16:35.450+0000] {dag.py:2585} INFO - Sync 1 DAGs
[2024-07-31T12:16:35.481+0000] {logging_mixin.py:120} INFO - [2024-07-31T12:16:35.481+0000] {dag.py:3340} INFO - Setting next_dagrun for example_trigger_target_dag to None, run_after=None
[2024-07-31T12:16:35.514+0000] {processor.py:176} INFO - Processing /home/airflow/.local/lib/python3.7/site-packages/airflow/example_dags/example_trigger_target_dag.py took 0.155 seconds
[2024-07-31T12:17:07.834+0000] {processor.py:154} INFO - Started process (PID=625) to work on /home/airflow/.local/lib/python3.7/site-packages/airflow/example_dags/example_trigger_target_dag.py
[2024-07-31T12:17:07.837+0000] {processor.py:756} INFO - Processing file /home/airflow/.local/lib/python3.7/site-packages/airflow/example_dags/example_trigger_target_dag.py for tasks to queue
[2024-07-31T12:17:07.839+0000] {logging_mixin.py:120} INFO - [2024-07-31T12:17:07.838+0000] {dagbag.py:537} INFO - Filling up the DagBag from /home/airflow/.local/lib/python3.7/site-packages/airflow/example_dags/example_trigger_target_dag.py
[2024-07-31T12:17:07.876+0000] {processor.py:766} INFO - DAG(s) dict_keys(['example_trigger_target_dag']) retrieved from /home/airflow/.local/lib/python3.7/site-packages/airflow/example_dags/example_trigger_target_dag.py
[2024-07-31T12:17:07.935+0000] {logging_mixin.py:120} INFO - [2024-07-31T12:17:07.935+0000] {dag.py:2585} INFO - Sync 1 DAGs
[2024-07-31T12:17:07.969+0000] {logging_mixin.py:120} INFO - [2024-07-31T12:17:07.969+0000] {dag.py:3340} INFO - Setting next_dagrun for example_trigger_target_dag to None, run_after=None
[2024-07-31T12:17:07.999+0000] {processor.py:176} INFO - Processing /home/airflow/.local/lib/python3.7/site-packages/airflow/example_dags/example_trigger_target_dag.py took 0.169 seconds
[2024-07-31T12:17:39.293+0000] {processor.py:154} INFO - Started process (PID=687) to work on /home/airflow/.local/lib/python3.7/site-packages/airflow/example_dags/example_trigger_target_dag.py
[2024-07-31T12:17:39.457+0000] {processor.py:756} INFO - Processing file /home/airflow/.local/lib/python3.7/site-packages/airflow/example_dags/example_trigger_target_dag.py for tasks to queue
[2024-07-31T12:17:39.572+0000] {logging_mixin.py:120} INFO - [2024-07-31T12:17:39.572+0000] {dagbag.py:537} INFO - Filling up the DagBag from /home/airflow/.local/lib/python3.7/site-packages/airflow/example_dags/example_trigger_target_dag.py
[2024-07-31T12:17:39.750+0000] {processor.py:766} INFO - DAG(s) dict_keys(['example_trigger_target_dag']) retrieved from /home/airflow/.local/lib/python3.7/site-packages/airflow/example_dags/example_trigger_target_dag.py
[2024-07-31T12:17:39.875+0000] {logging_mixin.py:120} INFO - [2024-07-31T12:17:39.874+0000] {dag.py:2585} INFO - Sync 1 DAGs
[2024-07-31T12:17:40.042+0000] {logging_mixin.py:120} INFO - [2024-07-31T12:17:40.042+0000] {dag.py:3340} INFO - Setting next_dagrun for example_trigger_target_dag to None, run_after=None
[2024-07-31T12:17:40.234+0000] {processor.py:176} INFO - Processing /home/airflow/.local/lib/python3.7/site-packages/airflow/example_dags/example_trigger_target_dag.py took 0.945 seconds
[2024-07-31T12:18:11.026+0000] {processor.py:154} INFO - Started process (PID=741) to work on /home/airflow/.local/lib/python3.7/site-packages/airflow/example_dags/example_trigger_target_dag.py
[2024-07-31T12:18:11.030+0000] {processor.py:756} INFO - Processing file /home/airflow/.local/lib/python3.7/site-packages/airflow/example_dags/example_trigger_target_dag.py for tasks to queue
[2024-07-31T12:18:11.035+0000] {logging_mixin.py:120} INFO - [2024-07-31T12:18:11.035+0000] {dagbag.py:537} INFO - Filling up the DagBag from /home/airflow/.local/lib/python3.7/site-packages/airflow/example_dags/example_trigger_target_dag.py
[2024-07-31T12:18:11.065+0000] {processor.py:766} INFO - DAG(s) dict_keys(['example_trigger_target_dag']) retrieved from /home/airflow/.local/lib/python3.7/site-packages/airflow/example_dags/example_trigger_target_dag.py
[2024-07-31T12:18:11.256+0000] {logging_mixin.py:120} INFO - [2024-07-31T12:18:11.256+0000] {dag.py:2585} INFO - Sync 1 DAGs
[2024-07-31T12:18:11.474+0000] {logging_mixin.py:120} INFO - [2024-07-31T12:18:11.474+0000] {dag.py:3340} INFO - Setting next_dagrun for example_trigger_target_dag to None, run_after=None
[2024-07-31T12:18:11.544+0000] {processor.py:176} INFO - Processing /home/airflow/.local/lib/python3.7/site-packages/airflow/example_dags/example_trigger_target_dag.py took 0.522 seconds
[2024-07-31T12:18:42.734+0000] {processor.py:154} INFO - Started process (PID=803) to work on /home/airflow/.local/lib/python3.7/site-packages/airflow/example_dags/example_trigger_target_dag.py
[2024-07-31T12:18:42.738+0000] {processor.py:756} INFO - Processing file /home/airflow/.local/lib/python3.7/site-packages/airflow/example_dags/example_trigger_target_dag.py for tasks to queue
[2024-07-31T12:18:42.740+0000] {logging_mixin.py:120} INFO - [2024-07-31T12:18:42.740+0000] {dagbag.py:537} INFO - Filling up the DagBag from /home/airflow/.local/lib/python3.7/site-packages/airflow/example_dags/example_trigger_target_dag.py
[2024-07-31T12:18:42.766+0000] {processor.py:766} INFO - DAG(s) dict_keys(['example_trigger_target_dag']) retrieved from /home/airflow/.local/lib/python3.7/site-packages/airflow/example_dags/example_trigger_target_dag.py
[2024-07-31T12:18:42.867+0000] {logging_mixin.py:120} INFO - [2024-07-31T12:18:42.867+0000] {dag.py:2585} INFO - Sync 1 DAGs
[2024-07-31T12:18:42.902+0000] {logging_mixin.py:120} INFO - [2024-07-31T12:18:42.901+0000] {dag.py:3340} INFO - Setting next_dagrun for example_trigger_target_dag to None, run_after=None
[2024-07-31T12:18:42.949+0000] {processor.py:176} INFO - Processing /home/airflow/.local/lib/python3.7/site-packages/airflow/example_dags/example_trigger_target_dag.py took 0.218 seconds
[2024-07-31T12:19:13.988+0000] {processor.py:154} INFO - Started process (PID=866) to work on /home/airflow/.local/lib/python3.7/site-packages/airflow/example_dags/example_trigger_target_dag.py
[2024-07-31T12:19:13.990+0000] {processor.py:756} INFO - Processing file /home/airflow/.local/lib/python3.7/site-packages/airflow/example_dags/example_trigger_target_dag.py for tasks to queue
[2024-07-31T12:19:13.991+0000] {logging_mixin.py:120} INFO - [2024-07-31T12:19:13.991+0000] {dagbag.py:537} INFO - Filling up the DagBag from /home/airflow/.local/lib/python3.7/site-packages/airflow/example_dags/example_trigger_target_dag.py
[2024-07-31T12:19:14.022+0000] {processor.py:766} INFO - DAG(s) dict_keys(['example_trigger_target_dag']) retrieved from /home/airflow/.local/lib/python3.7/site-packages/airflow/example_dags/example_trigger_target_dag.py
[2024-07-31T12:19:14.094+0000] {logging_mixin.py:120} INFO - [2024-07-31T12:19:14.093+0000] {dag.py:2585} INFO - Sync 1 DAGs
[2024-07-31T12:19:14.138+0000] {logging_mixin.py:120} INFO - [2024-07-31T12:19:14.138+0000] {dag.py:3340} INFO - Setting next_dagrun for example_trigger_target_dag to None, run_after=None
[2024-07-31T12:19:14.168+0000] {processor.py:176} INFO - Processing /home/airflow/.local/lib/python3.7/site-packages/airflow/example_dags/example_trigger_target_dag.py took 0.187 seconds
[2024-07-31T12:19:44.221+0000] {processor.py:154} INFO - Started process (PID=920) to work on /home/airflow/.local/lib/python3.7/site-packages/airflow/example_dags/example_trigger_target_dag.py
[2024-07-31T12:19:44.281+0000] {processor.py:756} INFO - Processing file /home/airflow/.local/lib/python3.7/site-packages/airflow/example_dags/example_trigger_target_dag.py for tasks to queue
[2024-07-31T12:19:44.381+0000] {logging_mixin.py:120} INFO - [2024-07-31T12:19:44.381+0000] {dagbag.py:537} INFO - Filling up the DagBag from /home/airflow/.local/lib/python3.7/site-packages/airflow/example_dags/example_trigger_target_dag.py
[2024-07-31T12:19:44.476+0000] {processor.py:766} INFO - DAG(s) dict_keys(['example_trigger_target_dag']) retrieved from /home/airflow/.local/lib/python3.7/site-packages/airflow/example_dags/example_trigger_target_dag.py
[2024-07-31T12:19:44.579+0000] {logging_mixin.py:120} INFO - [2024-07-31T12:19:44.579+0000] {dag.py:2585} INFO - Sync 1 DAGs
[2024-07-31T12:19:44.610+0000] {logging_mixin.py:120} INFO - [2024-07-31T12:19:44.610+0000] {dag.py:3340} INFO - Setting next_dagrun for example_trigger_target_dag to None, run_after=None
[2024-07-31T12:19:44.673+0000] {processor.py:176} INFO - Processing /home/airflow/.local/lib/python3.7/site-packages/airflow/example_dags/example_trigger_target_dag.py took 0.455 seconds
[2024-07-31T12:20:16.327+0000] {processor.py:154} INFO - Started process (PID=982) to work on /home/airflow/.local/lib/python3.7/site-packages/airflow/example_dags/example_trigger_target_dag.py
[2024-07-31T12:20:16.346+0000] {processor.py:756} INFO - Processing file /home/airflow/.local/lib/python3.7/site-packages/airflow/example_dags/example_trigger_target_dag.py for tasks to queue
[2024-07-31T12:20:16.364+0000] {logging_mixin.py:120} INFO - [2024-07-31T12:20:16.364+0000] {dagbag.py:537} INFO - Filling up the DagBag from /home/airflow/.local/lib/python3.7/site-packages/airflow/example_dags/example_trigger_target_dag.py
[2024-07-31T12:20:16.414+0000] {processor.py:766} INFO - DAG(s) dict_keys(['example_trigger_target_dag']) retrieved from /home/airflow/.local/lib/python3.7/site-packages/airflow/example_dags/example_trigger_target_dag.py
[2024-07-31T12:20:16.676+0000] {logging_mixin.py:120} INFO - [2024-07-31T12:20:16.675+0000] {dag.py:2585} INFO - Sync 1 DAGs
[2024-07-31T12:20:16.749+0000] {logging_mixin.py:120} INFO - [2024-07-31T12:20:16.749+0000] {dag.py:3340} INFO - Setting next_dagrun for example_trigger_target_dag to None, run_after=None
[2024-07-31T12:20:16.866+0000] {processor.py:176} INFO - Processing /home/airflow/.local/lib/python3.7/site-packages/airflow/example_dags/example_trigger_target_dag.py took 0.544 seconds
[2024-07-31T12:20:47.810+0000] {processor.py:154} INFO - Started process (PID=1045) to work on /home/airflow/.local/lib/python3.7/site-packages/airflow/example_dags/example_trigger_target_dag.py
[2024-07-31T12:20:47.811+0000] {processor.py:756} INFO - Processing file /home/airflow/.local/lib/python3.7/site-packages/airflow/example_dags/example_trigger_target_dag.py for tasks to queue
[2024-07-31T12:20:47.812+0000] {logging_mixin.py:120} INFO - [2024-07-31T12:20:47.812+0000] {dagbag.py:537} INFO - Filling up the DagBag from /home/airflow/.local/lib/python3.7/site-packages/airflow/example_dags/example_trigger_target_dag.py
[2024-07-31T12:20:47.833+0000] {processor.py:766} INFO - DAG(s) dict_keys(['example_trigger_target_dag']) retrieved from /home/airflow/.local/lib/python3.7/site-packages/airflow/example_dags/example_trigger_target_dag.py
[2024-07-31T12:20:47.877+0000] {logging_mixin.py:120} INFO - [2024-07-31T12:20:47.877+0000] {dag.py:2585} INFO - Sync 1 DAGs
[2024-07-31T12:20:47.904+0000] {logging_mixin.py:120} INFO - [2024-07-31T12:20:47.904+0000] {dag.py:3340} INFO - Setting next_dagrun for example_trigger_target_dag to None, run_after=None
[2024-07-31T12:20:47.926+0000] {processor.py:176} INFO - Processing /home/airflow/.local/lib/python3.7/site-packages/airflow/example_dags/example_trigger_target_dag.py took 0.118 seconds
[2024-07-31T12:21:20.045+0000] {processor.py:154} INFO - Started process (PID=1099) to work on /home/airflow/.local/lib/python3.7/site-packages/airflow/example_dags/example_trigger_target_dag.py
[2024-07-31T12:21:20.089+0000] {processor.py:756} INFO - Processing file /home/airflow/.local/lib/python3.7/site-packages/airflow/example_dags/example_trigger_target_dag.py for tasks to queue
[2024-07-31T12:21:20.128+0000] {logging_mixin.py:120} INFO - [2024-07-31T12:21:20.128+0000] {dagbag.py:537} INFO - Filling up the DagBag from /home/airflow/.local/lib/python3.7/site-packages/airflow/example_dags/example_trigger_target_dag.py
[2024-07-31T12:21:20.185+0000] {processor.py:766} INFO - DAG(s) dict_keys(['example_trigger_target_dag']) retrieved from /home/airflow/.local/lib/python3.7/site-packages/airflow/example_dags/example_trigger_target_dag.py
[2024-07-31T12:21:20.289+0000] {logging_mixin.py:120} INFO - [2024-07-31T12:21:20.288+0000] {dag.py:2585} INFO - Sync 1 DAGs
[2024-07-31T12:21:20.347+0000] {logging_mixin.py:120} INFO - [2024-07-31T12:21:20.347+0000] {dag.py:3340} INFO - Setting next_dagrun for example_trigger_target_dag to None, run_after=None
[2024-07-31T12:21:20.399+0000] {processor.py:176} INFO - Processing /home/airflow/.local/lib/python3.7/site-packages/airflow/example_dags/example_trigger_target_dag.py took 0.358 seconds
[2024-07-31T12:21:52.999+0000] {processor.py:154} INFO - Started process (PID=1162) to work on /home/airflow/.local/lib/python3.7/site-packages/airflow/example_dags/example_trigger_target_dag.py
[2024-07-31T12:21:53.004+0000] {processor.py:756} INFO - Processing file /home/airflow/.local/lib/python3.7/site-packages/airflow/example_dags/example_trigger_target_dag.py for tasks to queue
[2024-07-31T12:21:53.091+0000] {logging_mixin.py:120} INFO - [2024-07-31T12:21:53.091+0000] {dagbag.py:537} INFO - Filling up the DagBag from /home/airflow/.local/lib/python3.7/site-packages/airflow/example_dags/example_trigger_target_dag.py
[2024-07-31T12:21:53.352+0000] {processor.py:766} INFO - DAG(s) dict_keys(['example_trigger_target_dag']) retrieved from /home/airflow/.local/lib/python3.7/site-packages/airflow/example_dags/example_trigger_target_dag.py
[2024-07-31T12:21:53.612+0000] {logging_mixin.py:120} INFO - [2024-07-31T12:21:53.612+0000] {dag.py:2585} INFO - Sync 1 DAGs
[2024-07-31T12:21:53.811+0000] {logging_mixin.py:120} INFO - [2024-07-31T12:21:53.811+0000] {dag.py:3340} INFO - Setting next_dagrun for example_trigger_target_dag to None, run_after=None
[2024-07-31T12:21:54.064+0000] {processor.py:176} INFO - Processing /home/airflow/.local/lib/python3.7/site-packages/airflow/example_dags/example_trigger_target_dag.py took 1.068 seconds
[2024-07-31T12:22:24.842+0000] {processor.py:154} INFO - Started process (PID=1225) to work on /home/airflow/.local/lib/python3.7/site-packages/airflow/example_dags/example_trigger_target_dag.py
[2024-07-31T12:22:24.844+0000] {processor.py:756} INFO - Processing file /home/airflow/.local/lib/python3.7/site-packages/airflow/example_dags/example_trigger_target_dag.py for tasks to queue
[2024-07-31T12:22:24.846+0000] {logging_mixin.py:120} INFO - [2024-07-31T12:22:24.845+0000] {dagbag.py:537} INFO - Filling up the DagBag from /home/airflow/.local/lib/python3.7/site-packages/airflow/example_dags/example_trigger_target_dag.py
[2024-07-31T12:22:24.880+0000] {processor.py:766} INFO - DAG(s) dict_keys(['example_trigger_target_dag']) retrieved from /home/airflow/.local/lib/python3.7/site-packages/airflow/example_dags/example_trigger_target_dag.py
[2024-07-31T12:22:25.018+0000] {logging_mixin.py:120} INFO - [2024-07-31T12:22:25.018+0000] {dag.py:2585} INFO - Sync 1 DAGs
[2024-07-31T12:22:25.124+0000] {logging_mixin.py:120} INFO - [2024-07-31T12:22:25.124+0000] {dag.py:3340} INFO - Setting next_dagrun for example_trigger_target_dag to None, run_after=None
[2024-07-31T12:22:25.244+0000] {processor.py:176} INFO - Processing /home/airflow/.local/lib/python3.7/site-packages/airflow/example_dags/example_trigger_target_dag.py took 0.406 seconds
[2024-07-31T12:22:56.165+0000] {processor.py:154} INFO - Started process (PID=1289) to work on /home/airflow/.local/lib/python3.7/site-packages/airflow/example_dags/example_trigger_target_dag.py
[2024-07-31T12:22:56.167+0000] {processor.py:756} INFO - Processing file /home/airflow/.local/lib/python3.7/site-packages/airflow/example_dags/example_trigger_target_dag.py for tasks to queue
[2024-07-31T12:22:56.169+0000] {logging_mixin.py:120} INFO - [2024-07-31T12:22:56.168+0000] {dagbag.py:537} INFO - Filling up the DagBag from /home/airflow/.local/lib/python3.7/site-packages/airflow/example_dags/example_trigger_target_dag.py
[2024-07-31T12:22:56.199+0000] {processor.py:766} INFO - DAG(s) dict_keys(['example_trigger_target_dag']) retrieved from /home/airflow/.local/lib/python3.7/site-packages/airflow/example_dags/example_trigger_target_dag.py
[2024-07-31T12:22:56.267+0000] {logging_mixin.py:120} INFO - [2024-07-31T12:22:56.267+0000] {dag.py:2585} INFO - Sync 1 DAGs
[2024-07-31T12:22:56.306+0000] {logging_mixin.py:120} INFO - [2024-07-31T12:22:56.306+0000] {dag.py:3340} INFO - Setting next_dagrun for example_trigger_target_dag to None, run_after=None
[2024-07-31T12:22:56.359+0000] {processor.py:176} INFO - Processing /home/airflow/.local/lib/python3.7/site-packages/airflow/example_dags/example_trigger_target_dag.py took 0.197 seconds
[2024-07-31T12:23:26.887+0000] {processor.py:154} INFO - Started process (PID=1343) to work on /home/airflow/.local/lib/python3.7/site-packages/airflow/example_dags/example_trigger_target_dag.py
[2024-07-31T12:23:26.889+0000] {processor.py:756} INFO - Processing file /home/airflow/.local/lib/python3.7/site-packages/airflow/example_dags/example_trigger_target_dag.py for tasks to queue
[2024-07-31T12:23:26.890+0000] {logging_mixin.py:120} INFO - [2024-07-31T12:23:26.890+0000] {dagbag.py:537} INFO - Filling up the DagBag from /home/airflow/.local/lib/python3.7/site-packages/airflow/example_dags/example_trigger_target_dag.py
[2024-07-31T12:23:26.918+0000] {processor.py:766} INFO - DAG(s) dict_keys(['example_trigger_target_dag']) retrieved from /home/airflow/.local/lib/python3.7/site-packages/airflow/example_dags/example_trigger_target_dag.py
[2024-07-31T12:23:26.998+0000] {logging_mixin.py:120} INFO - [2024-07-31T12:23:26.997+0000] {dag.py:2585} INFO - Sync 1 DAGs
[2024-07-31T12:23:27.036+0000] {logging_mixin.py:120} INFO - [2024-07-31T12:23:27.036+0000] {dag.py:3340} INFO - Setting next_dagrun for example_trigger_target_dag to None, run_after=None
[2024-07-31T12:23:27.061+0000] {processor.py:176} INFO - Processing /home/airflow/.local/lib/python3.7/site-packages/airflow/example_dags/example_trigger_target_dag.py took 0.179 seconds
[2024-07-31T12:23:57.324+0000] {processor.py:154} INFO - Started process (PID=1406) to work on /home/airflow/.local/lib/python3.7/site-packages/airflow/example_dags/example_trigger_target_dag.py
[2024-07-31T12:23:57.326+0000] {processor.py:756} INFO - Processing file /home/airflow/.local/lib/python3.7/site-packages/airflow/example_dags/example_trigger_target_dag.py for tasks to queue
[2024-07-31T12:23:57.327+0000] {logging_mixin.py:120} INFO - [2024-07-31T12:23:57.327+0000] {dagbag.py:537} INFO - Filling up the DagBag from /home/airflow/.local/lib/python3.7/site-packages/airflow/example_dags/example_trigger_target_dag.py
[2024-07-31T12:23:57.352+0000] {processor.py:766} INFO - DAG(s) dict_keys(['example_trigger_target_dag']) retrieved from /home/airflow/.local/lib/python3.7/site-packages/airflow/example_dags/example_trigger_target_dag.py
[2024-07-31T12:23:57.399+0000] {logging_mixin.py:120} INFO - [2024-07-31T12:23:57.399+0000] {dag.py:2585} INFO - Sync 1 DAGs
[2024-07-31T12:23:57.429+0000] {logging_mixin.py:120} INFO - [2024-07-31T12:23:57.428+0000] {dag.py:3340} INFO - Setting next_dagrun for example_trigger_target_dag to None, run_after=None
[2024-07-31T12:23:57.462+0000] {processor.py:176} INFO - Processing /home/airflow/.local/lib/python3.7/site-packages/airflow/example_dags/example_trigger_target_dag.py took 0.142 seconds
[2024-07-31T12:24:27.673+0000] {processor.py:154} INFO - Started process (PID=1460) to work on /home/airflow/.local/lib/python3.7/site-packages/airflow/example_dags/example_trigger_target_dag.py
[2024-07-31T12:24:27.674+0000] {processor.py:756} INFO - Processing file /home/airflow/.local/lib/python3.7/site-packages/airflow/example_dags/example_trigger_target_dag.py for tasks to queue
[2024-07-31T12:24:27.678+0000] {logging_mixin.py:120} INFO - [2024-07-31T12:24:27.678+0000] {dagbag.py:537} INFO - Filling up the DagBag from /home/airflow/.local/lib/python3.7/site-packages/airflow/example_dags/example_trigger_target_dag.py
[2024-07-31T12:24:27.704+0000] {processor.py:766} INFO - DAG(s) dict_keys(['example_trigger_target_dag']) retrieved from /home/airflow/.local/lib/python3.7/site-packages/airflow/example_dags/example_trigger_target_dag.py
[2024-07-31T12:24:27.834+0000] {logging_mixin.py:120} INFO - [2024-07-31T12:24:27.834+0000] {dag.py:2585} INFO - Sync 1 DAGs
[2024-07-31T12:24:27.924+0000] {logging_mixin.py:120} INFO - [2024-07-31T12:24:27.924+0000] {dag.py:3340} INFO - Setting next_dagrun for example_trigger_target_dag to None, run_after=None
[2024-07-31T12:24:27.997+0000] {processor.py:176} INFO - Processing /home/airflow/.local/lib/python3.7/site-packages/airflow/example_dags/example_trigger_target_dag.py took 0.328 seconds
[2024-07-31T12:24:58.144+0000] {processor.py:154} INFO - Started process (PID=1523) to work on /home/airflow/.local/lib/python3.7/site-packages/airflow/example_dags/example_trigger_target_dag.py
[2024-07-31T12:24:58.146+0000] {processor.py:756} INFO - Processing file /home/airflow/.local/lib/python3.7/site-packages/airflow/example_dags/example_trigger_target_dag.py for tasks to queue
[2024-07-31T12:24:58.147+0000] {logging_mixin.py:120} INFO - [2024-07-31T12:24:58.147+0000] {dagbag.py:537} INFO - Filling up the DagBag from /home/airflow/.local/lib/python3.7/site-packages/airflow/example_dags/example_trigger_target_dag.py
[2024-07-31T12:24:58.171+0000] {processor.py:766} INFO - DAG(s) dict_keys(['example_trigger_target_dag']) retrieved from /home/airflow/.local/lib/python3.7/site-packages/airflow/example_dags/example_trigger_target_dag.py
[2024-07-31T12:24:58.218+0000] {logging_mixin.py:120} INFO - [2024-07-31T12:24:58.218+0000] {dag.py:2585} INFO - Sync 1 DAGs
[2024-07-31T12:24:58.245+0000] {logging_mixin.py:120} INFO - [2024-07-31T12:24:58.244+0000] {dag.py:3340} INFO - Setting next_dagrun for example_trigger_target_dag to None, run_after=None
[2024-07-31T12:24:58.274+0000] {processor.py:176} INFO - Processing /home/airflow/.local/lib/python3.7/site-packages/airflow/example_dags/example_trigger_target_dag.py took 0.133 seconds
[2024-07-31T12:25:28.723+0000] {processor.py:154} INFO - Started process (PID=1576) to work on /home/airflow/.local/lib/python3.7/site-packages/airflow/example_dags/example_trigger_target_dag.py
[2024-07-31T12:25:28.726+0000] {processor.py:756} INFO - Processing file /home/airflow/.local/lib/python3.7/site-packages/airflow/example_dags/example_trigger_target_dag.py for tasks to queue
[2024-07-31T12:25:28.728+0000] {logging_mixin.py:120} INFO - [2024-07-31T12:25:28.728+0000] {dagbag.py:537} INFO - Filling up the DagBag from /home/airflow/.local/lib/python3.7/site-packages/airflow/example_dags/example_trigger_target_dag.py
[2024-07-31T12:25:28.756+0000] {processor.py:766} INFO - DAG(s) dict_keys(['example_trigger_target_dag']) retrieved from /home/airflow/.local/lib/python3.7/site-packages/airflow/example_dags/example_trigger_target_dag.py
[2024-07-31T12:25:28.806+0000] {logging_mixin.py:120} INFO - [2024-07-31T12:25:28.805+0000] {dag.py:2585} INFO - Sync 1 DAGs
[2024-07-31T12:25:28.846+0000] {logging_mixin.py:120} INFO - [2024-07-31T12:25:28.846+0000] {dag.py:3340} INFO - Setting next_dagrun for example_trigger_target_dag to None, run_after=None
[2024-07-31T12:25:28.879+0000] {processor.py:176} INFO - Processing /home/airflow/.local/lib/python3.7/site-packages/airflow/example_dags/example_trigger_target_dag.py took 0.162 seconds
[2024-07-31T12:25:59.244+0000] {processor.py:154} INFO - Started process (PID=1639) to work on /home/airflow/.local/lib/python3.7/site-packages/airflow/example_dags/example_trigger_target_dag.py
[2024-07-31T12:25:59.336+0000] {processor.py:756} INFO - Processing file /home/airflow/.local/lib/python3.7/site-packages/airflow/example_dags/example_trigger_target_dag.py for tasks to queue
[2024-07-31T12:25:59.339+0000] {logging_mixin.py:120} INFO - [2024-07-31T12:25:59.339+0000] {dagbag.py:537} INFO - Filling up the DagBag from /home/airflow/.local/lib/python3.7/site-packages/airflow/example_dags/example_trigger_target_dag.py
[2024-07-31T12:25:59.384+0000] {processor.py:766} INFO - DAG(s) dict_keys(['example_trigger_target_dag']) retrieved from /home/airflow/.local/lib/python3.7/site-packages/airflow/example_dags/example_trigger_target_dag.py
[2024-07-31T12:25:59.513+0000] {logging_mixin.py:120} INFO - [2024-07-31T12:25:59.513+0000] {dag.py:2585} INFO - Sync 1 DAGs
[2024-07-31T12:25:59.674+0000] {logging_mixin.py:120} INFO - [2024-07-31T12:25:59.674+0000] {dag.py:3340} INFO - Setting next_dagrun for example_trigger_target_dag to None, run_after=None
[2024-07-31T12:25:59.804+0000] {processor.py:176} INFO - Processing /home/airflow/.local/lib/python3.7/site-packages/airflow/example_dags/example_trigger_target_dag.py took 0.564 seconds
[2024-07-31T12:26:30.347+0000] {processor.py:154} INFO - Started process (PID=1702) to work on /home/airflow/.local/lib/python3.7/site-packages/airflow/example_dags/example_trigger_target_dag.py
[2024-07-31T12:26:30.349+0000] {processor.py:756} INFO - Processing file /home/airflow/.local/lib/python3.7/site-packages/airflow/example_dags/example_trigger_target_dag.py for tasks to queue
[2024-07-31T12:26:30.350+0000] {logging_mixin.py:120} INFO - [2024-07-31T12:26:30.350+0000] {dagbag.py:537} INFO - Filling up the DagBag from /home/airflow/.local/lib/python3.7/site-packages/airflow/example_dags/example_trigger_target_dag.py
[2024-07-31T12:26:30.380+0000] {processor.py:766} INFO - DAG(s) dict_keys(['example_trigger_target_dag']) retrieved from /home/airflow/.local/lib/python3.7/site-packages/airflow/example_dags/example_trigger_target_dag.py
[2024-07-31T12:26:30.423+0000] {logging_mixin.py:120} INFO - [2024-07-31T12:26:30.422+0000] {dag.py:2585} INFO - Sync 1 DAGs
[2024-07-31T12:26:30.453+0000] {logging_mixin.py:120} INFO - [2024-07-31T12:26:30.453+0000] {dag.py:3340} INFO - Setting next_dagrun for example_trigger_target_dag to None, run_after=None
[2024-07-31T12:26:30.481+0000] {processor.py:176} INFO - Processing /home/airflow/.local/lib/python3.7/site-packages/airflow/example_dags/example_trigger_target_dag.py took 0.138 seconds
[2024-07-31T12:27:01.128+0000] {processor.py:154} INFO - Started process (PID=1756) to work on /home/airflow/.local/lib/python3.7/site-packages/airflow/example_dags/example_trigger_target_dag.py
[2024-07-31T12:27:01.134+0000] {processor.py:756} INFO - Processing file /home/airflow/.local/lib/python3.7/site-packages/airflow/example_dags/example_trigger_target_dag.py for tasks to queue
[2024-07-31T12:27:01.136+0000] {logging_mixin.py:120} INFO - [2024-07-31T12:27:01.135+0000] {dagbag.py:537} INFO - Filling up the DagBag from /home/airflow/.local/lib/python3.7/site-packages/airflow/example_dags/example_trigger_target_dag.py
[2024-07-31T12:27:01.263+0000] {processor.py:766} INFO - DAG(s) dict_keys(['example_trigger_target_dag']) retrieved from /home/airflow/.local/lib/python3.7/site-packages/airflow/example_dags/example_trigger_target_dag.py
[2024-07-31T12:27:01.445+0000] {logging_mixin.py:120} INFO - [2024-07-31T12:27:01.445+0000] {dag.py:2585} INFO - Sync 1 DAGs
[2024-07-31T12:27:01.572+0000] {logging_mixin.py:120} INFO - [2024-07-31T12:27:01.571+0000] {dag.py:3340} INFO - Setting next_dagrun for example_trigger_target_dag to None, run_after=None
[2024-07-31T12:27:01.715+0000] {processor.py:176} INFO - Processing /home/airflow/.local/lib/python3.7/site-packages/airflow/example_dags/example_trigger_target_dag.py took 0.591 seconds
[2024-07-31T12:27:33.874+0000] {processor.py:154} INFO - Started process (PID=1820) to work on /home/airflow/.local/lib/python3.7/site-packages/airflow/example_dags/example_trigger_target_dag.py
[2024-07-31T12:27:33.877+0000] {processor.py:756} INFO - Processing file /home/airflow/.local/lib/python3.7/site-packages/airflow/example_dags/example_trigger_target_dag.py for tasks to queue
[2024-07-31T12:27:33.880+0000] {logging_mixin.py:120} INFO - [2024-07-31T12:27:33.880+0000] {dagbag.py:537} INFO - Filling up the DagBag from /home/airflow/.local/lib/python3.7/site-packages/airflow/example_dags/example_trigger_target_dag.py
[2024-07-31T12:27:33.907+0000] {processor.py:766} INFO - DAG(s) dict_keys(['example_trigger_target_dag']) retrieved from /home/airflow/.local/lib/python3.7/site-packages/airflow/example_dags/example_trigger_target_dag.py
[2024-07-31T12:27:34.031+0000] {logging_mixin.py:120} INFO - [2024-07-31T12:27:34.031+0000] {dag.py:2585} INFO - Sync 1 DAGs
[2024-07-31T12:27:34.094+0000] {logging_mixin.py:120} INFO - [2024-07-31T12:27:34.094+0000] {dag.py:3340} INFO - Setting next_dagrun for example_trigger_target_dag to None, run_after=None
[2024-07-31T12:27:34.174+0000] {processor.py:176} INFO - Processing /home/airflow/.local/lib/python3.7/site-packages/airflow/example_dags/example_trigger_target_dag.py took 0.306 seconds
[2024-07-31T12:28:04.849+0000] {processor.py:154} INFO - Started process (PID=1884) to work on /home/airflow/.local/lib/python3.7/site-packages/airflow/example_dags/example_trigger_target_dag.py
[2024-07-31T12:28:04.865+0000] {processor.py:756} INFO - Processing file /home/airflow/.local/lib/python3.7/site-packages/airflow/example_dags/example_trigger_target_dag.py for tasks to queue
[2024-07-31T12:28:04.878+0000] {logging_mixin.py:120} INFO - [2024-07-31T12:28:04.878+0000] {dagbag.py:537} INFO - Filling up the DagBag from /home/airflow/.local/lib/python3.7/site-packages/airflow/example_dags/example_trigger_target_dag.py
[2024-07-31T12:28:04.906+0000] {processor.py:766} INFO - DAG(s) dict_keys(['example_trigger_target_dag']) retrieved from /home/airflow/.local/lib/python3.7/site-packages/airflow/example_dags/example_trigger_target_dag.py
[2024-07-31T12:28:04.997+0000] {logging_mixin.py:120} INFO - [2024-07-31T12:28:04.997+0000] {dag.py:2585} INFO - Sync 1 DAGs
[2024-07-31T12:28:05.047+0000] {logging_mixin.py:120} INFO - [2024-07-31T12:28:05.047+0000] {dag.py:3340} INFO - Setting next_dagrun for example_trigger_target_dag to None, run_after=None
[2024-07-31T12:28:05.109+0000] {processor.py:176} INFO - Processing /home/airflow/.local/lib/python3.7/site-packages/airflow/example_dags/example_trigger_target_dag.py took 0.264 seconds
[2024-07-31T12:28:35.639+0000] {processor.py:154} INFO - Started process (PID=1938) to work on /home/airflow/.local/lib/python3.7/site-packages/airflow/example_dags/example_trigger_target_dag.py
[2024-07-31T12:28:35.660+0000] {processor.py:756} INFO - Processing file /home/airflow/.local/lib/python3.7/site-packages/airflow/example_dags/example_trigger_target_dag.py for tasks to queue
[2024-07-31T12:28:35.725+0000] {logging_mixin.py:120} INFO - [2024-07-31T12:28:35.725+0000] {dagbag.py:537} INFO - Filling up the DagBag from /home/airflow/.local/lib/python3.7/site-packages/airflow/example_dags/example_trigger_target_dag.py
[2024-07-31T12:28:35.764+0000] {processor.py:766} INFO - DAG(s) dict_keys(['example_trigger_target_dag']) retrieved from /home/airflow/.local/lib/python3.7/site-packages/airflow/example_dags/example_trigger_target_dag.py
[2024-07-31T12:28:35.814+0000] {logging_mixin.py:120} INFO - [2024-07-31T12:28:35.813+0000] {dag.py:2585} INFO - Sync 1 DAGs
[2024-07-31T12:28:35.875+0000] {logging_mixin.py:120} INFO - [2024-07-31T12:28:35.875+0000] {dag.py:3340} INFO - Setting next_dagrun for example_trigger_target_dag to None, run_after=None
[2024-07-31T12:28:35.938+0000] {processor.py:176} INFO - Processing /home/airflow/.local/lib/python3.7/site-packages/airflow/example_dags/example_trigger_target_dag.py took 0.303 seconds
[2024-07-31T12:29:06.937+0000] {processor.py:154} INFO - Started process (PID=2001) to work on /home/airflow/.local/lib/python3.7/site-packages/airflow/example_dags/example_trigger_target_dag.py
[2024-07-31T12:29:06.939+0000] {processor.py:756} INFO - Processing file /home/airflow/.local/lib/python3.7/site-packages/airflow/example_dags/example_trigger_target_dag.py for tasks to queue
[2024-07-31T12:29:06.940+0000] {logging_mixin.py:120} INFO - [2024-07-31T12:29:06.940+0000] {dagbag.py:537} INFO - Filling up the DagBag from /home/airflow/.local/lib/python3.7/site-packages/airflow/example_dags/example_trigger_target_dag.py
[2024-07-31T12:29:06.977+0000] {processor.py:766} INFO - DAG(s) dict_keys(['example_trigger_target_dag']) retrieved from /home/airflow/.local/lib/python3.7/site-packages/airflow/example_dags/example_trigger_target_dag.py
[2024-07-31T12:29:07.124+0000] {logging_mixin.py:120} INFO - [2024-07-31T12:29:07.124+0000] {dag.py:2585} INFO - Sync 1 DAGs
[2024-07-31T12:29:07.216+0000] {logging_mixin.py:120} INFO - [2024-07-31T12:29:07.216+0000] {dag.py:3340} INFO - Setting next_dagrun for example_trigger_target_dag to None, run_after=None
[2024-07-31T12:29:07.265+0000] {processor.py:176} INFO - Processing /home/airflow/.local/lib/python3.7/site-packages/airflow/example_dags/example_trigger_target_dag.py took 0.331 seconds
[2024-07-31T12:29:37.889+0000] {processor.py:154} INFO - Started process (PID=2055) to work on /home/airflow/.local/lib/python3.7/site-packages/airflow/example_dags/example_trigger_target_dag.py
[2024-07-31T12:29:37.890+0000] {processor.py:756} INFO - Processing file /home/airflow/.local/lib/python3.7/site-packages/airflow/example_dags/example_trigger_target_dag.py for tasks to queue
[2024-07-31T12:29:37.891+0000] {logging_mixin.py:120} INFO - [2024-07-31T12:29:37.891+0000] {dagbag.py:537} INFO - Filling up the DagBag from /home/airflow/.local/lib/python3.7/site-packages/airflow/example_dags/example_trigger_target_dag.py
[2024-07-31T12:29:37.913+0000] {processor.py:766} INFO - DAG(s) dict_keys(['example_trigger_target_dag']) retrieved from /home/airflow/.local/lib/python3.7/site-packages/airflow/example_dags/example_trigger_target_dag.py
[2024-07-31T12:29:37.959+0000] {logging_mixin.py:120} INFO - [2024-07-31T12:29:37.959+0000] {dag.py:2585} INFO - Sync 1 DAGs
[2024-07-31T12:29:37.984+0000] {logging_mixin.py:120} INFO - [2024-07-31T12:29:37.984+0000] {dag.py:3340} INFO - Setting next_dagrun for example_trigger_target_dag to None, run_after=None
[2024-07-31T12:29:38.009+0000] {processor.py:176} INFO - Processing /home/airflow/.local/lib/python3.7/site-packages/airflow/example_dags/example_trigger_target_dag.py took 0.123 seconds
[2024-07-31T12:30:08.612+0000] {processor.py:154} INFO - Started process (PID=2119) to work on /home/airflow/.local/lib/python3.7/site-packages/airflow/example_dags/example_trigger_target_dag.py
[2024-07-31T12:30:08.613+0000] {processor.py:756} INFO - Processing file /home/airflow/.local/lib/python3.7/site-packages/airflow/example_dags/example_trigger_target_dag.py for tasks to queue
[2024-07-31T12:30:08.614+0000] {logging_mixin.py:120} INFO - [2024-07-31T12:30:08.614+0000] {dagbag.py:537} INFO - Filling up the DagBag from /home/airflow/.local/lib/python3.7/site-packages/airflow/example_dags/example_trigger_target_dag.py
[2024-07-31T12:30:08.649+0000] {processor.py:766} INFO - DAG(s) dict_keys(['example_trigger_target_dag']) retrieved from /home/airflow/.local/lib/python3.7/site-packages/airflow/example_dags/example_trigger_target_dag.py
[2024-07-31T12:30:08.826+0000] {logging_mixin.py:120} INFO - [2024-07-31T12:30:08.826+0000] {dag.py:2585} INFO - Sync 1 DAGs
[2024-07-31T12:30:08.996+0000] {logging_mixin.py:120} INFO - [2024-07-31T12:30:08.996+0000] {dag.py:3340} INFO - Setting next_dagrun for example_trigger_target_dag to None, run_after=None
[2024-07-31T12:30:09.159+0000] {processor.py:176} INFO - Processing /home/airflow/.local/lib/python3.7/site-packages/airflow/example_dags/example_trigger_target_dag.py took 0.552 seconds
[2024-07-31T12:30:39.736+0000] {processor.py:154} INFO - Started process (PID=2182) to work on /home/airflow/.local/lib/python3.7/site-packages/airflow/example_dags/example_trigger_target_dag.py
[2024-07-31T12:30:39.737+0000] {processor.py:756} INFO - Processing file /home/airflow/.local/lib/python3.7/site-packages/airflow/example_dags/example_trigger_target_dag.py for tasks to queue
[2024-07-31T12:30:39.738+0000] {logging_mixin.py:120} INFO - [2024-07-31T12:30:39.738+0000] {dagbag.py:537} INFO - Filling up the DagBag from /home/airflow/.local/lib/python3.7/site-packages/airflow/example_dags/example_trigger_target_dag.py
[2024-07-31T12:30:39.786+0000] {processor.py:766} INFO - DAG(s) dict_keys(['example_trigger_target_dag']) retrieved from /home/airflow/.local/lib/python3.7/site-packages/airflow/example_dags/example_trigger_target_dag.py
[2024-07-31T12:30:39.966+0000] {logging_mixin.py:120} INFO - [2024-07-31T12:30:39.966+0000] {dag.py:2585} INFO - Sync 1 DAGs
[2024-07-31T12:30:40.138+0000] {logging_mixin.py:120} INFO - [2024-07-31T12:30:40.138+0000] {dag.py:3340} INFO - Setting next_dagrun for example_trigger_target_dag to None, run_after=None
[2024-07-31T12:30:40.320+0000] {processor.py:176} INFO - Processing /home/airflow/.local/lib/python3.7/site-packages/airflow/example_dags/example_trigger_target_dag.py took 0.588 seconds
[2024-07-31T12:31:10.552+0000] {processor.py:154} INFO - Started process (PID=2235) to work on /home/airflow/.local/lib/python3.7/site-packages/airflow/example_dags/example_trigger_target_dag.py
[2024-07-31T12:31:10.554+0000] {processor.py:756} INFO - Processing file /home/airflow/.local/lib/python3.7/site-packages/airflow/example_dags/example_trigger_target_dag.py for tasks to queue
[2024-07-31T12:31:10.555+0000] {logging_mixin.py:120} INFO - [2024-07-31T12:31:10.555+0000] {dagbag.py:537} INFO - Filling up the DagBag from /home/airflow/.local/lib/python3.7/site-packages/airflow/example_dags/example_trigger_target_dag.py
[2024-07-31T12:31:10.596+0000] {processor.py:766} INFO - DAG(s) dict_keys(['example_trigger_target_dag']) retrieved from /home/airflow/.local/lib/python3.7/site-packages/airflow/example_dags/example_trigger_target_dag.py
[2024-07-31T12:31:10.638+0000] {logging_mixin.py:120} INFO - [2024-07-31T12:31:10.638+0000] {dag.py:2585} INFO - Sync 1 DAGs
[2024-07-31T12:31:10.725+0000] {logging_mixin.py:120} INFO - [2024-07-31T12:31:10.725+0000] {dag.py:3340} INFO - Setting next_dagrun for example_trigger_target_dag to None, run_after=None
[2024-07-31T12:31:10.749+0000] {processor.py:176} INFO - Processing /home/airflow/.local/lib/python3.7/site-packages/airflow/example_dags/example_trigger_target_dag.py took 0.201 seconds
[2024-07-31T12:31:41.471+0000] {processor.py:154} INFO - Started process (PID=2299) to work on /home/airflow/.local/lib/python3.7/site-packages/airflow/example_dags/example_trigger_target_dag.py
[2024-07-31T12:31:41.473+0000] {processor.py:756} INFO - Processing file /home/airflow/.local/lib/python3.7/site-packages/airflow/example_dags/example_trigger_target_dag.py for tasks to queue
[2024-07-31T12:31:41.474+0000] {logging_mixin.py:120} INFO - [2024-07-31T12:31:41.474+0000] {dagbag.py:537} INFO - Filling up the DagBag from /home/airflow/.local/lib/python3.7/site-packages/airflow/example_dags/example_trigger_target_dag.py
[2024-07-31T12:31:41.496+0000] {processor.py:766} INFO - DAG(s) dict_keys(['example_trigger_target_dag']) retrieved from /home/airflow/.local/lib/python3.7/site-packages/airflow/example_dags/example_trigger_target_dag.py
[2024-07-31T12:31:41.542+0000] {logging_mixin.py:120} INFO - [2024-07-31T12:31:41.542+0000] {dag.py:2585} INFO - Sync 1 DAGs
[2024-07-31T12:31:41.566+0000] {logging_mixin.py:120} INFO - [2024-07-31T12:31:41.566+0000] {dag.py:3340} INFO - Setting next_dagrun for example_trigger_target_dag to None, run_after=None
[2024-07-31T12:31:41.590+0000] {processor.py:176} INFO - Processing /home/airflow/.local/lib/python3.7/site-packages/airflow/example_dags/example_trigger_target_dag.py took 0.124 seconds
[2024-07-31T12:32:11.753+0000] {processor.py:154} INFO - Started process (PID=2362) to work on /home/airflow/.local/lib/python3.7/site-packages/airflow/example_dags/example_trigger_target_dag.py
[2024-07-31T12:32:11.756+0000] {processor.py:756} INFO - Processing file /home/airflow/.local/lib/python3.7/site-packages/airflow/example_dags/example_trigger_target_dag.py for tasks to queue
[2024-07-31T12:32:11.758+0000] {logging_mixin.py:120} INFO - [2024-07-31T12:32:11.758+0000] {dagbag.py:537} INFO - Filling up the DagBag from /home/airflow/.local/lib/python3.7/site-packages/airflow/example_dags/example_trigger_target_dag.py
[2024-07-31T12:32:11.789+0000] {processor.py:766} INFO - DAG(s) dict_keys(['example_trigger_target_dag']) retrieved from /home/airflow/.local/lib/python3.7/site-packages/airflow/example_dags/example_trigger_target_dag.py
[2024-07-31T12:32:11.856+0000] {logging_mixin.py:120} INFO - [2024-07-31T12:32:11.856+0000] {dag.py:2585} INFO - Sync 1 DAGs
[2024-07-31T12:32:11.907+0000] {logging_mixin.py:120} INFO - [2024-07-31T12:32:11.907+0000] {dag.py:3340} INFO - Setting next_dagrun for example_trigger_target_dag to None, run_after=None
[2024-07-31T12:32:11.956+0000] {processor.py:176} INFO - Processing /home/airflow/.local/lib/python3.7/site-packages/airflow/example_dags/example_trigger_target_dag.py took 0.209 seconds
[2024-07-31T12:32:42.845+0000] {processor.py:154} INFO - Started process (PID=2416) to work on /home/airflow/.local/lib/python3.7/site-packages/airflow/example_dags/example_trigger_target_dag.py
[2024-07-31T12:32:42.865+0000] {processor.py:756} INFO - Processing file /home/airflow/.local/lib/python3.7/site-packages/airflow/example_dags/example_trigger_target_dag.py for tasks to queue
[2024-07-31T12:32:42.888+0000] {logging_mixin.py:120} INFO - [2024-07-31T12:32:42.888+0000] {dagbag.py:537} INFO - Filling up the DagBag from /home/airflow/.local/lib/python3.7/site-packages/airflow/example_dags/example_trigger_target_dag.py
[2024-07-31T12:32:42.915+0000] {processor.py:766} INFO - DAG(s) dict_keys(['example_trigger_target_dag']) retrieved from /home/airflow/.local/lib/python3.7/site-packages/airflow/example_dags/example_trigger_target_dag.py
[2024-07-31T12:32:42.964+0000] {logging_mixin.py:120} INFO - [2024-07-31T12:32:42.964+0000] {dag.py:2585} INFO - Sync 1 DAGs
[2024-07-31T12:32:43.107+0000] {logging_mixin.py:120} INFO - [2024-07-31T12:32:43.107+0000] {dag.py:3340} INFO - Setting next_dagrun for example_trigger_target_dag to None, run_after=None
[2024-07-31T12:32:43.208+0000] {processor.py:176} INFO - Processing /home/airflow/.local/lib/python3.7/site-packages/airflow/example_dags/example_trigger_target_dag.py took 0.366 seconds
[2024-07-31T12:33:13.422+0000] {processor.py:154} INFO - Started process (PID=2480) to work on /home/airflow/.local/lib/python3.7/site-packages/airflow/example_dags/example_trigger_target_dag.py
[2024-07-31T12:33:13.424+0000] {processor.py:756} INFO - Processing file /home/airflow/.local/lib/python3.7/site-packages/airflow/example_dags/example_trigger_target_dag.py for tasks to queue
[2024-07-31T12:33:13.425+0000] {logging_mixin.py:120} INFO - [2024-07-31T12:33:13.425+0000] {dagbag.py:537} INFO - Filling up the DagBag from /home/airflow/.local/lib/python3.7/site-packages/airflow/example_dags/example_trigger_target_dag.py
[2024-07-31T12:33:13.465+0000] {processor.py:766} INFO - DAG(s) dict_keys(['example_trigger_target_dag']) retrieved from /home/airflow/.local/lib/python3.7/site-packages/airflow/example_dags/example_trigger_target_dag.py
[2024-07-31T12:33:13.525+0000] {logging_mixin.py:120} INFO - [2024-07-31T12:33:13.525+0000] {dag.py:2585} INFO - Sync 1 DAGs
[2024-07-31T12:33:13.634+0000] {logging_mixin.py:120} INFO - [2024-07-31T12:33:13.634+0000] {dag.py:3340} INFO - Setting next_dagrun for example_trigger_target_dag to None, run_after=None
[2024-07-31T12:33:13.716+0000] {processor.py:176} INFO - Processing /home/airflow/.local/lib/python3.7/site-packages/airflow/example_dags/example_trigger_target_dag.py took 0.300 seconds
[2024-07-31T12:33:50.532+0000] {processor.py:154} INFO - Started process (PID=2542) to work on /home/airflow/.local/lib/python3.7/site-packages/airflow/example_dags/example_trigger_target_dag.py
[2024-07-31T12:33:50.534+0000] {processor.py:756} INFO - Processing file /home/airflow/.local/lib/python3.7/site-packages/airflow/example_dags/example_trigger_target_dag.py for tasks to queue
[2024-07-31T12:33:50.535+0000] {logging_mixin.py:120} INFO - [2024-07-31T12:33:50.535+0000] {dagbag.py:537} INFO - Filling up the DagBag from /home/airflow/.local/lib/python3.7/site-packages/airflow/example_dags/example_trigger_target_dag.py
[2024-07-31T12:33:50.568+0000] {processor.py:766} INFO - DAG(s) dict_keys(['example_trigger_target_dag']) retrieved from /home/airflow/.local/lib/python3.7/site-packages/airflow/example_dags/example_trigger_target_dag.py
[2024-07-31T12:33:50.758+0000] {logging_mixin.py:120} INFO - [2024-07-31T12:33:50.758+0000] {dag.py:2585} INFO - Sync 1 DAGs
[2024-07-31T12:33:50.841+0000] {logging_mixin.py:120} INFO - [2024-07-31T12:33:50.841+0000] {dag.py:3340} INFO - Setting next_dagrun for example_trigger_target_dag to None, run_after=None
[2024-07-31T12:33:50.940+0000] {processor.py:176} INFO - Processing /home/airflow/.local/lib/python3.7/site-packages/airflow/example_dags/example_trigger_target_dag.py took 0.412 seconds
[2024-07-31T12:34:21.426+0000] {processor.py:154} INFO - Started process (PID=2596) to work on /home/airflow/.local/lib/python3.7/site-packages/airflow/example_dags/example_trigger_target_dag.py
[2024-07-31T12:34:21.475+0000] {processor.py:756} INFO - Processing file /home/airflow/.local/lib/python3.7/site-packages/airflow/example_dags/example_trigger_target_dag.py for tasks to queue
[2024-07-31T12:34:21.725+0000] {logging_mixin.py:120} INFO - [2024-07-31T12:34:21.724+0000] {dagbag.py:537} INFO - Filling up the DagBag from /home/airflow/.local/lib/python3.7/site-packages/airflow/example_dags/example_trigger_target_dag.py
[2024-07-31T12:34:21.832+0000] {processor.py:766} INFO - DAG(s) dict_keys(['example_trigger_target_dag']) retrieved from /home/airflow/.local/lib/python3.7/site-packages/airflow/example_dags/example_trigger_target_dag.py
[2024-07-31T12:34:21.990+0000] {logging_mixin.py:120} INFO - [2024-07-31T12:34:21.990+0000] {dag.py:2585} INFO - Sync 1 DAGs
[2024-07-31T12:34:22.054+0000] {logging_mixin.py:120} INFO - [2024-07-31T12:34:22.053+0000] {dag.py:3340} INFO - Setting next_dagrun for example_trigger_target_dag to None, run_after=None
[2024-07-31T12:34:22.122+0000] {processor.py:176} INFO - Processing /home/airflow/.local/lib/python3.7/site-packages/airflow/example_dags/example_trigger_target_dag.py took 0.700 seconds
[2024-07-31T12:34:52.744+0000] {processor.py:154} INFO - Started process (PID=2659) to work on /home/airflow/.local/lib/python3.7/site-packages/airflow/example_dags/example_trigger_target_dag.py
[2024-07-31T12:34:52.745+0000] {processor.py:756} INFO - Processing file /home/airflow/.local/lib/python3.7/site-packages/airflow/example_dags/example_trigger_target_dag.py for tasks to queue
[2024-07-31T12:34:52.746+0000] {logging_mixin.py:120} INFO - [2024-07-31T12:34:52.746+0000] {dagbag.py:537} INFO - Filling up the DagBag from /home/airflow/.local/lib/python3.7/site-packages/airflow/example_dags/example_trigger_target_dag.py
[2024-07-31T12:34:52.772+0000] {processor.py:766} INFO - DAG(s) dict_keys(['example_trigger_target_dag']) retrieved from /home/airflow/.local/lib/python3.7/site-packages/airflow/example_dags/example_trigger_target_dag.py
[2024-07-31T12:34:52.819+0000] {logging_mixin.py:120} INFO - [2024-07-31T12:34:52.819+0000] {dag.py:2585} INFO - Sync 1 DAGs
[2024-07-31T12:34:52.911+0000] {logging_mixin.py:120} INFO - [2024-07-31T12:34:52.910+0000] {dag.py:3340} INFO - Setting next_dagrun for example_trigger_target_dag to None, run_after=None
[2024-07-31T12:34:52.932+0000] {processor.py:176} INFO - Processing /home/airflow/.local/lib/python3.7/site-packages/airflow/example_dags/example_trigger_target_dag.py took 0.192 seconds
[2024-07-31T12:35:23.853+0000] {processor.py:154} INFO - Started process (PID=2722) to work on /home/airflow/.local/lib/python3.7/site-packages/airflow/example_dags/example_trigger_target_dag.py
[2024-07-31T12:35:23.855+0000] {processor.py:756} INFO - Processing file /home/airflow/.local/lib/python3.7/site-packages/airflow/example_dags/example_trigger_target_dag.py for tasks to queue
[2024-07-31T12:35:23.856+0000] {logging_mixin.py:120} INFO - [2024-07-31T12:35:23.856+0000] {dagbag.py:537} INFO - Filling up the DagBag from /home/airflow/.local/lib/python3.7/site-packages/airflow/example_dags/example_trigger_target_dag.py
[2024-07-31T12:35:23.879+0000] {processor.py:766} INFO - DAG(s) dict_keys(['example_trigger_target_dag']) retrieved from /home/airflow/.local/lib/python3.7/site-packages/airflow/example_dags/example_trigger_target_dag.py
[2024-07-31T12:35:23.929+0000] {logging_mixin.py:120} INFO - [2024-07-31T12:35:23.929+0000] {dag.py:2585} INFO - Sync 1 DAGs
[2024-07-31T12:35:23.963+0000] {logging_mixin.py:120} INFO - [2024-07-31T12:35:23.963+0000] {dag.py:3340} INFO - Setting next_dagrun for example_trigger_target_dag to None, run_after=None
[2024-07-31T12:35:24.002+0000] {processor.py:176} INFO - Processing /home/airflow/.local/lib/python3.7/site-packages/airflow/example_dags/example_trigger_target_dag.py took 0.152 seconds
[2024-07-31T12:35:54.310+0000] {processor.py:154} INFO - Started process (PID=2776) to work on /home/airflow/.local/lib/python3.7/site-packages/airflow/example_dags/example_trigger_target_dag.py
[2024-07-31T12:35:54.312+0000] {processor.py:756} INFO - Processing file /home/airflow/.local/lib/python3.7/site-packages/airflow/example_dags/example_trigger_target_dag.py for tasks to queue
[2024-07-31T12:35:54.314+0000] {logging_mixin.py:120} INFO - [2024-07-31T12:35:54.314+0000] {dagbag.py:537} INFO - Filling up the DagBag from /home/airflow/.local/lib/python3.7/site-packages/airflow/example_dags/example_trigger_target_dag.py
[2024-07-31T12:35:54.352+0000] {processor.py:766} INFO - DAG(s) dict_keys(['example_trigger_target_dag']) retrieved from /home/airflow/.local/lib/python3.7/site-packages/airflow/example_dags/example_trigger_target_dag.py
[2024-07-31T12:35:54.423+0000] {logging_mixin.py:120} INFO - [2024-07-31T12:35:54.423+0000] {dag.py:2585} INFO - Sync 1 DAGs
[2024-07-31T12:35:54.474+0000] {logging_mixin.py:120} INFO - [2024-07-31T12:35:54.473+0000] {dag.py:3340} INFO - Setting next_dagrun for example_trigger_target_dag to None, run_after=None
[2024-07-31T12:35:54.501+0000] {processor.py:176} INFO - Processing /home/airflow/.local/lib/python3.7/site-packages/airflow/example_dags/example_trigger_target_dag.py took 0.196 seconds
[2024-07-31T12:36:24.673+0000] {processor.py:154} INFO - Started process (PID=2840) to work on /home/airflow/.local/lib/python3.7/site-packages/airflow/example_dags/example_trigger_target_dag.py
[2024-07-31T12:36:24.674+0000] {processor.py:756} INFO - Processing file /home/airflow/.local/lib/python3.7/site-packages/airflow/example_dags/example_trigger_target_dag.py for tasks to queue
[2024-07-31T12:36:24.676+0000] {logging_mixin.py:120} INFO - [2024-07-31T12:36:24.676+0000] {dagbag.py:537} INFO - Filling up the DagBag from /home/airflow/.local/lib/python3.7/site-packages/airflow/example_dags/example_trigger_target_dag.py
[2024-07-31T12:36:24.713+0000] {processor.py:766} INFO - DAG(s) dict_keys(['example_trigger_target_dag']) retrieved from /home/airflow/.local/lib/python3.7/site-packages/airflow/example_dags/example_trigger_target_dag.py
[2024-07-31T12:36:24.795+0000] {logging_mixin.py:120} INFO - [2024-07-31T12:36:24.794+0000] {dag.py:2585} INFO - Sync 1 DAGs
[2024-07-31T12:36:24.836+0000] {logging_mixin.py:120} INFO - [2024-07-31T12:36:24.834+0000] {dag.py:3340} INFO - Setting next_dagrun for example_trigger_target_dag to None, run_after=None
[2024-07-31T12:36:24.866+0000] {processor.py:176} INFO - Processing /home/airflow/.local/lib/python3.7/site-packages/airflow/example_dags/example_trigger_target_dag.py took 0.198 seconds
