[2024-07-31T12:12:23.790+0000] {processor.py:154} INFO - Started process (PID=71) to work on /home/airflow/.local/lib/python3.7/site-packages/airflow/example_dags/example_xcomargs.py
[2024-07-31T12:12:23.793+0000] {processor.py:756} INFO - Processing file /home/airflow/.local/lib/python3.7/site-packages/airflow/example_dags/example_xcomargs.py for tasks to queue
[2024-07-31T12:12:23.796+0000] {logging_mixin.py:120} INFO - [2024-07-31T12:12:23.796+0000] {dagbag.py:537} INFO - Filling up the DagBag from /home/airflow/.local/lib/python3.7/site-packages/airflow/example_dags/example_xcomargs.py
[2024-07-31T12:12:23.848+0000] {processor.py:766} INFO - DAG(s) dict_keys(['example_xcom_args_with_operators', 'example_xcom_args']) retrieved from /home/airflow/.local/lib/python3.7/site-packages/airflow/example_dags/example_xcomargs.py
[2024-07-31T12:12:24.310+0000] {logging_mixin.py:120} INFO - [2024-07-31T12:12:24.310+0000] {manager.py:507} INFO - Created Permission View: can read on DAG:example_xcom_args_with_operators
[2024-07-31T12:12:24.345+0000] {logging_mixin.py:120} INFO - [2024-07-31T12:12:24.345+0000] {manager.py:507} INFO - Created Permission View: can delete on DAG:example_xcom_args_with_operators
[2024-07-31T12:12:24.365+0000] {logging_mixin.py:120} INFO - [2024-07-31T12:12:24.364+0000] {manager.py:507} INFO - Created Permission View: can edit on DAG:example_xcom_args_with_operators
[2024-07-31T12:12:24.408+0000] {logging_mixin.py:120} INFO - [2024-07-31T12:12:24.408+0000] {manager.py:507} INFO - Created Permission View: can read on DAG:example_xcom_args
[2024-07-31T12:12:24.434+0000] {logging_mixin.py:120} INFO - [2024-07-31T12:12:24.433+0000] {manager.py:507} INFO - Created Permission View: can delete on DAG:example_xcom_args
[2024-07-31T12:12:24.455+0000] {logging_mixin.py:120} INFO - [2024-07-31T12:12:24.454+0000] {manager.py:507} INFO - Created Permission View: can edit on DAG:example_xcom_args
[2024-07-31T12:12:24.456+0000] {logging_mixin.py:120} INFO - [2024-07-31T12:12:24.456+0000] {dag.py:2585} INFO - Sync 2 DAGs
[2024-07-31T12:12:24.494+0000] {logging_mixin.py:120} INFO - [2024-07-31T12:12:24.493+0000] {dag.py:2606} INFO - Creating ORM DAG for example_xcom_args
[2024-07-31T12:12:24.497+0000] {logging_mixin.py:120} INFO - [2024-07-31T12:12:24.497+0000] {dag.py:2606} INFO - Creating ORM DAG for example_xcom_args_with_operators
[2024-07-31T12:12:24.556+0000] {logging_mixin.py:120} INFO - [2024-07-31T12:12:24.556+0000] {dag.py:3340} INFO - Setting next_dagrun for example_xcom_args to None, run_after=None
[2024-07-31T12:12:24.559+0000] {logging_mixin.py:120} INFO - [2024-07-31T12:12:24.558+0000] {dag.py:3340} INFO - Setting next_dagrun for example_xcom_args_with_operators to None, run_after=None
[2024-07-31T12:12:24.627+0000] {processor.py:176} INFO - Processing /home/airflow/.local/lib/python3.7/site-packages/airflow/example_dags/example_xcomargs.py took 0.844 seconds
[2024-07-31T12:12:54.674+0000] {processor.py:154} INFO - Started process (PID=134) to work on /home/airflow/.local/lib/python3.7/site-packages/airflow/example_dags/example_xcomargs.py
[2024-07-31T12:12:54.675+0000] {processor.py:756} INFO - Processing file /home/airflow/.local/lib/python3.7/site-packages/airflow/example_dags/example_xcomargs.py for tasks to queue
[2024-07-31T12:12:54.677+0000] {logging_mixin.py:120} INFO - [2024-07-31T12:12:54.676+0000] {dagbag.py:537} INFO - Filling up the DagBag from /home/airflow/.local/lib/python3.7/site-packages/airflow/example_dags/example_xcomargs.py
[2024-07-31T12:12:54.724+0000] {processor.py:766} INFO - DAG(s) dict_keys(['example_xcom_args_with_operators', 'example_xcom_args']) retrieved from /home/airflow/.local/lib/python3.7/site-packages/airflow/example_dags/example_xcomargs.py
[2024-07-31T12:12:54.750+0000] {logging_mixin.py:120} INFO - [2024-07-31T12:12:54.750+0000] {dag.py:2585} INFO - Sync 2 DAGs
[2024-07-31T12:12:54.779+0000] {logging_mixin.py:120} INFO - [2024-07-31T12:12:54.778+0000] {dag.py:3340} INFO - Setting next_dagrun for example_xcom_args to None, run_after=None
[2024-07-31T12:12:54.784+0000] {logging_mixin.py:120} INFO - [2024-07-31T12:12:54.784+0000] {dag.py:3340} INFO - Setting next_dagrun for example_xcom_args_with_operators to None, run_after=None
[2024-07-31T12:12:54.825+0000] {processor.py:176} INFO - Processing /home/airflow/.local/lib/python3.7/site-packages/airflow/example_dags/example_xcomargs.py took 0.156 seconds
[2024-07-31T12:13:25.606+0000] {processor.py:154} INFO - Started process (PID=198) to work on /home/airflow/.local/lib/python3.7/site-packages/airflow/example_dags/example_xcomargs.py
[2024-07-31T12:13:25.608+0000] {processor.py:756} INFO - Processing file /home/airflow/.local/lib/python3.7/site-packages/airflow/example_dags/example_xcomargs.py for tasks to queue
[2024-07-31T12:13:25.610+0000] {logging_mixin.py:120} INFO - [2024-07-31T12:13:25.609+0000] {dagbag.py:537} INFO - Filling up the DagBag from /home/airflow/.local/lib/python3.7/site-packages/airflow/example_dags/example_xcomargs.py
[2024-07-31T12:13:25.644+0000] {processor.py:766} INFO - DAG(s) dict_keys(['example_xcom_args', 'example_xcom_args_with_operators']) retrieved from /home/airflow/.local/lib/python3.7/site-packages/airflow/example_dags/example_xcomargs.py
[2024-07-31T12:13:25.698+0000] {logging_mixin.py:120} INFO - [2024-07-31T12:13:25.698+0000] {dag.py:2585} INFO - Sync 2 DAGs
[2024-07-31T12:13:25.734+0000] {logging_mixin.py:120} INFO - [2024-07-31T12:13:25.734+0000] {dag.py:3340} INFO - Setting next_dagrun for example_xcom_args to None, run_after=None
[2024-07-31T12:13:25.739+0000] {logging_mixin.py:120} INFO - [2024-07-31T12:13:25.739+0000] {dag.py:3340} INFO - Setting next_dagrun for example_xcom_args_with_operators to None, run_after=None
[2024-07-31T12:13:25.769+0000] {processor.py:176} INFO - Processing /home/airflow/.local/lib/python3.7/site-packages/airflow/example_dags/example_xcomargs.py took 0.166 seconds
[2024-07-31T12:13:55.871+0000] {processor.py:154} INFO - Started process (PID=252) to work on /home/airflow/.local/lib/python3.7/site-packages/airflow/example_dags/example_xcomargs.py
[2024-07-31T12:13:55.872+0000] {processor.py:756} INFO - Processing file /home/airflow/.local/lib/python3.7/site-packages/airflow/example_dags/example_xcomargs.py for tasks to queue
[2024-07-31T12:13:55.873+0000] {logging_mixin.py:120} INFO - [2024-07-31T12:13:55.873+0000] {dagbag.py:537} INFO - Filling up the DagBag from /home/airflow/.local/lib/python3.7/site-packages/airflow/example_dags/example_xcomargs.py
[2024-07-31T12:13:55.898+0000] {processor.py:766} INFO - DAG(s) dict_keys(['example_xcom_args', 'example_xcom_args_with_operators']) retrieved from /home/airflow/.local/lib/python3.7/site-packages/airflow/example_dags/example_xcomargs.py
[2024-07-31T12:13:55.960+0000] {logging_mixin.py:120} INFO - [2024-07-31T12:13:55.960+0000] {dag.py:2585} INFO - Sync 2 DAGs
[2024-07-31T12:13:56.053+0000] {logging_mixin.py:120} INFO - [2024-07-31T12:13:56.053+0000] {dag.py:3340} INFO - Setting next_dagrun for example_xcom_args to None, run_after=None
[2024-07-31T12:13:56.067+0000] {logging_mixin.py:120} INFO - [2024-07-31T12:13:56.060+0000] {dag.py:3340} INFO - Setting next_dagrun for example_xcom_args_with_operators to None, run_after=None
[2024-07-31T12:13:56.100+0000] {processor.py:176} INFO - Processing /home/airflow/.local/lib/python3.7/site-packages/airflow/example_dags/example_xcomargs.py took 0.233 seconds
[2024-07-31T12:14:27.036+0000] {processor.py:154} INFO - Started process (PID=317) to work on /home/airflow/.local/lib/python3.7/site-packages/airflow/example_dags/example_xcomargs.py
[2024-07-31T12:14:27.038+0000] {processor.py:756} INFO - Processing file /home/airflow/.local/lib/python3.7/site-packages/airflow/example_dags/example_xcomargs.py for tasks to queue
[2024-07-31T12:14:27.039+0000] {logging_mixin.py:120} INFO - [2024-07-31T12:14:27.039+0000] {dagbag.py:537} INFO - Filling up the DagBag from /home/airflow/.local/lib/python3.7/site-packages/airflow/example_dags/example_xcomargs.py
[2024-07-31T12:14:27.072+0000] {processor.py:766} INFO - DAG(s) dict_keys(['example_xcom_args_with_operators', 'example_xcom_args']) retrieved from /home/airflow/.local/lib/python3.7/site-packages/airflow/example_dags/example_xcomargs.py
[2024-07-31T12:14:27.169+0000] {logging_mixin.py:120} INFO - [2024-07-31T12:14:27.169+0000] {dag.py:2585} INFO - Sync 2 DAGs
[2024-07-31T12:14:27.211+0000] {logging_mixin.py:120} INFO - [2024-07-31T12:14:27.211+0000] {dag.py:3340} INFO - Setting next_dagrun for example_xcom_args to None, run_after=None
[2024-07-31T12:14:27.218+0000] {logging_mixin.py:120} INFO - [2024-07-31T12:14:27.218+0000] {dag.py:3340} INFO - Setting next_dagrun for example_xcom_args_with_operators to None, run_after=None
[2024-07-31T12:14:27.252+0000] {processor.py:176} INFO - Processing /home/airflow/.local/lib/python3.7/site-packages/airflow/example_dags/example_xcomargs.py took 0.222 seconds
[2024-07-31T12:14:58.457+0000] {processor.py:154} INFO - Started process (PID=381) to work on /home/airflow/.local/lib/python3.7/site-packages/airflow/example_dags/example_xcomargs.py
[2024-07-31T12:14:58.460+0000] {processor.py:756} INFO - Processing file /home/airflow/.local/lib/python3.7/site-packages/airflow/example_dags/example_xcomargs.py for tasks to queue
[2024-07-31T12:14:58.461+0000] {logging_mixin.py:120} INFO - [2024-07-31T12:14:58.461+0000] {dagbag.py:537} INFO - Filling up the DagBag from /home/airflow/.local/lib/python3.7/site-packages/airflow/example_dags/example_xcomargs.py
[2024-07-31T12:14:58.504+0000] {processor.py:766} INFO - DAG(s) dict_keys(['example_xcom_args', 'example_xcom_args_with_operators']) retrieved from /home/airflow/.local/lib/python3.7/site-packages/airflow/example_dags/example_xcomargs.py
[2024-07-31T12:14:58.575+0000] {logging_mixin.py:120} INFO - [2024-07-31T12:14:58.575+0000] {dag.py:2585} INFO - Sync 2 DAGs
[2024-07-31T12:14:58.620+0000] {logging_mixin.py:120} INFO - [2024-07-31T12:14:58.620+0000] {dag.py:3340} INFO - Setting next_dagrun for example_xcom_args to None, run_after=None
[2024-07-31T12:14:58.627+0000] {logging_mixin.py:120} INFO - [2024-07-31T12:14:58.626+0000] {dag.py:3340} INFO - Setting next_dagrun for example_xcom_args_with_operators to None, run_after=None
[2024-07-31T12:14:58.659+0000] {processor.py:176} INFO - Processing /home/airflow/.local/lib/python3.7/site-packages/airflow/example_dags/example_xcomargs.py took 0.209 seconds
[2024-07-31T12:15:29.357+0000] {processor.py:154} INFO - Started process (PID=435) to work on /home/airflow/.local/lib/python3.7/site-packages/airflow/example_dags/example_xcomargs.py
[2024-07-31T12:15:29.359+0000] {processor.py:756} INFO - Processing file /home/airflow/.local/lib/python3.7/site-packages/airflow/example_dags/example_xcomargs.py for tasks to queue
[2024-07-31T12:15:29.361+0000] {logging_mixin.py:120} INFO - [2024-07-31T12:15:29.361+0000] {dagbag.py:537} INFO - Filling up the DagBag from /home/airflow/.local/lib/python3.7/site-packages/airflow/example_dags/example_xcomargs.py
[2024-07-31T12:15:29.423+0000] {processor.py:766} INFO - DAG(s) dict_keys(['example_xcom_args', 'example_xcom_args_with_operators']) retrieved from /home/airflow/.local/lib/python3.7/site-packages/airflow/example_dags/example_xcomargs.py
[2024-07-31T12:15:29.499+0000] {logging_mixin.py:120} INFO - [2024-07-31T12:15:29.498+0000] {dag.py:2585} INFO - Sync 2 DAGs
[2024-07-31T12:15:29.539+0000] {logging_mixin.py:120} INFO - [2024-07-31T12:15:29.539+0000] {dag.py:3340} INFO - Setting next_dagrun for example_xcom_args to None, run_after=None
[2024-07-31T12:15:29.548+0000] {logging_mixin.py:120} INFO - [2024-07-31T12:15:29.548+0000] {dag.py:3340} INFO - Setting next_dagrun for example_xcom_args_with_operators to None, run_after=None
[2024-07-31T12:15:29.582+0000] {processor.py:176} INFO - Processing /home/airflow/.local/lib/python3.7/site-packages/airflow/example_dags/example_xcomargs.py took 0.230 seconds
[2024-07-31T12:15:59.661+0000] {processor.py:154} INFO - Started process (PID=498) to work on /home/airflow/.local/lib/python3.7/site-packages/airflow/example_dags/example_xcomargs.py
[2024-07-31T12:15:59.663+0000] {processor.py:756} INFO - Processing file /home/airflow/.local/lib/python3.7/site-packages/airflow/example_dags/example_xcomargs.py for tasks to queue
[2024-07-31T12:15:59.664+0000] {logging_mixin.py:120} INFO - [2024-07-31T12:15:59.664+0000] {dagbag.py:537} INFO - Filling up the DagBag from /home/airflow/.local/lib/python3.7/site-packages/airflow/example_dags/example_xcomargs.py
[2024-07-31T12:15:59.694+0000] {processor.py:766} INFO - DAG(s) dict_keys(['example_xcom_args_with_operators', 'example_xcom_args']) retrieved from /home/airflow/.local/lib/python3.7/site-packages/airflow/example_dags/example_xcomargs.py
[2024-07-31T12:15:59.770+0000] {logging_mixin.py:120} INFO - [2024-07-31T12:15:59.770+0000] {dag.py:2585} INFO - Sync 2 DAGs
[2024-07-31T12:15:59.809+0000] {logging_mixin.py:120} INFO - [2024-07-31T12:15:59.809+0000] {dag.py:3340} INFO - Setting next_dagrun for example_xcom_args to None, run_after=None
[2024-07-31T12:15:59.814+0000] {logging_mixin.py:120} INFO - [2024-07-31T12:15:59.814+0000] {dag.py:3340} INFO - Setting next_dagrun for example_xcom_args_with_operators to None, run_after=None
[2024-07-31T12:15:59.850+0000] {processor.py:176} INFO - Processing /home/airflow/.local/lib/python3.7/site-packages/airflow/example_dags/example_xcomargs.py took 0.194 seconds
[2024-07-31T12:16:30.951+0000] {processor.py:154} INFO - Started process (PID=552) to work on /home/airflow/.local/lib/python3.7/site-packages/airflow/example_dags/example_xcomargs.py
[2024-07-31T12:16:30.953+0000] {processor.py:756} INFO - Processing file /home/airflow/.local/lib/python3.7/site-packages/airflow/example_dags/example_xcomargs.py for tasks to queue
[2024-07-31T12:16:30.954+0000] {logging_mixin.py:120} INFO - [2024-07-31T12:16:30.954+0000] {dagbag.py:537} INFO - Filling up the DagBag from /home/airflow/.local/lib/python3.7/site-packages/airflow/example_dags/example_xcomargs.py
[2024-07-31T12:16:30.988+0000] {processor.py:766} INFO - DAG(s) dict_keys(['example_xcom_args', 'example_xcom_args_with_operators']) retrieved from /home/airflow/.local/lib/python3.7/site-packages/airflow/example_dags/example_xcomargs.py
[2024-07-31T12:16:31.284+0000] {logging_mixin.py:120} INFO - [2024-07-31T12:16:31.283+0000] {dag.py:2585} INFO - Sync 2 DAGs
[2024-07-31T12:16:31.457+0000] {logging_mixin.py:120} INFO - [2024-07-31T12:16:31.457+0000] {dag.py:3340} INFO - Setting next_dagrun for example_xcom_args to None, run_after=None
[2024-07-31T12:16:31.579+0000] {logging_mixin.py:120} INFO - [2024-07-31T12:16:31.579+0000] {dag.py:3340} INFO - Setting next_dagrun for example_xcom_args_with_operators to None, run_after=None
[2024-07-31T12:16:31.772+0000] {processor.py:176} INFO - Processing /home/airflow/.local/lib/python3.7/site-packages/airflow/example_dags/example_xcomargs.py took 0.826 seconds
[2024-07-31T12:17:02.874+0000] {processor.py:154} INFO - Started process (PID=615) to work on /home/airflow/.local/lib/python3.7/site-packages/airflow/example_dags/example_xcomargs.py
[2024-07-31T12:17:02.877+0000] {processor.py:756} INFO - Processing file /home/airflow/.local/lib/python3.7/site-packages/airflow/example_dags/example_xcomargs.py for tasks to queue
[2024-07-31T12:17:02.880+0000] {logging_mixin.py:120} INFO - [2024-07-31T12:17:02.880+0000] {dagbag.py:537} INFO - Filling up the DagBag from /home/airflow/.local/lib/python3.7/site-packages/airflow/example_dags/example_xcomargs.py
[2024-07-31T12:17:02.937+0000] {processor.py:766} INFO - DAG(s) dict_keys(['example_xcom_args', 'example_xcom_args_with_operators']) retrieved from /home/airflow/.local/lib/python3.7/site-packages/airflow/example_dags/example_xcomargs.py
[2024-07-31T12:17:03.049+0000] {logging_mixin.py:120} INFO - [2024-07-31T12:17:03.049+0000] {dag.py:2585} INFO - Sync 2 DAGs
[2024-07-31T12:17:03.110+0000] {logging_mixin.py:120} INFO - [2024-07-31T12:17:03.110+0000] {dag.py:3340} INFO - Setting next_dagrun for example_xcom_args to None, run_after=None
[2024-07-31T12:17:03.124+0000] {logging_mixin.py:120} INFO - [2024-07-31T12:17:03.124+0000] {dag.py:3340} INFO - Setting next_dagrun for example_xcom_args_with_operators to None, run_after=None
[2024-07-31T12:17:03.178+0000] {processor.py:176} INFO - Processing /home/airflow/.local/lib/python3.7/site-packages/airflow/example_dags/example_xcomargs.py took 0.309 seconds
[2024-07-31T12:17:34.282+0000] {processor.py:154} INFO - Started process (PID=668) to work on /home/airflow/.local/lib/python3.7/site-packages/airflow/example_dags/example_xcomargs.py
[2024-07-31T12:17:34.455+0000] {processor.py:756} INFO - Processing file /home/airflow/.local/lib/python3.7/site-packages/airflow/example_dags/example_xcomargs.py for tasks to queue
[2024-07-31T12:17:34.503+0000] {logging_mixin.py:120} INFO - [2024-07-31T12:17:34.503+0000] {dagbag.py:537} INFO - Filling up the DagBag from /home/airflow/.local/lib/python3.7/site-packages/airflow/example_dags/example_xcomargs.py
[2024-07-31T12:17:34.554+0000] {processor.py:766} INFO - DAG(s) dict_keys(['example_xcom_args', 'example_xcom_args_with_operators']) retrieved from /home/airflow/.local/lib/python3.7/site-packages/airflow/example_dags/example_xcomargs.py
[2024-07-31T12:17:34.628+0000] {logging_mixin.py:120} INFO - [2024-07-31T12:17:34.627+0000] {dag.py:2585} INFO - Sync 2 DAGs
[2024-07-31T12:17:34.674+0000] {logging_mixin.py:120} INFO - [2024-07-31T12:17:34.674+0000] {dag.py:3340} INFO - Setting next_dagrun for example_xcom_args to None, run_after=None
[2024-07-31T12:17:34.687+0000] {logging_mixin.py:120} INFO - [2024-07-31T12:17:34.686+0000] {dag.py:3340} INFO - Setting next_dagrun for example_xcom_args_with_operators to None, run_after=None
[2024-07-31T12:17:34.721+0000] {processor.py:176} INFO - Processing /home/airflow/.local/lib/python3.7/site-packages/airflow/example_dags/example_xcomargs.py took 0.442 seconds
[2024-07-31T12:18:06.285+0000] {processor.py:154} INFO - Started process (PID=731) to work on /home/airflow/.local/lib/python3.7/site-packages/airflow/example_dags/example_xcomargs.py
[2024-07-31T12:18:06.286+0000] {processor.py:756} INFO - Processing file /home/airflow/.local/lib/python3.7/site-packages/airflow/example_dags/example_xcomargs.py for tasks to queue
[2024-07-31T12:18:06.288+0000] {logging_mixin.py:120} INFO - [2024-07-31T12:18:06.288+0000] {dagbag.py:537} INFO - Filling up the DagBag from /home/airflow/.local/lib/python3.7/site-packages/airflow/example_dags/example_xcomargs.py
[2024-07-31T12:18:06.329+0000] {processor.py:766} INFO - DAG(s) dict_keys(['example_xcom_args_with_operators', 'example_xcom_args']) retrieved from /home/airflow/.local/lib/python3.7/site-packages/airflow/example_dags/example_xcomargs.py
[2024-07-31T12:18:06.423+0000] {logging_mixin.py:120} INFO - [2024-07-31T12:18:06.423+0000] {dag.py:2585} INFO - Sync 2 DAGs
[2024-07-31T12:18:06.478+0000] {logging_mixin.py:120} INFO - [2024-07-31T12:18:06.478+0000] {dag.py:3340} INFO - Setting next_dagrun for example_xcom_args to None, run_after=None
[2024-07-31T12:18:06.489+0000] {logging_mixin.py:120} INFO - [2024-07-31T12:18:06.489+0000] {dag.py:3340} INFO - Setting next_dagrun for example_xcom_args_with_operators to None, run_after=None
[2024-07-31T12:18:06.518+0000] {processor.py:176} INFO - Processing /home/airflow/.local/lib/python3.7/site-packages/airflow/example_dags/example_xcomargs.py took 0.237 seconds
[2024-07-31T12:18:38.033+0000] {processor.py:154} INFO - Started process (PID=793) to work on /home/airflow/.local/lib/python3.7/site-packages/airflow/example_dags/example_xcomargs.py
[2024-07-31T12:18:38.034+0000] {processor.py:756} INFO - Processing file /home/airflow/.local/lib/python3.7/site-packages/airflow/example_dags/example_xcomargs.py for tasks to queue
[2024-07-31T12:18:38.036+0000] {logging_mixin.py:120} INFO - [2024-07-31T12:18:38.035+0000] {dagbag.py:537} INFO - Filling up the DagBag from /home/airflow/.local/lib/python3.7/site-packages/airflow/example_dags/example_xcomargs.py
[2024-07-31T12:18:38.062+0000] {processor.py:766} INFO - DAG(s) dict_keys(['example_xcom_args_with_operators', 'example_xcom_args']) retrieved from /home/airflow/.local/lib/python3.7/site-packages/airflow/example_dags/example_xcomargs.py
[2024-07-31T12:18:38.133+0000] {logging_mixin.py:120} INFO - [2024-07-31T12:18:38.132+0000] {dag.py:2585} INFO - Sync 2 DAGs
[2024-07-31T12:18:38.168+0000] {logging_mixin.py:120} INFO - [2024-07-31T12:18:38.168+0000] {dag.py:3340} INFO - Setting next_dagrun for example_xcom_args to None, run_after=None
[2024-07-31T12:18:38.174+0000] {logging_mixin.py:120} INFO - [2024-07-31T12:18:38.174+0000] {dag.py:3340} INFO - Setting next_dagrun for example_xcom_args_with_operators to None, run_after=None
[2024-07-31T12:18:38.211+0000] {processor.py:176} INFO - Processing /home/airflow/.local/lib/python3.7/site-packages/airflow/example_dags/example_xcomargs.py took 0.182 seconds
[2024-07-31T12:19:09.478+0000] {processor.py:154} INFO - Started process (PID=847) to work on /home/airflow/.local/lib/python3.7/site-packages/airflow/example_dags/example_xcomargs.py
[2024-07-31T12:19:09.518+0000] {processor.py:756} INFO - Processing file /home/airflow/.local/lib/python3.7/site-packages/airflow/example_dags/example_xcomargs.py for tasks to queue
[2024-07-31T12:19:09.520+0000] {logging_mixin.py:120} INFO - [2024-07-31T12:19:09.519+0000] {dagbag.py:537} INFO - Filling up the DagBag from /home/airflow/.local/lib/python3.7/site-packages/airflow/example_dags/example_xcomargs.py
[2024-07-31T12:19:09.549+0000] {processor.py:766} INFO - DAG(s) dict_keys(['example_xcom_args', 'example_xcom_args_with_operators']) retrieved from /home/airflow/.local/lib/python3.7/site-packages/airflow/example_dags/example_xcomargs.py
[2024-07-31T12:19:09.635+0000] {logging_mixin.py:120} INFO - [2024-07-31T12:19:09.635+0000] {dag.py:2585} INFO - Sync 2 DAGs
[2024-07-31T12:19:09.680+0000] {logging_mixin.py:120} INFO - [2024-07-31T12:19:09.680+0000] {dag.py:3340} INFO - Setting next_dagrun for example_xcom_args to None, run_after=None
[2024-07-31T12:19:09.699+0000] {logging_mixin.py:120} INFO - [2024-07-31T12:19:09.699+0000] {dag.py:3340} INFO - Setting next_dagrun for example_xcom_args_with_operators to None, run_after=None
[2024-07-31T12:19:09.724+0000] {processor.py:176} INFO - Processing /home/airflow/.local/lib/python3.7/site-packages/airflow/example_dags/example_xcomargs.py took 0.251 seconds
[2024-07-31T12:19:40.621+0000] {processor.py:154} INFO - Started process (PID=910) to work on /home/airflow/.local/lib/python3.7/site-packages/airflow/example_dags/example_xcomargs.py
[2024-07-31T12:19:40.695+0000] {processor.py:756} INFO - Processing file /home/airflow/.local/lib/python3.7/site-packages/airflow/example_dags/example_xcomargs.py for tasks to queue
[2024-07-31T12:19:40.708+0000] {logging_mixin.py:120} INFO - [2024-07-31T12:19:40.708+0000] {dagbag.py:537} INFO - Filling up the DagBag from /home/airflow/.local/lib/python3.7/site-packages/airflow/example_dags/example_xcomargs.py
[2024-07-31T12:19:40.752+0000] {processor.py:766} INFO - DAG(s) dict_keys(['example_xcom_args_with_operators', 'example_xcom_args']) retrieved from /home/airflow/.local/lib/python3.7/site-packages/airflow/example_dags/example_xcomargs.py
[2024-07-31T12:19:40.872+0000] {logging_mixin.py:120} INFO - [2024-07-31T12:19:40.872+0000] {dag.py:2585} INFO - Sync 2 DAGs
[2024-07-31T12:19:40.904+0000] {logging_mixin.py:120} INFO - [2024-07-31T12:19:40.903+0000] {dag.py:3340} INFO - Setting next_dagrun for example_xcom_args to None, run_after=None
[2024-07-31T12:19:40.953+0000] {logging_mixin.py:120} INFO - [2024-07-31T12:19:40.953+0000] {dag.py:3340} INFO - Setting next_dagrun for example_xcom_args_with_operators to None, run_after=None
[2024-07-31T12:19:40.987+0000] {processor.py:176} INFO - Processing /home/airflow/.local/lib/python3.7/site-packages/airflow/example_dags/example_xcomargs.py took 0.369 seconds
[2024-07-31T12:20:11.892+0000] {processor.py:154} INFO - Started process (PID=972) to work on /home/airflow/.local/lib/python3.7/site-packages/airflow/example_dags/example_xcomargs.py
[2024-07-31T12:20:11.894+0000] {processor.py:756} INFO - Processing file /home/airflow/.local/lib/python3.7/site-packages/airflow/example_dags/example_xcomargs.py for tasks to queue
[2024-07-31T12:20:11.895+0000] {logging_mixin.py:120} INFO - [2024-07-31T12:20:11.895+0000] {dagbag.py:537} INFO - Filling up the DagBag from /home/airflow/.local/lib/python3.7/site-packages/airflow/example_dags/example_xcomargs.py
[2024-07-31T12:20:11.931+0000] {processor.py:766} INFO - DAG(s) dict_keys(['example_xcom_args', 'example_xcom_args_with_operators']) retrieved from /home/airflow/.local/lib/python3.7/site-packages/airflow/example_dags/example_xcomargs.py
[2024-07-31T12:20:12.022+0000] {logging_mixin.py:120} INFO - [2024-07-31T12:20:12.022+0000] {dag.py:2585} INFO - Sync 2 DAGs
[2024-07-31T12:20:12.061+0000] {logging_mixin.py:120} INFO - [2024-07-31T12:20:12.061+0000] {dag.py:3340} INFO - Setting next_dagrun for example_xcom_args to None, run_after=None
[2024-07-31T12:20:12.066+0000] {logging_mixin.py:120} INFO - [2024-07-31T12:20:12.066+0000] {dag.py:3340} INFO - Setting next_dagrun for example_xcom_args_with_operators to None, run_after=None
[2024-07-31T12:20:12.099+0000] {processor.py:176} INFO - Processing /home/airflow/.local/lib/python3.7/site-packages/airflow/example_dags/example_xcomargs.py took 0.211 seconds
[2024-07-31T12:20:42.330+0000] {processor.py:154} INFO - Started process (PID=1026) to work on /home/airflow/.local/lib/python3.7/site-packages/airflow/example_dags/example_xcomargs.py
[2024-07-31T12:20:42.331+0000] {processor.py:756} INFO - Processing file /home/airflow/.local/lib/python3.7/site-packages/airflow/example_dags/example_xcomargs.py for tasks to queue
[2024-07-31T12:20:42.332+0000] {logging_mixin.py:120} INFO - [2024-07-31T12:20:42.332+0000] {dagbag.py:537} INFO - Filling up the DagBag from /home/airflow/.local/lib/python3.7/site-packages/airflow/example_dags/example_xcomargs.py
[2024-07-31T12:20:42.362+0000] {processor.py:766} INFO - DAG(s) dict_keys(['example_xcom_args_with_operators', 'example_xcom_args']) retrieved from /home/airflow/.local/lib/python3.7/site-packages/airflow/example_dags/example_xcomargs.py
[2024-07-31T12:20:42.411+0000] {logging_mixin.py:120} INFO - [2024-07-31T12:20:42.411+0000] {dag.py:2585} INFO - Sync 2 DAGs
[2024-07-31T12:20:42.439+0000] {logging_mixin.py:120} INFO - [2024-07-31T12:20:42.439+0000] {dag.py:3340} INFO - Setting next_dagrun for example_xcom_args to None, run_after=None
[2024-07-31T12:20:42.464+0000] {logging_mixin.py:120} INFO - [2024-07-31T12:20:42.464+0000] {dag.py:3340} INFO - Setting next_dagrun for example_xcom_args_with_operators to None, run_after=None
[2024-07-31T12:20:42.512+0000] {processor.py:176} INFO - Processing /home/airflow/.local/lib/python3.7/site-packages/airflow/example_dags/example_xcomargs.py took 0.186 seconds
[2024-07-31T12:21:13.907+0000] {processor.py:154} INFO - Started process (PID=1089) to work on /home/airflow/.local/lib/python3.7/site-packages/airflow/example_dags/example_xcomargs.py
[2024-07-31T12:21:13.908+0000] {processor.py:756} INFO - Processing file /home/airflow/.local/lib/python3.7/site-packages/airflow/example_dags/example_xcomargs.py for tasks to queue
[2024-07-31T12:21:13.909+0000] {logging_mixin.py:120} INFO - [2024-07-31T12:21:13.909+0000] {dagbag.py:537} INFO - Filling up the DagBag from /home/airflow/.local/lib/python3.7/site-packages/airflow/example_dags/example_xcomargs.py
[2024-07-31T12:21:13.933+0000] {processor.py:766} INFO - DAG(s) dict_keys(['example_xcom_args_with_operators', 'example_xcom_args']) retrieved from /home/airflow/.local/lib/python3.7/site-packages/airflow/example_dags/example_xcomargs.py
[2024-07-31T12:21:13.984+0000] {logging_mixin.py:120} INFO - [2024-07-31T12:21:13.984+0000] {dag.py:2585} INFO - Sync 2 DAGs
[2024-07-31T12:21:14.081+0000] {logging_mixin.py:120} INFO - [2024-07-31T12:21:14.081+0000] {dag.py:3340} INFO - Setting next_dagrun for example_xcom_args to None, run_after=None
[2024-07-31T12:21:14.186+0000] {logging_mixin.py:120} INFO - [2024-07-31T12:21:14.185+0000] {dag.py:3340} INFO - Setting next_dagrun for example_xcom_args_with_operators to None, run_after=None
[2024-07-31T12:21:14.288+0000] {processor.py:176} INFO - Processing /home/airflow/.local/lib/python3.7/site-packages/airflow/example_dags/example_xcomargs.py took 0.386 seconds
[2024-07-31T12:21:45.060+0000] {processor.py:154} INFO - Started process (PID=1152) to work on /home/airflow/.local/lib/python3.7/site-packages/airflow/example_dags/example_xcomargs.py
[2024-07-31T12:21:45.085+0000] {processor.py:756} INFO - Processing file /home/airflow/.local/lib/python3.7/site-packages/airflow/example_dags/example_xcomargs.py for tasks to queue
[2024-07-31T12:21:45.089+0000] {logging_mixin.py:120} INFO - [2024-07-31T12:21:45.089+0000] {dagbag.py:537} INFO - Filling up the DagBag from /home/airflow/.local/lib/python3.7/site-packages/airflow/example_dags/example_xcomargs.py
[2024-07-31T12:21:45.143+0000] {processor.py:766} INFO - DAG(s) dict_keys(['example_xcom_args', 'example_xcom_args_with_operators']) retrieved from /home/airflow/.local/lib/python3.7/site-packages/airflow/example_dags/example_xcomargs.py
[2024-07-31T12:21:45.259+0000] {logging_mixin.py:120} INFO - [2024-07-31T12:21:45.258+0000] {dag.py:2585} INFO - Sync 2 DAGs
[2024-07-31T12:21:45.364+0000] {logging_mixin.py:120} INFO - [2024-07-31T12:21:45.364+0000] {dag.py:3340} INFO - Setting next_dagrun for example_xcom_args to None, run_after=None
[2024-07-31T12:21:45.455+0000] {logging_mixin.py:120} INFO - [2024-07-31T12:21:45.454+0000] {dag.py:3340} INFO - Setting next_dagrun for example_xcom_args_with_operators to None, run_after=None
[2024-07-31T12:21:45.488+0000] {processor.py:176} INFO - Processing /home/airflow/.local/lib/python3.7/site-packages/airflow/example_dags/example_xcomargs.py took 0.431 seconds
[2024-07-31T12:22:15.859+0000] {processor.py:154} INFO - Started process (PID=1206) to work on /home/airflow/.local/lib/python3.7/site-packages/airflow/example_dags/example_xcomargs.py
[2024-07-31T12:22:15.861+0000] {processor.py:756} INFO - Processing file /home/airflow/.local/lib/python3.7/site-packages/airflow/example_dags/example_xcomargs.py for tasks to queue
[2024-07-31T12:22:15.862+0000] {logging_mixin.py:120} INFO - [2024-07-31T12:22:15.862+0000] {dagbag.py:537} INFO - Filling up the DagBag from /home/airflow/.local/lib/python3.7/site-packages/airflow/example_dags/example_xcomargs.py
[2024-07-31T12:22:15.885+0000] {processor.py:766} INFO - DAG(s) dict_keys(['example_xcom_args', 'example_xcom_args_with_operators']) retrieved from /home/airflow/.local/lib/python3.7/site-packages/airflow/example_dags/example_xcomargs.py
[2024-07-31T12:22:15.963+0000] {logging_mixin.py:120} INFO - [2024-07-31T12:22:15.963+0000] {dag.py:2585} INFO - Sync 2 DAGs
[2024-07-31T12:22:15.993+0000] {logging_mixin.py:120} INFO - [2024-07-31T12:22:15.993+0000] {dag.py:3340} INFO - Setting next_dagrun for example_xcom_args to None, run_after=None
[2024-07-31T12:22:15.999+0000] {logging_mixin.py:120} INFO - [2024-07-31T12:22:15.999+0000] {dag.py:3340} INFO - Setting next_dagrun for example_xcom_args_with_operators to None, run_after=None
[2024-07-31T12:22:16.025+0000] {processor.py:176} INFO - Processing /home/airflow/.local/lib/python3.7/site-packages/airflow/example_dags/example_xcomargs.py took 0.169 seconds
[2024-07-31T12:22:46.139+0000] {processor.py:154} INFO - Started process (PID=1270) to work on /home/airflow/.local/lib/python3.7/site-packages/airflow/example_dags/example_xcomargs.py
[2024-07-31T12:22:46.141+0000] {processor.py:756} INFO - Processing file /home/airflow/.local/lib/python3.7/site-packages/airflow/example_dags/example_xcomargs.py for tasks to queue
[2024-07-31T12:22:46.142+0000] {logging_mixin.py:120} INFO - [2024-07-31T12:22:46.142+0000] {dagbag.py:537} INFO - Filling up the DagBag from /home/airflow/.local/lib/python3.7/site-packages/airflow/example_dags/example_xcomargs.py
[2024-07-31T12:22:46.169+0000] {processor.py:766} INFO - DAG(s) dict_keys(['example_xcom_args', 'example_xcom_args_with_operators']) retrieved from /home/airflow/.local/lib/python3.7/site-packages/airflow/example_dags/example_xcomargs.py
[2024-07-31T12:22:46.222+0000] {logging_mixin.py:120} INFO - [2024-07-31T12:22:46.222+0000] {dag.py:2585} INFO - Sync 2 DAGs
[2024-07-31T12:22:46.251+0000] {logging_mixin.py:120} INFO - [2024-07-31T12:22:46.250+0000] {dag.py:3340} INFO - Setting next_dagrun for example_xcom_args to None, run_after=None
[2024-07-31T12:22:46.255+0000] {logging_mixin.py:120} INFO - [2024-07-31T12:22:46.255+0000] {dag.py:3340} INFO - Setting next_dagrun for example_xcom_args_with_operators to None, run_after=None
[2024-07-31T12:22:46.278+0000] {processor.py:176} INFO - Processing /home/airflow/.local/lib/python3.7/site-packages/airflow/example_dags/example_xcomargs.py took 0.143 seconds
[2024-07-31T12:23:16.351+0000] {processor.py:154} INFO - Started process (PID=1324) to work on /home/airflow/.local/lib/python3.7/site-packages/airflow/example_dags/example_xcomargs.py
[2024-07-31T12:23:16.352+0000] {processor.py:756} INFO - Processing file /home/airflow/.local/lib/python3.7/site-packages/airflow/example_dags/example_xcomargs.py for tasks to queue
[2024-07-31T12:23:16.353+0000] {logging_mixin.py:120} INFO - [2024-07-31T12:23:16.353+0000] {dagbag.py:537} INFO - Filling up the DagBag from /home/airflow/.local/lib/python3.7/site-packages/airflow/example_dags/example_xcomargs.py
[2024-07-31T12:23:16.382+0000] {processor.py:766} INFO - DAG(s) dict_keys(['example_xcom_args', 'example_xcom_args_with_operators']) retrieved from /home/airflow/.local/lib/python3.7/site-packages/airflow/example_dags/example_xcomargs.py
[2024-07-31T12:23:16.433+0000] {logging_mixin.py:120} INFO - [2024-07-31T12:23:16.432+0000] {dag.py:2585} INFO - Sync 2 DAGs
[2024-07-31T12:23:16.461+0000] {logging_mixin.py:120} INFO - [2024-07-31T12:23:16.461+0000] {dag.py:3340} INFO - Setting next_dagrun for example_xcom_args to None, run_after=None
[2024-07-31T12:23:16.465+0000] {logging_mixin.py:120} INFO - [2024-07-31T12:23:16.465+0000] {dag.py:3340} INFO - Setting next_dagrun for example_xcom_args_with_operators to None, run_after=None
[2024-07-31T12:23:16.486+0000] {processor.py:176} INFO - Processing /home/airflow/.local/lib/python3.7/site-packages/airflow/example_dags/example_xcomargs.py took 0.139 seconds
[2024-07-31T12:23:46.943+0000] {processor.py:154} INFO - Started process (PID=1387) to work on /home/airflow/.local/lib/python3.7/site-packages/airflow/example_dags/example_xcomargs.py
[2024-07-31T12:23:46.945+0000] {processor.py:756} INFO - Processing file /home/airflow/.local/lib/python3.7/site-packages/airflow/example_dags/example_xcomargs.py for tasks to queue
[2024-07-31T12:23:46.947+0000] {logging_mixin.py:120} INFO - [2024-07-31T12:23:46.946+0000] {dagbag.py:537} INFO - Filling up the DagBag from /home/airflow/.local/lib/python3.7/site-packages/airflow/example_dags/example_xcomargs.py
[2024-07-31T12:23:46.972+0000] {processor.py:766} INFO - DAG(s) dict_keys(['example_xcom_args', 'example_xcom_args_with_operators']) retrieved from /home/airflow/.local/lib/python3.7/site-packages/airflow/example_dags/example_xcomargs.py
[2024-07-31T12:23:47.041+0000] {logging_mixin.py:120} INFO - [2024-07-31T12:23:47.041+0000] {dag.py:2585} INFO - Sync 2 DAGs
[2024-07-31T12:23:47.073+0000] {logging_mixin.py:120} INFO - [2024-07-31T12:23:47.072+0000] {dag.py:3340} INFO - Setting next_dagrun for example_xcom_args to None, run_after=None
[2024-07-31T12:23:47.080+0000] {logging_mixin.py:120} INFO - [2024-07-31T12:23:47.079+0000] {dag.py:3340} INFO - Setting next_dagrun for example_xcom_args_with_operators to None, run_after=None
[2024-07-31T12:23:47.102+0000] {processor.py:176} INFO - Processing /home/airflow/.local/lib/python3.7/site-packages/airflow/example_dags/example_xcomargs.py took 0.164 seconds
[2024-07-31T12:24:18.484+0000] {processor.py:154} INFO - Started process (PID=1441) to work on /home/airflow/.local/lib/python3.7/site-packages/airflow/example_dags/example_xcomargs.py
[2024-07-31T12:24:18.485+0000] {processor.py:756} INFO - Processing file /home/airflow/.local/lib/python3.7/site-packages/airflow/example_dags/example_xcomargs.py for tasks to queue
[2024-07-31T12:24:18.486+0000] {logging_mixin.py:120} INFO - [2024-07-31T12:24:18.486+0000] {dagbag.py:537} INFO - Filling up the DagBag from /home/airflow/.local/lib/python3.7/site-packages/airflow/example_dags/example_xcomargs.py
[2024-07-31T12:24:18.511+0000] {processor.py:766} INFO - DAG(s) dict_keys(['example_xcom_args', 'example_xcom_args_with_operators']) retrieved from /home/airflow/.local/lib/python3.7/site-packages/airflow/example_dags/example_xcomargs.py
[2024-07-31T12:24:18.559+0000] {logging_mixin.py:120} INFO - [2024-07-31T12:24:18.559+0000] {dag.py:2585} INFO - Sync 2 DAGs
[2024-07-31T12:24:18.598+0000] {logging_mixin.py:120} INFO - [2024-07-31T12:24:18.598+0000] {dag.py:3340} INFO - Setting next_dagrun for example_xcom_args to None, run_after=None
[2024-07-31T12:24:18.609+0000] {logging_mixin.py:120} INFO - [2024-07-31T12:24:18.609+0000] {dag.py:3340} INFO - Setting next_dagrun for example_xcom_args_with_operators to None, run_after=None
[2024-07-31T12:24:18.631+0000] {processor.py:176} INFO - Processing /home/airflow/.local/lib/python3.7/site-packages/airflow/example_dags/example_xcomargs.py took 0.151 seconds
[2024-07-31T12:24:49.220+0000] {processor.py:154} INFO - Started process (PID=1503) to work on /home/airflow/.local/lib/python3.7/site-packages/airflow/example_dags/example_xcomargs.py
[2024-07-31T12:24:49.222+0000] {processor.py:756} INFO - Processing file /home/airflow/.local/lib/python3.7/site-packages/airflow/example_dags/example_xcomargs.py for tasks to queue
[2024-07-31T12:24:49.223+0000] {logging_mixin.py:120} INFO - [2024-07-31T12:24:49.223+0000] {dagbag.py:537} INFO - Filling up the DagBag from /home/airflow/.local/lib/python3.7/site-packages/airflow/example_dags/example_xcomargs.py
[2024-07-31T12:24:49.270+0000] {processor.py:766} INFO - DAG(s) dict_keys(['example_xcom_args', 'example_xcom_args_with_operators']) retrieved from /home/airflow/.local/lib/python3.7/site-packages/airflow/example_dags/example_xcomargs.py
[2024-07-31T12:24:49.335+0000] {logging_mixin.py:120} INFO - [2024-07-31T12:24:49.335+0000] {dag.py:2585} INFO - Sync 2 DAGs
[2024-07-31T12:24:49.365+0000] {logging_mixin.py:120} INFO - [2024-07-31T12:24:49.365+0000] {dag.py:3340} INFO - Setting next_dagrun for example_xcom_args to None, run_after=None
[2024-07-31T12:24:49.370+0000] {logging_mixin.py:120} INFO - [2024-07-31T12:24:49.369+0000] {dag.py:3340} INFO - Setting next_dagrun for example_xcom_args_with_operators to None, run_after=None
[2024-07-31T12:24:49.391+0000] {processor.py:176} INFO - Processing /home/airflow/.local/lib/python3.7/site-packages/airflow/example_dags/example_xcomargs.py took 0.174 seconds
[2024-07-31T12:25:19.650+0000] {processor.py:154} INFO - Started process (PID=1566) to work on /home/airflow/.local/lib/python3.7/site-packages/airflow/example_dags/example_xcomargs.py
[2024-07-31T12:25:19.652+0000] {processor.py:756} INFO - Processing file /home/airflow/.local/lib/python3.7/site-packages/airflow/example_dags/example_xcomargs.py for tasks to queue
[2024-07-31T12:25:19.654+0000] {logging_mixin.py:120} INFO - [2024-07-31T12:25:19.654+0000] {dagbag.py:537} INFO - Filling up the DagBag from /home/airflow/.local/lib/python3.7/site-packages/airflow/example_dags/example_xcomargs.py
[2024-07-31T12:25:19.685+0000] {processor.py:766} INFO - DAG(s) dict_keys(['example_xcom_args_with_operators', 'example_xcom_args']) retrieved from /home/airflow/.local/lib/python3.7/site-packages/airflow/example_dags/example_xcomargs.py
[2024-07-31T12:25:19.743+0000] {logging_mixin.py:120} INFO - [2024-07-31T12:25:19.742+0000] {dag.py:2585} INFO - Sync 2 DAGs
[2024-07-31T12:25:19.771+0000] {logging_mixin.py:120} INFO - [2024-07-31T12:25:19.771+0000] {dag.py:3340} INFO - Setting next_dagrun for example_xcom_args to None, run_after=None
[2024-07-31T12:25:19.776+0000] {logging_mixin.py:120} INFO - [2024-07-31T12:25:19.776+0000] {dag.py:3340} INFO - Setting next_dagrun for example_xcom_args_with_operators to None, run_after=None
[2024-07-31T12:25:19.803+0000] {processor.py:176} INFO - Processing /home/airflow/.local/lib/python3.7/site-packages/airflow/example_dags/example_xcomargs.py took 0.158 seconds
[2024-07-31T12:25:50.614+0000] {processor.py:154} INFO - Started process (PID=1620) to work on /home/airflow/.local/lib/python3.7/site-packages/airflow/example_dags/example_xcomargs.py
[2024-07-31T12:25:50.616+0000] {processor.py:756} INFO - Processing file /home/airflow/.local/lib/python3.7/site-packages/airflow/example_dags/example_xcomargs.py for tasks to queue
[2024-07-31T12:25:50.617+0000] {logging_mixin.py:120} INFO - [2024-07-31T12:25:50.617+0000] {dagbag.py:537} INFO - Filling up the DagBag from /home/airflow/.local/lib/python3.7/site-packages/airflow/example_dags/example_xcomargs.py
[2024-07-31T12:25:50.642+0000] {processor.py:766} INFO - DAG(s) dict_keys(['example_xcom_args_with_operators', 'example_xcom_args']) retrieved from /home/airflow/.local/lib/python3.7/site-packages/airflow/example_dags/example_xcomargs.py
[2024-07-31T12:25:50.688+0000] {logging_mixin.py:120} INFO - [2024-07-31T12:25:50.688+0000] {dag.py:2585} INFO - Sync 2 DAGs
[2024-07-31T12:25:50.712+0000] {logging_mixin.py:120} INFO - [2024-07-31T12:25:50.712+0000] {dag.py:3340} INFO - Setting next_dagrun for example_xcom_args to None, run_after=None
[2024-07-31T12:25:50.717+0000] {logging_mixin.py:120} INFO - [2024-07-31T12:25:50.717+0000] {dag.py:3340} INFO - Setting next_dagrun for example_xcom_args_with_operators to None, run_after=None
[2024-07-31T12:25:50.738+0000] {processor.py:176} INFO - Processing /home/airflow/.local/lib/python3.7/site-packages/airflow/example_dags/example_xcomargs.py took 0.128 seconds
[2024-07-31T12:26:21.496+0000] {processor.py:154} INFO - Started process (PID=1683) to work on /home/airflow/.local/lib/python3.7/site-packages/airflow/example_dags/example_xcomargs.py
[2024-07-31T12:26:21.497+0000] {processor.py:756} INFO - Processing file /home/airflow/.local/lib/python3.7/site-packages/airflow/example_dags/example_xcomargs.py for tasks to queue
[2024-07-31T12:26:21.499+0000] {logging_mixin.py:120} INFO - [2024-07-31T12:26:21.498+0000] {dagbag.py:537} INFO - Filling up the DagBag from /home/airflow/.local/lib/python3.7/site-packages/airflow/example_dags/example_xcomargs.py
[2024-07-31T12:26:21.525+0000] {processor.py:766} INFO - DAG(s) dict_keys(['example_xcom_args', 'example_xcom_args_with_operators']) retrieved from /home/airflow/.local/lib/python3.7/site-packages/airflow/example_dags/example_xcomargs.py
[2024-07-31T12:26:21.571+0000] {logging_mixin.py:120} INFO - [2024-07-31T12:26:21.571+0000] {dag.py:2585} INFO - Sync 2 DAGs
[2024-07-31T12:26:21.607+0000] {logging_mixin.py:120} INFO - [2024-07-31T12:26:21.607+0000] {dag.py:3340} INFO - Setting next_dagrun for example_xcom_args to None, run_after=None
[2024-07-31T12:26:21.614+0000] {logging_mixin.py:120} INFO - [2024-07-31T12:26:21.614+0000] {dag.py:3340} INFO - Setting next_dagrun for example_xcom_args_with_operators to None, run_after=None
[2024-07-31T12:26:21.641+0000] {processor.py:176} INFO - Processing /home/airflow/.local/lib/python3.7/site-packages/airflow/example_dags/example_xcomargs.py took 0.151 seconds
[2024-07-31T12:26:52.317+0000] {processor.py:154} INFO - Started process (PID=1746) to work on /home/airflow/.local/lib/python3.7/site-packages/airflow/example_dags/example_xcomargs.py
[2024-07-31T12:26:52.319+0000] {processor.py:756} INFO - Processing file /home/airflow/.local/lib/python3.7/site-packages/airflow/example_dags/example_xcomargs.py for tasks to queue
[2024-07-31T12:26:52.320+0000] {logging_mixin.py:120} INFO - [2024-07-31T12:26:52.320+0000] {dagbag.py:537} INFO - Filling up the DagBag from /home/airflow/.local/lib/python3.7/site-packages/airflow/example_dags/example_xcomargs.py
[2024-07-31T12:26:52.363+0000] {processor.py:766} INFO - DAG(s) dict_keys(['example_xcom_args_with_operators', 'example_xcom_args']) retrieved from /home/airflow/.local/lib/python3.7/site-packages/airflow/example_dags/example_xcomargs.py
[2024-07-31T12:26:52.433+0000] {logging_mixin.py:120} INFO - [2024-07-31T12:26:52.433+0000] {dag.py:2585} INFO - Sync 2 DAGs
[2024-07-31T12:26:52.471+0000] {logging_mixin.py:120} INFO - [2024-07-31T12:26:52.471+0000] {dag.py:3340} INFO - Setting next_dagrun for example_xcom_args to None, run_after=None
[2024-07-31T12:26:52.478+0000] {logging_mixin.py:120} INFO - [2024-07-31T12:26:52.478+0000] {dag.py:3340} INFO - Setting next_dagrun for example_xcom_args_with_operators to None, run_after=None
[2024-07-31T12:26:52.507+0000] {processor.py:176} INFO - Processing /home/airflow/.local/lib/python3.7/site-packages/airflow/example_dags/example_xcomargs.py took 0.197 seconds
[2024-07-31T12:27:28.593+0000] {processor.py:154} INFO - Started process (PID=1810) to work on /home/airflow/.local/lib/python3.7/site-packages/airflow/example_dags/example_xcomargs.py
[2024-07-31T12:27:28.596+0000] {processor.py:756} INFO - Processing file /home/airflow/.local/lib/python3.7/site-packages/airflow/example_dags/example_xcomargs.py for tasks to queue
[2024-07-31T12:27:28.597+0000] {logging_mixin.py:120} INFO - [2024-07-31T12:27:28.597+0000] {dagbag.py:537} INFO - Filling up the DagBag from /home/airflow/.local/lib/python3.7/site-packages/airflow/example_dags/example_xcomargs.py
[2024-07-31T12:27:28.639+0000] {processor.py:766} INFO - DAG(s) dict_keys(['example_xcom_args', 'example_xcom_args_with_operators']) retrieved from /home/airflow/.local/lib/python3.7/site-packages/airflow/example_dags/example_xcomargs.py
[2024-07-31T12:27:28.735+0000] {logging_mixin.py:120} INFO - [2024-07-31T12:27:28.734+0000] {dag.py:2585} INFO - Sync 2 DAGs
[2024-07-31T12:27:28.783+0000] {logging_mixin.py:120} INFO - [2024-07-31T12:27:28.783+0000] {dag.py:3340} INFO - Setting next_dagrun for example_xcom_args to None, run_after=None
[2024-07-31T12:27:28.792+0000] {logging_mixin.py:120} INFO - [2024-07-31T12:27:28.792+0000] {dag.py:3340} INFO - Setting next_dagrun for example_xcom_args_with_operators to None, run_after=None
[2024-07-31T12:27:28.836+0000] {processor.py:176} INFO - Processing /home/airflow/.local/lib/python3.7/site-packages/airflow/example_dags/example_xcomargs.py took 0.249 seconds
[2024-07-31T12:28:01.266+0000] {processor.py:154} INFO - Started process (PID=1864) to work on /home/airflow/.local/lib/python3.7/site-packages/airflow/example_dags/example_xcomargs.py
[2024-07-31T12:28:01.276+0000] {processor.py:756} INFO - Processing file /home/airflow/.local/lib/python3.7/site-packages/airflow/example_dags/example_xcomargs.py for tasks to queue
[2024-07-31T12:28:01.277+0000] {logging_mixin.py:120} INFO - [2024-07-31T12:28:01.277+0000] {dagbag.py:537} INFO - Filling up the DagBag from /home/airflow/.local/lib/python3.7/site-packages/airflow/example_dags/example_xcomargs.py
[2024-07-31T12:28:01.310+0000] {processor.py:766} INFO - DAG(s) dict_keys(['example_xcom_args_with_operators', 'example_xcom_args']) retrieved from /home/airflow/.local/lib/python3.7/site-packages/airflow/example_dags/example_xcomargs.py
[2024-07-31T12:28:01.431+0000] {logging_mixin.py:120} INFO - [2024-07-31T12:28:01.430+0000] {dag.py:2585} INFO - Sync 2 DAGs
[2024-07-31T12:28:01.512+0000] {logging_mixin.py:120} INFO - [2024-07-31T12:28:01.511+0000] {dag.py:3340} INFO - Setting next_dagrun for example_xcom_args to None, run_after=None
[2024-07-31T12:28:01.617+0000] {logging_mixin.py:120} INFO - [2024-07-31T12:28:01.617+0000] {dag.py:3340} INFO - Setting next_dagrun for example_xcom_args_with_operators to None, run_after=None
[2024-07-31T12:28:01.768+0000] {processor.py:176} INFO - Processing /home/airflow/.local/lib/python3.7/site-packages/airflow/example_dags/example_xcomargs.py took 0.508 seconds
[2024-07-31T12:28:31.808+0000] {processor.py:154} INFO - Started process (PID=1928) to work on /home/airflow/.local/lib/python3.7/site-packages/airflow/example_dags/example_xcomargs.py
[2024-07-31T12:28:31.810+0000] {processor.py:756} INFO - Processing file /home/airflow/.local/lib/python3.7/site-packages/airflow/example_dags/example_xcomargs.py for tasks to queue
[2024-07-31T12:28:31.811+0000] {logging_mixin.py:120} INFO - [2024-07-31T12:28:31.810+0000] {dagbag.py:537} INFO - Filling up the DagBag from /home/airflow/.local/lib/python3.7/site-packages/airflow/example_dags/example_xcomargs.py
[2024-07-31T12:28:31.848+0000] {processor.py:766} INFO - DAG(s) dict_keys(['example_xcom_args', 'example_xcom_args_with_operators']) retrieved from /home/airflow/.local/lib/python3.7/site-packages/airflow/example_dags/example_xcomargs.py
[2024-07-31T12:28:31.930+0000] {logging_mixin.py:120} INFO - [2024-07-31T12:28:31.930+0000] {dag.py:2585} INFO - Sync 2 DAGs
[2024-07-31T12:28:31.965+0000] {logging_mixin.py:120} INFO - [2024-07-31T12:28:31.965+0000] {dag.py:3340} INFO - Setting next_dagrun for example_xcom_args to None, run_after=None
[2024-07-31T12:28:31.969+0000] {logging_mixin.py:120} INFO - [2024-07-31T12:28:31.969+0000] {dag.py:3340} INFO - Setting next_dagrun for example_xcom_args_with_operators to None, run_after=None
[2024-07-31T12:28:31.999+0000] {processor.py:176} INFO - Processing /home/airflow/.local/lib/python3.7/site-packages/airflow/example_dags/example_xcomargs.py took 0.194 seconds
[2024-07-31T12:29:02.185+0000] {processor.py:154} INFO - Started process (PID=1982) to work on /home/airflow/.local/lib/python3.7/site-packages/airflow/example_dags/example_xcomargs.py
[2024-07-31T12:29:02.187+0000] {processor.py:756} INFO - Processing file /home/airflow/.local/lib/python3.7/site-packages/airflow/example_dags/example_xcomargs.py for tasks to queue
[2024-07-31T12:29:02.259+0000] {logging_mixin.py:120} INFO - [2024-07-31T12:29:02.258+0000] {dagbag.py:537} INFO - Filling up the DagBag from /home/airflow/.local/lib/python3.7/site-packages/airflow/example_dags/example_xcomargs.py
[2024-07-31T12:29:02.354+0000] {processor.py:766} INFO - DAG(s) dict_keys(['example_xcom_args', 'example_xcom_args_with_operators']) retrieved from /home/airflow/.local/lib/python3.7/site-packages/airflow/example_dags/example_xcomargs.py
[2024-07-31T12:29:02.673+0000] {logging_mixin.py:120} INFO - [2024-07-31T12:29:02.673+0000] {dag.py:2585} INFO - Sync 2 DAGs
[2024-07-31T12:29:02.804+0000] {logging_mixin.py:120} INFO - [2024-07-31T12:29:02.804+0000] {dag.py:3340} INFO - Setting next_dagrun for example_xcom_args to None, run_after=None
[2024-07-31T12:29:02.913+0000] {logging_mixin.py:120} INFO - [2024-07-31T12:29:02.913+0000] {dag.py:3340} INFO - Setting next_dagrun for example_xcom_args_with_operators to None, run_after=None
[2024-07-31T12:29:02.962+0000] {processor.py:176} INFO - Processing /home/airflow/.local/lib/python3.7/site-packages/airflow/example_dags/example_xcomargs.py took 0.781 seconds
[2024-07-31T12:29:33.441+0000] {processor.py:154} INFO - Started process (PID=2045) to work on /home/airflow/.local/lib/python3.7/site-packages/airflow/example_dags/example_xcomargs.py
[2024-07-31T12:29:33.442+0000] {processor.py:756} INFO - Processing file /home/airflow/.local/lib/python3.7/site-packages/airflow/example_dags/example_xcomargs.py for tasks to queue
[2024-07-31T12:29:33.450+0000] {logging_mixin.py:120} INFO - [2024-07-31T12:29:33.450+0000] {dagbag.py:537} INFO - Filling up the DagBag from /home/airflow/.local/lib/python3.7/site-packages/airflow/example_dags/example_xcomargs.py
[2024-07-31T12:29:33.474+0000] {processor.py:766} INFO - DAG(s) dict_keys(['example_xcom_args_with_operators', 'example_xcom_args']) retrieved from /home/airflow/.local/lib/python3.7/site-packages/airflow/example_dags/example_xcomargs.py
[2024-07-31T12:29:33.568+0000] {logging_mixin.py:120} INFO - [2024-07-31T12:29:33.568+0000] {dag.py:2585} INFO - Sync 2 DAGs
[2024-07-31T12:29:33.628+0000] {logging_mixin.py:120} INFO - [2024-07-31T12:29:33.628+0000] {dag.py:3340} INFO - Setting next_dagrun for example_xcom_args to None, run_after=None
[2024-07-31T12:29:33.693+0000] {logging_mixin.py:120} INFO - [2024-07-31T12:29:33.692+0000] {dag.py:3340} INFO - Setting next_dagrun for example_xcom_args_with_operators to None, run_after=None
[2024-07-31T12:29:33.745+0000] {processor.py:176} INFO - Processing /home/airflow/.local/lib/python3.7/site-packages/airflow/example_dags/example_xcomargs.py took 0.308 seconds
[2024-07-31T12:30:04.231+0000] {processor.py:154} INFO - Started process (PID=2109) to work on /home/airflow/.local/lib/python3.7/site-packages/airflow/example_dags/example_xcomargs.py
[2024-07-31T12:30:04.233+0000] {processor.py:756} INFO - Processing file /home/airflow/.local/lib/python3.7/site-packages/airflow/example_dags/example_xcomargs.py for tasks to queue
[2024-07-31T12:30:04.244+0000] {logging_mixin.py:120} INFO - [2024-07-31T12:30:04.244+0000] {dagbag.py:537} INFO - Filling up the DagBag from /home/airflow/.local/lib/python3.7/site-packages/airflow/example_dags/example_xcomargs.py
[2024-07-31T12:30:04.273+0000] {processor.py:766} INFO - DAG(s) dict_keys(['example_xcom_args_with_operators', 'example_xcom_args']) retrieved from /home/airflow/.local/lib/python3.7/site-packages/airflow/example_dags/example_xcomargs.py
[2024-07-31T12:30:04.336+0000] {logging_mixin.py:120} INFO - [2024-07-31T12:30:04.336+0000] {dag.py:2585} INFO - Sync 2 DAGs
[2024-07-31T12:30:04.433+0000] {logging_mixin.py:120} INFO - [2024-07-31T12:30:04.432+0000] {dag.py:3340} INFO - Setting next_dagrun for example_xcom_args to None, run_after=None
[2024-07-31T12:30:04.437+0000] {logging_mixin.py:120} INFO - [2024-07-31T12:30:04.437+0000] {dag.py:3340} INFO - Setting next_dagrun for example_xcom_args_with_operators to None, run_after=None
[2024-07-31T12:30:04.510+0000] {processor.py:176} INFO - Processing /home/airflow/.local/lib/python3.7/site-packages/airflow/example_dags/example_xcomargs.py took 0.287 seconds
[2024-07-31T12:30:34.723+0000] {processor.py:154} INFO - Started process (PID=2163) to work on /home/airflow/.local/lib/python3.7/site-packages/airflow/example_dags/example_xcomargs.py
[2024-07-31T12:30:34.725+0000] {processor.py:756} INFO - Processing file /home/airflow/.local/lib/python3.7/site-packages/airflow/example_dags/example_xcomargs.py for tasks to queue
[2024-07-31T12:30:34.726+0000] {logging_mixin.py:120} INFO - [2024-07-31T12:30:34.726+0000] {dagbag.py:537} INFO - Filling up the DagBag from /home/airflow/.local/lib/python3.7/site-packages/airflow/example_dags/example_xcomargs.py
[2024-07-31T12:30:34.777+0000] {processor.py:766} INFO - DAG(s) dict_keys(['example_xcom_args', 'example_xcom_args_with_operators']) retrieved from /home/airflow/.local/lib/python3.7/site-packages/airflow/example_dags/example_xcomargs.py
[2024-07-31T12:30:34.826+0000] {logging_mixin.py:120} INFO - [2024-07-31T12:30:34.825+0000] {dag.py:2585} INFO - Sync 2 DAGs
[2024-07-31T12:30:34.884+0000] {logging_mixin.py:120} INFO - [2024-07-31T12:30:34.884+0000] {dag.py:3340} INFO - Setting next_dagrun for example_xcom_args to None, run_after=None
[2024-07-31T12:30:34.889+0000] {logging_mixin.py:120} INFO - [2024-07-31T12:30:34.888+0000] {dag.py:3340} INFO - Setting next_dagrun for example_xcom_args_with_operators to None, run_after=None
[2024-07-31T12:30:34.909+0000] {processor.py:176} INFO - Processing /home/airflow/.local/lib/python3.7/site-packages/airflow/example_dags/example_xcomargs.py took 0.191 seconds
[2024-07-31T12:31:05.085+0000] {processor.py:154} INFO - Started process (PID=2225) to work on /home/airflow/.local/lib/python3.7/site-packages/airflow/example_dags/example_xcomargs.py
[2024-07-31T12:31:05.086+0000] {processor.py:756} INFO - Processing file /home/airflow/.local/lib/python3.7/site-packages/airflow/example_dags/example_xcomargs.py for tasks to queue
[2024-07-31T12:31:05.087+0000] {logging_mixin.py:120} INFO - [2024-07-31T12:31:05.086+0000] {dagbag.py:537} INFO - Filling up the DagBag from /home/airflow/.local/lib/python3.7/site-packages/airflow/example_dags/example_xcomargs.py
[2024-07-31T12:31:05.114+0000] {processor.py:766} INFO - DAG(s) dict_keys(['example_xcom_args_with_operators', 'example_xcom_args']) retrieved from /home/airflow/.local/lib/python3.7/site-packages/airflow/example_dags/example_xcomargs.py
[2024-07-31T12:31:05.164+0000] {logging_mixin.py:120} INFO - [2024-07-31T12:31:05.164+0000] {dag.py:2585} INFO - Sync 2 DAGs
[2024-07-31T12:31:05.239+0000] {logging_mixin.py:120} INFO - [2024-07-31T12:31:05.239+0000] {dag.py:3340} INFO - Setting next_dagrun for example_xcom_args to None, run_after=None
[2024-07-31T12:31:05.244+0000] {logging_mixin.py:120} INFO - [2024-07-31T12:31:05.244+0000] {dag.py:3340} INFO - Setting next_dagrun for example_xcom_args_with_operators to None, run_after=None
[2024-07-31T12:31:05.273+0000] {processor.py:176} INFO - Processing /home/airflow/.local/lib/python3.7/site-packages/airflow/example_dags/example_xcomargs.py took 0.193 seconds
[2024-07-31T12:31:35.407+0000] {processor.py:154} INFO - Started process (PID=2289) to work on /home/airflow/.local/lib/python3.7/site-packages/airflow/example_dags/example_xcomargs.py
[2024-07-31T12:31:35.409+0000] {processor.py:756} INFO - Processing file /home/airflow/.local/lib/python3.7/site-packages/airflow/example_dags/example_xcomargs.py for tasks to queue
[2024-07-31T12:31:35.410+0000] {logging_mixin.py:120} INFO - [2024-07-31T12:31:35.410+0000] {dagbag.py:537} INFO - Filling up the DagBag from /home/airflow/.local/lib/python3.7/site-packages/airflow/example_dags/example_xcomargs.py
[2024-07-31T12:31:35.454+0000] {processor.py:766} INFO - DAG(s) dict_keys(['example_xcom_args', 'example_xcom_args_with_operators']) retrieved from /home/airflow/.local/lib/python3.7/site-packages/airflow/example_dags/example_xcomargs.py
[2024-07-31T12:31:35.538+0000] {logging_mixin.py:120} INFO - [2024-07-31T12:31:35.537+0000] {dag.py:2585} INFO - Sync 2 DAGs
[2024-07-31T12:31:35.574+0000] {logging_mixin.py:120} INFO - [2024-07-31T12:31:35.574+0000] {dag.py:3340} INFO - Setting next_dagrun for example_xcom_args to None, run_after=None
[2024-07-31T12:31:35.585+0000] {logging_mixin.py:120} INFO - [2024-07-31T12:31:35.585+0000] {dag.py:3340} INFO - Setting next_dagrun for example_xcom_args_with_operators to None, run_after=None
[2024-07-31T12:31:35.623+0000] {processor.py:176} INFO - Processing /home/airflow/.local/lib/python3.7/site-packages/airflow/example_dags/example_xcomargs.py took 0.221 seconds
[2024-07-31T12:32:06.415+0000] {processor.py:154} INFO - Started process (PID=2343) to work on /home/airflow/.local/lib/python3.7/site-packages/airflow/example_dags/example_xcomargs.py
[2024-07-31T12:32:06.416+0000] {processor.py:756} INFO - Processing file /home/airflow/.local/lib/python3.7/site-packages/airflow/example_dags/example_xcomargs.py for tasks to queue
[2024-07-31T12:32:06.417+0000] {logging_mixin.py:120} INFO - [2024-07-31T12:32:06.417+0000] {dagbag.py:537} INFO - Filling up the DagBag from /home/airflow/.local/lib/python3.7/site-packages/airflow/example_dags/example_xcomargs.py
[2024-07-31T12:32:06.445+0000] {processor.py:766} INFO - DAG(s) dict_keys(['example_xcom_args', 'example_xcom_args_with_operators']) retrieved from /home/airflow/.local/lib/python3.7/site-packages/airflow/example_dags/example_xcomargs.py
[2024-07-31T12:32:06.506+0000] {logging_mixin.py:120} INFO - [2024-07-31T12:32:06.505+0000] {dag.py:2585} INFO - Sync 2 DAGs
[2024-07-31T12:32:06.545+0000] {logging_mixin.py:120} INFO - [2024-07-31T12:32:06.545+0000] {dag.py:3340} INFO - Setting next_dagrun for example_xcom_args to None, run_after=None
[2024-07-31T12:32:06.551+0000] {logging_mixin.py:120} INFO - [2024-07-31T12:32:06.551+0000] {dag.py:3340} INFO - Setting next_dagrun for example_xcom_args_with_operators to None, run_after=None
[2024-07-31T12:32:06.581+0000] {processor.py:176} INFO - Processing /home/airflow/.local/lib/python3.7/site-packages/airflow/example_dags/example_xcomargs.py took 0.171 seconds
[2024-07-31T12:32:38.021+0000] {processor.py:154} INFO - Started process (PID=2406) to work on /home/airflow/.local/lib/python3.7/site-packages/airflow/example_dags/example_xcomargs.py
[2024-07-31T12:32:38.022+0000] {processor.py:756} INFO - Processing file /home/airflow/.local/lib/python3.7/site-packages/airflow/example_dags/example_xcomargs.py for tasks to queue
[2024-07-31T12:32:38.024+0000] {logging_mixin.py:120} INFO - [2024-07-31T12:32:38.023+0000] {dagbag.py:537} INFO - Filling up the DagBag from /home/airflow/.local/lib/python3.7/site-packages/airflow/example_dags/example_xcomargs.py
[2024-07-31T12:32:38.055+0000] {processor.py:766} INFO - DAG(s) dict_keys(['example_xcom_args_with_operators', 'example_xcom_args']) retrieved from /home/airflow/.local/lib/python3.7/site-packages/airflow/example_dags/example_xcomargs.py
[2024-07-31T12:32:38.149+0000] {logging_mixin.py:120} INFO - [2024-07-31T12:32:38.148+0000] {dag.py:2585} INFO - Sync 2 DAGs
[2024-07-31T12:32:38.201+0000] {logging_mixin.py:120} INFO - [2024-07-31T12:32:38.201+0000] {dag.py:3340} INFO - Setting next_dagrun for example_xcom_args to None, run_after=None
[2024-07-31T12:32:38.258+0000] {logging_mixin.py:120} INFO - [2024-07-31T12:32:38.258+0000] {dag.py:3340} INFO - Setting next_dagrun for example_xcom_args_with_operators to None, run_after=None
[2024-07-31T12:32:38.332+0000] {processor.py:176} INFO - Processing /home/airflow/.local/lib/python3.7/site-packages/airflow/example_dags/example_xcomargs.py took 0.316 seconds
[2024-07-31T12:33:08.524+0000] {processor.py:154} INFO - Started process (PID=2460) to work on /home/airflow/.local/lib/python3.7/site-packages/airflow/example_dags/example_xcomargs.py
[2024-07-31T12:33:08.525+0000] {processor.py:756} INFO - Processing file /home/airflow/.local/lib/python3.7/site-packages/airflow/example_dags/example_xcomargs.py for tasks to queue
[2024-07-31T12:33:08.526+0000] {logging_mixin.py:120} INFO - [2024-07-31T12:33:08.526+0000] {dagbag.py:537} INFO - Filling up the DagBag from /home/airflow/.local/lib/python3.7/site-packages/airflow/example_dags/example_xcomargs.py
[2024-07-31T12:33:08.552+0000] {processor.py:766} INFO - DAG(s) dict_keys(['example_xcom_args', 'example_xcom_args_with_operators']) retrieved from /home/airflow/.local/lib/python3.7/site-packages/airflow/example_dags/example_xcomargs.py
[2024-07-31T12:33:08.598+0000] {logging_mixin.py:120} INFO - [2024-07-31T12:33:08.598+0000] {dag.py:2585} INFO - Sync 2 DAGs
[2024-07-31T12:33:08.631+0000] {logging_mixin.py:120} INFO - [2024-07-31T12:33:08.631+0000] {dag.py:3340} INFO - Setting next_dagrun for example_xcom_args to None, run_after=None
[2024-07-31T12:33:08.636+0000] {logging_mixin.py:120} INFO - [2024-07-31T12:33:08.635+0000] {dag.py:3340} INFO - Setting next_dagrun for example_xcom_args_with_operators to None, run_after=None
[2024-07-31T12:33:08.690+0000] {processor.py:176} INFO - Processing /home/airflow/.local/lib/python3.7/site-packages/airflow/example_dags/example_xcomargs.py took 0.170 seconds
[2024-07-31T12:33:42.606+0000] {processor.py:154} INFO - Started process (PID=2523) to work on /home/airflow/.local/lib/python3.7/site-packages/airflow/example_dags/example_xcomargs.py
[2024-07-31T12:33:42.613+0000] {processor.py:756} INFO - Processing file /home/airflow/.local/lib/python3.7/site-packages/airflow/example_dags/example_xcomargs.py for tasks to queue
[2024-07-31T12:33:42.614+0000] {logging_mixin.py:120} INFO - [2024-07-31T12:33:42.614+0000] {dagbag.py:537} INFO - Filling up the DagBag from /home/airflow/.local/lib/python3.7/site-packages/airflow/example_dags/example_xcomargs.py
[2024-07-31T12:33:42.643+0000] {processor.py:766} INFO - DAG(s) dict_keys(['example_xcom_args_with_operators', 'example_xcom_args']) retrieved from /home/airflow/.local/lib/python3.7/site-packages/airflow/example_dags/example_xcomargs.py
[2024-07-31T12:33:42.829+0000] {logging_mixin.py:120} INFO - [2024-07-31T12:33:42.829+0000] {dag.py:2585} INFO - Sync 2 DAGs
[2024-07-31T12:33:42.922+0000] {logging_mixin.py:120} INFO - [2024-07-31T12:33:42.922+0000] {dag.py:3340} INFO - Setting next_dagrun for example_xcom_args to None, run_after=None
[2024-07-31T12:33:43.025+0000] {logging_mixin.py:120} INFO - [2024-07-31T12:33:43.024+0000] {dag.py:3340} INFO - Setting next_dagrun for example_xcom_args_with_operators to None, run_after=None
[2024-07-31T12:33:43.064+0000] {processor.py:176} INFO - Processing /home/airflow/.local/lib/python3.7/site-packages/airflow/example_dags/example_xcomargs.py took 0.462 seconds
[2024-07-31T12:34:13.379+0000] {processor.py:154} INFO - Started process (PID=2586) to work on /home/airflow/.local/lib/python3.7/site-packages/airflow/example_dags/example_xcomargs.py
[2024-07-31T12:34:13.381+0000] {processor.py:756} INFO - Processing file /home/airflow/.local/lib/python3.7/site-packages/airflow/example_dags/example_xcomargs.py for tasks to queue
[2024-07-31T12:34:13.382+0000] {logging_mixin.py:120} INFO - [2024-07-31T12:34:13.382+0000] {dagbag.py:537} INFO - Filling up the DagBag from /home/airflow/.local/lib/python3.7/site-packages/airflow/example_dags/example_xcomargs.py
[2024-07-31T12:34:13.425+0000] {processor.py:766} INFO - DAG(s) dict_keys(['example_xcom_args', 'example_xcom_args_with_operators']) retrieved from /home/airflow/.local/lib/python3.7/site-packages/airflow/example_dags/example_xcomargs.py
[2024-07-31T12:34:13.523+0000] {logging_mixin.py:120} INFO - [2024-07-31T12:34:13.522+0000] {dag.py:2585} INFO - Sync 2 DAGs
[2024-07-31T12:34:13.576+0000] {logging_mixin.py:120} INFO - [2024-07-31T12:34:13.575+0000] {dag.py:3340} INFO - Setting next_dagrun for example_xcom_args to None, run_after=None
[2024-07-31T12:34:13.583+0000] {logging_mixin.py:120} INFO - [2024-07-31T12:34:13.583+0000] {dag.py:3340} INFO - Setting next_dagrun for example_xcom_args_with_operators to None, run_after=None
[2024-07-31T12:34:13.630+0000] {processor.py:176} INFO - Processing /home/airflow/.local/lib/python3.7/site-packages/airflow/example_dags/example_xcomargs.py took 0.257 seconds
[2024-07-31T12:34:45.270+0000] {processor.py:154} INFO - Started process (PID=2640) to work on /home/airflow/.local/lib/python3.7/site-packages/airflow/example_dags/example_xcomargs.py
[2024-07-31T12:34:45.274+0000] {processor.py:756} INFO - Processing file /home/airflow/.local/lib/python3.7/site-packages/airflow/example_dags/example_xcomargs.py for tasks to queue
[2024-07-31T12:34:45.280+0000] {logging_mixin.py:120} INFO - [2024-07-31T12:34:45.279+0000] {dagbag.py:537} INFO - Filling up the DagBag from /home/airflow/.local/lib/python3.7/site-packages/airflow/example_dags/example_xcomargs.py
[2024-07-31T12:34:45.315+0000] {processor.py:766} INFO - DAG(s) dict_keys(['example_xcom_args_with_operators', 'example_xcom_args']) retrieved from /home/airflow/.local/lib/python3.7/site-packages/airflow/example_dags/example_xcomargs.py
[2024-07-31T12:34:45.379+0000] {logging_mixin.py:120} INFO - [2024-07-31T12:34:45.379+0000] {dag.py:2585} INFO - Sync 2 DAGs
[2024-07-31T12:34:45.451+0000] {logging_mixin.py:120} INFO - [2024-07-31T12:34:45.451+0000] {dag.py:3340} INFO - Setting next_dagrun for example_xcom_args to None, run_after=None
[2024-07-31T12:34:45.462+0000] {logging_mixin.py:120} INFO - [2024-07-31T12:34:45.462+0000] {dag.py:3340} INFO - Setting next_dagrun for example_xcom_args_with_operators to None, run_after=None
[2024-07-31T12:34:45.579+0000] {processor.py:176} INFO - Processing /home/airflow/.local/lib/python3.7/site-packages/airflow/example_dags/example_xcomargs.py took 0.314 seconds
[2024-07-31T12:35:16.332+0000] {processor.py:154} INFO - Started process (PID=2703) to work on /home/airflow/.local/lib/python3.7/site-packages/airflow/example_dags/example_xcomargs.py
[2024-07-31T12:35:16.335+0000] {processor.py:756} INFO - Processing file /home/airflow/.local/lib/python3.7/site-packages/airflow/example_dags/example_xcomargs.py for tasks to queue
[2024-07-31T12:35:16.338+0000] {logging_mixin.py:120} INFO - [2024-07-31T12:35:16.337+0000] {dagbag.py:537} INFO - Filling up the DagBag from /home/airflow/.local/lib/python3.7/site-packages/airflow/example_dags/example_xcomargs.py
[2024-07-31T12:35:16.377+0000] {processor.py:766} INFO - DAG(s) dict_keys(['example_xcom_args', 'example_xcom_args_with_operators']) retrieved from /home/airflow/.local/lib/python3.7/site-packages/airflow/example_dags/example_xcomargs.py
[2024-07-31T12:35:16.536+0000] {logging_mixin.py:120} INFO - [2024-07-31T12:35:16.536+0000] {dag.py:2585} INFO - Sync 2 DAGs
[2024-07-31T12:35:16.631+0000] {logging_mixin.py:120} INFO - [2024-07-31T12:35:16.631+0000] {dag.py:3340} INFO - Setting next_dagrun for example_xcom_args to None, run_after=None
[2024-07-31T12:35:16.703+0000] {logging_mixin.py:120} INFO - [2024-07-31T12:35:16.703+0000] {dag.py:3340} INFO - Setting next_dagrun for example_xcom_args_with_operators to None, run_after=None
[2024-07-31T12:35:16.773+0000] {processor.py:176} INFO - Processing /home/airflow/.local/lib/python3.7/site-packages/airflow/example_dags/example_xcomargs.py took 0.448 seconds
[2024-07-31T12:35:47.667+0000] {processor.py:154} INFO - Started process (PID=2766) to work on /home/airflow/.local/lib/python3.7/site-packages/airflow/example_dags/example_xcomargs.py
[2024-07-31T12:35:47.670+0000] {processor.py:756} INFO - Processing file /home/airflow/.local/lib/python3.7/site-packages/airflow/example_dags/example_xcomargs.py for tasks to queue
[2024-07-31T12:35:47.711+0000] {logging_mixin.py:120} INFO - [2024-07-31T12:35:47.711+0000] {dagbag.py:537} INFO - Filling up the DagBag from /home/airflow/.local/lib/python3.7/site-packages/airflow/example_dags/example_xcomargs.py
[2024-07-31T12:35:47.823+0000] {processor.py:766} INFO - DAG(s) dict_keys(['example_xcom_args_with_operators', 'example_xcom_args']) retrieved from /home/airflow/.local/lib/python3.7/site-packages/airflow/example_dags/example_xcomargs.py
[2024-07-31T12:35:47.883+0000] {logging_mixin.py:120} INFO - [2024-07-31T12:35:47.883+0000] {dag.py:2585} INFO - Sync 2 DAGs
[2024-07-31T12:35:47.992+0000] {logging_mixin.py:120} INFO - [2024-07-31T12:35:47.992+0000] {dag.py:3340} INFO - Setting next_dagrun for example_xcom_args to None, run_after=None
[2024-07-31T12:35:48.075+0000] {logging_mixin.py:120} INFO - [2024-07-31T12:35:48.075+0000] {dag.py:3340} INFO - Setting next_dagrun for example_xcom_args_with_operators to None, run_after=None
[2024-07-31T12:35:48.126+0000] {processor.py:176} INFO - Processing /home/airflow/.local/lib/python3.7/site-packages/airflow/example_dags/example_xcomargs.py took 0.462 seconds
[2024-07-31T12:36:19.232+0000] {processor.py:154} INFO - Started process (PID=2821) to work on /home/airflow/.local/lib/python3.7/site-packages/airflow/example_dags/example_xcomargs.py
[2024-07-31T12:36:19.239+0000] {processor.py:756} INFO - Processing file /home/airflow/.local/lib/python3.7/site-packages/airflow/example_dags/example_xcomargs.py for tasks to queue
[2024-07-31T12:36:19.241+0000] {logging_mixin.py:120} INFO - [2024-07-31T12:36:19.241+0000] {dagbag.py:537} INFO - Filling up the DagBag from /home/airflow/.local/lib/python3.7/site-packages/airflow/example_dags/example_xcomargs.py
[2024-07-31T12:36:19.269+0000] {processor.py:766} INFO - DAG(s) dict_keys(['example_xcom_args', 'example_xcom_args_with_operators']) retrieved from /home/airflow/.local/lib/python3.7/site-packages/airflow/example_dags/example_xcomargs.py
[2024-07-31T12:36:19.319+0000] {logging_mixin.py:120} INFO - [2024-07-31T12:36:19.319+0000] {dag.py:2585} INFO - Sync 2 DAGs
[2024-07-31T12:36:19.347+0000] {logging_mixin.py:120} INFO - [2024-07-31T12:36:19.347+0000] {dag.py:3340} INFO - Setting next_dagrun for example_xcom_args to None, run_after=None
[2024-07-31T12:36:19.352+0000] {logging_mixin.py:120} INFO - [2024-07-31T12:36:19.352+0000] {dag.py:3340} INFO - Setting next_dagrun for example_xcom_args_with_operators to None, run_after=None
[2024-07-31T12:36:19.376+0000] {processor.py:176} INFO - Processing /home/airflow/.local/lib/python3.7/site-packages/airflow/example_dags/example_xcomargs.py took 0.150 seconds
