[2024-07-31T12:12:17.048+0000] {processor.py:154} INFO - Started process (PID=50) to work on /home/airflow/.local/lib/python3.7/site-packages/airflow/example_dags/example_branch_datetime_operator.py
[2024-07-31T12:12:17.052+0000] {processor.py:756} INFO - Processing file /home/airflow/.local/lib/python3.7/site-packages/airflow/example_dags/example_branch_datetime_operator.py for tasks to queue
[2024-07-31T12:12:17.056+0000] {logging_mixin.py:120} INFO - [2024-07-31T12:12:17.056+0000] {dagbag.py:537} INFO - Filling up the DagBag from /home/airflow/.local/lib/python3.7/site-packages/airflow/example_dags/example_branch_datetime_operator.py
[2024-07-31T12:12:17.125+0000] {processor.py:766} INFO - DAG(s) dict_keys(['example_branch_datetime_operator_3', 'example_branch_datetime_operator', 'example_branch_datetime_operator_2']) retrieved from /home/airflow/.local/lib/python3.7/site-packages/airflow/example_dags/example_branch_datetime_operator.py
[2024-07-31T12:12:17.462+0000] {logging_mixin.py:120} INFO - [2024-07-31T12:12:17.461+0000] {manager.py:507} INFO - Created Permission View: can read on DAG:example_branch_datetime_operator_3
[2024-07-31T12:12:17.476+0000] {logging_mixin.py:120} INFO - [2024-07-31T12:12:17.476+0000] {manager.py:507} INFO - Created Permission View: can delete on DAG:example_branch_datetime_operator_3
[2024-07-31T12:12:17.491+0000] {logging_mixin.py:120} INFO - [2024-07-31T12:12:17.490+0000] {manager.py:507} INFO - Created Permission View: can edit on DAG:example_branch_datetime_operator_3
[2024-07-31T12:12:17.517+0000] {logging_mixin.py:120} INFO - [2024-07-31T12:12:17.517+0000] {manager.py:507} INFO - Created Permission View: can read on DAG:example_branch_datetime_operator
[2024-07-31T12:12:17.533+0000] {logging_mixin.py:120} INFO - [2024-07-31T12:12:17.533+0000] {manager.py:507} INFO - Created Permission View: can delete on DAG:example_branch_datetime_operator
[2024-07-31T12:12:17.549+0000] {logging_mixin.py:120} INFO - [2024-07-31T12:12:17.549+0000] {manager.py:507} INFO - Created Permission View: can edit on DAG:example_branch_datetime_operator
[2024-07-31T12:12:17.577+0000] {logging_mixin.py:120} INFO - [2024-07-31T12:12:17.576+0000] {manager.py:507} INFO - Created Permission View: can read on DAG:example_branch_datetime_operator_2
[2024-07-31T12:12:17.591+0000] {logging_mixin.py:120} INFO - [2024-07-31T12:12:17.591+0000] {manager.py:507} INFO - Created Permission View: can delete on DAG:example_branch_datetime_operator_2
[2024-07-31T12:12:17.608+0000] {logging_mixin.py:120} INFO - [2024-07-31T12:12:17.608+0000] {manager.py:507} INFO - Created Permission View: can edit on DAG:example_branch_datetime_operator_2
[2024-07-31T12:12:17.609+0000] {logging_mixin.py:120} INFO - [2024-07-31T12:12:17.609+0000] {dag.py:2585} INFO - Sync 3 DAGs
[2024-07-31T12:12:17.630+0000] {logging_mixin.py:120} INFO - [2024-07-31T12:12:17.630+0000] {dag.py:2606} INFO - Creating ORM DAG for example_branch_datetime_operator
[2024-07-31T12:12:17.631+0000] {logging_mixin.py:120} INFO - [2024-07-31T12:12:17.631+0000] {dag.py:2606} INFO - Creating ORM DAG for example_branch_datetime_operator_2
[2024-07-31T12:12:17.632+0000] {logging_mixin.py:120} INFO - [2024-07-31T12:12:17.632+0000] {dag.py:2606} INFO - Creating ORM DAG for example_branch_datetime_operator_3
[2024-07-31T12:12:17.659+0000] {logging_mixin.py:120} INFO - [2024-07-31T12:12:17.659+0000] {dag.py:3340} INFO - Setting next_dagrun for example_branch_datetime_operator to 2024-07-30T00:00:00+00:00, run_after=2024-07-31T00:00:00+00:00
[2024-07-31T12:12:17.664+0000] {logging_mixin.py:120} INFO - [2024-07-31T12:12:17.664+0000] {dag.py:3340} INFO - Setting next_dagrun for example_branch_datetime_operator_2 to 2024-07-30T00:00:00+00:00, run_after=2024-07-31T00:00:00+00:00
[2024-07-31T12:12:17.668+0000] {logging_mixin.py:120} INFO - [2024-07-31T12:12:17.668+0000] {dag.py:3340} INFO - Setting next_dagrun for example_branch_datetime_operator_3 to 2024-07-30T00:00:00+00:00, run_after=2024-07-31T00:00:00+00:00
[2024-07-31T12:12:17.716+0000] {processor.py:176} INFO - Processing /home/airflow/.local/lib/python3.7/site-packages/airflow/example_dags/example_branch_datetime_operator.py took 0.673 seconds
[2024-07-31T12:12:48.477+0000] {processor.py:154} INFO - Started process (PID=104) to work on /home/airflow/.local/lib/python3.7/site-packages/airflow/example_dags/example_branch_datetime_operator.py
[2024-07-31T12:12:48.478+0000] {processor.py:756} INFO - Processing file /home/airflow/.local/lib/python3.7/site-packages/airflow/example_dags/example_branch_datetime_operator.py for tasks to queue
[2024-07-31T12:12:48.479+0000] {logging_mixin.py:120} INFO - [2024-07-31T12:12:48.479+0000] {dagbag.py:537} INFO - Filling up the DagBag from /home/airflow/.local/lib/python3.7/site-packages/airflow/example_dags/example_branch_datetime_operator.py
[2024-07-31T12:12:48.501+0000] {processor.py:766} INFO - DAG(s) dict_keys(['example_branch_datetime_operator_3', 'example_branch_datetime_operator', 'example_branch_datetime_operator_2']) retrieved from /home/airflow/.local/lib/python3.7/site-packages/airflow/example_dags/example_branch_datetime_operator.py
[2024-07-31T12:12:48.535+0000] {logging_mixin.py:120} INFO - [2024-07-31T12:12:48.535+0000] {dag.py:2585} INFO - Sync 3 DAGs
[2024-07-31T12:12:48.571+0000] {logging_mixin.py:120} INFO - [2024-07-31T12:12:48.571+0000] {dag.py:3340} INFO - Setting next_dagrun for example_branch_datetime_operator to 2024-07-30T00:00:00+00:00, run_after=2024-07-31T00:00:00+00:00
[2024-07-31T12:12:48.578+0000] {logging_mixin.py:120} INFO - [2024-07-31T12:12:48.578+0000] {dag.py:3340} INFO - Setting next_dagrun for example_branch_datetime_operator_2 to 2024-07-30T00:00:00+00:00, run_after=2024-07-31T00:00:00+00:00
[2024-07-31T12:12:48.581+0000] {logging_mixin.py:120} INFO - [2024-07-31T12:12:48.581+0000] {dag.py:3340} INFO - Setting next_dagrun for example_branch_datetime_operator_3 to 2024-07-30T00:00:00+00:00, run_after=2024-07-31T00:00:00+00:00
[2024-07-31T12:12:48.716+0000] {processor.py:176} INFO - Processing /home/airflow/.local/lib/python3.7/site-packages/airflow/example_dags/example_branch_datetime_operator.py took 0.242 seconds
[2024-07-31T12:13:18.923+0000] {processor.py:154} INFO - Started process (PID=168) to work on /home/airflow/.local/lib/python3.7/site-packages/airflow/example_dags/example_branch_datetime_operator.py
[2024-07-31T12:13:18.928+0000] {processor.py:756} INFO - Processing file /home/airflow/.local/lib/python3.7/site-packages/airflow/example_dags/example_branch_datetime_operator.py for tasks to queue
[2024-07-31T12:13:18.931+0000] {logging_mixin.py:120} INFO - [2024-07-31T12:13:18.931+0000] {dagbag.py:537} INFO - Filling up the DagBag from /home/airflow/.local/lib/python3.7/site-packages/airflow/example_dags/example_branch_datetime_operator.py
[2024-07-31T12:13:18.952+0000] {processor.py:766} INFO - DAG(s) dict_keys(['example_branch_datetime_operator_3', 'example_branch_datetime_operator', 'example_branch_datetime_operator_2']) retrieved from /home/airflow/.local/lib/python3.7/site-packages/airflow/example_dags/example_branch_datetime_operator.py
[2024-07-31T12:13:19.004+0000] {logging_mixin.py:120} INFO - [2024-07-31T12:13:19.004+0000] {dag.py:2585} INFO - Sync 3 DAGs
[2024-07-31T12:13:19.034+0000] {logging_mixin.py:120} INFO - [2024-07-31T12:13:19.034+0000] {dag.py:3340} INFO - Setting next_dagrun for example_branch_datetime_operator to 2024-07-30T00:00:00+00:00, run_after=2024-07-31T00:00:00+00:00
[2024-07-31T12:13:19.040+0000] {logging_mixin.py:120} INFO - [2024-07-31T12:13:19.040+0000] {dag.py:3340} INFO - Setting next_dagrun for example_branch_datetime_operator_2 to 2024-07-30T00:00:00+00:00, run_after=2024-07-31T00:00:00+00:00
[2024-07-31T12:13:19.043+0000] {logging_mixin.py:120} INFO - [2024-07-31T12:13:19.043+0000] {dag.py:3340} INFO - Setting next_dagrun for example_branch_datetime_operator_3 to 2024-07-30T00:00:00+00:00, run_after=2024-07-31T00:00:00+00:00
[2024-07-31T12:13:19.073+0000] {processor.py:176} INFO - Processing /home/airflow/.local/lib/python3.7/site-packages/airflow/example_dags/example_branch_datetime_operator.py took 0.154 seconds
[2024-07-31T12:13:49.405+0000] {processor.py:154} INFO - Started process (PID=231) to work on /home/airflow/.local/lib/python3.7/site-packages/airflow/example_dags/example_branch_datetime_operator.py
[2024-07-31T12:13:49.410+0000] {processor.py:756} INFO - Processing file /home/airflow/.local/lib/python3.7/site-packages/airflow/example_dags/example_branch_datetime_operator.py for tasks to queue
[2024-07-31T12:13:49.411+0000] {logging_mixin.py:120} INFO - [2024-07-31T12:13:49.411+0000] {dagbag.py:537} INFO - Filling up the DagBag from /home/airflow/.local/lib/python3.7/site-packages/airflow/example_dags/example_branch_datetime_operator.py
[2024-07-31T12:13:49.443+0000] {processor.py:766} INFO - DAG(s) dict_keys(['example_branch_datetime_operator', 'example_branch_datetime_operator_3', 'example_branch_datetime_operator_2']) retrieved from /home/airflow/.local/lib/python3.7/site-packages/airflow/example_dags/example_branch_datetime_operator.py
[2024-07-31T12:13:49.516+0000] {logging_mixin.py:120} INFO - [2024-07-31T12:13:49.516+0000] {dag.py:2585} INFO - Sync 3 DAGs
[2024-07-31T12:13:49.560+0000] {logging_mixin.py:120} INFO - [2024-07-31T12:13:49.560+0000] {dag.py:3340} INFO - Setting next_dagrun for example_branch_datetime_operator to 2024-07-30T00:00:00+00:00, run_after=2024-07-31T00:00:00+00:00
[2024-07-31T12:13:49.568+0000] {logging_mixin.py:120} INFO - [2024-07-31T12:13:49.567+0000] {dag.py:3340} INFO - Setting next_dagrun for example_branch_datetime_operator_2 to 2024-07-30T00:00:00+00:00, run_after=2024-07-31T00:00:00+00:00
[2024-07-31T12:13:49.628+0000] {logging_mixin.py:120} INFO - [2024-07-31T12:13:49.628+0000] {dag.py:3340} INFO - Setting next_dagrun for example_branch_datetime_operator_3 to 2024-07-30T00:00:00+00:00, run_after=2024-07-31T00:00:00+00:00
[2024-07-31T12:13:49.680+0000] {processor.py:176} INFO - Processing /home/airflow/.local/lib/python3.7/site-packages/airflow/example_dags/example_branch_datetime_operator.py took 0.283 seconds
[2024-07-31T12:14:20.016+0000] {processor.py:154} INFO - Started process (PID=286) to work on /home/airflow/.local/lib/python3.7/site-packages/airflow/example_dags/example_branch_datetime_operator.py
[2024-07-31T12:14:20.020+0000] {processor.py:756} INFO - Processing file /home/airflow/.local/lib/python3.7/site-packages/airflow/example_dags/example_branch_datetime_operator.py for tasks to queue
[2024-07-31T12:14:20.022+0000] {logging_mixin.py:120} INFO - [2024-07-31T12:14:20.022+0000] {dagbag.py:537} INFO - Filling up the DagBag from /home/airflow/.local/lib/python3.7/site-packages/airflow/example_dags/example_branch_datetime_operator.py
[2024-07-31T12:14:20.047+0000] {processor.py:766} INFO - DAG(s) dict_keys(['example_branch_datetime_operator_3', 'example_branch_datetime_operator', 'example_branch_datetime_operator_2']) retrieved from /home/airflow/.local/lib/python3.7/site-packages/airflow/example_dags/example_branch_datetime_operator.py
[2024-07-31T12:14:20.111+0000] {logging_mixin.py:120} INFO - [2024-07-31T12:14:20.111+0000] {dag.py:2585} INFO - Sync 3 DAGs
[2024-07-31T12:14:20.196+0000] {logging_mixin.py:120} INFO - [2024-07-31T12:14:20.196+0000] {dag.py:3340} INFO - Setting next_dagrun for example_branch_datetime_operator to 2024-07-30T00:00:00+00:00, run_after=2024-07-31T00:00:00+00:00
[2024-07-31T12:14:20.205+0000] {logging_mixin.py:120} INFO - [2024-07-31T12:14:20.205+0000] {dag.py:3340} INFO - Setting next_dagrun for example_branch_datetime_operator_2 to 2024-07-30T00:00:00+00:00, run_after=2024-07-31T00:00:00+00:00
[2024-07-31T12:14:20.210+0000] {logging_mixin.py:120} INFO - [2024-07-31T12:14:20.210+0000] {dag.py:3340} INFO - Setting next_dagrun for example_branch_datetime_operator_3 to 2024-07-30T00:00:00+00:00, run_after=2024-07-31T00:00:00+00:00
[2024-07-31T12:14:20.239+0000] {processor.py:176} INFO - Processing /home/airflow/.local/lib/python3.7/site-packages/airflow/example_dags/example_branch_datetime_operator.py took 0.226 seconds
[2024-07-31T12:14:50.474+0000] {processor.py:154} INFO - Started process (PID=351) to work on /home/airflow/.local/lib/python3.7/site-packages/airflow/example_dags/example_branch_datetime_operator.py
[2024-07-31T12:14:50.475+0000] {processor.py:756} INFO - Processing file /home/airflow/.local/lib/python3.7/site-packages/airflow/example_dags/example_branch_datetime_operator.py for tasks to queue
[2024-07-31T12:14:50.476+0000] {logging_mixin.py:120} INFO - [2024-07-31T12:14:50.476+0000] {dagbag.py:537} INFO - Filling up the DagBag from /home/airflow/.local/lib/python3.7/site-packages/airflow/example_dags/example_branch_datetime_operator.py
[2024-07-31T12:14:50.504+0000] {processor.py:766} INFO - DAG(s) dict_keys(['example_branch_datetime_operator', 'example_branch_datetime_operator_3', 'example_branch_datetime_operator_2']) retrieved from /home/airflow/.local/lib/python3.7/site-packages/airflow/example_dags/example_branch_datetime_operator.py
[2024-07-31T12:14:50.644+0000] {logging_mixin.py:120} INFO - [2024-07-31T12:14:50.644+0000] {dag.py:2585} INFO - Sync 3 DAGs
[2024-07-31T12:14:50.685+0000] {logging_mixin.py:120} INFO - [2024-07-31T12:14:50.685+0000] {dag.py:3340} INFO - Setting next_dagrun for example_branch_datetime_operator to 2024-07-30T00:00:00+00:00, run_after=2024-07-31T00:00:00+00:00
[2024-07-31T12:14:50.703+0000] {logging_mixin.py:120} INFO - [2024-07-31T12:14:50.703+0000] {dag.py:3340} INFO - Setting next_dagrun for example_branch_datetime_operator_2 to 2024-07-30T00:00:00+00:00, run_after=2024-07-31T00:00:00+00:00
[2024-07-31T12:14:50.717+0000] {logging_mixin.py:120} INFO - [2024-07-31T12:14:50.717+0000] {dag.py:3340} INFO - Setting next_dagrun for example_branch_datetime_operator_3 to 2024-07-30T00:00:00+00:00, run_after=2024-07-31T00:00:00+00:00
[2024-07-31T12:14:50.744+0000] {processor.py:176} INFO - Processing /home/airflow/.local/lib/python3.7/site-packages/airflow/example_dags/example_branch_datetime_operator.py took 0.275 seconds
[2024-07-31T12:15:21.193+0000] {processor.py:154} INFO - Started process (PID=405) to work on /home/airflow/.local/lib/python3.7/site-packages/airflow/example_dags/example_branch_datetime_operator.py
[2024-07-31T12:15:21.195+0000] {processor.py:756} INFO - Processing file /home/airflow/.local/lib/python3.7/site-packages/airflow/example_dags/example_branch_datetime_operator.py for tasks to queue
[2024-07-31T12:15:21.197+0000] {logging_mixin.py:120} INFO - [2024-07-31T12:15:21.196+0000] {dagbag.py:537} INFO - Filling up the DagBag from /home/airflow/.local/lib/python3.7/site-packages/airflow/example_dags/example_branch_datetime_operator.py
[2024-07-31T12:15:21.227+0000] {processor.py:766} INFO - DAG(s) dict_keys(['example_branch_datetime_operator', 'example_branch_datetime_operator_2', 'example_branch_datetime_operator_3']) retrieved from /home/airflow/.local/lib/python3.7/site-packages/airflow/example_dags/example_branch_datetime_operator.py
[2024-07-31T12:15:21.296+0000] {logging_mixin.py:120} INFO - [2024-07-31T12:15:21.296+0000] {dag.py:2585} INFO - Sync 3 DAGs
[2024-07-31T12:15:21.327+0000] {logging_mixin.py:120} INFO - [2024-07-31T12:15:21.327+0000] {dag.py:3340} INFO - Setting next_dagrun for example_branch_datetime_operator to 2024-07-30T00:00:00+00:00, run_after=2024-07-31T00:00:00+00:00
[2024-07-31T12:15:21.335+0000] {logging_mixin.py:120} INFO - [2024-07-31T12:15:21.335+0000] {dag.py:3340} INFO - Setting next_dagrun for example_branch_datetime_operator_2 to 2024-07-30T00:00:00+00:00, run_after=2024-07-31T00:00:00+00:00
[2024-07-31T12:15:21.339+0000] {logging_mixin.py:120} INFO - [2024-07-31T12:15:21.339+0000] {dag.py:3340} INFO - Setting next_dagrun for example_branch_datetime_operator_3 to 2024-07-30T00:00:00+00:00, run_after=2024-07-31T00:00:00+00:00
[2024-07-31T12:15:21.363+0000] {processor.py:176} INFO - Processing /home/airflow/.local/lib/python3.7/site-packages/airflow/example_dags/example_branch_datetime_operator.py took 0.174 seconds
[2024-07-31T12:15:51.532+0000] {processor.py:154} INFO - Started process (PID=468) to work on /home/airflow/.local/lib/python3.7/site-packages/airflow/example_dags/example_branch_datetime_operator.py
[2024-07-31T12:15:51.538+0000] {processor.py:756} INFO - Processing file /home/airflow/.local/lib/python3.7/site-packages/airflow/example_dags/example_branch_datetime_operator.py for tasks to queue
[2024-07-31T12:15:51.577+0000] {logging_mixin.py:120} INFO - [2024-07-31T12:15:51.577+0000] {dagbag.py:537} INFO - Filling up the DagBag from /home/airflow/.local/lib/python3.7/site-packages/airflow/example_dags/example_branch_datetime_operator.py
[2024-07-31T12:15:51.606+0000] {processor.py:766} INFO - DAG(s) dict_keys(['example_branch_datetime_operator_3', 'example_branch_datetime_operator', 'example_branch_datetime_operator_2']) retrieved from /home/airflow/.local/lib/python3.7/site-packages/airflow/example_dags/example_branch_datetime_operator.py
[2024-07-31T12:15:51.687+0000] {logging_mixin.py:120} INFO - [2024-07-31T12:15:51.686+0000] {dag.py:2585} INFO - Sync 3 DAGs
[2024-07-31T12:15:51.757+0000] {logging_mixin.py:120} INFO - [2024-07-31T12:15:51.756+0000] {dag.py:3340} INFO - Setting next_dagrun for example_branch_datetime_operator to 2024-07-30T00:00:00+00:00, run_after=2024-07-31T00:00:00+00:00
[2024-07-31T12:15:51.793+0000] {logging_mixin.py:120} INFO - [2024-07-31T12:15:51.793+0000] {dag.py:3340} INFO - Setting next_dagrun for example_branch_datetime_operator_2 to 2024-07-30T00:00:00+00:00, run_after=2024-07-31T00:00:00+00:00
[2024-07-31T12:15:51.856+0000] {logging_mixin.py:120} INFO - [2024-07-31T12:15:51.856+0000] {dag.py:3340} INFO - Setting next_dagrun for example_branch_datetime_operator_3 to 2024-07-30T00:00:00+00:00, run_after=2024-07-31T00:00:00+00:00
[2024-07-31T12:15:51.962+0000] {processor.py:176} INFO - Processing /home/airflow/.local/lib/python3.7/site-packages/airflow/example_dags/example_branch_datetime_operator.py took 0.433 seconds
[2024-07-31T12:16:22.117+0000] {processor.py:154} INFO - Started process (PID=531) to work on /home/airflow/.local/lib/python3.7/site-packages/airflow/example_dags/example_branch_datetime_operator.py
[2024-07-31T12:16:22.123+0000] {processor.py:756} INFO - Processing file /home/airflow/.local/lib/python3.7/site-packages/airflow/example_dags/example_branch_datetime_operator.py for tasks to queue
[2024-07-31T12:16:22.127+0000] {logging_mixin.py:120} INFO - [2024-07-31T12:16:22.127+0000] {dagbag.py:537} INFO - Filling up the DagBag from /home/airflow/.local/lib/python3.7/site-packages/airflow/example_dags/example_branch_datetime_operator.py
[2024-07-31T12:16:22.153+0000] {processor.py:766} INFO - DAG(s) dict_keys(['example_branch_datetime_operator_2', 'example_branch_datetime_operator_3', 'example_branch_datetime_operator']) retrieved from /home/airflow/.local/lib/python3.7/site-packages/airflow/example_dags/example_branch_datetime_operator.py
[2024-07-31T12:16:22.211+0000] {logging_mixin.py:120} INFO - [2024-07-31T12:16:22.211+0000] {dag.py:2585} INFO - Sync 3 DAGs
[2024-07-31T12:16:22.342+0000] {logging_mixin.py:120} INFO - [2024-07-31T12:16:22.341+0000] {dag.py:3340} INFO - Setting next_dagrun for example_branch_datetime_operator to 2024-07-30T00:00:00+00:00, run_after=2024-07-31T00:00:00+00:00
[2024-07-31T12:16:22.365+0000] {logging_mixin.py:120} INFO - [2024-07-31T12:16:22.365+0000] {dag.py:3340} INFO - Setting next_dagrun for example_branch_datetime_operator_2 to 2024-07-30T00:00:00+00:00, run_after=2024-07-31T00:00:00+00:00
[2024-07-31T12:16:22.386+0000] {logging_mixin.py:120} INFO - [2024-07-31T12:16:22.386+0000] {dag.py:3340} INFO - Setting next_dagrun for example_branch_datetime_operator_3 to 2024-07-30T00:00:00+00:00, run_after=2024-07-31T00:00:00+00:00
[2024-07-31T12:16:22.414+0000] {processor.py:176} INFO - Processing /home/airflow/.local/lib/python3.7/site-packages/airflow/example_dags/example_branch_datetime_operator.py took 0.301 seconds
[2024-07-31T12:16:52.949+0000] {processor.py:154} INFO - Started process (PID=585) to work on /home/airflow/.local/lib/python3.7/site-packages/airflow/example_dags/example_branch_datetime_operator.py
[2024-07-31T12:16:52.965+0000] {processor.py:756} INFO - Processing file /home/airflow/.local/lib/python3.7/site-packages/airflow/example_dags/example_branch_datetime_operator.py for tasks to queue
[2024-07-31T12:16:52.967+0000] {logging_mixin.py:120} INFO - [2024-07-31T12:16:52.967+0000] {dagbag.py:537} INFO - Filling up the DagBag from /home/airflow/.local/lib/python3.7/site-packages/airflow/example_dags/example_branch_datetime_operator.py
[2024-07-31T12:16:52.992+0000] {processor.py:766} INFO - DAG(s) dict_keys(['example_branch_datetime_operator', 'example_branch_datetime_operator_3', 'example_branch_datetime_operator_2']) retrieved from /home/airflow/.local/lib/python3.7/site-packages/airflow/example_dags/example_branch_datetime_operator.py
[2024-07-31T12:16:53.236+0000] {logging_mixin.py:120} INFO - [2024-07-31T12:16:53.236+0000] {dag.py:2585} INFO - Sync 3 DAGs
[2024-07-31T12:16:53.330+0000] {logging_mixin.py:120} INFO - [2024-07-31T12:16:53.330+0000] {dag.py:3340} INFO - Setting next_dagrun for example_branch_datetime_operator to 2024-07-30T00:00:00+00:00, run_after=2024-07-31T00:00:00+00:00
[2024-07-31T12:16:53.465+0000] {logging_mixin.py:120} INFO - [2024-07-31T12:16:53.465+0000] {dag.py:3340} INFO - Setting next_dagrun for example_branch_datetime_operator_2 to 2024-07-30T00:00:00+00:00, run_after=2024-07-31T00:00:00+00:00
[2024-07-31T12:16:53.469+0000] {logging_mixin.py:120} INFO - [2024-07-31T12:16:53.469+0000] {dag.py:3340} INFO - Setting next_dagrun for example_branch_datetime_operator_3 to 2024-07-30T00:00:00+00:00, run_after=2024-07-31T00:00:00+00:00
[2024-07-31T12:16:53.678+0000] {processor.py:176} INFO - Processing /home/airflow/.local/lib/python3.7/site-packages/airflow/example_dags/example_branch_datetime_operator.py took 0.732 seconds
[2024-07-31T12:17:24.499+0000] {processor.py:154} INFO - Started process (PID=647) to work on /home/airflow/.local/lib/python3.7/site-packages/airflow/example_dags/example_branch_datetime_operator.py
[2024-07-31T12:17:24.502+0000] {processor.py:756} INFO - Processing file /home/airflow/.local/lib/python3.7/site-packages/airflow/example_dags/example_branch_datetime_operator.py for tasks to queue
[2024-07-31T12:17:24.503+0000] {logging_mixin.py:120} INFO - [2024-07-31T12:17:24.503+0000] {dagbag.py:537} INFO - Filling up the DagBag from /home/airflow/.local/lib/python3.7/site-packages/airflow/example_dags/example_branch_datetime_operator.py
[2024-07-31T12:17:24.523+0000] {processor.py:766} INFO - DAG(s) dict_keys(['example_branch_datetime_operator', 'example_branch_datetime_operator_2', 'example_branch_datetime_operator_3']) retrieved from /home/airflow/.local/lib/python3.7/site-packages/airflow/example_dags/example_branch_datetime_operator.py
[2024-07-31T12:17:24.684+0000] {logging_mixin.py:120} INFO - [2024-07-31T12:17:24.684+0000] {dag.py:2585} INFO - Sync 3 DAGs
[2024-07-31T12:17:24.763+0000] {logging_mixin.py:120} INFO - [2024-07-31T12:17:24.763+0000] {dag.py:3340} INFO - Setting next_dagrun for example_branch_datetime_operator to 2024-07-30T00:00:00+00:00, run_after=2024-07-31T00:00:00+00:00
[2024-07-31T12:17:24.847+0000] {logging_mixin.py:120} INFO - [2024-07-31T12:17:24.847+0000] {dag.py:3340} INFO - Setting next_dagrun for example_branch_datetime_operator_2 to 2024-07-30T00:00:00+00:00, run_after=2024-07-31T00:00:00+00:00
[2024-07-31T12:17:24.859+0000] {logging_mixin.py:120} INFO - [2024-07-31T12:17:24.859+0000] {dag.py:3340} INFO - Setting next_dagrun for example_branch_datetime_operator_3 to 2024-07-30T00:00:00+00:00, run_after=2024-07-31T00:00:00+00:00
[2024-07-31T12:17:24.889+0000] {processor.py:176} INFO - Processing /home/airflow/.local/lib/python3.7/site-packages/airflow/example_dags/example_branch_datetime_operator.py took 0.393 seconds
[2024-07-31T12:17:55.753+0000] {processor.py:154} INFO - Started process (PID=701) to work on /home/airflow/.local/lib/python3.7/site-packages/airflow/example_dags/example_branch_datetime_operator.py
[2024-07-31T12:17:55.754+0000] {processor.py:756} INFO - Processing file /home/airflow/.local/lib/python3.7/site-packages/airflow/example_dags/example_branch_datetime_operator.py for tasks to queue
[2024-07-31T12:17:55.755+0000] {logging_mixin.py:120} INFO - [2024-07-31T12:17:55.755+0000] {dagbag.py:537} INFO - Filling up the DagBag from /home/airflow/.local/lib/python3.7/site-packages/airflow/example_dags/example_branch_datetime_operator.py
[2024-07-31T12:17:55.774+0000] {processor.py:766} INFO - DAG(s) dict_keys(['example_branch_datetime_operator_2', 'example_branch_datetime_operator_3', 'example_branch_datetime_operator']) retrieved from /home/airflow/.local/lib/python3.7/site-packages/airflow/example_dags/example_branch_datetime_operator.py
[2024-07-31T12:17:55.826+0000] {logging_mixin.py:120} INFO - [2024-07-31T12:17:55.826+0000] {dag.py:2585} INFO - Sync 3 DAGs
[2024-07-31T12:17:55.856+0000] {logging_mixin.py:120} INFO - [2024-07-31T12:17:55.855+0000] {dag.py:3340} INFO - Setting next_dagrun for example_branch_datetime_operator to 2024-07-30T00:00:00+00:00, run_after=2024-07-31T00:00:00+00:00
[2024-07-31T12:17:55.866+0000] {logging_mixin.py:120} INFO - [2024-07-31T12:17:55.866+0000] {dag.py:3340} INFO - Setting next_dagrun for example_branch_datetime_operator_2 to 2024-07-30T00:00:00+00:00, run_after=2024-07-31T00:00:00+00:00
[2024-07-31T12:17:55.871+0000] {logging_mixin.py:120} INFO - [2024-07-31T12:17:55.871+0000] {dag.py:3340} INFO - Setting next_dagrun for example_branch_datetime_operator_3 to 2024-07-30T00:00:00+00:00, run_after=2024-07-31T00:00:00+00:00
[2024-07-31T12:17:55.903+0000] {processor.py:176} INFO - Processing /home/airflow/.local/lib/python3.7/site-packages/airflow/example_dags/example_branch_datetime_operator.py took 0.153 seconds
[2024-07-31T12:18:26.277+0000] {processor.py:154} INFO - Started process (PID=763) to work on /home/airflow/.local/lib/python3.7/site-packages/airflow/example_dags/example_branch_datetime_operator.py
[2024-07-31T12:18:26.279+0000] {processor.py:756} INFO - Processing file /home/airflow/.local/lib/python3.7/site-packages/airflow/example_dags/example_branch_datetime_operator.py for tasks to queue
[2024-07-31T12:18:26.281+0000] {logging_mixin.py:120} INFO - [2024-07-31T12:18:26.280+0000] {dagbag.py:537} INFO - Filling up the DagBag from /home/airflow/.local/lib/python3.7/site-packages/airflow/example_dags/example_branch_datetime_operator.py
[2024-07-31T12:18:26.302+0000] {processor.py:766} INFO - DAG(s) dict_keys(['example_branch_datetime_operator_3', 'example_branch_datetime_operator_2', 'example_branch_datetime_operator']) retrieved from /home/airflow/.local/lib/python3.7/site-packages/airflow/example_dags/example_branch_datetime_operator.py
[2024-07-31T12:18:26.352+0000] {logging_mixin.py:120} INFO - [2024-07-31T12:18:26.352+0000] {dag.py:2585} INFO - Sync 3 DAGs
[2024-07-31T12:18:26.388+0000] {logging_mixin.py:120} INFO - [2024-07-31T12:18:26.388+0000] {dag.py:3340} INFO - Setting next_dagrun for example_branch_datetime_operator to 2024-07-30T00:00:00+00:00, run_after=2024-07-31T00:00:00+00:00
[2024-07-31T12:18:26.394+0000] {logging_mixin.py:120} INFO - [2024-07-31T12:18:26.394+0000] {dag.py:3340} INFO - Setting next_dagrun for example_branch_datetime_operator_2 to 2024-07-30T00:00:00+00:00, run_after=2024-07-31T00:00:00+00:00
[2024-07-31T12:18:26.399+0000] {logging_mixin.py:120} INFO - [2024-07-31T12:18:26.399+0000] {dag.py:3340} INFO - Setting next_dagrun for example_branch_datetime_operator_3 to 2024-07-30T00:00:00+00:00, run_after=2024-07-31T00:00:00+00:00
[2024-07-31T12:18:26.427+0000] {processor.py:176} INFO - Processing /home/airflow/.local/lib/python3.7/site-packages/airflow/example_dags/example_branch_datetime_operator.py took 0.154 seconds
[2024-07-31T12:18:56.662+0000] {processor.py:154} INFO - Started process (PID=817) to work on /home/airflow/.local/lib/python3.7/site-packages/airflow/example_dags/example_branch_datetime_operator.py
[2024-07-31T12:18:56.723+0000] {processor.py:756} INFO - Processing file /home/airflow/.local/lib/python3.7/site-packages/airflow/example_dags/example_branch_datetime_operator.py for tasks to queue
[2024-07-31T12:18:56.761+0000] {logging_mixin.py:120} INFO - [2024-07-31T12:18:56.761+0000] {dagbag.py:537} INFO - Filling up the DagBag from /home/airflow/.local/lib/python3.7/site-packages/airflow/example_dags/example_branch_datetime_operator.py
[2024-07-31T12:18:56.792+0000] {processor.py:766} INFO - DAG(s) dict_keys(['example_branch_datetime_operator_2', 'example_branch_datetime_operator', 'example_branch_datetime_operator_3']) retrieved from /home/airflow/.local/lib/python3.7/site-packages/airflow/example_dags/example_branch_datetime_operator.py
[2024-07-31T12:18:56.874+0000] {logging_mixin.py:120} INFO - [2024-07-31T12:18:56.874+0000] {dag.py:2585} INFO - Sync 3 DAGs
[2024-07-31T12:18:56.912+0000] {logging_mixin.py:120} INFO - [2024-07-31T12:18:56.912+0000] {dag.py:3340} INFO - Setting next_dagrun for example_branch_datetime_operator to 2024-07-30T00:00:00+00:00, run_after=2024-07-31T00:00:00+00:00
[2024-07-31T12:18:56.945+0000] {logging_mixin.py:120} INFO - [2024-07-31T12:18:56.945+0000] {dag.py:3340} INFO - Setting next_dagrun for example_branch_datetime_operator_2 to 2024-07-30T00:00:00+00:00, run_after=2024-07-31T00:00:00+00:00
[2024-07-31T12:18:56.958+0000] {logging_mixin.py:120} INFO - [2024-07-31T12:18:56.957+0000] {dag.py:3340} INFO - Setting next_dagrun for example_branch_datetime_operator_3 to 2024-07-30T00:00:00+00:00, run_after=2024-07-31T00:00:00+00:00
[2024-07-31T12:18:56.990+0000] {processor.py:176} INFO - Processing /home/airflow/.local/lib/python3.7/site-packages/airflow/example_dags/example_branch_datetime_operator.py took 0.332 seconds
[2024-07-31T12:19:27.555+0000] {processor.py:154} INFO - Started process (PID=880) to work on /home/airflow/.local/lib/python3.7/site-packages/airflow/example_dags/example_branch_datetime_operator.py
[2024-07-31T12:19:27.560+0000] {processor.py:756} INFO - Processing file /home/airflow/.local/lib/python3.7/site-packages/airflow/example_dags/example_branch_datetime_operator.py for tasks to queue
[2024-07-31T12:19:27.561+0000] {logging_mixin.py:120} INFO - [2024-07-31T12:19:27.561+0000] {dagbag.py:537} INFO - Filling up the DagBag from /home/airflow/.local/lib/python3.7/site-packages/airflow/example_dags/example_branch_datetime_operator.py
[2024-07-31T12:19:27.579+0000] {processor.py:766} INFO - DAG(s) dict_keys(['example_branch_datetime_operator_3', 'example_branch_datetime_operator', 'example_branch_datetime_operator_2']) retrieved from /home/airflow/.local/lib/python3.7/site-packages/airflow/example_dags/example_branch_datetime_operator.py
[2024-07-31T12:19:27.644+0000] {logging_mixin.py:120} INFO - [2024-07-31T12:19:27.643+0000] {dag.py:2585} INFO - Sync 3 DAGs
[2024-07-31T12:19:27.679+0000] {logging_mixin.py:120} INFO - [2024-07-31T12:19:27.678+0000] {dag.py:3340} INFO - Setting next_dagrun for example_branch_datetime_operator to 2024-07-30T00:00:00+00:00, run_after=2024-07-31T00:00:00+00:00
[2024-07-31T12:19:27.690+0000] {logging_mixin.py:120} INFO - [2024-07-31T12:19:27.689+0000] {dag.py:3340} INFO - Setting next_dagrun for example_branch_datetime_operator_2 to 2024-07-30T00:00:00+00:00, run_after=2024-07-31T00:00:00+00:00
[2024-07-31T12:19:27.692+0000] {logging_mixin.py:120} INFO - [2024-07-31T12:19:27.692+0000] {dag.py:3340} INFO - Setting next_dagrun for example_branch_datetime_operator_3 to 2024-07-30T00:00:00+00:00, run_after=2024-07-31T00:00:00+00:00
[2024-07-31T12:19:27.712+0000] {processor.py:176} INFO - Processing /home/airflow/.local/lib/python3.7/site-packages/airflow/example_dags/example_branch_datetime_operator.py took 0.160 seconds
[2024-07-31T12:19:58.427+0000] {processor.py:154} INFO - Started process (PID=942) to work on /home/airflow/.local/lib/python3.7/site-packages/airflow/example_dags/example_branch_datetime_operator.py
[2024-07-31T12:19:58.433+0000] {processor.py:756} INFO - Processing file /home/airflow/.local/lib/python3.7/site-packages/airflow/example_dags/example_branch_datetime_operator.py for tasks to queue
[2024-07-31T12:19:58.436+0000] {logging_mixin.py:120} INFO - [2024-07-31T12:19:58.435+0000] {dagbag.py:537} INFO - Filling up the DagBag from /home/airflow/.local/lib/python3.7/site-packages/airflow/example_dags/example_branch_datetime_operator.py
[2024-07-31T12:19:58.460+0000] {processor.py:766} INFO - DAG(s) dict_keys(['example_branch_datetime_operator_3', 'example_branch_datetime_operator', 'example_branch_datetime_operator_2']) retrieved from /home/airflow/.local/lib/python3.7/site-packages/airflow/example_dags/example_branch_datetime_operator.py
[2024-07-31T12:19:58.521+0000] {logging_mixin.py:120} INFO - [2024-07-31T12:19:58.521+0000] {dag.py:2585} INFO - Sync 3 DAGs
[2024-07-31T12:19:58.561+0000] {logging_mixin.py:120} INFO - [2024-07-31T12:19:58.561+0000] {dag.py:3340} INFO - Setting next_dagrun for example_branch_datetime_operator to 2024-07-30T00:00:00+00:00, run_after=2024-07-31T00:00:00+00:00
[2024-07-31T12:19:58.570+0000] {logging_mixin.py:120} INFO - [2024-07-31T12:19:58.570+0000] {dag.py:3340} INFO - Setting next_dagrun for example_branch_datetime_operator_2 to 2024-07-30T00:00:00+00:00, run_after=2024-07-31T00:00:00+00:00
[2024-07-31T12:19:58.575+0000] {logging_mixin.py:120} INFO - [2024-07-31T12:19:58.575+0000] {dag.py:3340} INFO - Setting next_dagrun for example_branch_datetime_operator_3 to 2024-07-30T00:00:00+00:00, run_after=2024-07-31T00:00:00+00:00
[2024-07-31T12:19:58.607+0000] {processor.py:176} INFO - Processing /home/airflow/.local/lib/python3.7/site-packages/airflow/example_dags/example_branch_datetime_operator.py took 0.185 seconds
[2024-07-31T12:20:28.909+0000] {processor.py:154} INFO - Started process (PID=996) to work on /home/airflow/.local/lib/python3.7/site-packages/airflow/example_dags/example_branch_datetime_operator.py
[2024-07-31T12:20:28.912+0000] {processor.py:756} INFO - Processing file /home/airflow/.local/lib/python3.7/site-packages/airflow/example_dags/example_branch_datetime_operator.py for tasks to queue
[2024-07-31T12:20:28.913+0000] {logging_mixin.py:120} INFO - [2024-07-31T12:20:28.913+0000] {dagbag.py:537} INFO - Filling up the DagBag from /home/airflow/.local/lib/python3.7/site-packages/airflow/example_dags/example_branch_datetime_operator.py
[2024-07-31T12:20:28.932+0000] {processor.py:766} INFO - DAG(s) dict_keys(['example_branch_datetime_operator_3', 'example_branch_datetime_operator', 'example_branch_datetime_operator_2']) retrieved from /home/airflow/.local/lib/python3.7/site-packages/airflow/example_dags/example_branch_datetime_operator.py
[2024-07-31T12:20:28.994+0000] {logging_mixin.py:120} INFO - [2024-07-31T12:20:28.993+0000] {dag.py:2585} INFO - Sync 3 DAGs
[2024-07-31T12:20:29.058+0000] {logging_mixin.py:120} INFO - [2024-07-31T12:20:29.058+0000] {dag.py:3340} INFO - Setting next_dagrun for example_branch_datetime_operator to 2024-07-30T00:00:00+00:00, run_after=2024-07-31T00:00:00+00:00
[2024-07-31T12:20:29.127+0000] {logging_mixin.py:120} INFO - [2024-07-31T12:20:29.127+0000] {dag.py:3340} INFO - Setting next_dagrun for example_branch_datetime_operator_2 to 2024-07-30T00:00:00+00:00, run_after=2024-07-31T00:00:00+00:00
[2024-07-31T12:20:29.177+0000] {logging_mixin.py:120} INFO - [2024-07-31T12:20:29.177+0000] {dag.py:3340} INFO - Setting next_dagrun for example_branch_datetime_operator_3 to 2024-07-30T00:00:00+00:00, run_after=2024-07-31T00:00:00+00:00
[2024-07-31T12:20:29.244+0000] {processor.py:176} INFO - Processing /home/airflow/.local/lib/python3.7/site-packages/airflow/example_dags/example_branch_datetime_operator.py took 0.339 seconds
[2024-07-31T12:20:59.805+0000] {processor.py:154} INFO - Started process (PID=1059) to work on /home/airflow/.local/lib/python3.7/site-packages/airflow/example_dags/example_branch_datetime_operator.py
[2024-07-31T12:20:59.806+0000] {processor.py:756} INFO - Processing file /home/airflow/.local/lib/python3.7/site-packages/airflow/example_dags/example_branch_datetime_operator.py for tasks to queue
[2024-07-31T12:20:59.807+0000] {logging_mixin.py:120} INFO - [2024-07-31T12:20:59.807+0000] {dagbag.py:537} INFO - Filling up the DagBag from /home/airflow/.local/lib/python3.7/site-packages/airflow/example_dags/example_branch_datetime_operator.py
[2024-07-31T12:20:59.832+0000] {processor.py:766} INFO - DAG(s) dict_keys(['example_branch_datetime_operator_2', 'example_branch_datetime_operator_3', 'example_branch_datetime_operator']) retrieved from /home/airflow/.local/lib/python3.7/site-packages/airflow/example_dags/example_branch_datetime_operator.py
[2024-07-31T12:20:59.891+0000] {logging_mixin.py:120} INFO - [2024-07-31T12:20:59.891+0000] {dag.py:2585} INFO - Sync 3 DAGs
[2024-07-31T12:21:00.048+0000] {logging_mixin.py:120} INFO - [2024-07-31T12:21:00.048+0000] {dag.py:3340} INFO - Setting next_dagrun for example_branch_datetime_operator to 2024-07-30T00:00:00+00:00, run_after=2024-07-31T00:00:00+00:00
[2024-07-31T12:21:00.252+0000] {logging_mixin.py:120} INFO - [2024-07-31T12:21:00.252+0000] {dag.py:3340} INFO - Setting next_dagrun for example_branch_datetime_operator_2 to 2024-07-30T00:00:00+00:00, run_after=2024-07-31T00:00:00+00:00
[2024-07-31T12:21:00.307+0000] {logging_mixin.py:120} INFO - [2024-07-31T12:21:00.306+0000] {dag.py:3340} INFO - Setting next_dagrun for example_branch_datetime_operator_3 to 2024-07-30T00:00:00+00:00, run_after=2024-07-31T00:00:00+00:00
[2024-07-31T12:21:00.342+0000] {processor.py:176} INFO - Processing /home/airflow/.local/lib/python3.7/site-packages/airflow/example_dags/example_branch_datetime_operator.py took 0.542 seconds
[2024-07-31T12:21:31.067+0000] {processor.py:154} INFO - Started process (PID=1113) to work on /home/airflow/.local/lib/python3.7/site-packages/airflow/example_dags/example_branch_datetime_operator.py
[2024-07-31T12:21:31.069+0000] {processor.py:756} INFO - Processing file /home/airflow/.local/lib/python3.7/site-packages/airflow/example_dags/example_branch_datetime_operator.py for tasks to queue
[2024-07-31T12:21:31.069+0000] {logging_mixin.py:120} INFO - [2024-07-31T12:21:31.069+0000] {dagbag.py:537} INFO - Filling up the DagBag from /home/airflow/.local/lib/python3.7/site-packages/airflow/example_dags/example_branch_datetime_operator.py
[2024-07-31T12:21:31.096+0000] {processor.py:766} INFO - DAG(s) dict_keys(['example_branch_datetime_operator_2', 'example_branch_datetime_operator_3', 'example_branch_datetime_operator']) retrieved from /home/airflow/.local/lib/python3.7/site-packages/airflow/example_dags/example_branch_datetime_operator.py
[2024-07-31T12:21:31.149+0000] {logging_mixin.py:120} INFO - [2024-07-31T12:21:31.149+0000] {dag.py:2585} INFO - Sync 3 DAGs
[2024-07-31T12:21:31.302+0000] {logging_mixin.py:120} INFO - [2024-07-31T12:21:31.302+0000] {dag.py:3340} INFO - Setting next_dagrun for example_branch_datetime_operator to 2024-07-30T00:00:00+00:00, run_after=2024-07-31T00:00:00+00:00
[2024-07-31T12:21:31.420+0000] {logging_mixin.py:120} INFO - [2024-07-31T12:21:31.419+0000] {dag.py:3340} INFO - Setting next_dagrun for example_branch_datetime_operator_2 to 2024-07-30T00:00:00+00:00, run_after=2024-07-31T00:00:00+00:00
[2024-07-31T12:21:31.439+0000] {logging_mixin.py:120} INFO - [2024-07-31T12:21:31.438+0000] {dag.py:3340} INFO - Setting next_dagrun for example_branch_datetime_operator_3 to 2024-07-30T00:00:00+00:00, run_after=2024-07-31T00:00:00+00:00
[2024-07-31T12:21:31.520+0000] {processor.py:176} INFO - Processing /home/airflow/.local/lib/python3.7/site-packages/airflow/example_dags/example_branch_datetime_operator.py took 0.456 seconds
[2024-07-31T12:22:02.574+0000] {processor.py:154} INFO - Started process (PID=1176) to work on /home/airflow/.local/lib/python3.7/site-packages/airflow/example_dags/example_branch_datetime_operator.py
[2024-07-31T12:22:02.577+0000] {processor.py:756} INFO - Processing file /home/airflow/.local/lib/python3.7/site-packages/airflow/example_dags/example_branch_datetime_operator.py for tasks to queue
[2024-07-31T12:22:02.660+0000] {logging_mixin.py:120} INFO - [2024-07-31T12:22:02.660+0000] {dagbag.py:537} INFO - Filling up the DagBag from /home/airflow/.local/lib/python3.7/site-packages/airflow/example_dags/example_branch_datetime_operator.py
[2024-07-31T12:22:02.735+0000] {processor.py:766} INFO - DAG(s) dict_keys(['example_branch_datetime_operator', 'example_branch_datetime_operator_2', 'example_branch_datetime_operator_3']) retrieved from /home/airflow/.local/lib/python3.7/site-packages/airflow/example_dags/example_branch_datetime_operator.py
[2024-07-31T12:22:02.839+0000] {logging_mixin.py:120} INFO - [2024-07-31T12:22:02.839+0000] {dag.py:2585} INFO - Sync 3 DAGs
[2024-07-31T12:22:02.885+0000] {logging_mixin.py:120} INFO - [2024-07-31T12:22:02.884+0000] {dag.py:3340} INFO - Setting next_dagrun for example_branch_datetime_operator to 2024-07-30T00:00:00+00:00, run_after=2024-07-31T00:00:00+00:00
[2024-07-31T12:22:02.947+0000] {logging_mixin.py:120} INFO - [2024-07-31T12:22:02.947+0000] {dag.py:3340} INFO - Setting next_dagrun for example_branch_datetime_operator_2 to 2024-07-30T00:00:00+00:00, run_after=2024-07-31T00:00:00+00:00
[2024-07-31T12:22:02.959+0000] {logging_mixin.py:120} INFO - [2024-07-31T12:22:02.959+0000] {dag.py:3340} INFO - Setting next_dagrun for example_branch_datetime_operator_3 to 2024-07-30T00:00:00+00:00, run_after=2024-07-31T00:00:00+00:00
[2024-07-31T12:22:02.997+0000] {processor.py:176} INFO - Processing /home/airflow/.local/lib/python3.7/site-packages/airflow/example_dags/example_branch_datetime_operator.py took 0.426 seconds
[2024-07-31T12:22:33.242+0000] {processor.py:154} INFO - Started process (PID=1239) to work on /home/airflow/.local/lib/python3.7/site-packages/airflow/example_dags/example_branch_datetime_operator.py
[2024-07-31T12:22:33.244+0000] {processor.py:756} INFO - Processing file /home/airflow/.local/lib/python3.7/site-packages/airflow/example_dags/example_branch_datetime_operator.py for tasks to queue
[2024-07-31T12:22:33.248+0000] {logging_mixin.py:120} INFO - [2024-07-31T12:22:33.247+0000] {dagbag.py:537} INFO - Filling up the DagBag from /home/airflow/.local/lib/python3.7/site-packages/airflow/example_dags/example_branch_datetime_operator.py
[2024-07-31T12:22:33.297+0000] {processor.py:766} INFO - DAG(s) dict_keys(['example_branch_datetime_operator', 'example_branch_datetime_operator_2', 'example_branch_datetime_operator_3']) retrieved from /home/airflow/.local/lib/python3.7/site-packages/airflow/example_dags/example_branch_datetime_operator.py
[2024-07-31T12:22:33.415+0000] {logging_mixin.py:120} INFO - [2024-07-31T12:22:33.414+0000] {dag.py:2585} INFO - Sync 3 DAGs
[2024-07-31T12:22:33.468+0000] {logging_mixin.py:120} INFO - [2024-07-31T12:22:33.468+0000] {dag.py:3340} INFO - Setting next_dagrun for example_branch_datetime_operator to 2024-07-30T00:00:00+00:00, run_after=2024-07-31T00:00:00+00:00
[2024-07-31T12:22:33.475+0000] {logging_mixin.py:120} INFO - [2024-07-31T12:22:33.474+0000] {dag.py:3340} INFO - Setting next_dagrun for example_branch_datetime_operator_2 to 2024-07-30T00:00:00+00:00, run_after=2024-07-31T00:00:00+00:00
[2024-07-31T12:22:33.483+0000] {logging_mixin.py:120} INFO - [2024-07-31T12:22:33.482+0000] {dag.py:3340} INFO - Setting next_dagrun for example_branch_datetime_operator_3 to 2024-07-30T00:00:00+00:00, run_after=2024-07-31T00:00:00+00:00
[2024-07-31T12:22:33.513+0000] {processor.py:176} INFO - Processing /home/airflow/.local/lib/python3.7/site-packages/airflow/example_dags/example_branch_datetime_operator.py took 0.277 seconds
[2024-07-31T12:23:04.295+0000] {processor.py:154} INFO - Started process (PID=1294) to work on /home/airflow/.local/lib/python3.7/site-packages/airflow/example_dags/example_branch_datetime_operator.py
[2024-07-31T12:23:04.299+0000] {processor.py:756} INFO - Processing file /home/airflow/.local/lib/python3.7/site-packages/airflow/example_dags/example_branch_datetime_operator.py for tasks to queue
[2024-07-31T12:23:04.301+0000] {logging_mixin.py:120} INFO - [2024-07-31T12:23:04.301+0000] {dagbag.py:537} INFO - Filling up the DagBag from /home/airflow/.local/lib/python3.7/site-packages/airflow/example_dags/example_branch_datetime_operator.py
[2024-07-31T12:23:04.330+0000] {processor.py:766} INFO - DAG(s) dict_keys(['example_branch_datetime_operator', 'example_branch_datetime_operator_3', 'example_branch_datetime_operator_2']) retrieved from /home/airflow/.local/lib/python3.7/site-packages/airflow/example_dags/example_branch_datetime_operator.py
[2024-07-31T12:23:04.408+0000] {logging_mixin.py:120} INFO - [2024-07-31T12:23:04.407+0000] {dag.py:2585} INFO - Sync 3 DAGs
[2024-07-31T12:23:04.445+0000] {logging_mixin.py:120} INFO - [2024-07-31T12:23:04.444+0000] {dag.py:3340} INFO - Setting next_dagrun for example_branch_datetime_operator to 2024-07-30T00:00:00+00:00, run_after=2024-07-31T00:00:00+00:00
[2024-07-31T12:23:04.490+0000] {logging_mixin.py:120} INFO - [2024-07-31T12:23:04.490+0000] {dag.py:3340} INFO - Setting next_dagrun for example_branch_datetime_operator_2 to 2024-07-30T00:00:00+00:00, run_after=2024-07-31T00:00:00+00:00
[2024-07-31T12:23:04.530+0000] {logging_mixin.py:120} INFO - [2024-07-31T12:23:04.530+0000] {dag.py:3340} INFO - Setting next_dagrun for example_branch_datetime_operator_3 to 2024-07-30T00:00:00+00:00, run_after=2024-07-31T00:00:00+00:00
[2024-07-31T12:23:04.599+0000] {processor.py:176} INFO - Processing /home/airflow/.local/lib/python3.7/site-packages/airflow/example_dags/example_branch_datetime_operator.py took 0.310 seconds
[2024-07-31T12:23:34.874+0000] {processor.py:154} INFO - Started process (PID=1357) to work on /home/airflow/.local/lib/python3.7/site-packages/airflow/example_dags/example_branch_datetime_operator.py
[2024-07-31T12:23:34.881+0000] {processor.py:756} INFO - Processing file /home/airflow/.local/lib/python3.7/site-packages/airflow/example_dags/example_branch_datetime_operator.py for tasks to queue
[2024-07-31T12:23:34.883+0000] {logging_mixin.py:120} INFO - [2024-07-31T12:23:34.883+0000] {dagbag.py:537} INFO - Filling up the DagBag from /home/airflow/.local/lib/python3.7/site-packages/airflow/example_dags/example_branch_datetime_operator.py
[2024-07-31T12:23:34.906+0000] {processor.py:766} INFO - DAG(s) dict_keys(['example_branch_datetime_operator_2', 'example_branch_datetime_operator', 'example_branch_datetime_operator_3']) retrieved from /home/airflow/.local/lib/python3.7/site-packages/airflow/example_dags/example_branch_datetime_operator.py
[2024-07-31T12:23:34.961+0000] {logging_mixin.py:120} INFO - [2024-07-31T12:23:34.960+0000] {dag.py:2585} INFO - Sync 3 DAGs
[2024-07-31T12:23:35.012+0000] {logging_mixin.py:120} INFO - [2024-07-31T12:23:35.012+0000] {dag.py:3340} INFO - Setting next_dagrun for example_branch_datetime_operator to 2024-07-30T00:00:00+00:00, run_after=2024-07-31T00:00:00+00:00
[2024-07-31T12:23:35.024+0000] {logging_mixin.py:120} INFO - [2024-07-31T12:23:35.023+0000] {dag.py:3340} INFO - Setting next_dagrun for example_branch_datetime_operator_2 to 2024-07-30T00:00:00+00:00, run_after=2024-07-31T00:00:00+00:00
[2024-07-31T12:23:35.027+0000] {logging_mixin.py:120} INFO - [2024-07-31T12:23:35.027+0000] {dag.py:3340} INFO - Setting next_dagrun for example_branch_datetime_operator_3 to 2024-07-30T00:00:00+00:00, run_after=2024-07-31T00:00:00+00:00
[2024-07-31T12:23:35.060+0000] {processor.py:176} INFO - Processing /home/airflow/.local/lib/python3.7/site-packages/airflow/example_dags/example_branch_datetime_operator.py took 0.189 seconds
[2024-07-31T12:24:05.718+0000] {processor.py:154} INFO - Started process (PID=1411) to work on /home/airflow/.local/lib/python3.7/site-packages/airflow/example_dags/example_branch_datetime_operator.py
[2024-07-31T12:24:05.719+0000] {processor.py:756} INFO - Processing file /home/airflow/.local/lib/python3.7/site-packages/airflow/example_dags/example_branch_datetime_operator.py for tasks to queue
[2024-07-31T12:24:05.722+0000] {logging_mixin.py:120} INFO - [2024-07-31T12:24:05.722+0000] {dagbag.py:537} INFO - Filling up the DagBag from /home/airflow/.local/lib/python3.7/site-packages/airflow/example_dags/example_branch_datetime_operator.py
[2024-07-31T12:24:05.834+0000] {processor.py:766} INFO - DAG(s) dict_keys(['example_branch_datetime_operator', 'example_branch_datetime_operator_2', 'example_branch_datetime_operator_3']) retrieved from /home/airflow/.local/lib/python3.7/site-packages/airflow/example_dags/example_branch_datetime_operator.py
[2024-07-31T12:24:05.904+0000] {logging_mixin.py:120} INFO - [2024-07-31T12:24:05.904+0000] {dag.py:2585} INFO - Sync 3 DAGs
[2024-07-31T12:24:05.944+0000] {logging_mixin.py:120} INFO - [2024-07-31T12:24:05.944+0000] {dag.py:3340} INFO - Setting next_dagrun for example_branch_datetime_operator to 2024-07-30T00:00:00+00:00, run_after=2024-07-31T00:00:00+00:00
[2024-07-31T12:24:05.950+0000] {logging_mixin.py:120} INFO - [2024-07-31T12:24:05.950+0000] {dag.py:3340} INFO - Setting next_dagrun for example_branch_datetime_operator_2 to 2024-07-30T00:00:00+00:00, run_after=2024-07-31T00:00:00+00:00
[2024-07-31T12:24:05.954+0000] {logging_mixin.py:120} INFO - [2024-07-31T12:24:05.954+0000] {dag.py:3340} INFO - Setting next_dagrun for example_branch_datetime_operator_3 to 2024-07-30T00:00:00+00:00, run_after=2024-07-31T00:00:00+00:00
[2024-07-31T12:24:05.980+0000] {processor.py:176} INFO - Processing /home/airflow/.local/lib/python3.7/site-packages/airflow/example_dags/example_branch_datetime_operator.py took 0.270 seconds
[2024-07-31T12:24:36.580+0000] {processor.py:154} INFO - Started process (PID=1474) to work on /home/airflow/.local/lib/python3.7/site-packages/airflow/example_dags/example_branch_datetime_operator.py
[2024-07-31T12:24:36.582+0000] {processor.py:756} INFO - Processing file /home/airflow/.local/lib/python3.7/site-packages/airflow/example_dags/example_branch_datetime_operator.py for tasks to queue
[2024-07-31T12:24:36.583+0000] {logging_mixin.py:120} INFO - [2024-07-31T12:24:36.583+0000] {dagbag.py:537} INFO - Filling up the DagBag from /home/airflow/.local/lib/python3.7/site-packages/airflow/example_dags/example_branch_datetime_operator.py
[2024-07-31T12:24:36.605+0000] {processor.py:766} INFO - DAG(s) dict_keys(['example_branch_datetime_operator', 'example_branch_datetime_operator_2', 'example_branch_datetime_operator_3']) retrieved from /home/airflow/.local/lib/python3.7/site-packages/airflow/example_dags/example_branch_datetime_operator.py
[2024-07-31T12:24:36.670+0000] {logging_mixin.py:120} INFO - [2024-07-31T12:24:36.669+0000] {dag.py:2585} INFO - Sync 3 DAGs
[2024-07-31T12:24:36.703+0000] {logging_mixin.py:120} INFO - [2024-07-31T12:24:36.703+0000] {dag.py:3340} INFO - Setting next_dagrun for example_branch_datetime_operator to 2024-07-30T00:00:00+00:00, run_after=2024-07-31T00:00:00+00:00
[2024-07-31T12:24:36.710+0000] {logging_mixin.py:120} INFO - [2024-07-31T12:24:36.710+0000] {dag.py:3340} INFO - Setting next_dagrun for example_branch_datetime_operator_2 to 2024-07-30T00:00:00+00:00, run_after=2024-07-31T00:00:00+00:00
[2024-07-31T12:24:36.715+0000] {logging_mixin.py:120} INFO - [2024-07-31T12:24:36.714+0000] {dag.py:3340} INFO - Setting next_dagrun for example_branch_datetime_operator_3 to 2024-07-30T00:00:00+00:00, run_after=2024-07-31T00:00:00+00:00
[2024-07-31T12:24:36.738+0000] {processor.py:176} INFO - Processing /home/airflow/.local/lib/python3.7/site-packages/airflow/example_dags/example_branch_datetime_operator.py took 0.162 seconds
[2024-07-31T12:25:07.077+0000] {processor.py:154} INFO - Started process (PID=1536) to work on /home/airflow/.local/lib/python3.7/site-packages/airflow/example_dags/example_branch_datetime_operator.py
[2024-07-31T12:25:07.254+0000] {processor.py:756} INFO - Processing file /home/airflow/.local/lib/python3.7/site-packages/airflow/example_dags/example_branch_datetime_operator.py for tasks to queue
[2024-07-31T12:25:07.266+0000] {logging_mixin.py:120} INFO - [2024-07-31T12:25:07.265+0000] {dagbag.py:537} INFO - Filling up the DagBag from /home/airflow/.local/lib/python3.7/site-packages/airflow/example_dags/example_branch_datetime_operator.py
[2024-07-31T12:25:07.295+0000] {processor.py:766} INFO - DAG(s) dict_keys(['example_branch_datetime_operator_2', 'example_branch_datetime_operator', 'example_branch_datetime_operator_3']) retrieved from /home/airflow/.local/lib/python3.7/site-packages/airflow/example_dags/example_branch_datetime_operator.py
[2024-07-31T12:25:07.387+0000] {logging_mixin.py:120} INFO - [2024-07-31T12:25:07.387+0000] {dag.py:2585} INFO - Sync 3 DAGs
[2024-07-31T12:25:07.486+0000] {logging_mixin.py:120} INFO - [2024-07-31T12:25:07.485+0000] {dag.py:3340} INFO - Setting next_dagrun for example_branch_datetime_operator to 2024-07-30T00:00:00+00:00, run_after=2024-07-31T00:00:00+00:00
[2024-07-31T12:25:07.508+0000] {logging_mixin.py:120} INFO - [2024-07-31T12:25:07.508+0000] {dag.py:3340} INFO - Setting next_dagrun for example_branch_datetime_operator_2 to 2024-07-30T00:00:00+00:00, run_after=2024-07-31T00:00:00+00:00
[2024-07-31T12:25:07.523+0000] {logging_mixin.py:120} INFO - [2024-07-31T12:25:07.522+0000] {dag.py:3340} INFO - Setting next_dagrun for example_branch_datetime_operator_3 to 2024-07-30T00:00:00+00:00, run_after=2024-07-31T00:00:00+00:00
[2024-07-31T12:25:07.566+0000] {processor.py:176} INFO - Processing /home/airflow/.local/lib/python3.7/site-packages/airflow/example_dags/example_branch_datetime_operator.py took 0.493 seconds
[2024-07-31T12:25:38.355+0000] {processor.py:154} INFO - Started process (PID=1590) to work on /home/airflow/.local/lib/python3.7/site-packages/airflow/example_dags/example_branch_datetime_operator.py
[2024-07-31T12:25:38.356+0000] {processor.py:756} INFO - Processing file /home/airflow/.local/lib/python3.7/site-packages/airflow/example_dags/example_branch_datetime_operator.py for tasks to queue
[2024-07-31T12:25:38.358+0000] {logging_mixin.py:120} INFO - [2024-07-31T12:25:38.358+0000] {dagbag.py:537} INFO - Filling up the DagBag from /home/airflow/.local/lib/python3.7/site-packages/airflow/example_dags/example_branch_datetime_operator.py
[2024-07-31T12:25:38.378+0000] {processor.py:766} INFO - DAG(s) dict_keys(['example_branch_datetime_operator_3', 'example_branch_datetime_operator', 'example_branch_datetime_operator_2']) retrieved from /home/airflow/.local/lib/python3.7/site-packages/airflow/example_dags/example_branch_datetime_operator.py
[2024-07-31T12:25:38.438+0000] {logging_mixin.py:120} INFO - [2024-07-31T12:25:38.437+0000] {dag.py:2585} INFO - Sync 3 DAGs
[2024-07-31T12:25:38.471+0000] {logging_mixin.py:120} INFO - [2024-07-31T12:25:38.471+0000] {dag.py:3340} INFO - Setting next_dagrun for example_branch_datetime_operator to 2024-07-30T00:00:00+00:00, run_after=2024-07-31T00:00:00+00:00
[2024-07-31T12:25:38.477+0000] {logging_mixin.py:120} INFO - [2024-07-31T12:25:38.477+0000] {dag.py:3340} INFO - Setting next_dagrun for example_branch_datetime_operator_2 to 2024-07-30T00:00:00+00:00, run_after=2024-07-31T00:00:00+00:00
[2024-07-31T12:25:38.480+0000] {logging_mixin.py:120} INFO - [2024-07-31T12:25:38.480+0000] {dag.py:3340} INFO - Setting next_dagrun for example_branch_datetime_operator_3 to 2024-07-30T00:00:00+00:00, run_after=2024-07-31T00:00:00+00:00
[2024-07-31T12:25:38.503+0000] {processor.py:176} INFO - Processing /home/airflow/.local/lib/python3.7/site-packages/airflow/example_dags/example_branch_datetime_operator.py took 0.152 seconds
[2024-07-31T12:26:08.998+0000] {processor.py:154} INFO - Started process (PID=1653) to work on /home/airflow/.local/lib/python3.7/site-packages/airflow/example_dags/example_branch_datetime_operator.py
[2024-07-31T12:26:08.999+0000] {processor.py:756} INFO - Processing file /home/airflow/.local/lib/python3.7/site-packages/airflow/example_dags/example_branch_datetime_operator.py for tasks to queue
[2024-07-31T12:26:09.000+0000] {logging_mixin.py:120} INFO - [2024-07-31T12:26:08.999+0000] {dagbag.py:537} INFO - Filling up the DagBag from /home/airflow/.local/lib/python3.7/site-packages/airflow/example_dags/example_branch_datetime_operator.py
[2024-07-31T12:26:09.033+0000] {processor.py:766} INFO - DAG(s) dict_keys(['example_branch_datetime_operator', 'example_branch_datetime_operator_3', 'example_branch_datetime_operator_2']) retrieved from /home/airflow/.local/lib/python3.7/site-packages/airflow/example_dags/example_branch_datetime_operator.py
[2024-07-31T12:26:09.142+0000] {logging_mixin.py:120} INFO - [2024-07-31T12:26:09.142+0000] {dag.py:2585} INFO - Sync 3 DAGs
[2024-07-31T12:26:09.221+0000] {logging_mixin.py:120} INFO - [2024-07-31T12:26:09.221+0000] {dag.py:3340} INFO - Setting next_dagrun for example_branch_datetime_operator to 2024-07-30T00:00:00+00:00, run_after=2024-07-31T00:00:00+00:00
[2024-07-31T12:26:09.272+0000] {logging_mixin.py:120} INFO - [2024-07-31T12:26:09.272+0000] {dag.py:3340} INFO - Setting next_dagrun for example_branch_datetime_operator_2 to 2024-07-30T00:00:00+00:00, run_after=2024-07-31T00:00:00+00:00
[2024-07-31T12:26:09.300+0000] {logging_mixin.py:120} INFO - [2024-07-31T12:26:09.299+0000] {dag.py:3340} INFO - Setting next_dagrun for example_branch_datetime_operator_3 to 2024-07-30T00:00:00+00:00, run_after=2024-07-31T00:00:00+00:00
[2024-07-31T12:26:09.414+0000] {processor.py:176} INFO - Processing /home/airflow/.local/lib/python3.7/site-packages/airflow/example_dags/example_branch_datetime_operator.py took 0.421 seconds
[2024-07-31T12:26:40.869+0000] {processor.py:154} INFO - Started process (PID=1716) to work on /home/airflow/.local/lib/python3.7/site-packages/airflow/example_dags/example_branch_datetime_operator.py
[2024-07-31T12:26:40.873+0000] {processor.py:756} INFO - Processing file /home/airflow/.local/lib/python3.7/site-packages/airflow/example_dags/example_branch_datetime_operator.py for tasks to queue
[2024-07-31T12:26:40.903+0000] {logging_mixin.py:120} INFO - [2024-07-31T12:26:40.903+0000] {dagbag.py:537} INFO - Filling up the DagBag from /home/airflow/.local/lib/python3.7/site-packages/airflow/example_dags/example_branch_datetime_operator.py
[2024-07-31T12:26:40.929+0000] {processor.py:766} INFO - DAG(s) dict_keys(['example_branch_datetime_operator_3', 'example_branch_datetime_operator', 'example_branch_datetime_operator_2']) retrieved from /home/airflow/.local/lib/python3.7/site-packages/airflow/example_dags/example_branch_datetime_operator.py
[2024-07-31T12:26:41.341+0000] {logging_mixin.py:120} INFO - [2024-07-31T12:26:41.341+0000] {dag.py:2585} INFO - Sync 3 DAGs
[2024-07-31T12:26:41.457+0000] {logging_mixin.py:120} INFO - [2024-07-31T12:26:41.457+0000] {dag.py:3340} INFO - Setting next_dagrun for example_branch_datetime_operator to 2024-07-30T00:00:00+00:00, run_after=2024-07-31T00:00:00+00:00
[2024-07-31T12:26:41.512+0000] {logging_mixin.py:120} INFO - [2024-07-31T12:26:41.512+0000] {dag.py:3340} INFO - Setting next_dagrun for example_branch_datetime_operator_2 to 2024-07-30T00:00:00+00:00, run_after=2024-07-31T00:00:00+00:00
[2024-07-31T12:26:41.974+0000] {logging_mixin.py:120} INFO - [2024-07-31T12:26:41.973+0000] {dag.py:3340} INFO - Setting next_dagrun for example_branch_datetime_operator_3 to 2024-07-30T00:00:00+00:00, run_after=2024-07-31T00:00:00+00:00
[2024-07-31T12:26:42.143+0000] {processor.py:176} INFO - Processing /home/airflow/.local/lib/python3.7/site-packages/airflow/example_dags/example_branch_datetime_operator.py took 1.279 seconds
[2024-07-31T12:27:12.789+0000] {processor.py:154} INFO - Started process (PID=1770) to work on /home/airflow/.local/lib/python3.7/site-packages/airflow/example_dags/example_branch_datetime_operator.py
[2024-07-31T12:27:12.790+0000] {processor.py:756} INFO - Processing file /home/airflow/.local/lib/python3.7/site-packages/airflow/example_dags/example_branch_datetime_operator.py for tasks to queue
[2024-07-31T12:27:12.792+0000] {logging_mixin.py:120} INFO - [2024-07-31T12:27:12.792+0000] {dagbag.py:537} INFO - Filling up the DagBag from /home/airflow/.local/lib/python3.7/site-packages/airflow/example_dags/example_branch_datetime_operator.py
[2024-07-31T12:27:12.821+0000] {processor.py:766} INFO - DAG(s) dict_keys(['example_branch_datetime_operator_3', 'example_branch_datetime_operator', 'example_branch_datetime_operator_2']) retrieved from /home/airflow/.local/lib/python3.7/site-packages/airflow/example_dags/example_branch_datetime_operator.py
[2024-07-31T12:27:12.991+0000] {logging_mixin.py:120} INFO - [2024-07-31T12:27:12.991+0000] {dag.py:2585} INFO - Sync 3 DAGs
[2024-07-31T12:27:13.218+0000] {logging_mixin.py:120} INFO - [2024-07-31T12:27:13.218+0000] {dag.py:3340} INFO - Setting next_dagrun for example_branch_datetime_operator to 2024-07-30T00:00:00+00:00, run_after=2024-07-31T00:00:00+00:00
[2024-07-31T12:27:13.301+0000] {logging_mixin.py:120} INFO - [2024-07-31T12:27:13.301+0000] {dag.py:3340} INFO - Setting next_dagrun for example_branch_datetime_operator_2 to 2024-07-30T00:00:00+00:00, run_after=2024-07-31T00:00:00+00:00
[2024-07-31T12:27:13.416+0000] {logging_mixin.py:120} INFO - [2024-07-31T12:27:13.416+0000] {dag.py:3340} INFO - Setting next_dagrun for example_branch_datetime_operator_3 to 2024-07-30T00:00:00+00:00, run_after=2024-07-31T00:00:00+00:00
[2024-07-31T12:27:13.451+0000] {processor.py:176} INFO - Processing /home/airflow/.local/lib/python3.7/site-packages/airflow/example_dags/example_branch_datetime_operator.py took 0.666 seconds
[2024-07-31T12:27:44.132+0000] {processor.py:154} INFO - Started process (PID=1834) to work on /home/airflow/.local/lib/python3.7/site-packages/airflow/example_dags/example_branch_datetime_operator.py
[2024-07-31T12:27:44.134+0000] {processor.py:756} INFO - Processing file /home/airflow/.local/lib/python3.7/site-packages/airflow/example_dags/example_branch_datetime_operator.py for tasks to queue
[2024-07-31T12:27:44.137+0000] {logging_mixin.py:120} INFO - [2024-07-31T12:27:44.136+0000] {dagbag.py:537} INFO - Filling up the DagBag from /home/airflow/.local/lib/python3.7/site-packages/airflow/example_dags/example_branch_datetime_operator.py
[2024-07-31T12:27:44.176+0000] {processor.py:766} INFO - DAG(s) dict_keys(['example_branch_datetime_operator', 'example_branch_datetime_operator_3', 'example_branch_datetime_operator_2']) retrieved from /home/airflow/.local/lib/python3.7/site-packages/airflow/example_dags/example_branch_datetime_operator.py
[2024-07-31T12:27:44.261+0000] {logging_mixin.py:120} INFO - [2024-07-31T12:27:44.261+0000] {dag.py:2585} INFO - Sync 3 DAGs
[2024-07-31T12:27:44.309+0000] {logging_mixin.py:120} INFO - [2024-07-31T12:27:44.309+0000] {dag.py:3340} INFO - Setting next_dagrun for example_branch_datetime_operator to 2024-07-30T00:00:00+00:00, run_after=2024-07-31T00:00:00+00:00
[2024-07-31T12:27:44.330+0000] {logging_mixin.py:120} INFO - [2024-07-31T12:27:44.329+0000] {dag.py:3340} INFO - Setting next_dagrun for example_branch_datetime_operator_2 to 2024-07-30T00:00:00+00:00, run_after=2024-07-31T00:00:00+00:00
[2024-07-31T12:27:44.337+0000] {logging_mixin.py:120} INFO - [2024-07-31T12:27:44.337+0000] {dag.py:3340} INFO - Setting next_dagrun for example_branch_datetime_operator_3 to 2024-07-30T00:00:00+00:00, run_after=2024-07-31T00:00:00+00:00
[2024-07-31T12:27:44.380+0000] {processor.py:176} INFO - Processing /home/airflow/.local/lib/python3.7/site-packages/airflow/example_dags/example_branch_datetime_operator.py took 0.253 seconds
[2024-07-31T12:28:14.623+0000] {processor.py:154} INFO - Started process (PID=1889) to work on /home/airflow/.local/lib/python3.7/site-packages/airflow/example_dags/example_branch_datetime_operator.py
[2024-07-31T12:28:14.633+0000] {processor.py:756} INFO - Processing file /home/airflow/.local/lib/python3.7/site-packages/airflow/example_dags/example_branch_datetime_operator.py for tasks to queue
[2024-07-31T12:28:14.636+0000] {logging_mixin.py:120} INFO - [2024-07-31T12:28:14.635+0000] {dagbag.py:537} INFO - Filling up the DagBag from /home/airflow/.local/lib/python3.7/site-packages/airflow/example_dags/example_branch_datetime_operator.py
[2024-07-31T12:28:14.665+0000] {processor.py:766} INFO - DAG(s) dict_keys(['example_branch_datetime_operator', 'example_branch_datetime_operator_2', 'example_branch_datetime_operator_3']) retrieved from /home/airflow/.local/lib/python3.7/site-packages/airflow/example_dags/example_branch_datetime_operator.py
[2024-07-31T12:28:14.739+0000] {logging_mixin.py:120} INFO - [2024-07-31T12:28:14.739+0000] {dag.py:2585} INFO - Sync 3 DAGs
[2024-07-31T12:28:14.781+0000] {logging_mixin.py:120} INFO - [2024-07-31T12:28:14.781+0000] {dag.py:3340} INFO - Setting next_dagrun for example_branch_datetime_operator to 2024-07-30T00:00:00+00:00, run_after=2024-07-31T00:00:00+00:00
[2024-07-31T12:28:14.788+0000] {logging_mixin.py:120} INFO - [2024-07-31T12:28:14.788+0000] {dag.py:3340} INFO - Setting next_dagrun for example_branch_datetime_operator_2 to 2024-07-30T00:00:00+00:00, run_after=2024-07-31T00:00:00+00:00
[2024-07-31T12:28:14.794+0000] {logging_mixin.py:120} INFO - [2024-07-31T12:28:14.794+0000] {dag.py:3340} INFO - Setting next_dagrun for example_branch_datetime_operator_3 to 2024-07-30T00:00:00+00:00, run_after=2024-07-31T00:00:00+00:00
[2024-07-31T12:28:14.824+0000] {processor.py:176} INFO - Processing /home/airflow/.local/lib/python3.7/site-packages/airflow/example_dags/example_branch_datetime_operator.py took 0.206 seconds
[2024-07-31T12:28:45.570+0000] {processor.py:154} INFO - Started process (PID=1952) to work on /home/airflow/.local/lib/python3.7/site-packages/airflow/example_dags/example_branch_datetime_operator.py
[2024-07-31T12:28:45.571+0000] {processor.py:756} INFO - Processing file /home/airflow/.local/lib/python3.7/site-packages/airflow/example_dags/example_branch_datetime_operator.py for tasks to queue
[2024-07-31T12:28:45.572+0000] {logging_mixin.py:120} INFO - [2024-07-31T12:28:45.572+0000] {dagbag.py:537} INFO - Filling up the DagBag from /home/airflow/.local/lib/python3.7/site-packages/airflow/example_dags/example_branch_datetime_operator.py
[2024-07-31T12:28:45.604+0000] {processor.py:766} INFO - DAG(s) dict_keys(['example_branch_datetime_operator_2', 'example_branch_datetime_operator_3', 'example_branch_datetime_operator']) retrieved from /home/airflow/.local/lib/python3.7/site-packages/airflow/example_dags/example_branch_datetime_operator.py
[2024-07-31T12:28:45.665+0000] {logging_mixin.py:120} INFO - [2024-07-31T12:28:45.665+0000] {dag.py:2585} INFO - Sync 3 DAGs
[2024-07-31T12:28:45.692+0000] {logging_mixin.py:120} INFO - [2024-07-31T12:28:45.692+0000] {dag.py:3340} INFO - Setting next_dagrun for example_branch_datetime_operator to 2024-07-30T00:00:00+00:00, run_after=2024-07-31T00:00:00+00:00
[2024-07-31T12:28:45.698+0000] {logging_mixin.py:120} INFO - [2024-07-31T12:28:45.698+0000] {dag.py:3340} INFO - Setting next_dagrun for example_branch_datetime_operator_2 to 2024-07-30T00:00:00+00:00, run_after=2024-07-31T00:00:00+00:00
[2024-07-31T12:28:45.701+0000] {logging_mixin.py:120} INFO - [2024-07-31T12:28:45.701+0000] {dag.py:3340} INFO - Setting next_dagrun for example_branch_datetime_operator_3 to 2024-07-30T00:00:00+00:00, run_after=2024-07-31T00:00:00+00:00
[2024-07-31T12:28:45.727+0000] {processor.py:176} INFO - Processing /home/airflow/.local/lib/python3.7/site-packages/airflow/example_dags/example_branch_datetime_operator.py took 0.160 seconds
[2024-07-31T12:29:15.881+0000] {processor.py:154} INFO - Started process (PID=2015) to work on /home/airflow/.local/lib/python3.7/site-packages/airflow/example_dags/example_branch_datetime_operator.py
[2024-07-31T12:29:15.883+0000] {processor.py:756} INFO - Processing file /home/airflow/.local/lib/python3.7/site-packages/airflow/example_dags/example_branch_datetime_operator.py for tasks to queue
[2024-07-31T12:29:15.884+0000] {logging_mixin.py:120} INFO - [2024-07-31T12:29:15.884+0000] {dagbag.py:537} INFO - Filling up the DagBag from /home/airflow/.local/lib/python3.7/site-packages/airflow/example_dags/example_branch_datetime_operator.py
[2024-07-31T12:29:15.911+0000] {processor.py:766} INFO - DAG(s) dict_keys(['example_branch_datetime_operator_2', 'example_branch_datetime_operator', 'example_branch_datetime_operator_3']) retrieved from /home/airflow/.local/lib/python3.7/site-packages/airflow/example_dags/example_branch_datetime_operator.py
[2024-07-31T12:29:15.999+0000] {logging_mixin.py:120} INFO - [2024-07-31T12:29:15.999+0000] {dag.py:2585} INFO - Sync 3 DAGs
[2024-07-31T12:29:16.071+0000] {logging_mixin.py:120} INFO - [2024-07-31T12:29:16.071+0000] {dag.py:3340} INFO - Setting next_dagrun for example_branch_datetime_operator to 2024-07-30T00:00:00+00:00, run_after=2024-07-31T00:00:00+00:00
[2024-07-31T12:29:16.081+0000] {logging_mixin.py:120} INFO - [2024-07-31T12:29:16.081+0000] {dag.py:3340} INFO - Setting next_dagrun for example_branch_datetime_operator_2 to 2024-07-30T00:00:00+00:00, run_after=2024-07-31T00:00:00+00:00
[2024-07-31T12:29:16.086+0000] {logging_mixin.py:120} INFO - [2024-07-31T12:29:16.086+0000] {dag.py:3340} INFO - Setting next_dagrun for example_branch_datetime_operator_3 to 2024-07-30T00:00:00+00:00, run_after=2024-07-31T00:00:00+00:00
[2024-07-31T12:29:16.130+0000] {processor.py:176} INFO - Processing /home/airflow/.local/lib/python3.7/site-packages/airflow/example_dags/example_branch_datetime_operator.py took 0.255 seconds
[2024-07-31T12:29:46.757+0000] {processor.py:154} INFO - Started process (PID=2070) to work on /home/airflow/.local/lib/python3.7/site-packages/airflow/example_dags/example_branch_datetime_operator.py
[2024-07-31T12:29:46.759+0000] {processor.py:756} INFO - Processing file /home/airflow/.local/lib/python3.7/site-packages/airflow/example_dags/example_branch_datetime_operator.py for tasks to queue
[2024-07-31T12:29:46.760+0000] {logging_mixin.py:120} INFO - [2024-07-31T12:29:46.760+0000] {dagbag.py:537} INFO - Filling up the DagBag from /home/airflow/.local/lib/python3.7/site-packages/airflow/example_dags/example_branch_datetime_operator.py
[2024-07-31T12:29:46.781+0000] {processor.py:766} INFO - DAG(s) dict_keys(['example_branch_datetime_operator_2', 'example_branch_datetime_operator', 'example_branch_datetime_operator_3']) retrieved from /home/airflow/.local/lib/python3.7/site-packages/airflow/example_dags/example_branch_datetime_operator.py
[2024-07-31T12:29:46.855+0000] {logging_mixin.py:120} INFO - [2024-07-31T12:29:46.855+0000] {dag.py:2585} INFO - Sync 3 DAGs
[2024-07-31T12:29:46.887+0000] {logging_mixin.py:120} INFO - [2024-07-31T12:29:46.886+0000] {dag.py:3340} INFO - Setting next_dagrun for example_branch_datetime_operator to 2024-07-30T00:00:00+00:00, run_after=2024-07-31T00:00:00+00:00
[2024-07-31T12:29:46.892+0000] {logging_mixin.py:120} INFO - [2024-07-31T12:29:46.892+0000] {dag.py:3340} INFO - Setting next_dagrun for example_branch_datetime_operator_2 to 2024-07-30T00:00:00+00:00, run_after=2024-07-31T00:00:00+00:00
[2024-07-31T12:29:46.895+0000] {logging_mixin.py:120} INFO - [2024-07-31T12:29:46.895+0000] {dag.py:3340} INFO - Setting next_dagrun for example_branch_datetime_operator_3 to 2024-07-30T00:00:00+00:00, run_after=2024-07-31T00:00:00+00:00
[2024-07-31T12:29:46.918+0000] {processor.py:176} INFO - Processing /home/airflow/.local/lib/python3.7/site-packages/airflow/example_dags/example_branch_datetime_operator.py took 0.168 seconds
[2024-07-31T12:30:17.009+0000] {processor.py:154} INFO - Started process (PID=2133) to work on /home/airflow/.local/lib/python3.7/site-packages/airflow/example_dags/example_branch_datetime_operator.py
[2024-07-31T12:30:17.011+0000] {processor.py:756} INFO - Processing file /home/airflow/.local/lib/python3.7/site-packages/airflow/example_dags/example_branch_datetime_operator.py for tasks to queue
[2024-07-31T12:30:17.012+0000] {logging_mixin.py:120} INFO - [2024-07-31T12:30:17.012+0000] {dagbag.py:537} INFO - Filling up the DagBag from /home/airflow/.local/lib/python3.7/site-packages/airflow/example_dags/example_branch_datetime_operator.py
[2024-07-31T12:30:17.033+0000] {processor.py:766} INFO - DAG(s) dict_keys(['example_branch_datetime_operator', 'example_branch_datetime_operator_2', 'example_branch_datetime_operator_3']) retrieved from /home/airflow/.local/lib/python3.7/site-packages/airflow/example_dags/example_branch_datetime_operator.py
[2024-07-31T12:30:17.090+0000] {logging_mixin.py:120} INFO - [2024-07-31T12:30:17.090+0000] {dag.py:2585} INFO - Sync 3 DAGs
[2024-07-31T12:30:17.114+0000] {logging_mixin.py:120} INFO - [2024-07-31T12:30:17.114+0000] {dag.py:3340} INFO - Setting next_dagrun for example_branch_datetime_operator to 2024-07-30T00:00:00+00:00, run_after=2024-07-31T00:00:00+00:00
[2024-07-31T12:30:17.119+0000] {logging_mixin.py:120} INFO - [2024-07-31T12:30:17.119+0000] {dag.py:3340} INFO - Setting next_dagrun for example_branch_datetime_operator_2 to 2024-07-30T00:00:00+00:00, run_after=2024-07-31T00:00:00+00:00
[2024-07-31T12:30:17.122+0000] {logging_mixin.py:120} INFO - [2024-07-31T12:30:17.122+0000] {dag.py:3340} INFO - Setting next_dagrun for example_branch_datetime_operator_3 to 2024-07-30T00:00:00+00:00, run_after=2024-07-31T00:00:00+00:00
[2024-07-31T12:30:17.145+0000] {processor.py:176} INFO - Processing /home/airflow/.local/lib/python3.7/site-packages/airflow/example_dags/example_branch_datetime_operator.py took 0.140 seconds
[2024-07-31T12:30:47.438+0000] {processor.py:154} INFO - Started process (PID=2187) to work on /home/airflow/.local/lib/python3.7/site-packages/airflow/example_dags/example_branch_datetime_operator.py
[2024-07-31T12:30:47.440+0000] {processor.py:756} INFO - Processing file /home/airflow/.local/lib/python3.7/site-packages/airflow/example_dags/example_branch_datetime_operator.py for tasks to queue
[2024-07-31T12:30:47.442+0000] {logging_mixin.py:120} INFO - [2024-07-31T12:30:47.442+0000] {dagbag.py:537} INFO - Filling up the DagBag from /home/airflow/.local/lib/python3.7/site-packages/airflow/example_dags/example_branch_datetime_operator.py
[2024-07-31T12:30:47.464+0000] {processor.py:766} INFO - DAG(s) dict_keys(['example_branch_datetime_operator', 'example_branch_datetime_operator_3', 'example_branch_datetime_operator_2']) retrieved from /home/airflow/.local/lib/python3.7/site-packages/airflow/example_dags/example_branch_datetime_operator.py
[2024-07-31T12:30:47.512+0000] {logging_mixin.py:120} INFO - [2024-07-31T12:30:47.512+0000] {dag.py:2585} INFO - Sync 3 DAGs
[2024-07-31T12:30:47.555+0000] {logging_mixin.py:120} INFO - [2024-07-31T12:30:47.554+0000] {dag.py:3340} INFO - Setting next_dagrun for example_branch_datetime_operator to 2024-07-30T00:00:00+00:00, run_after=2024-07-31T00:00:00+00:00
[2024-07-31T12:30:47.560+0000] {logging_mixin.py:120} INFO - [2024-07-31T12:30:47.560+0000] {dag.py:3340} INFO - Setting next_dagrun for example_branch_datetime_operator_2 to 2024-07-30T00:00:00+00:00, run_after=2024-07-31T00:00:00+00:00
[2024-07-31T12:30:47.564+0000] {logging_mixin.py:120} INFO - [2024-07-31T12:30:47.564+0000] {dag.py:3340} INFO - Setting next_dagrun for example_branch_datetime_operator_3 to 2024-07-30T00:00:00+00:00, run_after=2024-07-31T00:00:00+00:00
[2024-07-31T12:30:47.587+0000] {processor.py:176} INFO - Processing /home/airflow/.local/lib/python3.7/site-packages/airflow/example_dags/example_branch_datetime_operator.py took 0.153 seconds
[2024-07-31T12:31:18.412+0000] {processor.py:154} INFO - Started process (PID=2249) to work on /home/airflow/.local/lib/python3.7/site-packages/airflow/example_dags/example_branch_datetime_operator.py
[2024-07-31T12:31:18.413+0000] {processor.py:756} INFO - Processing file /home/airflow/.local/lib/python3.7/site-packages/airflow/example_dags/example_branch_datetime_operator.py for tasks to queue
[2024-07-31T12:31:18.415+0000] {logging_mixin.py:120} INFO - [2024-07-31T12:31:18.415+0000] {dagbag.py:537} INFO - Filling up the DagBag from /home/airflow/.local/lib/python3.7/site-packages/airflow/example_dags/example_branch_datetime_operator.py
[2024-07-31T12:31:18.436+0000] {processor.py:766} INFO - DAG(s) dict_keys(['example_branch_datetime_operator', 'example_branch_datetime_operator_2', 'example_branch_datetime_operator_3']) retrieved from /home/airflow/.local/lib/python3.7/site-packages/airflow/example_dags/example_branch_datetime_operator.py
[2024-07-31T12:31:18.495+0000] {logging_mixin.py:120} INFO - [2024-07-31T12:31:18.495+0000] {dag.py:2585} INFO - Sync 3 DAGs
[2024-07-31T12:31:18.528+0000] {logging_mixin.py:120} INFO - [2024-07-31T12:31:18.527+0000] {dag.py:3340} INFO - Setting next_dagrun for example_branch_datetime_operator to 2024-07-30T00:00:00+00:00, run_after=2024-07-31T00:00:00+00:00
[2024-07-31T12:31:18.539+0000] {logging_mixin.py:120} INFO - [2024-07-31T12:31:18.539+0000] {dag.py:3340} INFO - Setting next_dagrun for example_branch_datetime_operator_2 to 2024-07-30T00:00:00+00:00, run_after=2024-07-31T00:00:00+00:00
[2024-07-31T12:31:18.542+0000] {logging_mixin.py:120} INFO - [2024-07-31T12:31:18.542+0000] {dag.py:3340} INFO - Setting next_dagrun for example_branch_datetime_operator_3 to 2024-07-30T00:00:00+00:00, run_after=2024-07-31T00:00:00+00:00
[2024-07-31T12:31:18.565+0000] {processor.py:176} INFO - Processing /home/airflow/.local/lib/python3.7/site-packages/airflow/example_dags/example_branch_datetime_operator.py took 0.158 seconds
[2024-07-31T12:31:49.697+0000] {processor.py:154} INFO - Started process (PID=2313) to work on /home/airflow/.local/lib/python3.7/site-packages/airflow/example_dags/example_branch_datetime_operator.py
[2024-07-31T12:31:49.784+0000] {processor.py:756} INFO - Processing file /home/airflow/.local/lib/python3.7/site-packages/airflow/example_dags/example_branch_datetime_operator.py for tasks to queue
[2024-07-31T12:31:49.917+0000] {logging_mixin.py:120} INFO - [2024-07-31T12:31:49.917+0000] {dagbag.py:537} INFO - Filling up the DagBag from /home/airflow/.local/lib/python3.7/site-packages/airflow/example_dags/example_branch_datetime_operator.py
[2024-07-31T12:31:49.959+0000] {processor.py:766} INFO - DAG(s) dict_keys(['example_branch_datetime_operator', 'example_branch_datetime_operator_3', 'example_branch_datetime_operator_2']) retrieved from /home/airflow/.local/lib/python3.7/site-packages/airflow/example_dags/example_branch_datetime_operator.py
[2024-07-31T12:31:50.085+0000] {logging_mixin.py:120} INFO - [2024-07-31T12:31:50.085+0000] {dag.py:2585} INFO - Sync 3 DAGs
[2024-07-31T12:31:50.145+0000] {logging_mixin.py:120} INFO - [2024-07-31T12:31:50.145+0000] {dag.py:3340} INFO - Setting next_dagrun for example_branch_datetime_operator to 2024-07-30T00:00:00+00:00, run_after=2024-07-31T00:00:00+00:00
[2024-07-31T12:31:50.168+0000] {logging_mixin.py:120} INFO - [2024-07-31T12:31:50.168+0000] {dag.py:3340} INFO - Setting next_dagrun for example_branch_datetime_operator_2 to 2024-07-30T00:00:00+00:00, run_after=2024-07-31T00:00:00+00:00
[2024-07-31T12:31:50.188+0000] {logging_mixin.py:120} INFO - [2024-07-31T12:31:50.188+0000] {dag.py:3340} INFO - Setting next_dagrun for example_branch_datetime_operator_3 to 2024-07-30T00:00:00+00:00, run_after=2024-07-31T00:00:00+00:00
[2024-07-31T12:31:50.351+0000] {processor.py:176} INFO - Processing /home/airflow/.local/lib/python3.7/site-packages/airflow/example_dags/example_branch_datetime_operator.py took 0.657 seconds
[2024-07-31T12:32:21.130+0000] {processor.py:154} INFO - Started process (PID=2367) to work on /home/airflow/.local/lib/python3.7/site-packages/airflow/example_dags/example_branch_datetime_operator.py
[2024-07-31T12:32:21.132+0000] {processor.py:756} INFO - Processing file /home/airflow/.local/lib/python3.7/site-packages/airflow/example_dags/example_branch_datetime_operator.py for tasks to queue
[2024-07-31T12:32:21.134+0000] {logging_mixin.py:120} INFO - [2024-07-31T12:32:21.133+0000] {dagbag.py:537} INFO - Filling up the DagBag from /home/airflow/.local/lib/python3.7/site-packages/airflow/example_dags/example_branch_datetime_operator.py
[2024-07-31T12:32:21.163+0000] {processor.py:766} INFO - DAG(s) dict_keys(['example_branch_datetime_operator_2', 'example_branch_datetime_operator', 'example_branch_datetime_operator_3']) retrieved from /home/airflow/.local/lib/python3.7/site-packages/airflow/example_dags/example_branch_datetime_operator.py
[2024-07-31T12:32:21.313+0000] {logging_mixin.py:120} INFO - [2024-07-31T12:32:21.313+0000] {dag.py:2585} INFO - Sync 3 DAGs
[2024-07-31T12:32:21.352+0000] {logging_mixin.py:120} INFO - [2024-07-31T12:32:21.352+0000] {dag.py:3340} INFO - Setting next_dagrun for example_branch_datetime_operator to 2024-07-30T00:00:00+00:00, run_after=2024-07-31T00:00:00+00:00
[2024-07-31T12:32:21.358+0000] {logging_mixin.py:120} INFO - [2024-07-31T12:32:21.358+0000] {dag.py:3340} INFO - Setting next_dagrun for example_branch_datetime_operator_2 to 2024-07-30T00:00:00+00:00, run_after=2024-07-31T00:00:00+00:00
[2024-07-31T12:32:21.362+0000] {logging_mixin.py:120} INFO - [2024-07-31T12:32:21.362+0000] {dag.py:3340} INFO - Setting next_dagrun for example_branch_datetime_operator_3 to 2024-07-30T00:00:00+00:00, run_after=2024-07-31T00:00:00+00:00
[2024-07-31T12:32:21.385+0000] {processor.py:176} INFO - Processing /home/airflow/.local/lib/python3.7/site-packages/airflow/example_dags/example_branch_datetime_operator.py took 0.259 seconds
[2024-07-31T12:32:52.649+0000] {processor.py:154} INFO - Started process (PID=2430) to work on /home/airflow/.local/lib/python3.7/site-packages/airflow/example_dags/example_branch_datetime_operator.py
[2024-07-31T12:32:52.652+0000] {processor.py:756} INFO - Processing file /home/airflow/.local/lib/python3.7/site-packages/airflow/example_dags/example_branch_datetime_operator.py for tasks to queue
[2024-07-31T12:32:52.653+0000] {logging_mixin.py:120} INFO - [2024-07-31T12:32:52.653+0000] {dagbag.py:537} INFO - Filling up the DagBag from /home/airflow/.local/lib/python3.7/site-packages/airflow/example_dags/example_branch_datetime_operator.py
[2024-07-31T12:32:52.674+0000] {processor.py:766} INFO - DAG(s) dict_keys(['example_branch_datetime_operator', 'example_branch_datetime_operator_3', 'example_branch_datetime_operator_2']) retrieved from /home/airflow/.local/lib/python3.7/site-packages/airflow/example_dags/example_branch_datetime_operator.py
[2024-07-31T12:32:52.735+0000] {logging_mixin.py:120} INFO - [2024-07-31T12:32:52.735+0000] {dag.py:2585} INFO - Sync 3 DAGs
[2024-07-31T12:32:52.932+0000] {logging_mixin.py:120} INFO - [2024-07-31T12:32:52.932+0000] {dag.py:3340} INFO - Setting next_dagrun for example_branch_datetime_operator to 2024-07-30T00:00:00+00:00, run_after=2024-07-31T00:00:00+00:00
[2024-07-31T12:32:53.021+0000] {logging_mixin.py:120} INFO - [2024-07-31T12:32:53.021+0000] {dag.py:3340} INFO - Setting next_dagrun for example_branch_datetime_operator_2 to 2024-07-30T00:00:00+00:00, run_after=2024-07-31T00:00:00+00:00
[2024-07-31T12:32:53.037+0000] {logging_mixin.py:120} INFO - [2024-07-31T12:32:53.036+0000] {dag.py:3340} INFO - Setting next_dagrun for example_branch_datetime_operator_3 to 2024-07-30T00:00:00+00:00, run_after=2024-07-31T00:00:00+00:00
[2024-07-31T12:32:53.414+0000] {processor.py:176} INFO - Processing /home/airflow/.local/lib/python3.7/site-packages/airflow/example_dags/example_branch_datetime_operator.py took 0.769 seconds
[2024-07-31T12:33:24.261+0000] {processor.py:154} INFO - Started process (PID=2493) to work on /home/airflow/.local/lib/python3.7/site-packages/airflow/example_dags/example_branch_datetime_operator.py
[2024-07-31T12:33:24.268+0000] {processor.py:756} INFO - Processing file /home/airflow/.local/lib/python3.7/site-packages/airflow/example_dags/example_branch_datetime_operator.py for tasks to queue
[2024-07-31T12:33:24.274+0000] {logging_mixin.py:120} INFO - [2024-07-31T12:33:24.274+0000] {dagbag.py:537} INFO - Filling up the DagBag from /home/airflow/.local/lib/python3.7/site-packages/airflow/example_dags/example_branch_datetime_operator.py
[2024-07-31T12:33:24.341+0000] {processor.py:766} INFO - DAG(s) dict_keys(['example_branch_datetime_operator', 'example_branch_datetime_operator_3', 'example_branch_datetime_operator_2']) retrieved from /home/airflow/.local/lib/python3.7/site-packages/airflow/example_dags/example_branch_datetime_operator.py
[2024-07-31T12:33:24.449+0000] {logging_mixin.py:120} INFO - [2024-07-31T12:33:24.449+0000] {dag.py:2585} INFO - Sync 3 DAGs
[2024-07-31T12:33:24.491+0000] {logging_mixin.py:120} INFO - [2024-07-31T12:33:24.490+0000] {dag.py:3340} INFO - Setting next_dagrun for example_branch_datetime_operator to 2024-07-30T00:00:00+00:00, run_after=2024-07-31T00:00:00+00:00
[2024-07-31T12:33:24.500+0000] {logging_mixin.py:120} INFO - [2024-07-31T12:33:24.500+0000] {dag.py:3340} INFO - Setting next_dagrun for example_branch_datetime_operator_2 to 2024-07-30T00:00:00+00:00, run_after=2024-07-31T00:00:00+00:00
[2024-07-31T12:33:24.505+0000] {logging_mixin.py:120} INFO - [2024-07-31T12:33:24.505+0000] {dag.py:3340} INFO - Setting next_dagrun for example_branch_datetime_operator_3 to 2024-07-30T00:00:00+00:00, run_after=2024-07-31T00:00:00+00:00
[2024-07-31T12:33:24.539+0000] {processor.py:176} INFO - Processing /home/airflow/.local/lib/python3.7/site-packages/airflow/example_dags/example_branch_datetime_operator.py took 0.281 seconds
[2024-07-31T12:33:55.511+0000] {processor.py:154} INFO - Started process (PID=2547) to work on /home/airflow/.local/lib/python3.7/site-packages/airflow/example_dags/example_branch_datetime_operator.py
[2024-07-31T12:33:55.513+0000] {processor.py:756} INFO - Processing file /home/airflow/.local/lib/python3.7/site-packages/airflow/example_dags/example_branch_datetime_operator.py for tasks to queue
[2024-07-31T12:33:55.516+0000] {logging_mixin.py:120} INFO - [2024-07-31T12:33:55.516+0000] {dagbag.py:537} INFO - Filling up the DagBag from /home/airflow/.local/lib/python3.7/site-packages/airflow/example_dags/example_branch_datetime_operator.py
[2024-07-31T12:33:55.536+0000] {processor.py:766} INFO - DAG(s) dict_keys(['example_branch_datetime_operator_2', 'example_branch_datetime_operator', 'example_branch_datetime_operator_3']) retrieved from /home/airflow/.local/lib/python3.7/site-packages/airflow/example_dags/example_branch_datetime_operator.py
[2024-07-31T12:33:55.590+0000] {logging_mixin.py:120} INFO - [2024-07-31T12:33:55.590+0000] {dag.py:2585} INFO - Sync 3 DAGs
[2024-07-31T12:33:55.670+0000] {logging_mixin.py:120} INFO - [2024-07-31T12:33:55.670+0000] {dag.py:3340} INFO - Setting next_dagrun for example_branch_datetime_operator to 2024-07-30T00:00:00+00:00, run_after=2024-07-31T00:00:00+00:00
[2024-07-31T12:33:55.715+0000] {logging_mixin.py:120} INFO - [2024-07-31T12:33:55.715+0000] {dag.py:3340} INFO - Setting next_dagrun for example_branch_datetime_operator_2 to 2024-07-30T00:00:00+00:00, run_after=2024-07-31T00:00:00+00:00
[2024-07-31T12:33:55.761+0000] {logging_mixin.py:120} INFO - [2024-07-31T12:33:55.761+0000] {dag.py:3340} INFO - Setting next_dagrun for example_branch_datetime_operator_3 to 2024-07-30T00:00:00+00:00, run_after=2024-07-31T00:00:00+00:00
[2024-07-31T12:33:55.826+0000] {processor.py:176} INFO - Processing /home/airflow/.local/lib/python3.7/site-packages/airflow/example_dags/example_branch_datetime_operator.py took 0.336 seconds
[2024-07-31T12:34:26.604+0000] {processor.py:154} INFO - Started process (PID=2611) to work on /home/airflow/.local/lib/python3.7/site-packages/airflow/example_dags/example_branch_datetime_operator.py
[2024-07-31T12:34:26.605+0000] {processor.py:756} INFO - Processing file /home/airflow/.local/lib/python3.7/site-packages/airflow/example_dags/example_branch_datetime_operator.py for tasks to queue
[2024-07-31T12:34:26.606+0000] {logging_mixin.py:120} INFO - [2024-07-31T12:34:26.606+0000] {dagbag.py:537} INFO - Filling up the DagBag from /home/airflow/.local/lib/python3.7/site-packages/airflow/example_dags/example_branch_datetime_operator.py
[2024-07-31T12:34:26.628+0000] {processor.py:766} INFO - DAG(s) dict_keys(['example_branch_datetime_operator', 'example_branch_datetime_operator_2', 'example_branch_datetime_operator_3']) retrieved from /home/airflow/.local/lib/python3.7/site-packages/airflow/example_dags/example_branch_datetime_operator.py
[2024-07-31T12:34:26.677+0000] {logging_mixin.py:120} INFO - [2024-07-31T12:34:26.677+0000] {dag.py:2585} INFO - Sync 3 DAGs
[2024-07-31T12:34:26.727+0000] {logging_mixin.py:120} INFO - [2024-07-31T12:34:26.727+0000] {dag.py:3340} INFO - Setting next_dagrun for example_branch_datetime_operator to 2024-07-30T00:00:00+00:00, run_after=2024-07-31T00:00:00+00:00
[2024-07-31T12:34:26.802+0000] {logging_mixin.py:120} INFO - [2024-07-31T12:34:26.802+0000] {dag.py:3340} INFO - Setting next_dagrun for example_branch_datetime_operator_2 to 2024-07-30T00:00:00+00:00, run_after=2024-07-31T00:00:00+00:00
[2024-07-31T12:34:26.814+0000] {logging_mixin.py:120} INFO - [2024-07-31T12:34:26.814+0000] {dag.py:3340} INFO - Setting next_dagrun for example_branch_datetime_operator_3 to 2024-07-30T00:00:00+00:00, run_after=2024-07-31T00:00:00+00:00
[2024-07-31T12:34:26.856+0000] {processor.py:176} INFO - Processing /home/airflow/.local/lib/python3.7/site-packages/airflow/example_dags/example_branch_datetime_operator.py took 0.256 seconds
[2024-07-31T12:34:57.379+0000] {processor.py:154} INFO - Started process (PID=2674) to work on /home/airflow/.local/lib/python3.7/site-packages/airflow/example_dags/example_branch_datetime_operator.py
[2024-07-31T12:34:57.380+0000] {processor.py:756} INFO - Processing file /home/airflow/.local/lib/python3.7/site-packages/airflow/example_dags/example_branch_datetime_operator.py for tasks to queue
[2024-07-31T12:34:57.384+0000] {logging_mixin.py:120} INFO - [2024-07-31T12:34:57.384+0000] {dagbag.py:537} INFO - Filling up the DagBag from /home/airflow/.local/lib/python3.7/site-packages/airflow/example_dags/example_branch_datetime_operator.py
[2024-07-31T12:34:57.406+0000] {processor.py:766} INFO - DAG(s) dict_keys(['example_branch_datetime_operator', 'example_branch_datetime_operator_3', 'example_branch_datetime_operator_2']) retrieved from /home/airflow/.local/lib/python3.7/site-packages/airflow/example_dags/example_branch_datetime_operator.py
[2024-07-31T12:34:57.473+0000] {logging_mixin.py:120} INFO - [2024-07-31T12:34:57.473+0000] {dag.py:2585} INFO - Sync 3 DAGs
[2024-07-31T12:34:57.516+0000] {logging_mixin.py:120} INFO - [2024-07-31T12:34:57.515+0000] {dag.py:3340} INFO - Setting next_dagrun for example_branch_datetime_operator to 2024-07-30T00:00:00+00:00, run_after=2024-07-31T00:00:00+00:00
[2024-07-31T12:34:57.522+0000] {logging_mixin.py:120} INFO - [2024-07-31T12:34:57.522+0000] {dag.py:3340} INFO - Setting next_dagrun for example_branch_datetime_operator_2 to 2024-07-30T00:00:00+00:00, run_after=2024-07-31T00:00:00+00:00
[2024-07-31T12:34:57.526+0000] {logging_mixin.py:120} INFO - [2024-07-31T12:34:57.525+0000] {dag.py:3340} INFO - Setting next_dagrun for example_branch_datetime_operator_3 to 2024-07-30T00:00:00+00:00, run_after=2024-07-31T00:00:00+00:00
[2024-07-31T12:34:57.547+0000] {processor.py:176} INFO - Processing /home/airflow/.local/lib/python3.7/site-packages/airflow/example_dags/example_branch_datetime_operator.py took 0.172 seconds
[2024-07-31T12:35:27.872+0000] {processor.py:154} INFO - Started process (PID=2727) to work on /home/airflow/.local/lib/python3.7/site-packages/airflow/example_dags/example_branch_datetime_operator.py
[2024-07-31T12:35:27.874+0000] {processor.py:756} INFO - Processing file /home/airflow/.local/lib/python3.7/site-packages/airflow/example_dags/example_branch_datetime_operator.py for tasks to queue
[2024-07-31T12:35:27.875+0000] {logging_mixin.py:120} INFO - [2024-07-31T12:35:27.875+0000] {dagbag.py:537} INFO - Filling up the DagBag from /home/airflow/.local/lib/python3.7/site-packages/airflow/example_dags/example_branch_datetime_operator.py
[2024-07-31T12:35:27.911+0000] {processor.py:766} INFO - DAG(s) dict_keys(['example_branch_datetime_operator', 'example_branch_datetime_operator_3', 'example_branch_datetime_operator_2']) retrieved from /home/airflow/.local/lib/python3.7/site-packages/airflow/example_dags/example_branch_datetime_operator.py
[2024-07-31T12:35:27.972+0000] {logging_mixin.py:120} INFO - [2024-07-31T12:35:27.971+0000] {dag.py:2585} INFO - Sync 3 DAGs
[2024-07-31T12:35:28.038+0000] {logging_mixin.py:120} INFO - [2024-07-31T12:35:28.037+0000] {dag.py:3340} INFO - Setting next_dagrun for example_branch_datetime_operator to 2024-07-30T00:00:00+00:00, run_after=2024-07-31T00:00:00+00:00
[2024-07-31T12:35:28.052+0000] {logging_mixin.py:120} INFO - [2024-07-31T12:35:28.051+0000] {dag.py:3340} INFO - Setting next_dagrun for example_branch_datetime_operator_2 to 2024-07-30T00:00:00+00:00, run_after=2024-07-31T00:00:00+00:00
[2024-07-31T12:35:28.055+0000] {logging_mixin.py:120} INFO - [2024-07-31T12:35:28.055+0000] {dag.py:3340} INFO - Setting next_dagrun for example_branch_datetime_operator_3 to 2024-07-30T00:00:00+00:00, run_after=2024-07-31T00:00:00+00:00
[2024-07-31T12:35:28.095+0000] {processor.py:176} INFO - Processing /home/airflow/.local/lib/python3.7/site-packages/airflow/example_dags/example_branch_datetime_operator.py took 0.227 seconds
[2024-07-31T12:35:58.714+0000] {processor.py:154} INFO - Started process (PID=2790) to work on /home/airflow/.local/lib/python3.7/site-packages/airflow/example_dags/example_branch_datetime_operator.py
[2024-07-31T12:35:58.782+0000] {processor.py:756} INFO - Processing file /home/airflow/.local/lib/python3.7/site-packages/airflow/example_dags/example_branch_datetime_operator.py for tasks to queue
[2024-07-31T12:35:58.790+0000] {logging_mixin.py:120} INFO - [2024-07-31T12:35:58.790+0000] {dagbag.py:537} INFO - Filling up the DagBag from /home/airflow/.local/lib/python3.7/site-packages/airflow/example_dags/example_branch_datetime_operator.py
[2024-07-31T12:35:58.850+0000] {processor.py:766} INFO - DAG(s) dict_keys(['example_branch_datetime_operator_3', 'example_branch_datetime_operator_2', 'example_branch_datetime_operator']) retrieved from /home/airflow/.local/lib/python3.7/site-packages/airflow/example_dags/example_branch_datetime_operator.py
[2024-07-31T12:35:58.903+0000] {logging_mixin.py:120} INFO - [2024-07-31T12:35:58.903+0000] {dag.py:2585} INFO - Sync 3 DAGs
[2024-07-31T12:35:58.987+0000] {logging_mixin.py:120} INFO - [2024-07-31T12:35:58.987+0000] {dag.py:3340} INFO - Setting next_dagrun for example_branch_datetime_operator to 2024-07-30T00:00:00+00:00, run_after=2024-07-31T00:00:00+00:00
[2024-07-31T12:35:59.060+0000] {logging_mixin.py:120} INFO - [2024-07-31T12:35:59.059+0000] {dag.py:3340} INFO - Setting next_dagrun for example_branch_datetime_operator_2 to 2024-07-30T00:00:00+00:00, run_after=2024-07-31T00:00:00+00:00
[2024-07-31T12:35:59.075+0000] {logging_mixin.py:120} INFO - [2024-07-31T12:35:59.074+0000] {dag.py:3340} INFO - Setting next_dagrun for example_branch_datetime_operator_3 to 2024-07-30T00:00:00+00:00, run_after=2024-07-31T00:00:00+00:00
[2024-07-31T12:35:59.119+0000] {processor.py:176} INFO - Processing /home/airflow/.local/lib/python3.7/site-packages/airflow/example_dags/example_branch_datetime_operator.py took 0.408 seconds
[2024-07-31T12:36:30.813+0000] {processor.py:154} INFO - Started process (PID=2845) to work on /home/airflow/.local/lib/python3.7/site-packages/airflow/example_dags/example_branch_datetime_operator.py
[2024-07-31T12:36:30.816+0000] {processor.py:756} INFO - Processing file /home/airflow/.local/lib/python3.7/site-packages/airflow/example_dags/example_branch_datetime_operator.py for tasks to queue
[2024-07-31T12:36:30.827+0000] {logging_mixin.py:120} INFO - [2024-07-31T12:36:30.826+0000] {dagbag.py:537} INFO - Filling up the DagBag from /home/airflow/.local/lib/python3.7/site-packages/airflow/example_dags/example_branch_datetime_operator.py
[2024-07-31T12:36:30.871+0000] {processor.py:766} INFO - DAG(s) dict_keys(['example_branch_datetime_operator', 'example_branch_datetime_operator_2', 'example_branch_datetime_operator_3']) retrieved from /home/airflow/.local/lib/python3.7/site-packages/airflow/example_dags/example_branch_datetime_operator.py
[2024-07-31T12:36:30.982+0000] {logging_mixin.py:120} INFO - [2024-07-31T12:36:30.982+0000] {dag.py:2585} INFO - Sync 3 DAGs
[2024-07-31T12:36:31.035+0000] {logging_mixin.py:120} INFO - [2024-07-31T12:36:31.035+0000] {dag.py:3340} INFO - Setting next_dagrun for example_branch_datetime_operator to 2024-07-30T00:00:00+00:00, run_after=2024-07-31T00:00:00+00:00
[2024-07-31T12:36:31.046+0000] {logging_mixin.py:120} INFO - [2024-07-31T12:36:31.045+0000] {dag.py:3340} INFO - Setting next_dagrun for example_branch_datetime_operator_2 to 2024-07-30T00:00:00+00:00, run_after=2024-07-31T00:00:00+00:00
[2024-07-31T12:36:31.051+0000] {logging_mixin.py:120} INFO - [2024-07-31T12:36:31.051+0000] {dag.py:3340} INFO - Setting next_dagrun for example_branch_datetime_operator_3 to 2024-07-30T00:00:00+00:00, run_after=2024-07-31T00:00:00+00:00
[2024-07-31T12:36:31.095+0000] {processor.py:176} INFO - Processing /home/airflow/.local/lib/python3.7/site-packages/airflow/example_dags/example_branch_datetime_operator.py took 0.286 seconds
