[2024-07-31T12:12:21.022+0000] {processor.py:154} INFO - Started process (PID=63) to work on /home/airflow/.local/lib/python3.7/site-packages/airflow/example_dags/example_skip_dag.py
[2024-07-31T12:12:21.025+0000] {processor.py:756} INFO - Processing file /home/airflow/.local/lib/python3.7/site-packages/airflow/example_dags/example_skip_dag.py for tasks to queue
[2024-07-31T12:12:21.028+0000] {logging_mixin.py:120} INFO - [2024-07-31T12:12:21.028+0000] {dagbag.py:537} INFO - Filling up the DagBag from /home/airflow/.local/lib/python3.7/site-packages/airflow/example_dags/example_skip_dag.py
[2024-07-31T12:12:21.069+0000] {processor.py:766} INFO - DAG(s) dict_keys(['example_skip_dag']) retrieved from /home/airflow/.local/lib/python3.7/site-packages/airflow/example_dags/example_skip_dag.py
[2024-07-31T12:12:21.537+0000] {logging_mixin.py:120} INFO - [2024-07-31T12:12:21.536+0000] {manager.py:507} INFO - Created Permission View: can read on DAG:example_skip_dag
[2024-07-31T12:12:21.573+0000] {logging_mixin.py:120} INFO - [2024-07-31T12:12:21.572+0000] {manager.py:507} INFO - Created Permission View: can delete on DAG:example_skip_dag
[2024-07-31T12:12:21.615+0000] {logging_mixin.py:120} INFO - [2024-07-31T12:12:21.615+0000] {manager.py:507} INFO - Created Permission View: can edit on DAG:example_skip_dag
[2024-07-31T12:12:21.617+0000] {logging_mixin.py:120} INFO - [2024-07-31T12:12:21.616+0000] {dag.py:2585} INFO - Sync 1 DAGs
[2024-07-31T12:12:21.655+0000] {logging_mixin.py:120} INFO - [2024-07-31T12:12:21.654+0000] {dag.py:2606} INFO - Creating ORM DAG for example_skip_dag
[2024-07-31T12:12:21.699+0000] {logging_mixin.py:120} INFO - [2024-07-31T12:12:21.698+0000] {dag.py:3340} INFO - Setting next_dagrun for example_skip_dag to 2024-07-30T12:12:21.698048+00:00, run_after=2024-07-31T12:12:21.698048+00:00
[2024-07-31T12:12:21.811+0000] {processor.py:176} INFO - Processing /home/airflow/.local/lib/python3.7/site-packages/airflow/example_dags/example_skip_dag.py took 0.797 seconds
[2024-07-31T12:12:51.963+0000] {processor.py:154} INFO - Started process (PID=126) to work on /home/airflow/.local/lib/python3.7/site-packages/airflow/example_dags/example_skip_dag.py
[2024-07-31T12:12:51.965+0000] {processor.py:756} INFO - Processing file /home/airflow/.local/lib/python3.7/site-packages/airflow/example_dags/example_skip_dag.py for tasks to queue
[2024-07-31T12:12:51.966+0000] {logging_mixin.py:120} INFO - [2024-07-31T12:12:51.966+0000] {dagbag.py:537} INFO - Filling up the DagBag from /home/airflow/.local/lib/python3.7/site-packages/airflow/example_dags/example_skip_dag.py
[2024-07-31T12:12:51.985+0000] {processor.py:766} INFO - DAG(s) dict_keys(['example_skip_dag']) retrieved from /home/airflow/.local/lib/python3.7/site-packages/airflow/example_dags/example_skip_dag.py
[2024-07-31T12:12:52.026+0000] {logging_mixin.py:120} INFO - [2024-07-31T12:12:52.025+0000] {dag.py:2585} INFO - Sync 1 DAGs
[2024-07-31T12:12:52.067+0000] {logging_mixin.py:120} INFO - [2024-07-31T12:12:52.066+0000] {dag.py:3340} INFO - Setting next_dagrun for example_skip_dag to 2024-07-30T12:12:52.066540+00:00, run_after=2024-07-31T12:12:52.066540+00:00
[2024-07-31T12:12:52.101+0000] {processor.py:176} INFO - Processing /home/airflow/.local/lib/python3.7/site-packages/airflow/example_dags/example_skip_dag.py took 0.142 seconds
[2024-07-31T12:13:22.654+0000] {processor.py:154} INFO - Started process (PID=181) to work on /home/airflow/.local/lib/python3.7/site-packages/airflow/example_dags/example_skip_dag.py
[2024-07-31T12:13:22.655+0000] {processor.py:756} INFO - Processing file /home/airflow/.local/lib/python3.7/site-packages/airflow/example_dags/example_skip_dag.py for tasks to queue
[2024-07-31T12:13:22.656+0000] {logging_mixin.py:120} INFO - [2024-07-31T12:13:22.656+0000] {dagbag.py:537} INFO - Filling up the DagBag from /home/airflow/.local/lib/python3.7/site-packages/airflow/example_dags/example_skip_dag.py
[2024-07-31T12:13:22.674+0000] {processor.py:766} INFO - DAG(s) dict_keys(['example_skip_dag']) retrieved from /home/airflow/.local/lib/python3.7/site-packages/airflow/example_dags/example_skip_dag.py
[2024-07-31T12:13:22.791+0000] {logging_mixin.py:120} INFO - [2024-07-31T12:13:22.791+0000] {dag.py:2585} INFO - Sync 1 DAGs
[2024-07-31T12:13:22.821+0000] {logging_mixin.py:120} INFO - [2024-07-31T12:13:22.821+0000] {dag.py:3340} INFO - Setting next_dagrun for example_skip_dag to 2024-07-30T12:13:22.821153+00:00, run_after=2024-07-31T12:13:22.821153+00:00
[2024-07-31T12:13:22.843+0000] {processor.py:176} INFO - Processing /home/airflow/.local/lib/python3.7/site-packages/airflow/example_dags/example_skip_dag.py took 0.193 seconds
[2024-07-31T12:13:53.863+0000] {processor.py:154} INFO - Started process (PID=244) to work on /home/airflow/.local/lib/python3.7/site-packages/airflow/example_dags/example_skip_dag.py
[2024-07-31T12:13:53.890+0000] {processor.py:756} INFO - Processing file /home/airflow/.local/lib/python3.7/site-packages/airflow/example_dags/example_skip_dag.py for tasks to queue
[2024-07-31T12:13:53.893+0000] {logging_mixin.py:120} INFO - [2024-07-31T12:13:53.893+0000] {dagbag.py:537} INFO - Filling up the DagBag from /home/airflow/.local/lib/python3.7/site-packages/airflow/example_dags/example_skip_dag.py
[2024-07-31T12:13:53.920+0000] {processor.py:766} INFO - DAG(s) dict_keys(['example_skip_dag']) retrieved from /home/airflow/.local/lib/python3.7/site-packages/airflow/example_dags/example_skip_dag.py
[2024-07-31T12:13:54.031+0000] {logging_mixin.py:120} INFO - [2024-07-31T12:13:54.031+0000] {dag.py:2585} INFO - Sync 1 DAGs
[2024-07-31T12:13:54.382+0000] {logging_mixin.py:120} INFO - [2024-07-31T12:13:54.382+0000] {dag.py:3340} INFO - Setting next_dagrun for example_skip_dag to 2024-07-30T12:13:54.382251+00:00, run_after=2024-07-31T12:13:54.382251+00:00
[2024-07-31T12:13:54.741+0000] {processor.py:176} INFO - Processing /home/airflow/.local/lib/python3.7/site-packages/airflow/example_dags/example_skip_dag.py took 0.882 seconds
[2024-07-31T12:14:25.290+0000] {processor.py:154} INFO - Started process (PID=309) to work on /home/airflow/.local/lib/python3.7/site-packages/airflow/example_dags/example_skip_dag.py
[2024-07-31T12:14:25.297+0000] {processor.py:756} INFO - Processing file /home/airflow/.local/lib/python3.7/site-packages/airflow/example_dags/example_skip_dag.py for tasks to queue
[2024-07-31T12:14:25.304+0000] {logging_mixin.py:120} INFO - [2024-07-31T12:14:25.303+0000] {dagbag.py:537} INFO - Filling up the DagBag from /home/airflow/.local/lib/python3.7/site-packages/airflow/example_dags/example_skip_dag.py
[2024-07-31T12:14:25.320+0000] {processor.py:766} INFO - DAG(s) dict_keys(['example_skip_dag']) retrieved from /home/airflow/.local/lib/python3.7/site-packages/airflow/example_dags/example_skip_dag.py
[2024-07-31T12:14:25.474+0000] {logging_mixin.py:120} INFO - [2024-07-31T12:14:25.474+0000] {dag.py:2585} INFO - Sync 1 DAGs
[2024-07-31T12:14:25.595+0000] {logging_mixin.py:120} INFO - [2024-07-31T12:14:25.595+0000] {dag.py:3340} INFO - Setting next_dagrun for example_skip_dag to 2024-07-30T12:14:25.595198+00:00, run_after=2024-07-31T12:14:25.595198+00:00
[2024-07-31T12:14:25.653+0000] {processor.py:176} INFO - Processing /home/airflow/.local/lib/python3.7/site-packages/airflow/example_dags/example_skip_dag.py took 0.366 seconds
[2024-07-31T12:14:55.810+0000] {processor.py:154} INFO - Started process (PID=364) to work on /home/airflow/.local/lib/python3.7/site-packages/airflow/example_dags/example_skip_dag.py
[2024-07-31T12:14:55.811+0000] {processor.py:756} INFO - Processing file /home/airflow/.local/lib/python3.7/site-packages/airflow/example_dags/example_skip_dag.py for tasks to queue
[2024-07-31T12:14:55.812+0000] {logging_mixin.py:120} INFO - [2024-07-31T12:14:55.812+0000] {dagbag.py:537} INFO - Filling up the DagBag from /home/airflow/.local/lib/python3.7/site-packages/airflow/example_dags/example_skip_dag.py
[2024-07-31T12:14:55.832+0000] {processor.py:766} INFO - DAG(s) dict_keys(['example_skip_dag']) retrieved from /home/airflow/.local/lib/python3.7/site-packages/airflow/example_dags/example_skip_dag.py
[2024-07-31T12:14:55.897+0000] {logging_mixin.py:120} INFO - [2024-07-31T12:14:55.897+0000] {dag.py:2585} INFO - Sync 1 DAGs
[2024-07-31T12:14:55.943+0000] {logging_mixin.py:120} INFO - [2024-07-31T12:14:55.942+0000] {dag.py:3340} INFO - Setting next_dagrun for example_skip_dag to 2024-07-30T12:14:55.942376+00:00, run_after=2024-07-31T12:14:55.942376+00:00
[2024-07-31T12:14:55.976+0000] {processor.py:176} INFO - Processing /home/airflow/.local/lib/python3.7/site-packages/airflow/example_dags/example_skip_dag.py took 0.170 seconds
[2024-07-31T12:15:26.545+0000] {processor.py:154} INFO - Started process (PID=427) to work on /home/airflow/.local/lib/python3.7/site-packages/airflow/example_dags/example_skip_dag.py
[2024-07-31T12:15:26.549+0000] {processor.py:756} INFO - Processing file /home/airflow/.local/lib/python3.7/site-packages/airflow/example_dags/example_skip_dag.py for tasks to queue
[2024-07-31T12:15:26.551+0000] {logging_mixin.py:120} INFO - [2024-07-31T12:15:26.551+0000] {dagbag.py:537} INFO - Filling up the DagBag from /home/airflow/.local/lib/python3.7/site-packages/airflow/example_dags/example_skip_dag.py
[2024-07-31T12:15:26.572+0000] {processor.py:766} INFO - DAG(s) dict_keys(['example_skip_dag']) retrieved from /home/airflow/.local/lib/python3.7/site-packages/airflow/example_dags/example_skip_dag.py
[2024-07-31T12:15:26.629+0000] {logging_mixin.py:120} INFO - [2024-07-31T12:15:26.628+0000] {dag.py:2585} INFO - Sync 1 DAGs
[2024-07-31T12:15:26.675+0000] {logging_mixin.py:120} INFO - [2024-07-31T12:15:26.674+0000] {dag.py:3340} INFO - Setting next_dagrun for example_skip_dag to 2024-07-30T12:15:26.674433+00:00, run_after=2024-07-31T12:15:26.674433+00:00
[2024-07-31T12:15:26.708+0000] {processor.py:176} INFO - Processing /home/airflow/.local/lib/python3.7/site-packages/airflow/example_dags/example_skip_dag.py took 0.169 seconds
[2024-07-31T12:15:56.775+0000] {processor.py:154} INFO - Started process (PID=480) to work on /home/airflow/.local/lib/python3.7/site-packages/airflow/example_dags/example_skip_dag.py
[2024-07-31T12:15:56.778+0000] {processor.py:756} INFO - Processing file /home/airflow/.local/lib/python3.7/site-packages/airflow/example_dags/example_skip_dag.py for tasks to queue
[2024-07-31T12:15:56.779+0000] {logging_mixin.py:120} INFO - [2024-07-31T12:15:56.779+0000] {dagbag.py:537} INFO - Filling up the DagBag from /home/airflow/.local/lib/python3.7/site-packages/airflow/example_dags/example_skip_dag.py
[2024-07-31T12:15:56.796+0000] {processor.py:766} INFO - DAG(s) dict_keys(['example_skip_dag']) retrieved from /home/airflow/.local/lib/python3.7/site-packages/airflow/example_dags/example_skip_dag.py
[2024-07-31T12:15:56.848+0000] {logging_mixin.py:120} INFO - [2024-07-31T12:15:56.847+0000] {dag.py:2585} INFO - Sync 1 DAGs
[2024-07-31T12:15:56.879+0000] {logging_mixin.py:120} INFO - [2024-07-31T12:15:56.879+0000] {dag.py:3340} INFO - Setting next_dagrun for example_skip_dag to 2024-07-30T12:15:56.879083+00:00, run_after=2024-07-31T12:15:56.879083+00:00
[2024-07-31T12:15:56.920+0000] {processor.py:176} INFO - Processing /home/airflow/.local/lib/python3.7/site-packages/airflow/example_dags/example_skip_dag.py took 0.149 seconds
[2024-07-31T12:16:26.993+0000] {processor.py:154} INFO - Started process (PID=543) to work on /home/airflow/.local/lib/python3.7/site-packages/airflow/example_dags/example_skip_dag.py
[2024-07-31T12:16:26.995+0000] {processor.py:756} INFO - Processing file /home/airflow/.local/lib/python3.7/site-packages/airflow/example_dags/example_skip_dag.py for tasks to queue
[2024-07-31T12:16:26.996+0000] {logging_mixin.py:120} INFO - [2024-07-31T12:16:26.995+0000] {dagbag.py:537} INFO - Filling up the DagBag from /home/airflow/.local/lib/python3.7/site-packages/airflow/example_dags/example_skip_dag.py
[2024-07-31T12:16:27.012+0000] {processor.py:766} INFO - DAG(s) dict_keys(['example_skip_dag']) retrieved from /home/airflow/.local/lib/python3.7/site-packages/airflow/example_dags/example_skip_dag.py
[2024-07-31T12:16:27.061+0000] {logging_mixin.py:120} INFO - [2024-07-31T12:16:27.061+0000] {dag.py:2585} INFO - Sync 1 DAGs
[2024-07-31T12:16:27.089+0000] {logging_mixin.py:120} INFO - [2024-07-31T12:16:27.089+0000] {dag.py:3340} INFO - Setting next_dagrun for example_skip_dag to 2024-07-30T12:16:27.088830+00:00, run_after=2024-07-31T12:16:27.088830+00:00
[2024-07-31T12:16:27.158+0000] {processor.py:176} INFO - Processing /home/airflow/.local/lib/python3.7/site-packages/airflow/example_dags/example_skip_dag.py took 0.169 seconds
[2024-07-31T12:16:59.332+0000] {processor.py:154} INFO - Started process (PID=607) to work on /home/airflow/.local/lib/python3.7/site-packages/airflow/example_dags/example_skip_dag.py
[2024-07-31T12:16:59.334+0000] {processor.py:756} INFO - Processing file /home/airflow/.local/lib/python3.7/site-packages/airflow/example_dags/example_skip_dag.py for tasks to queue
[2024-07-31T12:16:59.336+0000] {logging_mixin.py:120} INFO - [2024-07-31T12:16:59.335+0000] {dagbag.py:537} INFO - Filling up the DagBag from /home/airflow/.local/lib/python3.7/site-packages/airflow/example_dags/example_skip_dag.py
[2024-07-31T12:16:59.358+0000] {processor.py:766} INFO - DAG(s) dict_keys(['example_skip_dag']) retrieved from /home/airflow/.local/lib/python3.7/site-packages/airflow/example_dags/example_skip_dag.py
[2024-07-31T12:16:59.452+0000] {logging_mixin.py:120} INFO - [2024-07-31T12:16:59.452+0000] {dag.py:2585} INFO - Sync 1 DAGs
[2024-07-31T12:16:59.511+0000] {logging_mixin.py:120} INFO - [2024-07-31T12:16:59.511+0000] {dag.py:3340} INFO - Setting next_dagrun for example_skip_dag to 2024-07-30T12:16:59.511259+00:00, run_after=2024-07-31T12:16:59.511259+00:00
[2024-07-31T12:16:59.567+0000] {processor.py:176} INFO - Processing /home/airflow/.local/lib/python3.7/site-packages/airflow/example_dags/example_skip_dag.py took 0.240 seconds
[2024-07-31T12:17:29.919+0000] {processor.py:154} INFO - Started process (PID=660) to work on /home/airflow/.local/lib/python3.7/site-packages/airflow/example_dags/example_skip_dag.py
[2024-07-31T12:17:29.920+0000] {processor.py:756} INFO - Processing file /home/airflow/.local/lib/python3.7/site-packages/airflow/example_dags/example_skip_dag.py for tasks to queue
[2024-07-31T12:17:29.921+0000] {logging_mixin.py:120} INFO - [2024-07-31T12:17:29.921+0000] {dagbag.py:537} INFO - Filling up the DagBag from /home/airflow/.local/lib/python3.7/site-packages/airflow/example_dags/example_skip_dag.py
[2024-07-31T12:17:29.940+0000] {processor.py:766} INFO - DAG(s) dict_keys(['example_skip_dag']) retrieved from /home/airflow/.local/lib/python3.7/site-packages/airflow/example_dags/example_skip_dag.py
[2024-07-31T12:17:29.994+0000] {logging_mixin.py:120} INFO - [2024-07-31T12:17:29.993+0000] {dag.py:2585} INFO - Sync 1 DAGs
[2024-07-31T12:17:30.024+0000] {logging_mixin.py:120} INFO - [2024-07-31T12:17:30.024+0000] {dag.py:3340} INFO - Setting next_dagrun for example_skip_dag to 2024-07-30T12:17:30.024469+00:00, run_after=2024-07-31T12:17:30.024469+00:00
[2024-07-31T12:17:30.057+0000] {processor.py:176} INFO - Processing /home/airflow/.local/lib/python3.7/site-packages/airflow/example_dags/example_skip_dag.py took 0.143 seconds
[2024-07-31T12:18:00.566+0000] {processor.py:154} INFO - Started process (PID=723) to work on /home/airflow/.local/lib/python3.7/site-packages/airflow/example_dags/example_skip_dag.py
[2024-07-31T12:18:00.569+0000] {processor.py:756} INFO - Processing file /home/airflow/.local/lib/python3.7/site-packages/airflow/example_dags/example_skip_dag.py for tasks to queue
[2024-07-31T12:18:00.571+0000] {logging_mixin.py:120} INFO - [2024-07-31T12:18:00.570+0000] {dagbag.py:537} INFO - Filling up the DagBag from /home/airflow/.local/lib/python3.7/site-packages/airflow/example_dags/example_skip_dag.py
[2024-07-31T12:18:00.599+0000] {processor.py:766} INFO - DAG(s) dict_keys(['example_skip_dag']) retrieved from /home/airflow/.local/lib/python3.7/site-packages/airflow/example_dags/example_skip_dag.py
[2024-07-31T12:18:00.671+0000] {logging_mixin.py:120} INFO - [2024-07-31T12:18:00.671+0000] {dag.py:2585} INFO - Sync 1 DAGs
[2024-07-31T12:18:00.712+0000] {logging_mixin.py:120} INFO - [2024-07-31T12:18:00.712+0000] {dag.py:3340} INFO - Setting next_dagrun for example_skip_dag to 2024-07-30T12:18:00.711777+00:00, run_after=2024-07-31T12:18:00.711777+00:00
[2024-07-31T12:18:00.742+0000] {processor.py:176} INFO - Processing /home/airflow/.local/lib/python3.7/site-packages/airflow/example_dags/example_skip_dag.py took 0.181 seconds
[2024-07-31T12:18:32.692+0000] {processor.py:154} INFO - Started process (PID=776) to work on /home/airflow/.local/lib/python3.7/site-packages/airflow/example_dags/example_skip_dag.py
[2024-07-31T12:18:32.694+0000] {processor.py:756} INFO - Processing file /home/airflow/.local/lib/python3.7/site-packages/airflow/example_dags/example_skip_dag.py for tasks to queue
[2024-07-31T12:18:32.721+0000] {logging_mixin.py:120} INFO - [2024-07-31T12:18:32.720+0000] {dagbag.py:537} INFO - Filling up the DagBag from /home/airflow/.local/lib/python3.7/site-packages/airflow/example_dags/example_skip_dag.py
[2024-07-31T12:18:32.799+0000] {processor.py:766} INFO - DAG(s) dict_keys(['example_skip_dag']) retrieved from /home/airflow/.local/lib/python3.7/site-packages/airflow/example_dags/example_skip_dag.py
[2024-07-31T12:18:32.908+0000] {logging_mixin.py:120} INFO - [2024-07-31T12:18:32.908+0000] {dag.py:2585} INFO - Sync 1 DAGs
[2024-07-31T12:18:32.982+0000] {logging_mixin.py:120} INFO - [2024-07-31T12:18:32.982+0000] {dag.py:3340} INFO - Setting next_dagrun for example_skip_dag to 2024-07-30T12:18:32.982564+00:00, run_after=2024-07-31T12:18:32.982564+00:00
[2024-07-31T12:18:33.097+0000] {processor.py:176} INFO - Processing /home/airflow/.local/lib/python3.7/site-packages/airflow/example_dags/example_skip_dag.py took 0.409 seconds
[2024-07-31T12:19:03.578+0000] {processor.py:154} INFO - Started process (PID=839) to work on /home/airflow/.local/lib/python3.7/site-packages/airflow/example_dags/example_skip_dag.py
[2024-07-31T12:19:03.579+0000] {processor.py:756} INFO - Processing file /home/airflow/.local/lib/python3.7/site-packages/airflow/example_dags/example_skip_dag.py for tasks to queue
[2024-07-31T12:19:03.590+0000] {logging_mixin.py:120} INFO - [2024-07-31T12:19:03.584+0000] {dagbag.py:537} INFO - Filling up the DagBag from /home/airflow/.local/lib/python3.7/site-packages/airflow/example_dags/example_skip_dag.py
[2024-07-31T12:19:03.607+0000] {processor.py:766} INFO - DAG(s) dict_keys(['example_skip_dag']) retrieved from /home/airflow/.local/lib/python3.7/site-packages/airflow/example_dags/example_skip_dag.py
[2024-07-31T12:19:03.669+0000] {logging_mixin.py:120} INFO - [2024-07-31T12:19:03.669+0000] {dag.py:2585} INFO - Sync 1 DAGs
[2024-07-31T12:19:03.704+0000] {logging_mixin.py:120} INFO - [2024-07-31T12:19:03.704+0000] {dag.py:3340} INFO - Setting next_dagrun for example_skip_dag to 2024-07-30T12:19:03.704277+00:00, run_after=2024-07-31T12:19:03.704277+00:00
[2024-07-31T12:19:03.757+0000] {processor.py:176} INFO - Processing /home/airflow/.local/lib/python3.7/site-packages/airflow/example_dags/example_skip_dag.py took 0.184 seconds
[2024-07-31T12:19:34.320+0000] {processor.py:154} INFO - Started process (PID=902) to work on /home/airflow/.local/lib/python3.7/site-packages/airflow/example_dags/example_skip_dag.py
[2024-07-31T12:19:34.324+0000] {processor.py:756} INFO - Processing file /home/airflow/.local/lib/python3.7/site-packages/airflow/example_dags/example_skip_dag.py for tasks to queue
[2024-07-31T12:19:34.327+0000] {logging_mixin.py:120} INFO - [2024-07-31T12:19:34.326+0000] {dagbag.py:537} INFO - Filling up the DagBag from /home/airflow/.local/lib/python3.7/site-packages/airflow/example_dags/example_skip_dag.py
[2024-07-31T12:19:34.373+0000] {processor.py:766} INFO - DAG(s) dict_keys(['example_skip_dag']) retrieved from /home/airflow/.local/lib/python3.7/site-packages/airflow/example_dags/example_skip_dag.py
[2024-07-31T12:19:34.454+0000] {logging_mixin.py:120} INFO - [2024-07-31T12:19:34.453+0000] {dag.py:2585} INFO - Sync 1 DAGs
[2024-07-31T12:19:34.497+0000] {logging_mixin.py:120} INFO - [2024-07-31T12:19:34.496+0000] {dag.py:3340} INFO - Setting next_dagrun for example_skip_dag to 2024-07-30T12:19:34.496617+00:00, run_after=2024-07-31T12:19:34.496617+00:00
[2024-07-31T12:19:34.539+0000] {processor.py:176} INFO - Processing /home/airflow/.local/lib/python3.7/site-packages/airflow/example_dags/example_skip_dag.py took 0.237 seconds
[2024-07-31T12:20:05.918+0000] {processor.py:154} INFO - Started process (PID=955) to work on /home/airflow/.local/lib/python3.7/site-packages/airflow/example_dags/example_skip_dag.py
[2024-07-31T12:20:05.920+0000] {processor.py:756} INFO - Processing file /home/airflow/.local/lib/python3.7/site-packages/airflow/example_dags/example_skip_dag.py for tasks to queue
[2024-07-31T12:20:05.922+0000] {logging_mixin.py:120} INFO - [2024-07-31T12:20:05.922+0000] {dagbag.py:537} INFO - Filling up the DagBag from /home/airflow/.local/lib/python3.7/site-packages/airflow/example_dags/example_skip_dag.py
[2024-07-31T12:20:05.942+0000] {processor.py:766} INFO - DAG(s) dict_keys(['example_skip_dag']) retrieved from /home/airflow/.local/lib/python3.7/site-packages/airflow/example_dags/example_skip_dag.py
[2024-07-31T12:20:05.993+0000] {logging_mixin.py:120} INFO - [2024-07-31T12:20:05.993+0000] {dag.py:2585} INFO - Sync 1 DAGs
[2024-07-31T12:20:06.023+0000] {logging_mixin.py:120} INFO - [2024-07-31T12:20:06.022+0000] {dag.py:3340} INFO - Setting next_dagrun for example_skip_dag to 2024-07-30T12:20:06.022671+00:00, run_after=2024-07-31T12:20:06.022671+00:00
[2024-07-31T12:20:06.056+0000] {processor.py:176} INFO - Processing /home/airflow/.local/lib/python3.7/site-packages/airflow/example_dags/example_skip_dag.py took 0.143 seconds
[2024-07-31T12:20:36.467+0000] {processor.py:154} INFO - Started process (PID=1018) to work on /home/airflow/.local/lib/python3.7/site-packages/airflow/example_dags/example_skip_dag.py
[2024-07-31T12:20:36.469+0000] {processor.py:756} INFO - Processing file /home/airflow/.local/lib/python3.7/site-packages/airflow/example_dags/example_skip_dag.py for tasks to queue
[2024-07-31T12:20:36.470+0000] {logging_mixin.py:120} INFO - [2024-07-31T12:20:36.470+0000] {dagbag.py:537} INFO - Filling up the DagBag from /home/airflow/.local/lib/python3.7/site-packages/airflow/example_dags/example_skip_dag.py
[2024-07-31T12:20:36.484+0000] {processor.py:766} INFO - DAG(s) dict_keys(['example_skip_dag']) retrieved from /home/airflow/.local/lib/python3.7/site-packages/airflow/example_dags/example_skip_dag.py
[2024-07-31T12:20:36.531+0000] {logging_mixin.py:120} INFO - [2024-07-31T12:20:36.530+0000] {dag.py:2585} INFO - Sync 1 DAGs
[2024-07-31T12:20:36.558+0000] {logging_mixin.py:120} INFO - [2024-07-31T12:20:36.558+0000] {dag.py:3340} INFO - Setting next_dagrun for example_skip_dag to 2024-07-30T12:20:36.558574+00:00, run_after=2024-07-31T12:20:36.558574+00:00
[2024-07-31T12:20:36.584+0000] {processor.py:176} INFO - Processing /home/airflow/.local/lib/python3.7/site-packages/airflow/example_dags/example_skip_dag.py took 0.121 seconds
[2024-07-31T12:21:07.383+0000] {processor.py:154} INFO - Started process (PID=1071) to work on /home/airflow/.local/lib/python3.7/site-packages/airflow/example_dags/example_skip_dag.py
[2024-07-31T12:21:07.432+0000] {processor.py:756} INFO - Processing file /home/airflow/.local/lib/python3.7/site-packages/airflow/example_dags/example_skip_dag.py for tasks to queue
[2024-07-31T12:21:07.579+0000] {logging_mixin.py:120} INFO - [2024-07-31T12:21:07.579+0000] {dagbag.py:537} INFO - Filling up the DagBag from /home/airflow/.local/lib/python3.7/site-packages/airflow/example_dags/example_skip_dag.py
[2024-07-31T12:21:07.603+0000] {processor.py:766} INFO - DAG(s) dict_keys(['example_skip_dag']) retrieved from /home/airflow/.local/lib/python3.7/site-packages/airflow/example_dags/example_skip_dag.py
[2024-07-31T12:21:07.701+0000] {logging_mixin.py:120} INFO - [2024-07-31T12:21:07.701+0000] {dag.py:2585} INFO - Sync 1 DAGs
[2024-07-31T12:21:07.751+0000] {logging_mixin.py:120} INFO - [2024-07-31T12:21:07.751+0000] {dag.py:3340} INFO - Setting next_dagrun for example_skip_dag to 2024-07-30T12:21:07.750894+00:00, run_after=2024-07-31T12:21:07.750894+00:00
[2024-07-31T12:21:07.831+0000] {processor.py:176} INFO - Processing /home/airflow/.local/lib/python3.7/site-packages/airflow/example_dags/example_skip_dag.py took 0.453 seconds
[2024-07-31T12:21:38.407+0000] {processor.py:154} INFO - Started process (PID=1134) to work on /home/airflow/.local/lib/python3.7/site-packages/airflow/example_dags/example_skip_dag.py
[2024-07-31T12:21:38.409+0000] {processor.py:756} INFO - Processing file /home/airflow/.local/lib/python3.7/site-packages/airflow/example_dags/example_skip_dag.py for tasks to queue
[2024-07-31T12:21:38.410+0000] {logging_mixin.py:120} INFO - [2024-07-31T12:21:38.410+0000] {dagbag.py:537} INFO - Filling up the DagBag from /home/airflow/.local/lib/python3.7/site-packages/airflow/example_dags/example_skip_dag.py
[2024-07-31T12:21:38.426+0000] {processor.py:766} INFO - DAG(s) dict_keys(['example_skip_dag']) retrieved from /home/airflow/.local/lib/python3.7/site-packages/airflow/example_dags/example_skip_dag.py
[2024-07-31T12:21:38.471+0000] {logging_mixin.py:120} INFO - [2024-07-31T12:21:38.471+0000] {dag.py:2585} INFO - Sync 1 DAGs
[2024-07-31T12:21:38.509+0000] {logging_mixin.py:120} INFO - [2024-07-31T12:21:38.509+0000] {dag.py:3340} INFO - Setting next_dagrun for example_skip_dag to 2024-07-30T12:21:38.508874+00:00, run_after=2024-07-31T12:21:38.508874+00:00
[2024-07-31T12:21:38.540+0000] {processor.py:176} INFO - Processing /home/airflow/.local/lib/python3.7/site-packages/airflow/example_dags/example_skip_dag.py took 0.136 seconds
[2024-07-31T12:22:08.667+0000] {processor.py:154} INFO - Started process (PID=1197) to work on /home/airflow/.local/lib/python3.7/site-packages/airflow/example_dags/example_skip_dag.py
[2024-07-31T12:22:08.669+0000] {processor.py:756} INFO - Processing file /home/airflow/.local/lib/python3.7/site-packages/airflow/example_dags/example_skip_dag.py for tasks to queue
[2024-07-31T12:22:08.670+0000] {logging_mixin.py:120} INFO - [2024-07-31T12:22:08.670+0000] {dagbag.py:537} INFO - Filling up the DagBag from /home/airflow/.local/lib/python3.7/site-packages/airflow/example_dags/example_skip_dag.py
[2024-07-31T12:22:08.691+0000] {processor.py:766} INFO - DAG(s) dict_keys(['example_skip_dag']) retrieved from /home/airflow/.local/lib/python3.7/site-packages/airflow/example_dags/example_skip_dag.py
[2024-07-31T12:22:08.744+0000] {logging_mixin.py:120} INFO - [2024-07-31T12:22:08.744+0000] {dag.py:2585} INFO - Sync 1 DAGs
[2024-07-31T12:22:08.775+0000] {logging_mixin.py:120} INFO - [2024-07-31T12:22:08.774+0000] {dag.py:3340} INFO - Setting next_dagrun for example_skip_dag to 2024-07-30T12:22:08.774670+00:00, run_after=2024-07-31T12:22:08.774670+00:00
[2024-07-31T12:22:08.803+0000] {processor.py:176} INFO - Processing /home/airflow/.local/lib/python3.7/site-packages/airflow/example_dags/example_skip_dag.py took 0.141 seconds
[2024-07-31T12:22:39.343+0000] {processor.py:154} INFO - Started process (PID=1251) to work on /home/airflow/.local/lib/python3.7/site-packages/airflow/example_dags/example_skip_dag.py
[2024-07-31T12:22:39.347+0000] {processor.py:756} INFO - Processing file /home/airflow/.local/lib/python3.7/site-packages/airflow/example_dags/example_skip_dag.py for tasks to queue
[2024-07-31T12:22:39.350+0000] {logging_mixin.py:120} INFO - [2024-07-31T12:22:39.349+0000] {dagbag.py:537} INFO - Filling up the DagBag from /home/airflow/.local/lib/python3.7/site-packages/airflow/example_dags/example_skip_dag.py
[2024-07-31T12:22:39.392+0000] {processor.py:766} INFO - DAG(s) dict_keys(['example_skip_dag']) retrieved from /home/airflow/.local/lib/python3.7/site-packages/airflow/example_dags/example_skip_dag.py
[2024-07-31T12:22:39.495+0000] {logging_mixin.py:120} INFO - [2024-07-31T12:22:39.492+0000] {dag.py:2585} INFO - Sync 1 DAGs
[2024-07-31T12:22:39.585+0000] {logging_mixin.py:120} INFO - [2024-07-31T12:22:39.584+0000] {dag.py:3340} INFO - Setting next_dagrun for example_skip_dag to 2024-07-30T12:22:39.584597+00:00, run_after=2024-07-31T12:22:39.584597+00:00
[2024-07-31T12:22:39.636+0000] {processor.py:176} INFO - Processing /home/airflow/.local/lib/python3.7/site-packages/airflow/example_dags/example_skip_dag.py took 0.302 seconds
[2024-07-31T12:23:10.083+0000] {processor.py:154} INFO - Started process (PID=1315) to work on /home/airflow/.local/lib/python3.7/site-packages/airflow/example_dags/example_skip_dag.py
[2024-07-31T12:23:10.084+0000] {processor.py:756} INFO - Processing file /home/airflow/.local/lib/python3.7/site-packages/airflow/example_dags/example_skip_dag.py for tasks to queue
[2024-07-31T12:23:10.086+0000] {logging_mixin.py:120} INFO - [2024-07-31T12:23:10.085+0000] {dagbag.py:537} INFO - Filling up the DagBag from /home/airflow/.local/lib/python3.7/site-packages/airflow/example_dags/example_skip_dag.py
[2024-07-31T12:23:10.103+0000] {processor.py:766} INFO - DAG(s) dict_keys(['example_skip_dag']) retrieved from /home/airflow/.local/lib/python3.7/site-packages/airflow/example_dags/example_skip_dag.py
[2024-07-31T12:23:10.160+0000] {logging_mixin.py:120} INFO - [2024-07-31T12:23:10.160+0000] {dag.py:2585} INFO - Sync 1 DAGs
[2024-07-31T12:23:10.199+0000] {logging_mixin.py:120} INFO - [2024-07-31T12:23:10.199+0000] {dag.py:3340} INFO - Setting next_dagrun for example_skip_dag to 2024-07-30T12:23:10.199395+00:00, run_after=2024-07-31T12:23:10.199395+00:00
[2024-07-31T12:23:10.228+0000] {processor.py:176} INFO - Processing /home/airflow/.local/lib/python3.7/site-packages/airflow/example_dags/example_skip_dag.py took 0.150 seconds
[2024-07-31T12:23:40.470+0000] {processor.py:154} INFO - Started process (PID=1369) to work on /home/airflow/.local/lib/python3.7/site-packages/airflow/example_dags/example_skip_dag.py
[2024-07-31T12:23:40.471+0000] {processor.py:756} INFO - Processing file /home/airflow/.local/lib/python3.7/site-packages/airflow/example_dags/example_skip_dag.py for tasks to queue
[2024-07-31T12:23:40.473+0000] {logging_mixin.py:120} INFO - [2024-07-31T12:23:40.472+0000] {dagbag.py:537} INFO - Filling up the DagBag from /home/airflow/.local/lib/python3.7/site-packages/airflow/example_dags/example_skip_dag.py
[2024-07-31T12:23:40.490+0000] {processor.py:766} INFO - DAG(s) dict_keys(['example_skip_dag']) retrieved from /home/airflow/.local/lib/python3.7/site-packages/airflow/example_dags/example_skip_dag.py
[2024-07-31T12:23:40.583+0000] {logging_mixin.py:120} INFO - [2024-07-31T12:23:40.583+0000] {dag.py:2585} INFO - Sync 1 DAGs
[2024-07-31T12:23:40.616+0000] {logging_mixin.py:120} INFO - [2024-07-31T12:23:40.615+0000] {dag.py:3340} INFO - Setting next_dagrun for example_skip_dag to 2024-07-30T12:23:40.615412+00:00, run_after=2024-07-31T12:23:40.615412+00:00
[2024-07-31T12:23:40.640+0000] {processor.py:176} INFO - Processing /home/airflow/.local/lib/python3.7/site-packages/airflow/example_dags/example_skip_dag.py took 0.173 seconds
[2024-07-31T12:24:16.480+0000] {processor.py:154} INFO - Started process (PID=1433) to work on /home/airflow/.local/lib/python3.7/site-packages/airflow/example_dags/example_skip_dag.py
[2024-07-31T12:24:16.483+0000] {processor.py:756} INFO - Processing file /home/airflow/.local/lib/python3.7/site-packages/airflow/example_dags/example_skip_dag.py for tasks to queue
[2024-07-31T12:24:16.490+0000] {logging_mixin.py:120} INFO - [2024-07-31T12:24:16.490+0000] {dagbag.py:537} INFO - Filling up the DagBag from /home/airflow/.local/lib/python3.7/site-packages/airflow/example_dags/example_skip_dag.py
[2024-07-31T12:24:16.508+0000] {processor.py:766} INFO - DAG(s) dict_keys(['example_skip_dag']) retrieved from /home/airflow/.local/lib/python3.7/site-packages/airflow/example_dags/example_skip_dag.py
[2024-07-31T12:24:16.646+0000] {logging_mixin.py:120} INFO - [2024-07-31T12:24:16.646+0000] {dag.py:2585} INFO - Sync 1 DAGs
[2024-07-31T12:24:16.780+0000] {logging_mixin.py:120} INFO - [2024-07-31T12:24:16.780+0000] {dag.py:3340} INFO - Setting next_dagrun for example_skip_dag to 2024-07-30T12:24:16.779766+00:00, run_after=2024-07-31T12:24:16.779766+00:00
[2024-07-31T12:24:16.835+0000] {processor.py:176} INFO - Processing /home/airflow/.local/lib/python3.7/site-packages/airflow/example_dags/example_skip_dag.py took 0.359 seconds
[2024-07-31T12:24:47.017+0000] {processor.py:154} INFO - Started process (PID=1495) to work on /home/airflow/.local/lib/python3.7/site-packages/airflow/example_dags/example_skip_dag.py
[2024-07-31T12:24:47.021+0000] {processor.py:756} INFO - Processing file /home/airflow/.local/lib/python3.7/site-packages/airflow/example_dags/example_skip_dag.py for tasks to queue
[2024-07-31T12:24:47.032+0000] {logging_mixin.py:120} INFO - [2024-07-31T12:24:47.032+0000] {dagbag.py:537} INFO - Filling up the DagBag from /home/airflow/.local/lib/python3.7/site-packages/airflow/example_dags/example_skip_dag.py
[2024-07-31T12:24:47.055+0000] {processor.py:766} INFO - DAG(s) dict_keys(['example_skip_dag']) retrieved from /home/airflow/.local/lib/python3.7/site-packages/airflow/example_dags/example_skip_dag.py
[2024-07-31T12:24:47.123+0000] {logging_mixin.py:120} INFO - [2024-07-31T12:24:47.123+0000] {dag.py:2585} INFO - Sync 1 DAGs
[2024-07-31T12:24:47.288+0000] {logging_mixin.py:120} INFO - [2024-07-31T12:24:47.288+0000] {dag.py:3340} INFO - Setting next_dagrun for example_skip_dag to 2024-07-30T12:24:47.288183+00:00, run_after=2024-07-31T12:24:47.288183+00:00
[2024-07-31T12:24:47.630+0000] {processor.py:176} INFO - Processing /home/airflow/.local/lib/python3.7/site-packages/airflow/example_dags/example_skip_dag.py took 0.618 seconds
[2024-07-31T12:25:17.984+0000] {processor.py:154} INFO - Started process (PID=1555) to work on /home/airflow/.local/lib/python3.7/site-packages/airflow/example_dags/example_skip_dag.py
[2024-07-31T12:25:17.986+0000] {processor.py:756} INFO - Processing file /home/airflow/.local/lib/python3.7/site-packages/airflow/example_dags/example_skip_dag.py for tasks to queue
[2024-07-31T12:25:17.987+0000] {logging_mixin.py:120} INFO - [2024-07-31T12:25:17.987+0000] {dagbag.py:537} INFO - Filling up the DagBag from /home/airflow/.local/lib/python3.7/site-packages/airflow/example_dags/example_skip_dag.py
[2024-07-31T12:25:18.005+0000] {processor.py:766} INFO - DAG(s) dict_keys(['example_skip_dag']) retrieved from /home/airflow/.local/lib/python3.7/site-packages/airflow/example_dags/example_skip_dag.py
[2024-07-31T12:25:18.070+0000] {logging_mixin.py:120} INFO - [2024-07-31T12:25:18.070+0000] {dag.py:2585} INFO - Sync 1 DAGs
[2024-07-31T12:25:18.107+0000] {logging_mixin.py:120} INFO - [2024-07-31T12:25:18.107+0000] {dag.py:3340} INFO - Setting next_dagrun for example_skip_dag to 2024-07-30T12:25:18.107255+00:00, run_after=2024-07-31T12:25:18.107255+00:00
[2024-07-31T12:25:18.180+0000] {processor.py:176} INFO - Processing /home/airflow/.local/lib/python3.7/site-packages/airflow/example_dags/example_skip_dag.py took 0.200 seconds
[2024-07-31T12:25:48.541+0000] {processor.py:154} INFO - Started process (PID=1611) to work on /home/airflow/.local/lib/python3.7/site-packages/airflow/example_dags/example_skip_dag.py
[2024-07-31T12:25:48.560+0000] {processor.py:756} INFO - Processing file /home/airflow/.local/lib/python3.7/site-packages/airflow/example_dags/example_skip_dag.py for tasks to queue
[2024-07-31T12:25:48.597+0000] {logging_mixin.py:120} INFO - [2024-07-31T12:25:48.596+0000] {dagbag.py:537} INFO - Filling up the DagBag from /home/airflow/.local/lib/python3.7/site-packages/airflow/example_dags/example_skip_dag.py
[2024-07-31T12:25:48.624+0000] {processor.py:766} INFO - DAG(s) dict_keys(['example_skip_dag']) retrieved from /home/airflow/.local/lib/python3.7/site-packages/airflow/example_dags/example_skip_dag.py
[2024-07-31T12:25:48.710+0000] {logging_mixin.py:120} INFO - [2024-07-31T12:25:48.710+0000] {dag.py:2585} INFO - Sync 1 DAGs
[2024-07-31T12:25:48.873+0000] {logging_mixin.py:120} INFO - [2024-07-31T12:25:48.873+0000] {dag.py:3340} INFO - Setting next_dagrun for example_skip_dag to 2024-07-30T12:25:48.872816+00:00, run_after=2024-07-31T12:25:48.872816+00:00
[2024-07-31T12:25:49.068+0000] {processor.py:176} INFO - Processing /home/airflow/.local/lib/python3.7/site-packages/airflow/example_dags/example_skip_dag.py took 0.530 seconds
[2024-07-31T12:26:20.000+0000] {processor.py:154} INFO - Started process (PID=1674) to work on /home/airflow/.local/lib/python3.7/site-packages/airflow/example_dags/example_skip_dag.py
[2024-07-31T12:26:20.008+0000] {processor.py:756} INFO - Processing file /home/airflow/.local/lib/python3.7/site-packages/airflow/example_dags/example_skip_dag.py for tasks to queue
[2024-07-31T12:26:20.010+0000] {logging_mixin.py:120} INFO - [2024-07-31T12:26:20.010+0000] {dagbag.py:537} INFO - Filling up the DagBag from /home/airflow/.local/lib/python3.7/site-packages/airflow/example_dags/example_skip_dag.py
[2024-07-31T12:26:20.037+0000] {processor.py:766} INFO - DAG(s) dict_keys(['example_skip_dag']) retrieved from /home/airflow/.local/lib/python3.7/site-packages/airflow/example_dags/example_skip_dag.py
[2024-07-31T12:26:20.221+0000] {logging_mixin.py:120} INFO - [2024-07-31T12:26:20.221+0000] {dag.py:2585} INFO - Sync 1 DAGs
[2024-07-31T12:26:20.264+0000] {logging_mixin.py:120} INFO - [2024-07-31T12:26:20.264+0000] {dag.py:3340} INFO - Setting next_dagrun for example_skip_dag to 2024-07-30T12:26:20.264183+00:00, run_after=2024-07-31T12:26:20.264183+00:00
[2024-07-31T12:26:20.290+0000] {processor.py:176} INFO - Processing /home/airflow/.local/lib/python3.7/site-packages/airflow/example_dags/example_skip_dag.py took 0.296 seconds
[2024-07-31T12:26:51.415+0000] {processor.py:154} INFO - Started process (PID=1729) to work on /home/airflow/.local/lib/python3.7/site-packages/airflow/example_dags/example_skip_dag.py
[2024-07-31T12:26:51.416+0000] {processor.py:756} INFO - Processing file /home/airflow/.local/lib/python3.7/site-packages/airflow/example_dags/example_skip_dag.py for tasks to queue
[2024-07-31T12:26:51.417+0000] {logging_mixin.py:120} INFO - [2024-07-31T12:26:51.417+0000] {dagbag.py:537} INFO - Filling up the DagBag from /home/airflow/.local/lib/python3.7/site-packages/airflow/example_dags/example_skip_dag.py
[2024-07-31T12:26:51.434+0000] {processor.py:766} INFO - DAG(s) dict_keys(['example_skip_dag']) retrieved from /home/airflow/.local/lib/python3.7/site-packages/airflow/example_dags/example_skip_dag.py
[2024-07-31T12:26:51.479+0000] {logging_mixin.py:120} INFO - [2024-07-31T12:26:51.479+0000] {dag.py:2585} INFO - Sync 1 DAGs
[2024-07-31T12:26:51.508+0000] {logging_mixin.py:120} INFO - [2024-07-31T12:26:51.508+0000] {dag.py:3340} INFO - Setting next_dagrun for example_skip_dag to 2024-07-30T12:26:51.508246+00:00, run_after=2024-07-31T12:26:51.508246+00:00
[2024-07-31T12:26:51.535+0000] {processor.py:176} INFO - Processing /home/airflow/.local/lib/python3.7/site-packages/airflow/example_dags/example_skip_dag.py took 0.124 seconds
[2024-07-31T12:27:25.124+0000] {processor.py:154} INFO - Started process (PID=1792) to work on /home/airflow/.local/lib/python3.7/site-packages/airflow/example_dags/example_skip_dag.py
[2024-07-31T12:27:25.131+0000] {processor.py:756} INFO - Processing file /home/airflow/.local/lib/python3.7/site-packages/airflow/example_dags/example_skip_dag.py for tasks to queue
[2024-07-31T12:27:25.134+0000] {logging_mixin.py:120} INFO - [2024-07-31T12:27:25.134+0000] {dagbag.py:537} INFO - Filling up the DagBag from /home/airflow/.local/lib/python3.7/site-packages/airflow/example_dags/example_skip_dag.py
[2024-07-31T12:27:25.154+0000] {processor.py:766} INFO - DAG(s) dict_keys(['example_skip_dag']) retrieved from /home/airflow/.local/lib/python3.7/site-packages/airflow/example_dags/example_skip_dag.py
[2024-07-31T12:27:25.354+0000] {logging_mixin.py:120} INFO - [2024-07-31T12:27:25.354+0000] {dag.py:2585} INFO - Sync 1 DAGs
[2024-07-31T12:27:25.398+0000] {logging_mixin.py:120} INFO - [2024-07-31T12:27:25.397+0000] {dag.py:3340} INFO - Setting next_dagrun for example_skip_dag to 2024-07-30T12:27:25.397502+00:00, run_after=2024-07-31T12:27:25.397502+00:00
[2024-07-31T12:27:25.425+0000] {processor.py:176} INFO - Processing /home/airflow/.local/lib/python3.7/site-packages/airflow/example_dags/example_skip_dag.py took 0.307 seconds
[2024-07-31T12:27:56.097+0000] {processor.py:154} INFO - Started process (PID=1856) to work on /home/airflow/.local/lib/python3.7/site-packages/airflow/example_dags/example_skip_dag.py
[2024-07-31T12:27:56.099+0000] {processor.py:756} INFO - Processing file /home/airflow/.local/lib/python3.7/site-packages/airflow/example_dags/example_skip_dag.py for tasks to queue
[2024-07-31T12:27:56.100+0000] {logging_mixin.py:120} INFO - [2024-07-31T12:27:56.100+0000] {dagbag.py:537} INFO - Filling up the DagBag from /home/airflow/.local/lib/python3.7/site-packages/airflow/example_dags/example_skip_dag.py
[2024-07-31T12:27:56.116+0000] {processor.py:766} INFO - DAG(s) dict_keys(['example_skip_dag']) retrieved from /home/airflow/.local/lib/python3.7/site-packages/airflow/example_dags/example_skip_dag.py
[2024-07-31T12:27:56.160+0000] {logging_mixin.py:120} INFO - [2024-07-31T12:27:56.160+0000] {dag.py:2585} INFO - Sync 1 DAGs
[2024-07-31T12:27:56.249+0000] {logging_mixin.py:120} INFO - [2024-07-31T12:27:56.248+0000] {dag.py:3340} INFO - Setting next_dagrun for example_skip_dag to 2024-07-30T12:27:56.248624+00:00, run_after=2024-07-31T12:27:56.248624+00:00
[2024-07-31T12:27:56.274+0000] {processor.py:176} INFO - Processing /home/airflow/.local/lib/python3.7/site-packages/airflow/example_dags/example_skip_dag.py took 0.182 seconds
[2024-07-31T12:28:27.216+0000] {processor.py:154} INFO - Started process (PID=1920) to work on /home/airflow/.local/lib/python3.7/site-packages/airflow/example_dags/example_skip_dag.py
[2024-07-31T12:28:27.272+0000] {processor.py:756} INFO - Processing file /home/airflow/.local/lib/python3.7/site-packages/airflow/example_dags/example_skip_dag.py for tasks to queue
[2024-07-31T12:28:27.297+0000] {logging_mixin.py:120} INFO - [2024-07-31T12:28:27.297+0000] {dagbag.py:537} INFO - Filling up the DagBag from /home/airflow/.local/lib/python3.7/site-packages/airflow/example_dags/example_skip_dag.py
[2024-07-31T12:28:27.332+0000] {processor.py:766} INFO - DAG(s) dict_keys(['example_skip_dag']) retrieved from /home/airflow/.local/lib/python3.7/site-packages/airflow/example_dags/example_skip_dag.py
[2024-07-31T12:28:27.411+0000] {logging_mixin.py:120} INFO - [2024-07-31T12:28:27.411+0000] {dag.py:2585} INFO - Sync 1 DAGs
[2024-07-31T12:28:27.467+0000] {logging_mixin.py:120} INFO - [2024-07-31T12:28:27.467+0000] {dag.py:3340} INFO - Setting next_dagrun for example_skip_dag to 2024-07-30T12:28:27.467430+00:00, run_after=2024-07-31T12:28:27.467430+00:00
[2024-07-31T12:28:27.503+0000] {processor.py:176} INFO - Processing /home/airflow/.local/lib/python3.7/site-packages/airflow/example_dags/example_skip_dag.py took 0.292 seconds
[2024-07-31T12:28:57.972+0000] {processor.py:154} INFO - Started process (PID=1974) to work on /home/airflow/.local/lib/python3.7/site-packages/airflow/example_dags/example_skip_dag.py
[2024-07-31T12:28:57.973+0000] {processor.py:756} INFO - Processing file /home/airflow/.local/lib/python3.7/site-packages/airflow/example_dags/example_skip_dag.py for tasks to queue
[2024-07-31T12:28:57.974+0000] {logging_mixin.py:120} INFO - [2024-07-31T12:28:57.974+0000] {dagbag.py:537} INFO - Filling up the DagBag from /home/airflow/.local/lib/python3.7/site-packages/airflow/example_dags/example_skip_dag.py
[2024-07-31T12:28:57.988+0000] {processor.py:766} INFO - DAG(s) dict_keys(['example_skip_dag']) retrieved from /home/airflow/.local/lib/python3.7/site-packages/airflow/example_dags/example_skip_dag.py
[2024-07-31T12:28:58.029+0000] {logging_mixin.py:120} INFO - [2024-07-31T12:28:58.029+0000] {dag.py:2585} INFO - Sync 1 DAGs
[2024-07-31T12:28:58.078+0000] {logging_mixin.py:120} INFO - [2024-07-31T12:28:58.078+0000] {dag.py:3340} INFO - Setting next_dagrun for example_skip_dag to 2024-07-30T12:28:58.077814+00:00, run_after=2024-07-31T12:28:58.077814+00:00
[2024-07-31T12:28:58.216+0000] {processor.py:176} INFO - Processing /home/airflow/.local/lib/python3.7/site-packages/airflow/example_dags/example_skip_dag.py took 0.248 seconds
[2024-07-31T12:29:28.317+0000] {processor.py:154} INFO - Started process (PID=2036) to work on /home/airflow/.local/lib/python3.7/site-packages/airflow/example_dags/example_skip_dag.py
[2024-07-31T12:29:28.319+0000] {processor.py:756} INFO - Processing file /home/airflow/.local/lib/python3.7/site-packages/airflow/example_dags/example_skip_dag.py for tasks to queue
[2024-07-31T12:29:28.325+0000] {logging_mixin.py:120} INFO - [2024-07-31T12:29:28.321+0000] {dagbag.py:537} INFO - Filling up the DagBag from /home/airflow/.local/lib/python3.7/site-packages/airflow/example_dags/example_skip_dag.py
[2024-07-31T12:29:28.357+0000] {processor.py:766} INFO - DAG(s) dict_keys(['example_skip_dag']) retrieved from /home/airflow/.local/lib/python3.7/site-packages/airflow/example_dags/example_skip_dag.py
[2024-07-31T12:29:28.436+0000] {logging_mixin.py:120} INFO - [2024-07-31T12:29:28.436+0000] {dag.py:2585} INFO - Sync 1 DAGs
[2024-07-31T12:29:28.489+0000] {logging_mixin.py:120} INFO - [2024-07-31T12:29:28.489+0000] {dag.py:3340} INFO - Setting next_dagrun for example_skip_dag to 2024-07-30T12:29:28.489018+00:00, run_after=2024-07-31T12:29:28.489018+00:00
[2024-07-31T12:29:28.523+0000] {processor.py:176} INFO - Processing /home/airflow/.local/lib/python3.7/site-packages/airflow/example_dags/example_skip_dag.py took 0.213 seconds
[2024-07-31T12:29:58.596+0000] {processor.py:154} INFO - Started process (PID=2091) to work on /home/airflow/.local/lib/python3.7/site-packages/airflow/example_dags/example_skip_dag.py
[2024-07-31T12:29:58.598+0000] {processor.py:756} INFO - Processing file /home/airflow/.local/lib/python3.7/site-packages/airflow/example_dags/example_skip_dag.py for tasks to queue
[2024-07-31T12:29:58.598+0000] {logging_mixin.py:120} INFO - [2024-07-31T12:29:58.598+0000] {dagbag.py:537} INFO - Filling up the DagBag from /home/airflow/.local/lib/python3.7/site-packages/airflow/example_dags/example_skip_dag.py
[2024-07-31T12:29:58.612+0000] {processor.py:766} INFO - DAG(s) dict_keys(['example_skip_dag']) retrieved from /home/airflow/.local/lib/python3.7/site-packages/airflow/example_dags/example_skip_dag.py
[2024-07-31T12:29:58.671+0000] {logging_mixin.py:120} INFO - [2024-07-31T12:29:58.670+0000] {dag.py:2585} INFO - Sync 1 DAGs
[2024-07-31T12:29:58.698+0000] {logging_mixin.py:120} INFO - [2024-07-31T12:29:58.698+0000] {dag.py:3340} INFO - Setting next_dagrun for example_skip_dag to 2024-07-30T12:29:58.698275+00:00, run_after=2024-07-31T12:29:58.698275+00:00
[2024-07-31T12:29:58.723+0000] {processor.py:176} INFO - Processing /home/airflow/.local/lib/python3.7/site-packages/airflow/example_dags/example_skip_dag.py took 0.131 seconds
[2024-07-31T12:30:29.031+0000] {processor.py:154} INFO - Started process (PID=2154) to work on /home/airflow/.local/lib/python3.7/site-packages/airflow/example_dags/example_skip_dag.py
[2024-07-31T12:30:29.037+0000] {processor.py:756} INFO - Processing file /home/airflow/.local/lib/python3.7/site-packages/airflow/example_dags/example_skip_dag.py for tasks to queue
[2024-07-31T12:30:29.042+0000] {logging_mixin.py:120} INFO - [2024-07-31T12:30:29.041+0000] {dagbag.py:537} INFO - Filling up the DagBag from /home/airflow/.local/lib/python3.7/site-packages/airflow/example_dags/example_skip_dag.py
[2024-07-31T12:30:29.072+0000] {processor.py:766} INFO - DAG(s) dict_keys(['example_skip_dag']) retrieved from /home/airflow/.local/lib/python3.7/site-packages/airflow/example_dags/example_skip_dag.py
[2024-07-31T12:30:29.233+0000] {logging_mixin.py:120} INFO - [2024-07-31T12:30:29.233+0000] {dag.py:2585} INFO - Sync 1 DAGs
[2024-07-31T12:30:29.372+0000] {logging_mixin.py:120} INFO - [2024-07-31T12:30:29.372+0000] {dag.py:3340} INFO - Setting next_dagrun for example_skip_dag to 2024-07-30T12:30:29.372245+00:00, run_after=2024-07-31T12:30:29.372245+00:00
[2024-07-31T12:30:29.448+0000] {processor.py:176} INFO - Processing /home/airflow/.local/lib/python3.7/site-packages/airflow/example_dags/example_skip_dag.py took 0.421 seconds
[2024-07-31T12:30:59.927+0000] {processor.py:154} INFO - Started process (PID=2216) to work on /home/airflow/.local/lib/python3.7/site-packages/airflow/example_dags/example_skip_dag.py
[2024-07-31T12:30:59.959+0000] {processor.py:756} INFO - Processing file /home/airflow/.local/lib/python3.7/site-packages/airflow/example_dags/example_skip_dag.py for tasks to queue
[2024-07-31T12:30:59.962+0000] {logging_mixin.py:120} INFO - [2024-07-31T12:30:59.962+0000] {dagbag.py:537} INFO - Filling up the DagBag from /home/airflow/.local/lib/python3.7/site-packages/airflow/example_dags/example_skip_dag.py
[2024-07-31T12:30:59.981+0000] {processor.py:766} INFO - DAG(s) dict_keys(['example_skip_dag']) retrieved from /home/airflow/.local/lib/python3.7/site-packages/airflow/example_dags/example_skip_dag.py
[2024-07-31T12:31:00.033+0000] {logging_mixin.py:120} INFO - [2024-07-31T12:31:00.033+0000] {dag.py:2585} INFO - Sync 1 DAGs
[2024-07-31T12:31:00.102+0000] {logging_mixin.py:120} INFO - [2024-07-31T12:31:00.102+0000] {dag.py:3340} INFO - Setting next_dagrun for example_skip_dag to 2024-07-30T12:31:00.102169+00:00, run_after=2024-07-31T12:31:00.102169+00:00
[2024-07-31T12:31:00.145+0000] {processor.py:176} INFO - Processing /home/airflow/.local/lib/python3.7/site-packages/airflow/example_dags/example_skip_dag.py took 0.223 seconds
[2024-07-31T12:31:30.953+0000] {processor.py:154} INFO - Started process (PID=2270) to work on /home/airflow/.local/lib/python3.7/site-packages/airflow/example_dags/example_skip_dag.py
[2024-07-31T12:31:30.956+0000] {processor.py:756} INFO - Processing file /home/airflow/.local/lib/python3.7/site-packages/airflow/example_dags/example_skip_dag.py for tasks to queue
[2024-07-31T12:31:30.957+0000] {logging_mixin.py:120} INFO - [2024-07-31T12:31:30.957+0000] {dagbag.py:537} INFO - Filling up the DagBag from /home/airflow/.local/lib/python3.7/site-packages/airflow/example_dags/example_skip_dag.py
[2024-07-31T12:31:30.978+0000] {processor.py:766} INFO - DAG(s) dict_keys(['example_skip_dag']) retrieved from /home/airflow/.local/lib/python3.7/site-packages/airflow/example_dags/example_skip_dag.py
[2024-07-31T12:31:31.025+0000] {logging_mixin.py:120} INFO - [2024-07-31T12:31:31.024+0000] {dag.py:2585} INFO - Sync 1 DAGs
[2024-07-31T12:31:31.055+0000] {logging_mixin.py:120} INFO - [2024-07-31T12:31:31.055+0000] {dag.py:3340} INFO - Setting next_dagrun for example_skip_dag to 2024-07-30T12:31:31.055179+00:00, run_after=2024-07-31T12:31:31.055179+00:00
[2024-07-31T12:31:31.084+0000] {processor.py:176} INFO - Processing /home/airflow/.local/lib/python3.7/site-packages/airflow/example_dags/example_skip_dag.py took 0.135 seconds
[2024-07-31T12:32:03.727+0000] {processor.py:154} INFO - Started process (PID=2334) to work on /home/airflow/.local/lib/python3.7/site-packages/airflow/example_dags/example_skip_dag.py
[2024-07-31T12:32:03.728+0000] {processor.py:756} INFO - Processing file /home/airflow/.local/lib/python3.7/site-packages/airflow/example_dags/example_skip_dag.py for tasks to queue
[2024-07-31T12:32:03.730+0000] {logging_mixin.py:120} INFO - [2024-07-31T12:32:03.729+0000] {dagbag.py:537} INFO - Filling up the DagBag from /home/airflow/.local/lib/python3.7/site-packages/airflow/example_dags/example_skip_dag.py
[2024-07-31T12:32:03.751+0000] {processor.py:766} INFO - DAG(s) dict_keys(['example_skip_dag']) retrieved from /home/airflow/.local/lib/python3.7/site-packages/airflow/example_dags/example_skip_dag.py
[2024-07-31T12:32:03.822+0000] {logging_mixin.py:120} INFO - [2024-07-31T12:32:03.822+0000] {dag.py:2585} INFO - Sync 1 DAGs
[2024-07-31T12:32:03.888+0000] {logging_mixin.py:120} INFO - [2024-07-31T12:32:03.888+0000] {dag.py:3340} INFO - Setting next_dagrun for example_skip_dag to 2024-07-30T12:32:03.886228+00:00, run_after=2024-07-31T12:32:03.886228+00:00
[2024-07-31T12:32:03.976+0000] {processor.py:176} INFO - Processing /home/airflow/.local/lib/python3.7/site-packages/airflow/example_dags/example_skip_dag.py took 0.253 seconds
[2024-07-31T12:32:34.724+0000] {processor.py:154} INFO - Started process (PID=2396) to work on /home/airflow/.local/lib/python3.7/site-packages/airflow/example_dags/example_skip_dag.py
[2024-07-31T12:32:34.727+0000] {processor.py:756} INFO - Processing file /home/airflow/.local/lib/python3.7/site-packages/airflow/example_dags/example_skip_dag.py for tasks to queue
[2024-07-31T12:32:34.729+0000] {logging_mixin.py:120} INFO - [2024-07-31T12:32:34.728+0000] {dagbag.py:537} INFO - Filling up the DagBag from /home/airflow/.local/lib/python3.7/site-packages/airflow/example_dags/example_skip_dag.py
[2024-07-31T12:32:34.749+0000] {processor.py:766} INFO - DAG(s) dict_keys(['example_skip_dag']) retrieved from /home/airflow/.local/lib/python3.7/site-packages/airflow/example_dags/example_skip_dag.py
[2024-07-31T12:32:34.805+0000] {logging_mixin.py:120} INFO - [2024-07-31T12:32:34.805+0000] {dag.py:2585} INFO - Sync 1 DAGs
[2024-07-31T12:32:35.007+0000] {logging_mixin.py:120} INFO - [2024-07-31T12:32:35.007+0000] {dag.py:3340} INFO - Setting next_dagrun for example_skip_dag to 2024-07-30T12:32:35.006923+00:00, run_after=2024-07-31T12:32:35.006923+00:00
[2024-07-31T12:32:35.179+0000] {processor.py:176} INFO - Processing /home/airflow/.local/lib/python3.7/site-packages/airflow/example_dags/example_skip_dag.py took 0.459 seconds
[2024-07-31T12:33:05.882+0000] {processor.py:154} INFO - Started process (PID=2450) to work on /home/airflow/.local/lib/python3.7/site-packages/airflow/example_dags/example_skip_dag.py
[2024-07-31T12:33:05.909+0000] {processor.py:756} INFO - Processing file /home/airflow/.local/lib/python3.7/site-packages/airflow/example_dags/example_skip_dag.py for tasks to queue
[2024-07-31T12:33:05.950+0000] {logging_mixin.py:120} INFO - [2024-07-31T12:33:05.950+0000] {dagbag.py:537} INFO - Filling up the DagBag from /home/airflow/.local/lib/python3.7/site-packages/airflow/example_dags/example_skip_dag.py
[2024-07-31T12:33:05.968+0000] {processor.py:766} INFO - DAG(s) dict_keys(['example_skip_dag']) retrieved from /home/airflow/.local/lib/python3.7/site-packages/airflow/example_dags/example_skip_dag.py
[2024-07-31T12:33:06.023+0000] {logging_mixin.py:120} INFO - [2024-07-31T12:33:06.023+0000] {dag.py:2585} INFO - Sync 1 DAGs
[2024-07-31T12:33:06.106+0000] {logging_mixin.py:120} INFO - [2024-07-31T12:33:06.106+0000] {dag.py:3340} INFO - Setting next_dagrun for example_skip_dag to 2024-07-30T12:33:06.105820+00:00, run_after=2024-07-31T12:33:06.105820+00:00
[2024-07-31T12:33:06.136+0000] {processor.py:176} INFO - Processing /home/airflow/.local/lib/python3.7/site-packages/airflow/example_dags/example_skip_dag.py took 0.257 seconds
[2024-07-31T12:33:36.896+0000] {processor.py:154} INFO - Started process (PID=2514) to work on /home/airflow/.local/lib/python3.7/site-packages/airflow/example_dags/example_skip_dag.py
[2024-07-31T12:33:36.900+0000] {processor.py:756} INFO - Processing file /home/airflow/.local/lib/python3.7/site-packages/airflow/example_dags/example_skip_dag.py for tasks to queue
[2024-07-31T12:33:36.951+0000] {logging_mixin.py:120} INFO - [2024-07-31T12:33:36.950+0000] {dagbag.py:537} INFO - Filling up the DagBag from /home/airflow/.local/lib/python3.7/site-packages/airflow/example_dags/example_skip_dag.py
[2024-07-31T12:33:37.020+0000] {processor.py:766} INFO - DAG(s) dict_keys(['example_skip_dag']) retrieved from /home/airflow/.local/lib/python3.7/site-packages/airflow/example_dags/example_skip_dag.py
[2024-07-31T12:33:37.066+0000] {logging_mixin.py:120} INFO - [2024-07-31T12:33:37.065+0000] {dag.py:2585} INFO - Sync 1 DAGs
[2024-07-31T12:33:37.164+0000] {logging_mixin.py:120} INFO - [2024-07-31T12:33:37.164+0000] {dag.py:3340} INFO - Setting next_dagrun for example_skip_dag to 2024-07-30T12:33:37.163809+00:00, run_after=2024-07-31T12:33:37.163809+00:00
[2024-07-31T12:33:37.218+0000] {processor.py:176} INFO - Processing /home/airflow/.local/lib/python3.7/site-packages/airflow/example_dags/example_skip_dag.py took 0.326 seconds
[2024-07-31T12:34:08.822+0000] {processor.py:154} INFO - Started process (PID=2568) to work on /home/airflow/.local/lib/python3.7/site-packages/airflow/example_dags/example_skip_dag.py
[2024-07-31T12:34:08.824+0000] {processor.py:756} INFO - Processing file /home/airflow/.local/lib/python3.7/site-packages/airflow/example_dags/example_skip_dag.py for tasks to queue
[2024-07-31T12:34:08.826+0000] {logging_mixin.py:120} INFO - [2024-07-31T12:34:08.826+0000] {dagbag.py:537} INFO - Filling up the DagBag from /home/airflow/.local/lib/python3.7/site-packages/airflow/example_dags/example_skip_dag.py
[2024-07-31T12:34:08.844+0000] {processor.py:766} INFO - DAG(s) dict_keys(['example_skip_dag']) retrieved from /home/airflow/.local/lib/python3.7/site-packages/airflow/example_dags/example_skip_dag.py
[2024-07-31T12:34:09.001+0000] {logging_mixin.py:120} INFO - [2024-07-31T12:34:09.000+0000] {dag.py:2585} INFO - Sync 1 DAGs
[2024-07-31T12:34:09.120+0000] {logging_mixin.py:120} INFO - [2024-07-31T12:34:09.120+0000] {dag.py:3340} INFO - Setting next_dagrun for example_skip_dag to 2024-07-30T12:34:09.120435+00:00, run_after=2024-07-31T12:34:09.120435+00:00
[2024-07-31T12:34:09.235+0000] {processor.py:176} INFO - Processing /home/airflow/.local/lib/python3.7/site-packages/airflow/example_dags/example_skip_dag.py took 0.417 seconds
[2024-07-31T12:34:39.853+0000] {processor.py:154} INFO - Started process (PID=2630) to work on /home/airflow/.local/lib/python3.7/site-packages/airflow/example_dags/example_skip_dag.py
[2024-07-31T12:34:39.854+0000] {processor.py:756} INFO - Processing file /home/airflow/.local/lib/python3.7/site-packages/airflow/example_dags/example_skip_dag.py for tasks to queue
[2024-07-31T12:34:39.855+0000] {logging_mixin.py:120} INFO - [2024-07-31T12:34:39.855+0000] {dagbag.py:537} INFO - Filling up the DagBag from /home/airflow/.local/lib/python3.7/site-packages/airflow/example_dags/example_skip_dag.py
[2024-07-31T12:34:39.871+0000] {processor.py:766} INFO - DAG(s) dict_keys(['example_skip_dag']) retrieved from /home/airflow/.local/lib/python3.7/site-packages/airflow/example_dags/example_skip_dag.py
[2024-07-31T12:34:39.937+0000] {logging_mixin.py:120} INFO - [2024-07-31T12:34:39.937+0000] {dag.py:2585} INFO - Sync 1 DAGs
[2024-07-31T12:34:39.995+0000] {logging_mixin.py:120} INFO - [2024-07-31T12:34:39.995+0000] {dag.py:3340} INFO - Setting next_dagrun for example_skip_dag to 2024-07-30T12:34:39.995543+00:00, run_after=2024-07-31T12:34:39.995543+00:00
[2024-07-31T12:34:40.064+0000] {processor.py:176} INFO - Processing /home/airflow/.local/lib/python3.7/site-packages/airflow/example_dags/example_skip_dag.py took 0.214 seconds
[2024-07-31T12:35:10.842+0000] {processor.py:154} INFO - Started process (PID=2693) to work on /home/airflow/.local/lib/python3.7/site-packages/airflow/example_dags/example_skip_dag.py
[2024-07-31T12:35:10.846+0000] {processor.py:756} INFO - Processing file /home/airflow/.local/lib/python3.7/site-packages/airflow/example_dags/example_skip_dag.py for tasks to queue
[2024-07-31T12:35:10.850+0000] {logging_mixin.py:120} INFO - [2024-07-31T12:35:10.850+0000] {dagbag.py:537} INFO - Filling up the DagBag from /home/airflow/.local/lib/python3.7/site-packages/airflow/example_dags/example_skip_dag.py
[2024-07-31T12:35:10.888+0000] {processor.py:766} INFO - DAG(s) dict_keys(['example_skip_dag']) retrieved from /home/airflow/.local/lib/python3.7/site-packages/airflow/example_dags/example_skip_dag.py
[2024-07-31T12:35:11.043+0000] {logging_mixin.py:120} INFO - [2024-07-31T12:35:11.043+0000] {dag.py:2585} INFO - Sync 1 DAGs
[2024-07-31T12:35:11.113+0000] {logging_mixin.py:120} INFO - [2024-07-31T12:35:11.113+0000] {dag.py:3340} INFO - Setting next_dagrun for example_skip_dag to 2024-07-30T12:35:11.113115+00:00, run_after=2024-07-31T12:35:11.113115+00:00
[2024-07-31T12:35:11.294+0000] {processor.py:176} INFO - Processing /home/airflow/.local/lib/python3.7/site-packages/airflow/example_dags/example_skip_dag.py took 0.456 seconds
[2024-07-31T12:35:42.339+0000] {processor.py:154} INFO - Started process (PID=2747) to work on /home/airflow/.local/lib/python3.7/site-packages/airflow/example_dags/example_skip_dag.py
[2024-07-31T12:35:42.344+0000] {processor.py:756} INFO - Processing file /home/airflow/.local/lib/python3.7/site-packages/airflow/example_dags/example_skip_dag.py for tasks to queue
[2024-07-31T12:35:42.350+0000] {logging_mixin.py:120} INFO - [2024-07-31T12:35:42.350+0000] {dagbag.py:537} INFO - Filling up the DagBag from /home/airflow/.local/lib/python3.7/site-packages/airflow/example_dags/example_skip_dag.py
[2024-07-31T12:35:42.377+0000] {processor.py:766} INFO - DAG(s) dict_keys(['example_skip_dag']) retrieved from /home/airflow/.local/lib/python3.7/site-packages/airflow/example_dags/example_skip_dag.py
[2024-07-31T12:35:42.477+0000] {logging_mixin.py:120} INFO - [2024-07-31T12:35:42.476+0000] {dag.py:2585} INFO - Sync 1 DAGs
[2024-07-31T12:35:42.538+0000] {logging_mixin.py:120} INFO - [2024-07-31T12:35:42.538+0000] {dag.py:3340} INFO - Setting next_dagrun for example_skip_dag to 2024-07-30T12:35:42.538380+00:00, run_after=2024-07-31T12:35:42.538380+00:00
[2024-07-31T12:35:42.568+0000] {processor.py:176} INFO - Processing /home/airflow/.local/lib/python3.7/site-packages/airflow/example_dags/example_skip_dag.py took 0.233 seconds
[2024-07-31T12:36:12.841+0000] {processor.py:154} INFO - Started process (PID=2811) to work on /home/airflow/.local/lib/python3.7/site-packages/airflow/example_dags/example_skip_dag.py
[2024-07-31T12:36:12.843+0000] {processor.py:756} INFO - Processing file /home/airflow/.local/lib/python3.7/site-packages/airflow/example_dags/example_skip_dag.py for tasks to queue
[2024-07-31T12:36:12.848+0000] {logging_mixin.py:120} INFO - [2024-07-31T12:36:12.844+0000] {dagbag.py:537} INFO - Filling up the DagBag from /home/airflow/.local/lib/python3.7/site-packages/airflow/example_dags/example_skip_dag.py
[2024-07-31T12:36:12.867+0000] {processor.py:766} INFO - DAG(s) dict_keys(['example_skip_dag']) retrieved from /home/airflow/.local/lib/python3.7/site-packages/airflow/example_dags/example_skip_dag.py
[2024-07-31T12:36:12.973+0000] {logging_mixin.py:120} INFO - [2024-07-31T12:36:12.973+0000] {dag.py:2585} INFO - Sync 1 DAGs
[2024-07-31T12:36:13.024+0000] {logging_mixin.py:120} INFO - [2024-07-31T12:36:13.024+0000] {dag.py:3340} INFO - Setting next_dagrun for example_skip_dag to 2024-07-30T12:36:13.023854+00:00, run_after=2024-07-31T12:36:13.023854+00:00
[2024-07-31T12:36:13.168+0000] {processor.py:176} INFO - Processing /home/airflow/.local/lib/python3.7/site-packages/airflow/example_dags/example_skip_dag.py took 0.331 seconds
