[2024-07-31T12:12:27.787+0000] {processor.py:154} INFO - Started process (PID=92) to work on /home/airflow/.local/lib/python3.7/site-packages/airflow/example_dags/example_branch_day_of_week_operator.py
[2024-07-31T12:12:27.792+0000] {processor.py:756} INFO - Processing file /home/airflow/.local/lib/python3.7/site-packages/airflow/example_dags/example_branch_day_of_week_operator.py for tasks to queue
[2024-07-31T12:12:27.809+0000] {logging_mixin.py:120} INFO - [2024-07-31T12:12:27.808+0000] {dagbag.py:537} INFO - Filling up the DagBag from /home/airflow/.local/lib/python3.7/site-packages/airflow/example_dags/example_branch_day_of_week_operator.py
[2024-07-31T12:12:27.873+0000] {processor.py:766} INFO - DAG(s) dict_keys(['example_weekday_branch_operator']) retrieved from /home/airflow/.local/lib/python3.7/site-packages/airflow/example_dags/example_branch_day_of_week_operator.py
[2024-07-31T12:12:28.125+0000] {logging_mixin.py:120} INFO - [2024-07-31T12:12:28.125+0000] {manager.py:507} INFO - Created Permission View: can read on DAG:example_weekday_branch_operator
[2024-07-31T12:12:28.151+0000] {logging_mixin.py:120} INFO - [2024-07-31T12:12:28.151+0000] {manager.py:507} INFO - Created Permission View: can delete on DAG:example_weekday_branch_operator
[2024-07-31T12:12:28.176+0000] {logging_mixin.py:120} INFO - [2024-07-31T12:12:28.175+0000] {manager.py:507} INFO - Created Permission View: can edit on DAG:example_weekday_branch_operator
[2024-07-31T12:12:28.176+0000] {logging_mixin.py:120} INFO - [2024-07-31T12:12:28.176+0000] {dag.py:2585} INFO - Sync 1 DAGs
[2024-07-31T12:12:28.200+0000] {logging_mixin.py:120} INFO - [2024-07-31T12:12:28.199+0000] {dag.py:2606} INFO - Creating ORM DAG for example_weekday_branch_operator
[2024-07-31T12:12:28.222+0000] {logging_mixin.py:120} INFO - [2024-07-31T12:12:28.222+0000] {dag.py:3340} INFO - Setting next_dagrun for example_weekday_branch_operator to 2024-07-30T00:00:00+00:00, run_after=2024-07-31T00:00:00+00:00
[2024-07-31T12:12:28.272+0000] {processor.py:176} INFO - Processing /home/airflow/.local/lib/python3.7/site-packages/airflow/example_dags/example_branch_day_of_week_operator.py took 0.493 seconds
[2024-07-31T12:12:58.529+0000] {processor.py:154} INFO - Started process (PID=146) to work on /home/airflow/.local/lib/python3.7/site-packages/airflow/example_dags/example_branch_day_of_week_operator.py
[2024-07-31T12:12:58.530+0000] {processor.py:756} INFO - Processing file /home/airflow/.local/lib/python3.7/site-packages/airflow/example_dags/example_branch_day_of_week_operator.py for tasks to queue
[2024-07-31T12:12:58.532+0000] {logging_mixin.py:120} INFO - [2024-07-31T12:12:58.531+0000] {dagbag.py:537} INFO - Filling up the DagBag from /home/airflow/.local/lib/python3.7/site-packages/airflow/example_dags/example_branch_day_of_week_operator.py
[2024-07-31T12:12:58.554+0000] {processor.py:766} INFO - DAG(s) dict_keys(['example_weekday_branch_operator']) retrieved from /home/airflow/.local/lib/python3.7/site-packages/airflow/example_dags/example_branch_day_of_week_operator.py
[2024-07-31T12:12:58.586+0000] {logging_mixin.py:120} INFO - [2024-07-31T12:12:58.586+0000] {dag.py:2585} INFO - Sync 1 DAGs
[2024-07-31T12:12:58.622+0000] {logging_mixin.py:120} INFO - [2024-07-31T12:12:58.622+0000] {dag.py:3340} INFO - Setting next_dagrun for example_weekday_branch_operator to 2024-07-30T00:00:00+00:00, run_after=2024-07-31T00:00:00+00:00
[2024-07-31T12:12:58.650+0000] {processor.py:176} INFO - Processing /home/airflow/.local/lib/python3.7/site-packages/airflow/example_dags/example_branch_day_of_week_operator.py took 0.124 seconds
[2024-07-31T12:13:29.122+0000] {processor.py:154} INFO - Started process (PID=210) to work on /home/airflow/.local/lib/python3.7/site-packages/airflow/example_dags/example_branch_day_of_week_operator.py
[2024-07-31T12:13:29.123+0000] {processor.py:756} INFO - Processing file /home/airflow/.local/lib/python3.7/site-packages/airflow/example_dags/example_branch_day_of_week_operator.py for tasks to queue
[2024-07-31T12:13:29.125+0000] {logging_mixin.py:120} INFO - [2024-07-31T12:13:29.124+0000] {dagbag.py:537} INFO - Filling up the DagBag from /home/airflow/.local/lib/python3.7/site-packages/airflow/example_dags/example_branch_day_of_week_operator.py
[2024-07-31T12:13:29.149+0000] {processor.py:766} INFO - DAG(s) dict_keys(['example_weekday_branch_operator']) retrieved from /home/airflow/.local/lib/python3.7/site-packages/airflow/example_dags/example_branch_day_of_week_operator.py
[2024-07-31T12:13:29.216+0000] {logging_mixin.py:120} INFO - [2024-07-31T12:13:29.216+0000] {dag.py:2585} INFO - Sync 1 DAGs
[2024-07-31T12:13:29.252+0000] {logging_mixin.py:120} INFO - [2024-07-31T12:13:29.252+0000] {dag.py:3340} INFO - Setting next_dagrun for example_weekday_branch_operator to 2024-07-30T00:00:00+00:00, run_after=2024-07-31T00:00:00+00:00
[2024-07-31T12:13:29.335+0000] {processor.py:176} INFO - Processing /home/airflow/.local/lib/python3.7/site-packages/airflow/example_dags/example_branch_day_of_week_operator.py took 0.216 seconds
[2024-07-31T12:13:59.808+0000] {processor.py:154} INFO - Started process (PID=273) to work on /home/airflow/.local/lib/python3.7/site-packages/airflow/example_dags/example_branch_day_of_week_operator.py
[2024-07-31T12:13:59.809+0000] {processor.py:756} INFO - Processing file /home/airflow/.local/lib/python3.7/site-packages/airflow/example_dags/example_branch_day_of_week_operator.py for tasks to queue
[2024-07-31T12:13:59.810+0000] {logging_mixin.py:120} INFO - [2024-07-31T12:13:59.810+0000] {dagbag.py:537} INFO - Filling up the DagBag from /home/airflow/.local/lib/python3.7/site-packages/airflow/example_dags/example_branch_day_of_week_operator.py
[2024-07-31T12:13:59.831+0000] {processor.py:766} INFO - DAG(s) dict_keys(['example_weekday_branch_operator']) retrieved from /home/airflow/.local/lib/python3.7/site-packages/airflow/example_dags/example_branch_day_of_week_operator.py
[2024-07-31T12:13:59.897+0000] {logging_mixin.py:120} INFO - [2024-07-31T12:13:59.897+0000] {dag.py:2585} INFO - Sync 1 DAGs
[2024-07-31T12:13:59.955+0000] {logging_mixin.py:120} INFO - [2024-07-31T12:13:59.955+0000] {dag.py:3340} INFO - Setting next_dagrun for example_weekday_branch_operator to 2024-07-30T00:00:00+00:00, run_after=2024-07-31T00:00:00+00:00
[2024-07-31T12:14:00.015+0000] {processor.py:176} INFO - Processing /home/airflow/.local/lib/python3.7/site-packages/airflow/example_dags/example_branch_day_of_week_operator.py took 0.211 seconds
[2024-07-31T12:14:30.258+0000] {processor.py:154} INFO - Started process (PID=331) to work on /home/airflow/.local/lib/python3.7/site-packages/airflow/example_dags/example_branch_day_of_week_operator.py
[2024-07-31T12:14:30.259+0000] {processor.py:756} INFO - Processing file /home/airflow/.local/lib/python3.7/site-packages/airflow/example_dags/example_branch_day_of_week_operator.py for tasks to queue
[2024-07-31T12:14:30.261+0000] {logging_mixin.py:120} INFO - [2024-07-31T12:14:30.260+0000] {dagbag.py:537} INFO - Filling up the DagBag from /home/airflow/.local/lib/python3.7/site-packages/airflow/example_dags/example_branch_day_of_week_operator.py
[2024-07-31T12:14:30.279+0000] {processor.py:766} INFO - DAG(s) dict_keys(['example_weekday_branch_operator']) retrieved from /home/airflow/.local/lib/python3.7/site-packages/airflow/example_dags/example_branch_day_of_week_operator.py
[2024-07-31T12:14:30.332+0000] {logging_mixin.py:120} INFO - [2024-07-31T12:14:30.332+0000] {dag.py:2585} INFO - Sync 1 DAGs
[2024-07-31T12:14:30.363+0000] {logging_mixin.py:120} INFO - [2024-07-31T12:14:30.362+0000] {dag.py:3340} INFO - Setting next_dagrun for example_weekday_branch_operator to 2024-07-30T00:00:00+00:00, run_after=2024-07-31T00:00:00+00:00
[2024-07-31T12:14:30.393+0000] {processor.py:176} INFO - Processing /home/airflow/.local/lib/python3.7/site-packages/airflow/example_dags/example_branch_day_of_week_operator.py took 0.139 seconds
[2024-07-31T12:15:01.603+0000] {processor.py:154} INFO - Started process (PID=393) to work on /home/airflow/.local/lib/python3.7/site-packages/airflow/example_dags/example_branch_day_of_week_operator.py
[2024-07-31T12:15:01.626+0000] {processor.py:756} INFO - Processing file /home/airflow/.local/lib/python3.7/site-packages/airflow/example_dags/example_branch_day_of_week_operator.py for tasks to queue
[2024-07-31T12:15:01.641+0000] {logging_mixin.py:120} INFO - [2024-07-31T12:15:01.640+0000] {dagbag.py:537} INFO - Filling up the DagBag from /home/airflow/.local/lib/python3.7/site-packages/airflow/example_dags/example_branch_day_of_week_operator.py
[2024-07-31T12:15:01.679+0000] {processor.py:766} INFO - DAG(s) dict_keys(['example_weekday_branch_operator']) retrieved from /home/airflow/.local/lib/python3.7/site-packages/airflow/example_dags/example_branch_day_of_week_operator.py
[2024-07-31T12:15:01.797+0000] {logging_mixin.py:120} INFO - [2024-07-31T12:15:01.796+0000] {dag.py:2585} INFO - Sync 1 DAGs
[2024-07-31T12:15:01.853+0000] {logging_mixin.py:120} INFO - [2024-07-31T12:15:01.852+0000] {dag.py:3340} INFO - Setting next_dagrun for example_weekday_branch_operator to 2024-07-30T00:00:00+00:00, run_after=2024-07-31T00:00:00+00:00
[2024-07-31T12:15:01.902+0000] {processor.py:176} INFO - Processing /home/airflow/.local/lib/python3.7/site-packages/airflow/example_dags/example_branch_day_of_week_operator.py took 0.303 seconds
[2024-07-31T12:15:32.087+0000] {processor.py:154} INFO - Started process (PID=447) to work on /home/airflow/.local/lib/python3.7/site-packages/airflow/example_dags/example_branch_day_of_week_operator.py
[2024-07-31T12:15:32.088+0000] {processor.py:756} INFO - Processing file /home/airflow/.local/lib/python3.7/site-packages/airflow/example_dags/example_branch_day_of_week_operator.py for tasks to queue
[2024-07-31T12:15:32.089+0000] {logging_mixin.py:120} INFO - [2024-07-31T12:15:32.089+0000] {dagbag.py:537} INFO - Filling up the DagBag from /home/airflow/.local/lib/python3.7/site-packages/airflow/example_dags/example_branch_day_of_week_operator.py
[2024-07-31T12:15:32.106+0000] {processor.py:766} INFO - DAG(s) dict_keys(['example_weekday_branch_operator']) retrieved from /home/airflow/.local/lib/python3.7/site-packages/airflow/example_dags/example_branch_day_of_week_operator.py
[2024-07-31T12:15:32.159+0000] {logging_mixin.py:120} INFO - [2024-07-31T12:15:32.159+0000] {dag.py:2585} INFO - Sync 1 DAGs
[2024-07-31T12:15:32.192+0000] {logging_mixin.py:120} INFO - [2024-07-31T12:15:32.192+0000] {dag.py:3340} INFO - Setting next_dagrun for example_weekday_branch_operator to 2024-07-30T00:00:00+00:00, run_after=2024-07-31T00:00:00+00:00
[2024-07-31T12:15:32.224+0000] {processor.py:176} INFO - Processing /home/airflow/.local/lib/python3.7/site-packages/airflow/example_dags/example_branch_day_of_week_operator.py took 0.140 seconds
[2024-07-31T12:16:02.585+0000] {processor.py:154} INFO - Started process (PID=510) to work on /home/airflow/.local/lib/python3.7/site-packages/airflow/example_dags/example_branch_day_of_week_operator.py
[2024-07-31T12:16:02.587+0000] {processor.py:756} INFO - Processing file /home/airflow/.local/lib/python3.7/site-packages/airflow/example_dags/example_branch_day_of_week_operator.py for tasks to queue
[2024-07-31T12:16:02.589+0000] {logging_mixin.py:120} INFO - [2024-07-31T12:16:02.589+0000] {dagbag.py:537} INFO - Filling up the DagBag from /home/airflow/.local/lib/python3.7/site-packages/airflow/example_dags/example_branch_day_of_week_operator.py
[2024-07-31T12:16:02.608+0000] {processor.py:766} INFO - DAG(s) dict_keys(['example_weekday_branch_operator']) retrieved from /home/airflow/.local/lib/python3.7/site-packages/airflow/example_dags/example_branch_day_of_week_operator.py
[2024-07-31T12:16:02.661+0000] {logging_mixin.py:120} INFO - [2024-07-31T12:16:02.661+0000] {dag.py:2585} INFO - Sync 1 DAGs
[2024-07-31T12:16:02.693+0000] {logging_mixin.py:120} INFO - [2024-07-31T12:16:02.693+0000] {dag.py:3340} INFO - Setting next_dagrun for example_weekday_branch_operator to 2024-07-30T00:00:00+00:00, run_after=2024-07-31T00:00:00+00:00
[2024-07-31T12:16:02.722+0000] {processor.py:176} INFO - Processing /home/airflow/.local/lib/python3.7/site-packages/airflow/example_dags/example_branch_day_of_week_operator.py took 0.141 seconds
[2024-07-31T12:16:35.553+0000] {processor.py:154} INFO - Started process (PID=573) to work on /home/airflow/.local/lib/python3.7/site-packages/airflow/example_dags/example_branch_day_of_week_operator.py
[2024-07-31T12:16:35.555+0000] {processor.py:756} INFO - Processing file /home/airflow/.local/lib/python3.7/site-packages/airflow/example_dags/example_branch_day_of_week_operator.py for tasks to queue
[2024-07-31T12:16:35.556+0000] {logging_mixin.py:120} INFO - [2024-07-31T12:16:35.556+0000] {dagbag.py:537} INFO - Filling up the DagBag from /home/airflow/.local/lib/python3.7/site-packages/airflow/example_dags/example_branch_day_of_week_operator.py
[2024-07-31T12:16:35.581+0000] {processor.py:766} INFO - DAG(s) dict_keys(['example_weekday_branch_operator']) retrieved from /home/airflow/.local/lib/python3.7/site-packages/airflow/example_dags/example_branch_day_of_week_operator.py
[2024-07-31T12:16:35.633+0000] {logging_mixin.py:120} INFO - [2024-07-31T12:16:35.633+0000] {dag.py:2585} INFO - Sync 1 DAGs
[2024-07-31T12:16:35.670+0000] {logging_mixin.py:120} INFO - [2024-07-31T12:16:35.670+0000] {dag.py:3340} INFO - Setting next_dagrun for example_weekday_branch_operator to 2024-07-30T00:00:00+00:00, run_after=2024-07-31T00:00:00+00:00
[2024-07-31T12:16:35.700+0000] {processor.py:176} INFO - Processing /home/airflow/.local/lib/python3.7/site-packages/airflow/example_dags/example_branch_day_of_week_operator.py took 0.151 seconds
[2024-07-31T12:17:08.036+0000] {processor.py:154} INFO - Started process (PID=627) to work on /home/airflow/.local/lib/python3.7/site-packages/airflow/example_dags/example_branch_day_of_week_operator.py
[2024-07-31T12:17:08.038+0000] {processor.py:756} INFO - Processing file /home/airflow/.local/lib/python3.7/site-packages/airflow/example_dags/example_branch_day_of_week_operator.py for tasks to queue
[2024-07-31T12:17:08.039+0000] {logging_mixin.py:120} INFO - [2024-07-31T12:17:08.039+0000] {dagbag.py:537} INFO - Filling up the DagBag from /home/airflow/.local/lib/python3.7/site-packages/airflow/example_dags/example_branch_day_of_week_operator.py
[2024-07-31T12:17:08.077+0000] {processor.py:766} INFO - DAG(s) dict_keys(['example_weekday_branch_operator']) retrieved from /home/airflow/.local/lib/python3.7/site-packages/airflow/example_dags/example_branch_day_of_week_operator.py
[2024-07-31T12:17:08.156+0000] {logging_mixin.py:120} INFO - [2024-07-31T12:17:08.155+0000] {dag.py:2585} INFO - Sync 1 DAGs
[2024-07-31T12:17:08.189+0000] {logging_mixin.py:120} INFO - [2024-07-31T12:17:08.189+0000] {dag.py:3340} INFO - Setting next_dagrun for example_weekday_branch_operator to 2024-07-30T00:00:00+00:00, run_after=2024-07-31T00:00:00+00:00
[2024-07-31T12:17:08.223+0000] {processor.py:176} INFO - Processing /home/airflow/.local/lib/python3.7/site-packages/airflow/example_dags/example_branch_day_of_week_operator.py took 0.191 seconds
[2024-07-31T12:17:41.116+0000] {processor.py:154} INFO - Started process (PID=689) to work on /home/airflow/.local/lib/python3.7/site-packages/airflow/example_dags/example_branch_day_of_week_operator.py
[2024-07-31T12:17:41.118+0000] {processor.py:756} INFO - Processing file /home/airflow/.local/lib/python3.7/site-packages/airflow/example_dags/example_branch_day_of_week_operator.py for tasks to queue
[2024-07-31T12:17:41.121+0000] {logging_mixin.py:120} INFO - [2024-07-31T12:17:41.120+0000] {dagbag.py:537} INFO - Filling up the DagBag from /home/airflow/.local/lib/python3.7/site-packages/airflow/example_dags/example_branch_day_of_week_operator.py
[2024-07-31T12:17:41.143+0000] {processor.py:766} INFO - DAG(s) dict_keys(['example_weekday_branch_operator']) retrieved from /home/airflow/.local/lib/python3.7/site-packages/airflow/example_dags/example_branch_day_of_week_operator.py
[2024-07-31T12:17:41.205+0000] {logging_mixin.py:120} INFO - [2024-07-31T12:17:41.205+0000] {dag.py:2585} INFO - Sync 1 DAGs
[2024-07-31T12:17:41.245+0000] {logging_mixin.py:120} INFO - [2024-07-31T12:17:41.245+0000] {dag.py:3340} INFO - Setting next_dagrun for example_weekday_branch_operator to 2024-07-30T00:00:00+00:00, run_after=2024-07-31T00:00:00+00:00
[2024-07-31T12:17:41.291+0000] {processor.py:176} INFO - Processing /home/airflow/.local/lib/python3.7/site-packages/airflow/example_dags/example_branch_day_of_week_operator.py took 0.180 seconds
[2024-07-31T12:18:11.755+0000] {processor.py:154} INFO - Started process (PID=751) to work on /home/airflow/.local/lib/python3.7/site-packages/airflow/example_dags/example_branch_day_of_week_operator.py
[2024-07-31T12:18:11.758+0000] {processor.py:756} INFO - Processing file /home/airflow/.local/lib/python3.7/site-packages/airflow/example_dags/example_branch_day_of_week_operator.py for tasks to queue
[2024-07-31T12:18:11.759+0000] {logging_mixin.py:120} INFO - [2024-07-31T12:18:11.759+0000] {dagbag.py:537} INFO - Filling up the DagBag from /home/airflow/.local/lib/python3.7/site-packages/airflow/example_dags/example_branch_day_of_week_operator.py
[2024-07-31T12:18:11.790+0000] {processor.py:766} INFO - DAG(s) dict_keys(['example_weekday_branch_operator']) retrieved from /home/airflow/.local/lib/python3.7/site-packages/airflow/example_dags/example_branch_day_of_week_operator.py
[2024-07-31T12:18:11.864+0000] {logging_mixin.py:120} INFO - [2024-07-31T12:18:11.864+0000] {dag.py:2585} INFO - Sync 1 DAGs
[2024-07-31T12:18:11.925+0000] {logging_mixin.py:120} INFO - [2024-07-31T12:18:11.925+0000] {dag.py:3340} INFO - Setting next_dagrun for example_weekday_branch_operator to 2024-07-30T00:00:00+00:00, run_after=2024-07-31T00:00:00+00:00
[2024-07-31T12:18:11.963+0000] {processor.py:176} INFO - Processing /home/airflow/.local/lib/python3.7/site-packages/airflow/example_dags/example_branch_day_of_week_operator.py took 0.213 seconds
[2024-07-31T12:18:43.151+0000] {processor.py:154} INFO - Started process (PID=805) to work on /home/airflow/.local/lib/python3.7/site-packages/airflow/example_dags/example_branch_day_of_week_operator.py
[2024-07-31T12:18:43.153+0000] {processor.py:756} INFO - Processing file /home/airflow/.local/lib/python3.7/site-packages/airflow/example_dags/example_branch_day_of_week_operator.py for tasks to queue
[2024-07-31T12:18:43.155+0000] {logging_mixin.py:120} INFO - [2024-07-31T12:18:43.154+0000] {dagbag.py:537} INFO - Filling up the DagBag from /home/airflow/.local/lib/python3.7/site-packages/airflow/example_dags/example_branch_day_of_week_operator.py
[2024-07-31T12:18:43.178+0000] {processor.py:766} INFO - DAG(s) dict_keys(['example_weekday_branch_operator']) retrieved from /home/airflow/.local/lib/python3.7/site-packages/airflow/example_dags/example_branch_day_of_week_operator.py
[2024-07-31T12:18:43.257+0000] {logging_mixin.py:120} INFO - [2024-07-31T12:18:43.256+0000] {dag.py:2585} INFO - Sync 1 DAGs
[2024-07-31T12:18:43.296+0000] {logging_mixin.py:120} INFO - [2024-07-31T12:18:43.296+0000] {dag.py:3340} INFO - Setting next_dagrun for example_weekday_branch_operator to 2024-07-30T00:00:00+00:00, run_after=2024-07-31T00:00:00+00:00
[2024-07-31T12:18:43.345+0000] {processor.py:176} INFO - Processing /home/airflow/.local/lib/python3.7/site-packages/airflow/example_dags/example_branch_day_of_week_operator.py took 0.198 seconds
[2024-07-31T12:19:14.211+0000] {processor.py:154} INFO - Started process (PID=868) to work on /home/airflow/.local/lib/python3.7/site-packages/airflow/example_dags/example_branch_day_of_week_operator.py
[2024-07-31T12:19:14.212+0000] {processor.py:756} INFO - Processing file /home/airflow/.local/lib/python3.7/site-packages/airflow/example_dags/example_branch_day_of_week_operator.py for tasks to queue
[2024-07-31T12:19:14.213+0000] {logging_mixin.py:120} INFO - [2024-07-31T12:19:14.213+0000] {dagbag.py:537} INFO - Filling up the DagBag from /home/airflow/.local/lib/python3.7/site-packages/airflow/example_dags/example_branch_day_of_week_operator.py
[2024-07-31T12:19:14.234+0000] {processor.py:766} INFO - DAG(s) dict_keys(['example_weekday_branch_operator']) retrieved from /home/airflow/.local/lib/python3.7/site-packages/airflow/example_dags/example_branch_day_of_week_operator.py
[2024-07-31T12:19:14.280+0000] {logging_mixin.py:120} INFO - [2024-07-31T12:19:14.280+0000] {dag.py:2585} INFO - Sync 1 DAGs
[2024-07-31T12:19:14.308+0000] {logging_mixin.py:120} INFO - [2024-07-31T12:19:14.308+0000] {dag.py:3340} INFO - Setting next_dagrun for example_weekday_branch_operator to 2024-07-30T00:00:00+00:00, run_after=2024-07-31T00:00:00+00:00
[2024-07-31T12:19:14.334+0000] {processor.py:176} INFO - Processing /home/airflow/.local/lib/python3.7/site-packages/airflow/example_dags/example_branch_day_of_week_operator.py took 0.126 seconds
[2024-07-31T12:19:44.752+0000] {processor.py:154} INFO - Started process (PID=922) to work on /home/airflow/.local/lib/python3.7/site-packages/airflow/example_dags/example_branch_day_of_week_operator.py
[2024-07-31T12:19:44.754+0000] {processor.py:756} INFO - Processing file /home/airflow/.local/lib/python3.7/site-packages/airflow/example_dags/example_branch_day_of_week_operator.py for tasks to queue
[2024-07-31T12:19:44.760+0000] {logging_mixin.py:120} INFO - [2024-07-31T12:19:44.760+0000] {dagbag.py:537} INFO - Filling up the DagBag from /home/airflow/.local/lib/python3.7/site-packages/airflow/example_dags/example_branch_day_of_week_operator.py
[2024-07-31T12:19:44.782+0000] {processor.py:766} INFO - DAG(s) dict_keys(['example_weekday_branch_operator']) retrieved from /home/airflow/.local/lib/python3.7/site-packages/airflow/example_dags/example_branch_day_of_week_operator.py
[2024-07-31T12:19:44.839+0000] {logging_mixin.py:120} INFO - [2024-07-31T12:19:44.838+0000] {dag.py:2585} INFO - Sync 1 DAGs
[2024-07-31T12:19:44.912+0000] {logging_mixin.py:120} INFO - [2024-07-31T12:19:44.912+0000] {dag.py:3340} INFO - Setting next_dagrun for example_weekday_branch_operator to 2024-07-30T00:00:00+00:00, run_after=2024-07-31T00:00:00+00:00
[2024-07-31T12:19:45.037+0000] {processor.py:176} INFO - Processing /home/airflow/.local/lib/python3.7/site-packages/airflow/example_dags/example_branch_day_of_week_operator.py took 0.287 seconds
[2024-07-31T12:20:17.038+0000] {processor.py:154} INFO - Started process (PID=984) to work on /home/airflow/.local/lib/python3.7/site-packages/airflow/example_dags/example_branch_day_of_week_operator.py
[2024-07-31T12:20:17.058+0000] {processor.py:756} INFO - Processing file /home/airflow/.local/lib/python3.7/site-packages/airflow/example_dags/example_branch_day_of_week_operator.py for tasks to queue
[2024-07-31T12:20:17.082+0000] {logging_mixin.py:120} INFO - [2024-07-31T12:20:17.082+0000] {dagbag.py:537} INFO - Filling up the DagBag from /home/airflow/.local/lib/python3.7/site-packages/airflow/example_dags/example_branch_day_of_week_operator.py
[2024-07-31T12:20:17.121+0000] {processor.py:766} INFO - DAG(s) dict_keys(['example_weekday_branch_operator']) retrieved from /home/airflow/.local/lib/python3.7/site-packages/airflow/example_dags/example_branch_day_of_week_operator.py
[2024-07-31T12:20:17.180+0000] {logging_mixin.py:120} INFO - [2024-07-31T12:20:17.180+0000] {dag.py:2585} INFO - Sync 1 DAGs
[2024-07-31T12:20:17.212+0000] {logging_mixin.py:120} INFO - [2024-07-31T12:20:17.212+0000] {dag.py:3340} INFO - Setting next_dagrun for example_weekday_branch_operator to 2024-07-30T00:00:00+00:00, run_after=2024-07-31T00:00:00+00:00
[2024-07-31T12:20:17.255+0000] {processor.py:176} INFO - Processing /home/airflow/.local/lib/python3.7/site-packages/airflow/example_dags/example_branch_day_of_week_operator.py took 0.221 seconds
[2024-07-31T12:20:48.233+0000] {processor.py:154} INFO - Started process (PID=1047) to work on /home/airflow/.local/lib/python3.7/site-packages/airflow/example_dags/example_branch_day_of_week_operator.py
[2024-07-31T12:20:48.251+0000] {processor.py:756} INFO - Processing file /home/airflow/.local/lib/python3.7/site-packages/airflow/example_dags/example_branch_day_of_week_operator.py for tasks to queue
[2024-07-31T12:20:48.263+0000] {logging_mixin.py:120} INFO - [2024-07-31T12:20:48.263+0000] {dagbag.py:537} INFO - Filling up the DagBag from /home/airflow/.local/lib/python3.7/site-packages/airflow/example_dags/example_branch_day_of_week_operator.py
[2024-07-31T12:20:48.329+0000] {processor.py:766} INFO - DAG(s) dict_keys(['example_weekday_branch_operator']) retrieved from /home/airflow/.local/lib/python3.7/site-packages/airflow/example_dags/example_branch_day_of_week_operator.py
[2024-07-31T12:20:48.439+0000] {logging_mixin.py:120} INFO - [2024-07-31T12:20:48.438+0000] {dag.py:2585} INFO - Sync 1 DAGs
[2024-07-31T12:20:48.500+0000] {logging_mixin.py:120} INFO - [2024-07-31T12:20:48.499+0000] {dag.py:3340} INFO - Setting next_dagrun for example_weekday_branch_operator to 2024-07-30T00:00:00+00:00, run_after=2024-07-31T00:00:00+00:00
[2024-07-31T12:20:48.526+0000] {processor.py:176} INFO - Processing /home/airflow/.local/lib/python3.7/site-packages/airflow/example_dags/example_branch_day_of_week_operator.py took 0.296 seconds
[2024-07-31T12:21:20.482+0000] {processor.py:154} INFO - Started process (PID=1110) to work on /home/airflow/.local/lib/python3.7/site-packages/airflow/example_dags/example_branch_day_of_week_operator.py
[2024-07-31T12:21:20.484+0000] {processor.py:756} INFO - Processing file /home/airflow/.local/lib/python3.7/site-packages/airflow/example_dags/example_branch_day_of_week_operator.py for tasks to queue
[2024-07-31T12:21:20.486+0000] {logging_mixin.py:120} INFO - [2024-07-31T12:21:20.486+0000] {dagbag.py:537} INFO - Filling up the DagBag from /home/airflow/.local/lib/python3.7/site-packages/airflow/example_dags/example_branch_day_of_week_operator.py
[2024-07-31T12:21:20.510+0000] {processor.py:766} INFO - DAG(s) dict_keys(['example_weekday_branch_operator']) retrieved from /home/airflow/.local/lib/python3.7/site-packages/airflow/example_dags/example_branch_day_of_week_operator.py
[2024-07-31T12:21:20.575+0000] {logging_mixin.py:120} INFO - [2024-07-31T12:21:20.575+0000] {dag.py:2585} INFO - Sync 1 DAGs
[2024-07-31T12:21:20.622+0000] {logging_mixin.py:120} INFO - [2024-07-31T12:21:20.622+0000] {dag.py:3340} INFO - Setting next_dagrun for example_weekday_branch_operator to 2024-07-30T00:00:00+00:00, run_after=2024-07-31T00:00:00+00:00
[2024-07-31T12:21:20.657+0000] {processor.py:176} INFO - Processing /home/airflow/.local/lib/python3.7/site-packages/airflow/example_dags/example_branch_day_of_week_operator.py took 0.178 seconds
[2024-07-31T12:21:54.368+0000] {processor.py:154} INFO - Started process (PID=1164) to work on /home/airflow/.local/lib/python3.7/site-packages/airflow/example_dags/example_branch_day_of_week_operator.py
[2024-07-31T12:21:54.410+0000] {processor.py:756} INFO - Processing file /home/airflow/.local/lib/python3.7/site-packages/airflow/example_dags/example_branch_day_of_week_operator.py for tasks to queue
[2024-07-31T12:21:54.450+0000] {logging_mixin.py:120} INFO - [2024-07-31T12:21:54.450+0000] {dagbag.py:537} INFO - Filling up the DagBag from /home/airflow/.local/lib/python3.7/site-packages/airflow/example_dags/example_branch_day_of_week_operator.py
[2024-07-31T12:21:54.475+0000] {processor.py:766} INFO - DAG(s) dict_keys(['example_weekday_branch_operator']) retrieved from /home/airflow/.local/lib/python3.7/site-packages/airflow/example_dags/example_branch_day_of_week_operator.py
[2024-07-31T12:21:54.523+0000] {logging_mixin.py:120} INFO - [2024-07-31T12:21:54.523+0000] {dag.py:2585} INFO - Sync 1 DAGs
[2024-07-31T12:21:54.569+0000] {logging_mixin.py:120} INFO - [2024-07-31T12:21:54.569+0000] {dag.py:3340} INFO - Setting next_dagrun for example_weekday_branch_operator to 2024-07-30T00:00:00+00:00, run_after=2024-07-31T00:00:00+00:00
[2024-07-31T12:21:54.609+0000] {processor.py:176} INFO - Processing /home/airflow/.local/lib/python3.7/site-packages/airflow/example_dags/example_branch_day_of_week_operator.py took 0.245 seconds
[2024-07-31T12:22:26.106+0000] {processor.py:154} INFO - Started process (PID=1227) to work on /home/airflow/.local/lib/python3.7/site-packages/airflow/example_dags/example_branch_day_of_week_operator.py
[2024-07-31T12:22:26.123+0000] {processor.py:756} INFO - Processing file /home/airflow/.local/lib/python3.7/site-packages/airflow/example_dags/example_branch_day_of_week_operator.py for tasks to queue
[2024-07-31T12:22:26.125+0000] {logging_mixin.py:120} INFO - [2024-07-31T12:22:26.125+0000] {dagbag.py:537} INFO - Filling up the DagBag from /home/airflow/.local/lib/python3.7/site-packages/airflow/example_dags/example_branch_day_of_week_operator.py
[2024-07-31T12:22:26.239+0000] {processor.py:766} INFO - DAG(s) dict_keys(['example_weekday_branch_operator']) retrieved from /home/airflow/.local/lib/python3.7/site-packages/airflow/example_dags/example_branch_day_of_week_operator.py
[2024-07-31T12:22:26.377+0000] {logging_mixin.py:120} INFO - [2024-07-31T12:22:26.377+0000] {dag.py:2585} INFO - Sync 1 DAGs
[2024-07-31T12:22:26.432+0000] {logging_mixin.py:120} INFO - [2024-07-31T12:22:26.432+0000] {dag.py:3340} INFO - Setting next_dagrun for example_weekday_branch_operator to 2024-07-30T00:00:00+00:00, run_after=2024-07-31T00:00:00+00:00
[2024-07-31T12:22:26.472+0000] {processor.py:176} INFO - Processing /home/airflow/.local/lib/python3.7/site-packages/airflow/example_dags/example_branch_day_of_week_operator.py took 0.371 seconds
[2024-07-31T12:22:57.409+0000] {processor.py:154} INFO - Started process (PID=1291) to work on /home/airflow/.local/lib/python3.7/site-packages/airflow/example_dags/example_branch_day_of_week_operator.py
[2024-07-31T12:22:57.410+0000] {processor.py:756} INFO - Processing file /home/airflow/.local/lib/python3.7/site-packages/airflow/example_dags/example_branch_day_of_week_operator.py for tasks to queue
[2024-07-31T12:22:57.413+0000] {logging_mixin.py:120} INFO - [2024-07-31T12:22:57.412+0000] {dagbag.py:537} INFO - Filling up the DagBag from /home/airflow/.local/lib/python3.7/site-packages/airflow/example_dags/example_branch_day_of_week_operator.py
[2024-07-31T12:22:57.441+0000] {processor.py:766} INFO - DAG(s) dict_keys(['example_weekday_branch_operator']) retrieved from /home/airflow/.local/lib/python3.7/site-packages/airflow/example_dags/example_branch_day_of_week_operator.py
[2024-07-31T12:22:57.506+0000] {logging_mixin.py:120} INFO - [2024-07-31T12:22:57.505+0000] {dag.py:2585} INFO - Sync 1 DAGs
[2024-07-31T12:22:57.557+0000] {logging_mixin.py:120} INFO - [2024-07-31T12:22:57.556+0000] {dag.py:3340} INFO - Setting next_dagrun for example_weekday_branch_operator to 2024-07-30T00:00:00+00:00, run_after=2024-07-31T00:00:00+00:00
[2024-07-31T12:22:57.592+0000] {processor.py:176} INFO - Processing /home/airflow/.local/lib/python3.7/site-packages/airflow/example_dags/example_branch_day_of_week_operator.py took 0.188 seconds
[2024-07-31T12:23:28.238+0000] {processor.py:154} INFO - Started process (PID=1345) to work on /home/airflow/.local/lib/python3.7/site-packages/airflow/example_dags/example_branch_day_of_week_operator.py
[2024-07-31T12:23:28.244+0000] {processor.py:756} INFO - Processing file /home/airflow/.local/lib/python3.7/site-packages/airflow/example_dags/example_branch_day_of_week_operator.py for tasks to queue
[2024-07-31T12:23:28.254+0000] {logging_mixin.py:120} INFO - [2024-07-31T12:23:28.253+0000] {dagbag.py:537} INFO - Filling up the DagBag from /home/airflow/.local/lib/python3.7/site-packages/airflow/example_dags/example_branch_day_of_week_operator.py
[2024-07-31T12:23:28.388+0000] {processor.py:766} INFO - DAG(s) dict_keys(['example_weekday_branch_operator']) retrieved from /home/airflow/.local/lib/python3.7/site-packages/airflow/example_dags/example_branch_day_of_week_operator.py
[2024-07-31T12:23:28.437+0000] {logging_mixin.py:120} INFO - [2024-07-31T12:23:28.437+0000] {dag.py:2585} INFO - Sync 1 DAGs
[2024-07-31T12:23:28.540+0000] {logging_mixin.py:120} INFO - [2024-07-31T12:23:28.540+0000] {dag.py:3340} INFO - Setting next_dagrun for example_weekday_branch_operator to 2024-07-30T00:00:00+00:00, run_after=2024-07-31T00:00:00+00:00
[2024-07-31T12:23:28.636+0000] {processor.py:176} INFO - Processing /home/airflow/.local/lib/python3.7/site-packages/airflow/example_dags/example_branch_day_of_week_operator.py took 0.404 seconds
[2024-07-31T12:23:59.349+0000] {processor.py:154} INFO - Started process (PID=1408) to work on /home/airflow/.local/lib/python3.7/site-packages/airflow/example_dags/example_branch_day_of_week_operator.py
[2024-07-31T12:23:59.350+0000] {processor.py:756} INFO - Processing file /home/airflow/.local/lib/python3.7/site-packages/airflow/example_dags/example_branch_day_of_week_operator.py for tasks to queue
[2024-07-31T12:23:59.352+0000] {logging_mixin.py:120} INFO - [2024-07-31T12:23:59.352+0000] {dagbag.py:537} INFO - Filling up the DagBag from /home/airflow/.local/lib/python3.7/site-packages/airflow/example_dags/example_branch_day_of_week_operator.py
[2024-07-31T12:23:59.377+0000] {processor.py:766} INFO - DAG(s) dict_keys(['example_weekday_branch_operator']) retrieved from /home/airflow/.local/lib/python3.7/site-packages/airflow/example_dags/example_branch_day_of_week_operator.py
[2024-07-31T12:23:59.443+0000] {logging_mixin.py:120} INFO - [2024-07-31T12:23:59.442+0000] {dag.py:2585} INFO - Sync 1 DAGs
[2024-07-31T12:23:59.496+0000] {logging_mixin.py:120} INFO - [2024-07-31T12:23:59.495+0000] {dag.py:3340} INFO - Setting next_dagrun for example_weekday_branch_operator to 2024-07-30T00:00:00+00:00, run_after=2024-07-31T00:00:00+00:00
[2024-07-31T12:23:59.536+0000] {processor.py:176} INFO - Processing /home/airflow/.local/lib/python3.7/site-packages/airflow/example_dags/example_branch_day_of_week_operator.py took 0.195 seconds
[2024-07-31T12:24:30.038+0000] {processor.py:154} INFO - Started process (PID=1462) to work on /home/airflow/.local/lib/python3.7/site-packages/airflow/example_dags/example_branch_day_of_week_operator.py
[2024-07-31T12:24:30.043+0000] {processor.py:756} INFO - Processing file /home/airflow/.local/lib/python3.7/site-packages/airflow/example_dags/example_branch_day_of_week_operator.py for tasks to queue
[2024-07-31T12:24:30.046+0000] {logging_mixin.py:120} INFO - [2024-07-31T12:24:30.046+0000] {dagbag.py:537} INFO - Filling up the DagBag from /home/airflow/.local/lib/python3.7/site-packages/airflow/example_dags/example_branch_day_of_week_operator.py
[2024-07-31T12:24:30.070+0000] {processor.py:766} INFO - DAG(s) dict_keys(['example_weekday_branch_operator']) retrieved from /home/airflow/.local/lib/python3.7/site-packages/airflow/example_dags/example_branch_day_of_week_operator.py
[2024-07-31T12:24:30.132+0000] {logging_mixin.py:120} INFO - [2024-07-31T12:24:30.132+0000] {dag.py:2585} INFO - Sync 1 DAGs
[2024-07-31T12:24:30.223+0000] {logging_mixin.py:120} INFO - [2024-07-31T12:24:30.223+0000] {dag.py:3340} INFO - Setting next_dagrun for example_weekday_branch_operator to 2024-07-30T00:00:00+00:00, run_after=2024-07-31T00:00:00+00:00
[2024-07-31T12:24:30.334+0000] {processor.py:176} INFO - Processing /home/airflow/.local/lib/python3.7/site-packages/airflow/example_dags/example_branch_day_of_week_operator.py took 0.302 seconds
[2024-07-31T12:25:01.288+0000] {processor.py:154} INFO - Started process (PID=1525) to work on /home/airflow/.local/lib/python3.7/site-packages/airflow/example_dags/example_branch_day_of_week_operator.py
[2024-07-31T12:25:01.323+0000] {processor.py:756} INFO - Processing file /home/airflow/.local/lib/python3.7/site-packages/airflow/example_dags/example_branch_day_of_week_operator.py for tasks to queue
[2024-07-31T12:25:01.376+0000] {logging_mixin.py:120} INFO - [2024-07-31T12:25:01.376+0000] {dagbag.py:537} INFO - Filling up the DagBag from /home/airflow/.local/lib/python3.7/site-packages/airflow/example_dags/example_branch_day_of_week_operator.py
[2024-07-31T12:25:01.405+0000] {processor.py:766} INFO - DAG(s) dict_keys(['example_weekday_branch_operator']) retrieved from /home/airflow/.local/lib/python3.7/site-packages/airflow/example_dags/example_branch_day_of_week_operator.py
[2024-07-31T12:25:01.493+0000] {logging_mixin.py:120} INFO - [2024-07-31T12:25:01.493+0000] {dag.py:2585} INFO - Sync 1 DAGs
[2024-07-31T12:25:01.588+0000] {logging_mixin.py:120} INFO - [2024-07-31T12:25:01.588+0000] {dag.py:3340} INFO - Setting next_dagrun for example_weekday_branch_operator to 2024-07-30T00:00:00+00:00, run_after=2024-07-31T00:00:00+00:00
[2024-07-31T12:25:01.630+0000] {processor.py:176} INFO - Processing /home/airflow/.local/lib/python3.7/site-packages/airflow/example_dags/example_branch_day_of_week_operator.py took 0.346 seconds
[2024-07-31T12:25:32.054+0000] {processor.py:154} INFO - Started process (PID=1587) to work on /home/airflow/.local/lib/python3.7/site-packages/airflow/example_dags/example_branch_day_of_week_operator.py
[2024-07-31T12:25:32.055+0000] {processor.py:756} INFO - Processing file /home/airflow/.local/lib/python3.7/site-packages/airflow/example_dags/example_branch_day_of_week_operator.py for tasks to queue
[2024-07-31T12:25:32.056+0000] {logging_mixin.py:120} INFO - [2024-07-31T12:25:32.056+0000] {dagbag.py:537} INFO - Filling up the DagBag from /home/airflow/.local/lib/python3.7/site-packages/airflow/example_dags/example_branch_day_of_week_operator.py
[2024-07-31T12:25:32.077+0000] {processor.py:766} INFO - DAG(s) dict_keys(['example_weekday_branch_operator']) retrieved from /home/airflow/.local/lib/python3.7/site-packages/airflow/example_dags/example_branch_day_of_week_operator.py
[2024-07-31T12:25:32.137+0000] {logging_mixin.py:120} INFO - [2024-07-31T12:25:32.136+0000] {dag.py:2585} INFO - Sync 1 DAGs
[2024-07-31T12:25:32.172+0000] {logging_mixin.py:120} INFO - [2024-07-31T12:25:32.172+0000] {dag.py:3340} INFO - Setting next_dagrun for example_weekday_branch_operator to 2024-07-30T00:00:00+00:00, run_after=2024-07-31T00:00:00+00:00
[2024-07-31T12:25:32.201+0000] {processor.py:176} INFO - Processing /home/airflow/.local/lib/python3.7/site-packages/airflow/example_dags/example_branch_day_of_week_operator.py took 0.150 seconds
[2024-07-31T12:26:02.700+0000] {processor.py:154} INFO - Started process (PID=1641) to work on /home/airflow/.local/lib/python3.7/site-packages/airflow/example_dags/example_branch_day_of_week_operator.py
[2024-07-31T12:26:02.702+0000] {processor.py:756} INFO - Processing file /home/airflow/.local/lib/python3.7/site-packages/airflow/example_dags/example_branch_day_of_week_operator.py for tasks to queue
[2024-07-31T12:26:02.703+0000] {logging_mixin.py:120} INFO - [2024-07-31T12:26:02.703+0000] {dagbag.py:537} INFO - Filling up the DagBag from /home/airflow/.local/lib/python3.7/site-packages/airflow/example_dags/example_branch_day_of_week_operator.py
[2024-07-31T12:26:02.728+0000] {processor.py:766} INFO - DAG(s) dict_keys(['example_weekday_branch_operator']) retrieved from /home/airflow/.local/lib/python3.7/site-packages/airflow/example_dags/example_branch_day_of_week_operator.py
[2024-07-31T12:26:02.786+0000] {logging_mixin.py:120} INFO - [2024-07-31T12:26:02.786+0000] {dag.py:2585} INFO - Sync 1 DAGs
[2024-07-31T12:26:02.822+0000] {logging_mixin.py:120} INFO - [2024-07-31T12:26:02.822+0000] {dag.py:3340} INFO - Setting next_dagrun for example_weekday_branch_operator to 2024-07-30T00:00:00+00:00, run_after=2024-07-31T00:00:00+00:00
[2024-07-31T12:26:02.852+0000] {processor.py:176} INFO - Processing /home/airflow/.local/lib/python3.7/site-packages/airflow/example_dags/example_branch_day_of_week_operator.py took 0.156 seconds
[2024-07-31T12:26:33.591+0000] {processor.py:154} INFO - Started process (PID=1704) to work on /home/airflow/.local/lib/python3.7/site-packages/airflow/example_dags/example_branch_day_of_week_operator.py
[2024-07-31T12:26:33.593+0000] {processor.py:756} INFO - Processing file /home/airflow/.local/lib/python3.7/site-packages/airflow/example_dags/example_branch_day_of_week_operator.py for tasks to queue
[2024-07-31T12:26:33.594+0000] {logging_mixin.py:120} INFO - [2024-07-31T12:26:33.594+0000] {dagbag.py:537} INFO - Filling up the DagBag from /home/airflow/.local/lib/python3.7/site-packages/airflow/example_dags/example_branch_day_of_week_operator.py
[2024-07-31T12:26:33.620+0000] {processor.py:766} INFO - DAG(s) dict_keys(['example_weekday_branch_operator']) retrieved from /home/airflow/.local/lib/python3.7/site-packages/airflow/example_dags/example_branch_day_of_week_operator.py
[2024-07-31T12:26:33.689+0000] {logging_mixin.py:120} INFO - [2024-07-31T12:26:33.689+0000] {dag.py:2585} INFO - Sync 1 DAGs
[2024-07-31T12:26:33.738+0000] {logging_mixin.py:120} INFO - [2024-07-31T12:26:33.738+0000] {dag.py:3340} INFO - Setting next_dagrun for example_weekday_branch_operator to 2024-07-30T00:00:00+00:00, run_after=2024-07-31T00:00:00+00:00
[2024-07-31T12:26:33.809+0000] {processor.py:176} INFO - Processing /home/airflow/.local/lib/python3.7/site-packages/airflow/example_dags/example_branch_day_of_week_operator.py took 0.221 seconds
[2024-07-31T12:27:04.330+0000] {processor.py:154} INFO - Started process (PID=1767) to work on /home/airflow/.local/lib/python3.7/site-packages/airflow/example_dags/example_branch_day_of_week_operator.py
[2024-07-31T12:27:04.333+0000] {processor.py:756} INFO - Processing file /home/airflow/.local/lib/python3.7/site-packages/airflow/example_dags/example_branch_day_of_week_operator.py for tasks to queue
[2024-07-31T12:27:04.334+0000] {logging_mixin.py:120} INFO - [2024-07-31T12:27:04.334+0000] {dagbag.py:537} INFO - Filling up the DagBag from /home/airflow/.local/lib/python3.7/site-packages/airflow/example_dags/example_branch_day_of_week_operator.py
[2024-07-31T12:27:04.357+0000] {processor.py:766} INFO - DAG(s) dict_keys(['example_weekday_branch_operator']) retrieved from /home/airflow/.local/lib/python3.7/site-packages/airflow/example_dags/example_branch_day_of_week_operator.py
[2024-07-31T12:27:04.427+0000] {logging_mixin.py:120} INFO - [2024-07-31T12:27:04.427+0000] {dag.py:2585} INFO - Sync 1 DAGs
[2024-07-31T12:27:04.475+0000] {logging_mixin.py:120} INFO - [2024-07-31T12:27:04.474+0000] {dag.py:3340} INFO - Setting next_dagrun for example_weekday_branch_operator to 2024-07-30T00:00:00+00:00, run_after=2024-07-31T00:00:00+00:00
[2024-07-31T12:27:04.520+0000] {processor.py:176} INFO - Processing /home/airflow/.local/lib/python3.7/site-packages/airflow/example_dags/example_branch_day_of_week_operator.py took 0.194 seconds
[2024-07-31T12:27:34.813+0000] {processor.py:154} INFO - Started process (PID=1822) to work on /home/airflow/.local/lib/python3.7/site-packages/airflow/example_dags/example_branch_day_of_week_operator.py
[2024-07-31T12:27:34.815+0000] {processor.py:756} INFO - Processing file /home/airflow/.local/lib/python3.7/site-packages/airflow/example_dags/example_branch_day_of_week_operator.py for tasks to queue
[2024-07-31T12:27:34.816+0000] {logging_mixin.py:120} INFO - [2024-07-31T12:27:34.816+0000] {dagbag.py:537} INFO - Filling up the DagBag from /home/airflow/.local/lib/python3.7/site-packages/airflow/example_dags/example_branch_day_of_week_operator.py
[2024-07-31T12:27:34.844+0000] {processor.py:766} INFO - DAG(s) dict_keys(['example_weekday_branch_operator']) retrieved from /home/airflow/.local/lib/python3.7/site-packages/airflow/example_dags/example_branch_day_of_week_operator.py
[2024-07-31T12:27:34.900+0000] {logging_mixin.py:120} INFO - [2024-07-31T12:27:34.899+0000] {dag.py:2585} INFO - Sync 1 DAGs
[2024-07-31T12:27:34.935+0000] {logging_mixin.py:120} INFO - [2024-07-31T12:27:34.935+0000] {dag.py:3340} INFO - Setting next_dagrun for example_weekday_branch_operator to 2024-07-30T00:00:00+00:00, run_after=2024-07-31T00:00:00+00:00
[2024-07-31T12:27:34.964+0000] {processor.py:176} INFO - Processing /home/airflow/.local/lib/python3.7/site-packages/airflow/example_dags/example_branch_day_of_week_operator.py took 0.156 seconds
[2024-07-31T12:28:05.783+0000] {processor.py:154} INFO - Started process (PID=1886) to work on /home/airflow/.local/lib/python3.7/site-packages/airflow/example_dags/example_branch_day_of_week_operator.py
[2024-07-31T12:28:05.905+0000] {processor.py:756} INFO - Processing file /home/airflow/.local/lib/python3.7/site-packages/airflow/example_dags/example_branch_day_of_week_operator.py for tasks to queue
[2024-07-31T12:28:05.911+0000] {logging_mixin.py:120} INFO - [2024-07-31T12:28:05.911+0000] {dagbag.py:537} INFO - Filling up the DagBag from /home/airflow/.local/lib/python3.7/site-packages/airflow/example_dags/example_branch_day_of_week_operator.py
[2024-07-31T12:28:05.952+0000] {processor.py:766} INFO - DAG(s) dict_keys(['example_weekday_branch_operator']) retrieved from /home/airflow/.local/lib/python3.7/site-packages/airflow/example_dags/example_branch_day_of_week_operator.py
[2024-07-31T12:28:06.004+0000] {logging_mixin.py:120} INFO - [2024-07-31T12:28:06.004+0000] {dag.py:2585} INFO - Sync 1 DAGs
[2024-07-31T12:28:06.102+0000] {logging_mixin.py:120} INFO - [2024-07-31T12:28:06.102+0000] {dag.py:3340} INFO - Setting next_dagrun for example_weekday_branch_operator to 2024-07-30T00:00:00+00:00, run_after=2024-07-31T00:00:00+00:00
[2024-07-31T12:28:06.218+0000] {processor.py:176} INFO - Processing /home/airflow/.local/lib/python3.7/site-packages/airflow/example_dags/example_branch_day_of_week_operator.py took 0.439 seconds
[2024-07-31T12:28:37.123+0000] {processor.py:154} INFO - Started process (PID=1940) to work on /home/airflow/.local/lib/python3.7/site-packages/airflow/example_dags/example_branch_day_of_week_operator.py
[2024-07-31T12:28:37.125+0000] {processor.py:756} INFO - Processing file /home/airflow/.local/lib/python3.7/site-packages/airflow/example_dags/example_branch_day_of_week_operator.py for tasks to queue
[2024-07-31T12:28:37.126+0000] {logging_mixin.py:120} INFO - [2024-07-31T12:28:37.126+0000] {dagbag.py:537} INFO - Filling up the DagBag from /home/airflow/.local/lib/python3.7/site-packages/airflow/example_dags/example_branch_day_of_week_operator.py
[2024-07-31T12:28:37.150+0000] {processor.py:766} INFO - DAG(s) dict_keys(['example_weekday_branch_operator']) retrieved from /home/airflow/.local/lib/python3.7/site-packages/airflow/example_dags/example_branch_day_of_week_operator.py
[2024-07-31T12:28:37.337+0000] {logging_mixin.py:120} INFO - [2024-07-31T12:28:37.337+0000] {dag.py:2585} INFO - Sync 1 DAGs
[2024-07-31T12:28:37.367+0000] {logging_mixin.py:120} INFO - [2024-07-31T12:28:37.367+0000] {dag.py:3340} INFO - Setting next_dagrun for example_weekday_branch_operator to 2024-07-30T00:00:00+00:00, run_after=2024-07-31T00:00:00+00:00
[2024-07-31T12:28:37.403+0000] {processor.py:176} INFO - Processing /home/airflow/.local/lib/python3.7/site-packages/airflow/example_dags/example_branch_day_of_week_operator.py took 0.285 seconds
[2024-07-31T12:29:08.307+0000] {processor.py:154} INFO - Started process (PID=2002) to work on /home/airflow/.local/lib/python3.7/site-packages/airflow/example_dags/example_branch_day_of_week_operator.py
[2024-07-31T12:29:08.430+0000] {processor.py:756} INFO - Processing file /home/airflow/.local/lib/python3.7/site-packages/airflow/example_dags/example_branch_day_of_week_operator.py for tasks to queue
[2024-07-31T12:29:08.443+0000] {logging_mixin.py:120} INFO - [2024-07-31T12:29:08.443+0000] {dagbag.py:537} INFO - Filling up the DagBag from /home/airflow/.local/lib/python3.7/site-packages/airflow/example_dags/example_branch_day_of_week_operator.py
[2024-07-31T12:29:08.484+0000] {processor.py:766} INFO - DAG(s) dict_keys(['example_weekday_branch_operator']) retrieved from /home/airflow/.local/lib/python3.7/site-packages/airflow/example_dags/example_branch_day_of_week_operator.py
[2024-07-31T12:29:08.527+0000] {logging_mixin.py:120} INFO - [2024-07-31T12:29:08.527+0000] {dag.py:2585} INFO - Sync 1 DAGs
[2024-07-31T12:29:08.642+0000] {logging_mixin.py:120} INFO - [2024-07-31T12:29:08.642+0000] {dag.py:3340} INFO - Setting next_dagrun for example_weekday_branch_operator to 2024-07-30T00:00:00+00:00, run_after=2024-07-31T00:00:00+00:00
[2024-07-31T12:29:08.783+0000] {processor.py:176} INFO - Processing /home/airflow/.local/lib/python3.7/site-packages/airflow/example_dags/example_branch_day_of_week_operator.py took 0.483 seconds
[2024-07-31T12:29:38.906+0000] {processor.py:154} INFO - Started process (PID=2066) to work on /home/airflow/.local/lib/python3.7/site-packages/airflow/example_dags/example_branch_day_of_week_operator.py
[2024-07-31T12:29:38.908+0000] {processor.py:756} INFO - Processing file /home/airflow/.local/lib/python3.7/site-packages/airflow/example_dags/example_branch_day_of_week_operator.py for tasks to queue
[2024-07-31T12:29:38.910+0000] {logging_mixin.py:120} INFO - [2024-07-31T12:29:38.910+0000] {dagbag.py:537} INFO - Filling up the DagBag from /home/airflow/.local/lib/python3.7/site-packages/airflow/example_dags/example_branch_day_of_week_operator.py
[2024-07-31T12:29:38.930+0000] {processor.py:766} INFO - DAG(s) dict_keys(['example_weekday_branch_operator']) retrieved from /home/airflow/.local/lib/python3.7/site-packages/airflow/example_dags/example_branch_day_of_week_operator.py
[2024-07-31T12:29:38.986+0000] {logging_mixin.py:120} INFO - [2024-07-31T12:29:38.986+0000] {dag.py:2585} INFO - Sync 1 DAGs
[2024-07-31T12:29:39.025+0000] {logging_mixin.py:120} INFO - [2024-07-31T12:29:39.024+0000] {dag.py:3340} INFO - Setting next_dagrun for example_weekday_branch_operator to 2024-07-30T00:00:00+00:00, run_after=2024-07-31T00:00:00+00:00
[2024-07-31T12:29:39.056+0000] {processor.py:176} INFO - Processing /home/airflow/.local/lib/python3.7/site-packages/airflow/example_dags/example_branch_day_of_week_operator.py took 0.156 seconds
[2024-07-31T12:30:09.291+0000] {processor.py:154} INFO - Started process (PID=2120) to work on /home/airflow/.local/lib/python3.7/site-packages/airflow/example_dags/example_branch_day_of_week_operator.py
[2024-07-31T12:30:09.294+0000] {processor.py:756} INFO - Processing file /home/airflow/.local/lib/python3.7/site-packages/airflow/example_dags/example_branch_day_of_week_operator.py for tasks to queue
[2024-07-31T12:30:09.326+0000] {logging_mixin.py:120} INFO - [2024-07-31T12:30:09.326+0000] {dagbag.py:537} INFO - Filling up the DagBag from /home/airflow/.local/lib/python3.7/site-packages/airflow/example_dags/example_branch_day_of_week_operator.py
[2024-07-31T12:30:09.433+0000] {processor.py:766} INFO - DAG(s) dict_keys(['example_weekday_branch_operator']) retrieved from /home/airflow/.local/lib/python3.7/site-packages/airflow/example_dags/example_branch_day_of_week_operator.py
[2024-07-31T12:30:09.512+0000] {logging_mixin.py:120} INFO - [2024-07-31T12:30:09.512+0000] {dag.py:2585} INFO - Sync 1 DAGs
[2024-07-31T12:30:09.592+0000] {logging_mixin.py:120} INFO - [2024-07-31T12:30:09.592+0000] {dag.py:3340} INFO - Setting next_dagrun for example_weekday_branch_operator to 2024-07-30T00:00:00+00:00, run_after=2024-07-31T00:00:00+00:00
[2024-07-31T12:30:09.671+0000] {processor.py:176} INFO - Processing /home/airflow/.local/lib/python3.7/site-packages/airflow/example_dags/example_branch_day_of_week_operator.py took 0.384 seconds
[2024-07-31T12:30:40.474+0000] {processor.py:154} INFO - Started process (PID=2184) to work on /home/airflow/.local/lib/python3.7/site-packages/airflow/example_dags/example_branch_day_of_week_operator.py
[2024-07-31T12:30:40.557+0000] {processor.py:756} INFO - Processing file /home/airflow/.local/lib/python3.7/site-packages/airflow/example_dags/example_branch_day_of_week_operator.py for tasks to queue
[2024-07-31T12:30:40.585+0000] {logging_mixin.py:120} INFO - [2024-07-31T12:30:40.584+0000] {dagbag.py:537} INFO - Filling up the DagBag from /home/airflow/.local/lib/python3.7/site-packages/airflow/example_dags/example_branch_day_of_week_operator.py
[2024-07-31T12:30:40.623+0000] {processor.py:766} INFO - DAG(s) dict_keys(['example_weekday_branch_operator']) retrieved from /home/airflow/.local/lib/python3.7/site-packages/airflow/example_dags/example_branch_day_of_week_operator.py
[2024-07-31T12:30:40.786+0000] {logging_mixin.py:120} INFO - [2024-07-31T12:30:40.785+0000] {dag.py:2585} INFO - Sync 1 DAGs
[2024-07-31T12:30:40.952+0000] {logging_mixin.py:120} INFO - [2024-07-31T12:30:40.951+0000] {dag.py:3340} INFO - Setting next_dagrun for example_weekday_branch_operator to 2024-07-30T00:00:00+00:00, run_after=2024-07-31T00:00:00+00:00
[2024-07-31T12:30:41.103+0000] {processor.py:176} INFO - Processing /home/airflow/.local/lib/python3.7/site-packages/airflow/example_dags/example_branch_day_of_week_operator.py took 0.633 seconds
[2024-07-31T12:31:11.879+0000] {processor.py:154} INFO - Started process (PID=2246) to work on /home/airflow/.local/lib/python3.7/site-packages/airflow/example_dags/example_branch_day_of_week_operator.py
[2024-07-31T12:31:11.881+0000] {processor.py:756} INFO - Processing file /home/airflow/.local/lib/python3.7/site-packages/airflow/example_dags/example_branch_day_of_week_operator.py for tasks to queue
[2024-07-31T12:31:11.890+0000] {logging_mixin.py:120} INFO - [2024-07-31T12:31:11.890+0000] {dagbag.py:537} INFO - Filling up the DagBag from /home/airflow/.local/lib/python3.7/site-packages/airflow/example_dags/example_branch_day_of_week_operator.py
[2024-07-31T12:31:11.912+0000] {processor.py:766} INFO - DAG(s) dict_keys(['example_weekday_branch_operator']) retrieved from /home/airflow/.local/lib/python3.7/site-packages/airflow/example_dags/example_branch_day_of_week_operator.py
[2024-07-31T12:31:12.079+0000] {logging_mixin.py:120} INFO - [2024-07-31T12:31:12.079+0000] {dag.py:2585} INFO - Sync 1 DAGs
[2024-07-31T12:31:12.133+0000] {logging_mixin.py:120} INFO - [2024-07-31T12:31:12.133+0000] {dag.py:3340} INFO - Setting next_dagrun for example_weekday_branch_operator to 2024-07-30T00:00:00+00:00, run_after=2024-07-31T00:00:00+00:00
[2024-07-31T12:31:12.236+0000] {processor.py:176} INFO - Processing /home/airflow/.local/lib/python3.7/site-packages/airflow/example_dags/example_branch_day_of_week_operator.py took 0.360 seconds
[2024-07-31T12:31:42.634+0000] {processor.py:154} INFO - Started process (PID=2301) to work on /home/airflow/.local/lib/python3.7/site-packages/airflow/example_dags/example_branch_day_of_week_operator.py
[2024-07-31T12:31:42.636+0000] {processor.py:756} INFO - Processing file /home/airflow/.local/lib/python3.7/site-packages/airflow/example_dags/example_branch_day_of_week_operator.py for tasks to queue
[2024-07-31T12:31:42.637+0000] {logging_mixin.py:120} INFO - [2024-07-31T12:31:42.637+0000] {dagbag.py:537} INFO - Filling up the DagBag from /home/airflow/.local/lib/python3.7/site-packages/airflow/example_dags/example_branch_day_of_week_operator.py
[2024-07-31T12:31:42.654+0000] {processor.py:766} INFO - DAG(s) dict_keys(['example_weekday_branch_operator']) retrieved from /home/airflow/.local/lib/python3.7/site-packages/airflow/example_dags/example_branch_day_of_week_operator.py
[2024-07-31T12:31:42.702+0000] {logging_mixin.py:120} INFO - [2024-07-31T12:31:42.701+0000] {dag.py:2585} INFO - Sync 1 DAGs
[2024-07-31T12:31:42.734+0000] {logging_mixin.py:120} INFO - [2024-07-31T12:31:42.734+0000] {dag.py:3340} INFO - Setting next_dagrun for example_weekday_branch_operator to 2024-07-30T00:00:00+00:00, run_after=2024-07-31T00:00:00+00:00
[2024-07-31T12:31:42.770+0000] {processor.py:176} INFO - Processing /home/airflow/.local/lib/python3.7/site-packages/airflow/example_dags/example_branch_day_of_week_operator.py took 0.139 seconds
[2024-07-31T12:32:13.089+0000] {processor.py:154} INFO - Started process (PID=2364) to work on /home/airflow/.local/lib/python3.7/site-packages/airflow/example_dags/example_branch_day_of_week_operator.py
[2024-07-31T12:32:13.096+0000] {processor.py:756} INFO - Processing file /home/airflow/.local/lib/python3.7/site-packages/airflow/example_dags/example_branch_day_of_week_operator.py for tasks to queue
[2024-07-31T12:32:13.109+0000] {logging_mixin.py:120} INFO - [2024-07-31T12:32:13.109+0000] {dagbag.py:537} INFO - Filling up the DagBag from /home/airflow/.local/lib/python3.7/site-packages/airflow/example_dags/example_branch_day_of_week_operator.py
[2024-07-31T12:32:13.131+0000] {processor.py:766} INFO - DAG(s) dict_keys(['example_weekday_branch_operator']) retrieved from /home/airflow/.local/lib/python3.7/site-packages/airflow/example_dags/example_branch_day_of_week_operator.py
[2024-07-31T12:32:13.185+0000] {logging_mixin.py:120} INFO - [2024-07-31T12:32:13.185+0000] {dag.py:2585} INFO - Sync 1 DAGs
[2024-07-31T12:32:13.226+0000] {logging_mixin.py:120} INFO - [2024-07-31T12:32:13.226+0000] {dag.py:3340} INFO - Setting next_dagrun for example_weekday_branch_operator to 2024-07-30T00:00:00+00:00, run_after=2024-07-31T00:00:00+00:00
[2024-07-31T12:32:13.256+0000] {processor.py:176} INFO - Processing /home/airflow/.local/lib/python3.7/site-packages/airflow/example_dags/example_branch_day_of_week_operator.py took 0.170 seconds
[2024-07-31T12:32:43.410+0000] {processor.py:154} INFO - Started process (PID=2419) to work on /home/airflow/.local/lib/python3.7/site-packages/airflow/example_dags/example_branch_day_of_week_operator.py
[2024-07-31T12:32:43.477+0000] {processor.py:756} INFO - Processing file /home/airflow/.local/lib/python3.7/site-packages/airflow/example_dags/example_branch_day_of_week_operator.py for tasks to queue
[2024-07-31T12:32:43.497+0000] {logging_mixin.py:120} INFO - [2024-07-31T12:32:43.497+0000] {dagbag.py:537} INFO - Filling up the DagBag from /home/airflow/.local/lib/python3.7/site-packages/airflow/example_dags/example_branch_day_of_week_operator.py
[2024-07-31T12:32:43.532+0000] {processor.py:766} INFO - DAG(s) dict_keys(['example_weekday_branch_operator']) retrieved from /home/airflow/.local/lib/python3.7/site-packages/airflow/example_dags/example_branch_day_of_week_operator.py
[2024-07-31T12:32:43.596+0000] {logging_mixin.py:120} INFO - [2024-07-31T12:32:43.596+0000] {dag.py:2585} INFO - Sync 1 DAGs
[2024-07-31T12:32:43.711+0000] {logging_mixin.py:120} INFO - [2024-07-31T12:32:43.711+0000] {dag.py:3340} INFO - Setting next_dagrun for example_weekday_branch_operator to 2024-07-30T00:00:00+00:00, run_after=2024-07-31T00:00:00+00:00
[2024-07-31T12:32:43.853+0000] {processor.py:176} INFO - Processing /home/airflow/.local/lib/python3.7/site-packages/airflow/example_dags/example_branch_day_of_week_operator.py took 0.446 seconds
[2024-07-31T12:33:14.789+0000] {processor.py:154} INFO - Started process (PID=2481) to work on /home/airflow/.local/lib/python3.7/site-packages/airflow/example_dags/example_branch_day_of_week_operator.py
[2024-07-31T12:33:14.802+0000] {processor.py:756} INFO - Processing file /home/airflow/.local/lib/python3.7/site-packages/airflow/example_dags/example_branch_day_of_week_operator.py for tasks to queue
[2024-07-31T12:33:14.812+0000] {logging_mixin.py:120} INFO - [2024-07-31T12:33:14.812+0000] {dagbag.py:537} INFO - Filling up the DagBag from /home/airflow/.local/lib/python3.7/site-packages/airflow/example_dags/example_branch_day_of_week_operator.py
[2024-07-31T12:33:14.840+0000] {processor.py:766} INFO - DAG(s) dict_keys(['example_weekday_branch_operator']) retrieved from /home/airflow/.local/lib/python3.7/site-packages/airflow/example_dags/example_branch_day_of_week_operator.py
[2024-07-31T12:33:14.915+0000] {logging_mixin.py:120} INFO - [2024-07-31T12:33:14.915+0000] {dag.py:2585} INFO - Sync 1 DAGs
[2024-07-31T12:33:14.998+0000] {logging_mixin.py:120} INFO - [2024-07-31T12:33:14.998+0000] {dag.py:3340} INFO - Setting next_dagrun for example_weekday_branch_operator to 2024-07-30T00:00:00+00:00, run_after=2024-07-31T00:00:00+00:00
[2024-07-31T12:33:15.102+0000] {processor.py:176} INFO - Processing /home/airflow/.local/lib/python3.7/site-packages/airflow/example_dags/example_branch_day_of_week_operator.py took 0.317 seconds
[2024-07-31T12:33:50.535+0000] {processor.py:154} INFO - Started process (PID=2543) to work on /home/airflow/.local/lib/python3.7/site-packages/airflow/example_dags/example_branch_day_of_week_operator.py
[2024-07-31T12:33:50.537+0000] {processor.py:756} INFO - Processing file /home/airflow/.local/lib/python3.7/site-packages/airflow/example_dags/example_branch_day_of_week_operator.py for tasks to queue
[2024-07-31T12:33:50.540+0000] {logging_mixin.py:120} INFO - [2024-07-31T12:33:50.540+0000] {dagbag.py:537} INFO - Filling up the DagBag from /home/airflow/.local/lib/python3.7/site-packages/airflow/example_dags/example_branch_day_of_week_operator.py
[2024-07-31T12:33:50.565+0000] {processor.py:766} INFO - DAG(s) dict_keys(['example_weekday_branch_operator']) retrieved from /home/airflow/.local/lib/python3.7/site-packages/airflow/example_dags/example_branch_day_of_week_operator.py
[2024-07-31T12:33:50.741+0000] {logging_mixin.py:120} INFO - [2024-07-31T12:33:50.740+0000] {dag.py:2585} INFO - Sync 1 DAGs
[2024-07-31T12:33:50.795+0000] {logging_mixin.py:120} INFO - [2024-07-31T12:33:50.795+0000] {dag.py:3340} INFO - Setting next_dagrun for example_weekday_branch_operator to 2024-07-30T00:00:00+00:00, run_after=2024-07-31T00:00:00+00:00
[2024-07-31T12:33:50.837+0000] {processor.py:176} INFO - Processing /home/airflow/.local/lib/python3.7/site-packages/airflow/example_dags/example_branch_day_of_week_operator.py took 0.306 seconds
[2024-07-31T12:34:21.430+0000] {processor.py:154} INFO - Started process (PID=2597) to work on /home/airflow/.local/lib/python3.7/site-packages/airflow/example_dags/example_branch_day_of_week_operator.py
[2024-07-31T12:34:21.475+0000] {processor.py:756} INFO - Processing file /home/airflow/.local/lib/python3.7/site-packages/airflow/example_dags/example_branch_day_of_week_operator.py for tasks to queue
[2024-07-31T12:34:21.725+0000] {logging_mixin.py:120} INFO - [2024-07-31T12:34:21.725+0000] {dagbag.py:537} INFO - Filling up the DagBag from /home/airflow/.local/lib/python3.7/site-packages/airflow/example_dags/example_branch_day_of_week_operator.py
[2024-07-31T12:34:21.828+0000] {processor.py:766} INFO - DAG(s) dict_keys(['example_weekday_branch_operator']) retrieved from /home/airflow/.local/lib/python3.7/site-packages/airflow/example_dags/example_branch_day_of_week_operator.py
[2024-07-31T12:34:21.995+0000] {logging_mixin.py:120} INFO - [2024-07-31T12:34:21.994+0000] {dag.py:2585} INFO - Sync 1 DAGs
[2024-07-31T12:34:22.054+0000] {logging_mixin.py:120} INFO - [2024-07-31T12:34:22.054+0000] {dag.py:3340} INFO - Setting next_dagrun for example_weekday_branch_operator to 2024-07-30T00:00:00+00:00, run_after=2024-07-31T00:00:00+00:00
[2024-07-31T12:34:22.121+0000] {processor.py:176} INFO - Processing /home/airflow/.local/lib/python3.7/site-packages/airflow/example_dags/example_branch_day_of_week_operator.py took 0.694 seconds
[2024-07-31T12:34:52.744+0000] {processor.py:154} INFO - Started process (PID=2660) to work on /home/airflow/.local/lib/python3.7/site-packages/airflow/example_dags/example_branch_day_of_week_operator.py
[2024-07-31T12:34:52.745+0000] {processor.py:756} INFO - Processing file /home/airflow/.local/lib/python3.7/site-packages/airflow/example_dags/example_branch_day_of_week_operator.py for tasks to queue
[2024-07-31T12:34:52.749+0000] {logging_mixin.py:120} INFO - [2024-07-31T12:34:52.749+0000] {dagbag.py:537} INFO - Filling up the DagBag from /home/airflow/.local/lib/python3.7/site-packages/airflow/example_dags/example_branch_day_of_week_operator.py
[2024-07-31T12:34:52.768+0000] {processor.py:766} INFO - DAG(s) dict_keys(['example_weekday_branch_operator']) retrieved from /home/airflow/.local/lib/python3.7/site-packages/airflow/example_dags/example_branch_day_of_week_operator.py
[2024-07-31T12:34:52.812+0000] {logging_mixin.py:120} INFO - [2024-07-31T12:34:52.812+0000] {dag.py:2585} INFO - Sync 1 DAGs
[2024-07-31T12:34:52.870+0000] {logging_mixin.py:120} INFO - [2024-07-31T12:34:52.870+0000] {dag.py:3340} INFO - Setting next_dagrun for example_weekday_branch_operator to 2024-07-30T00:00:00+00:00, run_after=2024-07-31T00:00:00+00:00
[2024-07-31T12:34:52.918+0000] {processor.py:176} INFO - Processing /home/airflow/.local/lib/python3.7/site-packages/airflow/example_dags/example_branch_day_of_week_operator.py took 0.177 seconds
[2024-07-31T12:35:23.854+0000] {processor.py:154} INFO - Started process (PID=2723) to work on /home/airflow/.local/lib/python3.7/site-packages/airflow/example_dags/example_branch_day_of_week_operator.py
[2024-07-31T12:35:23.856+0000] {processor.py:756} INFO - Processing file /home/airflow/.local/lib/python3.7/site-packages/airflow/example_dags/example_branch_day_of_week_operator.py for tasks to queue
[2024-07-31T12:35:23.857+0000] {logging_mixin.py:120} INFO - [2024-07-31T12:35:23.857+0000] {dagbag.py:537} INFO - Filling up the DagBag from /home/airflow/.local/lib/python3.7/site-packages/airflow/example_dags/example_branch_day_of_week_operator.py
[2024-07-31T12:35:23.876+0000] {processor.py:766} INFO - DAG(s) dict_keys(['example_weekday_branch_operator']) retrieved from /home/airflow/.local/lib/python3.7/site-packages/airflow/example_dags/example_branch_day_of_week_operator.py
[2024-07-31T12:35:23.929+0000] {logging_mixin.py:120} INFO - [2024-07-31T12:35:23.929+0000] {dag.py:2585} INFO - Sync 1 DAGs
[2024-07-31T12:35:23.965+0000] {logging_mixin.py:120} INFO - [2024-07-31T12:35:23.965+0000] {dag.py:3340} INFO - Setting next_dagrun for example_weekday_branch_operator to 2024-07-30T00:00:00+00:00, run_after=2024-07-31T00:00:00+00:00
[2024-07-31T12:35:24.002+0000] {processor.py:176} INFO - Processing /home/airflow/.local/lib/python3.7/site-packages/airflow/example_dags/example_branch_day_of_week_operator.py took 0.151 seconds
[2024-07-31T12:35:54.311+0000] {processor.py:154} INFO - Started process (PID=2777) to work on /home/airflow/.local/lib/python3.7/site-packages/airflow/example_dags/example_branch_day_of_week_operator.py
[2024-07-31T12:35:54.313+0000] {processor.py:756} INFO - Processing file /home/airflow/.local/lib/python3.7/site-packages/airflow/example_dags/example_branch_day_of_week_operator.py for tasks to queue
[2024-07-31T12:35:54.315+0000] {logging_mixin.py:120} INFO - [2024-07-31T12:35:54.315+0000] {dagbag.py:537} INFO - Filling up the DagBag from /home/airflow/.local/lib/python3.7/site-packages/airflow/example_dags/example_branch_day_of_week_operator.py
[2024-07-31T12:35:54.344+0000] {processor.py:766} INFO - DAG(s) dict_keys(['example_weekday_branch_operator']) retrieved from /home/airflow/.local/lib/python3.7/site-packages/airflow/example_dags/example_branch_day_of_week_operator.py
[2024-07-31T12:35:54.412+0000] {logging_mixin.py:120} INFO - [2024-07-31T12:35:54.412+0000] {dag.py:2585} INFO - Sync 1 DAGs
[2024-07-31T12:35:54.458+0000] {logging_mixin.py:120} INFO - [2024-07-31T12:35:54.458+0000] {dag.py:3340} INFO - Setting next_dagrun for example_weekday_branch_operator to 2024-07-30T00:00:00+00:00, run_after=2024-07-31T00:00:00+00:00
[2024-07-31T12:35:54.496+0000] {processor.py:176} INFO - Processing /home/airflow/.local/lib/python3.7/site-packages/airflow/example_dags/example_branch_day_of_week_operator.py took 0.191 seconds
[2024-07-31T12:36:24.674+0000] {processor.py:154} INFO - Started process (PID=2841) to work on /home/airflow/.local/lib/python3.7/site-packages/airflow/example_dags/example_branch_day_of_week_operator.py
[2024-07-31T12:36:24.675+0000] {processor.py:756} INFO - Processing file /home/airflow/.local/lib/python3.7/site-packages/airflow/example_dags/example_branch_day_of_week_operator.py for tasks to queue
[2024-07-31T12:36:24.676+0000] {logging_mixin.py:120} INFO - [2024-07-31T12:36:24.676+0000] {dagbag.py:537} INFO - Filling up the DagBag from /home/airflow/.local/lib/python3.7/site-packages/airflow/example_dags/example_branch_day_of_week_operator.py
[2024-07-31T12:36:24.706+0000] {processor.py:766} INFO - DAG(s) dict_keys(['example_weekday_branch_operator']) retrieved from /home/airflow/.local/lib/python3.7/site-packages/airflow/example_dags/example_branch_day_of_week_operator.py
[2024-07-31T12:36:24.781+0000] {logging_mixin.py:120} INFO - [2024-07-31T12:36:24.780+0000] {dag.py:2585} INFO - Sync 1 DAGs
[2024-07-31T12:36:24.830+0000] {logging_mixin.py:120} INFO - [2024-07-31T12:36:24.830+0000] {dag.py:3340} INFO - Setting next_dagrun for example_weekday_branch_operator to 2024-07-30T00:00:00+00:00, run_after=2024-07-31T00:00:00+00:00
[2024-07-31T12:36:24.866+0000] {processor.py:176} INFO - Processing /home/airflow/.local/lib/python3.7/site-packages/airflow/example_dags/example_branch_day_of_week_operator.py took 0.198 seconds
