[2024-07-31T12:12:18.992+0000] {processor.py:154} INFO - Started process (PID=57) to work on /home/airflow/.local/lib/python3.7/site-packages/airflow/example_dags/example_time_delta_sensor_async.py
[2024-07-31T12:12:18.994+0000] {processor.py:756} INFO - Processing file /home/airflow/.local/lib/python3.7/site-packages/airflow/example_dags/example_time_delta_sensor_async.py for tasks to queue
[2024-07-31T12:12:18.996+0000] {logging_mixin.py:120} INFO - [2024-07-31T12:12:18.995+0000] {dagbag.py:537} INFO - Filling up the DagBag from /home/airflow/.local/lib/python3.7/site-packages/airflow/example_dags/example_time_delta_sensor_async.py
[2024-07-31T12:12:19.017+0000] {processor.py:766} INFO - DAG(s) dict_keys(['example_time_delta_sensor_async']) retrieved from /home/airflow/.local/lib/python3.7/site-packages/airflow/example_dags/example_time_delta_sensor_async.py
[2024-07-31T12:12:19.660+0000] {logging_mixin.py:120} INFO - [2024-07-31T12:12:19.660+0000] {manager.py:507} INFO - Created Permission View: can read on DAG:example_time_delta_sensor_async
[2024-07-31T12:12:19.684+0000] {logging_mixin.py:120} INFO - [2024-07-31T12:12:19.684+0000] {manager.py:507} INFO - Created Permission View: can delete on DAG:example_time_delta_sensor_async
[2024-07-31T12:12:19.706+0000] {logging_mixin.py:120} INFO - [2024-07-31T12:12:19.706+0000] {manager.py:507} INFO - Created Permission View: can edit on DAG:example_time_delta_sensor_async
[2024-07-31T12:12:19.708+0000] {logging_mixin.py:120} INFO - [2024-07-31T12:12:19.707+0000] {dag.py:2585} INFO - Sync 1 DAGs
[2024-07-31T12:12:19.731+0000] {logging_mixin.py:120} INFO - [2024-07-31T12:12:19.730+0000] {dag.py:2606} INFO - Creating ORM DAG for example_time_delta_sensor_async
[2024-07-31T12:12:19.754+0000] {logging_mixin.py:120} INFO - [2024-07-31T12:12:19.754+0000] {dag.py:3340} INFO - Setting next_dagrun for example_time_delta_sensor_async to None, run_after=None
[2024-07-31T12:12:19.797+0000] {processor.py:176} INFO - Processing /home/airflow/.local/lib/python3.7/site-packages/airflow/example_dags/example_time_delta_sensor_async.py took 0.809 seconds
[2024-07-31T12:12:50.119+0000] {processor.py:154} INFO - Started process (PID=111) to work on /home/airflow/.local/lib/python3.7/site-packages/airflow/example_dags/example_time_delta_sensor_async.py
[2024-07-31T12:12:50.121+0000] {processor.py:756} INFO - Processing file /home/airflow/.local/lib/python3.7/site-packages/airflow/example_dags/example_time_delta_sensor_async.py for tasks to queue
[2024-07-31T12:12:50.122+0000] {logging_mixin.py:120} INFO - [2024-07-31T12:12:50.122+0000] {dagbag.py:537} INFO - Filling up the DagBag from /home/airflow/.local/lib/python3.7/site-packages/airflow/example_dags/example_time_delta_sensor_async.py
[2024-07-31T12:12:50.143+0000] {processor.py:766} INFO - DAG(s) dict_keys(['example_time_delta_sensor_async']) retrieved from /home/airflow/.local/lib/python3.7/site-packages/airflow/example_dags/example_time_delta_sensor_async.py
[2024-07-31T12:12:50.205+0000] {logging_mixin.py:120} INFO - [2024-07-31T12:12:50.205+0000] {dag.py:2585} INFO - Sync 1 DAGs
[2024-07-31T12:12:50.237+0000] {logging_mixin.py:120} INFO - [2024-07-31T12:12:50.237+0000] {dag.py:3340} INFO - Setting next_dagrun for example_time_delta_sensor_async to None, run_after=None
[2024-07-31T12:12:50.260+0000] {processor.py:176} INFO - Processing /home/airflow/.local/lib/python3.7/site-packages/airflow/example_dags/example_time_delta_sensor_async.py took 0.145 seconds
[2024-07-31T12:13:20.661+0000] {processor.py:154} INFO - Started process (PID=175) to work on /home/airflow/.local/lib/python3.7/site-packages/airflow/example_dags/example_time_delta_sensor_async.py
[2024-07-31T12:13:20.663+0000] {processor.py:756} INFO - Processing file /home/airflow/.local/lib/python3.7/site-packages/airflow/example_dags/example_time_delta_sensor_async.py for tasks to queue
[2024-07-31T12:13:20.666+0000] {logging_mixin.py:120} INFO - [2024-07-31T12:13:20.664+0000] {dagbag.py:537} INFO - Filling up the DagBag from /home/airflow/.local/lib/python3.7/site-packages/airflow/example_dags/example_time_delta_sensor_async.py
[2024-07-31T12:13:20.684+0000] {processor.py:766} INFO - DAG(s) dict_keys(['example_time_delta_sensor_async']) retrieved from /home/airflow/.local/lib/python3.7/site-packages/airflow/example_dags/example_time_delta_sensor_async.py
[2024-07-31T12:13:20.885+0000] {logging_mixin.py:120} INFO - [2024-07-31T12:13:20.885+0000] {dag.py:2585} INFO - Sync 1 DAGs
[2024-07-31T12:13:20.925+0000] {logging_mixin.py:120} INFO - [2024-07-31T12:13:20.924+0000] {dag.py:3340} INFO - Setting next_dagrun for example_time_delta_sensor_async to None, run_after=None
[2024-07-31T12:13:21.069+0000] {processor.py:176} INFO - Processing /home/airflow/.local/lib/python3.7/site-packages/airflow/example_dags/example_time_delta_sensor_async.py took 0.412 seconds
[2024-07-31T12:13:51.433+0000] {processor.py:154} INFO - Started process (PID=238) to work on /home/airflow/.local/lib/python3.7/site-packages/airflow/example_dags/example_time_delta_sensor_async.py
[2024-07-31T12:13:51.434+0000] {processor.py:756} INFO - Processing file /home/airflow/.local/lib/python3.7/site-packages/airflow/example_dags/example_time_delta_sensor_async.py for tasks to queue
[2024-07-31T12:13:51.435+0000] {logging_mixin.py:120} INFO - [2024-07-31T12:13:51.435+0000] {dagbag.py:537} INFO - Filling up the DagBag from /home/airflow/.local/lib/python3.7/site-packages/airflow/example_dags/example_time_delta_sensor_async.py
[2024-07-31T12:13:51.450+0000] {processor.py:766} INFO - DAG(s) dict_keys(['example_time_delta_sensor_async']) retrieved from /home/airflow/.local/lib/python3.7/site-packages/airflow/example_dags/example_time_delta_sensor_async.py
[2024-07-31T12:13:51.765+0000] {logging_mixin.py:120} INFO - [2024-07-31T12:13:51.764+0000] {dag.py:2585} INFO - Sync 1 DAGs
[2024-07-31T12:13:51.794+0000] {logging_mixin.py:120} INFO - [2024-07-31T12:13:51.794+0000] {dag.py:3340} INFO - Setting next_dagrun for example_time_delta_sensor_async to None, run_after=None
[2024-07-31T12:13:51.856+0000] {processor.py:176} INFO - Processing /home/airflow/.local/lib/python3.7/site-packages/airflow/example_dags/example_time_delta_sensor_async.py took 0.427 seconds
[2024-07-31T12:14:22.051+0000] {processor.py:154} INFO - Started process (PID=293) to work on /home/airflow/.local/lib/python3.7/site-packages/airflow/example_dags/example_time_delta_sensor_async.py
[2024-07-31T12:14:22.053+0000] {processor.py:756} INFO - Processing file /home/airflow/.local/lib/python3.7/site-packages/airflow/example_dags/example_time_delta_sensor_async.py for tasks to queue
[2024-07-31T12:14:22.054+0000] {logging_mixin.py:120} INFO - [2024-07-31T12:14:22.054+0000] {dagbag.py:537} INFO - Filling up the DagBag from /home/airflow/.local/lib/python3.7/site-packages/airflow/example_dags/example_time_delta_sensor_async.py
[2024-07-31T12:14:22.078+0000] {processor.py:766} INFO - DAG(s) dict_keys(['example_time_delta_sensor_async']) retrieved from /home/airflow/.local/lib/python3.7/site-packages/airflow/example_dags/example_time_delta_sensor_async.py
[2024-07-31T12:14:22.310+0000] {logging_mixin.py:120} INFO - [2024-07-31T12:14:22.310+0000] {dag.py:2585} INFO - Sync 1 DAGs
[2024-07-31T12:14:22.338+0000] {logging_mixin.py:120} INFO - [2024-07-31T12:14:22.338+0000] {dag.py:3340} INFO - Setting next_dagrun for example_time_delta_sensor_async to None, run_after=None
[2024-07-31T12:14:22.364+0000] {processor.py:176} INFO - Processing /home/airflow/.local/lib/python3.7/site-packages/airflow/example_dags/example_time_delta_sensor_async.py took 0.315 seconds
[2024-07-31T12:14:52.757+0000] {processor.py:154} INFO - Started process (PID=358) to work on /home/airflow/.local/lib/python3.7/site-packages/airflow/example_dags/example_time_delta_sensor_async.py
[2024-07-31T12:14:52.759+0000] {processor.py:756} INFO - Processing file /home/airflow/.local/lib/python3.7/site-packages/airflow/example_dags/example_time_delta_sensor_async.py for tasks to queue
[2024-07-31T12:14:52.760+0000] {logging_mixin.py:120} INFO - [2024-07-31T12:14:52.760+0000] {dagbag.py:537} INFO - Filling up the DagBag from /home/airflow/.local/lib/python3.7/site-packages/airflow/example_dags/example_time_delta_sensor_async.py
[2024-07-31T12:14:52.773+0000] {processor.py:766} INFO - DAG(s) dict_keys(['example_time_delta_sensor_async']) retrieved from /home/airflow/.local/lib/python3.7/site-packages/airflow/example_dags/example_time_delta_sensor_async.py
[2024-07-31T12:14:53.092+0000] {logging_mixin.py:120} INFO - [2024-07-31T12:14:53.092+0000] {dag.py:2585} INFO - Sync 1 DAGs
[2024-07-31T12:14:53.138+0000] {logging_mixin.py:120} INFO - [2024-07-31T12:14:53.138+0000] {dag.py:3340} INFO - Setting next_dagrun for example_time_delta_sensor_async to None, run_after=None
[2024-07-31T12:14:53.232+0000] {processor.py:176} INFO - Processing /home/airflow/.local/lib/python3.7/site-packages/airflow/example_dags/example_time_delta_sensor_async.py took 0.479 seconds
[2024-07-31T12:15:24.891+0000] {processor.py:154} INFO - Started process (PID=421) to work on /home/airflow/.local/lib/python3.7/site-packages/airflow/example_dags/example_time_delta_sensor_async.py
[2024-07-31T12:15:24.916+0000] {processor.py:756} INFO - Processing file /home/airflow/.local/lib/python3.7/site-packages/airflow/example_dags/example_time_delta_sensor_async.py for tasks to queue
[2024-07-31T12:15:24.960+0000] {logging_mixin.py:120} INFO - [2024-07-31T12:15:24.960+0000] {dagbag.py:537} INFO - Filling up the DagBag from /home/airflow/.local/lib/python3.7/site-packages/airflow/example_dags/example_time_delta_sensor_async.py
[2024-07-31T12:15:25.006+0000] {processor.py:766} INFO - DAG(s) dict_keys(['example_time_delta_sensor_async']) retrieved from /home/airflow/.local/lib/python3.7/site-packages/airflow/example_dags/example_time_delta_sensor_async.py
[2024-07-31T12:15:25.357+0000] {logging_mixin.py:120} INFO - [2024-07-31T12:15:25.357+0000] {dag.py:2585} INFO - Sync 1 DAGs
[2024-07-31T12:15:25.436+0000] {logging_mixin.py:120} INFO - [2024-07-31T12:15:25.436+0000] {dag.py:3340} INFO - Setting next_dagrun for example_time_delta_sensor_async to None, run_after=None
[2024-07-31T12:15:25.460+0000] {processor.py:176} INFO - Processing /home/airflow/.local/lib/python3.7/site-packages/airflow/example_dags/example_time_delta_sensor_async.py took 0.596 seconds
[2024-07-31T12:15:55.672+0000] {processor.py:154} INFO - Started process (PID=475) to work on /home/airflow/.local/lib/python3.7/site-packages/airflow/example_dags/example_time_delta_sensor_async.py
[2024-07-31T12:15:55.674+0000] {processor.py:756} INFO - Processing file /home/airflow/.local/lib/python3.7/site-packages/airflow/example_dags/example_time_delta_sensor_async.py for tasks to queue
[2024-07-31T12:15:55.676+0000] {logging_mixin.py:120} INFO - [2024-07-31T12:15:55.676+0000] {dagbag.py:537} INFO - Filling up the DagBag from /home/airflow/.local/lib/python3.7/site-packages/airflow/example_dags/example_time_delta_sensor_async.py
[2024-07-31T12:15:55.691+0000] {processor.py:766} INFO - DAG(s) dict_keys(['example_time_delta_sensor_async']) retrieved from /home/airflow/.local/lib/python3.7/site-packages/airflow/example_dags/example_time_delta_sensor_async.py
[2024-07-31T12:15:56.128+0000] {logging_mixin.py:120} INFO - [2024-07-31T12:15:56.127+0000] {dag.py:2585} INFO - Sync 1 DAGs
[2024-07-31T12:15:56.162+0000] {logging_mixin.py:120} INFO - [2024-07-31T12:15:56.162+0000] {dag.py:3340} INFO - Setting next_dagrun for example_time_delta_sensor_async to None, run_after=None
[2024-07-31T12:15:56.194+0000] {processor.py:176} INFO - Processing /home/airflow/.local/lib/python3.7/site-packages/airflow/example_dags/example_time_delta_sensor_async.py took 0.527 seconds
[2024-07-31T12:16:26.369+0000] {processor.py:154} INFO - Started process (PID=538) to work on /home/airflow/.local/lib/python3.7/site-packages/airflow/example_dags/example_time_delta_sensor_async.py
[2024-07-31T12:16:26.370+0000] {processor.py:756} INFO - Processing file /home/airflow/.local/lib/python3.7/site-packages/airflow/example_dags/example_time_delta_sensor_async.py for tasks to queue
[2024-07-31T12:16:26.371+0000] {logging_mixin.py:120} INFO - [2024-07-31T12:16:26.371+0000] {dagbag.py:537} INFO - Filling up the DagBag from /home/airflow/.local/lib/python3.7/site-packages/airflow/example_dags/example_time_delta_sensor_async.py
[2024-07-31T12:16:26.388+0000] {processor.py:766} INFO - DAG(s) dict_keys(['example_time_delta_sensor_async']) retrieved from /home/airflow/.local/lib/python3.7/site-packages/airflow/example_dags/example_time_delta_sensor_async.py
[2024-07-31T12:16:26.626+0000] {logging_mixin.py:120} INFO - [2024-07-31T12:16:26.626+0000] {dag.py:2585} INFO - Sync 1 DAGs
[2024-07-31T12:16:26.656+0000] {logging_mixin.py:120} INFO - [2024-07-31T12:16:26.655+0000] {dag.py:3340} INFO - Setting next_dagrun for example_time_delta_sensor_async to None, run_after=None
[2024-07-31T12:16:26.680+0000] {processor.py:176} INFO - Processing /home/airflow/.local/lib/python3.7/site-packages/airflow/example_dags/example_time_delta_sensor_async.py took 0.317 seconds
[2024-07-31T12:16:57.594+0000] {processor.py:154} INFO - Started process (PID=592) to work on /home/airflow/.local/lib/python3.7/site-packages/airflow/example_dags/example_time_delta_sensor_async.py
[2024-07-31T12:16:57.595+0000] {processor.py:756} INFO - Processing file /home/airflow/.local/lib/python3.7/site-packages/airflow/example_dags/example_time_delta_sensor_async.py for tasks to queue
[2024-07-31T12:16:57.597+0000] {logging_mixin.py:120} INFO - [2024-07-31T12:16:57.596+0000] {dagbag.py:537} INFO - Filling up the DagBag from /home/airflow/.local/lib/python3.7/site-packages/airflow/example_dags/example_time_delta_sensor_async.py
[2024-07-31T12:16:57.617+0000] {processor.py:766} INFO - DAG(s) dict_keys(['example_time_delta_sensor_async']) retrieved from /home/airflow/.local/lib/python3.7/site-packages/airflow/example_dags/example_time_delta_sensor_async.py
[2024-07-31T12:16:58.007+0000] {logging_mixin.py:120} INFO - [2024-07-31T12:16:58.007+0000] {dag.py:2585} INFO - Sync 1 DAGs
[2024-07-31T12:16:58.074+0000] {logging_mixin.py:120} INFO - [2024-07-31T12:16:58.074+0000] {dag.py:3340} INFO - Setting next_dagrun for example_time_delta_sensor_async to None, run_after=None
[2024-07-31T12:16:58.127+0000] {processor.py:176} INFO - Processing /home/airflow/.local/lib/python3.7/site-packages/airflow/example_dags/example_time_delta_sensor_async.py took 0.537 seconds
[2024-07-31T12:17:28.499+0000] {processor.py:154} INFO - Started process (PID=654) to work on /home/airflow/.local/lib/python3.7/site-packages/airflow/example_dags/example_time_delta_sensor_async.py
[2024-07-31T12:17:28.501+0000] {processor.py:756} INFO - Processing file /home/airflow/.local/lib/python3.7/site-packages/airflow/example_dags/example_time_delta_sensor_async.py for tasks to queue
[2024-07-31T12:17:28.504+0000] {logging_mixin.py:120} INFO - [2024-07-31T12:17:28.503+0000] {dagbag.py:537} INFO - Filling up the DagBag from /home/airflow/.local/lib/python3.7/site-packages/airflow/example_dags/example_time_delta_sensor_async.py
[2024-07-31T12:17:28.521+0000] {processor.py:766} INFO - DAG(s) dict_keys(['example_time_delta_sensor_async']) retrieved from /home/airflow/.local/lib/python3.7/site-packages/airflow/example_dags/example_time_delta_sensor_async.py
[2024-07-31T12:17:28.761+0000] {logging_mixin.py:120} INFO - [2024-07-31T12:17:28.760+0000] {dag.py:2585} INFO - Sync 1 DAGs
[2024-07-31T12:17:28.790+0000] {logging_mixin.py:120} INFO - [2024-07-31T12:17:28.790+0000] {dag.py:3340} INFO - Setting next_dagrun for example_time_delta_sensor_async to None, run_after=None
[2024-07-31T12:17:28.815+0000] {processor.py:176} INFO - Processing /home/airflow/.local/lib/python3.7/site-packages/airflow/example_dags/example_time_delta_sensor_async.py took 0.320 seconds
[2024-07-31T12:17:58.994+0000] {processor.py:154} INFO - Started process (PID=715) to work on /home/airflow/.local/lib/python3.7/site-packages/airflow/example_dags/example_time_delta_sensor_async.py
[2024-07-31T12:17:58.996+0000] {processor.py:756} INFO - Processing file /home/airflow/.local/lib/python3.7/site-packages/airflow/example_dags/example_time_delta_sensor_async.py for tasks to queue
[2024-07-31T12:17:58.997+0000] {logging_mixin.py:120} INFO - [2024-07-31T12:17:58.997+0000] {dagbag.py:537} INFO - Filling up the DagBag from /home/airflow/.local/lib/python3.7/site-packages/airflow/example_dags/example_time_delta_sensor_async.py
[2024-07-31T12:17:59.013+0000] {processor.py:766} INFO - DAG(s) dict_keys(['example_time_delta_sensor_async']) retrieved from /home/airflow/.local/lib/python3.7/site-packages/airflow/example_dags/example_time_delta_sensor_async.py
[2024-07-31T12:17:59.323+0000] {logging_mixin.py:120} INFO - [2024-07-31T12:17:59.323+0000] {dag.py:2585} INFO - Sync 1 DAGs
[2024-07-31T12:17:59.360+0000] {logging_mixin.py:120} INFO - [2024-07-31T12:17:59.359+0000] {dag.py:3340} INFO - Setting next_dagrun for example_time_delta_sensor_async to None, run_after=None
[2024-07-31T12:17:59.394+0000] {processor.py:176} INFO - Processing /home/airflow/.local/lib/python3.7/site-packages/airflow/example_dags/example_time_delta_sensor_async.py took 0.405 seconds
[2024-07-31T12:18:30.039+0000] {processor.py:154} INFO - Started process (PID=770) to work on /home/airflow/.local/lib/python3.7/site-packages/airflow/example_dags/example_time_delta_sensor_async.py
[2024-07-31T12:18:30.047+0000] {processor.py:756} INFO - Processing file /home/airflow/.local/lib/python3.7/site-packages/airflow/example_dags/example_time_delta_sensor_async.py for tasks to queue
[2024-07-31T12:18:30.053+0000] {logging_mixin.py:120} INFO - [2024-07-31T12:18:30.053+0000] {dagbag.py:537} INFO - Filling up the DagBag from /home/airflow/.local/lib/python3.7/site-packages/airflow/example_dags/example_time_delta_sensor_async.py
[2024-07-31T12:18:30.253+0000] {processor.py:766} INFO - DAG(s) dict_keys(['example_time_delta_sensor_async']) retrieved from /home/airflow/.local/lib/python3.7/site-packages/airflow/example_dags/example_time_delta_sensor_async.py
[2024-07-31T12:18:30.699+0000] {logging_mixin.py:120} INFO - [2024-07-31T12:18:30.699+0000] {dag.py:2585} INFO - Sync 1 DAGs
[2024-07-31T12:18:30.894+0000] {logging_mixin.py:120} INFO - [2024-07-31T12:18:30.894+0000] {dag.py:3340} INFO - Setting next_dagrun for example_time_delta_sensor_async to None, run_after=None
[2024-07-31T12:18:30.929+0000] {processor.py:176} INFO - Processing /home/airflow/.local/lib/python3.7/site-packages/airflow/example_dags/example_time_delta_sensor_async.py took 0.893 seconds
[2024-07-31T12:19:01.212+0000] {processor.py:154} INFO - Started process (PID=833) to work on /home/airflow/.local/lib/python3.7/site-packages/airflow/example_dags/example_time_delta_sensor_async.py
[2024-07-31T12:19:01.214+0000] {processor.py:756} INFO - Processing file /home/airflow/.local/lib/python3.7/site-packages/airflow/example_dags/example_time_delta_sensor_async.py for tasks to queue
[2024-07-31T12:19:01.215+0000] {logging_mixin.py:120} INFO - [2024-07-31T12:19:01.215+0000] {dagbag.py:537} INFO - Filling up the DagBag from /home/airflow/.local/lib/python3.7/site-packages/airflow/example_dags/example_time_delta_sensor_async.py
[2024-07-31T12:19:01.229+0000] {processor.py:766} INFO - DAG(s) dict_keys(['example_time_delta_sensor_async']) retrieved from /home/airflow/.local/lib/python3.7/site-packages/airflow/example_dags/example_time_delta_sensor_async.py
[2024-07-31T12:19:01.498+0000] {logging_mixin.py:120} INFO - [2024-07-31T12:19:01.497+0000] {dag.py:2585} INFO - Sync 1 DAGs
[2024-07-31T12:19:01.527+0000] {logging_mixin.py:120} INFO - [2024-07-31T12:19:01.526+0000] {dag.py:3340} INFO - Setting next_dagrun for example_time_delta_sensor_async to None, run_after=None
[2024-07-31T12:19:01.573+0000] {processor.py:176} INFO - Processing /home/airflow/.local/lib/python3.7/site-packages/airflow/example_dags/example_time_delta_sensor_async.py took 0.365 seconds
[2024-07-31T12:19:32.438+0000] {processor.py:154} INFO - Started process (PID=887) to work on /home/airflow/.local/lib/python3.7/site-packages/airflow/example_dags/example_time_delta_sensor_async.py
[2024-07-31T12:19:32.440+0000] {processor.py:756} INFO - Processing file /home/airflow/.local/lib/python3.7/site-packages/airflow/example_dags/example_time_delta_sensor_async.py for tasks to queue
[2024-07-31T12:19:32.441+0000] {logging_mixin.py:120} INFO - [2024-07-31T12:19:32.441+0000] {dagbag.py:537} INFO - Filling up the DagBag from /home/airflow/.local/lib/python3.7/site-packages/airflow/example_dags/example_time_delta_sensor_async.py
[2024-07-31T12:19:32.460+0000] {processor.py:766} INFO - DAG(s) dict_keys(['example_time_delta_sensor_async']) retrieved from /home/airflow/.local/lib/python3.7/site-packages/airflow/example_dags/example_time_delta_sensor_async.py
[2024-07-31T12:19:32.750+0000] {logging_mixin.py:120} INFO - [2024-07-31T12:19:32.750+0000] {dag.py:2585} INFO - Sync 1 DAGs
[2024-07-31T12:19:32.785+0000] {logging_mixin.py:120} INFO - [2024-07-31T12:19:32.784+0000] {dag.py:3340} INFO - Setting next_dagrun for example_time_delta_sensor_async to None, run_after=None
[2024-07-31T12:19:32.804+0000] {processor.py:176} INFO - Processing /home/airflow/.local/lib/python3.7/site-packages/airflow/example_dags/example_time_delta_sensor_async.py took 0.371 seconds
[2024-07-31T12:20:03.659+0000] {processor.py:154} INFO - Started process (PID=949) to work on /home/airflow/.local/lib/python3.7/site-packages/airflow/example_dags/example_time_delta_sensor_async.py
[2024-07-31T12:20:03.661+0000] {processor.py:756} INFO - Processing file /home/airflow/.local/lib/python3.7/site-packages/airflow/example_dags/example_time_delta_sensor_async.py for tasks to queue
[2024-07-31T12:20:03.662+0000] {logging_mixin.py:120} INFO - [2024-07-31T12:20:03.662+0000] {dagbag.py:537} INFO - Filling up the DagBag from /home/airflow/.local/lib/python3.7/site-packages/airflow/example_dags/example_time_delta_sensor_async.py
[2024-07-31T12:20:03.704+0000] {processor.py:766} INFO - DAG(s) dict_keys(['example_time_delta_sensor_async']) retrieved from /home/airflow/.local/lib/python3.7/site-packages/airflow/example_dags/example_time_delta_sensor_async.py
[2024-07-31T12:20:04.025+0000] {logging_mixin.py:120} INFO - [2024-07-31T12:20:04.024+0000] {dag.py:2585} INFO - Sync 1 DAGs
[2024-07-31T12:20:04.092+0000] {logging_mixin.py:120} INFO - [2024-07-31T12:20:04.092+0000] {dag.py:3340} INFO - Setting next_dagrun for example_time_delta_sensor_async to None, run_after=None
[2024-07-31T12:20:04.136+0000] {processor.py:176} INFO - Processing /home/airflow/.local/lib/python3.7/site-packages/airflow/example_dags/example_time_delta_sensor_async.py took 0.480 seconds
[2024-07-31T12:20:34.231+0000] {processor.py:154} INFO - Started process (PID=1013) to work on /home/airflow/.local/lib/python3.7/site-packages/airflow/example_dags/example_time_delta_sensor_async.py
[2024-07-31T12:20:34.233+0000] {processor.py:756} INFO - Processing file /home/airflow/.local/lib/python3.7/site-packages/airflow/example_dags/example_time_delta_sensor_async.py for tasks to queue
[2024-07-31T12:20:34.235+0000] {logging_mixin.py:120} INFO - [2024-07-31T12:20:34.234+0000] {dagbag.py:537} INFO - Filling up the DagBag from /home/airflow/.local/lib/python3.7/site-packages/airflow/example_dags/example_time_delta_sensor_async.py
[2024-07-31T12:20:34.255+0000] {processor.py:766} INFO - DAG(s) dict_keys(['example_time_delta_sensor_async']) retrieved from /home/airflow/.local/lib/python3.7/site-packages/airflow/example_dags/example_time_delta_sensor_async.py
[2024-07-31T12:20:34.490+0000] {logging_mixin.py:120} INFO - [2024-07-31T12:20:34.490+0000] {dag.py:2585} INFO - Sync 1 DAGs
[2024-07-31T12:20:34.522+0000] {logging_mixin.py:120} INFO - [2024-07-31T12:20:34.522+0000] {dag.py:3340} INFO - Setting next_dagrun for example_time_delta_sensor_async to None, run_after=None
[2024-07-31T12:20:34.572+0000] {processor.py:176} INFO - Processing /home/airflow/.local/lib/python3.7/site-packages/airflow/example_dags/example_time_delta_sensor_async.py took 0.345 seconds
[2024-07-31T12:21:05.404+0000] {processor.py:154} INFO - Started process (PID=1066) to work on /home/airflow/.local/lib/python3.7/site-packages/airflow/example_dags/example_time_delta_sensor_async.py
[2024-07-31T12:21:05.411+0000] {processor.py:756} INFO - Processing file /home/airflow/.local/lib/python3.7/site-packages/airflow/example_dags/example_time_delta_sensor_async.py for tasks to queue
[2024-07-31T12:21:05.412+0000] {logging_mixin.py:120} INFO - [2024-07-31T12:21:05.412+0000] {dagbag.py:537} INFO - Filling up the DagBag from /home/airflow/.local/lib/python3.7/site-packages/airflow/example_dags/example_time_delta_sensor_async.py
[2024-07-31T12:21:05.431+0000] {processor.py:766} INFO - DAG(s) dict_keys(['example_time_delta_sensor_async']) retrieved from /home/airflow/.local/lib/python3.7/site-packages/airflow/example_dags/example_time_delta_sensor_async.py
[2024-07-31T12:21:06.045+0000] {logging_mixin.py:120} INFO - [2024-07-31T12:21:06.045+0000] {dag.py:2585} INFO - Sync 1 DAGs
[2024-07-31T12:21:06.129+0000] {logging_mixin.py:120} INFO - [2024-07-31T12:21:06.129+0000] {dag.py:3340} INFO - Setting next_dagrun for example_time_delta_sensor_async to None, run_after=None
[2024-07-31T12:21:06.222+0000] {processor.py:176} INFO - Processing /home/airflow/.local/lib/python3.7/site-packages/airflow/example_dags/example_time_delta_sensor_async.py took 0.823 seconds
[2024-07-31T12:21:36.391+0000] {processor.py:154} INFO - Started process (PID=1129) to work on /home/airflow/.local/lib/python3.7/site-packages/airflow/example_dags/example_time_delta_sensor_async.py
[2024-07-31T12:21:36.405+0000] {processor.py:756} INFO - Processing file /home/airflow/.local/lib/python3.7/site-packages/airflow/example_dags/example_time_delta_sensor_async.py for tasks to queue
[2024-07-31T12:21:36.408+0000] {logging_mixin.py:120} INFO - [2024-07-31T12:21:36.407+0000] {dagbag.py:537} INFO - Filling up the DagBag from /home/airflow/.local/lib/python3.7/site-packages/airflow/example_dags/example_time_delta_sensor_async.py
[2024-07-31T12:21:36.424+0000] {processor.py:766} INFO - DAG(s) dict_keys(['example_time_delta_sensor_async']) retrieved from /home/airflow/.local/lib/python3.7/site-packages/airflow/example_dags/example_time_delta_sensor_async.py
[2024-07-31T12:21:36.727+0000] {logging_mixin.py:120} INFO - [2024-07-31T12:21:36.726+0000] {dag.py:2585} INFO - Sync 1 DAGs
[2024-07-31T12:21:36.753+0000] {logging_mixin.py:120} INFO - [2024-07-31T12:21:36.753+0000] {dag.py:3340} INFO - Setting next_dagrun for example_time_delta_sensor_async to None, run_after=None
[2024-07-31T12:21:36.784+0000] {processor.py:176} INFO - Processing /home/airflow/.local/lib/python3.7/site-packages/airflow/example_dags/example_time_delta_sensor_async.py took 0.397 seconds
[2024-07-31T12:22:07.601+0000] {processor.py:154} INFO - Started process (PID=1192) to work on /home/airflow/.local/lib/python3.7/site-packages/airflow/example_dags/example_time_delta_sensor_async.py
[2024-07-31T12:22:07.603+0000] {processor.py:756} INFO - Processing file /home/airflow/.local/lib/python3.7/site-packages/airflow/example_dags/example_time_delta_sensor_async.py for tasks to queue
[2024-07-31T12:22:07.604+0000] {logging_mixin.py:120} INFO - [2024-07-31T12:22:07.604+0000] {dagbag.py:537} INFO - Filling up the DagBag from /home/airflow/.local/lib/python3.7/site-packages/airflow/example_dags/example_time_delta_sensor_async.py
[2024-07-31T12:22:07.635+0000] {processor.py:766} INFO - DAG(s) dict_keys(['example_time_delta_sensor_async']) retrieved from /home/airflow/.local/lib/python3.7/site-packages/airflow/example_dags/example_time_delta_sensor_async.py
[2024-07-31T12:22:08.021+0000] {logging_mixin.py:120} INFO - [2024-07-31T12:22:08.020+0000] {dag.py:2585} INFO - Sync 1 DAGs
[2024-07-31T12:22:08.068+0000] {logging_mixin.py:120} INFO - [2024-07-31T12:22:08.068+0000] {dag.py:3340} INFO - Setting next_dagrun for example_time_delta_sensor_async to None, run_after=None
[2024-07-31T12:22:08.107+0000] {processor.py:176} INFO - Processing /home/airflow/.local/lib/python3.7/site-packages/airflow/example_dags/example_time_delta_sensor_async.py took 0.511 seconds
[2024-07-31T12:22:38.526+0000] {processor.py:154} INFO - Started process (PID=1246) to work on /home/airflow/.local/lib/python3.7/site-packages/airflow/example_dags/example_time_delta_sensor_async.py
[2024-07-31T12:22:38.528+0000] {processor.py:756} INFO - Processing file /home/airflow/.local/lib/python3.7/site-packages/airflow/example_dags/example_time_delta_sensor_async.py for tasks to queue
[2024-07-31T12:22:38.531+0000] {logging_mixin.py:120} INFO - [2024-07-31T12:22:38.530+0000] {dagbag.py:537} INFO - Filling up the DagBag from /home/airflow/.local/lib/python3.7/site-packages/airflow/example_dags/example_time_delta_sensor_async.py
[2024-07-31T12:22:38.560+0000] {processor.py:766} INFO - DAG(s) dict_keys(['example_time_delta_sensor_async']) retrieved from /home/airflow/.local/lib/python3.7/site-packages/airflow/example_dags/example_time_delta_sensor_async.py
[2024-07-31T12:22:38.867+0000] {logging_mixin.py:120} INFO - [2024-07-31T12:22:38.866+0000] {dag.py:2585} INFO - Sync 1 DAGs
[2024-07-31T12:22:38.919+0000] {logging_mixin.py:120} INFO - [2024-07-31T12:22:38.919+0000] {dag.py:3340} INFO - Setting next_dagrun for example_time_delta_sensor_async to None, run_after=None
[2024-07-31T12:22:38.973+0000] {processor.py:176} INFO - Processing /home/airflow/.local/lib/python3.7/site-packages/airflow/example_dags/example_time_delta_sensor_async.py took 0.455 seconds
[2024-07-31T12:23:09.491+0000] {processor.py:154} INFO - Started process (PID=1310) to work on /home/airflow/.local/lib/python3.7/site-packages/airflow/example_dags/example_time_delta_sensor_async.py
[2024-07-31T12:23:09.493+0000] {processor.py:756} INFO - Processing file /home/airflow/.local/lib/python3.7/site-packages/airflow/example_dags/example_time_delta_sensor_async.py for tasks to queue
[2024-07-31T12:23:09.495+0000] {logging_mixin.py:120} INFO - [2024-07-31T12:23:09.495+0000] {dagbag.py:537} INFO - Filling up the DagBag from /home/airflow/.local/lib/python3.7/site-packages/airflow/example_dags/example_time_delta_sensor_async.py
[2024-07-31T12:23:09.514+0000] {processor.py:766} INFO - DAG(s) dict_keys(['example_time_delta_sensor_async']) retrieved from /home/airflow/.local/lib/python3.7/site-packages/airflow/example_dags/example_time_delta_sensor_async.py
[2024-07-31T12:23:09.769+0000] {logging_mixin.py:120} INFO - [2024-07-31T12:23:09.768+0000] {dag.py:2585} INFO - Sync 1 DAGs
[2024-07-31T12:23:09.807+0000] {logging_mixin.py:120} INFO - [2024-07-31T12:23:09.807+0000] {dag.py:3340} INFO - Setting next_dagrun for example_time_delta_sensor_async to None, run_after=None
[2024-07-31T12:23:09.846+0000] {processor.py:176} INFO - Processing /home/airflow/.local/lib/python3.7/site-packages/airflow/example_dags/example_time_delta_sensor_async.py took 0.360 seconds
[2024-07-31T12:23:39.989+0000] {processor.py:154} INFO - Started process (PID=1365) to work on /home/airflow/.local/lib/python3.7/site-packages/airflow/example_dags/example_time_delta_sensor_async.py
[2024-07-31T12:23:39.990+0000] {processor.py:756} INFO - Processing file /home/airflow/.local/lib/python3.7/site-packages/airflow/example_dags/example_time_delta_sensor_async.py for tasks to queue
[2024-07-31T12:23:39.991+0000] {logging_mixin.py:120} INFO - [2024-07-31T12:23:39.991+0000] {dagbag.py:537} INFO - Filling up the DagBag from /home/airflow/.local/lib/python3.7/site-packages/airflow/example_dags/example_time_delta_sensor_async.py
[2024-07-31T12:23:40.004+0000] {processor.py:766} INFO - DAG(s) dict_keys(['example_time_delta_sensor_async']) retrieved from /home/airflow/.local/lib/python3.7/site-packages/airflow/example_dags/example_time_delta_sensor_async.py
[2024-07-31T12:23:40.200+0000] {logging_mixin.py:120} INFO - [2024-07-31T12:23:40.200+0000] {dag.py:2585} INFO - Sync 1 DAGs
[2024-07-31T12:23:40.245+0000] {logging_mixin.py:120} INFO - [2024-07-31T12:23:40.245+0000] {dag.py:3340} INFO - Setting next_dagrun for example_time_delta_sensor_async to None, run_after=None
[2024-07-31T12:23:40.285+0000] {processor.py:176} INFO - Processing /home/airflow/.local/lib/python3.7/site-packages/airflow/example_dags/example_time_delta_sensor_async.py took 0.299 seconds
[2024-07-31T12:24:13.901+0000] {processor.py:154} INFO - Started process (PID=1427) to work on /home/airflow/.local/lib/python3.7/site-packages/airflow/example_dags/example_time_delta_sensor_async.py
[2024-07-31T12:24:13.908+0000] {processor.py:756} INFO - Processing file /home/airflow/.local/lib/python3.7/site-packages/airflow/example_dags/example_time_delta_sensor_async.py for tasks to queue
[2024-07-31T12:24:13.913+0000] {logging_mixin.py:120} INFO - [2024-07-31T12:24:13.913+0000] {dagbag.py:537} INFO - Filling up the DagBag from /home/airflow/.local/lib/python3.7/site-packages/airflow/example_dags/example_time_delta_sensor_async.py
[2024-07-31T12:24:14.040+0000] {processor.py:766} INFO - DAG(s) dict_keys(['example_time_delta_sensor_async']) retrieved from /home/airflow/.local/lib/python3.7/site-packages/airflow/example_dags/example_time_delta_sensor_async.py
[2024-07-31T12:24:14.608+0000] {logging_mixin.py:120} INFO - [2024-07-31T12:24:14.607+0000] {dag.py:2585} INFO - Sync 1 DAGs
[2024-07-31T12:24:14.741+0000] {logging_mixin.py:120} INFO - [2024-07-31T12:24:14.741+0000] {dag.py:3340} INFO - Setting next_dagrun for example_time_delta_sensor_async to None, run_after=None
[2024-07-31T12:24:14.918+0000] {processor.py:176} INFO - Processing /home/airflow/.local/lib/python3.7/site-packages/airflow/example_dags/example_time_delta_sensor_async.py took 1.021 seconds
[2024-07-31T12:24:45.300+0000] {processor.py:154} INFO - Started process (PID=1489) to work on /home/airflow/.local/lib/python3.7/site-packages/airflow/example_dags/example_time_delta_sensor_async.py
[2024-07-31T12:24:45.301+0000] {processor.py:756} INFO - Processing file /home/airflow/.local/lib/python3.7/site-packages/airflow/example_dags/example_time_delta_sensor_async.py for tasks to queue
[2024-07-31T12:24:45.302+0000] {logging_mixin.py:120} INFO - [2024-07-31T12:24:45.302+0000] {dagbag.py:537} INFO - Filling up the DagBag from /home/airflow/.local/lib/python3.7/site-packages/airflow/example_dags/example_time_delta_sensor_async.py
[2024-07-31T12:24:45.320+0000] {processor.py:766} INFO - DAG(s) dict_keys(['example_time_delta_sensor_async']) retrieved from /home/airflow/.local/lib/python3.7/site-packages/airflow/example_dags/example_time_delta_sensor_async.py
[2024-07-31T12:24:45.572+0000] {logging_mixin.py:120} INFO - [2024-07-31T12:24:45.572+0000] {dag.py:2585} INFO - Sync 1 DAGs
[2024-07-31T12:24:45.603+0000] {logging_mixin.py:120} INFO - [2024-07-31T12:24:45.603+0000] {dag.py:3340} INFO - Setting next_dagrun for example_time_delta_sensor_async to None, run_after=None
[2024-07-31T12:24:45.637+0000] {processor.py:176} INFO - Processing /home/airflow/.local/lib/python3.7/site-packages/airflow/example_dags/example_time_delta_sensor_async.py took 0.342 seconds
[2024-07-31T12:25:15.906+0000] {processor.py:154} INFO - Started process (PID=1543) to work on /home/airflow/.local/lib/python3.7/site-packages/airflow/example_dags/example_time_delta_sensor_async.py
[2024-07-31T12:25:15.908+0000] {processor.py:756} INFO - Processing file /home/airflow/.local/lib/python3.7/site-packages/airflow/example_dags/example_time_delta_sensor_async.py for tasks to queue
[2024-07-31T12:25:15.909+0000] {logging_mixin.py:120} INFO - [2024-07-31T12:25:15.909+0000] {dagbag.py:537} INFO - Filling up the DagBag from /home/airflow/.local/lib/python3.7/site-packages/airflow/example_dags/example_time_delta_sensor_async.py
[2024-07-31T12:25:15.923+0000] {processor.py:766} INFO - DAG(s) dict_keys(['example_time_delta_sensor_async']) retrieved from /home/airflow/.local/lib/python3.7/site-packages/airflow/example_dags/example_time_delta_sensor_async.py
[2024-07-31T12:25:16.194+0000] {logging_mixin.py:120} INFO - [2024-07-31T12:25:16.194+0000] {dag.py:2585} INFO - Sync 1 DAGs
[2024-07-31T12:25:16.281+0000] {logging_mixin.py:120} INFO - [2024-07-31T12:25:16.281+0000] {dag.py:3340} INFO - Setting next_dagrun for example_time_delta_sensor_async to None, run_after=None
[2024-07-31T12:25:16.328+0000] {processor.py:176} INFO - Processing /home/airflow/.local/lib/python3.7/site-packages/airflow/example_dags/example_time_delta_sensor_async.py took 0.426 seconds
[2024-07-31T12:25:46.972+0000] {processor.py:154} INFO - Started process (PID=1606) to work on /home/airflow/.local/lib/python3.7/site-packages/airflow/example_dags/example_time_delta_sensor_async.py
[2024-07-31T12:25:46.974+0000] {processor.py:756} INFO - Processing file /home/airflow/.local/lib/python3.7/site-packages/airflow/example_dags/example_time_delta_sensor_async.py for tasks to queue
[2024-07-31T12:25:47.015+0000] {logging_mixin.py:120} INFO - [2024-07-31T12:25:47.015+0000] {dagbag.py:537} INFO - Filling up the DagBag from /home/airflow/.local/lib/python3.7/site-packages/airflow/example_dags/example_time_delta_sensor_async.py
[2024-07-31T12:25:47.070+0000] {processor.py:766} INFO - DAG(s) dict_keys(['example_time_delta_sensor_async']) retrieved from /home/airflow/.local/lib/python3.7/site-packages/airflow/example_dags/example_time_delta_sensor_async.py
[2024-07-31T12:25:47.462+0000] {logging_mixin.py:120} INFO - [2024-07-31T12:25:47.462+0000] {dag.py:2585} INFO - Sync 1 DAGs
[2024-07-31T12:25:47.620+0000] {logging_mixin.py:120} INFO - [2024-07-31T12:25:47.620+0000] {dag.py:3340} INFO - Setting next_dagrun for example_time_delta_sensor_async to None, run_after=None
[2024-07-31T12:25:47.777+0000] {processor.py:176} INFO - Processing /home/airflow/.local/lib/python3.7/site-packages/airflow/example_dags/example_time_delta_sensor_async.py took 0.809 seconds
[2024-07-31T12:26:18.707+0000] {processor.py:154} INFO - Started process (PID=1670) to work on /home/airflow/.local/lib/python3.7/site-packages/airflow/example_dags/example_time_delta_sensor_async.py
[2024-07-31T12:26:18.739+0000] {processor.py:756} INFO - Processing file /home/airflow/.local/lib/python3.7/site-packages/airflow/example_dags/example_time_delta_sensor_async.py for tasks to queue
[2024-07-31T12:26:18.757+0000] {logging_mixin.py:120} INFO - [2024-07-31T12:26:18.757+0000] {dagbag.py:537} INFO - Filling up the DagBag from /home/airflow/.local/lib/python3.7/site-packages/airflow/example_dags/example_time_delta_sensor_async.py
[2024-07-31T12:26:18.782+0000] {processor.py:766} INFO - DAG(s) dict_keys(['example_time_delta_sensor_async']) retrieved from /home/airflow/.local/lib/python3.7/site-packages/airflow/example_dags/example_time_delta_sensor_async.py
[2024-07-31T12:26:19.447+0000] {logging_mixin.py:120} INFO - [2024-07-31T12:26:19.447+0000] {dag.py:2585} INFO - Sync 1 DAGs
[2024-07-31T12:26:19.507+0000] {logging_mixin.py:120} INFO - [2024-07-31T12:26:19.507+0000] {dag.py:3340} INFO - Setting next_dagrun for example_time_delta_sensor_async to None, run_after=None
[2024-07-31T12:26:19.548+0000] {processor.py:176} INFO - Processing /home/airflow/.local/lib/python3.7/site-packages/airflow/example_dags/example_time_delta_sensor_async.py took 0.845 seconds
[2024-07-31T12:26:50.525+0000] {processor.py:154} INFO - Started process (PID=1724) to work on /home/airflow/.local/lib/python3.7/site-packages/airflow/example_dags/example_time_delta_sensor_async.py
[2024-07-31T12:26:50.527+0000] {processor.py:756} INFO - Processing file /home/airflow/.local/lib/python3.7/site-packages/airflow/example_dags/example_time_delta_sensor_async.py for tasks to queue
[2024-07-31T12:26:50.528+0000] {logging_mixin.py:120} INFO - [2024-07-31T12:26:50.528+0000] {dagbag.py:537} INFO - Filling up the DagBag from /home/airflow/.local/lib/python3.7/site-packages/airflow/example_dags/example_time_delta_sensor_async.py
[2024-07-31T12:26:50.551+0000] {processor.py:766} INFO - DAG(s) dict_keys(['example_time_delta_sensor_async']) retrieved from /home/airflow/.local/lib/python3.7/site-packages/airflow/example_dags/example_time_delta_sensor_async.py
[2024-07-31T12:26:50.964+0000] {logging_mixin.py:120} INFO - [2024-07-31T12:26:50.964+0000] {dag.py:2585} INFO - Sync 1 DAGs
[2024-07-31T12:26:51.167+0000] {logging_mixin.py:120} INFO - [2024-07-31T12:26:51.167+0000] {dag.py:3340} INFO - Setting next_dagrun for example_time_delta_sensor_async to None, run_after=None
[2024-07-31T12:26:51.203+0000] {processor.py:176} INFO - Processing /home/airflow/.local/lib/python3.7/site-packages/airflow/example_dags/example_time_delta_sensor_async.py took 0.683 seconds
[2024-07-31T12:27:21.893+0000] {processor.py:154} INFO - Started process (PID=1787) to work on /home/airflow/.local/lib/python3.7/site-packages/airflow/example_dags/example_time_delta_sensor_async.py
[2024-07-31T12:27:21.896+0000] {processor.py:756} INFO - Processing file /home/airflow/.local/lib/python3.7/site-packages/airflow/example_dags/example_time_delta_sensor_async.py for tasks to queue
[2024-07-31T12:27:22.022+0000] {logging_mixin.py:120} INFO - [2024-07-31T12:27:22.021+0000] {dagbag.py:537} INFO - Filling up the DagBag from /home/airflow/.local/lib/python3.7/site-packages/airflow/example_dags/example_time_delta_sensor_async.py
[2024-07-31T12:27:22.047+0000] {processor.py:766} INFO - DAG(s) dict_keys(['example_time_delta_sensor_async']) retrieved from /home/airflow/.local/lib/python3.7/site-packages/airflow/example_dags/example_time_delta_sensor_async.py
[2024-07-31T12:27:22.702+0000] {logging_mixin.py:120} INFO - [2024-07-31T12:27:22.702+0000] {dag.py:2585} INFO - Sync 1 DAGs
[2024-07-31T12:27:22.750+0000] {logging_mixin.py:120} INFO - [2024-07-31T12:27:22.750+0000] {dag.py:3340} INFO - Setting next_dagrun for example_time_delta_sensor_async to None, run_after=None
[2024-07-31T12:27:22.899+0000] {processor.py:176} INFO - Processing /home/airflow/.local/lib/python3.7/site-packages/airflow/example_dags/example_time_delta_sensor_async.py took 1.010 seconds
[2024-07-31T12:27:53.343+0000] {processor.py:154} INFO - Started process (PID=1851) to work on /home/airflow/.local/lib/python3.7/site-packages/airflow/example_dags/example_time_delta_sensor_async.py
[2024-07-31T12:27:53.344+0000] {processor.py:756} INFO - Processing file /home/airflow/.local/lib/python3.7/site-packages/airflow/example_dags/example_time_delta_sensor_async.py for tasks to queue
[2024-07-31T12:27:53.346+0000] {logging_mixin.py:120} INFO - [2024-07-31T12:27:53.345+0000] {dagbag.py:537} INFO - Filling up the DagBag from /home/airflow/.local/lib/python3.7/site-packages/airflow/example_dags/example_time_delta_sensor_async.py
[2024-07-31T12:27:53.364+0000] {processor.py:766} INFO - DAG(s) dict_keys(['example_time_delta_sensor_async']) retrieved from /home/airflow/.local/lib/python3.7/site-packages/airflow/example_dags/example_time_delta_sensor_async.py
[2024-07-31T12:27:53.652+0000] {logging_mixin.py:120} INFO - [2024-07-31T12:27:53.652+0000] {dag.py:2585} INFO - Sync 1 DAGs
[2024-07-31T12:27:53.697+0000] {logging_mixin.py:120} INFO - [2024-07-31T12:27:53.697+0000] {dag.py:3340} INFO - Setting next_dagrun for example_time_delta_sensor_async to None, run_after=None
[2024-07-31T12:27:53.728+0000] {processor.py:176} INFO - Processing /home/airflow/.local/lib/python3.7/site-packages/airflow/example_dags/example_time_delta_sensor_async.py took 0.390 seconds
[2024-07-31T12:28:24.489+0000] {processor.py:154} INFO - Started process (PID=1906) to work on /home/airflow/.local/lib/python3.7/site-packages/airflow/example_dags/example_time_delta_sensor_async.py
[2024-07-31T12:28:24.490+0000] {processor.py:756} INFO - Processing file /home/airflow/.local/lib/python3.7/site-packages/airflow/example_dags/example_time_delta_sensor_async.py for tasks to queue
[2024-07-31T12:28:24.491+0000] {logging_mixin.py:120} INFO - [2024-07-31T12:28:24.491+0000] {dagbag.py:537} INFO - Filling up the DagBag from /home/airflow/.local/lib/python3.7/site-packages/airflow/example_dags/example_time_delta_sensor_async.py
[2024-07-31T12:28:24.506+0000] {processor.py:766} INFO - DAG(s) dict_keys(['example_time_delta_sensor_async']) retrieved from /home/airflow/.local/lib/python3.7/site-packages/airflow/example_dags/example_time_delta_sensor_async.py
[2024-07-31T12:28:24.790+0000] {logging_mixin.py:120} INFO - [2024-07-31T12:28:24.790+0000] {dag.py:2585} INFO - Sync 1 DAGs
[2024-07-31T12:28:24.822+0000] {logging_mixin.py:120} INFO - [2024-07-31T12:28:24.822+0000] {dag.py:3340} INFO - Setting next_dagrun for example_time_delta_sensor_async to None, run_after=None
[2024-07-31T12:28:24.970+0000] {processor.py:176} INFO - Processing /home/airflow/.local/lib/python3.7/site-packages/airflow/example_dags/example_time_delta_sensor_async.py took 0.484 seconds
[2024-07-31T12:28:55.189+0000] {processor.py:154} INFO - Started process (PID=1970) to work on /home/airflow/.local/lib/python3.7/site-packages/airflow/example_dags/example_time_delta_sensor_async.py
[2024-07-31T12:28:55.201+0000] {processor.py:756} INFO - Processing file /home/airflow/.local/lib/python3.7/site-packages/airflow/example_dags/example_time_delta_sensor_async.py for tasks to queue
[2024-07-31T12:28:55.202+0000] {logging_mixin.py:120} INFO - [2024-07-31T12:28:55.202+0000] {dagbag.py:537} INFO - Filling up the DagBag from /home/airflow/.local/lib/python3.7/site-packages/airflow/example_dags/example_time_delta_sensor_async.py
[2024-07-31T12:28:55.222+0000] {processor.py:766} INFO - DAG(s) dict_keys(['example_time_delta_sensor_async']) retrieved from /home/airflow/.local/lib/python3.7/site-packages/airflow/example_dags/example_time_delta_sensor_async.py
[2024-07-31T12:28:55.713+0000] {logging_mixin.py:120} INFO - [2024-07-31T12:28:55.713+0000] {dag.py:2585} INFO - Sync 1 DAGs
[2024-07-31T12:28:55.744+0000] {logging_mixin.py:120} INFO - [2024-07-31T12:28:55.744+0000] {dag.py:3340} INFO - Setting next_dagrun for example_time_delta_sensor_async to None, run_after=None
[2024-07-31T12:28:55.769+0000] {processor.py:176} INFO - Processing /home/airflow/.local/lib/python3.7/site-packages/airflow/example_dags/example_time_delta_sensor_async.py took 0.584 seconds
[2024-07-31T12:29:26.485+0000] {processor.py:154} INFO - Started process (PID=2024) to work on /home/airflow/.local/lib/python3.7/site-packages/airflow/example_dags/example_time_delta_sensor_async.py
[2024-07-31T12:29:26.487+0000] {processor.py:756} INFO - Processing file /home/airflow/.local/lib/python3.7/site-packages/airflow/example_dags/example_time_delta_sensor_async.py for tasks to queue
[2024-07-31T12:29:26.488+0000] {logging_mixin.py:120} INFO - [2024-07-31T12:29:26.488+0000] {dagbag.py:537} INFO - Filling up the DagBag from /home/airflow/.local/lib/python3.7/site-packages/airflow/example_dags/example_time_delta_sensor_async.py
[2024-07-31T12:29:26.508+0000] {processor.py:766} INFO - DAG(s) dict_keys(['example_time_delta_sensor_async']) retrieved from /home/airflow/.local/lib/python3.7/site-packages/airflow/example_dags/example_time_delta_sensor_async.py
[2024-07-31T12:29:26.810+0000] {logging_mixin.py:120} INFO - [2024-07-31T12:29:26.810+0000] {dag.py:2585} INFO - Sync 1 DAGs
[2024-07-31T12:29:26.865+0000] {logging_mixin.py:120} INFO - [2024-07-31T12:29:26.865+0000] {dag.py:3340} INFO - Setting next_dagrun for example_time_delta_sensor_async to None, run_after=None
[2024-07-31T12:29:26.904+0000] {processor.py:176} INFO - Processing /home/airflow/.local/lib/python3.7/site-packages/airflow/example_dags/example_time_delta_sensor_async.py took 0.423 seconds
[2024-07-31T12:29:57.431+0000] {processor.py:154} INFO - Started process (PID=2088) to work on /home/airflow/.local/lib/python3.7/site-packages/airflow/example_dags/example_time_delta_sensor_async.py
[2024-07-31T12:29:57.432+0000] {processor.py:756} INFO - Processing file /home/airflow/.local/lib/python3.7/site-packages/airflow/example_dags/example_time_delta_sensor_async.py for tasks to queue
[2024-07-31T12:29:57.433+0000] {logging_mixin.py:120} INFO - [2024-07-31T12:29:57.433+0000] {dagbag.py:537} INFO - Filling up the DagBag from /home/airflow/.local/lib/python3.7/site-packages/airflow/example_dags/example_time_delta_sensor_async.py
[2024-07-31T12:29:57.447+0000] {processor.py:766} INFO - DAG(s) dict_keys(['example_time_delta_sensor_async']) retrieved from /home/airflow/.local/lib/python3.7/site-packages/airflow/example_dags/example_time_delta_sensor_async.py
[2024-07-31T12:29:57.687+0000] {logging_mixin.py:120} INFO - [2024-07-31T12:29:57.687+0000] {dag.py:2585} INFO - Sync 1 DAGs
[2024-07-31T12:29:57.711+0000] {logging_mixin.py:120} INFO - [2024-07-31T12:29:57.711+0000] {dag.py:3340} INFO - Setting next_dagrun for example_time_delta_sensor_async to None, run_after=None
[2024-07-31T12:29:57.733+0000] {processor.py:176} INFO - Processing /home/airflow/.local/lib/python3.7/site-packages/airflow/example_dags/example_time_delta_sensor_async.py took 0.306 seconds
[2024-07-31T12:30:28.206+0000] {processor.py:154} INFO - Started process (PID=2152) to work on /home/airflow/.local/lib/python3.7/site-packages/airflow/example_dags/example_time_delta_sensor_async.py
[2024-07-31T12:30:28.208+0000] {processor.py:756} INFO - Processing file /home/airflow/.local/lib/python3.7/site-packages/airflow/example_dags/example_time_delta_sensor_async.py for tasks to queue
[2024-07-31T12:30:28.210+0000] {logging_mixin.py:120} INFO - [2024-07-31T12:30:28.209+0000] {dagbag.py:537} INFO - Filling up the DagBag from /home/airflow/.local/lib/python3.7/site-packages/airflow/example_dags/example_time_delta_sensor_async.py
[2024-07-31T12:30:28.232+0000] {processor.py:766} INFO - DAG(s) dict_keys(['example_time_delta_sensor_async']) retrieved from /home/airflow/.local/lib/python3.7/site-packages/airflow/example_dags/example_time_delta_sensor_async.py
[2024-07-31T12:30:28.702+0000] {logging_mixin.py:120} INFO - [2024-07-31T12:30:28.702+0000] {dag.py:2585} INFO - Sync 1 DAGs
[2024-07-31T12:30:28.755+0000] {logging_mixin.py:120} INFO - [2024-07-31T12:30:28.755+0000] {dag.py:3340} INFO - Setting next_dagrun for example_time_delta_sensor_async to None, run_after=None
[2024-07-31T12:30:28.885+0000] {processor.py:176} INFO - Processing /home/airflow/.local/lib/python3.7/site-packages/airflow/example_dags/example_time_delta_sensor_async.py took 0.682 seconds
[2024-07-31T12:30:59.456+0000] {processor.py:154} INFO - Started process (PID=2205) to work on /home/airflow/.local/lib/python3.7/site-packages/airflow/example_dags/example_time_delta_sensor_async.py
[2024-07-31T12:30:59.509+0000] {processor.py:756} INFO - Processing file /home/airflow/.local/lib/python3.7/site-packages/airflow/example_dags/example_time_delta_sensor_async.py for tasks to queue
[2024-07-31T12:30:59.545+0000] {logging_mixin.py:120} INFO - [2024-07-31T12:30:59.545+0000] {dagbag.py:537} INFO - Filling up the DagBag from /home/airflow/.local/lib/python3.7/site-packages/airflow/example_dags/example_time_delta_sensor_async.py
[2024-07-31T12:30:59.566+0000] {processor.py:766} INFO - DAG(s) dict_keys(['example_time_delta_sensor_async']) retrieved from /home/airflow/.local/lib/python3.7/site-packages/airflow/example_dags/example_time_delta_sensor_async.py
[2024-07-31T12:30:59.925+0000] {logging_mixin.py:120} INFO - [2024-07-31T12:30:59.925+0000] {dag.py:2585} INFO - Sync 1 DAGs
[2024-07-31T12:30:59.998+0000] {logging_mixin.py:120} INFO - [2024-07-31T12:30:59.997+0000] {dag.py:3340} INFO - Setting next_dagrun for example_time_delta_sensor_async to None, run_after=None
[2024-07-31T12:31:00.029+0000] {processor.py:176} INFO - Processing /home/airflow/.local/lib/python3.7/site-packages/airflow/example_dags/example_time_delta_sensor_async.py took 0.577 seconds
[2024-07-31T12:31:30.953+0000] {processor.py:154} INFO - Started process (PID=2269) to work on /home/airflow/.local/lib/python3.7/site-packages/airflow/example_dags/example_time_delta_sensor_async.py
[2024-07-31T12:31:30.955+0000] {processor.py:756} INFO - Processing file /home/airflow/.local/lib/python3.7/site-packages/airflow/example_dags/example_time_delta_sensor_async.py for tasks to queue
[2024-07-31T12:31:30.956+0000] {logging_mixin.py:120} INFO - [2024-07-31T12:31:30.956+0000] {dagbag.py:537} INFO - Filling up the DagBag from /home/airflow/.local/lib/python3.7/site-packages/airflow/example_dags/example_time_delta_sensor_async.py
[2024-07-31T12:31:30.980+0000] {processor.py:766} INFO - DAG(s) dict_keys(['example_time_delta_sensor_async']) retrieved from /home/airflow/.local/lib/python3.7/site-packages/airflow/example_dags/example_time_delta_sensor_async.py
[2024-07-31T12:31:31.188+0000] {logging_mixin.py:120} INFO - [2024-07-31T12:31:31.188+0000] {dag.py:2585} INFO - Sync 1 DAGs
[2024-07-31T12:31:31.214+0000] {logging_mixin.py:120} INFO - [2024-07-31T12:31:31.214+0000] {dag.py:3340} INFO - Setting next_dagrun for example_time_delta_sensor_async to None, run_after=None
[2024-07-31T12:31:31.238+0000] {processor.py:176} INFO - Processing /home/airflow/.local/lib/python3.7/site-packages/airflow/example_dags/example_time_delta_sensor_async.py took 0.289 seconds
[2024-07-31T12:32:03.726+0000] {processor.py:154} INFO - Started process (PID=2333) to work on /home/airflow/.local/lib/python3.7/site-packages/airflow/example_dags/example_time_delta_sensor_async.py
[2024-07-31T12:32:03.727+0000] {processor.py:756} INFO - Processing file /home/airflow/.local/lib/python3.7/site-packages/airflow/example_dags/example_time_delta_sensor_async.py for tasks to queue
[2024-07-31T12:32:03.728+0000] {logging_mixin.py:120} INFO - [2024-07-31T12:32:03.728+0000] {dagbag.py:537} INFO - Filling up the DagBag from /home/airflow/.local/lib/python3.7/site-packages/airflow/example_dags/example_time_delta_sensor_async.py
[2024-07-31T12:32:03.748+0000] {processor.py:766} INFO - DAG(s) dict_keys(['example_time_delta_sensor_async']) retrieved from /home/airflow/.local/lib/python3.7/site-packages/airflow/example_dags/example_time_delta_sensor_async.py
[2024-07-31T12:32:04.361+0000] {logging_mixin.py:120} INFO - [2024-07-31T12:32:04.360+0000] {dag.py:2585} INFO - Sync 1 DAGs
[2024-07-31T12:32:04.409+0000] {logging_mixin.py:120} INFO - [2024-07-31T12:32:04.409+0000] {dag.py:3340} INFO - Setting next_dagrun for example_time_delta_sensor_async to None, run_after=None
[2024-07-31T12:32:04.449+0000] {processor.py:176} INFO - Processing /home/airflow/.local/lib/python3.7/site-packages/airflow/example_dags/example_time_delta_sensor_async.py took 0.729 seconds
[2024-07-31T12:32:34.727+0000] {processor.py:154} INFO - Started process (PID=2397) to work on /home/airflow/.local/lib/python3.7/site-packages/airflow/example_dags/example_time_delta_sensor_async.py
[2024-07-31T12:32:34.730+0000] {processor.py:756} INFO - Processing file /home/airflow/.local/lib/python3.7/site-packages/airflow/example_dags/example_time_delta_sensor_async.py for tasks to queue
[2024-07-31T12:32:34.732+0000] {logging_mixin.py:120} INFO - [2024-07-31T12:32:34.732+0000] {dagbag.py:537} INFO - Filling up the DagBag from /home/airflow/.local/lib/python3.7/site-packages/airflow/example_dags/example_time_delta_sensor_async.py
[2024-07-31T12:32:34.750+0000] {processor.py:766} INFO - DAG(s) dict_keys(['example_time_delta_sensor_async']) retrieved from /home/airflow/.local/lib/python3.7/site-packages/airflow/example_dags/example_time_delta_sensor_async.py
[2024-07-31T12:32:35.156+0000] {logging_mixin.py:120} INFO - [2024-07-31T12:32:35.146+0000] {dag.py:2585} INFO - Sync 1 DAGs
[2024-07-31T12:32:35.331+0000] {logging_mixin.py:120} INFO - [2024-07-31T12:32:35.330+0000] {dag.py:3340} INFO - Setting next_dagrun for example_time_delta_sensor_async to None, run_after=None
[2024-07-31T12:32:35.643+0000] {processor.py:176} INFO - Processing /home/airflow/.local/lib/python3.7/site-packages/airflow/example_dags/example_time_delta_sensor_async.py took 0.919 seconds
[2024-07-31T12:33:05.958+0000] {processor.py:154} INFO - Started process (PID=2451) to work on /home/airflow/.local/lib/python3.7/site-packages/airflow/example_dags/example_time_delta_sensor_async.py
[2024-07-31T12:33:05.960+0000] {processor.py:756} INFO - Processing file /home/airflow/.local/lib/python3.7/site-packages/airflow/example_dags/example_time_delta_sensor_async.py for tasks to queue
[2024-07-31T12:33:05.962+0000] {logging_mixin.py:120} INFO - [2024-07-31T12:33:05.961+0000] {dagbag.py:537} INFO - Filling up the DagBag from /home/airflow/.local/lib/python3.7/site-packages/airflow/example_dags/example_time_delta_sensor_async.py
[2024-07-31T12:33:05.978+0000] {processor.py:766} INFO - DAG(s) dict_keys(['example_time_delta_sensor_async']) retrieved from /home/airflow/.local/lib/python3.7/site-packages/airflow/example_dags/example_time_delta_sensor_async.py
[2024-07-31T12:33:06.240+0000] {logging_mixin.py:120} INFO - [2024-07-31T12:33:06.240+0000] {dag.py:2585} INFO - Sync 1 DAGs
[2024-07-31T12:33:06.265+0000] {logging_mixin.py:120} INFO - [2024-07-31T12:33:06.265+0000] {dag.py:3340} INFO - Setting next_dagrun for example_time_delta_sensor_async to None, run_after=None
[2024-07-31T12:33:06.289+0000] {processor.py:176} INFO - Processing /home/airflow/.local/lib/python3.7/site-packages/airflow/example_dags/example_time_delta_sensor_async.py took 0.336 seconds
[2024-07-31T12:33:36.901+0000] {processor.py:154} INFO - Started process (PID=2513) to work on /home/airflow/.local/lib/python3.7/site-packages/airflow/example_dags/example_time_delta_sensor_async.py
[2024-07-31T12:33:36.943+0000] {processor.py:756} INFO - Processing file /home/airflow/.local/lib/python3.7/site-packages/airflow/example_dags/example_time_delta_sensor_async.py for tasks to queue
[2024-07-31T12:33:37.079+0000] {logging_mixin.py:120} INFO - [2024-07-31T12:33:37.079+0000] {dagbag.py:537} INFO - Filling up the DagBag from /home/airflow/.local/lib/python3.7/site-packages/airflow/example_dags/example_time_delta_sensor_async.py
[2024-07-31T12:33:37.142+0000] {processor.py:766} INFO - DAG(s) dict_keys(['example_time_delta_sensor_async']) retrieved from /home/airflow/.local/lib/python3.7/site-packages/airflow/example_dags/example_time_delta_sensor_async.py
[2024-07-31T12:33:37.365+0000] {logging_mixin.py:120} INFO - [2024-07-31T12:33:37.364+0000] {dag.py:2585} INFO - Sync 1 DAGs
[2024-07-31T12:33:37.459+0000] {logging_mixin.py:120} INFO - [2024-07-31T12:33:37.459+0000] {dag.py:3340} INFO - Setting next_dagrun for example_time_delta_sensor_async to None, run_after=None
[2024-07-31T12:33:37.585+0000] {processor.py:176} INFO - Processing /home/airflow/.local/lib/python3.7/site-packages/airflow/example_dags/example_time_delta_sensor_async.py took 0.687 seconds
[2024-07-31T12:34:08.822+0000] {processor.py:154} INFO - Started process (PID=2567) to work on /home/airflow/.local/lib/python3.7/site-packages/airflow/example_dags/example_time_delta_sensor_async.py
[2024-07-31T12:34:08.824+0000] {processor.py:756} INFO - Processing file /home/airflow/.local/lib/python3.7/site-packages/airflow/example_dags/example_time_delta_sensor_async.py for tasks to queue
[2024-07-31T12:34:08.827+0000] {logging_mixin.py:120} INFO - [2024-07-31T12:34:08.827+0000] {dagbag.py:537} INFO - Filling up the DagBag from /home/airflow/.local/lib/python3.7/site-packages/airflow/example_dags/example_time_delta_sensor_async.py
[2024-07-31T12:34:08.843+0000] {processor.py:766} INFO - DAG(s) dict_keys(['example_time_delta_sensor_async']) retrieved from /home/airflow/.local/lib/python3.7/site-packages/airflow/example_dags/example_time_delta_sensor_async.py
[2024-07-31T12:34:09.345+0000] {logging_mixin.py:120} INFO - [2024-07-31T12:34:09.345+0000] {dag.py:2585} INFO - Sync 1 DAGs
[2024-07-31T12:34:09.792+0000] {logging_mixin.py:120} INFO - [2024-07-31T12:34:09.792+0000] {dag.py:3340} INFO - Setting next_dagrun for example_time_delta_sensor_async to None, run_after=None
[2024-07-31T12:34:09.865+0000] {processor.py:176} INFO - Processing /home/airflow/.local/lib/python3.7/site-packages/airflow/example_dags/example_time_delta_sensor_async.py took 1.047 seconds
[2024-07-31T12:34:40.530+0000] {processor.py:154} INFO - Started process (PID=2631) to work on /home/airflow/.local/lib/python3.7/site-packages/airflow/example_dags/example_time_delta_sensor_async.py
[2024-07-31T12:34:40.536+0000] {processor.py:756} INFO - Processing file /home/airflow/.local/lib/python3.7/site-packages/airflow/example_dags/example_time_delta_sensor_async.py for tasks to queue
[2024-07-31T12:34:40.540+0000] {logging_mixin.py:120} INFO - [2024-07-31T12:34:40.539+0000] {dagbag.py:537} INFO - Filling up the DagBag from /home/airflow/.local/lib/python3.7/site-packages/airflow/example_dags/example_time_delta_sensor_async.py
[2024-07-31T12:34:40.555+0000] {processor.py:766} INFO - DAG(s) dict_keys(['example_time_delta_sensor_async']) retrieved from /home/airflow/.local/lib/python3.7/site-packages/airflow/example_dags/example_time_delta_sensor_async.py
[2024-07-31T12:34:40.833+0000] {logging_mixin.py:120} INFO - [2024-07-31T12:34:40.833+0000] {dag.py:2585} INFO - Sync 1 DAGs
[2024-07-31T12:34:40.887+0000] {logging_mixin.py:120} INFO - [2024-07-31T12:34:40.887+0000] {dag.py:3340} INFO - Setting next_dagrun for example_time_delta_sensor_async to None, run_after=None
[2024-07-31T12:34:40.934+0000] {processor.py:176} INFO - Processing /home/airflow/.local/lib/python3.7/site-packages/airflow/example_dags/example_time_delta_sensor_async.py took 0.409 seconds
[2024-07-31T12:35:11.442+0000] {processor.py:154} INFO - Started process (PID=2694) to work on /home/airflow/.local/lib/python3.7/site-packages/airflow/example_dags/example_time_delta_sensor_async.py
[2024-07-31T12:35:11.444+0000] {processor.py:756} INFO - Processing file /home/airflow/.local/lib/python3.7/site-packages/airflow/example_dags/example_time_delta_sensor_async.py for tasks to queue
[2024-07-31T12:35:11.445+0000] {logging_mixin.py:120} INFO - [2024-07-31T12:35:11.445+0000] {dagbag.py:537} INFO - Filling up the DagBag from /home/airflow/.local/lib/python3.7/site-packages/airflow/example_dags/example_time_delta_sensor_async.py
[2024-07-31T12:35:11.471+0000] {processor.py:766} INFO - DAG(s) dict_keys(['example_time_delta_sensor_async']) retrieved from /home/airflow/.local/lib/python3.7/site-packages/airflow/example_dags/example_time_delta_sensor_async.py
[2024-07-31T12:35:11.969+0000] {logging_mixin.py:120} INFO - [2024-07-31T12:35:11.969+0000] {dag.py:2585} INFO - Sync 1 DAGs
[2024-07-31T12:35:12.002+0000] {logging_mixin.py:120} INFO - [2024-07-31T12:35:12.002+0000] {dag.py:3340} INFO - Setting next_dagrun for example_time_delta_sensor_async to None, run_after=None
[2024-07-31T12:35:12.048+0000] {processor.py:176} INFO - Processing /home/airflow/.local/lib/python3.7/site-packages/airflow/example_dags/example_time_delta_sensor_async.py took 0.609 seconds
[2024-07-31T12:35:42.326+0000] {processor.py:154} INFO - Started process (PID=2748) to work on /home/airflow/.local/lib/python3.7/site-packages/airflow/example_dags/example_time_delta_sensor_async.py
[2024-07-31T12:35:42.331+0000] {processor.py:756} INFO - Processing file /home/airflow/.local/lib/python3.7/site-packages/airflow/example_dags/example_time_delta_sensor_async.py for tasks to queue
[2024-07-31T12:35:42.333+0000] {logging_mixin.py:120} INFO - [2024-07-31T12:35:42.333+0000] {dagbag.py:537} INFO - Filling up the DagBag from /home/airflow/.local/lib/python3.7/site-packages/airflow/example_dags/example_time_delta_sensor_async.py
[2024-07-31T12:35:42.361+0000] {processor.py:766} INFO - DAG(s) dict_keys(['example_time_delta_sensor_async']) retrieved from /home/airflow/.local/lib/python3.7/site-packages/airflow/example_dags/example_time_delta_sensor_async.py
[2024-07-31T12:35:42.668+0000] {logging_mixin.py:120} INFO - [2024-07-31T12:35:42.667+0000] {dag.py:2585} INFO - Sync 1 DAGs
[2024-07-31T12:35:42.698+0000] {logging_mixin.py:120} INFO - [2024-07-31T12:35:42.698+0000] {dag.py:3340} INFO - Setting next_dagrun for example_time_delta_sensor_async to None, run_after=None
[2024-07-31T12:35:42.725+0000] {processor.py:176} INFO - Processing /home/airflow/.local/lib/python3.7/site-packages/airflow/example_dags/example_time_delta_sensor_async.py took 0.402 seconds
[2024-07-31T12:36:14.494+0000] {processor.py:154} INFO - Started process (PID=2812) to work on /home/airflow/.local/lib/python3.7/site-packages/airflow/example_dags/example_time_delta_sensor_async.py
[2024-07-31T12:36:14.496+0000] {processor.py:756} INFO - Processing file /home/airflow/.local/lib/python3.7/site-packages/airflow/example_dags/example_time_delta_sensor_async.py for tasks to queue
[2024-07-31T12:36:14.500+0000] {logging_mixin.py:120} INFO - [2024-07-31T12:36:14.499+0000] {dagbag.py:537} INFO - Filling up the DagBag from /home/airflow/.local/lib/python3.7/site-packages/airflow/example_dags/example_time_delta_sensor_async.py
[2024-07-31T12:36:14.517+0000] {processor.py:766} INFO - DAG(s) dict_keys(['example_time_delta_sensor_async']) retrieved from /home/airflow/.local/lib/python3.7/site-packages/airflow/example_dags/example_time_delta_sensor_async.py
[2024-07-31T12:36:14.847+0000] {logging_mixin.py:120} INFO - [2024-07-31T12:36:14.846+0000] {dag.py:2585} INFO - Sync 1 DAGs
[2024-07-31T12:36:14.878+0000] {logging_mixin.py:120} INFO - [2024-07-31T12:36:14.877+0000] {dag.py:3340} INFO - Setting next_dagrun for example_time_delta_sensor_async to None, run_after=None
[2024-07-31T12:36:14.913+0000] {processor.py:176} INFO - Processing /home/airflow/.local/lib/python3.7/site-packages/airflow/example_dags/example_time_delta_sensor_async.py took 0.422 seconds
