[2024-07-31T12:12:25.081+0000] {processor.py:154} INFO - Started process (PID=75) to work on /home/airflow/.local/lib/python3.7/site-packages/airflow/example_dags/example_latest_only.py
[2024-07-31T12:12:25.084+0000] {processor.py:756} INFO - Processing file /home/airflow/.local/lib/python3.7/site-packages/airflow/example_dags/example_latest_only.py for tasks to queue
[2024-07-31T12:12:25.085+0000] {logging_mixin.py:120} INFO - [2024-07-31T12:12:25.085+0000] {dagbag.py:537} INFO - Filling up the DagBag from /home/airflow/.local/lib/python3.7/site-packages/airflow/example_dags/example_latest_only.py
[2024-07-31T12:12:25.113+0000] {processor.py:766} INFO - DAG(s) dict_keys(['latest_only']) retrieved from /home/airflow/.local/lib/python3.7/site-packages/airflow/example_dags/example_latest_only.py
[2024-07-31T12:12:25.348+0000] {logging_mixin.py:120} INFO - [2024-07-31T12:12:25.348+0000] {manager.py:507} INFO - Created Permission View: can read on DAG:latest_only
[2024-07-31T12:12:25.366+0000] {logging_mixin.py:120} INFO - [2024-07-31T12:12:25.365+0000] {manager.py:507} INFO - Created Permission View: can delete on DAG:latest_only
[2024-07-31T12:12:25.377+0000] {logging_mixin.py:120} INFO - [2024-07-31T12:12:25.377+0000] {manager.py:507} INFO - Created Permission View: can edit on DAG:latest_only
[2024-07-31T12:12:25.378+0000] {logging_mixin.py:120} INFO - [2024-07-31T12:12:25.378+0000] {dag.py:2585} INFO - Sync 1 DAGs
[2024-07-31T12:12:25.395+0000] {logging_mixin.py:120} INFO - [2024-07-31T12:12:25.395+0000] {dag.py:2606} INFO - Creating ORM DAG for latest_only
[2024-07-31T12:12:25.413+0000] {logging_mixin.py:120} INFO - [2024-07-31T12:12:25.413+0000] {dag.py:3340} INFO - Setting next_dagrun for latest_only to 2024-07-31T08:12:25.412989+00:00, run_after=2024-07-31T12:12:25.412989+00:00
[2024-07-31T12:12:25.451+0000] {processor.py:176} INFO - Processing /home/airflow/.local/lib/python3.7/site-packages/airflow/example_dags/example_latest_only.py took 0.376 seconds
[2024-07-31T12:12:56.131+0000] {processor.py:154} INFO - Started process (PID=138) to work on /home/airflow/.local/lib/python3.7/site-packages/airflow/example_dags/example_latest_only.py
[2024-07-31T12:12:56.132+0000] {processor.py:756} INFO - Processing file /home/airflow/.local/lib/python3.7/site-packages/airflow/example_dags/example_latest_only.py for tasks to queue
[2024-07-31T12:12:56.133+0000] {logging_mixin.py:120} INFO - [2024-07-31T12:12:56.133+0000] {dagbag.py:537} INFO - Filling up the DagBag from /home/airflow/.local/lib/python3.7/site-packages/airflow/example_dags/example_latest_only.py
[2024-07-31T12:12:56.152+0000] {processor.py:766} INFO - DAG(s) dict_keys(['latest_only']) retrieved from /home/airflow/.local/lib/python3.7/site-packages/airflow/example_dags/example_latest_only.py
[2024-07-31T12:12:56.185+0000] {logging_mixin.py:120} INFO - [2024-07-31T12:12:56.185+0000] {dag.py:2585} INFO - Sync 1 DAGs
[2024-07-31T12:12:56.222+0000] {logging_mixin.py:120} INFO - [2024-07-31T12:12:56.221+0000] {dag.py:3340} INFO - Setting next_dagrun for latest_only to 2024-07-31T08:12:56.221725+00:00, run_after=2024-07-31T12:12:56.221725+00:00
[2024-07-31T12:12:56.249+0000] {processor.py:176} INFO - Processing /home/airflow/.local/lib/python3.7/site-packages/airflow/example_dags/example_latest_only.py took 0.121 seconds
[2024-07-31T12:13:26.972+0000] {processor.py:154} INFO - Started process (PID=202) to work on /home/airflow/.local/lib/python3.7/site-packages/airflow/example_dags/example_latest_only.py
[2024-07-31T12:13:26.981+0000] {processor.py:756} INFO - Processing file /home/airflow/.local/lib/python3.7/site-packages/airflow/example_dags/example_latest_only.py for tasks to queue
[2024-07-31T12:13:26.983+0000] {logging_mixin.py:120} INFO - [2024-07-31T12:13:26.982+0000] {dagbag.py:537} INFO - Filling up the DagBag from /home/airflow/.local/lib/python3.7/site-packages/airflow/example_dags/example_latest_only.py
[2024-07-31T12:13:26.999+0000] {processor.py:766} INFO - DAG(s) dict_keys(['latest_only']) retrieved from /home/airflow/.local/lib/python3.7/site-packages/airflow/example_dags/example_latest_only.py
[2024-07-31T12:13:27.047+0000] {logging_mixin.py:120} INFO - [2024-07-31T12:13:27.046+0000] {dag.py:2585} INFO - Sync 1 DAGs
[2024-07-31T12:13:27.078+0000] {logging_mixin.py:120} INFO - [2024-07-31T12:13:27.078+0000] {dag.py:3340} INFO - Setting next_dagrun for latest_only to 2024-07-31T08:13:27.078486+00:00, run_after=2024-07-31T12:13:27.078486+00:00
[2024-07-31T12:13:27.133+0000] {processor.py:176} INFO - Processing /home/airflow/.local/lib/python3.7/site-packages/airflow/example_dags/example_latest_only.py took 0.165 seconds
[2024-07-31T12:13:57.275+0000] {processor.py:154} INFO - Started process (PID=255) to work on /home/airflow/.local/lib/python3.7/site-packages/airflow/example_dags/example_latest_only.py
[2024-07-31T12:13:57.277+0000] {processor.py:756} INFO - Processing file /home/airflow/.local/lib/python3.7/site-packages/airflow/example_dags/example_latest_only.py for tasks to queue
[2024-07-31T12:13:57.278+0000] {logging_mixin.py:120} INFO - [2024-07-31T12:13:57.278+0000] {dagbag.py:537} INFO - Filling up the DagBag from /home/airflow/.local/lib/python3.7/site-packages/airflow/example_dags/example_latest_only.py
[2024-07-31T12:13:57.304+0000] {processor.py:766} INFO - DAG(s) dict_keys(['latest_only']) retrieved from /home/airflow/.local/lib/python3.7/site-packages/airflow/example_dags/example_latest_only.py
[2024-07-31T12:13:57.349+0000] {logging_mixin.py:120} INFO - [2024-07-31T12:13:57.348+0000] {dag.py:2585} INFO - Sync 1 DAGs
[2024-07-31T12:13:57.379+0000] {logging_mixin.py:120} INFO - [2024-07-31T12:13:57.379+0000] {dag.py:3340} INFO - Setting next_dagrun for latest_only to 2024-07-31T08:13:57.378835+00:00, run_after=2024-07-31T12:13:57.378835+00:00
[2024-07-31T12:13:57.405+0000] {processor.py:176} INFO - Processing /home/airflow/.local/lib/python3.7/site-packages/airflow/example_dags/example_latest_only.py took 0.136 seconds
[2024-07-31T12:14:27.538+0000] {processor.py:154} INFO - Started process (PID=320) to work on /home/airflow/.local/lib/python3.7/site-packages/airflow/example_dags/example_latest_only.py
[2024-07-31T12:14:27.540+0000] {processor.py:756} INFO - Processing file /home/airflow/.local/lib/python3.7/site-packages/airflow/example_dags/example_latest_only.py for tasks to queue
[2024-07-31T12:14:27.541+0000] {logging_mixin.py:120} INFO - [2024-07-31T12:14:27.541+0000] {dagbag.py:537} INFO - Filling up the DagBag from /home/airflow/.local/lib/python3.7/site-packages/airflow/example_dags/example_latest_only.py
[2024-07-31T12:14:27.562+0000] {processor.py:766} INFO - DAG(s) dict_keys(['latest_only']) retrieved from /home/airflow/.local/lib/python3.7/site-packages/airflow/example_dags/example_latest_only.py
[2024-07-31T12:14:27.659+0000] {logging_mixin.py:120} INFO - [2024-07-31T12:14:27.659+0000] {dag.py:2585} INFO - Sync 1 DAGs
[2024-07-31T12:14:27.727+0000] {logging_mixin.py:120} INFO - [2024-07-31T12:14:27.727+0000] {dag.py:3340} INFO - Setting next_dagrun for latest_only to 2024-07-31T08:14:27.727265+00:00, run_after=2024-07-31T12:14:27.727265+00:00
[2024-07-31T12:14:27.778+0000] {processor.py:176} INFO - Processing /home/airflow/.local/lib/python3.7/site-packages/airflow/example_dags/example_latest_only.py took 0.244 seconds
[2024-07-31T12:14:58.824+0000] {processor.py:154} INFO - Started process (PID=384) to work on /home/airflow/.local/lib/python3.7/site-packages/airflow/example_dags/example_latest_only.py
[2024-07-31T12:14:58.826+0000] {processor.py:756} INFO - Processing file /home/airflow/.local/lib/python3.7/site-packages/airflow/example_dags/example_latest_only.py for tasks to queue
[2024-07-31T12:14:58.828+0000] {logging_mixin.py:120} INFO - [2024-07-31T12:14:58.827+0000] {dagbag.py:537} INFO - Filling up the DagBag from /home/airflow/.local/lib/python3.7/site-packages/airflow/example_dags/example_latest_only.py
[2024-07-31T12:14:58.848+0000] {processor.py:766} INFO - DAG(s) dict_keys(['latest_only']) retrieved from /home/airflow/.local/lib/python3.7/site-packages/airflow/example_dags/example_latest_only.py
[2024-07-31T12:14:58.918+0000] {logging_mixin.py:120} INFO - [2024-07-31T12:14:58.918+0000] {dag.py:2585} INFO - Sync 1 DAGs
[2024-07-31T12:14:58.950+0000] {logging_mixin.py:120} INFO - [2024-07-31T12:14:58.950+0000] {dag.py:3340} INFO - Setting next_dagrun for latest_only to 2024-07-31T08:14:58.949786+00:00, run_after=2024-07-31T12:14:58.949786+00:00
[2024-07-31T12:14:58.984+0000] {processor.py:176} INFO - Processing /home/airflow/.local/lib/python3.7/site-packages/airflow/example_dags/example_latest_only.py took 0.165 seconds
[2024-07-31T12:15:29.625+0000] {processor.py:154} INFO - Started process (PID=438) to work on /home/airflow/.local/lib/python3.7/site-packages/airflow/example_dags/example_latest_only.py
[2024-07-31T12:15:29.627+0000] {processor.py:756} INFO - Processing file /home/airflow/.local/lib/python3.7/site-packages/airflow/example_dags/example_latest_only.py for tasks to queue
[2024-07-31T12:15:29.629+0000] {logging_mixin.py:120} INFO - [2024-07-31T12:15:29.629+0000] {dagbag.py:537} INFO - Filling up the DagBag from /home/airflow/.local/lib/python3.7/site-packages/airflow/example_dags/example_latest_only.py
[2024-07-31T12:15:29.648+0000] {processor.py:766} INFO - DAG(s) dict_keys(['latest_only']) retrieved from /home/airflow/.local/lib/python3.7/site-packages/airflow/example_dags/example_latest_only.py
[2024-07-31T12:15:29.703+0000] {logging_mixin.py:120} INFO - [2024-07-31T12:15:29.703+0000] {dag.py:2585} INFO - Sync 1 DAGs
[2024-07-31T12:15:29.736+0000] {logging_mixin.py:120} INFO - [2024-07-31T12:15:29.736+0000] {dag.py:3340} INFO - Setting next_dagrun for latest_only to 2024-07-31T08:15:29.735709+00:00, run_after=2024-07-31T12:15:29.735709+00:00
[2024-07-31T12:15:29.770+0000] {processor.py:176} INFO - Processing /home/airflow/.local/lib/python3.7/site-packages/airflow/example_dags/example_latest_only.py took 0.151 seconds
[2024-07-31T12:15:59.894+0000] {processor.py:154} INFO - Started process (PID=501) to work on /home/airflow/.local/lib/python3.7/site-packages/airflow/example_dags/example_latest_only.py
[2024-07-31T12:15:59.896+0000] {processor.py:756} INFO - Processing file /home/airflow/.local/lib/python3.7/site-packages/airflow/example_dags/example_latest_only.py for tasks to queue
[2024-07-31T12:15:59.899+0000] {logging_mixin.py:120} INFO - [2024-07-31T12:15:59.899+0000] {dagbag.py:537} INFO - Filling up the DagBag from /home/airflow/.local/lib/python3.7/site-packages/airflow/example_dags/example_latest_only.py
[2024-07-31T12:15:59.916+0000] {processor.py:766} INFO - DAG(s) dict_keys(['latest_only']) retrieved from /home/airflow/.local/lib/python3.7/site-packages/airflow/example_dags/example_latest_only.py
[2024-07-31T12:15:59.965+0000] {logging_mixin.py:120} INFO - [2024-07-31T12:15:59.964+0000] {dag.py:2585} INFO - Sync 1 DAGs
[2024-07-31T12:15:59.999+0000] {logging_mixin.py:120} INFO - [2024-07-31T12:15:59.998+0000] {dag.py:3340} INFO - Setting next_dagrun for latest_only to 2024-07-31T08:15:59.998683+00:00, run_after=2024-07-31T12:15:59.998683+00:00
[2024-07-31T12:16:00.032+0000] {processor.py:176} INFO - Processing /home/airflow/.local/lib/python3.7/site-packages/airflow/example_dags/example_latest_only.py took 0.142 seconds
[2024-07-31T12:16:33.826+0000] {processor.py:154} INFO - Started process (PID=555) to work on /home/airflow/.local/lib/python3.7/site-packages/airflow/example_dags/example_latest_only.py
[2024-07-31T12:16:33.828+0000] {processor.py:756} INFO - Processing file /home/airflow/.local/lib/python3.7/site-packages/airflow/example_dags/example_latest_only.py for tasks to queue
[2024-07-31T12:16:33.830+0000] {logging_mixin.py:120} INFO - [2024-07-31T12:16:33.830+0000] {dagbag.py:537} INFO - Filling up the DagBag from /home/airflow/.local/lib/python3.7/site-packages/airflow/example_dags/example_latest_only.py
[2024-07-31T12:16:33.850+0000] {processor.py:766} INFO - DAG(s) dict_keys(['latest_only']) retrieved from /home/airflow/.local/lib/python3.7/site-packages/airflow/example_dags/example_latest_only.py
[2024-07-31T12:16:33.931+0000] {logging_mixin.py:120} INFO - [2024-07-31T12:16:33.931+0000] {dag.py:2585} INFO - Sync 1 DAGs
[2024-07-31T12:16:34.075+0000] {logging_mixin.py:120} INFO - [2024-07-31T12:16:34.075+0000] {dag.py:3340} INFO - Setting next_dagrun for latest_only to 2024-07-31T08:16:34.075297+00:00, run_after=2024-07-31T12:16:34.075297+00:00
[2024-07-31T12:16:34.151+0000] {processor.py:176} INFO - Processing /home/airflow/.local/lib/python3.7/site-packages/airflow/example_dags/example_latest_only.py took 0.329 seconds
[2024-07-31T12:17:06.739+0000] {processor.py:154} INFO - Started process (PID=618) to work on /home/airflow/.local/lib/python3.7/site-packages/airflow/example_dags/example_latest_only.py
[2024-07-31T12:17:06.741+0000] {processor.py:756} INFO - Processing file /home/airflow/.local/lib/python3.7/site-packages/airflow/example_dags/example_latest_only.py for tasks to queue
[2024-07-31T12:17:06.743+0000] {logging_mixin.py:120} INFO - [2024-07-31T12:17:06.743+0000] {dagbag.py:537} INFO - Filling up the DagBag from /home/airflow/.local/lib/python3.7/site-packages/airflow/example_dags/example_latest_only.py
[2024-07-31T12:17:06.787+0000] {processor.py:766} INFO - DAG(s) dict_keys(['latest_only']) retrieved from /home/airflow/.local/lib/python3.7/site-packages/airflow/example_dags/example_latest_only.py
[2024-07-31T12:17:06.865+0000] {logging_mixin.py:120} INFO - [2024-07-31T12:17:06.864+0000] {dag.py:2585} INFO - Sync 1 DAGs
[2024-07-31T12:17:06.919+0000] {logging_mixin.py:120} INFO - [2024-07-31T12:17:06.918+0000] {dag.py:3340} INFO - Setting next_dagrun for latest_only to 2024-07-31T08:17:06.918386+00:00, run_after=2024-07-31T12:17:06.918386+00:00
[2024-07-31T12:17:06.958+0000] {processor.py:176} INFO - Processing /home/airflow/.local/lib/python3.7/site-packages/airflow/example_dags/example_latest_only.py took 0.224 seconds
[2024-07-31T12:17:37.030+0000] {processor.py:154} INFO - Started process (PID=681) to work on /home/airflow/.local/lib/python3.7/site-packages/airflow/example_dags/example_latest_only.py
[2024-07-31T12:17:37.032+0000] {processor.py:756} INFO - Processing file /home/airflow/.local/lib/python3.7/site-packages/airflow/example_dags/example_latest_only.py for tasks to queue
[2024-07-31T12:17:37.037+0000] {logging_mixin.py:120} INFO - [2024-07-31T12:17:37.036+0000] {dagbag.py:537} INFO - Filling up the DagBag from /home/airflow/.local/lib/python3.7/site-packages/airflow/example_dags/example_latest_only.py
[2024-07-31T12:17:37.055+0000] {processor.py:766} INFO - DAG(s) dict_keys(['latest_only']) retrieved from /home/airflow/.local/lib/python3.7/site-packages/airflow/example_dags/example_latest_only.py
[2024-07-31T12:17:37.144+0000] {logging_mixin.py:120} INFO - [2024-07-31T12:17:37.144+0000] {dag.py:2585} INFO - Sync 1 DAGs
[2024-07-31T12:17:37.183+0000] {logging_mixin.py:120} INFO - [2024-07-31T12:17:37.183+0000] {dag.py:3340} INFO - Setting next_dagrun for latest_only to 2024-07-31T08:17:37.182733+00:00, run_after=2024-07-31T12:17:37.182733+00:00
[2024-07-31T12:17:37.209+0000] {processor.py:176} INFO - Processing /home/airflow/.local/lib/python3.7/site-packages/airflow/example_dags/example_latest_only.py took 0.182 seconds
[2024-07-31T12:18:08.232+0000] {processor.py:154} INFO - Started process (PID=734) to work on /home/airflow/.local/lib/python3.7/site-packages/airflow/example_dags/example_latest_only.py
[2024-07-31T12:18:08.234+0000] {processor.py:756} INFO - Processing file /home/airflow/.local/lib/python3.7/site-packages/airflow/example_dags/example_latest_only.py for tasks to queue
[2024-07-31T12:18:08.235+0000] {logging_mixin.py:120} INFO - [2024-07-31T12:18:08.235+0000] {dagbag.py:537} INFO - Filling up the DagBag from /home/airflow/.local/lib/python3.7/site-packages/airflow/example_dags/example_latest_only.py
[2024-07-31T12:18:08.258+0000] {processor.py:766} INFO - DAG(s) dict_keys(['latest_only']) retrieved from /home/airflow/.local/lib/python3.7/site-packages/airflow/example_dags/example_latest_only.py
[2024-07-31T12:18:08.303+0000] {logging_mixin.py:120} INFO - [2024-07-31T12:18:08.303+0000] {dag.py:2585} INFO - Sync 1 DAGs
[2024-07-31T12:18:08.417+0000] {logging_mixin.py:120} INFO - [2024-07-31T12:18:08.416+0000] {dag.py:3340} INFO - Setting next_dagrun for latest_only to 2024-07-31T08:18:08.416186+00:00, run_after=2024-07-31T12:18:08.416186+00:00
[2024-07-31T12:18:08.711+0000] {processor.py:176} INFO - Processing /home/airflow/.local/lib/python3.7/site-packages/airflow/example_dags/example_latest_only.py took 0.483 seconds
[2024-07-31T12:18:39.592+0000] {processor.py:154} INFO - Started process (PID=796) to work on /home/airflow/.local/lib/python3.7/site-packages/airflow/example_dags/example_latest_only.py
[2024-07-31T12:18:39.595+0000] {processor.py:756} INFO - Processing file /home/airflow/.local/lib/python3.7/site-packages/airflow/example_dags/example_latest_only.py for tasks to queue
[2024-07-31T12:18:39.596+0000] {logging_mixin.py:120} INFO - [2024-07-31T12:18:39.596+0000] {dagbag.py:537} INFO - Filling up the DagBag from /home/airflow/.local/lib/python3.7/site-packages/airflow/example_dags/example_latest_only.py
[2024-07-31T12:18:39.657+0000] {processor.py:766} INFO - DAG(s) dict_keys(['latest_only']) retrieved from /home/airflow/.local/lib/python3.7/site-packages/airflow/example_dags/example_latest_only.py
[2024-07-31T12:18:39.782+0000] {logging_mixin.py:120} INFO - [2024-07-31T12:18:39.782+0000] {dag.py:2585} INFO - Sync 1 DAGs
[2024-07-31T12:18:39.869+0000] {logging_mixin.py:120} INFO - [2024-07-31T12:18:39.869+0000] {dag.py:3340} INFO - Setting next_dagrun for latest_only to 2024-07-31T08:18:39.869479+00:00, run_after=2024-07-31T12:18:39.869479+00:00
[2024-07-31T12:18:39.902+0000] {processor.py:176} INFO - Processing /home/airflow/.local/lib/python3.7/site-packages/airflow/example_dags/example_latest_only.py took 0.314 seconds
[2024-07-31T12:19:09.973+0000] {processor.py:154} INFO - Started process (PID=850) to work on /home/airflow/.local/lib/python3.7/site-packages/airflow/example_dags/example_latest_only.py
[2024-07-31T12:19:09.975+0000] {processor.py:756} INFO - Processing file /home/airflow/.local/lib/python3.7/site-packages/airflow/example_dags/example_latest_only.py for tasks to queue
[2024-07-31T12:19:09.977+0000] {logging_mixin.py:120} INFO - [2024-07-31T12:19:09.976+0000] {dagbag.py:537} INFO - Filling up the DagBag from /home/airflow/.local/lib/python3.7/site-packages/airflow/example_dags/example_latest_only.py
[2024-07-31T12:19:09.996+0000] {processor.py:766} INFO - DAG(s) dict_keys(['latest_only']) retrieved from /home/airflow/.local/lib/python3.7/site-packages/airflow/example_dags/example_latest_only.py
[2024-07-31T12:19:10.060+0000] {logging_mixin.py:120} INFO - [2024-07-31T12:19:10.059+0000] {dag.py:2585} INFO - Sync 1 DAGs
[2024-07-31T12:19:10.099+0000] {logging_mixin.py:120} INFO - [2024-07-31T12:19:10.098+0000] {dag.py:3340} INFO - Setting next_dagrun for latest_only to 2024-07-31T08:19:10.098346+00:00, run_after=2024-07-31T12:19:10.098346+00:00
[2024-07-31T12:19:10.124+0000] {processor.py:176} INFO - Processing /home/airflow/.local/lib/python3.7/site-packages/airflow/example_dags/example_latest_only.py took 0.155 seconds
[2024-07-31T12:19:41.501+0000] {processor.py:154} INFO - Started process (PID=913) to work on /home/airflow/.local/lib/python3.7/site-packages/airflow/example_dags/example_latest_only.py
[2024-07-31T12:19:41.522+0000] {processor.py:756} INFO - Processing file /home/airflow/.local/lib/python3.7/site-packages/airflow/example_dags/example_latest_only.py for tasks to queue
[2024-07-31T12:19:41.535+0000] {logging_mixin.py:120} INFO - [2024-07-31T12:19:41.534+0000] {dagbag.py:537} INFO - Filling up the DagBag from /home/airflow/.local/lib/python3.7/site-packages/airflow/example_dags/example_latest_only.py
[2024-07-31T12:19:41.578+0000] {processor.py:766} INFO - DAG(s) dict_keys(['latest_only']) retrieved from /home/airflow/.local/lib/python3.7/site-packages/airflow/example_dags/example_latest_only.py
[2024-07-31T12:19:41.733+0000] {logging_mixin.py:120} INFO - [2024-07-31T12:19:41.733+0000] {dag.py:2585} INFO - Sync 1 DAGs
[2024-07-31T12:19:41.839+0000] {logging_mixin.py:120} INFO - [2024-07-31T12:19:41.839+0000] {dag.py:3340} INFO - Setting next_dagrun for latest_only to 2024-07-31T08:19:41.839222+00:00, run_after=2024-07-31T12:19:41.839222+00:00
[2024-07-31T12:19:41.949+0000] {processor.py:176} INFO - Processing /home/airflow/.local/lib/python3.7/site-packages/airflow/example_dags/example_latest_only.py took 0.451 seconds
[2024-07-31T12:20:12.305+0000] {processor.py:154} INFO - Started process (PID=975) to work on /home/airflow/.local/lib/python3.7/site-packages/airflow/example_dags/example_latest_only.py
[2024-07-31T12:20:12.307+0000] {processor.py:756} INFO - Processing file /home/airflow/.local/lib/python3.7/site-packages/airflow/example_dags/example_latest_only.py for tasks to queue
[2024-07-31T12:20:12.309+0000] {logging_mixin.py:120} INFO - [2024-07-31T12:20:12.309+0000] {dagbag.py:537} INFO - Filling up the DagBag from /home/airflow/.local/lib/python3.7/site-packages/airflow/example_dags/example_latest_only.py
[2024-07-31T12:20:12.327+0000] {processor.py:766} INFO - DAG(s) dict_keys(['latest_only']) retrieved from /home/airflow/.local/lib/python3.7/site-packages/airflow/example_dags/example_latest_only.py
[2024-07-31T12:20:12.377+0000] {logging_mixin.py:120} INFO - [2024-07-31T12:20:12.377+0000] {dag.py:2585} INFO - Sync 1 DAGs
[2024-07-31T12:20:12.422+0000] {logging_mixin.py:120} INFO - [2024-07-31T12:20:12.421+0000] {dag.py:3340} INFO - Setting next_dagrun for latest_only to 2024-07-31T08:20:12.421406+00:00, run_after=2024-07-31T12:20:12.421406+00:00
[2024-07-31T12:20:12.470+0000] {processor.py:176} INFO - Processing /home/airflow/.local/lib/python3.7/site-packages/airflow/example_dags/example_latest_only.py took 0.169 seconds
[2024-07-31T12:20:42.991+0000] {processor.py:154} INFO - Started process (PID=1029) to work on /home/airflow/.local/lib/python3.7/site-packages/airflow/example_dags/example_latest_only.py
[2024-07-31T12:20:42.993+0000] {processor.py:756} INFO - Processing file /home/airflow/.local/lib/python3.7/site-packages/airflow/example_dags/example_latest_only.py for tasks to queue
[2024-07-31T12:20:42.994+0000] {logging_mixin.py:120} INFO - [2024-07-31T12:20:42.994+0000] {dagbag.py:537} INFO - Filling up the DagBag from /home/airflow/.local/lib/python3.7/site-packages/airflow/example_dags/example_latest_only.py
[2024-07-31T12:20:43.007+0000] {processor.py:766} INFO - DAG(s) dict_keys(['latest_only']) retrieved from /home/airflow/.local/lib/python3.7/site-packages/airflow/example_dags/example_latest_only.py
[2024-07-31T12:20:43.055+0000] {logging_mixin.py:120} INFO - [2024-07-31T12:20:43.054+0000] {dag.py:2585} INFO - Sync 1 DAGs
[2024-07-31T12:20:43.078+0000] {logging_mixin.py:120} INFO - [2024-07-31T12:20:43.078+0000] {dag.py:3340} INFO - Setting next_dagrun for latest_only to 2024-07-31T08:20:43.078020+00:00, run_after=2024-07-31T12:20:43.078020+00:00
[2024-07-31T12:20:43.104+0000] {processor.py:176} INFO - Processing /home/airflow/.local/lib/python3.7/site-packages/airflow/example_dags/example_latest_only.py took 0.116 seconds
[2024-07-31T12:21:16.011+0000] {processor.py:154} INFO - Started process (PID=1093) to work on /home/airflow/.local/lib/python3.7/site-packages/airflow/example_dags/example_latest_only.py
[2024-07-31T12:21:16.164+0000] {processor.py:756} INFO - Processing file /home/airflow/.local/lib/python3.7/site-packages/airflow/example_dags/example_latest_only.py for tasks to queue
[2024-07-31T12:21:16.366+0000] {logging_mixin.py:120} INFO - [2024-07-31T12:21:16.366+0000] {dagbag.py:537} INFO - Filling up the DagBag from /home/airflow/.local/lib/python3.7/site-packages/airflow/example_dags/example_latest_only.py
[2024-07-31T12:21:16.618+0000] {processor.py:766} INFO - DAG(s) dict_keys(['latest_only']) retrieved from /home/airflow/.local/lib/python3.7/site-packages/airflow/example_dags/example_latest_only.py
[2024-07-31T12:21:16.813+0000] {logging_mixin.py:120} INFO - [2024-07-31T12:21:16.813+0000] {dag.py:2585} INFO - Sync 1 DAGs
[2024-07-31T12:21:16.900+0000] {logging_mixin.py:120} INFO - [2024-07-31T12:21:16.899+0000] {dag.py:3340} INFO - Setting next_dagrun for latest_only to 2024-07-31T08:21:16.899491+00:00, run_after=2024-07-31T12:21:16.899491+00:00
[2024-07-31T12:21:16.956+0000] {processor.py:176} INFO - Processing /home/airflow/.local/lib/python3.7/site-packages/airflow/example_dags/example_latest_only.py took 0.949 seconds
[2024-07-31T12:21:47.505+0000] {processor.py:154} INFO - Started process (PID=1156) to work on /home/airflow/.local/lib/python3.7/site-packages/airflow/example_dags/example_latest_only.py
[2024-07-31T12:21:47.507+0000] {processor.py:756} INFO - Processing file /home/airflow/.local/lib/python3.7/site-packages/airflow/example_dags/example_latest_only.py for tasks to queue
[2024-07-31T12:21:47.509+0000] {logging_mixin.py:120} INFO - [2024-07-31T12:21:47.509+0000] {dagbag.py:537} INFO - Filling up the DagBag from /home/airflow/.local/lib/python3.7/site-packages/airflow/example_dags/example_latest_only.py
[2024-07-31T12:21:47.534+0000] {processor.py:766} INFO - DAG(s) dict_keys(['latest_only']) retrieved from /home/airflow/.local/lib/python3.7/site-packages/airflow/example_dags/example_latest_only.py
[2024-07-31T12:21:47.609+0000] {logging_mixin.py:120} INFO - [2024-07-31T12:21:47.609+0000] {dag.py:2585} INFO - Sync 1 DAGs
[2024-07-31T12:21:47.654+0000] {logging_mixin.py:120} INFO - [2024-07-31T12:21:47.653+0000] {dag.py:3340} INFO - Setting next_dagrun for latest_only to 2024-07-31T08:21:47.653282+00:00, run_after=2024-07-31T12:21:47.653282+00:00
[2024-07-31T12:21:47.688+0000] {processor.py:176} INFO - Processing /home/airflow/.local/lib/python3.7/site-packages/airflow/example_dags/example_latest_only.py took 0.188 seconds
[2024-07-31T12:22:18.578+0000] {processor.py:154} INFO - Started process (PID=1210) to work on /home/airflow/.local/lib/python3.7/site-packages/airflow/example_dags/example_latest_only.py
[2024-07-31T12:22:18.579+0000] {processor.py:756} INFO - Processing file /home/airflow/.local/lib/python3.7/site-packages/airflow/example_dags/example_latest_only.py for tasks to queue
[2024-07-31T12:22:18.580+0000] {logging_mixin.py:120} INFO - [2024-07-31T12:22:18.580+0000] {dagbag.py:537} INFO - Filling up the DagBag from /home/airflow/.local/lib/python3.7/site-packages/airflow/example_dags/example_latest_only.py
[2024-07-31T12:22:18.600+0000] {processor.py:766} INFO - DAG(s) dict_keys(['latest_only']) retrieved from /home/airflow/.local/lib/python3.7/site-packages/airflow/example_dags/example_latest_only.py
[2024-07-31T12:22:18.667+0000] {logging_mixin.py:120} INFO - [2024-07-31T12:22:18.666+0000] {dag.py:2585} INFO - Sync 1 DAGs
[2024-07-31T12:22:18.701+0000] {logging_mixin.py:120} INFO - [2024-07-31T12:22:18.701+0000] {dag.py:3340} INFO - Setting next_dagrun for latest_only to 2024-07-31T08:22:18.700826+00:00, run_after=2024-07-31T12:22:18.700826+00:00
[2024-07-31T12:22:18.726+0000] {processor.py:176} INFO - Processing /home/airflow/.local/lib/python3.7/site-packages/airflow/example_dags/example_latest_only.py took 0.152 seconds
[2024-07-31T12:22:48.939+0000] {processor.py:154} INFO - Started process (PID=1274) to work on /home/airflow/.local/lib/python3.7/site-packages/airflow/example_dags/example_latest_only.py
[2024-07-31T12:22:48.971+0000] {processor.py:756} INFO - Processing file /home/airflow/.local/lib/python3.7/site-packages/airflow/example_dags/example_latest_only.py for tasks to queue
[2024-07-31T12:22:49.020+0000] {logging_mixin.py:120} INFO - [2024-07-31T12:22:49.020+0000] {dagbag.py:537} INFO - Filling up the DagBag from /home/airflow/.local/lib/python3.7/site-packages/airflow/example_dags/example_latest_only.py
[2024-07-31T12:22:49.078+0000] {processor.py:766} INFO - DAG(s) dict_keys(['latest_only']) retrieved from /home/airflow/.local/lib/python3.7/site-packages/airflow/example_dags/example_latest_only.py
[2024-07-31T12:22:49.134+0000] {logging_mixin.py:120} INFO - [2024-07-31T12:22:49.134+0000] {dag.py:2585} INFO - Sync 1 DAGs
[2024-07-31T12:22:49.251+0000] {logging_mixin.py:120} INFO - [2024-07-31T12:22:49.251+0000] {dag.py:3340} INFO - Setting next_dagrun for latest_only to 2024-07-31T08:22:49.250953+00:00, run_after=2024-07-31T12:22:49.250953+00:00
[2024-07-31T12:22:49.305+0000] {processor.py:176} INFO - Processing /home/airflow/.local/lib/python3.7/site-packages/airflow/example_dags/example_latest_only.py took 0.372 seconds
[2024-07-31T12:23:20.739+0000] {processor.py:154} INFO - Started process (PID=1336) to work on /home/airflow/.local/lib/python3.7/site-packages/airflow/example_dags/example_latest_only.py
[2024-07-31T12:23:20.741+0000] {processor.py:756} INFO - Processing file /home/airflow/.local/lib/python3.7/site-packages/airflow/example_dags/example_latest_only.py for tasks to queue
[2024-07-31T12:23:20.742+0000] {logging_mixin.py:120} INFO - [2024-07-31T12:23:20.742+0000] {dagbag.py:537} INFO - Filling up the DagBag from /home/airflow/.local/lib/python3.7/site-packages/airflow/example_dags/example_latest_only.py
[2024-07-31T12:23:20.760+0000] {processor.py:766} INFO - DAG(s) dict_keys(['latest_only']) retrieved from /home/airflow/.local/lib/python3.7/site-packages/airflow/example_dags/example_latest_only.py
[2024-07-31T12:23:20.818+0000] {logging_mixin.py:120} INFO - [2024-07-31T12:23:20.818+0000] {dag.py:2585} INFO - Sync 1 DAGs
[2024-07-31T12:23:20.865+0000] {logging_mixin.py:120} INFO - [2024-07-31T12:23:20.865+0000] {dag.py:3340} INFO - Setting next_dagrun for latest_only to 2024-07-31T08:23:20.865016+00:00, run_after=2024-07-31T12:23:20.865016+00:00
[2024-07-31T12:23:20.904+0000] {processor.py:176} INFO - Processing /home/airflow/.local/lib/python3.7/site-packages/airflow/example_dags/example_latest_only.py took 0.169 seconds
[2024-07-31T12:23:51.519+0000] {processor.py:154} INFO - Started process (PID=1390) to work on /home/airflow/.local/lib/python3.7/site-packages/airflow/example_dags/example_latest_only.py
[2024-07-31T12:23:51.521+0000] {processor.py:756} INFO - Processing file /home/airflow/.local/lib/python3.7/site-packages/airflow/example_dags/example_latest_only.py for tasks to queue
[2024-07-31T12:23:51.522+0000] {logging_mixin.py:120} INFO - [2024-07-31T12:23:51.522+0000] {dagbag.py:537} INFO - Filling up the DagBag from /home/airflow/.local/lib/python3.7/site-packages/airflow/example_dags/example_latest_only.py
[2024-07-31T12:23:51.537+0000] {processor.py:766} INFO - DAG(s) dict_keys(['latest_only']) retrieved from /home/airflow/.local/lib/python3.7/site-packages/airflow/example_dags/example_latest_only.py
[2024-07-31T12:23:51.582+0000] {logging_mixin.py:120} INFO - [2024-07-31T12:23:51.582+0000] {dag.py:2585} INFO - Sync 1 DAGs
[2024-07-31T12:23:51.609+0000] {logging_mixin.py:120} INFO - [2024-07-31T12:23:51.609+0000] {dag.py:3340} INFO - Setting next_dagrun for latest_only to 2024-07-31T08:23:51.609474+00:00, run_after=2024-07-31T12:23:51.609474+00:00
[2024-07-31T12:23:51.636+0000] {processor.py:176} INFO - Processing /home/airflow/.local/lib/python3.7/site-packages/airflow/example_dags/example_latest_only.py took 0.121 seconds
[2024-07-31T12:24:21.914+0000] {processor.py:154} INFO - Started process (PID=1453) to work on /home/airflow/.local/lib/python3.7/site-packages/airflow/example_dags/example_latest_only.py
[2024-07-31T12:24:21.915+0000] {processor.py:756} INFO - Processing file /home/airflow/.local/lib/python3.7/site-packages/airflow/example_dags/example_latest_only.py for tasks to queue
[2024-07-31T12:24:21.917+0000] {logging_mixin.py:120} INFO - [2024-07-31T12:24:21.916+0000] {dagbag.py:537} INFO - Filling up the DagBag from /home/airflow/.local/lib/python3.7/site-packages/airflow/example_dags/example_latest_only.py
[2024-07-31T12:24:21.930+0000] {processor.py:766} INFO - DAG(s) dict_keys(['latest_only']) retrieved from /home/airflow/.local/lib/python3.7/site-packages/airflow/example_dags/example_latest_only.py
[2024-07-31T12:24:21.985+0000] {logging_mixin.py:120} INFO - [2024-07-31T12:24:21.985+0000] {dag.py:2585} INFO - Sync 1 DAGs
[2024-07-31T12:24:22.026+0000] {logging_mixin.py:120} INFO - [2024-07-31T12:24:22.026+0000] {dag.py:3340} INFO - Setting next_dagrun for latest_only to 2024-07-31T08:24:22.025901+00:00, run_after=2024-07-31T12:24:22.025901+00:00
[2024-07-31T12:24:22.050+0000] {processor.py:176} INFO - Processing /home/airflow/.local/lib/python3.7/site-packages/airflow/example_dags/example_latest_only.py took 0.139 seconds
[2024-07-31T12:24:52.287+0000] {processor.py:154} INFO - Started process (PID=1506) to work on /home/airflow/.local/lib/python3.7/site-packages/airflow/example_dags/example_latest_only.py
[2024-07-31T12:24:52.290+0000] {processor.py:756} INFO - Processing file /home/airflow/.local/lib/python3.7/site-packages/airflow/example_dags/example_latest_only.py for tasks to queue
[2024-07-31T12:24:52.292+0000] {logging_mixin.py:120} INFO - [2024-07-31T12:24:52.291+0000] {dagbag.py:537} INFO - Filling up the DagBag from /home/airflow/.local/lib/python3.7/site-packages/airflow/example_dags/example_latest_only.py
[2024-07-31T12:24:52.318+0000] {processor.py:766} INFO - DAG(s) dict_keys(['latest_only']) retrieved from /home/airflow/.local/lib/python3.7/site-packages/airflow/example_dags/example_latest_only.py
[2024-07-31T12:24:52.369+0000] {logging_mixin.py:120} INFO - [2024-07-31T12:24:52.368+0000] {dag.py:2585} INFO - Sync 1 DAGs
[2024-07-31T12:24:52.401+0000] {logging_mixin.py:120} INFO - [2024-07-31T12:24:52.400+0000] {dag.py:3340} INFO - Setting next_dagrun for latest_only to 2024-07-31T08:24:52.400695+00:00, run_after=2024-07-31T12:24:52.400695+00:00
[2024-07-31T12:24:52.427+0000] {processor.py:176} INFO - Processing /home/airflow/.local/lib/python3.7/site-packages/airflow/example_dags/example_latest_only.py took 0.146 seconds
[2024-07-31T12:25:22.952+0000] {processor.py:154} INFO - Started process (PID=1569) to work on /home/airflow/.local/lib/python3.7/site-packages/airflow/example_dags/example_latest_only.py
[2024-07-31T12:25:22.954+0000] {processor.py:756} INFO - Processing file /home/airflow/.local/lib/python3.7/site-packages/airflow/example_dags/example_latest_only.py for tasks to queue
[2024-07-31T12:25:22.957+0000] {logging_mixin.py:120} INFO - [2024-07-31T12:25:22.957+0000] {dagbag.py:537} INFO - Filling up the DagBag from /home/airflow/.local/lib/python3.7/site-packages/airflow/example_dags/example_latest_only.py
[2024-07-31T12:25:22.977+0000] {processor.py:766} INFO - DAG(s) dict_keys(['latest_only']) retrieved from /home/airflow/.local/lib/python3.7/site-packages/airflow/example_dags/example_latest_only.py
[2024-07-31T12:25:23.034+0000] {logging_mixin.py:120} INFO - [2024-07-31T12:25:23.034+0000] {dag.py:2585} INFO - Sync 1 DAGs
[2024-07-31T12:25:23.068+0000] {logging_mixin.py:120} INFO - [2024-07-31T12:25:23.067+0000] {dag.py:3340} INFO - Setting next_dagrun for latest_only to 2024-07-31T08:25:23.067689+00:00, run_after=2024-07-31T12:25:23.067689+00:00
[2024-07-31T12:25:23.091+0000] {processor.py:176} INFO - Processing /home/airflow/.local/lib/python3.7/site-packages/airflow/example_dags/example_latest_only.py took 0.143 seconds
[2024-07-31T12:25:54.536+0000] {processor.py:154} INFO - Started process (PID=1633) to work on /home/airflow/.local/lib/python3.7/site-packages/airflow/example_dags/example_latest_only.py
[2024-07-31T12:25:54.538+0000] {processor.py:756} INFO - Processing file /home/airflow/.local/lib/python3.7/site-packages/airflow/example_dags/example_latest_only.py for tasks to queue
[2024-07-31T12:25:54.539+0000] {logging_mixin.py:120} INFO - [2024-07-31T12:25:54.538+0000] {dagbag.py:537} INFO - Filling up the DagBag from /home/airflow/.local/lib/python3.7/site-packages/airflow/example_dags/example_latest_only.py
[2024-07-31T12:25:54.562+0000] {processor.py:766} INFO - DAG(s) dict_keys(['latest_only']) retrieved from /home/airflow/.local/lib/python3.7/site-packages/airflow/example_dags/example_latest_only.py
[2024-07-31T12:25:54.632+0000] {logging_mixin.py:120} INFO - [2024-07-31T12:25:54.632+0000] {dag.py:2585} INFO - Sync 1 DAGs
[2024-07-31T12:25:54.667+0000] {logging_mixin.py:120} INFO - [2024-07-31T12:25:54.666+0000] {dag.py:3340} INFO - Setting next_dagrun for latest_only to 2024-07-31T08:25:54.666520+00:00, run_after=2024-07-31T12:25:54.666520+00:00
[2024-07-31T12:25:54.701+0000] {processor.py:176} INFO - Processing /home/airflow/.local/lib/python3.7/site-packages/airflow/example_dags/example_latest_only.py took 0.170 seconds
[2024-07-31T12:26:26.323+0000] {processor.py:154} INFO - Started process (PID=1687) to work on /home/airflow/.local/lib/python3.7/site-packages/airflow/example_dags/example_latest_only.py
[2024-07-31T12:26:26.359+0000] {processor.py:756} INFO - Processing file /home/airflow/.local/lib/python3.7/site-packages/airflow/example_dags/example_latest_only.py for tasks to queue
[2024-07-31T12:26:26.384+0000] {logging_mixin.py:120} INFO - [2024-07-31T12:26:26.383+0000] {dagbag.py:537} INFO - Filling up the DagBag from /home/airflow/.local/lib/python3.7/site-packages/airflow/example_dags/example_latest_only.py
[2024-07-31T12:26:26.459+0000] {processor.py:766} INFO - DAG(s) dict_keys(['latest_only']) retrieved from /home/airflow/.local/lib/python3.7/site-packages/airflow/example_dags/example_latest_only.py
[2024-07-31T12:26:26.581+0000] {logging_mixin.py:120} INFO - [2024-07-31T12:26:26.580+0000] {dag.py:2585} INFO - Sync 1 DAGs
[2024-07-31T12:26:26.646+0000] {logging_mixin.py:120} INFO - [2024-07-31T12:26:26.646+0000] {dag.py:3340} INFO - Setting next_dagrun for latest_only to 2024-07-31T08:26:26.646037+00:00, run_after=2024-07-31T12:26:26.646037+00:00
[2024-07-31T12:26:26.751+0000] {processor.py:176} INFO - Processing /home/airflow/.local/lib/python3.7/site-packages/airflow/example_dags/example_latest_only.py took 0.431 seconds
[2024-07-31T12:26:57.224+0000] {processor.py:154} INFO - Started process (PID=1750) to work on /home/airflow/.local/lib/python3.7/site-packages/airflow/example_dags/example_latest_only.py
[2024-07-31T12:26:57.231+0000] {processor.py:756} INFO - Processing file /home/airflow/.local/lib/python3.7/site-packages/airflow/example_dags/example_latest_only.py for tasks to queue
[2024-07-31T12:26:57.237+0000] {logging_mixin.py:120} INFO - [2024-07-31T12:26:57.237+0000] {dagbag.py:537} INFO - Filling up the DagBag from /home/airflow/.local/lib/python3.7/site-packages/airflow/example_dags/example_latest_only.py
[2024-07-31T12:26:57.275+0000] {processor.py:766} INFO - DAG(s) dict_keys(['latest_only']) retrieved from /home/airflow/.local/lib/python3.7/site-packages/airflow/example_dags/example_latest_only.py
[2024-07-31T12:26:57.352+0000] {logging_mixin.py:120} INFO - [2024-07-31T12:26:57.352+0000] {dag.py:2585} INFO - Sync 1 DAGs
[2024-07-31T12:26:57.398+0000] {logging_mixin.py:120} INFO - [2024-07-31T12:26:57.398+0000] {dag.py:3340} INFO - Setting next_dagrun for latest_only to 2024-07-31T08:26:57.398050+00:00, run_after=2024-07-31T12:26:57.398050+00:00
[2024-07-31T12:26:57.433+0000] {processor.py:176} INFO - Processing /home/airflow/.local/lib/python3.7/site-packages/airflow/example_dags/example_latest_only.py took 0.214 seconds
[2024-07-31T12:27:29.091+0000] {processor.py:154} INFO - Started process (PID=1814) to work on /home/airflow/.local/lib/python3.7/site-packages/airflow/example_dags/example_latest_only.py
[2024-07-31T12:27:29.093+0000] {processor.py:756} INFO - Processing file /home/airflow/.local/lib/python3.7/site-packages/airflow/example_dags/example_latest_only.py for tasks to queue
[2024-07-31T12:27:29.095+0000] {logging_mixin.py:120} INFO - [2024-07-31T12:27:29.095+0000] {dagbag.py:537} INFO - Filling up the DagBag from /home/airflow/.local/lib/python3.7/site-packages/airflow/example_dags/example_latest_only.py
[2024-07-31T12:27:29.116+0000] {processor.py:766} INFO - DAG(s) dict_keys(['latest_only']) retrieved from /home/airflow/.local/lib/python3.7/site-packages/airflow/example_dags/example_latest_only.py
[2024-07-31T12:27:29.172+0000] {logging_mixin.py:120} INFO - [2024-07-31T12:27:29.172+0000] {dag.py:2585} INFO - Sync 1 DAGs
[2024-07-31T12:27:29.205+0000] {logging_mixin.py:120} INFO - [2024-07-31T12:27:29.205+0000] {dag.py:3340} INFO - Setting next_dagrun for latest_only to 2024-07-31T08:27:29.204937+00:00, run_after=2024-07-31T12:27:29.204937+00:00
[2024-07-31T12:27:29.240+0000] {processor.py:176} INFO - Processing /home/airflow/.local/lib/python3.7/site-packages/airflow/example_dags/example_latest_only.py took 0.154 seconds
[2024-07-31T12:28:02.052+0000] {processor.py:154} INFO - Started process (PID=1868) to work on /home/airflow/.local/lib/python3.7/site-packages/airflow/example_dags/example_latest_only.py
[2024-07-31T12:28:02.054+0000] {processor.py:756} INFO - Processing file /home/airflow/.local/lib/python3.7/site-packages/airflow/example_dags/example_latest_only.py for tasks to queue
[2024-07-31T12:28:02.057+0000] {logging_mixin.py:120} INFO - [2024-07-31T12:28:02.057+0000] {dagbag.py:537} INFO - Filling up the DagBag from /home/airflow/.local/lib/python3.7/site-packages/airflow/example_dags/example_latest_only.py
[2024-07-31T12:28:02.079+0000] {processor.py:766} INFO - DAG(s) dict_keys(['latest_only']) retrieved from /home/airflow/.local/lib/python3.7/site-packages/airflow/example_dags/example_latest_only.py
[2024-07-31T12:28:02.142+0000] {logging_mixin.py:120} INFO - [2024-07-31T12:28:02.142+0000] {dag.py:2585} INFO - Sync 1 DAGs
[2024-07-31T12:28:02.183+0000] {logging_mixin.py:120} INFO - [2024-07-31T12:28:02.183+0000] {dag.py:3340} INFO - Setting next_dagrun for latest_only to 2024-07-31T08:28:02.183055+00:00, run_after=2024-07-31T12:28:02.183055+00:00
[2024-07-31T12:28:02.215+0000] {processor.py:176} INFO - Processing /home/airflow/.local/lib/python3.7/site-packages/airflow/example_dags/example_latest_only.py took 0.166 seconds
[2024-07-31T12:28:32.248+0000] {processor.py:154} INFO - Started process (PID=1931) to work on /home/airflow/.local/lib/python3.7/site-packages/airflow/example_dags/example_latest_only.py
[2024-07-31T12:28:32.250+0000] {processor.py:756} INFO - Processing file /home/airflow/.local/lib/python3.7/site-packages/airflow/example_dags/example_latest_only.py for tasks to queue
[2024-07-31T12:28:32.251+0000] {logging_mixin.py:120} INFO - [2024-07-31T12:28:32.251+0000] {dagbag.py:537} INFO - Filling up the DagBag from /home/airflow/.local/lib/python3.7/site-packages/airflow/example_dags/example_latest_only.py
[2024-07-31T12:28:32.269+0000] {processor.py:766} INFO - DAG(s) dict_keys(['latest_only']) retrieved from /home/airflow/.local/lib/python3.7/site-packages/airflow/example_dags/example_latest_only.py
[2024-07-31T12:28:32.350+0000] {logging_mixin.py:120} INFO - [2024-07-31T12:28:32.350+0000] {dag.py:2585} INFO - Sync 1 DAGs
[2024-07-31T12:28:32.395+0000] {logging_mixin.py:120} INFO - [2024-07-31T12:28:32.394+0000] {dag.py:3340} INFO - Setting next_dagrun for latest_only to 2024-07-31T08:28:32.394479+00:00, run_after=2024-07-31T12:28:32.394479+00:00
[2024-07-31T12:28:32.424+0000] {processor.py:176} INFO - Processing /home/airflow/.local/lib/python3.7/site-packages/airflow/example_dags/example_latest_only.py took 0.178 seconds
[2024-07-31T12:29:04.232+0000] {processor.py:154} INFO - Started process (PID=1995) to work on /home/airflow/.local/lib/python3.7/site-packages/airflow/example_dags/example_latest_only.py
[2024-07-31T12:29:04.233+0000] {processor.py:756} INFO - Processing file /home/airflow/.local/lib/python3.7/site-packages/airflow/example_dags/example_latest_only.py for tasks to queue
[2024-07-31T12:29:04.235+0000] {logging_mixin.py:120} INFO - [2024-07-31T12:29:04.234+0000] {dagbag.py:537} INFO - Filling up the DagBag from /home/airflow/.local/lib/python3.7/site-packages/airflow/example_dags/example_latest_only.py
[2024-07-31T12:29:04.254+0000] {processor.py:766} INFO - DAG(s) dict_keys(['latest_only']) retrieved from /home/airflow/.local/lib/python3.7/site-packages/airflow/example_dags/example_latest_only.py
[2024-07-31T12:29:04.320+0000] {logging_mixin.py:120} INFO - [2024-07-31T12:29:04.319+0000] {dag.py:2585} INFO - Sync 1 DAGs
[2024-07-31T12:29:04.356+0000] {logging_mixin.py:120} INFO - [2024-07-31T12:29:04.355+0000] {dag.py:3340} INFO - Setting next_dagrun for latest_only to 2024-07-31T08:29:04.355589+00:00, run_after=2024-07-31T12:29:04.355589+00:00
[2024-07-31T12:29:04.390+0000] {processor.py:176} INFO - Processing /home/airflow/.local/lib/python3.7/site-packages/airflow/example_dags/example_latest_only.py took 0.163 seconds
[2024-07-31T12:29:35.361+0000] {processor.py:154} INFO - Started process (PID=2049) to work on /home/airflow/.local/lib/python3.7/site-packages/airflow/example_dags/example_latest_only.py
[2024-07-31T12:29:35.364+0000] {processor.py:756} INFO - Processing file /home/airflow/.local/lib/python3.7/site-packages/airflow/example_dags/example_latest_only.py for tasks to queue
[2024-07-31T12:29:35.366+0000] {logging_mixin.py:120} INFO - [2024-07-31T12:29:35.366+0000] {dagbag.py:537} INFO - Filling up the DagBag from /home/airflow/.local/lib/python3.7/site-packages/airflow/example_dags/example_latest_only.py
[2024-07-31T12:29:35.395+0000] {processor.py:766} INFO - DAG(s) dict_keys(['latest_only']) retrieved from /home/airflow/.local/lib/python3.7/site-packages/airflow/example_dags/example_latest_only.py
[2024-07-31T12:29:35.476+0000] {logging_mixin.py:120} INFO - [2024-07-31T12:29:35.476+0000] {dag.py:2585} INFO - Sync 1 DAGs
[2024-07-31T12:29:35.508+0000] {logging_mixin.py:120} INFO - [2024-07-31T12:29:35.508+0000] {dag.py:3340} INFO - Setting next_dagrun for latest_only to 2024-07-31T08:29:35.507992+00:00, run_after=2024-07-31T12:29:35.507992+00:00
[2024-07-31T12:29:35.532+0000] {processor.py:176} INFO - Processing /home/airflow/.local/lib/python3.7/site-packages/airflow/example_dags/example_latest_only.py took 0.178 seconds
[2024-07-31T12:30:05.902+0000] {processor.py:154} INFO - Started process (PID=2113) to work on /home/airflow/.local/lib/python3.7/site-packages/airflow/example_dags/example_latest_only.py
[2024-07-31T12:30:05.906+0000] {processor.py:756} INFO - Processing file /home/airflow/.local/lib/python3.7/site-packages/airflow/example_dags/example_latest_only.py for tasks to queue
[2024-07-31T12:30:05.907+0000] {logging_mixin.py:120} INFO - [2024-07-31T12:30:05.906+0000] {dagbag.py:537} INFO - Filling up the DagBag from /home/airflow/.local/lib/python3.7/site-packages/airflow/example_dags/example_latest_only.py
[2024-07-31T12:30:05.939+0000] {processor.py:766} INFO - DAG(s) dict_keys(['latest_only']) retrieved from /home/airflow/.local/lib/python3.7/site-packages/airflow/example_dags/example_latest_only.py
[2024-07-31T12:30:06.130+0000] {logging_mixin.py:120} INFO - [2024-07-31T12:30:06.130+0000] {dag.py:2585} INFO - Sync 1 DAGs
[2024-07-31T12:30:06.303+0000] {logging_mixin.py:120} INFO - [2024-07-31T12:30:06.300+0000] {dag.py:3340} INFO - Setting next_dagrun for latest_only to 2024-07-31T08:30:06.299629+00:00, run_after=2024-07-31T12:30:06.299629+00:00
[2024-07-31T12:30:06.428+0000] {processor.py:176} INFO - Processing /home/airflow/.local/lib/python3.7/site-packages/airflow/example_dags/example_latest_only.py took 0.530 seconds
[2024-07-31T12:30:37.337+0000] {processor.py:154} INFO - Started process (PID=2176) to work on /home/airflow/.local/lib/python3.7/site-packages/airflow/example_dags/example_latest_only.py
[2024-07-31T12:30:37.340+0000] {processor.py:756} INFO - Processing file /home/airflow/.local/lib/python3.7/site-packages/airflow/example_dags/example_latest_only.py for tasks to queue
[2024-07-31T12:30:37.342+0000] {logging_mixin.py:120} INFO - [2024-07-31T12:30:37.342+0000] {dagbag.py:537} INFO - Filling up the DagBag from /home/airflow/.local/lib/python3.7/site-packages/airflow/example_dags/example_latest_only.py
[2024-07-31T12:30:37.359+0000] {processor.py:766} INFO - DAG(s) dict_keys(['latest_only']) retrieved from /home/airflow/.local/lib/python3.7/site-packages/airflow/example_dags/example_latest_only.py
[2024-07-31T12:30:37.428+0000] {logging_mixin.py:120} INFO - [2024-07-31T12:30:37.428+0000] {dag.py:2585} INFO - Sync 1 DAGs
[2024-07-31T12:30:37.525+0000] {logging_mixin.py:120} INFO - [2024-07-31T12:30:37.524+0000] {dag.py:3340} INFO - Setting next_dagrun for latest_only to 2024-07-31T08:30:37.524082+00:00, run_after=2024-07-31T12:30:37.524082+00:00
[2024-07-31T12:30:37.557+0000] {processor.py:176} INFO - Processing /home/airflow/.local/lib/python3.7/site-packages/airflow/example_dags/example_latest_only.py took 0.222 seconds
[2024-07-31T12:31:07.811+0000] {processor.py:154} INFO - Started process (PID=2228) to work on /home/airflow/.local/lib/python3.7/site-packages/airflow/example_dags/example_latest_only.py
[2024-07-31T12:31:07.812+0000] {processor.py:756} INFO - Processing file /home/airflow/.local/lib/python3.7/site-packages/airflow/example_dags/example_latest_only.py for tasks to queue
[2024-07-31T12:31:07.814+0000] {logging_mixin.py:120} INFO - [2024-07-31T12:31:07.813+0000] {dagbag.py:537} INFO - Filling up the DagBag from /home/airflow/.local/lib/python3.7/site-packages/airflow/example_dags/example_latest_only.py
[2024-07-31T12:31:07.831+0000] {processor.py:766} INFO - DAG(s) dict_keys(['latest_only']) retrieved from /home/airflow/.local/lib/python3.7/site-packages/airflow/example_dags/example_latest_only.py
[2024-07-31T12:31:07.876+0000] {logging_mixin.py:120} INFO - [2024-07-31T12:31:07.876+0000] {dag.py:2585} INFO - Sync 1 DAGs
[2024-07-31T12:31:07.911+0000] {logging_mixin.py:120} INFO - [2024-07-31T12:31:07.910+0000] {dag.py:3340} INFO - Setting next_dagrun for latest_only to 2024-07-31T08:31:07.910584+00:00, run_after=2024-07-31T12:31:07.910584+00:00
[2024-07-31T12:31:07.935+0000] {processor.py:176} INFO - Processing /home/airflow/.local/lib/python3.7/site-packages/airflow/example_dags/example_latest_only.py took 0.129 seconds
[2024-07-31T12:31:38.062+0000] {processor.py:154} INFO - Started process (PID=2292) to work on /home/airflow/.local/lib/python3.7/site-packages/airflow/example_dags/example_latest_only.py
[2024-07-31T12:31:38.064+0000] {processor.py:756} INFO - Processing file /home/airflow/.local/lib/python3.7/site-packages/airflow/example_dags/example_latest_only.py for tasks to queue
[2024-07-31T12:31:38.065+0000] {logging_mixin.py:120} INFO - [2024-07-31T12:31:38.065+0000] {dagbag.py:537} INFO - Filling up the DagBag from /home/airflow/.local/lib/python3.7/site-packages/airflow/example_dags/example_latest_only.py
[2024-07-31T12:31:38.082+0000] {processor.py:766} INFO - DAG(s) dict_keys(['latest_only']) retrieved from /home/airflow/.local/lib/python3.7/site-packages/airflow/example_dags/example_latest_only.py
[2024-07-31T12:31:38.160+0000] {logging_mixin.py:120} INFO - [2024-07-31T12:31:38.159+0000] {dag.py:2585} INFO - Sync 1 DAGs
[2024-07-31T12:31:38.202+0000] {logging_mixin.py:120} INFO - [2024-07-31T12:31:38.201+0000] {dag.py:3340} INFO - Setting next_dagrun for latest_only to 2024-07-31T08:31:38.201369+00:00, run_after=2024-07-31T12:31:38.201369+00:00
[2024-07-31T12:31:38.246+0000] {processor.py:176} INFO - Processing /home/airflow/.local/lib/python3.7/site-packages/airflow/example_dags/example_latest_only.py took 0.189 seconds
[2024-07-31T12:32:09.500+0000] {processor.py:154} INFO - Started process (PID=2346) to work on /home/airflow/.local/lib/python3.7/site-packages/airflow/example_dags/example_latest_only.py
[2024-07-31T12:32:09.647+0000] {processor.py:756} INFO - Processing file /home/airflow/.local/lib/python3.7/site-packages/airflow/example_dags/example_latest_only.py for tasks to queue
[2024-07-31T12:32:09.742+0000] {logging_mixin.py:120} INFO - [2024-07-31T12:32:09.741+0000] {dagbag.py:537} INFO - Filling up the DagBag from /home/airflow/.local/lib/python3.7/site-packages/airflow/example_dags/example_latest_only.py
[2024-07-31T12:32:09.889+0000] {processor.py:766} INFO - DAG(s) dict_keys(['latest_only']) retrieved from /home/airflow/.local/lib/python3.7/site-packages/airflow/example_dags/example_latest_only.py
[2024-07-31T12:32:09.946+0000] {logging_mixin.py:120} INFO - [2024-07-31T12:32:09.945+0000] {dag.py:2585} INFO - Sync 1 DAGs
[2024-07-31T12:32:09.979+0000] {logging_mixin.py:120} INFO - [2024-07-31T12:32:09.979+0000] {dag.py:3340} INFO - Setting next_dagrun for latest_only to 2024-07-31T08:32:09.978753+00:00, run_after=2024-07-31T12:32:09.978753+00:00
[2024-07-31T12:32:10.008+0000] {processor.py:176} INFO - Processing /home/airflow/.local/lib/python3.7/site-packages/airflow/example_dags/example_latest_only.py took 0.510 seconds
[2024-07-31T12:32:40.179+0000] {processor.py:154} INFO - Started process (PID=2409) to work on /home/airflow/.local/lib/python3.7/site-packages/airflow/example_dags/example_latest_only.py
[2024-07-31T12:32:40.181+0000] {processor.py:756} INFO - Processing file /home/airflow/.local/lib/python3.7/site-packages/airflow/example_dags/example_latest_only.py for tasks to queue
[2024-07-31T12:32:40.183+0000] {logging_mixin.py:120} INFO - [2024-07-31T12:32:40.182+0000] {dagbag.py:537} INFO - Filling up the DagBag from /home/airflow/.local/lib/python3.7/site-packages/airflow/example_dags/example_latest_only.py
[2024-07-31T12:32:40.198+0000] {processor.py:766} INFO - DAG(s) dict_keys(['latest_only']) retrieved from /home/airflow/.local/lib/python3.7/site-packages/airflow/example_dags/example_latest_only.py
[2024-07-31T12:32:40.242+0000] {logging_mixin.py:120} INFO - [2024-07-31T12:32:40.242+0000] {dag.py:2585} INFO - Sync 1 DAGs
[2024-07-31T12:32:40.282+0000] {logging_mixin.py:120} INFO - [2024-07-31T12:32:40.282+0000] {dag.py:3340} INFO - Setting next_dagrun for latest_only to 2024-07-31T08:32:40.282397+00:00, run_after=2024-07-31T12:32:40.282397+00:00
[2024-07-31T12:32:40.308+0000] {processor.py:176} INFO - Processing /home/airflow/.local/lib/python3.7/site-packages/airflow/example_dags/example_latest_only.py took 0.133 seconds
[2024-07-31T12:33:10.923+0000] {processor.py:154} INFO - Started process (PID=2472) to work on /home/airflow/.local/lib/python3.7/site-packages/airflow/example_dags/example_latest_only.py
[2024-07-31T12:33:10.925+0000] {processor.py:756} INFO - Processing file /home/airflow/.local/lib/python3.7/site-packages/airflow/example_dags/example_latest_only.py for tasks to queue
[2024-07-31T12:33:10.926+0000] {logging_mixin.py:120} INFO - [2024-07-31T12:33:10.926+0000] {dagbag.py:537} INFO - Filling up the DagBag from /home/airflow/.local/lib/python3.7/site-packages/airflow/example_dags/example_latest_only.py
[2024-07-31T12:33:10.943+0000] {processor.py:766} INFO - DAG(s) dict_keys(['latest_only']) retrieved from /home/airflow/.local/lib/python3.7/site-packages/airflow/example_dags/example_latest_only.py
[2024-07-31T12:33:11.002+0000] {logging_mixin.py:120} INFO - [2024-07-31T12:33:11.002+0000] {dag.py:2585} INFO - Sync 1 DAGs
[2024-07-31T12:33:11.031+0000] {logging_mixin.py:120} INFO - [2024-07-31T12:33:11.031+0000] {dag.py:3340} INFO - Setting next_dagrun for latest_only to 2024-07-31T08:33:11.031275+00:00, run_after=2024-07-31T12:33:11.031275+00:00
[2024-07-31T12:33:11.067+0000] {processor.py:176} INFO - Processing /home/airflow/.local/lib/python3.7/site-packages/airflow/example_dags/example_latest_only.py took 0.148 seconds
[2024-07-31T12:33:46.497+0000] {processor.py:154} INFO - Started process (PID=2536) to work on /home/airflow/.local/lib/python3.7/site-packages/airflow/example_dags/example_latest_only.py
[2024-07-31T12:33:46.500+0000] {processor.py:756} INFO - Processing file /home/airflow/.local/lib/python3.7/site-packages/airflow/example_dags/example_latest_only.py for tasks to queue
[2024-07-31T12:33:46.504+0000] {logging_mixin.py:120} INFO - [2024-07-31T12:33:46.504+0000] {dagbag.py:537} INFO - Filling up the DagBag from /home/airflow/.local/lib/python3.7/site-packages/airflow/example_dags/example_latest_only.py
[2024-07-31T12:33:46.589+0000] {processor.py:766} INFO - DAG(s) dict_keys(['latest_only']) retrieved from /home/airflow/.local/lib/python3.7/site-packages/airflow/example_dags/example_latest_only.py
[2024-07-31T12:33:46.831+0000] {logging_mixin.py:120} INFO - [2024-07-31T12:33:46.831+0000] {dag.py:2585} INFO - Sync 1 DAGs
[2024-07-31T12:33:47.050+0000] {logging_mixin.py:120} INFO - [2024-07-31T12:33:47.050+0000] {dag.py:3340} INFO - Setting next_dagrun for latest_only to 2024-07-31T08:33:47.050247+00:00, run_after=2024-07-31T12:33:47.050247+00:00
[2024-07-31T12:33:47.234+0000] {processor.py:176} INFO - Processing /home/airflow/.local/lib/python3.7/site-packages/airflow/example_dags/example_latest_only.py took 0.742 seconds
[2024-07-31T12:34:17.865+0000] {processor.py:154} INFO - Started process (PID=2590) to work on /home/airflow/.local/lib/python3.7/site-packages/airflow/example_dags/example_latest_only.py
[2024-07-31T12:34:17.934+0000] {processor.py:756} INFO - Processing file /home/airflow/.local/lib/python3.7/site-packages/airflow/example_dags/example_latest_only.py for tasks to queue
[2024-07-31T12:34:17.959+0000] {logging_mixin.py:120} INFO - [2024-07-31T12:34:17.959+0000] {dagbag.py:537} INFO - Filling up the DagBag from /home/airflow/.local/lib/python3.7/site-packages/airflow/example_dags/example_latest_only.py
[2024-07-31T12:34:17.987+0000] {processor.py:766} INFO - DAG(s) dict_keys(['latest_only']) retrieved from /home/airflow/.local/lib/python3.7/site-packages/airflow/example_dags/example_latest_only.py
[2024-07-31T12:34:18.039+0000] {logging_mixin.py:120} INFO - [2024-07-31T12:34:18.039+0000] {dag.py:2585} INFO - Sync 1 DAGs
[2024-07-31T12:34:18.150+0000] {logging_mixin.py:120} INFO - [2024-07-31T12:34:18.150+0000] {dag.py:3340} INFO - Setting next_dagrun for latest_only to 2024-07-31T08:34:18.150212+00:00, run_after=2024-07-31T12:34:18.150212+00:00
[2024-07-31T12:34:18.289+0000] {processor.py:176} INFO - Processing /home/airflow/.local/lib/python3.7/site-packages/airflow/example_dags/example_latest_only.py took 0.428 seconds
[2024-07-31T12:34:49.096+0000] {processor.py:154} INFO - Started process (PID=2653) to work on /home/airflow/.local/lib/python3.7/site-packages/airflow/example_dags/example_latest_only.py
[2024-07-31T12:34:49.098+0000] {processor.py:756} INFO - Processing file /home/airflow/.local/lib/python3.7/site-packages/airflow/example_dags/example_latest_only.py for tasks to queue
[2024-07-31T12:34:49.100+0000] {logging_mixin.py:120} INFO - [2024-07-31T12:34:49.099+0000] {dagbag.py:537} INFO - Filling up the DagBag from /home/airflow/.local/lib/python3.7/site-packages/airflow/example_dags/example_latest_only.py
[2024-07-31T12:34:49.117+0000] {processor.py:766} INFO - DAG(s) dict_keys(['latest_only']) retrieved from /home/airflow/.local/lib/python3.7/site-packages/airflow/example_dags/example_latest_only.py
[2024-07-31T12:34:49.159+0000] {logging_mixin.py:120} INFO - [2024-07-31T12:34:49.159+0000] {dag.py:2585} INFO - Sync 1 DAGs
[2024-07-31T12:34:49.273+0000] {logging_mixin.py:120} INFO - [2024-07-31T12:34:49.273+0000] {dag.py:3340} INFO - Setting next_dagrun for latest_only to 2024-07-31T08:34:49.273061+00:00, run_after=2024-07-31T12:34:49.273061+00:00
[2024-07-31T12:34:49.295+0000] {processor.py:176} INFO - Processing /home/airflow/.local/lib/python3.7/site-packages/airflow/example_dags/example_latest_only.py took 0.202 seconds
[2024-07-31T12:35:19.474+0000] {processor.py:154} INFO - Started process (PID=2706) to work on /home/airflow/.local/lib/python3.7/site-packages/airflow/example_dags/example_latest_only.py
[2024-07-31T12:35:19.479+0000] {processor.py:756} INFO - Processing file /home/airflow/.local/lib/python3.7/site-packages/airflow/example_dags/example_latest_only.py for tasks to queue
[2024-07-31T12:35:19.485+0000] {logging_mixin.py:120} INFO - [2024-07-31T12:35:19.484+0000] {dagbag.py:537} INFO - Filling up the DagBag from /home/airflow/.local/lib/python3.7/site-packages/airflow/example_dags/example_latest_only.py
[2024-07-31T12:35:19.509+0000] {processor.py:766} INFO - DAG(s) dict_keys(['latest_only']) retrieved from /home/airflow/.local/lib/python3.7/site-packages/airflow/example_dags/example_latest_only.py
[2024-07-31T12:35:19.645+0000] {logging_mixin.py:120} INFO - [2024-07-31T12:35:19.645+0000] {dag.py:2585} INFO - Sync 1 DAGs
[2024-07-31T12:35:19.677+0000] {logging_mixin.py:120} INFO - [2024-07-31T12:35:19.677+0000] {dag.py:3340} INFO - Setting next_dagrun for latest_only to 2024-07-31T08:35:19.677550+00:00, run_after=2024-07-31T12:35:19.677550+00:00
[2024-07-31T12:35:19.784+0000] {processor.py:176} INFO - Processing /home/airflow/.local/lib/python3.7/site-packages/airflow/example_dags/example_latest_only.py took 0.313 seconds
[2024-07-31T12:35:50.526+0000] {processor.py:154} INFO - Started process (PID=2769) to work on /home/airflow/.local/lib/python3.7/site-packages/airflow/example_dags/example_latest_only.py
[2024-07-31T12:35:50.531+0000] {processor.py:756} INFO - Processing file /home/airflow/.local/lib/python3.7/site-packages/airflow/example_dags/example_latest_only.py for tasks to queue
[2024-07-31T12:35:50.533+0000] {logging_mixin.py:120} INFO - [2024-07-31T12:35:50.533+0000] {dagbag.py:537} INFO - Filling up the DagBag from /home/airflow/.local/lib/python3.7/site-packages/airflow/example_dags/example_latest_only.py
[2024-07-31T12:35:50.564+0000] {processor.py:766} INFO - DAG(s) dict_keys(['latest_only']) retrieved from /home/airflow/.local/lib/python3.7/site-packages/airflow/example_dags/example_latest_only.py
[2024-07-31T12:35:50.722+0000] {logging_mixin.py:120} INFO - [2024-07-31T12:35:50.721+0000] {dag.py:2585} INFO - Sync 1 DAGs
[2024-07-31T12:35:50.878+0000] {logging_mixin.py:120} INFO - [2024-07-31T12:35:50.878+0000] {dag.py:3340} INFO - Setting next_dagrun for latest_only to 2024-07-31T08:35:50.878538+00:00, run_after=2024-07-31T12:35:50.878538+00:00
[2024-07-31T12:35:50.992+0000] {processor.py:176} INFO - Processing /home/airflow/.local/lib/python3.7/site-packages/airflow/example_dags/example_latest_only.py took 0.470 seconds
[2024-07-31T12:36:21.425+0000] {processor.py:154} INFO - Started process (PID=2833) to work on /home/airflow/.local/lib/python3.7/site-packages/airflow/example_dags/example_latest_only.py
[2024-07-31T12:36:21.426+0000] {processor.py:756} INFO - Processing file /home/airflow/.local/lib/python3.7/site-packages/airflow/example_dags/example_latest_only.py for tasks to queue
[2024-07-31T12:36:21.428+0000] {logging_mixin.py:120} INFO - [2024-07-31T12:36:21.427+0000] {dagbag.py:537} INFO - Filling up the DagBag from /home/airflow/.local/lib/python3.7/site-packages/airflow/example_dags/example_latest_only.py
[2024-07-31T12:36:21.486+0000] {processor.py:766} INFO - DAG(s) dict_keys(['latest_only']) retrieved from /home/airflow/.local/lib/python3.7/site-packages/airflow/example_dags/example_latest_only.py
[2024-07-31T12:36:21.544+0000] {logging_mixin.py:120} INFO - [2024-07-31T12:36:21.544+0000] {dag.py:2585} INFO - Sync 1 DAGs
[2024-07-31T12:36:21.573+0000] {logging_mixin.py:120} INFO - [2024-07-31T12:36:21.573+0000] {dag.py:3340} INFO - Setting next_dagrun for latest_only to 2024-07-31T08:36:21.573251+00:00, run_after=2024-07-31T12:36:21.573251+00:00
[2024-07-31T12:36:21.658+0000] {processor.py:176} INFO - Processing /home/airflow/.local/lib/python3.7/site-packages/airflow/example_dags/example_latest_only.py took 0.236 seconds
