[2024-07-31T12:12:20.374+0000] {processor.py:154} INFO - Started process (PID=62) to work on /home/airflow/.local/lib/python3.7/site-packages/airflow/example_dags/example_latest_only_with_trigger.py
[2024-07-31T12:12:20.377+0000] {processor.py:756} INFO - Processing file /home/airflow/.local/lib/python3.7/site-packages/airflow/example_dags/example_latest_only_with_trigger.py for tasks to queue
[2024-07-31T12:12:20.379+0000] {logging_mixin.py:120} INFO - [2024-07-31T12:12:20.379+0000] {dagbag.py:537} INFO - Filling up the DagBag from /home/airflow/.local/lib/python3.7/site-packages/airflow/example_dags/example_latest_only_with_trigger.py
[2024-07-31T12:12:20.415+0000] {processor.py:766} INFO - DAG(s) dict_keys(['latest_only_with_trigger']) retrieved from /home/airflow/.local/lib/python3.7/site-packages/airflow/example_dags/example_latest_only_with_trigger.py
[2024-07-31T12:12:20.680+0000] {logging_mixin.py:120} INFO - [2024-07-31T12:12:20.680+0000] {manager.py:507} INFO - Created Permission View: can read on DAG:latest_only_with_trigger
[2024-07-31T12:12:20.754+0000] {logging_mixin.py:120} INFO - [2024-07-31T12:12:20.754+0000] {manager.py:507} INFO - Created Permission View: can delete on DAG:latest_only_with_trigger
[2024-07-31T12:12:20.792+0000] {logging_mixin.py:120} INFO - [2024-07-31T12:12:20.792+0000] {manager.py:507} INFO - Created Permission View: can edit on DAG:latest_only_with_trigger
[2024-07-31T12:12:20.795+0000] {logging_mixin.py:120} INFO - [2024-07-31T12:12:20.795+0000] {dag.py:2585} INFO - Sync 1 DAGs
[2024-07-31T12:12:20.835+0000] {logging_mixin.py:120} INFO - [2024-07-31T12:12:20.834+0000] {dag.py:2606} INFO - Creating ORM DAG for latest_only_with_trigger
[2024-07-31T12:12:20.894+0000] {logging_mixin.py:120} INFO - [2024-07-31T12:12:20.893+0000] {dag.py:3340} INFO - Setting next_dagrun for latest_only_with_trigger to 2024-07-31T08:12:20.893116+00:00, run_after=2024-07-31T12:12:20.893116+00:00
[2024-07-31T12:12:20.946+0000] {processor.py:176} INFO - Processing /home/airflow/.local/lib/python3.7/site-packages/airflow/example_dags/example_latest_only_with_trigger.py took 0.577 seconds
[2024-07-31T12:12:51.587+0000] {processor.py:154} INFO - Started process (PID=125) to work on /home/airflow/.local/lib/python3.7/site-packages/airflow/example_dags/example_latest_only_with_trigger.py
[2024-07-31T12:12:51.590+0000] {processor.py:756} INFO - Processing file /home/airflow/.local/lib/python3.7/site-packages/airflow/example_dags/example_latest_only_with_trigger.py for tasks to queue
[2024-07-31T12:12:51.594+0000] {logging_mixin.py:120} INFO - [2024-07-31T12:12:51.594+0000] {dagbag.py:537} INFO - Filling up the DagBag from /home/airflow/.local/lib/python3.7/site-packages/airflow/example_dags/example_latest_only_with_trigger.py
[2024-07-31T12:12:51.615+0000] {processor.py:766} INFO - DAG(s) dict_keys(['latest_only_with_trigger']) retrieved from /home/airflow/.local/lib/python3.7/site-packages/airflow/example_dags/example_latest_only_with_trigger.py
[2024-07-31T12:12:51.654+0000] {logging_mixin.py:120} INFO - [2024-07-31T12:12:51.653+0000] {dag.py:2585} INFO - Sync 1 DAGs
[2024-07-31T12:12:51.686+0000] {logging_mixin.py:120} INFO - [2024-07-31T12:12:51.686+0000] {dag.py:3340} INFO - Setting next_dagrun for latest_only_with_trigger to 2024-07-31T08:12:51.685754+00:00, run_after=2024-07-31T12:12:51.685754+00:00
[2024-07-31T12:12:51.726+0000] {processor.py:176} INFO - Processing /home/airflow/.local/lib/python3.7/site-packages/airflow/example_dags/example_latest_only_with_trigger.py took 0.144 seconds
[2024-07-31T12:13:22.373+0000] {processor.py:154} INFO - Started process (PID=180) to work on /home/airflow/.local/lib/python3.7/site-packages/airflow/example_dags/example_latest_only_with_trigger.py
[2024-07-31T12:13:22.375+0000] {processor.py:756} INFO - Processing file /home/airflow/.local/lib/python3.7/site-packages/airflow/example_dags/example_latest_only_with_trigger.py for tasks to queue
[2024-07-31T12:13:22.381+0000] {logging_mixin.py:120} INFO - [2024-07-31T12:13:22.376+0000] {dagbag.py:537} INFO - Filling up the DagBag from /home/airflow/.local/lib/python3.7/site-packages/airflow/example_dags/example_latest_only_with_trigger.py
[2024-07-31T12:13:22.421+0000] {processor.py:766} INFO - DAG(s) dict_keys(['latest_only_with_trigger']) retrieved from /home/airflow/.local/lib/python3.7/site-packages/airflow/example_dags/example_latest_only_with_trigger.py
[2024-07-31T12:13:22.544+0000] {logging_mixin.py:120} INFO - [2024-07-31T12:13:22.544+0000] {dag.py:2585} INFO - Sync 1 DAGs
[2024-07-31T12:13:22.630+0000] {logging_mixin.py:120} INFO - [2024-07-31T12:13:22.630+0000] {dag.py:3340} INFO - Setting next_dagrun for latest_only_with_trigger to 2024-07-31T08:13:22.630144+00:00, run_after=2024-07-31T12:13:22.630144+00:00
[2024-07-31T12:13:22.653+0000] {processor.py:176} INFO - Processing /home/airflow/.local/lib/python3.7/site-packages/airflow/example_dags/example_latest_only_with_trigger.py took 0.283 seconds
[2024-07-31T12:13:53.408+0000] {processor.py:154} INFO - Started process (PID=243) to work on /home/airflow/.local/lib/python3.7/site-packages/airflow/example_dags/example_latest_only_with_trigger.py
[2024-07-31T12:13:53.411+0000] {processor.py:756} INFO - Processing file /home/airflow/.local/lib/python3.7/site-packages/airflow/example_dags/example_latest_only_with_trigger.py for tasks to queue
[2024-07-31T12:13:53.417+0000] {logging_mixin.py:120} INFO - [2024-07-31T12:13:53.417+0000] {dagbag.py:537} INFO - Filling up the DagBag from /home/airflow/.local/lib/python3.7/site-packages/airflow/example_dags/example_latest_only_with_trigger.py
[2024-07-31T12:13:53.469+0000] {processor.py:766} INFO - DAG(s) dict_keys(['latest_only_with_trigger']) retrieved from /home/airflow/.local/lib/python3.7/site-packages/airflow/example_dags/example_latest_only_with_trigger.py
[2024-07-31T12:13:53.561+0000] {logging_mixin.py:120} INFO - [2024-07-31T12:13:53.561+0000] {dag.py:2585} INFO - Sync 1 DAGs
[2024-07-31T12:13:53.600+0000] {logging_mixin.py:120} INFO - [2024-07-31T12:13:53.600+0000] {dag.py:3340} INFO - Setting next_dagrun for latest_only_with_trigger to 2024-07-31T08:13:53.600345+00:00, run_after=2024-07-31T12:13:53.600345+00:00
[2024-07-31T12:13:53.667+0000] {processor.py:176} INFO - Processing /home/airflow/.local/lib/python3.7/site-packages/airflow/example_dags/example_latest_only_with_trigger.py took 0.264 seconds
[2024-07-31T12:14:23.926+0000] {processor.py:154} INFO - Started process (PID=307) to work on /home/airflow/.local/lib/python3.7/site-packages/airflow/example_dags/example_latest_only_with_trigger.py
[2024-07-31T12:14:23.928+0000] {processor.py:756} INFO - Processing file /home/airflow/.local/lib/python3.7/site-packages/airflow/example_dags/example_latest_only_with_trigger.py for tasks to queue
[2024-07-31T12:14:23.929+0000] {logging_mixin.py:120} INFO - [2024-07-31T12:14:23.929+0000] {dagbag.py:537} INFO - Filling up the DagBag from /home/airflow/.local/lib/python3.7/site-packages/airflow/example_dags/example_latest_only_with_trigger.py
[2024-07-31T12:14:23.958+0000] {processor.py:766} INFO - DAG(s) dict_keys(['latest_only_with_trigger']) retrieved from /home/airflow/.local/lib/python3.7/site-packages/airflow/example_dags/example_latest_only_with_trigger.py
[2024-07-31T12:14:24.014+0000] {logging_mixin.py:120} INFO - [2024-07-31T12:14:24.013+0000] {dag.py:2585} INFO - Sync 1 DAGs
[2024-07-31T12:14:24.121+0000] {logging_mixin.py:120} INFO - [2024-07-31T12:14:24.121+0000] {dag.py:3340} INFO - Setting next_dagrun for latest_only_with_trigger to 2024-07-31T08:14:24.121049+00:00, run_after=2024-07-31T12:14:24.121049+00:00
[2024-07-31T12:14:24.340+0000] {processor.py:176} INFO - Processing /home/airflow/.local/lib/python3.7/site-packages/airflow/example_dags/example_latest_only_with_trigger.py took 0.418 seconds
[2024-07-31T12:14:54.829+0000] {processor.py:154} INFO - Started process (PID=362) to work on /home/airflow/.local/lib/python3.7/site-packages/airflow/example_dags/example_latest_only_with_trigger.py
[2024-07-31T12:14:54.831+0000] {processor.py:756} INFO - Processing file /home/airflow/.local/lib/python3.7/site-packages/airflow/example_dags/example_latest_only_with_trigger.py for tasks to queue
[2024-07-31T12:14:54.833+0000] {logging_mixin.py:120} INFO - [2024-07-31T12:14:54.833+0000] {dagbag.py:537} INFO - Filling up the DagBag from /home/airflow/.local/lib/python3.7/site-packages/airflow/example_dags/example_latest_only_with_trigger.py
[2024-07-31T12:14:54.857+0000] {processor.py:766} INFO - DAG(s) dict_keys(['latest_only_with_trigger']) retrieved from /home/airflow/.local/lib/python3.7/site-packages/airflow/example_dags/example_latest_only_with_trigger.py
[2024-07-31T12:14:54.921+0000] {logging_mixin.py:120} INFO - [2024-07-31T12:14:54.921+0000] {dag.py:2585} INFO - Sync 1 DAGs
[2024-07-31T12:14:54.960+0000] {logging_mixin.py:120} INFO - [2024-07-31T12:14:54.960+0000] {dag.py:3340} INFO - Setting next_dagrun for latest_only_with_trigger to 2024-07-31T08:14:54.959696+00:00, run_after=2024-07-31T12:14:54.959696+00:00
[2024-07-31T12:14:55.000+0000] {processor.py:176} INFO - Processing /home/airflow/.local/lib/python3.7/site-packages/airflow/example_dags/example_latest_only_with_trigger.py took 0.175 seconds
[2024-07-31T12:15:25.801+0000] {processor.py:154} INFO - Started process (PID=425) to work on /home/airflow/.local/lib/python3.7/site-packages/airflow/example_dags/example_latest_only_with_trigger.py
[2024-07-31T12:15:25.825+0000] {processor.py:756} INFO - Processing file /home/airflow/.local/lib/python3.7/site-packages/airflow/example_dags/example_latest_only_with_trigger.py for tasks to queue
[2024-07-31T12:15:25.914+0000] {logging_mixin.py:120} INFO - [2024-07-31T12:15:25.913+0000] {dagbag.py:537} INFO - Filling up the DagBag from /home/airflow/.local/lib/python3.7/site-packages/airflow/example_dags/example_latest_only_with_trigger.py
[2024-07-31T12:15:26.025+0000] {processor.py:766} INFO - DAG(s) dict_keys(['latest_only_with_trigger']) retrieved from /home/airflow/.local/lib/python3.7/site-packages/airflow/example_dags/example_latest_only_with_trigger.py
[2024-07-31T12:15:26.292+0000] {logging_mixin.py:120} INFO - [2024-07-31T12:15:26.292+0000] {dag.py:2585} INFO - Sync 1 DAGs
[2024-07-31T12:15:26.437+0000] {logging_mixin.py:120} INFO - [2024-07-31T12:15:26.436+0000] {dag.py:3340} INFO - Setting next_dagrun for latest_only_with_trigger to 2024-07-31T08:15:26.436467+00:00, run_after=2024-07-31T12:15:26.436467+00:00
[2024-07-31T12:15:26.494+0000] {processor.py:176} INFO - Processing /home/airflow/.local/lib/python3.7/site-packages/airflow/example_dags/example_latest_only_with_trigger.py took 0.696 seconds
[2024-07-31T12:15:56.579+0000] {processor.py:154} INFO - Started process (PID=479) to work on /home/airflow/.local/lib/python3.7/site-packages/airflow/example_dags/example_latest_only_with_trigger.py
[2024-07-31T12:15:56.581+0000] {processor.py:756} INFO - Processing file /home/airflow/.local/lib/python3.7/site-packages/airflow/example_dags/example_latest_only_with_trigger.py for tasks to queue
[2024-07-31T12:15:56.582+0000] {logging_mixin.py:120} INFO - [2024-07-31T12:15:56.582+0000] {dagbag.py:537} INFO - Filling up the DagBag from /home/airflow/.local/lib/python3.7/site-packages/airflow/example_dags/example_latest_only_with_trigger.py
[2024-07-31T12:15:56.601+0000] {processor.py:766} INFO - DAG(s) dict_keys(['latest_only_with_trigger']) retrieved from /home/airflow/.local/lib/python3.7/site-packages/airflow/example_dags/example_latest_only_with_trigger.py
[2024-07-31T12:15:56.648+0000] {logging_mixin.py:120} INFO - [2024-07-31T12:15:56.647+0000] {dag.py:2585} INFO - Sync 1 DAGs
[2024-07-31T12:15:56.677+0000] {logging_mixin.py:120} INFO - [2024-07-31T12:15:56.677+0000] {dag.py:3340} INFO - Setting next_dagrun for latest_only_with_trigger to 2024-07-31T08:15:56.677230+00:00, run_after=2024-07-31T12:15:56.677230+00:00
[2024-07-31T12:15:56.705+0000] {processor.py:176} INFO - Processing /home/airflow/.local/lib/python3.7/site-packages/airflow/example_dags/example_latest_only_with_trigger.py took 0.131 seconds
[2024-07-31T12:16:26.961+0000] {processor.py:154} INFO - Started process (PID=542) to work on /home/airflow/.local/lib/python3.7/site-packages/airflow/example_dags/example_latest_only_with_trigger.py
[2024-07-31T12:16:26.980+0000] {processor.py:756} INFO - Processing file /home/airflow/.local/lib/python3.7/site-packages/airflow/example_dags/example_latest_only_with_trigger.py for tasks to queue
[2024-07-31T12:16:26.982+0000] {logging_mixin.py:120} INFO - [2024-07-31T12:16:26.981+0000] {dagbag.py:537} INFO - Filling up the DagBag from /home/airflow/.local/lib/python3.7/site-packages/airflow/example_dags/example_latest_only_with_trigger.py
[2024-07-31T12:16:27.002+0000] {processor.py:766} INFO - DAG(s) dict_keys(['latest_only_with_trigger']) retrieved from /home/airflow/.local/lib/python3.7/site-packages/airflow/example_dags/example_latest_only_with_trigger.py
[2024-07-31T12:16:27.049+0000] {logging_mixin.py:120} INFO - [2024-07-31T12:16:27.049+0000] {dag.py:2585} INFO - Sync 1 DAGs
[2024-07-31T12:16:27.080+0000] {logging_mixin.py:120} INFO - [2024-07-31T12:16:27.080+0000] {dag.py:3340} INFO - Setting next_dagrun for latest_only_with_trigger to 2024-07-31T08:16:27.080099+00:00, run_after=2024-07-31T12:16:27.080099+00:00
[2024-07-31T12:16:27.150+0000] {processor.py:176} INFO - Processing /home/airflow/.local/lib/python3.7/site-packages/airflow/example_dags/example_latest_only_with_trigger.py took 0.193 seconds
[2024-07-31T12:16:59.325+0000] {processor.py:154} INFO - Started process (PID=606) to work on /home/airflow/.local/lib/python3.7/site-packages/airflow/example_dags/example_latest_only_with_trigger.py
[2024-07-31T12:16:59.332+0000] {processor.py:756} INFO - Processing file /home/airflow/.local/lib/python3.7/site-packages/airflow/example_dags/example_latest_only_with_trigger.py for tasks to queue
[2024-07-31T12:16:59.334+0000] {logging_mixin.py:120} INFO - [2024-07-31T12:16:59.334+0000] {dagbag.py:537} INFO - Filling up the DagBag from /home/airflow/.local/lib/python3.7/site-packages/airflow/example_dags/example_latest_only_with_trigger.py
[2024-07-31T12:16:59.354+0000] {processor.py:766} INFO - DAG(s) dict_keys(['latest_only_with_trigger']) retrieved from /home/airflow/.local/lib/python3.7/site-packages/airflow/example_dags/example_latest_only_with_trigger.py
[2024-07-31T12:16:59.463+0000] {logging_mixin.py:120} INFO - [2024-07-31T12:16:59.462+0000] {dag.py:2585} INFO - Sync 1 DAGs
[2024-07-31T12:16:59.524+0000] {logging_mixin.py:120} INFO - [2024-07-31T12:16:59.524+0000] {dag.py:3340} INFO - Setting next_dagrun for latest_only_with_trigger to 2024-07-31T08:16:59.524176+00:00, run_after=2024-07-31T12:16:59.524176+00:00
[2024-07-31T12:16:59.573+0000] {processor.py:176} INFO - Processing /home/airflow/.local/lib/python3.7/site-packages/airflow/example_dags/example_latest_only_with_trigger.py took 0.252 seconds
[2024-07-31T12:17:29.918+0000] {processor.py:154} INFO - Started process (PID=659) to work on /home/airflow/.local/lib/python3.7/site-packages/airflow/example_dags/example_latest_only_with_trigger.py
[2024-07-31T12:17:29.920+0000] {processor.py:756} INFO - Processing file /home/airflow/.local/lib/python3.7/site-packages/airflow/example_dags/example_latest_only_with_trigger.py for tasks to queue
[2024-07-31T12:17:29.921+0000] {logging_mixin.py:120} INFO - [2024-07-31T12:17:29.921+0000] {dagbag.py:537} INFO - Filling up the DagBag from /home/airflow/.local/lib/python3.7/site-packages/airflow/example_dags/example_latest_only_with_trigger.py
[2024-07-31T12:17:29.941+0000] {processor.py:766} INFO - DAG(s) dict_keys(['latest_only_with_trigger']) retrieved from /home/airflow/.local/lib/python3.7/site-packages/airflow/example_dags/example_latest_only_with_trigger.py
[2024-07-31T12:17:29.994+0000] {logging_mixin.py:120} INFO - [2024-07-31T12:17:29.994+0000] {dag.py:2585} INFO - Sync 1 DAGs
[2024-07-31T12:17:30.024+0000] {logging_mixin.py:120} INFO - [2024-07-31T12:17:30.024+0000] {dag.py:3340} INFO - Setting next_dagrun for latest_only_with_trigger to 2024-07-31T08:17:30.024529+00:00, run_after=2024-07-31T12:17:30.024529+00:00
[2024-07-31T12:17:30.055+0000] {processor.py:176} INFO - Processing /home/airflow/.local/lib/python3.7/site-packages/airflow/example_dags/example_latest_only_with_trigger.py took 0.141 seconds
[2024-07-31T12:18:00.568+0000] {processor.py:154} INFO - Started process (PID=722) to work on /home/airflow/.local/lib/python3.7/site-packages/airflow/example_dags/example_latest_only_with_trigger.py
[2024-07-31T12:18:00.570+0000] {processor.py:756} INFO - Processing file /home/airflow/.local/lib/python3.7/site-packages/airflow/example_dags/example_latest_only_with_trigger.py for tasks to queue
[2024-07-31T12:18:00.572+0000] {logging_mixin.py:120} INFO - [2024-07-31T12:18:00.571+0000] {dagbag.py:537} INFO - Filling up the DagBag from /home/airflow/.local/lib/python3.7/site-packages/airflow/example_dags/example_latest_only_with_trigger.py
[2024-07-31T12:18:00.601+0000] {processor.py:766} INFO - DAG(s) dict_keys(['latest_only_with_trigger']) retrieved from /home/airflow/.local/lib/python3.7/site-packages/airflow/example_dags/example_latest_only_with_trigger.py
[2024-07-31T12:18:00.662+0000] {logging_mixin.py:120} INFO - [2024-07-31T12:18:00.662+0000] {dag.py:2585} INFO - Sync 1 DAGs
[2024-07-31T12:18:00.698+0000] {logging_mixin.py:120} INFO - [2024-07-31T12:18:00.698+0000] {dag.py:3340} INFO - Setting next_dagrun for latest_only_with_trigger to 2024-07-31T08:18:00.697511+00:00, run_after=2024-07-31T12:18:00.697511+00:00
[2024-07-31T12:18:00.727+0000] {processor.py:176} INFO - Processing /home/airflow/.local/lib/python3.7/site-packages/airflow/example_dags/example_latest_only_with_trigger.py took 0.165 seconds
[2024-07-31T12:18:32.471+0000] {processor.py:154} INFO - Started process (PID=775) to work on /home/airflow/.local/lib/python3.7/site-packages/airflow/example_dags/example_latest_only_with_trigger.py
[2024-07-31T12:18:32.473+0000] {processor.py:756} INFO - Processing file /home/airflow/.local/lib/python3.7/site-packages/airflow/example_dags/example_latest_only_with_trigger.py for tasks to queue
[2024-07-31T12:18:32.474+0000] {logging_mixin.py:120} INFO - [2024-07-31T12:18:32.474+0000] {dagbag.py:537} INFO - Filling up the DagBag from /home/airflow/.local/lib/python3.7/site-packages/airflow/example_dags/example_latest_only_with_trigger.py
[2024-07-31T12:18:32.498+0000] {processor.py:766} INFO - DAG(s) dict_keys(['latest_only_with_trigger']) retrieved from /home/airflow/.local/lib/python3.7/site-packages/airflow/example_dags/example_latest_only_with_trigger.py
[2024-07-31T12:18:32.622+0000] {logging_mixin.py:120} INFO - [2024-07-31T12:18:32.622+0000] {dag.py:2585} INFO - Sync 1 DAGs
[2024-07-31T12:18:32.708+0000] {logging_mixin.py:120} INFO - [2024-07-31T12:18:32.708+0000] {dag.py:3340} INFO - Setting next_dagrun for latest_only_with_trigger to 2024-07-31T08:18:32.708003+00:00, run_after=2024-07-31T12:18:32.708003+00:00
[2024-07-31T12:18:32.795+0000] {processor.py:176} INFO - Processing /home/airflow/.local/lib/python3.7/site-packages/airflow/example_dags/example_latest_only_with_trigger.py took 0.339 seconds
[2024-07-31T12:19:03.423+0000] {processor.py:154} INFO - Started process (PID=838) to work on /home/airflow/.local/lib/python3.7/site-packages/airflow/example_dags/example_latest_only_with_trigger.py
[2024-07-31T12:19:03.425+0000] {processor.py:756} INFO - Processing file /home/airflow/.local/lib/python3.7/site-packages/airflow/example_dags/example_latest_only_with_trigger.py for tasks to queue
[2024-07-31T12:19:03.427+0000] {logging_mixin.py:120} INFO - [2024-07-31T12:19:03.427+0000] {dagbag.py:537} INFO - Filling up the DagBag from /home/airflow/.local/lib/python3.7/site-packages/airflow/example_dags/example_latest_only_with_trigger.py
[2024-07-31T12:19:03.451+0000] {processor.py:766} INFO - DAG(s) dict_keys(['latest_only_with_trigger']) retrieved from /home/airflow/.local/lib/python3.7/site-packages/airflow/example_dags/example_latest_only_with_trigger.py
[2024-07-31T12:19:03.533+0000] {logging_mixin.py:120} INFO - [2024-07-31T12:19:03.533+0000] {dag.py:2585} INFO - Sync 1 DAGs
[2024-07-31T12:19:03.598+0000] {logging_mixin.py:120} INFO - [2024-07-31T12:19:03.598+0000] {dag.py:3340} INFO - Setting next_dagrun for latest_only_with_trigger to 2024-07-31T08:19:03.597787+00:00, run_after=2024-07-31T12:19:03.597787+00:00
[2024-07-31T12:19:03.651+0000] {processor.py:176} INFO - Processing /home/airflow/.local/lib/python3.7/site-packages/airflow/example_dags/example_latest_only_with_trigger.py took 0.231 seconds
[2024-07-31T12:19:33.972+0000] {processor.py:154} INFO - Started process (PID=901) to work on /home/airflow/.local/lib/python3.7/site-packages/airflow/example_dags/example_latest_only_with_trigger.py
[2024-07-31T12:19:33.973+0000] {processor.py:756} INFO - Processing file /home/airflow/.local/lib/python3.7/site-packages/airflow/example_dags/example_latest_only_with_trigger.py for tasks to queue
[2024-07-31T12:19:33.975+0000] {logging_mixin.py:120} INFO - [2024-07-31T12:19:33.975+0000] {dagbag.py:537} INFO - Filling up the DagBag from /home/airflow/.local/lib/python3.7/site-packages/airflow/example_dags/example_latest_only_with_trigger.py
[2024-07-31T12:19:33.995+0000] {processor.py:766} INFO - DAG(s) dict_keys(['latest_only_with_trigger']) retrieved from /home/airflow/.local/lib/python3.7/site-packages/airflow/example_dags/example_latest_only_with_trigger.py
[2024-07-31T12:19:34.099+0000] {logging_mixin.py:120} INFO - [2024-07-31T12:19:34.098+0000] {dag.py:2585} INFO - Sync 1 DAGs
[2024-07-31T12:19:34.170+0000] {logging_mixin.py:120} INFO - [2024-07-31T12:19:34.169+0000] {dag.py:3340} INFO - Setting next_dagrun for latest_only_with_trigger to 2024-07-31T08:19:34.168749+00:00, run_after=2024-07-31T12:19:34.168749+00:00
[2024-07-31T12:19:34.244+0000] {processor.py:176} INFO - Processing /home/airflow/.local/lib/python3.7/site-packages/airflow/example_dags/example_latest_only_with_trigger.py took 0.277 seconds
[2024-07-31T12:20:04.320+0000] {processor.py:154} INFO - Started process (PID=953) to work on /home/airflow/.local/lib/python3.7/site-packages/airflow/example_dags/example_latest_only_with_trigger.py
[2024-07-31T12:20:04.322+0000] {processor.py:756} INFO - Processing file /home/airflow/.local/lib/python3.7/site-packages/airflow/example_dags/example_latest_only_with_trigger.py for tasks to queue
[2024-07-31T12:20:04.323+0000] {logging_mixin.py:120} INFO - [2024-07-31T12:20:04.322+0000] {dagbag.py:537} INFO - Filling up the DagBag from /home/airflow/.local/lib/python3.7/site-packages/airflow/example_dags/example_latest_only_with_trigger.py
[2024-07-31T12:20:04.338+0000] {processor.py:766} INFO - DAG(s) dict_keys(['latest_only_with_trigger']) retrieved from /home/airflow/.local/lib/python3.7/site-packages/airflow/example_dags/example_latest_only_with_trigger.py
[2024-07-31T12:20:04.384+0000] {logging_mixin.py:120} INFO - [2024-07-31T12:20:04.384+0000] {dag.py:2585} INFO - Sync 1 DAGs
[2024-07-31T12:20:04.414+0000] {logging_mixin.py:120} INFO - [2024-07-31T12:20:04.414+0000] {dag.py:3340} INFO - Setting next_dagrun for latest_only_with_trigger to 2024-07-31T08:20:04.413713+00:00, run_after=2024-07-31T12:20:04.413713+00:00
[2024-07-31T12:20:04.445+0000] {processor.py:176} INFO - Processing /home/airflow/.local/lib/python3.7/site-packages/airflow/example_dags/example_latest_only_with_trigger.py took 0.129 seconds
[2024-07-31T12:20:34.844+0000] {processor.py:154} INFO - Started process (PID=1016) to work on /home/airflow/.local/lib/python3.7/site-packages/airflow/example_dags/example_latest_only_with_trigger.py
[2024-07-31T12:20:34.846+0000] {processor.py:756} INFO - Processing file /home/airflow/.local/lib/python3.7/site-packages/airflow/example_dags/example_latest_only_with_trigger.py for tasks to queue
[2024-07-31T12:20:34.849+0000] {logging_mixin.py:120} INFO - [2024-07-31T12:20:34.849+0000] {dagbag.py:537} INFO - Filling up the DagBag from /home/airflow/.local/lib/python3.7/site-packages/airflow/example_dags/example_latest_only_with_trigger.py
[2024-07-31T12:20:34.863+0000] {processor.py:766} INFO - DAG(s) dict_keys(['latest_only_with_trigger']) retrieved from /home/airflow/.local/lib/python3.7/site-packages/airflow/example_dags/example_latest_only_with_trigger.py
[2024-07-31T12:20:34.943+0000] {logging_mixin.py:120} INFO - [2024-07-31T12:20:34.943+0000] {dag.py:2585} INFO - Sync 1 DAGs
[2024-07-31T12:20:35.083+0000] {logging_mixin.py:120} INFO - [2024-07-31T12:20:35.083+0000] {dag.py:3340} INFO - Setting next_dagrun for latest_only_with_trigger to 2024-07-31T08:20:35.083370+00:00, run_after=2024-07-31T12:20:35.083370+00:00
[2024-07-31T12:20:35.205+0000] {processor.py:176} INFO - Processing /home/airflow/.local/lib/python3.7/site-packages/airflow/example_dags/example_latest_only_with_trigger.py took 0.365 seconds
[2024-07-31T12:21:07.056+0000] {processor.py:154} INFO - Started process (PID=1070) to work on /home/airflow/.local/lib/python3.7/site-packages/airflow/example_dags/example_latest_only_with_trigger.py
[2024-07-31T12:21:07.103+0000] {processor.py:756} INFO - Processing file /home/airflow/.local/lib/python3.7/site-packages/airflow/example_dags/example_latest_only_with_trigger.py for tasks to queue
[2024-07-31T12:21:07.168+0000] {logging_mixin.py:120} INFO - [2024-07-31T12:21:07.167+0000] {dagbag.py:537} INFO - Filling up the DagBag from /home/airflow/.local/lib/python3.7/site-packages/airflow/example_dags/example_latest_only_with_trigger.py
[2024-07-31T12:21:07.252+0000] {processor.py:766} INFO - DAG(s) dict_keys(['latest_only_with_trigger']) retrieved from /home/airflow/.local/lib/python3.7/site-packages/airflow/example_dags/example_latest_only_with_trigger.py
[2024-07-31T12:21:07.364+0000] {logging_mixin.py:120} INFO - [2024-07-31T12:21:07.364+0000] {dag.py:2585} INFO - Sync 1 DAGs
[2024-07-31T12:21:07.418+0000] {logging_mixin.py:120} INFO - [2024-07-31T12:21:07.418+0000] {dag.py:3340} INFO - Setting next_dagrun for latest_only_with_trigger to 2024-07-31T08:21:07.417890+00:00, run_after=2024-07-31T12:21:07.417890+00:00
[2024-07-31T12:21:07.454+0000] {processor.py:176} INFO - Processing /home/airflow/.local/lib/python3.7/site-packages/airflow/example_dags/example_latest_only_with_trigger.py took 0.404 seconds
[2024-07-31T12:21:38.134+0000] {processor.py:154} INFO - Started process (PID=1133) to work on /home/airflow/.local/lib/python3.7/site-packages/airflow/example_dags/example_latest_only_with_trigger.py
[2024-07-31T12:21:38.135+0000] {processor.py:756} INFO - Processing file /home/airflow/.local/lib/python3.7/site-packages/airflow/example_dags/example_latest_only_with_trigger.py for tasks to queue
[2024-07-31T12:21:38.136+0000] {logging_mixin.py:120} INFO - [2024-07-31T12:21:38.136+0000] {dagbag.py:537} INFO - Filling up the DagBag from /home/airflow/.local/lib/python3.7/site-packages/airflow/example_dags/example_latest_only_with_trigger.py
[2024-07-31T12:21:38.154+0000] {processor.py:766} INFO - DAG(s) dict_keys(['latest_only_with_trigger']) retrieved from /home/airflow/.local/lib/python3.7/site-packages/airflow/example_dags/example_latest_only_with_trigger.py
[2024-07-31T12:21:38.202+0000] {logging_mixin.py:120} INFO - [2024-07-31T12:21:38.201+0000] {dag.py:2585} INFO - Sync 1 DAGs
[2024-07-31T12:21:38.236+0000] {logging_mixin.py:120} INFO - [2024-07-31T12:21:38.236+0000] {dag.py:3340} INFO - Setting next_dagrun for latest_only_with_trigger to 2024-07-31T08:21:38.236429+00:00, run_after=2024-07-31T12:21:38.236429+00:00
[2024-07-31T12:21:38.276+0000] {processor.py:176} INFO - Processing /home/airflow/.local/lib/python3.7/site-packages/airflow/example_dags/example_latest_only_with_trigger.py took 0.146 seconds
[2024-07-31T12:22:08.460+0000] {processor.py:154} INFO - Started process (PID=1196) to work on /home/airflow/.local/lib/python3.7/site-packages/airflow/example_dags/example_latest_only_with_trigger.py
[2024-07-31T12:22:08.462+0000] {processor.py:756} INFO - Processing file /home/airflow/.local/lib/python3.7/site-packages/airflow/example_dags/example_latest_only_with_trigger.py for tasks to queue
[2024-07-31T12:22:08.463+0000] {logging_mixin.py:120} INFO - [2024-07-31T12:22:08.463+0000] {dagbag.py:537} INFO - Filling up the DagBag from /home/airflow/.local/lib/python3.7/site-packages/airflow/example_dags/example_latest_only_with_trigger.py
[2024-07-31T12:22:08.487+0000] {processor.py:766} INFO - DAG(s) dict_keys(['latest_only_with_trigger']) retrieved from /home/airflow/.local/lib/python3.7/site-packages/airflow/example_dags/example_latest_only_with_trigger.py
[2024-07-31T12:22:08.551+0000] {logging_mixin.py:120} INFO - [2024-07-31T12:22:08.551+0000] {dag.py:2585} INFO - Sync 1 DAGs
[2024-07-31T12:22:08.581+0000] {logging_mixin.py:120} INFO - [2024-07-31T12:22:08.580+0000] {dag.py:3340} INFO - Setting next_dagrun for latest_only_with_trigger to 2024-07-31T08:22:08.580501+00:00, run_after=2024-07-31T12:22:08.580501+00:00
[2024-07-31T12:22:08.618+0000] {processor.py:176} INFO - Processing /home/airflow/.local/lib/python3.7/site-packages/airflow/example_dags/example_latest_only_with_trigger.py took 0.162 seconds
[2024-07-31T12:22:39.119+0000] {processor.py:154} INFO - Started process (PID=1250) to work on /home/airflow/.local/lib/python3.7/site-packages/airflow/example_dags/example_latest_only_with_trigger.py
[2024-07-31T12:22:39.121+0000] {processor.py:756} INFO - Processing file /home/airflow/.local/lib/python3.7/site-packages/airflow/example_dags/example_latest_only_with_trigger.py for tasks to queue
[2024-07-31T12:22:39.125+0000] {logging_mixin.py:120} INFO - [2024-07-31T12:22:39.124+0000] {dagbag.py:537} INFO - Filling up the DagBag from /home/airflow/.local/lib/python3.7/site-packages/airflow/example_dags/example_latest_only_with_trigger.py
[2024-07-31T12:22:39.162+0000] {processor.py:766} INFO - DAG(s) dict_keys(['latest_only_with_trigger']) retrieved from /home/airflow/.local/lib/python3.7/site-packages/airflow/example_dags/example_latest_only_with_trigger.py
[2024-07-31T12:22:39.271+0000] {logging_mixin.py:120} INFO - [2024-07-31T12:22:39.270+0000] {dag.py:2585} INFO - Sync 1 DAGs
[2024-07-31T12:22:39.345+0000] {logging_mixin.py:120} INFO - [2024-07-31T12:22:39.345+0000] {dag.py:3340} INFO - Setting next_dagrun for latest_only_with_trigger to 2024-07-31T08:22:39.344812+00:00, run_after=2024-07-31T12:22:39.344812+00:00
[2024-07-31T12:22:39.412+0000] {processor.py:176} INFO - Processing /home/airflow/.local/lib/python3.7/site-packages/airflow/example_dags/example_latest_only_with_trigger.py took 0.300 seconds
[2024-07-31T12:23:09.938+0000] {processor.py:154} INFO - Started process (PID=1314) to work on /home/airflow/.local/lib/python3.7/site-packages/airflow/example_dags/example_latest_only_with_trigger.py
[2024-07-31T12:23:09.940+0000] {processor.py:756} INFO - Processing file /home/airflow/.local/lib/python3.7/site-packages/airflow/example_dags/example_latest_only_with_trigger.py for tasks to queue
[2024-07-31T12:23:09.942+0000] {logging_mixin.py:120} INFO - [2024-07-31T12:23:09.941+0000] {dagbag.py:537} INFO - Filling up the DagBag from /home/airflow/.local/lib/python3.7/site-packages/airflow/example_dags/example_latest_only_with_trigger.py
[2024-07-31T12:23:09.964+0000] {processor.py:766} INFO - DAG(s) dict_keys(['latest_only_with_trigger']) retrieved from /home/airflow/.local/lib/python3.7/site-packages/airflow/example_dags/example_latest_only_with_trigger.py
[2024-07-31T12:23:10.032+0000] {logging_mixin.py:120} INFO - [2024-07-31T12:23:10.032+0000] {dag.py:2585} INFO - Sync 1 DAGs
[2024-07-31T12:23:10.068+0000] {logging_mixin.py:120} INFO - [2024-07-31T12:23:10.068+0000] {dag.py:3340} INFO - Setting next_dagrun for latest_only_with_trigger to 2024-07-31T08:23:10.068370+00:00, run_after=2024-07-31T12:23:10.068370+00:00
[2024-07-31T12:23:10.099+0000] {processor.py:176} INFO - Processing /home/airflow/.local/lib/python3.7/site-packages/airflow/example_dags/example_latest_only_with_trigger.py took 0.165 seconds
[2024-07-31T12:23:40.337+0000] {processor.py:154} INFO - Started process (PID=1368) to work on /home/airflow/.local/lib/python3.7/site-packages/airflow/example_dags/example_latest_only_with_trigger.py
[2024-07-31T12:23:40.341+0000] {processor.py:756} INFO - Processing file /home/airflow/.local/lib/python3.7/site-packages/airflow/example_dags/example_latest_only_with_trigger.py for tasks to queue
[2024-07-31T12:23:40.343+0000] {logging_mixin.py:120} INFO - [2024-07-31T12:23:40.343+0000] {dagbag.py:537} INFO - Filling up the DagBag from /home/airflow/.local/lib/python3.7/site-packages/airflow/example_dags/example_latest_only_with_trigger.py
[2024-07-31T12:23:40.360+0000] {processor.py:766} INFO - DAG(s) dict_keys(['latest_only_with_trigger']) retrieved from /home/airflow/.local/lib/python3.7/site-packages/airflow/example_dags/example_latest_only_with_trigger.py
[2024-07-31T12:23:40.406+0000] {logging_mixin.py:120} INFO - [2024-07-31T12:23:40.406+0000] {dag.py:2585} INFO - Sync 1 DAGs
[2024-07-31T12:23:40.434+0000] {logging_mixin.py:120} INFO - [2024-07-31T12:23:40.434+0000] {dag.py:3340} INFO - Setting next_dagrun for latest_only_with_trigger to 2024-07-31T08:23:40.434363+00:00, run_after=2024-07-31T12:23:40.434363+00:00
[2024-07-31T12:23:40.481+0000] {processor.py:176} INFO - Processing /home/airflow/.local/lib/python3.7/site-packages/airflow/example_dags/example_latest_only_with_trigger.py took 0.148 seconds
[2024-07-31T12:24:15.757+0000] {processor.py:154} INFO - Started process (PID=1432) to work on /home/airflow/.local/lib/python3.7/site-packages/airflow/example_dags/example_latest_only_with_trigger.py
[2024-07-31T12:24:15.759+0000] {processor.py:756} INFO - Processing file /home/airflow/.local/lib/python3.7/site-packages/airflow/example_dags/example_latest_only_with_trigger.py for tasks to queue
[2024-07-31T12:24:15.760+0000] {logging_mixin.py:120} INFO - [2024-07-31T12:24:15.760+0000] {dagbag.py:537} INFO - Filling up the DagBag from /home/airflow/.local/lib/python3.7/site-packages/airflow/example_dags/example_latest_only_with_trigger.py
[2024-07-31T12:24:15.784+0000] {processor.py:766} INFO - DAG(s) dict_keys(['latest_only_with_trigger']) retrieved from /home/airflow/.local/lib/python3.7/site-packages/airflow/example_dags/example_latest_only_with_trigger.py
[2024-07-31T12:24:15.931+0000] {logging_mixin.py:120} INFO - [2024-07-31T12:24:15.930+0000] {dag.py:2585} INFO - Sync 1 DAGs
[2024-07-31T12:24:16.021+0000] {logging_mixin.py:120} INFO - [2024-07-31T12:24:16.021+0000] {dag.py:3340} INFO - Setting next_dagrun for latest_only_with_trigger to 2024-07-31T08:24:16.020906+00:00, run_after=2024-07-31T12:24:16.020906+00:00
[2024-07-31T12:24:16.121+0000] {processor.py:176} INFO - Processing /home/airflow/.local/lib/python3.7/site-packages/airflow/example_dags/example_latest_only_with_trigger.py took 0.368 seconds
[2024-07-31T12:24:46.732+0000] {processor.py:154} INFO - Started process (PID=1494) to work on /home/airflow/.local/lib/python3.7/site-packages/airflow/example_dags/example_latest_only_with_trigger.py
[2024-07-31T12:24:46.733+0000] {processor.py:756} INFO - Processing file /home/airflow/.local/lib/python3.7/site-packages/airflow/example_dags/example_latest_only_with_trigger.py for tasks to queue
[2024-07-31T12:24:46.735+0000] {logging_mixin.py:120} INFO - [2024-07-31T12:24:46.735+0000] {dagbag.py:537} INFO - Filling up the DagBag from /home/airflow/.local/lib/python3.7/site-packages/airflow/example_dags/example_latest_only_with_trigger.py
[2024-07-31T12:24:46.755+0000] {processor.py:766} INFO - DAG(s) dict_keys(['latest_only_with_trigger']) retrieved from /home/airflow/.local/lib/python3.7/site-packages/airflow/example_dags/example_latest_only_with_trigger.py
[2024-07-31T12:24:46.839+0000] {logging_mixin.py:120} INFO - [2024-07-31T12:24:46.839+0000] {dag.py:2585} INFO - Sync 1 DAGs
[2024-07-31T12:24:46.873+0000] {logging_mixin.py:120} INFO - [2024-07-31T12:24:46.873+0000] {dag.py:3340} INFO - Setting next_dagrun for latest_only_with_trigger to 2024-07-31T08:24:46.873566+00:00, run_after=2024-07-31T12:24:46.873566+00:00
[2024-07-31T12:24:46.904+0000] {processor.py:176} INFO - Processing /home/airflow/.local/lib/python3.7/site-packages/airflow/example_dags/example_latest_only_with_trigger.py took 0.179 seconds
[2024-07-31T12:25:17.656+0000] {processor.py:154} INFO - Started process (PID=1547) to work on /home/airflow/.local/lib/python3.7/site-packages/airflow/example_dags/example_latest_only_with_trigger.py
[2024-07-31T12:25:17.659+0000] {processor.py:756} INFO - Processing file /home/airflow/.local/lib/python3.7/site-packages/airflow/example_dags/example_latest_only_with_trigger.py for tasks to queue
[2024-07-31T12:25:17.662+0000] {logging_mixin.py:120} INFO - [2024-07-31T12:25:17.662+0000] {dagbag.py:537} INFO - Filling up the DagBag from /home/airflow/.local/lib/python3.7/site-packages/airflow/example_dags/example_latest_only_with_trigger.py
[2024-07-31T12:25:17.682+0000] {processor.py:766} INFO - DAG(s) dict_keys(['latest_only_with_trigger']) retrieved from /home/airflow/.local/lib/python3.7/site-packages/airflow/example_dags/example_latest_only_with_trigger.py
[2024-07-31T12:25:17.729+0000] {logging_mixin.py:120} INFO - [2024-07-31T12:25:17.729+0000] {dag.py:2585} INFO - Sync 1 DAGs
[2024-07-31T12:25:17.757+0000] {logging_mixin.py:120} INFO - [2024-07-31T12:25:17.757+0000] {dag.py:3340} INFO - Setting next_dagrun for latest_only_with_trigger to 2024-07-31T08:25:17.757356+00:00, run_after=2024-07-31T12:25:17.757356+00:00
[2024-07-31T12:25:17.790+0000] {processor.py:176} INFO - Processing /home/airflow/.local/lib/python3.7/site-packages/airflow/example_dags/example_latest_only_with_trigger.py took 0.138 seconds
[2024-07-31T12:25:48.536+0000] {processor.py:154} INFO - Started process (PID=1610) to work on /home/airflow/.local/lib/python3.7/site-packages/airflow/example_dags/example_latest_only_with_trigger.py
[2024-07-31T12:25:48.539+0000] {processor.py:756} INFO - Processing file /home/airflow/.local/lib/python3.7/site-packages/airflow/example_dags/example_latest_only_with_trigger.py for tasks to queue
[2024-07-31T12:25:48.543+0000] {logging_mixin.py:120} INFO - [2024-07-31T12:25:48.542+0000] {dagbag.py:537} INFO - Filling up the DagBag from /home/airflow/.local/lib/python3.7/site-packages/airflow/example_dags/example_latest_only_with_trigger.py
[2024-07-31T12:25:48.573+0000] {processor.py:766} INFO - DAG(s) dict_keys(['latest_only_with_trigger']) retrieved from /home/airflow/.local/lib/python3.7/site-packages/airflow/example_dags/example_latest_only_with_trigger.py
[2024-07-31T12:25:48.654+0000] {logging_mixin.py:120} INFO - [2024-07-31T12:25:48.653+0000] {dag.py:2585} INFO - Sync 1 DAGs
[2024-07-31T12:25:48.750+0000] {logging_mixin.py:120} INFO - [2024-07-31T12:25:48.750+0000] {dag.py:3340} INFO - Setting next_dagrun for latest_only_with_trigger to 2024-07-31T08:25:48.750325+00:00, run_after=2024-07-31T12:25:48.750325+00:00
[2024-07-31T12:25:48.893+0000] {processor.py:176} INFO - Processing /home/airflow/.local/lib/python3.7/site-packages/airflow/example_dags/example_latest_only_with_trigger.py took 0.361 seconds
[2024-07-31T12:26:19.712+0000] {processor.py:154} INFO - Started process (PID=1673) to work on /home/airflow/.local/lib/python3.7/site-packages/airflow/example_dags/example_latest_only_with_trigger.py
[2024-07-31T12:26:19.733+0000] {processor.py:756} INFO - Processing file /home/airflow/.local/lib/python3.7/site-packages/airflow/example_dags/example_latest_only_with_trigger.py for tasks to queue
[2024-07-31T12:26:19.740+0000] {logging_mixin.py:120} INFO - [2024-07-31T12:26:19.740+0000] {dagbag.py:537} INFO - Filling up the DagBag from /home/airflow/.local/lib/python3.7/site-packages/airflow/example_dags/example_latest_only_with_trigger.py
[2024-07-31T12:26:19.767+0000] {processor.py:766} INFO - DAG(s) dict_keys(['latest_only_with_trigger']) retrieved from /home/airflow/.local/lib/python3.7/site-packages/airflow/example_dags/example_latest_only_with_trigger.py
[2024-07-31T12:26:19.824+0000] {logging_mixin.py:120} INFO - [2024-07-31T12:26:19.824+0000] {dag.py:2585} INFO - Sync 1 DAGs
[2024-07-31T12:26:19.882+0000] {logging_mixin.py:120} INFO - [2024-07-31T12:26:19.882+0000] {dag.py:3340} INFO - Setting next_dagrun for latest_only_with_trigger to 2024-07-31T08:26:19.881814+00:00, run_after=2024-07-31T12:26:19.881814+00:00
[2024-07-31T12:26:19.916+0000] {processor.py:176} INFO - Processing /home/airflow/.local/lib/python3.7/site-packages/airflow/example_dags/example_latest_only_with_trigger.py took 0.208 seconds
[2024-07-31T12:26:51.239+0000] {processor.py:154} INFO - Started process (PID=1727) to work on /home/airflow/.local/lib/python3.7/site-packages/airflow/example_dags/example_latest_only_with_trigger.py
[2024-07-31T12:26:51.241+0000] {processor.py:756} INFO - Processing file /home/airflow/.local/lib/python3.7/site-packages/airflow/example_dags/example_latest_only_with_trigger.py for tasks to queue
[2024-07-31T12:26:51.242+0000] {logging_mixin.py:120} INFO - [2024-07-31T12:26:51.242+0000] {dagbag.py:537} INFO - Filling up the DagBag from /home/airflow/.local/lib/python3.7/site-packages/airflow/example_dags/example_latest_only_with_trigger.py
[2024-07-31T12:26:51.261+0000] {processor.py:766} INFO - DAG(s) dict_keys(['latest_only_with_trigger']) retrieved from /home/airflow/.local/lib/python3.7/site-packages/airflow/example_dags/example_latest_only_with_trigger.py
[2024-07-31T12:26:51.311+0000] {logging_mixin.py:120} INFO - [2024-07-31T12:26:51.311+0000] {dag.py:2585} INFO - Sync 1 DAGs
[2024-07-31T12:26:51.349+0000] {logging_mixin.py:120} INFO - [2024-07-31T12:26:51.348+0000] {dag.py:3340} INFO - Setting next_dagrun for latest_only_with_trigger to 2024-07-31T08:26:51.348626+00:00, run_after=2024-07-31T12:26:51.348626+00:00
[2024-07-31T12:26:51.381+0000] {processor.py:176} INFO - Processing /home/airflow/.local/lib/python3.7/site-packages/airflow/example_dags/example_latest_only_with_trigger.py took 0.146 seconds
[2024-07-31T12:27:23.732+0000] {processor.py:154} INFO - Started process (PID=1791) to work on /home/airflow/.local/lib/python3.7/site-packages/airflow/example_dags/example_latest_only_with_trigger.py
[2024-07-31T12:27:23.912+0000] {processor.py:756} INFO - Processing file /home/airflow/.local/lib/python3.7/site-packages/airflow/example_dags/example_latest_only_with_trigger.py for tasks to queue
[2024-07-31T12:27:23.927+0000] {logging_mixin.py:120} INFO - [2024-07-31T12:27:23.927+0000] {dagbag.py:537} INFO - Filling up the DagBag from /home/airflow/.local/lib/python3.7/site-packages/airflow/example_dags/example_latest_only_with_trigger.py
[2024-07-31T12:27:23.952+0000] {processor.py:766} INFO - DAG(s) dict_keys(['latest_only_with_trigger']) retrieved from /home/airflow/.local/lib/python3.7/site-packages/airflow/example_dags/example_latest_only_with_trigger.py
[2024-07-31T12:27:24.040+0000] {logging_mixin.py:120} INFO - [2024-07-31T12:27:24.040+0000] {dag.py:2585} INFO - Sync 1 DAGs
[2024-07-31T12:27:24.104+0000] {logging_mixin.py:120} INFO - [2024-07-31T12:27:24.103+0000] {dag.py:3340} INFO - Setting next_dagrun for latest_only_with_trigger to 2024-07-31T08:27:24.103558+00:00, run_after=2024-07-31T12:27:24.103558+00:00
[2024-07-31T12:27:24.701+0000] {processor.py:176} INFO - Processing /home/airflow/.local/lib/python3.7/site-packages/airflow/example_dags/example_latest_only_with_trigger.py took 0.972 seconds
[2024-07-31T12:27:55.483+0000] {processor.py:154} INFO - Started process (PID=1854) to work on /home/airflow/.local/lib/python3.7/site-packages/airflow/example_dags/example_latest_only_with_trigger.py
[2024-07-31T12:27:55.487+0000] {processor.py:756} INFO - Processing file /home/airflow/.local/lib/python3.7/site-packages/airflow/example_dags/example_latest_only_with_trigger.py for tasks to queue
[2024-07-31T12:27:55.535+0000] {logging_mixin.py:120} INFO - [2024-07-31T12:27:55.535+0000] {dagbag.py:537} INFO - Filling up the DagBag from /home/airflow/.local/lib/python3.7/site-packages/airflow/example_dags/example_latest_only_with_trigger.py
[2024-07-31T12:27:55.621+0000] {processor.py:766} INFO - DAG(s) dict_keys(['latest_only_with_trigger']) retrieved from /home/airflow/.local/lib/python3.7/site-packages/airflow/example_dags/example_latest_only_with_trigger.py
[2024-07-31T12:27:55.718+0000] {logging_mixin.py:120} INFO - [2024-07-31T12:27:55.718+0000] {dag.py:2585} INFO - Sync 1 DAGs
[2024-07-31T12:27:55.797+0000] {logging_mixin.py:120} INFO - [2024-07-31T12:27:55.797+0000] {dag.py:3340} INFO - Setting next_dagrun for latest_only_with_trigger to 2024-07-31T08:27:55.797494+00:00, run_after=2024-07-31T12:27:55.797494+00:00
[2024-07-31T12:27:55.916+0000] {processor.py:176} INFO - Processing /home/airflow/.local/lib/python3.7/site-packages/airflow/example_dags/example_latest_only_with_trigger.py took 0.437 seconds
[2024-07-31T12:28:26.601+0000] {processor.py:154} INFO - Started process (PID=1916) to work on /home/airflow/.local/lib/python3.7/site-packages/airflow/example_dags/example_latest_only_with_trigger.py
[2024-07-31T12:28:26.602+0000] {processor.py:756} INFO - Processing file /home/airflow/.local/lib/python3.7/site-packages/airflow/example_dags/example_latest_only_with_trigger.py for tasks to queue
[2024-07-31T12:28:26.605+0000] {logging_mixin.py:120} INFO - [2024-07-31T12:28:26.604+0000] {dagbag.py:537} INFO - Filling up the DagBag from /home/airflow/.local/lib/python3.7/site-packages/airflow/example_dags/example_latest_only_with_trigger.py
[2024-07-31T12:28:26.670+0000] {processor.py:766} INFO - DAG(s) dict_keys(['latest_only_with_trigger']) retrieved from /home/airflow/.local/lib/python3.7/site-packages/airflow/example_dags/example_latest_only_with_trigger.py
[2024-07-31T12:28:26.761+0000] {logging_mixin.py:120} INFO - [2024-07-31T12:28:26.761+0000] {dag.py:2585} INFO - Sync 1 DAGs
[2024-07-31T12:28:26.821+0000] {logging_mixin.py:120} INFO - [2024-07-31T12:28:26.821+0000] {dag.py:3340} INFO - Setting next_dagrun for latest_only_with_trigger to 2024-07-31T08:28:26.820923+00:00, run_after=2024-07-31T12:28:26.820923+00:00
[2024-07-31T12:28:26.948+0000] {processor.py:176} INFO - Processing /home/airflow/.local/lib/python3.7/site-packages/airflow/example_dags/example_latest_only_with_trigger.py took 0.351 seconds
[2024-07-31T12:28:57.823+0000] {processor.py:154} INFO - Started process (PID=1973) to work on /home/airflow/.local/lib/python3.7/site-packages/airflow/example_dags/example_latest_only_with_trigger.py
[2024-07-31T12:28:57.824+0000] {processor.py:756} INFO - Processing file /home/airflow/.local/lib/python3.7/site-packages/airflow/example_dags/example_latest_only_with_trigger.py for tasks to queue
[2024-07-31T12:28:57.825+0000] {logging_mixin.py:120} INFO - [2024-07-31T12:28:57.825+0000] {dagbag.py:537} INFO - Filling up the DagBag from /home/airflow/.local/lib/python3.7/site-packages/airflow/example_dags/example_latest_only_with_trigger.py
[2024-07-31T12:28:57.844+0000] {processor.py:766} INFO - DAG(s) dict_keys(['latest_only_with_trigger']) retrieved from /home/airflow/.local/lib/python3.7/site-packages/airflow/example_dags/example_latest_only_with_trigger.py
[2024-07-31T12:28:57.892+0000] {logging_mixin.py:120} INFO - [2024-07-31T12:28:57.892+0000] {dag.py:2585} INFO - Sync 1 DAGs
[2024-07-31T12:28:57.919+0000] {logging_mixin.py:120} INFO - [2024-07-31T12:28:57.919+0000] {dag.py:3340} INFO - Setting next_dagrun for latest_only_with_trigger to 2024-07-31T08:28:57.919506+00:00, run_after=2024-07-31T12:28:57.919506+00:00
[2024-07-31T12:28:57.946+0000] {processor.py:176} INFO - Processing /home/airflow/.local/lib/python3.7/site-packages/airflow/example_dags/example_latest_only_with_trigger.py took 0.127 seconds
[2024-07-31T12:29:28.050+0000] {processor.py:154} INFO - Started process (PID=2035) to work on /home/airflow/.local/lib/python3.7/site-packages/airflow/example_dags/example_latest_only_with_trigger.py
[2024-07-31T12:29:28.052+0000] {processor.py:756} INFO - Processing file /home/airflow/.local/lib/python3.7/site-packages/airflow/example_dags/example_latest_only_with_trigger.py for tasks to queue
[2024-07-31T12:29:28.054+0000] {logging_mixin.py:120} INFO - [2024-07-31T12:29:28.054+0000] {dagbag.py:537} INFO - Filling up the DagBag from /home/airflow/.local/lib/python3.7/site-packages/airflow/example_dags/example_latest_only_with_trigger.py
[2024-07-31T12:29:28.083+0000] {processor.py:766} INFO - DAG(s) dict_keys(['latest_only_with_trigger']) retrieved from /home/airflow/.local/lib/python3.7/site-packages/airflow/example_dags/example_latest_only_with_trigger.py
[2024-07-31T12:29:28.161+0000] {logging_mixin.py:120} INFO - [2024-07-31T12:29:28.160+0000] {dag.py:2585} INFO - Sync 1 DAGs
[2024-07-31T12:29:28.212+0000] {logging_mixin.py:120} INFO - [2024-07-31T12:29:28.211+0000] {dag.py:3340} INFO - Setting next_dagrun for latest_only_with_trigger to 2024-07-31T08:29:28.211362+00:00, run_after=2024-07-31T12:29:28.211362+00:00
[2024-07-31T12:29:28.253+0000] {processor.py:176} INFO - Processing /home/airflow/.local/lib/python3.7/site-packages/airflow/example_dags/example_latest_only_with_trigger.py took 0.210 seconds
[2024-07-31T12:29:58.595+0000] {processor.py:154} INFO - Started process (PID=2090) to work on /home/airflow/.local/lib/python3.7/site-packages/airflow/example_dags/example_latest_only_with_trigger.py
[2024-07-31T12:29:58.596+0000] {processor.py:756} INFO - Processing file /home/airflow/.local/lib/python3.7/site-packages/airflow/example_dags/example_latest_only_with_trigger.py for tasks to queue
[2024-07-31T12:29:58.597+0000] {logging_mixin.py:120} INFO - [2024-07-31T12:29:58.597+0000] {dagbag.py:537} INFO - Filling up the DagBag from /home/airflow/.local/lib/python3.7/site-packages/airflow/example_dags/example_latest_only_with_trigger.py
[2024-07-31T12:29:58.613+0000] {processor.py:766} INFO - DAG(s) dict_keys(['latest_only_with_trigger']) retrieved from /home/airflow/.local/lib/python3.7/site-packages/airflow/example_dags/example_latest_only_with_trigger.py
[2024-07-31T12:29:58.678+0000] {logging_mixin.py:120} INFO - [2024-07-31T12:29:58.677+0000] {dag.py:2585} INFO - Sync 1 DAGs
[2024-07-31T12:29:58.708+0000] {logging_mixin.py:120} INFO - [2024-07-31T12:29:58.707+0000] {dag.py:3340} INFO - Setting next_dagrun for latest_only_with_trigger to 2024-07-31T08:29:58.707565+00:00, run_after=2024-07-31T12:29:58.707565+00:00
[2024-07-31T12:29:58.729+0000] {processor.py:176} INFO - Processing /home/airflow/.local/lib/python3.7/site-packages/airflow/example_dags/example_latest_only_with_trigger.py took 0.138 seconds
[2024-07-31T12:30:28.896+0000] {processor.py:154} INFO - Started process (PID=2153) to work on /home/airflow/.local/lib/python3.7/site-packages/airflow/example_dags/example_latest_only_with_trigger.py
[2024-07-31T12:30:28.897+0000] {processor.py:756} INFO - Processing file /home/airflow/.local/lib/python3.7/site-packages/airflow/example_dags/example_latest_only_with_trigger.py for tasks to queue
[2024-07-31T12:30:28.901+0000] {logging_mixin.py:120} INFO - [2024-07-31T12:30:28.901+0000] {dagbag.py:537} INFO - Filling up the DagBag from /home/airflow/.local/lib/python3.7/site-packages/airflow/example_dags/example_latest_only_with_trigger.py
[2024-07-31T12:30:28.926+0000] {processor.py:766} INFO - DAG(s) dict_keys(['latest_only_with_trigger']) retrieved from /home/airflow/.local/lib/python3.7/site-packages/airflow/example_dags/example_latest_only_with_trigger.py
[2024-07-31T12:30:29.070+0000] {logging_mixin.py:120} INFO - [2024-07-31T12:30:29.070+0000] {dag.py:2585} INFO - Sync 1 DAGs
[2024-07-31T12:30:29.217+0000] {logging_mixin.py:120} INFO - [2024-07-31T12:30:29.217+0000] {dag.py:3340} INFO - Setting next_dagrun for latest_only_with_trigger to 2024-07-31T08:30:29.217372+00:00, run_after=2024-07-31T12:30:29.217372+00:00
[2024-07-31T12:30:29.362+0000] {processor.py:176} INFO - Processing /home/airflow/.local/lib/python3.7/site-packages/airflow/example_dags/example_latest_only_with_trigger.py took 0.470 seconds
[2024-07-31T12:30:59.456+0000] {processor.py:154} INFO - Started process (PID=2206) to work on /home/airflow/.local/lib/python3.7/site-packages/airflow/example_dags/example_latest_only_with_trigger.py
[2024-07-31T12:30:59.509+0000] {processor.py:756} INFO - Processing file /home/airflow/.local/lib/python3.7/site-packages/airflow/example_dags/example_latest_only_with_trigger.py for tasks to queue
[2024-07-31T12:30:59.545+0000] {logging_mixin.py:120} INFO - [2024-07-31T12:30:59.545+0000] {dagbag.py:537} INFO - Filling up the DagBag from /home/airflow/.local/lib/python3.7/site-packages/airflow/example_dags/example_latest_only_with_trigger.py
[2024-07-31T12:30:59.571+0000] {processor.py:766} INFO - DAG(s) dict_keys(['latest_only_with_trigger']) retrieved from /home/airflow/.local/lib/python3.7/site-packages/airflow/example_dags/example_latest_only_with_trigger.py
[2024-07-31T12:30:59.629+0000] {logging_mixin.py:120} INFO - [2024-07-31T12:30:59.629+0000] {dag.py:2585} INFO - Sync 1 DAGs
[2024-07-31T12:30:59.741+0000] {logging_mixin.py:120} INFO - [2024-07-31T12:30:59.741+0000] {dag.py:3340} INFO - Setting next_dagrun for latest_only_with_trigger to 2024-07-31T08:30:59.741265+00:00, run_after=2024-07-31T12:30:59.741265+00:00
[2024-07-31T12:30:59.814+0000] {processor.py:176} INFO - Processing /home/airflow/.local/lib/python3.7/site-packages/airflow/example_dags/example_latest_only_with_trigger.py took 0.362 seconds
[2024-07-31T12:31:29.943+0000] {processor.py:154} INFO - Started process (PID=2268) to work on /home/airflow/.local/lib/python3.7/site-packages/airflow/example_dags/example_latest_only_with_trigger.py
[2024-07-31T12:31:29.945+0000] {processor.py:756} INFO - Processing file /home/airflow/.local/lib/python3.7/site-packages/airflow/example_dags/example_latest_only_with_trigger.py for tasks to queue
[2024-07-31T12:31:29.946+0000] {logging_mixin.py:120} INFO - [2024-07-31T12:31:29.945+0000] {dagbag.py:537} INFO - Filling up the DagBag from /home/airflow/.local/lib/python3.7/site-packages/airflow/example_dags/example_latest_only_with_trigger.py
[2024-07-31T12:31:29.960+0000] {processor.py:766} INFO - DAG(s) dict_keys(['latest_only_with_trigger']) retrieved from /home/airflow/.local/lib/python3.7/site-packages/airflow/example_dags/example_latest_only_with_trigger.py
[2024-07-31T12:31:30.000+0000] {logging_mixin.py:120} INFO - [2024-07-31T12:31:30.000+0000] {dag.py:2585} INFO - Sync 1 DAGs
[2024-07-31T12:31:30.039+0000] {logging_mixin.py:120} INFO - [2024-07-31T12:31:30.038+0000] {dag.py:3340} INFO - Setting next_dagrun for latest_only_with_trigger to 2024-07-31T08:31:30.037887+00:00, run_after=2024-07-31T12:31:30.037887+00:00
[2024-07-31T12:31:30.066+0000] {processor.py:176} INFO - Processing /home/airflow/.local/lib/python3.7/site-packages/airflow/example_dags/example_latest_only_with_trigger.py took 0.127 seconds
[2024-07-31T12:32:00.745+0000] {processor.py:154} INFO - Started process (PID=2332) to work on /home/airflow/.local/lib/python3.7/site-packages/airflow/example_dags/example_latest_only_with_trigger.py
[2024-07-31T12:32:00.747+0000] {processor.py:756} INFO - Processing file /home/airflow/.local/lib/python3.7/site-packages/airflow/example_dags/example_latest_only_with_trigger.py for tasks to queue
[2024-07-31T12:32:00.748+0000] {logging_mixin.py:120} INFO - [2024-07-31T12:32:00.747+0000] {dagbag.py:537} INFO - Filling up the DagBag from /home/airflow/.local/lib/python3.7/site-packages/airflow/example_dags/example_latest_only_with_trigger.py
[2024-07-31T12:32:00.763+0000] {processor.py:766} INFO - DAG(s) dict_keys(['latest_only_with_trigger']) retrieved from /home/airflow/.local/lib/python3.7/site-packages/airflow/example_dags/example_latest_only_with_trigger.py
[2024-07-31T12:32:00.805+0000] {logging_mixin.py:120} INFO - [2024-07-31T12:32:00.805+0000] {dag.py:2585} INFO - Sync 1 DAGs
[2024-07-31T12:32:00.832+0000] {logging_mixin.py:120} INFO - [2024-07-31T12:32:00.832+0000] {dag.py:3340} INFO - Setting next_dagrun for latest_only_with_trigger to 2024-07-31T08:32:00.832021+00:00, run_after=2024-07-31T12:32:00.832021+00:00
[2024-07-31T12:32:00.854+0000] {processor.py:176} INFO - Processing /home/airflow/.local/lib/python3.7/site-packages/airflow/example_dags/example_latest_only_with_trigger.py took 0.112 seconds
[2024-07-31T12:32:31.786+0000] {processor.py:154} INFO - Started process (PID=2386) to work on /home/airflow/.local/lib/python3.7/site-packages/airflow/example_dags/example_latest_only_with_trigger.py
[2024-07-31T12:32:31.795+0000] {processor.py:756} INFO - Processing file /home/airflow/.local/lib/python3.7/site-packages/airflow/example_dags/example_latest_only_with_trigger.py for tasks to queue
[2024-07-31T12:32:31.907+0000] {logging_mixin.py:120} INFO - [2024-07-31T12:32:31.907+0000] {dagbag.py:537} INFO - Filling up the DagBag from /home/airflow/.local/lib/python3.7/site-packages/airflow/example_dags/example_latest_only_with_trigger.py
[2024-07-31T12:32:31.950+0000] {processor.py:766} INFO - DAG(s) dict_keys(['latest_only_with_trigger']) retrieved from /home/airflow/.local/lib/python3.7/site-packages/airflow/example_dags/example_latest_only_with_trigger.py
[2024-07-31T12:32:32.088+0000] {logging_mixin.py:120} INFO - [2024-07-31T12:32:32.088+0000] {dag.py:2585} INFO - Sync 1 DAGs
[2024-07-31T12:32:32.220+0000] {logging_mixin.py:120} INFO - [2024-07-31T12:32:32.220+0000] {dag.py:3340} INFO - Setting next_dagrun for latest_only_with_trigger to 2024-07-31T08:32:32.219834+00:00, run_after=2024-07-31T12:32:32.219834+00:00
[2024-07-31T12:32:32.345+0000] {processor.py:176} INFO - Processing /home/airflow/.local/lib/python3.7/site-packages/airflow/example_dags/example_latest_only_with_trigger.py took 0.563 seconds
[2024-07-31T12:33:02.700+0000] {processor.py:154} INFO - Started process (PID=2449) to work on /home/airflow/.local/lib/python3.7/site-packages/airflow/example_dags/example_latest_only_with_trigger.py
[2024-07-31T12:33:02.721+0000] {processor.py:756} INFO - Processing file /home/airflow/.local/lib/python3.7/site-packages/airflow/example_dags/example_latest_only_with_trigger.py for tasks to queue
[2024-07-31T12:33:02.727+0000] {logging_mixin.py:120} INFO - [2024-07-31T12:33:02.726+0000] {dagbag.py:537} INFO - Filling up the DagBag from /home/airflow/.local/lib/python3.7/site-packages/airflow/example_dags/example_latest_only_with_trigger.py
[2024-07-31T12:33:02.760+0000] {processor.py:766} INFO - DAG(s) dict_keys(['latest_only_with_trigger']) retrieved from /home/airflow/.local/lib/python3.7/site-packages/airflow/example_dags/example_latest_only_with_trigger.py
[2024-07-31T12:33:02.837+0000] {logging_mixin.py:120} INFO - [2024-07-31T12:33:02.836+0000] {dag.py:2585} INFO - Sync 1 DAGs
[2024-07-31T12:33:02.862+0000] {logging_mixin.py:120} INFO - [2024-07-31T12:33:02.862+0000] {dag.py:3340} INFO - Setting next_dagrun for latest_only_with_trigger to 2024-07-31T08:33:02.862281+00:00, run_after=2024-07-31T12:33:02.862281+00:00
[2024-07-31T12:33:02.892+0000] {processor.py:176} INFO - Processing /home/airflow/.local/lib/python3.7/site-packages/airflow/example_dags/example_latest_only_with_trigger.py took 0.197 seconds
[2024-07-31T12:33:33.261+0000] {processor.py:154} INFO - Started process (PID=2510) to work on /home/airflow/.local/lib/python3.7/site-packages/airflow/example_dags/example_latest_only_with_trigger.py
[2024-07-31T12:33:33.267+0000] {processor.py:756} INFO - Processing file /home/airflow/.local/lib/python3.7/site-packages/airflow/example_dags/example_latest_only_with_trigger.py for tasks to queue
[2024-07-31T12:33:33.270+0000] {logging_mixin.py:120} INFO - [2024-07-31T12:33:33.270+0000] {dagbag.py:537} INFO - Filling up the DagBag from /home/airflow/.local/lib/python3.7/site-packages/airflow/example_dags/example_latest_only_with_trigger.py
[2024-07-31T12:33:33.294+0000] {processor.py:766} INFO - DAG(s) dict_keys(['latest_only_with_trigger']) retrieved from /home/airflow/.local/lib/python3.7/site-packages/airflow/example_dags/example_latest_only_with_trigger.py
[2024-07-31T12:33:33.365+0000] {logging_mixin.py:120} INFO - [2024-07-31T12:33:33.364+0000] {dag.py:2585} INFO - Sync 1 DAGs
[2024-07-31T12:33:33.421+0000] {logging_mixin.py:120} INFO - [2024-07-31T12:33:33.420+0000] {dag.py:3340} INFO - Setting next_dagrun for latest_only_with_trigger to 2024-07-31T08:33:33.420032+00:00, run_after=2024-07-31T12:33:33.420032+00:00
[2024-07-31T12:33:33.480+0000] {processor.py:176} INFO - Processing /home/airflow/.local/lib/python3.7/site-packages/airflow/example_dags/example_latest_only_with_trigger.py took 0.223 seconds
[2024-07-31T12:34:03.755+0000] {processor.py:154} INFO - Started process (PID=2566) to work on /home/airflow/.local/lib/python3.7/site-packages/airflow/example_dags/example_latest_only_with_trigger.py
[2024-07-31T12:34:03.757+0000] {processor.py:756} INFO - Processing file /home/airflow/.local/lib/python3.7/site-packages/airflow/example_dags/example_latest_only_with_trigger.py for tasks to queue
[2024-07-31T12:34:03.760+0000] {logging_mixin.py:120} INFO - [2024-07-31T12:34:03.760+0000] {dagbag.py:537} INFO - Filling up the DagBag from /home/airflow/.local/lib/python3.7/site-packages/airflow/example_dags/example_latest_only_with_trigger.py
[2024-07-31T12:34:03.792+0000] {processor.py:766} INFO - DAG(s) dict_keys(['latest_only_with_trigger']) retrieved from /home/airflow/.local/lib/python3.7/site-packages/airflow/example_dags/example_latest_only_with_trigger.py
[2024-07-31T12:34:03.891+0000] {logging_mixin.py:120} INFO - [2024-07-31T12:34:03.890+0000] {dag.py:2585} INFO - Sync 1 DAGs
[2024-07-31T12:34:03.954+0000] {logging_mixin.py:120} INFO - [2024-07-31T12:34:03.954+0000] {dag.py:3340} INFO - Setting next_dagrun for latest_only_with_trigger to 2024-07-31T08:34:03.953726+00:00, run_after=2024-07-31T12:34:03.953726+00:00
[2024-07-31T12:34:04.014+0000] {processor.py:176} INFO - Processing /home/airflow/.local/lib/python3.7/site-packages/airflow/example_dags/example_latest_only_with_trigger.py took 0.265 seconds
[2024-07-31T12:34:34.828+0000] {processor.py:154} INFO - Started process (PID=2629) to work on /home/airflow/.local/lib/python3.7/site-packages/airflow/example_dags/example_latest_only_with_trigger.py
[2024-07-31T12:34:34.845+0000] {processor.py:756} INFO - Processing file /home/airflow/.local/lib/python3.7/site-packages/airflow/example_dags/example_latest_only_with_trigger.py for tasks to queue
[2024-07-31T12:34:34.856+0000] {logging_mixin.py:120} INFO - [2024-07-31T12:34:34.855+0000] {dagbag.py:537} INFO - Filling up the DagBag from /home/airflow/.local/lib/python3.7/site-packages/airflow/example_dags/example_latest_only_with_trigger.py
[2024-07-31T12:34:34.895+0000] {processor.py:766} INFO - DAG(s) dict_keys(['latest_only_with_trigger']) retrieved from /home/airflow/.local/lib/python3.7/site-packages/airflow/example_dags/example_latest_only_with_trigger.py
[2024-07-31T12:34:34.977+0000] {logging_mixin.py:120} INFO - [2024-07-31T12:34:34.977+0000] {dag.py:2585} INFO - Sync 1 DAGs
[2024-07-31T12:34:35.006+0000] {logging_mixin.py:120} INFO - [2024-07-31T12:34:35.006+0000] {dag.py:3340} INFO - Setting next_dagrun for latest_only_with_trigger to 2024-07-31T08:34:35.006462+00:00, run_after=2024-07-31T12:34:35.006462+00:00
[2024-07-31T12:34:35.062+0000] {processor.py:176} INFO - Processing /home/airflow/.local/lib/python3.7/site-packages/airflow/example_dags/example_latest_only_with_trigger.py took 0.239 seconds
[2024-07-31T12:35:05.464+0000] {processor.py:154} INFO - Started process (PID=2683) to work on /home/airflow/.local/lib/python3.7/site-packages/airflow/example_dags/example_latest_only_with_trigger.py
[2024-07-31T12:35:05.487+0000] {processor.py:756} INFO - Processing file /home/airflow/.local/lib/python3.7/site-packages/airflow/example_dags/example_latest_only_with_trigger.py for tasks to queue
[2024-07-31T12:35:05.489+0000] {logging_mixin.py:120} INFO - [2024-07-31T12:35:05.489+0000] {dagbag.py:537} INFO - Filling up the DagBag from /home/airflow/.local/lib/python3.7/site-packages/airflow/example_dags/example_latest_only_with_trigger.py
[2024-07-31T12:35:05.517+0000] {processor.py:766} INFO - DAG(s) dict_keys(['latest_only_with_trigger']) retrieved from /home/airflow/.local/lib/python3.7/site-packages/airflow/example_dags/example_latest_only_with_trigger.py
[2024-07-31T12:35:05.570+0000] {logging_mixin.py:120} INFO - [2024-07-31T12:35:05.570+0000] {dag.py:2585} INFO - Sync 1 DAGs
[2024-07-31T12:35:05.654+0000] {logging_mixin.py:120} INFO - [2024-07-31T12:35:05.654+0000] {dag.py:3340} INFO - Setting next_dagrun for latest_only_with_trigger to 2024-07-31T08:35:05.654201+00:00, run_after=2024-07-31T12:35:05.654201+00:00
[2024-07-31T12:35:05.710+0000] {processor.py:176} INFO - Processing /home/airflow/.local/lib/python3.7/site-packages/airflow/example_dags/example_latest_only_with_trigger.py took 0.251 seconds
[2024-07-31T12:35:35.868+0000] {processor.py:154} INFO - Started process (PID=2746) to work on /home/airflow/.local/lib/python3.7/site-packages/airflow/example_dags/example_latest_only_with_trigger.py
[2024-07-31T12:35:35.870+0000] {processor.py:756} INFO - Processing file /home/airflow/.local/lib/python3.7/site-packages/airflow/example_dags/example_latest_only_with_trigger.py for tasks to queue
[2024-07-31T12:35:35.872+0000] {logging_mixin.py:120} INFO - [2024-07-31T12:35:35.871+0000] {dagbag.py:537} INFO - Filling up the DagBag from /home/airflow/.local/lib/python3.7/site-packages/airflow/example_dags/example_latest_only_with_trigger.py
[2024-07-31T12:35:35.893+0000] {processor.py:766} INFO - DAG(s) dict_keys(['latest_only_with_trigger']) retrieved from /home/airflow/.local/lib/python3.7/site-packages/airflow/example_dags/example_latest_only_with_trigger.py
[2024-07-31T12:35:36.022+0000] {logging_mixin.py:120} INFO - [2024-07-31T12:35:36.022+0000] {dag.py:2585} INFO - Sync 1 DAGs
[2024-07-31T12:35:36.060+0000] {logging_mixin.py:120} INFO - [2024-07-31T12:35:36.060+0000] {dag.py:3340} INFO - Setting next_dagrun for latest_only_with_trigger to 2024-07-31T08:35:36.060142+00:00, run_after=2024-07-31T12:35:36.060142+00:00
[2024-07-31T12:35:36.090+0000] {processor.py:176} INFO - Processing /home/airflow/.local/lib/python3.7/site-packages/airflow/example_dags/example_latest_only_with_trigger.py took 0.227 seconds
[2024-07-31T12:36:07.054+0000] {processor.py:154} INFO - Started process (PID=2800) to work on /home/airflow/.local/lib/python3.7/site-packages/airflow/example_dags/example_latest_only_with_trigger.py
[2024-07-31T12:36:07.057+0000] {processor.py:756} INFO - Processing file /home/airflow/.local/lib/python3.7/site-packages/airflow/example_dags/example_latest_only_with_trigger.py for tasks to queue
[2024-07-31T12:36:07.154+0000] {logging_mixin.py:120} INFO - [2024-07-31T12:36:07.154+0000] {dagbag.py:537} INFO - Filling up the DagBag from /home/airflow/.local/lib/python3.7/site-packages/airflow/example_dags/example_latest_only_with_trigger.py
[2024-07-31T12:36:07.204+0000] {processor.py:766} INFO - DAG(s) dict_keys(['latest_only_with_trigger']) retrieved from /home/airflow/.local/lib/python3.7/site-packages/airflow/example_dags/example_latest_only_with_trigger.py
[2024-07-31T12:36:07.278+0000] {logging_mixin.py:120} INFO - [2024-07-31T12:36:07.278+0000] {dag.py:2585} INFO - Sync 1 DAGs
[2024-07-31T12:36:07.429+0000] {logging_mixin.py:120} INFO - [2024-07-31T12:36:07.428+0000] {dag.py:3340} INFO - Setting next_dagrun for latest_only_with_trigger to 2024-07-31T08:36:07.428623+00:00, run_after=2024-07-31T12:36:07.428623+00:00
[2024-07-31T12:36:07.559+0000] {processor.py:176} INFO - Processing /home/airflow/.local/lib/python3.7/site-packages/airflow/example_dags/example_latest_only_with_trigger.py took 0.509 seconds
[2024-07-31T12:36:38.679+0000] {processor.py:154} INFO - Started process (PID=2864) to work on /home/airflow/.local/lib/python3.7/site-packages/airflow/example_dags/example_latest_only_with_trigger.py
[2024-07-31T12:36:38.681+0000] {processor.py:756} INFO - Processing file /home/airflow/.local/lib/python3.7/site-packages/airflow/example_dags/example_latest_only_with_trigger.py for tasks to queue
[2024-07-31T12:36:38.682+0000] {logging_mixin.py:120} INFO - [2024-07-31T12:36:38.682+0000] {dagbag.py:537} INFO - Filling up the DagBag from /home/airflow/.local/lib/python3.7/site-packages/airflow/example_dags/example_latest_only_with_trigger.py
[2024-07-31T12:36:38.718+0000] {processor.py:766} INFO - DAG(s) dict_keys(['latest_only_with_trigger']) retrieved from /home/airflow/.local/lib/python3.7/site-packages/airflow/example_dags/example_latest_only_with_trigger.py
[2024-07-31T12:36:38.776+0000] {logging_mixin.py:120} INFO - [2024-07-31T12:36:38.776+0000] {dag.py:2585} INFO - Sync 1 DAGs
[2024-07-31T12:36:38.872+0000] {logging_mixin.py:120} INFO - [2024-07-31T12:36:38.872+0000] {dag.py:3340} INFO - Setting next_dagrun for latest_only_with_trigger to 2024-07-31T08:36:38.872180+00:00, run_after=2024-07-31T12:36:38.872180+00:00
[2024-07-31T12:36:38.989+0000] {processor.py:176} INFO - Processing /home/airflow/.local/lib/python3.7/site-packages/airflow/example_dags/example_latest_only_with_trigger.py took 0.312 seconds
