[2024-07-31T12:12:17.776+0000] {processor.py:154} INFO - Started process (PID=53) to work on /home/airflow/.local/lib/python3.7/site-packages/airflow/example_dags/example_dag_decorator.py
[2024-07-31T12:12:17.779+0000] {processor.py:756} INFO - Processing file /home/airflow/.local/lib/python3.7/site-packages/airflow/example_dags/example_dag_decorator.py for tasks to queue
[2024-07-31T12:12:17.781+0000] {logging_mixin.py:120} INFO - [2024-07-31T12:12:17.781+0000] {dagbag.py:537} INFO - Filling up the DagBag from /home/airflow/.local/lib/python3.7/site-packages/airflow/example_dags/example_dag_decorator.py
[2024-07-31T12:12:17.826+0000] {logging_mixin.py:120} INFO - [2024-07-31T12:12:17.825+0000] {taskmixin.py:205} WARNING - Dependency <Task(_PythonDecoratedOperator): prepare_email>, send_email already registered for DAG: example_dag_decorator
[2024-07-31T12:12:17.827+0000] {logging_mixin.py:120} INFO - [2024-07-31T12:12:17.827+0000] {taskmixin.py:205} WARNING - Dependency <Task(EmailOperator): send_email>, prepare_email already registered for DAG: example_dag_decorator
[2024-07-31T12:12:17.867+0000] {processor.py:766} INFO - DAG(s) dict_keys(['example_dag_decorator']) retrieved from /home/airflow/.local/lib/python3.7/site-packages/airflow/example_dags/example_dag_decorator.py
[2024-07-31T12:12:18.195+0000] {logging_mixin.py:120} INFO - [2024-07-31T12:12:18.194+0000] {manager.py:507} INFO - Created Permission View: can read on DAG:example_dag_decorator
[2024-07-31T12:12:18.224+0000] {logging_mixin.py:120} INFO - [2024-07-31T12:12:18.223+0000] {manager.py:507} INFO - Created Permission View: can delete on DAG:example_dag_decorator
[2024-07-31T12:12:18.253+0000] {logging_mixin.py:120} INFO - [2024-07-31T12:12:18.253+0000] {manager.py:507} INFO - Created Permission View: can edit on DAG:example_dag_decorator
[2024-07-31T12:12:18.256+0000] {logging_mixin.py:120} INFO - [2024-07-31T12:12:18.255+0000] {dag.py:2585} INFO - Sync 1 DAGs
[2024-07-31T12:12:18.308+0000] {logging_mixin.py:120} INFO - [2024-07-31T12:12:18.308+0000] {dag.py:2606} INFO - Creating ORM DAG for example_dag_decorator
[2024-07-31T12:12:18.345+0000] {logging_mixin.py:120} INFO - [2024-07-31T12:12:18.345+0000] {dag.py:3340} INFO - Setting next_dagrun for example_dag_decorator to None, run_after=None
[2024-07-31T12:12:18.389+0000] {processor.py:176} INFO - Processing /home/airflow/.local/lib/python3.7/site-packages/airflow/example_dags/example_dag_decorator.py took 0.621 seconds
[2024-07-31T12:12:48.758+0000] {processor.py:154} INFO - Started process (PID=107) to work on /home/airflow/.local/lib/python3.7/site-packages/airflow/example_dags/example_dag_decorator.py
[2024-07-31T12:12:48.776+0000] {processor.py:756} INFO - Processing file /home/airflow/.local/lib/python3.7/site-packages/airflow/example_dags/example_dag_decorator.py for tasks to queue
[2024-07-31T12:12:48.850+0000] {logging_mixin.py:120} INFO - [2024-07-31T12:12:48.850+0000] {dagbag.py:537} INFO - Filling up the DagBag from /home/airflow/.local/lib/python3.7/site-packages/airflow/example_dags/example_dag_decorator.py
[2024-07-31T12:12:48.878+0000] {logging_mixin.py:120} INFO - [2024-07-31T12:12:48.878+0000] {taskmixin.py:205} WARNING - Dependency <Task(_PythonDecoratedOperator): prepare_email>, send_email already registered for DAG: example_dag_decorator
[2024-07-31T12:12:48.879+0000] {logging_mixin.py:120} INFO - [2024-07-31T12:12:48.879+0000] {taskmixin.py:205} WARNING - Dependency <Task(EmailOperator): send_email>, prepare_email already registered for DAG: example_dag_decorator
[2024-07-31T12:12:48.898+0000] {processor.py:766} INFO - DAG(s) dict_keys(['example_dag_decorator']) retrieved from /home/airflow/.local/lib/python3.7/site-packages/airflow/example_dags/example_dag_decorator.py
[2024-07-31T12:12:48.924+0000] {logging_mixin.py:120} INFO - [2024-07-31T12:12:48.924+0000] {dag.py:2585} INFO - Sync 1 DAGs
[2024-07-31T12:12:48.959+0000] {logging_mixin.py:120} INFO - [2024-07-31T12:12:48.958+0000] {dag.py:3340} INFO - Setting next_dagrun for example_dag_decorator to None, run_after=None
[2024-07-31T12:12:48.984+0000] {processor.py:176} INFO - Processing /home/airflow/.local/lib/python3.7/site-packages/airflow/example_dags/example_dag_decorator.py took 0.230 seconds
[2024-07-31T12:13:19.257+0000] {processor.py:154} INFO - Started process (PID=171) to work on /home/airflow/.local/lib/python3.7/site-packages/airflow/example_dags/example_dag_decorator.py
[2024-07-31T12:13:19.258+0000] {processor.py:756} INFO - Processing file /home/airflow/.local/lib/python3.7/site-packages/airflow/example_dags/example_dag_decorator.py for tasks to queue
[2024-07-31T12:13:19.259+0000] {logging_mixin.py:120} INFO - [2024-07-31T12:13:19.259+0000] {dagbag.py:537} INFO - Filling up the DagBag from /home/airflow/.local/lib/python3.7/site-packages/airflow/example_dags/example_dag_decorator.py
[2024-07-31T12:13:19.277+0000] {logging_mixin.py:120} INFO - [2024-07-31T12:13:19.277+0000] {taskmixin.py:205} WARNING - Dependency <Task(_PythonDecoratedOperator): prepare_email>, send_email already registered for DAG: example_dag_decorator
[2024-07-31T12:13:19.278+0000] {logging_mixin.py:120} INFO - [2024-07-31T12:13:19.278+0000] {taskmixin.py:205} WARNING - Dependency <Task(EmailOperator): send_email>, prepare_email already registered for DAG: example_dag_decorator
[2024-07-31T12:13:19.290+0000] {processor.py:766} INFO - DAG(s) dict_keys(['example_dag_decorator']) retrieved from /home/airflow/.local/lib/python3.7/site-packages/airflow/example_dags/example_dag_decorator.py
[2024-07-31T12:13:19.380+0000] {logging_mixin.py:120} INFO - [2024-07-31T12:13:19.380+0000] {dag.py:2585} INFO - Sync 1 DAGs
[2024-07-31T12:13:19.402+0000] {logging_mixin.py:120} INFO - [2024-07-31T12:13:19.402+0000] {dag.py:3340} INFO - Setting next_dagrun for example_dag_decorator to None, run_after=None
[2024-07-31T12:13:19.427+0000] {processor.py:176} INFO - Processing /home/airflow/.local/lib/python3.7/site-packages/airflow/example_dags/example_dag_decorator.py took 0.173 seconds
[2024-07-31T12:13:49.835+0000] {processor.py:154} INFO - Started process (PID=234) to work on /home/airflow/.local/lib/python3.7/site-packages/airflow/example_dags/example_dag_decorator.py
[2024-07-31T12:13:49.837+0000] {processor.py:756} INFO - Processing file /home/airflow/.local/lib/python3.7/site-packages/airflow/example_dags/example_dag_decorator.py for tasks to queue
[2024-07-31T12:13:49.841+0000] {logging_mixin.py:120} INFO - [2024-07-31T12:13:49.840+0000] {dagbag.py:537} INFO - Filling up the DagBag from /home/airflow/.local/lib/python3.7/site-packages/airflow/example_dags/example_dag_decorator.py
[2024-07-31T12:13:49.879+0000] {logging_mixin.py:120} INFO - [2024-07-31T12:13:49.878+0000] {taskmixin.py:205} WARNING - Dependency <Task(_PythonDecoratedOperator): prepare_email>, send_email already registered for DAG: example_dag_decorator
[2024-07-31T12:13:49.880+0000] {logging_mixin.py:120} INFO - [2024-07-31T12:13:49.879+0000] {taskmixin.py:205} WARNING - Dependency <Task(EmailOperator): send_email>, prepare_email already registered for DAG: example_dag_decorator
[2024-07-31T12:13:49.896+0000] {processor.py:766} INFO - DAG(s) dict_keys(['example_dag_decorator']) retrieved from /home/airflow/.local/lib/python3.7/site-packages/airflow/example_dags/example_dag_decorator.py
[2024-07-31T12:13:49.990+0000] {logging_mixin.py:120} INFO - [2024-07-31T12:13:49.990+0000] {dag.py:2585} INFO - Sync 1 DAGs
[2024-07-31T12:13:50.034+0000] {logging_mixin.py:120} INFO - [2024-07-31T12:13:50.033+0000] {dag.py:3340} INFO - Setting next_dagrun for example_dag_decorator to None, run_after=None
[2024-07-31T12:13:50.171+0000] {processor.py:176} INFO - Processing /home/airflow/.local/lib/python3.7/site-packages/airflow/example_dags/example_dag_decorator.py took 0.341 seconds
[2024-07-31T12:14:20.343+0000] {processor.py:154} INFO - Started process (PID=289) to work on /home/airflow/.local/lib/python3.7/site-packages/airflow/example_dags/example_dag_decorator.py
[2024-07-31T12:14:20.345+0000] {processor.py:756} INFO - Processing file /home/airflow/.local/lib/python3.7/site-packages/airflow/example_dags/example_dag_decorator.py for tasks to queue
[2024-07-31T12:14:20.346+0000] {logging_mixin.py:120} INFO - [2024-07-31T12:14:20.346+0000] {dagbag.py:537} INFO - Filling up the DagBag from /home/airflow/.local/lib/python3.7/site-packages/airflow/example_dags/example_dag_decorator.py
[2024-07-31T12:14:20.364+0000] {logging_mixin.py:120} INFO - [2024-07-31T12:14:20.364+0000] {taskmixin.py:205} WARNING - Dependency <Task(_PythonDecoratedOperator): prepare_email>, send_email already registered for DAG: example_dag_decorator
[2024-07-31T12:14:20.365+0000] {logging_mixin.py:120} INFO - [2024-07-31T12:14:20.365+0000] {taskmixin.py:205} WARNING - Dependency <Task(EmailOperator): send_email>, prepare_email already registered for DAG: example_dag_decorator
[2024-07-31T12:14:20.381+0000] {processor.py:766} INFO - DAG(s) dict_keys(['example_dag_decorator']) retrieved from /home/airflow/.local/lib/python3.7/site-packages/airflow/example_dags/example_dag_decorator.py
[2024-07-31T12:14:20.484+0000] {logging_mixin.py:120} INFO - [2024-07-31T12:14:20.484+0000] {dag.py:2585} INFO - Sync 1 DAGs
[2024-07-31T12:14:20.519+0000] {logging_mixin.py:120} INFO - [2024-07-31T12:14:20.519+0000] {dag.py:3340} INFO - Setting next_dagrun for example_dag_decorator to None, run_after=None
[2024-07-31T12:14:20.552+0000] {processor.py:176} INFO - Processing /home/airflow/.local/lib/python3.7/site-packages/airflow/example_dags/example_dag_decorator.py took 0.212 seconds
[2024-07-31T12:14:51.011+0000] {processor.py:154} INFO - Started process (PID=354) to work on /home/airflow/.local/lib/python3.7/site-packages/airflow/example_dags/example_dag_decorator.py
[2024-07-31T12:14:51.035+0000] {processor.py:756} INFO - Processing file /home/airflow/.local/lib/python3.7/site-packages/airflow/example_dags/example_dag_decorator.py for tasks to queue
[2024-07-31T12:14:51.186+0000] {logging_mixin.py:120} INFO - [2024-07-31T12:14:51.185+0000] {dagbag.py:537} INFO - Filling up the DagBag from /home/airflow/.local/lib/python3.7/site-packages/airflow/example_dags/example_dag_decorator.py
[2024-07-31T12:14:51.344+0000] {logging_mixin.py:120} INFO - [2024-07-31T12:14:51.344+0000] {taskmixin.py:205} WARNING - Dependency <Task(_PythonDecoratedOperator): prepare_email>, send_email already registered for DAG: example_dag_decorator
[2024-07-31T12:14:51.346+0000] {logging_mixin.py:120} INFO - [2024-07-31T12:14:51.345+0000] {taskmixin.py:205} WARNING - Dependency <Task(EmailOperator): send_email>, prepare_email already registered for DAG: example_dag_decorator
[2024-07-31T12:14:51.369+0000] {processor.py:766} INFO - DAG(s) dict_keys(['example_dag_decorator']) retrieved from /home/airflow/.local/lib/python3.7/site-packages/airflow/example_dags/example_dag_decorator.py
[2024-07-31T12:14:51.521+0000] {logging_mixin.py:120} INFO - [2024-07-31T12:14:51.521+0000] {dag.py:2585} INFO - Sync 1 DAGs
[2024-07-31T12:14:51.551+0000] {logging_mixin.py:120} INFO - [2024-07-31T12:14:51.550+0000] {dag.py:3340} INFO - Setting next_dagrun for example_dag_decorator to None, run_after=None
[2024-07-31T12:14:51.582+0000] {processor.py:176} INFO - Processing /home/airflow/.local/lib/python3.7/site-packages/airflow/example_dags/example_dag_decorator.py took 0.574 seconds
[2024-07-31T12:15:22.418+0000] {processor.py:154} INFO - Started process (PID=417) to work on /home/airflow/.local/lib/python3.7/site-packages/airflow/example_dags/example_dag_decorator.py
[2024-07-31T12:15:22.423+0000] {processor.py:756} INFO - Processing file /home/airflow/.local/lib/python3.7/site-packages/airflow/example_dags/example_dag_decorator.py for tasks to queue
[2024-07-31T12:15:22.424+0000] {logging_mixin.py:120} INFO - [2024-07-31T12:15:22.424+0000] {dagbag.py:537} INFO - Filling up the DagBag from /home/airflow/.local/lib/python3.7/site-packages/airflow/example_dags/example_dag_decorator.py
[2024-07-31T12:15:22.466+0000] {logging_mixin.py:120} INFO - [2024-07-31T12:15:22.466+0000] {taskmixin.py:205} WARNING - Dependency <Task(_PythonDecoratedOperator): prepare_email>, send_email already registered for DAG: example_dag_decorator
[2024-07-31T12:15:22.513+0000] {logging_mixin.py:120} INFO - [2024-07-31T12:15:22.513+0000] {taskmixin.py:205} WARNING - Dependency <Task(EmailOperator): send_email>, prepare_email already registered for DAG: example_dag_decorator
[2024-07-31T12:15:22.566+0000] {processor.py:766} INFO - DAG(s) dict_keys(['example_dag_decorator']) retrieved from /home/airflow/.local/lib/python3.7/site-packages/airflow/example_dags/example_dag_decorator.py
[2024-07-31T12:15:22.720+0000] {logging_mixin.py:120} INFO - [2024-07-31T12:15:22.719+0000] {dag.py:2585} INFO - Sync 1 DAGs
[2024-07-31T12:15:22.759+0000] {logging_mixin.py:120} INFO - [2024-07-31T12:15:22.759+0000] {dag.py:3340} INFO - Setting next_dagrun for example_dag_decorator to None, run_after=None
[2024-07-31T12:15:22.815+0000] {processor.py:176} INFO - Processing /home/airflow/.local/lib/python3.7/site-packages/airflow/example_dags/example_dag_decorator.py took 0.401 seconds
[2024-07-31T12:15:53.194+0000] {processor.py:154} INFO - Started process (PID=471) to work on /home/airflow/.local/lib/python3.7/site-packages/airflow/example_dags/example_dag_decorator.py
[2024-07-31T12:15:53.196+0000] {processor.py:756} INFO - Processing file /home/airflow/.local/lib/python3.7/site-packages/airflow/example_dags/example_dag_decorator.py for tasks to queue
[2024-07-31T12:15:53.201+0000] {logging_mixin.py:120} INFO - [2024-07-31T12:15:53.201+0000] {dagbag.py:537} INFO - Filling up the DagBag from /home/airflow/.local/lib/python3.7/site-packages/airflow/example_dags/example_dag_decorator.py
[2024-07-31T12:15:53.261+0000] {logging_mixin.py:120} INFO - [2024-07-31T12:15:53.261+0000] {taskmixin.py:205} WARNING - Dependency <Task(_PythonDecoratedOperator): prepare_email>, send_email already registered for DAG: example_dag_decorator
[2024-07-31T12:15:53.292+0000] {logging_mixin.py:120} INFO - [2024-07-31T12:15:53.292+0000] {taskmixin.py:205} WARNING - Dependency <Task(EmailOperator): send_email>, prepare_email already registered for DAG: example_dag_decorator
[2024-07-31T12:15:53.309+0000] {processor.py:766} INFO - DAG(s) dict_keys(['example_dag_decorator']) retrieved from /home/airflow/.local/lib/python3.7/site-packages/airflow/example_dags/example_dag_decorator.py
[2024-07-31T12:15:53.416+0000] {logging_mixin.py:120} INFO - [2024-07-31T12:15:53.416+0000] {dag.py:2585} INFO - Sync 1 DAGs
[2024-07-31T12:15:53.479+0000] {logging_mixin.py:120} INFO - [2024-07-31T12:15:53.479+0000] {dag.py:3340} INFO - Setting next_dagrun for example_dag_decorator to None, run_after=None
[2024-07-31T12:15:53.512+0000] {processor.py:176} INFO - Processing /home/airflow/.local/lib/python3.7/site-packages/airflow/example_dags/example_dag_decorator.py took 0.322 seconds
[2024-07-31T12:16:23.811+0000] {processor.py:154} INFO - Started process (PID=534) to work on /home/airflow/.local/lib/python3.7/site-packages/airflow/example_dags/example_dag_decorator.py
[2024-07-31T12:16:23.812+0000] {processor.py:756} INFO - Processing file /home/airflow/.local/lib/python3.7/site-packages/airflow/example_dags/example_dag_decorator.py for tasks to queue
[2024-07-31T12:16:23.813+0000] {logging_mixin.py:120} INFO - [2024-07-31T12:16:23.813+0000] {dagbag.py:537} INFO - Filling up the DagBag from /home/airflow/.local/lib/python3.7/site-packages/airflow/example_dags/example_dag_decorator.py
[2024-07-31T12:16:23.837+0000] {logging_mixin.py:120} INFO - [2024-07-31T12:16:23.837+0000] {taskmixin.py:205} WARNING - Dependency <Task(_PythonDecoratedOperator): prepare_email>, send_email already registered for DAG: example_dag_decorator
[2024-07-31T12:16:23.842+0000] {logging_mixin.py:120} INFO - [2024-07-31T12:16:23.841+0000] {taskmixin.py:205} WARNING - Dependency <Task(EmailOperator): send_email>, prepare_email already registered for DAG: example_dag_decorator
[2024-07-31T12:16:23.861+0000] {processor.py:766} INFO - DAG(s) dict_keys(['example_dag_decorator']) retrieved from /home/airflow/.local/lib/python3.7/site-packages/airflow/example_dags/example_dag_decorator.py
[2024-07-31T12:16:23.981+0000] {logging_mixin.py:120} INFO - [2024-07-31T12:16:23.981+0000] {dag.py:2585} INFO - Sync 1 DAGs
[2024-07-31T12:16:24.017+0000] {logging_mixin.py:120} INFO - [2024-07-31T12:16:24.017+0000] {dag.py:3340} INFO - Setting next_dagrun for example_dag_decorator to None, run_after=None
[2024-07-31T12:16:24.054+0000] {processor.py:176} INFO - Processing /home/airflow/.local/lib/python3.7/site-packages/airflow/example_dags/example_dag_decorator.py took 0.247 seconds
[2024-07-31T12:16:54.301+0000] {processor.py:154} INFO - Started process (PID=588) to work on /home/airflow/.local/lib/python3.7/site-packages/airflow/example_dags/example_dag_decorator.py
[2024-07-31T12:16:54.305+0000] {processor.py:756} INFO - Processing file /home/airflow/.local/lib/python3.7/site-packages/airflow/example_dags/example_dag_decorator.py for tasks to queue
[2024-07-31T12:16:54.307+0000] {logging_mixin.py:120} INFO - [2024-07-31T12:16:54.306+0000] {dagbag.py:537} INFO - Filling up the DagBag from /home/airflow/.local/lib/python3.7/site-packages/airflow/example_dags/example_dag_decorator.py
[2024-07-31T12:16:54.331+0000] {logging_mixin.py:120} INFO - [2024-07-31T12:16:54.331+0000] {taskmixin.py:205} WARNING - Dependency <Task(_PythonDecoratedOperator): prepare_email>, send_email already registered for DAG: example_dag_decorator
[2024-07-31T12:16:54.427+0000] {logging_mixin.py:120} INFO - [2024-07-31T12:16:54.427+0000] {taskmixin.py:205} WARNING - Dependency <Task(EmailOperator): send_email>, prepare_email already registered for DAG: example_dag_decorator
[2024-07-31T12:16:54.464+0000] {processor.py:766} INFO - DAG(s) dict_keys(['example_dag_decorator']) retrieved from /home/airflow/.local/lib/python3.7/site-packages/airflow/example_dags/example_dag_decorator.py
[2024-07-31T12:16:54.726+0000] {logging_mixin.py:120} INFO - [2024-07-31T12:16:54.726+0000] {dag.py:2585} INFO - Sync 1 DAGs
[2024-07-31T12:16:54.755+0000] {logging_mixin.py:120} INFO - [2024-07-31T12:16:54.755+0000] {dag.py:3340} INFO - Setting next_dagrun for example_dag_decorator to None, run_after=None
[2024-07-31T12:16:54.797+0000] {processor.py:176} INFO - Processing /home/airflow/.local/lib/python3.7/site-packages/airflow/example_dags/example_dag_decorator.py took 0.502 seconds
[2024-07-31T12:17:25.560+0000] {processor.py:154} INFO - Started process (PID=650) to work on /home/airflow/.local/lib/python3.7/site-packages/airflow/example_dags/example_dag_decorator.py
[2024-07-31T12:17:25.598+0000] {processor.py:756} INFO - Processing file /home/airflow/.local/lib/python3.7/site-packages/airflow/example_dags/example_dag_decorator.py for tasks to queue
[2024-07-31T12:17:25.604+0000] {logging_mixin.py:120} INFO - [2024-07-31T12:17:25.604+0000] {dagbag.py:537} INFO - Filling up the DagBag from /home/airflow/.local/lib/python3.7/site-packages/airflow/example_dags/example_dag_decorator.py
[2024-07-31T12:17:25.623+0000] {logging_mixin.py:120} INFO - [2024-07-31T12:17:25.622+0000] {taskmixin.py:205} WARNING - Dependency <Task(_PythonDecoratedOperator): prepare_email>, send_email already registered for DAG: example_dag_decorator
[2024-07-31T12:17:25.623+0000] {logging_mixin.py:120} INFO - [2024-07-31T12:17:25.623+0000] {taskmixin.py:205} WARNING - Dependency <Task(EmailOperator): send_email>, prepare_email already registered for DAG: example_dag_decorator
[2024-07-31T12:17:25.637+0000] {processor.py:766} INFO - DAG(s) dict_keys(['example_dag_decorator']) retrieved from /home/airflow/.local/lib/python3.7/site-packages/airflow/example_dags/example_dag_decorator.py
[2024-07-31T12:17:25.736+0000] {logging_mixin.py:120} INFO - [2024-07-31T12:17:25.736+0000] {dag.py:2585} INFO - Sync 1 DAGs
[2024-07-31T12:17:25.800+0000] {logging_mixin.py:120} INFO - [2024-07-31T12:17:25.800+0000] {dag.py:3340} INFO - Setting next_dagrun for example_dag_decorator to None, run_after=None
[2024-07-31T12:17:25.834+0000] {processor.py:176} INFO - Processing /home/airflow/.local/lib/python3.7/site-packages/airflow/example_dags/example_dag_decorator.py took 0.277 seconds
[2024-07-31T12:17:56.011+0000] {processor.py:154} INFO - Started process (PID=704) to work on /home/airflow/.local/lib/python3.7/site-packages/airflow/example_dags/example_dag_decorator.py
[2024-07-31T12:17:56.013+0000] {processor.py:756} INFO - Processing file /home/airflow/.local/lib/python3.7/site-packages/airflow/example_dags/example_dag_decorator.py for tasks to queue
[2024-07-31T12:17:56.014+0000] {logging_mixin.py:120} INFO - [2024-07-31T12:17:56.014+0000] {dagbag.py:537} INFO - Filling up the DagBag from /home/airflow/.local/lib/python3.7/site-packages/airflow/example_dags/example_dag_decorator.py
[2024-07-31T12:17:56.035+0000] {logging_mixin.py:120} INFO - [2024-07-31T12:17:56.035+0000] {taskmixin.py:205} WARNING - Dependency <Task(_PythonDecoratedOperator): prepare_email>, send_email already registered for DAG: example_dag_decorator
[2024-07-31T12:17:56.037+0000] {logging_mixin.py:120} INFO - [2024-07-31T12:17:56.036+0000] {taskmixin.py:205} WARNING - Dependency <Task(EmailOperator): send_email>, prepare_email already registered for DAG: example_dag_decorator
[2024-07-31T12:17:56.054+0000] {processor.py:766} INFO - DAG(s) dict_keys(['example_dag_decorator']) retrieved from /home/airflow/.local/lib/python3.7/site-packages/airflow/example_dags/example_dag_decorator.py
[2024-07-31T12:17:56.142+0000] {logging_mixin.py:120} INFO - [2024-07-31T12:17:56.142+0000] {dag.py:2585} INFO - Sync 1 DAGs
[2024-07-31T12:17:56.175+0000] {logging_mixin.py:120} INFO - [2024-07-31T12:17:56.174+0000] {dag.py:3340} INFO - Setting next_dagrun for example_dag_decorator to None, run_after=None
[2024-07-31T12:17:56.201+0000] {processor.py:176} INFO - Processing /home/airflow/.local/lib/python3.7/site-packages/airflow/example_dags/example_dag_decorator.py took 0.194 seconds
[2024-07-31T12:18:26.498+0000] {processor.py:154} INFO - Started process (PID=766) to work on /home/airflow/.local/lib/python3.7/site-packages/airflow/example_dags/example_dag_decorator.py
[2024-07-31T12:18:26.499+0000] {processor.py:756} INFO - Processing file /home/airflow/.local/lib/python3.7/site-packages/airflow/example_dags/example_dag_decorator.py for tasks to queue
[2024-07-31T12:18:26.500+0000] {logging_mixin.py:120} INFO - [2024-07-31T12:18:26.500+0000] {dagbag.py:537} INFO - Filling up the DagBag from /home/airflow/.local/lib/python3.7/site-packages/airflow/example_dags/example_dag_decorator.py
[2024-07-31T12:18:26.518+0000] {logging_mixin.py:120} INFO - [2024-07-31T12:18:26.518+0000] {taskmixin.py:205} WARNING - Dependency <Task(_PythonDecoratedOperator): prepare_email>, send_email already registered for DAG: example_dag_decorator
[2024-07-31T12:18:26.519+0000] {logging_mixin.py:120} INFO - [2024-07-31T12:18:26.519+0000] {taskmixin.py:205} WARNING - Dependency <Task(EmailOperator): send_email>, prepare_email already registered for DAG: example_dag_decorator
[2024-07-31T12:18:26.536+0000] {processor.py:766} INFO - DAG(s) dict_keys(['example_dag_decorator']) retrieved from /home/airflow/.local/lib/python3.7/site-packages/airflow/example_dags/example_dag_decorator.py
[2024-07-31T12:18:26.629+0000] {logging_mixin.py:120} INFO - [2024-07-31T12:18:26.629+0000] {dag.py:2585} INFO - Sync 1 DAGs
[2024-07-31T12:18:26.701+0000] {logging_mixin.py:120} INFO - [2024-07-31T12:18:26.700+0000] {dag.py:3340} INFO - Setting next_dagrun for example_dag_decorator to None, run_after=None
[2024-07-31T12:18:26.724+0000] {processor.py:176} INFO - Processing /home/airflow/.local/lib/python3.7/site-packages/airflow/example_dags/example_dag_decorator.py took 0.230 seconds
[2024-07-31T12:18:57.514+0000] {processor.py:154} INFO - Started process (PID=820) to work on /home/airflow/.local/lib/python3.7/site-packages/airflow/example_dags/example_dag_decorator.py
[2024-07-31T12:18:57.543+0000] {processor.py:756} INFO - Processing file /home/airflow/.local/lib/python3.7/site-packages/airflow/example_dags/example_dag_decorator.py for tasks to queue
[2024-07-31T12:18:57.600+0000] {logging_mixin.py:120} INFO - [2024-07-31T12:18:57.600+0000] {dagbag.py:537} INFO - Filling up the DagBag from /home/airflow/.local/lib/python3.7/site-packages/airflow/example_dags/example_dag_decorator.py
[2024-07-31T12:18:57.632+0000] {logging_mixin.py:120} INFO - [2024-07-31T12:18:57.632+0000] {taskmixin.py:205} WARNING - Dependency <Task(_PythonDecoratedOperator): prepare_email>, send_email already registered for DAG: example_dag_decorator
[2024-07-31T12:18:57.670+0000] {logging_mixin.py:120} INFO - [2024-07-31T12:18:57.670+0000] {taskmixin.py:205} WARNING - Dependency <Task(EmailOperator): send_email>, prepare_email already registered for DAG: example_dag_decorator
[2024-07-31T12:18:57.702+0000] {processor.py:766} INFO - DAG(s) dict_keys(['example_dag_decorator']) retrieved from /home/airflow/.local/lib/python3.7/site-packages/airflow/example_dags/example_dag_decorator.py
[2024-07-31T12:18:57.867+0000] {logging_mixin.py:120} INFO - [2024-07-31T12:18:57.867+0000] {dag.py:2585} INFO - Sync 1 DAGs
[2024-07-31T12:18:57.941+0000] {logging_mixin.py:120} INFO - [2024-07-31T12:18:57.941+0000] {dag.py:3340} INFO - Setting next_dagrun for example_dag_decorator to None, run_after=None
[2024-07-31T12:18:58.062+0000] {processor.py:176} INFO - Processing /home/airflow/.local/lib/python3.7/site-packages/airflow/example_dags/example_dag_decorator.py took 0.552 seconds
[2024-07-31T12:19:28.481+0000] {processor.py:154} INFO - Started process (PID=883) to work on /home/airflow/.local/lib/python3.7/site-packages/airflow/example_dags/example_dag_decorator.py
[2024-07-31T12:19:28.483+0000] {processor.py:756} INFO - Processing file /home/airflow/.local/lib/python3.7/site-packages/airflow/example_dags/example_dag_decorator.py for tasks to queue
[2024-07-31T12:19:28.484+0000] {logging_mixin.py:120} INFO - [2024-07-31T12:19:28.484+0000] {dagbag.py:537} INFO - Filling up the DagBag from /home/airflow/.local/lib/python3.7/site-packages/airflow/example_dags/example_dag_decorator.py
[2024-07-31T12:19:28.502+0000] {logging_mixin.py:120} INFO - [2024-07-31T12:19:28.502+0000] {taskmixin.py:205} WARNING - Dependency <Task(_PythonDecoratedOperator): prepare_email>, send_email already registered for DAG: example_dag_decorator
[2024-07-31T12:19:28.529+0000] {logging_mixin.py:120} INFO - [2024-07-31T12:19:28.529+0000] {taskmixin.py:205} WARNING - Dependency <Task(EmailOperator): send_email>, prepare_email already registered for DAG: example_dag_decorator
[2024-07-31T12:19:28.549+0000] {processor.py:766} INFO - DAG(s) dict_keys(['example_dag_decorator']) retrieved from /home/airflow/.local/lib/python3.7/site-packages/airflow/example_dags/example_dag_decorator.py
[2024-07-31T12:19:28.641+0000] {logging_mixin.py:120} INFO - [2024-07-31T12:19:28.641+0000] {dag.py:2585} INFO - Sync 1 DAGs
[2024-07-31T12:19:28.691+0000] {logging_mixin.py:120} INFO - [2024-07-31T12:19:28.691+0000] {dag.py:3340} INFO - Setting next_dagrun for example_dag_decorator to None, run_after=None
[2024-07-31T12:19:28.718+0000] {processor.py:176} INFO - Processing /home/airflow/.local/lib/python3.7/site-packages/airflow/example_dags/example_dag_decorator.py took 0.240 seconds
[2024-07-31T12:19:58.850+0000] {processor.py:154} INFO - Started process (PID=945) to work on /home/airflow/.local/lib/python3.7/site-packages/airflow/example_dags/example_dag_decorator.py
[2024-07-31T12:19:58.852+0000] {processor.py:756} INFO - Processing file /home/airflow/.local/lib/python3.7/site-packages/airflow/example_dags/example_dag_decorator.py for tasks to queue
[2024-07-31T12:19:58.854+0000] {logging_mixin.py:120} INFO - [2024-07-31T12:19:58.853+0000] {dagbag.py:537} INFO - Filling up the DagBag from /home/airflow/.local/lib/python3.7/site-packages/airflow/example_dags/example_dag_decorator.py
[2024-07-31T12:19:58.882+0000] {logging_mixin.py:120} INFO - [2024-07-31T12:19:58.882+0000] {taskmixin.py:205} WARNING - Dependency <Task(_PythonDecoratedOperator): prepare_email>, send_email already registered for DAG: example_dag_decorator
[2024-07-31T12:19:58.884+0000] {logging_mixin.py:120} INFO - [2024-07-31T12:19:58.884+0000] {taskmixin.py:205} WARNING - Dependency <Task(EmailOperator): send_email>, prepare_email already registered for DAG: example_dag_decorator
[2024-07-31T12:19:58.906+0000] {processor.py:766} INFO - DAG(s) dict_keys(['example_dag_decorator']) retrieved from /home/airflow/.local/lib/python3.7/site-packages/airflow/example_dags/example_dag_decorator.py
[2024-07-31T12:19:59.037+0000] {logging_mixin.py:120} INFO - [2024-07-31T12:19:59.036+0000] {dag.py:2585} INFO - Sync 1 DAGs
[2024-07-31T12:19:59.068+0000] {logging_mixin.py:120} INFO - [2024-07-31T12:19:59.068+0000] {dag.py:3340} INFO - Setting next_dagrun for example_dag_decorator to None, run_after=None
[2024-07-31T12:19:59.114+0000] {processor.py:176} INFO - Processing /home/airflow/.local/lib/python3.7/site-packages/airflow/example_dags/example_dag_decorator.py took 0.267 seconds
[2024-07-31T12:20:29.564+0000] {processor.py:154} INFO - Started process (PID=999) to work on /home/airflow/.local/lib/python3.7/site-packages/airflow/example_dags/example_dag_decorator.py
[2024-07-31T12:20:29.567+0000] {processor.py:756} INFO - Processing file /home/airflow/.local/lib/python3.7/site-packages/airflow/example_dags/example_dag_decorator.py for tasks to queue
[2024-07-31T12:20:29.568+0000] {logging_mixin.py:120} INFO - [2024-07-31T12:20:29.568+0000] {dagbag.py:537} INFO - Filling up the DagBag from /home/airflow/.local/lib/python3.7/site-packages/airflow/example_dags/example_dag_decorator.py
[2024-07-31T12:20:29.592+0000] {logging_mixin.py:120} INFO - [2024-07-31T12:20:29.592+0000] {taskmixin.py:205} WARNING - Dependency <Task(_PythonDecoratedOperator): prepare_email>, send_email already registered for DAG: example_dag_decorator
[2024-07-31T12:20:29.601+0000] {logging_mixin.py:120} INFO - [2024-07-31T12:20:29.601+0000] {taskmixin.py:205} WARNING - Dependency <Task(EmailOperator): send_email>, prepare_email already registered for DAG: example_dag_decorator
[2024-07-31T12:20:29.656+0000] {processor.py:766} INFO - DAG(s) dict_keys(['example_dag_decorator']) retrieved from /home/airflow/.local/lib/python3.7/site-packages/airflow/example_dags/example_dag_decorator.py
[2024-07-31T12:20:29.851+0000] {logging_mixin.py:120} INFO - [2024-07-31T12:20:29.851+0000] {dag.py:2585} INFO - Sync 1 DAGs
[2024-07-31T12:20:29.971+0000] {logging_mixin.py:120} INFO - [2024-07-31T12:20:29.971+0000] {dag.py:3340} INFO - Setting next_dagrun for example_dag_decorator to None, run_after=None
[2024-07-31T12:20:30.044+0000] {processor.py:176} INFO - Processing /home/airflow/.local/lib/python3.7/site-packages/airflow/example_dags/example_dag_decorator.py took 0.484 seconds
[2024-07-31T12:21:01.074+0000] {processor.py:154} INFO - Started process (PID=1062) to work on /home/airflow/.local/lib/python3.7/site-packages/airflow/example_dags/example_dag_decorator.py
[2024-07-31T12:21:01.251+0000] {processor.py:756} INFO - Processing file /home/airflow/.local/lib/python3.7/site-packages/airflow/example_dags/example_dag_decorator.py for tasks to queue
[2024-07-31T12:21:01.435+0000] {logging_mixin.py:120} INFO - [2024-07-31T12:21:01.435+0000] {dagbag.py:537} INFO - Filling up the DagBag from /home/airflow/.local/lib/python3.7/site-packages/airflow/example_dags/example_dag_decorator.py
[2024-07-31T12:21:01.565+0000] {logging_mixin.py:120} INFO - [2024-07-31T12:21:01.565+0000] {taskmixin.py:205} WARNING - Dependency <Task(_PythonDecoratedOperator): prepare_email>, send_email already registered for DAG: example_dag_decorator
[2024-07-31T12:21:01.646+0000] {logging_mixin.py:120} INFO - [2024-07-31T12:21:01.645+0000] {taskmixin.py:205} WARNING - Dependency <Task(EmailOperator): send_email>, prepare_email already registered for DAG: example_dag_decorator
[2024-07-31T12:21:01.684+0000] {processor.py:766} INFO - DAG(s) dict_keys(['example_dag_decorator']) retrieved from /home/airflow/.local/lib/python3.7/site-packages/airflow/example_dags/example_dag_decorator.py
[2024-07-31T12:21:01.894+0000] {logging_mixin.py:120} INFO - [2024-07-31T12:21:01.894+0000] {dag.py:2585} INFO - Sync 1 DAGs
[2024-07-31T12:21:01.999+0000] {logging_mixin.py:120} INFO - [2024-07-31T12:21:01.999+0000] {dag.py:3340} INFO - Setting next_dagrun for example_dag_decorator to None, run_after=None
[2024-07-31T12:21:02.144+0000] {processor.py:176} INFO - Processing /home/airflow/.local/lib/python3.7/site-packages/airflow/example_dags/example_dag_decorator.py took 1.075 seconds
[2024-07-31T12:21:32.708+0000] {processor.py:154} INFO - Started process (PID=1125) to work on /home/airflow/.local/lib/python3.7/site-packages/airflow/example_dags/example_dag_decorator.py
[2024-07-31T12:21:32.710+0000] {processor.py:756} INFO - Processing file /home/airflow/.local/lib/python3.7/site-packages/airflow/example_dags/example_dag_decorator.py for tasks to queue
[2024-07-31T12:21:32.712+0000] {logging_mixin.py:120} INFO - [2024-07-31T12:21:32.712+0000] {dagbag.py:537} INFO - Filling up the DagBag from /home/airflow/.local/lib/python3.7/site-packages/airflow/example_dags/example_dag_decorator.py
[2024-07-31T12:21:32.743+0000] {logging_mixin.py:120} INFO - [2024-07-31T12:21:32.742+0000] {taskmixin.py:205} WARNING - Dependency <Task(_PythonDecoratedOperator): prepare_email>, send_email already registered for DAG: example_dag_decorator
[2024-07-31T12:21:32.744+0000] {logging_mixin.py:120} INFO - [2024-07-31T12:21:32.744+0000] {taskmixin.py:205} WARNING - Dependency <Task(EmailOperator): send_email>, prepare_email already registered for DAG: example_dag_decorator
[2024-07-31T12:21:32.777+0000] {processor.py:766} INFO - DAG(s) dict_keys(['example_dag_decorator']) retrieved from /home/airflow/.local/lib/python3.7/site-packages/airflow/example_dags/example_dag_decorator.py
[2024-07-31T12:21:32.987+0000] {logging_mixin.py:120} INFO - [2024-07-31T12:21:32.986+0000] {dag.py:2585} INFO - Sync 1 DAGs
[2024-07-31T12:21:33.029+0000] {logging_mixin.py:120} INFO - [2024-07-31T12:21:33.028+0000] {dag.py:3340} INFO - Setting next_dagrun for example_dag_decorator to None, run_after=None
[2024-07-31T12:21:33.069+0000] {processor.py:176} INFO - Processing /home/airflow/.local/lib/python3.7/site-packages/airflow/example_dags/example_dag_decorator.py took 0.365 seconds
[2024-07-31T12:22:04.837+0000] {processor.py:154} INFO - Started process (PID=1179) to work on /home/airflow/.local/lib/python3.7/site-packages/airflow/example_dags/example_dag_decorator.py
[2024-07-31T12:22:04.847+0000] {processor.py:756} INFO - Processing file /home/airflow/.local/lib/python3.7/site-packages/airflow/example_dags/example_dag_decorator.py for tasks to queue
[2024-07-31T12:22:04.849+0000] {logging_mixin.py:120} INFO - [2024-07-31T12:22:04.849+0000] {dagbag.py:537} INFO - Filling up the DagBag from /home/airflow/.local/lib/python3.7/site-packages/airflow/example_dags/example_dag_decorator.py
[2024-07-31T12:22:04.870+0000] {logging_mixin.py:120} INFO - [2024-07-31T12:22:04.870+0000] {taskmixin.py:205} WARNING - Dependency <Task(_PythonDecoratedOperator): prepare_email>, send_email already registered for DAG: example_dag_decorator
[2024-07-31T12:22:04.907+0000] {logging_mixin.py:120} INFO - [2024-07-31T12:22:04.907+0000] {taskmixin.py:205} WARNING - Dependency <Task(EmailOperator): send_email>, prepare_email already registered for DAG: example_dag_decorator
[2024-07-31T12:22:04.929+0000] {processor.py:766} INFO - DAG(s) dict_keys(['example_dag_decorator']) retrieved from /home/airflow/.local/lib/python3.7/site-packages/airflow/example_dags/example_dag_decorator.py
[2024-07-31T12:22:05.040+0000] {logging_mixin.py:120} INFO - [2024-07-31T12:22:05.040+0000] {dag.py:2585} INFO - Sync 1 DAGs
[2024-07-31T12:22:05.109+0000] {logging_mixin.py:120} INFO - [2024-07-31T12:22:05.108+0000] {dag.py:3340} INFO - Setting next_dagrun for example_dag_decorator to None, run_after=None
[2024-07-31T12:22:05.213+0000] {processor.py:176} INFO - Processing /home/airflow/.local/lib/python3.7/site-packages/airflow/example_dags/example_dag_decorator.py took 0.380 seconds
[2024-07-31T12:22:35.799+0000] {processor.py:154} INFO - Started process (PID=1242) to work on /home/airflow/.local/lib/python3.7/site-packages/airflow/example_dags/example_dag_decorator.py
[2024-07-31T12:22:35.801+0000] {processor.py:756} INFO - Processing file /home/airflow/.local/lib/python3.7/site-packages/airflow/example_dags/example_dag_decorator.py for tasks to queue
[2024-07-31T12:22:35.802+0000] {logging_mixin.py:120} INFO - [2024-07-31T12:22:35.802+0000] {dagbag.py:537} INFO - Filling up the DagBag from /home/airflow/.local/lib/python3.7/site-packages/airflow/example_dags/example_dag_decorator.py
[2024-07-31T12:22:35.830+0000] {logging_mixin.py:120} INFO - [2024-07-31T12:22:35.830+0000] {taskmixin.py:205} WARNING - Dependency <Task(_PythonDecoratedOperator): prepare_email>, send_email already registered for DAG: example_dag_decorator
[2024-07-31T12:22:35.831+0000] {logging_mixin.py:120} INFO - [2024-07-31T12:22:35.831+0000] {taskmixin.py:205} WARNING - Dependency <Task(EmailOperator): send_email>, prepare_email already registered for DAG: example_dag_decorator
[2024-07-31T12:22:35.856+0000] {processor.py:766} INFO - DAG(s) dict_keys(['example_dag_decorator']) retrieved from /home/airflow/.local/lib/python3.7/site-packages/airflow/example_dags/example_dag_decorator.py
[2024-07-31T12:22:35.997+0000] {logging_mixin.py:120} INFO - [2024-07-31T12:22:35.997+0000] {dag.py:2585} INFO - Sync 1 DAGs
[2024-07-31T12:22:36.036+0000] {logging_mixin.py:120} INFO - [2024-07-31T12:22:36.036+0000] {dag.py:3340} INFO - Setting next_dagrun for example_dag_decorator to None, run_after=None
[2024-07-31T12:22:36.075+0000] {processor.py:176} INFO - Processing /home/airflow/.local/lib/python3.7/site-packages/airflow/example_dags/example_dag_decorator.py took 0.280 seconds
[2024-07-31T12:23:06.883+0000] {processor.py:154} INFO - Started process (PID=1297) to work on /home/airflow/.local/lib/python3.7/site-packages/airflow/example_dags/example_dag_decorator.py
[2024-07-31T12:23:06.885+0000] {processor.py:756} INFO - Processing file /home/airflow/.local/lib/python3.7/site-packages/airflow/example_dags/example_dag_decorator.py for tasks to queue
[2024-07-31T12:23:06.898+0000] {logging_mixin.py:120} INFO - [2024-07-31T12:23:06.898+0000] {dagbag.py:537} INFO - Filling up the DagBag from /home/airflow/.local/lib/python3.7/site-packages/airflow/example_dags/example_dag_decorator.py
[2024-07-31T12:23:06.922+0000] {logging_mixin.py:120} INFO - [2024-07-31T12:23:06.922+0000] {taskmixin.py:205} WARNING - Dependency <Task(_PythonDecoratedOperator): prepare_email>, send_email already registered for DAG: example_dag_decorator
[2024-07-31T12:23:06.923+0000] {logging_mixin.py:120} INFO - [2024-07-31T12:23:06.923+0000] {taskmixin.py:205} WARNING - Dependency <Task(EmailOperator): send_email>, prepare_email already registered for DAG: example_dag_decorator
[2024-07-31T12:23:06.943+0000] {processor.py:766} INFO - DAG(s) dict_keys(['example_dag_decorator']) retrieved from /home/airflow/.local/lib/python3.7/site-packages/airflow/example_dags/example_dag_decorator.py
[2024-07-31T12:23:07.064+0000] {logging_mixin.py:120} INFO - [2024-07-31T12:23:07.064+0000] {dag.py:2585} INFO - Sync 1 DAGs
[2024-07-31T12:23:07.114+0000] {logging_mixin.py:120} INFO - [2024-07-31T12:23:07.114+0000] {dag.py:3340} INFO - Setting next_dagrun for example_dag_decorator to None, run_after=None
[2024-07-31T12:23:07.149+0000] {processor.py:176} INFO - Processing /home/airflow/.local/lib/python3.7/site-packages/airflow/example_dags/example_dag_decorator.py took 0.269 seconds
[2024-07-31T12:23:37.309+0000] {processor.py:154} INFO - Started process (PID=1360) to work on /home/airflow/.local/lib/python3.7/site-packages/airflow/example_dags/example_dag_decorator.py
[2024-07-31T12:23:37.310+0000] {processor.py:756} INFO - Processing file /home/airflow/.local/lib/python3.7/site-packages/airflow/example_dags/example_dag_decorator.py for tasks to queue
[2024-07-31T12:23:37.312+0000] {logging_mixin.py:120} INFO - [2024-07-31T12:23:37.312+0000] {dagbag.py:537} INFO - Filling up the DagBag from /home/airflow/.local/lib/python3.7/site-packages/airflow/example_dags/example_dag_decorator.py
[2024-07-31T12:23:37.332+0000] {logging_mixin.py:120} INFO - [2024-07-31T12:23:37.331+0000] {taskmixin.py:205} WARNING - Dependency <Task(_PythonDecoratedOperator): prepare_email>, send_email already registered for DAG: example_dag_decorator
[2024-07-31T12:23:37.381+0000] {logging_mixin.py:120} INFO - [2024-07-31T12:23:37.381+0000] {taskmixin.py:205} WARNING - Dependency <Task(EmailOperator): send_email>, prepare_email already registered for DAG: example_dag_decorator
[2024-07-31T12:23:37.401+0000] {processor.py:766} INFO - DAG(s) dict_keys(['example_dag_decorator']) retrieved from /home/airflow/.local/lib/python3.7/site-packages/airflow/example_dags/example_dag_decorator.py
[2024-07-31T12:23:37.507+0000] {logging_mixin.py:120} INFO - [2024-07-31T12:23:37.507+0000] {dag.py:2585} INFO - Sync 1 DAGs
[2024-07-31T12:23:37.569+0000] {logging_mixin.py:120} INFO - [2024-07-31T12:23:37.569+0000] {dag.py:3340} INFO - Setting next_dagrun for example_dag_decorator to None, run_after=None
[2024-07-31T12:23:37.631+0000] {processor.py:176} INFO - Processing /home/airflow/.local/lib/python3.7/site-packages/airflow/example_dags/example_dag_decorator.py took 0.327 seconds
[2024-07-31T12:24:08.046+0000] {processor.py:154} INFO - Started process (PID=1423) to work on /home/airflow/.local/lib/python3.7/site-packages/airflow/example_dags/example_dag_decorator.py
[2024-07-31T12:24:08.049+0000] {processor.py:756} INFO - Processing file /home/airflow/.local/lib/python3.7/site-packages/airflow/example_dags/example_dag_decorator.py for tasks to queue
[2024-07-31T12:24:08.051+0000] {logging_mixin.py:120} INFO - [2024-07-31T12:24:08.051+0000] {dagbag.py:537} INFO - Filling up the DagBag from /home/airflow/.local/lib/python3.7/site-packages/airflow/example_dags/example_dag_decorator.py
[2024-07-31T12:24:08.077+0000] {logging_mixin.py:120} INFO - [2024-07-31T12:24:08.076+0000] {taskmixin.py:205} WARNING - Dependency <Task(_PythonDecoratedOperator): prepare_email>, send_email already registered for DAG: example_dag_decorator
[2024-07-31T12:24:08.079+0000] {logging_mixin.py:120} INFO - [2024-07-31T12:24:08.079+0000] {taskmixin.py:205} WARNING - Dependency <Task(EmailOperator): send_email>, prepare_email already registered for DAG: example_dag_decorator
[2024-07-31T12:24:08.112+0000] {processor.py:766} INFO - DAG(s) dict_keys(['example_dag_decorator']) retrieved from /home/airflow/.local/lib/python3.7/site-packages/airflow/example_dags/example_dag_decorator.py
[2024-07-31T12:24:08.236+0000] {logging_mixin.py:120} INFO - [2024-07-31T12:24:08.236+0000] {dag.py:2585} INFO - Sync 1 DAGs
[2024-07-31T12:24:08.279+0000] {logging_mixin.py:120} INFO - [2024-07-31T12:24:08.279+0000] {dag.py:3340} INFO - Setting next_dagrun for example_dag_decorator to None, run_after=None
[2024-07-31T12:24:08.324+0000] {processor.py:176} INFO - Processing /home/airflow/.local/lib/python3.7/site-packages/airflow/example_dags/example_dag_decorator.py took 0.284 seconds
[2024-07-31T12:24:38.813+0000] {processor.py:154} INFO - Started process (PID=1477) to work on /home/airflow/.local/lib/python3.7/site-packages/airflow/example_dags/example_dag_decorator.py
[2024-07-31T12:24:38.816+0000] {processor.py:756} INFO - Processing file /home/airflow/.local/lib/python3.7/site-packages/airflow/example_dags/example_dag_decorator.py for tasks to queue
[2024-07-31T12:24:38.818+0000] {logging_mixin.py:120} INFO - [2024-07-31T12:24:38.818+0000] {dagbag.py:537} INFO - Filling up the DagBag from /home/airflow/.local/lib/python3.7/site-packages/airflow/example_dags/example_dag_decorator.py
[2024-07-31T12:24:38.835+0000] {logging_mixin.py:120} INFO - [2024-07-31T12:24:38.835+0000] {taskmixin.py:205} WARNING - Dependency <Task(_PythonDecoratedOperator): prepare_email>, send_email already registered for DAG: example_dag_decorator
[2024-07-31T12:24:38.837+0000] {logging_mixin.py:120} INFO - [2024-07-31T12:24:38.837+0000] {taskmixin.py:205} WARNING - Dependency <Task(EmailOperator): send_email>, prepare_email already registered for DAG: example_dag_decorator
[2024-07-31T12:24:38.849+0000] {processor.py:766} INFO - DAG(s) dict_keys(['example_dag_decorator']) retrieved from /home/airflow/.local/lib/python3.7/site-packages/airflow/example_dags/example_dag_decorator.py
[2024-07-31T12:24:38.931+0000] {logging_mixin.py:120} INFO - [2024-07-31T12:24:38.931+0000] {dag.py:2585} INFO - Sync 1 DAGs
[2024-07-31T12:24:38.959+0000] {logging_mixin.py:120} INFO - [2024-07-31T12:24:38.958+0000] {dag.py:3340} INFO - Setting next_dagrun for example_dag_decorator to None, run_after=None
[2024-07-31T12:24:38.997+0000] {processor.py:176} INFO - Processing /home/airflow/.local/lib/python3.7/site-packages/airflow/example_dags/example_dag_decorator.py took 0.189 seconds
[2024-07-31T12:25:09.618+0000] {processor.py:154} INFO - Started process (PID=1539) to work on /home/airflow/.local/lib/python3.7/site-packages/airflow/example_dags/example_dag_decorator.py
[2024-07-31T12:25:09.620+0000] {processor.py:756} INFO - Processing file /home/airflow/.local/lib/python3.7/site-packages/airflow/example_dags/example_dag_decorator.py for tasks to queue
[2024-07-31T12:25:09.622+0000] {logging_mixin.py:120} INFO - [2024-07-31T12:25:09.621+0000] {dagbag.py:537} INFO - Filling up the DagBag from /home/airflow/.local/lib/python3.7/site-packages/airflow/example_dags/example_dag_decorator.py
[2024-07-31T12:25:09.649+0000] {logging_mixin.py:120} INFO - [2024-07-31T12:25:09.648+0000] {taskmixin.py:205} WARNING - Dependency <Task(_PythonDecoratedOperator): prepare_email>, send_email already registered for DAG: example_dag_decorator
[2024-07-31T12:25:09.649+0000] {logging_mixin.py:120} INFO - [2024-07-31T12:25:09.649+0000] {taskmixin.py:205} WARNING - Dependency <Task(EmailOperator): send_email>, prepare_email already registered for DAG: example_dag_decorator
[2024-07-31T12:25:09.666+0000] {processor.py:766} INFO - DAG(s) dict_keys(['example_dag_decorator']) retrieved from /home/airflow/.local/lib/python3.7/site-packages/airflow/example_dags/example_dag_decorator.py
[2024-07-31T12:25:09.772+0000] {logging_mixin.py:120} INFO - [2024-07-31T12:25:09.772+0000] {dag.py:2585} INFO - Sync 1 DAGs
[2024-07-31T12:25:09.806+0000] {logging_mixin.py:120} INFO - [2024-07-31T12:25:09.806+0000] {dag.py:3340} INFO - Setting next_dagrun for example_dag_decorator to None, run_after=None
[2024-07-31T12:25:09.832+0000] {processor.py:176} INFO - Processing /home/airflow/.local/lib/python3.7/site-packages/airflow/example_dags/example_dag_decorator.py took 0.219 seconds
[2024-07-31T12:25:40.533+0000] {processor.py:154} INFO - Started process (PID=1593) to work on /home/airflow/.local/lib/python3.7/site-packages/airflow/example_dags/example_dag_decorator.py
[2024-07-31T12:25:40.535+0000] {processor.py:756} INFO - Processing file /home/airflow/.local/lib/python3.7/site-packages/airflow/example_dags/example_dag_decorator.py for tasks to queue
[2024-07-31T12:25:40.536+0000] {logging_mixin.py:120} INFO - [2024-07-31T12:25:40.536+0000] {dagbag.py:537} INFO - Filling up the DagBag from /home/airflow/.local/lib/python3.7/site-packages/airflow/example_dags/example_dag_decorator.py
[2024-07-31T12:25:40.551+0000] {logging_mixin.py:120} INFO - [2024-07-31T12:25:40.551+0000] {taskmixin.py:205} WARNING - Dependency <Task(_PythonDecoratedOperator): prepare_email>, send_email already registered for DAG: example_dag_decorator
[2024-07-31T12:25:40.552+0000] {logging_mixin.py:120} INFO - [2024-07-31T12:25:40.552+0000] {taskmixin.py:205} WARNING - Dependency <Task(EmailOperator): send_email>, prepare_email already registered for DAG: example_dag_decorator
[2024-07-31T12:25:40.570+0000] {processor.py:766} INFO - DAG(s) dict_keys(['example_dag_decorator']) retrieved from /home/airflow/.local/lib/python3.7/site-packages/airflow/example_dags/example_dag_decorator.py
[2024-07-31T12:25:40.662+0000] {logging_mixin.py:120} INFO - [2024-07-31T12:25:40.661+0000] {dag.py:2585} INFO - Sync 1 DAGs
[2024-07-31T12:25:40.689+0000] {logging_mixin.py:120} INFO - [2024-07-31T12:25:40.688+0000] {dag.py:3340} INFO - Setting next_dagrun for example_dag_decorator to None, run_after=None
[2024-07-31T12:25:40.715+0000] {processor.py:176} INFO - Processing /home/airflow/.local/lib/python3.7/site-packages/airflow/example_dags/example_dag_decorator.py took 0.185 seconds
[2024-07-31T12:26:11.090+0000] {processor.py:154} INFO - Started process (PID=1656) to work on /home/airflow/.local/lib/python3.7/site-packages/airflow/example_dags/example_dag_decorator.py
[2024-07-31T12:26:11.092+0000] {processor.py:756} INFO - Processing file /home/airflow/.local/lib/python3.7/site-packages/airflow/example_dags/example_dag_decorator.py for tasks to queue
[2024-07-31T12:26:11.093+0000] {logging_mixin.py:120} INFO - [2024-07-31T12:26:11.093+0000] {dagbag.py:537} INFO - Filling up the DagBag from /home/airflow/.local/lib/python3.7/site-packages/airflow/example_dags/example_dag_decorator.py
[2024-07-31T12:26:11.116+0000] {logging_mixin.py:120} INFO - [2024-07-31T12:26:11.116+0000] {taskmixin.py:205} WARNING - Dependency <Task(_PythonDecoratedOperator): prepare_email>, send_email already registered for DAG: example_dag_decorator
[2024-07-31T12:26:11.117+0000] {logging_mixin.py:120} INFO - [2024-07-31T12:26:11.117+0000] {taskmixin.py:205} WARNING - Dependency <Task(EmailOperator): send_email>, prepare_email already registered for DAG: example_dag_decorator
[2024-07-31T12:26:11.136+0000] {processor.py:766} INFO - DAG(s) dict_keys(['example_dag_decorator']) retrieved from /home/airflow/.local/lib/python3.7/site-packages/airflow/example_dags/example_dag_decorator.py
[2024-07-31T12:26:11.246+0000] {logging_mixin.py:120} INFO - [2024-07-31T12:26:11.245+0000] {dag.py:2585} INFO - Sync 1 DAGs
[2024-07-31T12:26:11.277+0000] {logging_mixin.py:120} INFO - [2024-07-31T12:26:11.277+0000] {dag.py:3340} INFO - Setting next_dagrun for example_dag_decorator to None, run_after=None
[2024-07-31T12:26:11.363+0000] {processor.py:176} INFO - Processing /home/airflow/.local/lib/python3.7/site-packages/airflow/example_dags/example_dag_decorator.py took 0.275 seconds
[2024-07-31T12:26:42.559+0000] {processor.py:154} INFO - Started process (PID=1719) to work on /home/airflow/.local/lib/python3.7/site-packages/airflow/example_dags/example_dag_decorator.py
[2024-07-31T12:26:42.562+0000] {processor.py:756} INFO - Processing file /home/airflow/.local/lib/python3.7/site-packages/airflow/example_dags/example_dag_decorator.py for tasks to queue
[2024-07-31T12:26:42.563+0000] {logging_mixin.py:120} INFO - [2024-07-31T12:26:42.563+0000] {dagbag.py:537} INFO - Filling up the DagBag from /home/airflow/.local/lib/python3.7/site-packages/airflow/example_dags/example_dag_decorator.py
[2024-07-31T12:26:42.585+0000] {logging_mixin.py:120} INFO - [2024-07-31T12:26:42.585+0000] {taskmixin.py:205} WARNING - Dependency <Task(_PythonDecoratedOperator): prepare_email>, send_email already registered for DAG: example_dag_decorator
[2024-07-31T12:26:42.998+0000] {logging_mixin.py:120} INFO - [2024-07-31T12:26:42.998+0000] {taskmixin.py:205} WARNING - Dependency <Task(EmailOperator): send_email>, prepare_email already registered for DAG: example_dag_decorator
[2024-07-31T12:26:43.167+0000] {processor.py:766} INFO - DAG(s) dict_keys(['example_dag_decorator']) retrieved from /home/airflow/.local/lib/python3.7/site-packages/airflow/example_dags/example_dag_decorator.py
[2024-07-31T12:26:43.395+0000] {logging_mixin.py:120} INFO - [2024-07-31T12:26:43.395+0000] {dag.py:2585} INFO - Sync 1 DAGs
[2024-07-31T12:26:43.584+0000] {logging_mixin.py:120} INFO - [2024-07-31T12:26:43.584+0000] {dag.py:3340} INFO - Setting next_dagrun for example_dag_decorator to None, run_after=None
[2024-07-31T12:26:43.751+0000] {processor.py:176} INFO - Processing /home/airflow/.local/lib/python3.7/site-packages/airflow/example_dags/example_dag_decorator.py took 1.196 seconds
[2024-07-31T12:27:14.701+0000] {processor.py:154} INFO - Started process (PID=1773) to work on /home/airflow/.local/lib/python3.7/site-packages/airflow/example_dags/example_dag_decorator.py
[2024-07-31T12:27:14.828+0000] {processor.py:756} INFO - Processing file /home/airflow/.local/lib/python3.7/site-packages/airflow/example_dags/example_dag_decorator.py for tasks to queue
[2024-07-31T12:27:14.841+0000] {logging_mixin.py:120} INFO - [2024-07-31T12:27:14.841+0000] {dagbag.py:537} INFO - Filling up the DagBag from /home/airflow/.local/lib/python3.7/site-packages/airflow/example_dags/example_dag_decorator.py
[2024-07-31T12:27:14.974+0000] {logging_mixin.py:120} INFO - [2024-07-31T12:27:14.974+0000] {taskmixin.py:205} WARNING - Dependency <Task(_PythonDecoratedOperator): prepare_email>, send_email already registered for DAG: example_dag_decorator
[2024-07-31T12:27:14.997+0000] {logging_mixin.py:120} INFO - [2024-07-31T12:27:14.997+0000] {taskmixin.py:205} WARNING - Dependency <Task(EmailOperator): send_email>, prepare_email already registered for DAG: example_dag_decorator
[2024-07-31T12:27:15.062+0000] {processor.py:766} INFO - DAG(s) dict_keys(['example_dag_decorator']) retrieved from /home/airflow/.local/lib/python3.7/site-packages/airflow/example_dags/example_dag_decorator.py
[2024-07-31T12:27:15.238+0000] {logging_mixin.py:120} INFO - [2024-07-31T12:27:15.238+0000] {dag.py:2585} INFO - Sync 1 DAGs
[2024-07-31T12:27:15.342+0000] {logging_mixin.py:120} INFO - [2024-07-31T12:27:15.342+0000] {dag.py:3340} INFO - Setting next_dagrun for example_dag_decorator to None, run_after=None
[2024-07-31T12:27:15.451+0000] {processor.py:176} INFO - Processing /home/airflow/.local/lib/python3.7/site-packages/airflow/example_dags/example_dag_decorator.py took 0.754 seconds
[2024-07-31T12:27:46.156+0000] {processor.py:154} INFO - Started process (PID=1837) to work on /home/airflow/.local/lib/python3.7/site-packages/airflow/example_dags/example_dag_decorator.py
[2024-07-31T12:27:46.159+0000] {processor.py:756} INFO - Processing file /home/airflow/.local/lib/python3.7/site-packages/airflow/example_dags/example_dag_decorator.py for tasks to queue
[2024-07-31T12:27:46.161+0000] {logging_mixin.py:120} INFO - [2024-07-31T12:27:46.160+0000] {dagbag.py:537} INFO - Filling up the DagBag from /home/airflow/.local/lib/python3.7/site-packages/airflow/example_dags/example_dag_decorator.py
[2024-07-31T12:27:46.180+0000] {logging_mixin.py:120} INFO - [2024-07-31T12:27:46.179+0000] {taskmixin.py:205} WARNING - Dependency <Task(_PythonDecoratedOperator): prepare_email>, send_email already registered for DAG: example_dag_decorator
[2024-07-31T12:27:46.186+0000] {logging_mixin.py:120} INFO - [2024-07-31T12:27:46.186+0000] {taskmixin.py:205} WARNING - Dependency <Task(EmailOperator): send_email>, prepare_email already registered for DAG: example_dag_decorator
[2024-07-31T12:27:46.218+0000] {processor.py:766} INFO - DAG(s) dict_keys(['example_dag_decorator']) retrieved from /home/airflow/.local/lib/python3.7/site-packages/airflow/example_dags/example_dag_decorator.py
[2024-07-31T12:27:46.348+0000] {logging_mixin.py:120} INFO - [2024-07-31T12:27:46.347+0000] {dag.py:2585} INFO - Sync 1 DAGs
[2024-07-31T12:27:46.440+0000] {logging_mixin.py:120} INFO - [2024-07-31T12:27:46.440+0000] {dag.py:3340} INFO - Setting next_dagrun for example_dag_decorator to None, run_after=None
[2024-07-31T12:27:46.550+0000] {processor.py:176} INFO - Processing /home/airflow/.local/lib/python3.7/site-packages/airflow/example_dags/example_dag_decorator.py took 0.398 seconds
[2024-07-31T12:28:16.701+0000] {processor.py:154} INFO - Started process (PID=1901) to work on /home/airflow/.local/lib/python3.7/site-packages/airflow/example_dags/example_dag_decorator.py
[2024-07-31T12:28:16.703+0000] {processor.py:756} INFO - Processing file /home/airflow/.local/lib/python3.7/site-packages/airflow/example_dags/example_dag_decorator.py for tasks to queue
[2024-07-31T12:28:16.704+0000] {logging_mixin.py:120} INFO - [2024-07-31T12:28:16.703+0000] {dagbag.py:537} INFO - Filling up the DagBag from /home/airflow/.local/lib/python3.7/site-packages/airflow/example_dags/example_dag_decorator.py
[2024-07-31T12:28:16.720+0000] {logging_mixin.py:120} INFO - [2024-07-31T12:28:16.720+0000] {taskmixin.py:205} WARNING - Dependency <Task(_PythonDecoratedOperator): prepare_email>, send_email already registered for DAG: example_dag_decorator
[2024-07-31T12:28:16.721+0000] {logging_mixin.py:120} INFO - [2024-07-31T12:28:16.721+0000] {taskmixin.py:205} WARNING - Dependency <Task(EmailOperator): send_email>, prepare_email already registered for DAG: example_dag_decorator
[2024-07-31T12:28:16.735+0000] {processor.py:766} INFO - DAG(s) dict_keys(['example_dag_decorator']) retrieved from /home/airflow/.local/lib/python3.7/site-packages/airflow/example_dags/example_dag_decorator.py
[2024-07-31T12:28:16.832+0000] {logging_mixin.py:120} INFO - [2024-07-31T12:28:16.832+0000] {dag.py:2585} INFO - Sync 1 DAGs
[2024-07-31T12:28:16.894+0000] {logging_mixin.py:120} INFO - [2024-07-31T12:28:16.894+0000] {dag.py:3340} INFO - Setting next_dagrun for example_dag_decorator to None, run_after=None
[2024-07-31T12:28:16.938+0000] {processor.py:176} INFO - Processing /home/airflow/.local/lib/python3.7/site-packages/airflow/example_dags/example_dag_decorator.py took 0.240 seconds
[2024-07-31T12:28:47.623+0000] {processor.py:154} INFO - Started process (PID=1955) to work on /home/airflow/.local/lib/python3.7/site-packages/airflow/example_dags/example_dag_decorator.py
[2024-07-31T12:28:47.630+0000] {processor.py:756} INFO - Processing file /home/airflow/.local/lib/python3.7/site-packages/airflow/example_dags/example_dag_decorator.py for tasks to queue
[2024-07-31T12:28:47.631+0000] {logging_mixin.py:120} INFO - [2024-07-31T12:28:47.631+0000] {dagbag.py:537} INFO - Filling up the DagBag from /home/airflow/.local/lib/python3.7/site-packages/airflow/example_dags/example_dag_decorator.py
[2024-07-31T12:28:47.655+0000] {logging_mixin.py:120} INFO - [2024-07-31T12:28:47.654+0000] {taskmixin.py:205} WARNING - Dependency <Task(_PythonDecoratedOperator): prepare_email>, send_email already registered for DAG: example_dag_decorator
[2024-07-31T12:28:47.656+0000] {logging_mixin.py:120} INFO - [2024-07-31T12:28:47.655+0000] {taskmixin.py:205} WARNING - Dependency <Task(EmailOperator): send_email>, prepare_email already registered for DAG: example_dag_decorator
[2024-07-31T12:28:47.671+0000] {processor.py:766} INFO - DAG(s) dict_keys(['example_dag_decorator']) retrieved from /home/airflow/.local/lib/python3.7/site-packages/airflow/example_dags/example_dag_decorator.py
[2024-07-31T12:28:47.783+0000] {logging_mixin.py:120} INFO - [2024-07-31T12:28:47.783+0000] {dag.py:2585} INFO - Sync 1 DAGs
[2024-07-31T12:28:47.826+0000] {logging_mixin.py:120} INFO - [2024-07-31T12:28:47.822+0000] {dag.py:3340} INFO - Setting next_dagrun for example_dag_decorator to None, run_after=None
[2024-07-31T12:28:47.853+0000] {processor.py:176} INFO - Processing /home/airflow/.local/lib/python3.7/site-packages/airflow/example_dags/example_dag_decorator.py took 0.233 seconds
[2024-07-31T12:29:18.031+0000] {processor.py:154} INFO - Started process (PID=2018) to work on /home/airflow/.local/lib/python3.7/site-packages/airflow/example_dags/example_dag_decorator.py
[2024-07-31T12:29:18.033+0000] {processor.py:756} INFO - Processing file /home/airflow/.local/lib/python3.7/site-packages/airflow/example_dags/example_dag_decorator.py for tasks to queue
[2024-07-31T12:29:18.034+0000] {logging_mixin.py:120} INFO - [2024-07-31T12:29:18.034+0000] {dagbag.py:537} INFO - Filling up the DagBag from /home/airflow/.local/lib/python3.7/site-packages/airflow/example_dags/example_dag_decorator.py
[2024-07-31T12:29:18.050+0000] {logging_mixin.py:120} INFO - [2024-07-31T12:29:18.049+0000] {taskmixin.py:205} WARNING - Dependency <Task(_PythonDecoratedOperator): prepare_email>, send_email already registered for DAG: example_dag_decorator
[2024-07-31T12:29:18.050+0000] {logging_mixin.py:120} INFO - [2024-07-31T12:29:18.050+0000] {taskmixin.py:205} WARNING - Dependency <Task(EmailOperator): send_email>, prepare_email already registered for DAG: example_dag_decorator
[2024-07-31T12:29:18.061+0000] {processor.py:766} INFO - DAG(s) dict_keys(['example_dag_decorator']) retrieved from /home/airflow/.local/lib/python3.7/site-packages/airflow/example_dags/example_dag_decorator.py
[2024-07-31T12:29:18.159+0000] {logging_mixin.py:120} INFO - [2024-07-31T12:29:18.159+0000] {dag.py:2585} INFO - Sync 1 DAGs
[2024-07-31T12:29:18.184+0000] {logging_mixin.py:120} INFO - [2024-07-31T12:29:18.184+0000] {dag.py:3340} INFO - Setting next_dagrun for example_dag_decorator to None, run_after=None
[2024-07-31T12:29:18.212+0000] {processor.py:176} INFO - Processing /home/airflow/.local/lib/python3.7/site-packages/airflow/example_dags/example_dag_decorator.py took 0.185 seconds
[2024-07-31T12:29:48.938+0000] {processor.py:154} INFO - Started process (PID=2073) to work on /home/airflow/.local/lib/python3.7/site-packages/airflow/example_dags/example_dag_decorator.py
[2024-07-31T12:29:48.940+0000] {processor.py:756} INFO - Processing file /home/airflow/.local/lib/python3.7/site-packages/airflow/example_dags/example_dag_decorator.py for tasks to queue
[2024-07-31T12:29:48.941+0000] {logging_mixin.py:120} INFO - [2024-07-31T12:29:48.941+0000] {dagbag.py:537} INFO - Filling up the DagBag from /home/airflow/.local/lib/python3.7/site-packages/airflow/example_dags/example_dag_decorator.py
[2024-07-31T12:29:48.956+0000] {logging_mixin.py:120} INFO - [2024-07-31T12:29:48.955+0000] {taskmixin.py:205} WARNING - Dependency <Task(_PythonDecoratedOperator): prepare_email>, send_email already registered for DAG: example_dag_decorator
[2024-07-31T12:29:48.956+0000] {logging_mixin.py:120} INFO - [2024-07-31T12:29:48.956+0000] {taskmixin.py:205} WARNING - Dependency <Task(EmailOperator): send_email>, prepare_email already registered for DAG: example_dag_decorator
[2024-07-31T12:29:48.971+0000] {processor.py:766} INFO - DAG(s) dict_keys(['example_dag_decorator']) retrieved from /home/airflow/.local/lib/python3.7/site-packages/airflow/example_dags/example_dag_decorator.py
[2024-07-31T12:29:49.072+0000] {logging_mixin.py:120} INFO - [2024-07-31T12:29:49.072+0000] {dag.py:2585} INFO - Sync 1 DAGs
[2024-07-31T12:29:49.102+0000] {logging_mixin.py:120} INFO - [2024-07-31T12:29:49.102+0000] {dag.py:3340} INFO - Setting next_dagrun for example_dag_decorator to None, run_after=None
[2024-07-31T12:29:49.129+0000] {processor.py:176} INFO - Processing /home/airflow/.local/lib/python3.7/site-packages/airflow/example_dags/example_dag_decorator.py took 0.195 seconds
[2024-07-31T12:30:19.171+0000] {processor.py:154} INFO - Started process (PID=2136) to work on /home/airflow/.local/lib/python3.7/site-packages/airflow/example_dags/example_dag_decorator.py
[2024-07-31T12:30:19.174+0000] {processor.py:756} INFO - Processing file /home/airflow/.local/lib/python3.7/site-packages/airflow/example_dags/example_dag_decorator.py for tasks to queue
[2024-07-31T12:30:19.175+0000] {logging_mixin.py:120} INFO - [2024-07-31T12:30:19.175+0000] {dagbag.py:537} INFO - Filling up the DagBag from /home/airflow/.local/lib/python3.7/site-packages/airflow/example_dags/example_dag_decorator.py
[2024-07-31T12:30:19.199+0000] {logging_mixin.py:120} INFO - [2024-07-31T12:30:19.199+0000] {taskmixin.py:205} WARNING - Dependency <Task(_PythonDecoratedOperator): prepare_email>, send_email already registered for DAG: example_dag_decorator
[2024-07-31T12:30:19.200+0000] {logging_mixin.py:120} INFO - [2024-07-31T12:30:19.200+0000] {taskmixin.py:205} WARNING - Dependency <Task(EmailOperator): send_email>, prepare_email already registered for DAG: example_dag_decorator
[2024-07-31T12:30:19.212+0000] {processor.py:766} INFO - DAG(s) dict_keys(['example_dag_decorator']) retrieved from /home/airflow/.local/lib/python3.7/site-packages/airflow/example_dags/example_dag_decorator.py
[2024-07-31T12:30:19.291+0000] {logging_mixin.py:120} INFO - [2024-07-31T12:30:19.291+0000] {dag.py:2585} INFO - Sync 1 DAGs
[2024-07-31T12:30:19.326+0000] {logging_mixin.py:120} INFO - [2024-07-31T12:30:19.326+0000] {dag.py:3340} INFO - Setting next_dagrun for example_dag_decorator to None, run_after=None
[2024-07-31T12:30:19.352+0000] {processor.py:176} INFO - Processing /home/airflow/.local/lib/python3.7/site-packages/airflow/example_dags/example_dag_decorator.py took 0.184 seconds
[2024-07-31T12:30:49.645+0000] {processor.py:154} INFO - Started process (PID=2198) to work on /home/airflow/.local/lib/python3.7/site-packages/airflow/example_dags/example_dag_decorator.py
[2024-07-31T12:30:49.647+0000] {processor.py:756} INFO - Processing file /home/airflow/.local/lib/python3.7/site-packages/airflow/example_dags/example_dag_decorator.py for tasks to queue
[2024-07-31T12:30:49.648+0000] {logging_mixin.py:120} INFO - [2024-07-31T12:30:49.648+0000] {dagbag.py:537} INFO - Filling up the DagBag from /home/airflow/.local/lib/python3.7/site-packages/airflow/example_dags/example_dag_decorator.py
[2024-07-31T12:30:49.667+0000] {logging_mixin.py:120} INFO - [2024-07-31T12:30:49.667+0000] {taskmixin.py:205} WARNING - Dependency <Task(_PythonDecoratedOperator): prepare_email>, send_email already registered for DAG: example_dag_decorator
[2024-07-31T12:30:49.668+0000] {logging_mixin.py:120} INFO - [2024-07-31T12:30:49.667+0000] {taskmixin.py:205} WARNING - Dependency <Task(EmailOperator): send_email>, prepare_email already registered for DAG: example_dag_decorator
[2024-07-31T12:30:49.680+0000] {processor.py:766} INFO - DAG(s) dict_keys(['example_dag_decorator']) retrieved from /home/airflow/.local/lib/python3.7/site-packages/airflow/example_dags/example_dag_decorator.py
[2024-07-31T12:30:49.805+0000] {logging_mixin.py:120} INFO - [2024-07-31T12:30:49.805+0000] {dag.py:2585} INFO - Sync 1 DAGs
[2024-07-31T12:30:49.912+0000] {logging_mixin.py:120} INFO - [2024-07-31T12:30:49.912+0000] {dag.py:3340} INFO - Setting next_dagrun for example_dag_decorator to None, run_after=None
[2024-07-31T12:30:49.932+0000] {processor.py:176} INFO - Processing /home/airflow/.local/lib/python3.7/site-packages/airflow/example_dags/example_dag_decorator.py took 0.296 seconds
[2024-07-31T12:31:20.528+0000] {processor.py:154} INFO - Started process (PID=2252) to work on /home/airflow/.local/lib/python3.7/site-packages/airflow/example_dags/example_dag_decorator.py
[2024-07-31T12:31:20.531+0000] {processor.py:756} INFO - Processing file /home/airflow/.local/lib/python3.7/site-packages/airflow/example_dags/example_dag_decorator.py for tasks to queue
[2024-07-31T12:31:20.532+0000] {logging_mixin.py:120} INFO - [2024-07-31T12:31:20.532+0000] {dagbag.py:537} INFO - Filling up the DagBag from /home/airflow/.local/lib/python3.7/site-packages/airflow/example_dags/example_dag_decorator.py
[2024-07-31T12:31:20.553+0000] {logging_mixin.py:120} INFO - [2024-07-31T12:31:20.552+0000] {taskmixin.py:205} WARNING - Dependency <Task(_PythonDecoratedOperator): prepare_email>, send_email already registered for DAG: example_dag_decorator
[2024-07-31T12:31:20.553+0000] {logging_mixin.py:120} INFO - [2024-07-31T12:31:20.553+0000] {taskmixin.py:205} WARNING - Dependency <Task(EmailOperator): send_email>, prepare_email already registered for DAG: example_dag_decorator
[2024-07-31T12:31:20.569+0000] {processor.py:766} INFO - DAG(s) dict_keys(['example_dag_decorator']) retrieved from /home/airflow/.local/lib/python3.7/site-packages/airflow/example_dags/example_dag_decorator.py
[2024-07-31T12:31:20.667+0000] {logging_mixin.py:120} INFO - [2024-07-31T12:31:20.667+0000] {dag.py:2585} INFO - Sync 1 DAGs
[2024-07-31T12:31:20.695+0000] {logging_mixin.py:120} INFO - [2024-07-31T12:31:20.695+0000] {dag.py:3340} INFO - Setting next_dagrun for example_dag_decorator to None, run_after=None
[2024-07-31T12:31:20.719+0000] {processor.py:176} INFO - Processing /home/airflow/.local/lib/python3.7/site-packages/airflow/example_dags/example_dag_decorator.py took 0.196 seconds
[2024-07-31T12:31:51.687+0000] {processor.py:154} INFO - Started process (PID=2316) to work on /home/airflow/.local/lib/python3.7/site-packages/airflow/example_dags/example_dag_decorator.py
[2024-07-31T12:31:51.713+0000] {processor.py:756} INFO - Processing file /home/airflow/.local/lib/python3.7/site-packages/airflow/example_dags/example_dag_decorator.py for tasks to queue
[2024-07-31T12:31:51.748+0000] {logging_mixin.py:120} INFO - [2024-07-31T12:31:51.748+0000] {dagbag.py:537} INFO - Filling up the DagBag from /home/airflow/.local/lib/python3.7/site-packages/airflow/example_dags/example_dag_decorator.py
[2024-07-31T12:31:51.766+0000] {logging_mixin.py:120} INFO - [2024-07-31T12:31:51.766+0000] {taskmixin.py:205} WARNING - Dependency <Task(_PythonDecoratedOperator): prepare_email>, send_email already registered for DAG: example_dag_decorator
[2024-07-31T12:31:51.837+0000] {logging_mixin.py:120} INFO - [2024-07-31T12:31:51.837+0000] {taskmixin.py:205} WARNING - Dependency <Task(EmailOperator): send_email>, prepare_email already registered for DAG: example_dag_decorator
[2024-07-31T12:31:51.875+0000] {processor.py:766} INFO - DAG(s) dict_keys(['example_dag_decorator']) retrieved from /home/airflow/.local/lib/python3.7/site-packages/airflow/example_dags/example_dag_decorator.py
[2024-07-31T12:31:51.984+0000] {logging_mixin.py:120} INFO - [2024-07-31T12:31:51.984+0000] {dag.py:2585} INFO - Sync 1 DAGs
[2024-07-31T12:31:52.024+0000] {logging_mixin.py:120} INFO - [2024-07-31T12:31:52.024+0000] {dag.py:3340} INFO - Setting next_dagrun for example_dag_decorator to None, run_after=None
[2024-07-31T12:31:52.103+0000] {processor.py:176} INFO - Processing /home/airflow/.local/lib/python3.7/site-packages/airflow/example_dags/example_dag_decorator.py took 0.420 seconds
[2024-07-31T12:32:22.432+0000] {processor.py:154} INFO - Started process (PID=2377) to work on /home/airflow/.local/lib/python3.7/site-packages/airflow/example_dags/example_dag_decorator.py
[2024-07-31T12:32:22.434+0000] {processor.py:756} INFO - Processing file /home/airflow/.local/lib/python3.7/site-packages/airflow/example_dags/example_dag_decorator.py for tasks to queue
[2024-07-31T12:32:22.435+0000] {logging_mixin.py:120} INFO - [2024-07-31T12:32:22.434+0000] {dagbag.py:537} INFO - Filling up the DagBag from /home/airflow/.local/lib/python3.7/site-packages/airflow/example_dags/example_dag_decorator.py
[2024-07-31T12:32:22.457+0000] {logging_mixin.py:120} INFO - [2024-07-31T12:32:22.457+0000] {taskmixin.py:205} WARNING - Dependency <Task(_PythonDecoratedOperator): prepare_email>, send_email already registered for DAG: example_dag_decorator
[2024-07-31T12:32:22.458+0000] {logging_mixin.py:120} INFO - [2024-07-31T12:32:22.458+0000] {taskmixin.py:205} WARNING - Dependency <Task(EmailOperator): send_email>, prepare_email already registered for DAG: example_dag_decorator
[2024-07-31T12:32:22.475+0000] {processor.py:766} INFO - DAG(s) dict_keys(['example_dag_decorator']) retrieved from /home/airflow/.local/lib/python3.7/site-packages/airflow/example_dags/example_dag_decorator.py
[2024-07-31T12:32:22.614+0000] {logging_mixin.py:120} INFO - [2024-07-31T12:32:22.613+0000] {dag.py:2585} INFO - Sync 1 DAGs
[2024-07-31T12:32:22.660+0000] {logging_mixin.py:120} INFO - [2024-07-31T12:32:22.660+0000] {dag.py:3340} INFO - Setting next_dagrun for example_dag_decorator to None, run_after=None
[2024-07-31T12:32:22.713+0000] {processor.py:176} INFO - Processing /home/airflow/.local/lib/python3.7/site-packages/airflow/example_dags/example_dag_decorator.py took 0.286 seconds
[2024-07-31T12:32:54.561+0000] {processor.py:154} INFO - Started process (PID=2433) to work on /home/airflow/.local/lib/python3.7/site-packages/airflow/example_dags/example_dag_decorator.py
[2024-07-31T12:32:54.688+0000] {processor.py:756} INFO - Processing file /home/airflow/.local/lib/python3.7/site-packages/airflow/example_dags/example_dag_decorator.py for tasks to queue
[2024-07-31T12:32:54.711+0000] {logging_mixin.py:120} INFO - [2024-07-31T12:32:54.711+0000] {dagbag.py:537} INFO - Filling up the DagBag from /home/airflow/.local/lib/python3.7/site-packages/airflow/example_dags/example_dag_decorator.py
[2024-07-31T12:32:54.733+0000] {logging_mixin.py:120} INFO - [2024-07-31T12:32:54.733+0000] {taskmixin.py:205} WARNING - Dependency <Task(_PythonDecoratedOperator): prepare_email>, send_email already registered for DAG: example_dag_decorator
[2024-07-31T12:32:54.810+0000] {logging_mixin.py:120} INFO - [2024-07-31T12:32:54.809+0000] {taskmixin.py:205} WARNING - Dependency <Task(EmailOperator): send_email>, prepare_email already registered for DAG: example_dag_decorator
[2024-07-31T12:32:54.871+0000] {processor.py:766} INFO - DAG(s) dict_keys(['example_dag_decorator']) retrieved from /home/airflow/.local/lib/python3.7/site-packages/airflow/example_dags/example_dag_decorator.py
[2024-07-31T12:32:55.141+0000] {logging_mixin.py:120} INFO - [2024-07-31T12:32:55.141+0000] {dag.py:2585} INFO - Sync 1 DAGs
[2024-07-31T12:32:55.242+0000] {logging_mixin.py:120} INFO - [2024-07-31T12:32:55.242+0000] {dag.py:3340} INFO - Setting next_dagrun for example_dag_decorator to None, run_after=None
[2024-07-31T12:32:55.414+0000] {processor.py:176} INFO - Processing /home/airflow/.local/lib/python3.7/site-packages/airflow/example_dags/example_dag_decorator.py took 0.858 seconds
[2024-07-31T12:33:25.615+0000] {processor.py:154} INFO - Started process (PID=2496) to work on /home/airflow/.local/lib/python3.7/site-packages/airflow/example_dags/example_dag_decorator.py
[2024-07-31T12:33:25.617+0000] {processor.py:756} INFO - Processing file /home/airflow/.local/lib/python3.7/site-packages/airflow/example_dags/example_dag_decorator.py for tasks to queue
[2024-07-31T12:33:25.619+0000] {logging_mixin.py:120} INFO - [2024-07-31T12:33:25.619+0000] {dagbag.py:537} INFO - Filling up the DagBag from /home/airflow/.local/lib/python3.7/site-packages/airflow/example_dags/example_dag_decorator.py
[2024-07-31T12:33:25.645+0000] {logging_mixin.py:120} INFO - [2024-07-31T12:33:25.644+0000] {taskmixin.py:205} WARNING - Dependency <Task(_PythonDecoratedOperator): prepare_email>, send_email already registered for DAG: example_dag_decorator
[2024-07-31T12:33:25.645+0000] {logging_mixin.py:120} INFO - [2024-07-31T12:33:25.645+0000] {taskmixin.py:205} WARNING - Dependency <Task(EmailOperator): send_email>, prepare_email already registered for DAG: example_dag_decorator
[2024-07-31T12:33:25.667+0000] {processor.py:766} INFO - DAG(s) dict_keys(['example_dag_decorator']) retrieved from /home/airflow/.local/lib/python3.7/site-packages/airflow/example_dags/example_dag_decorator.py
[2024-07-31T12:33:25.793+0000] {logging_mixin.py:120} INFO - [2024-07-31T12:33:25.793+0000] {dag.py:2585} INFO - Sync 1 DAGs
[2024-07-31T12:33:25.827+0000] {logging_mixin.py:120} INFO - [2024-07-31T12:33:25.826+0000] {dag.py:3340} INFO - Setting next_dagrun for example_dag_decorator to None, run_after=None
[2024-07-31T12:33:25.872+0000] {processor.py:176} INFO - Processing /home/airflow/.local/lib/python3.7/site-packages/airflow/example_dags/example_dag_decorator.py took 0.261 seconds
[2024-07-31T12:33:55.956+0000] {processor.py:154} INFO - Started process (PID=2550) to work on /home/airflow/.local/lib/python3.7/site-packages/airflow/example_dags/example_dag_decorator.py
[2024-07-31T12:33:55.957+0000] {processor.py:756} INFO - Processing file /home/airflow/.local/lib/python3.7/site-packages/airflow/example_dags/example_dag_decorator.py for tasks to queue
[2024-07-31T12:33:55.958+0000] {logging_mixin.py:120} INFO - [2024-07-31T12:33:55.958+0000] {dagbag.py:537} INFO - Filling up the DagBag from /home/airflow/.local/lib/python3.7/site-packages/airflow/example_dags/example_dag_decorator.py
[2024-07-31T12:33:55.976+0000] {logging_mixin.py:120} INFO - [2024-07-31T12:33:55.976+0000] {taskmixin.py:205} WARNING - Dependency <Task(_PythonDecoratedOperator): prepare_email>, send_email already registered for DAG: example_dag_decorator
[2024-07-31T12:33:56.060+0000] {logging_mixin.py:120} INFO - [2024-07-31T12:33:56.060+0000] {taskmixin.py:205} WARNING - Dependency <Task(EmailOperator): send_email>, prepare_email already registered for DAG: example_dag_decorator
[2024-07-31T12:33:56.127+0000] {processor.py:766} INFO - DAG(s) dict_keys(['example_dag_decorator']) retrieved from /home/airflow/.local/lib/python3.7/site-packages/airflow/example_dags/example_dag_decorator.py
[2024-07-31T12:33:56.359+0000] {logging_mixin.py:120} INFO - [2024-07-31T12:33:56.358+0000] {dag.py:2585} INFO - Sync 1 DAGs
[2024-07-31T12:33:56.401+0000] {logging_mixin.py:120} INFO - [2024-07-31T12:33:56.400+0000] {dag.py:3340} INFO - Setting next_dagrun for example_dag_decorator to None, run_after=None
[2024-07-31T12:33:56.446+0000] {processor.py:176} INFO - Processing /home/airflow/.local/lib/python3.7/site-packages/airflow/example_dags/example_dag_decorator.py took 0.494 seconds
[2024-07-31T12:34:26.891+0000] {processor.py:154} INFO - Started process (PID=2613) to work on /home/airflow/.local/lib/python3.7/site-packages/airflow/example_dags/example_dag_decorator.py
[2024-07-31T12:34:26.893+0000] {processor.py:756} INFO - Processing file /home/airflow/.local/lib/python3.7/site-packages/airflow/example_dags/example_dag_decorator.py for tasks to queue
[2024-07-31T12:34:26.894+0000] {logging_mixin.py:120} INFO - [2024-07-31T12:34:26.894+0000] {dagbag.py:537} INFO - Filling up the DagBag from /home/airflow/.local/lib/python3.7/site-packages/airflow/example_dags/example_dag_decorator.py
[2024-07-31T12:34:26.913+0000] {logging_mixin.py:120} INFO - [2024-07-31T12:34:26.913+0000] {taskmixin.py:205} WARNING - Dependency <Task(_PythonDecoratedOperator): prepare_email>, send_email already registered for DAG: example_dag_decorator
[2024-07-31T12:34:26.914+0000] {logging_mixin.py:120} INFO - [2024-07-31T12:34:26.913+0000] {taskmixin.py:205} WARNING - Dependency <Task(EmailOperator): send_email>, prepare_email already registered for DAG: example_dag_decorator
[2024-07-31T12:34:26.929+0000] {processor.py:766} INFO - DAG(s) dict_keys(['example_dag_decorator']) retrieved from /home/airflow/.local/lib/python3.7/site-packages/airflow/example_dags/example_dag_decorator.py
[2024-07-31T12:34:27.024+0000] {logging_mixin.py:120} INFO - [2024-07-31T12:34:27.024+0000] {dag.py:2585} INFO - Sync 1 DAGs
[2024-07-31T12:34:27.062+0000] {logging_mixin.py:120} INFO - [2024-07-31T12:34:27.062+0000] {dag.py:3340} INFO - Setting next_dagrun for example_dag_decorator to None, run_after=None
[2024-07-31T12:34:27.089+0000] {processor.py:176} INFO - Processing /home/airflow/.local/lib/python3.7/site-packages/airflow/example_dags/example_dag_decorator.py took 0.201 seconds
[2024-07-31T12:34:57.622+0000] {processor.py:154} INFO - Started process (PID=2676) to work on /home/airflow/.local/lib/python3.7/site-packages/airflow/example_dags/example_dag_decorator.py
[2024-07-31T12:34:57.623+0000] {processor.py:756} INFO - Processing file /home/airflow/.local/lib/python3.7/site-packages/airflow/example_dags/example_dag_decorator.py for tasks to queue
[2024-07-31T12:34:57.624+0000] {logging_mixin.py:120} INFO - [2024-07-31T12:34:57.624+0000] {dagbag.py:537} INFO - Filling up the DagBag from /home/airflow/.local/lib/python3.7/site-packages/airflow/example_dags/example_dag_decorator.py
[2024-07-31T12:34:57.651+0000] {logging_mixin.py:120} INFO - [2024-07-31T12:34:57.651+0000] {taskmixin.py:205} WARNING - Dependency <Task(_PythonDecoratedOperator): prepare_email>, send_email already registered for DAG: example_dag_decorator
[2024-07-31T12:34:57.652+0000] {logging_mixin.py:120} INFO - [2024-07-31T12:34:57.651+0000] {taskmixin.py:205} WARNING - Dependency <Task(EmailOperator): send_email>, prepare_email already registered for DAG: example_dag_decorator
[2024-07-31T12:34:57.666+0000] {processor.py:766} INFO - DAG(s) dict_keys(['example_dag_decorator']) retrieved from /home/airflow/.local/lib/python3.7/site-packages/airflow/example_dags/example_dag_decorator.py
[2024-07-31T12:34:57.782+0000] {logging_mixin.py:120} INFO - [2024-07-31T12:34:57.782+0000] {dag.py:2585} INFO - Sync 1 DAGs
[2024-07-31T12:34:57.818+0000] {logging_mixin.py:120} INFO - [2024-07-31T12:34:57.818+0000] {dag.py:3340} INFO - Setting next_dagrun for example_dag_decorator to None, run_after=None
[2024-07-31T12:34:57.864+0000] {processor.py:176} INFO - Processing /home/airflow/.local/lib/python3.7/site-packages/airflow/example_dags/example_dag_decorator.py took 0.247 seconds
[2024-07-31T12:35:28.410+0000] {processor.py:154} INFO - Started process (PID=2730) to work on /home/airflow/.local/lib/python3.7/site-packages/airflow/example_dags/example_dag_decorator.py
[2024-07-31T12:35:28.412+0000] {processor.py:756} INFO - Processing file /home/airflow/.local/lib/python3.7/site-packages/airflow/example_dags/example_dag_decorator.py for tasks to queue
[2024-07-31T12:35:28.413+0000] {logging_mixin.py:120} INFO - [2024-07-31T12:35:28.413+0000] {dagbag.py:537} INFO - Filling up the DagBag from /home/airflow/.local/lib/python3.7/site-packages/airflow/example_dags/example_dag_decorator.py
[2024-07-31T12:35:28.433+0000] {logging_mixin.py:120} INFO - [2024-07-31T12:35:28.433+0000] {taskmixin.py:205} WARNING - Dependency <Task(_PythonDecoratedOperator): prepare_email>, send_email already registered for DAG: example_dag_decorator
[2024-07-31T12:35:28.469+0000] {logging_mixin.py:120} INFO - [2024-07-31T12:35:28.469+0000] {taskmixin.py:205} WARNING - Dependency <Task(EmailOperator): send_email>, prepare_email already registered for DAG: example_dag_decorator
[2024-07-31T12:35:28.538+0000] {processor.py:766} INFO - DAG(s) dict_keys(['example_dag_decorator']) retrieved from /home/airflow/.local/lib/python3.7/site-packages/airflow/example_dags/example_dag_decorator.py
[2024-07-31T12:35:28.717+0000] {logging_mixin.py:120} INFO - [2024-07-31T12:35:28.717+0000] {dag.py:2585} INFO - Sync 1 DAGs
[2024-07-31T12:35:28.860+0000] {logging_mixin.py:120} INFO - [2024-07-31T12:35:28.859+0000] {dag.py:3340} INFO - Setting next_dagrun for example_dag_decorator to None, run_after=None
[2024-07-31T12:35:29.007+0000] {processor.py:176} INFO - Processing /home/airflow/.local/lib/python3.7/site-packages/airflow/example_dags/example_dag_decorator.py took 0.601 seconds
[2024-07-31T12:35:59.559+0000] {processor.py:154} INFO - Started process (PID=2793) to work on /home/airflow/.local/lib/python3.7/site-packages/airflow/example_dags/example_dag_decorator.py
[2024-07-31T12:35:59.652+0000] {processor.py:756} INFO - Processing file /home/airflow/.local/lib/python3.7/site-packages/airflow/example_dags/example_dag_decorator.py for tasks to queue
[2024-07-31T12:35:59.664+0000] {logging_mixin.py:120} INFO - [2024-07-31T12:35:59.664+0000] {dagbag.py:537} INFO - Filling up the DagBag from /home/airflow/.local/lib/python3.7/site-packages/airflow/example_dags/example_dag_decorator.py
[2024-07-31T12:35:59.715+0000] {logging_mixin.py:120} INFO - [2024-07-31T12:35:59.715+0000] {taskmixin.py:205} WARNING - Dependency <Task(_PythonDecoratedOperator): prepare_email>, send_email already registered for DAG: example_dag_decorator
[2024-07-31T12:35:59.802+0000] {logging_mixin.py:120} INFO - [2024-07-31T12:35:59.802+0000] {taskmixin.py:205} WARNING - Dependency <Task(EmailOperator): send_email>, prepare_email already registered for DAG: example_dag_decorator
[2024-07-31T12:35:59.859+0000] {processor.py:766} INFO - DAG(s) dict_keys(['example_dag_decorator']) retrieved from /home/airflow/.local/lib/python3.7/site-packages/airflow/example_dags/example_dag_decorator.py
[2024-07-31T12:35:59.972+0000] {logging_mixin.py:120} INFO - [2024-07-31T12:35:59.972+0000] {dag.py:2585} INFO - Sync 1 DAGs
[2024-07-31T12:36:00.073+0000] {logging_mixin.py:120} INFO - [2024-07-31T12:36:00.073+0000] {dag.py:3340} INFO - Setting next_dagrun for example_dag_decorator to None, run_after=None
[2024-07-31T12:36:00.117+0000] {processor.py:176} INFO - Processing /home/airflow/.local/lib/python3.7/site-packages/airflow/example_dags/example_dag_decorator.py took 0.562 seconds
[2024-07-31T12:36:31.162+0000] {processor.py:154} INFO - Started process (PID=2848) to work on /home/airflow/.local/lib/python3.7/site-packages/airflow/example_dags/example_dag_decorator.py
[2024-07-31T12:36:31.164+0000] {processor.py:756} INFO - Processing file /home/airflow/.local/lib/python3.7/site-packages/airflow/example_dags/example_dag_decorator.py for tasks to queue
[2024-07-31T12:36:31.166+0000] {logging_mixin.py:120} INFO - [2024-07-31T12:36:31.165+0000] {dagbag.py:537} INFO - Filling up the DagBag from /home/airflow/.local/lib/python3.7/site-packages/airflow/example_dags/example_dag_decorator.py
[2024-07-31T12:36:31.199+0000] {logging_mixin.py:120} INFO - [2024-07-31T12:36:31.199+0000] {taskmixin.py:205} WARNING - Dependency <Task(_PythonDecoratedOperator): prepare_email>, send_email already registered for DAG: example_dag_decorator
[2024-07-31T12:36:31.200+0000] {logging_mixin.py:120} INFO - [2024-07-31T12:36:31.200+0000] {taskmixin.py:205} WARNING - Dependency <Task(EmailOperator): send_email>, prepare_email already registered for DAG: example_dag_decorator
[2024-07-31T12:36:31.226+0000] {processor.py:766} INFO - DAG(s) dict_keys(['example_dag_decorator']) retrieved from /home/airflow/.local/lib/python3.7/site-packages/airflow/example_dags/example_dag_decorator.py
[2024-07-31T12:36:31.378+0000] {logging_mixin.py:120} INFO - [2024-07-31T12:36:31.378+0000] {dag.py:2585} INFO - Sync 1 DAGs
[2024-07-31T12:36:31.411+0000] {logging_mixin.py:120} INFO - [2024-07-31T12:36:31.410+0000] {dag.py:3340} INFO - Setting next_dagrun for example_dag_decorator to None, run_after=None
[2024-07-31T12:36:31.451+0000] {processor.py:176} INFO - Processing /home/airflow/.local/lib/python3.7/site-packages/airflow/example_dags/example_dag_decorator.py took 0.296 seconds
