[2024-07-31T12:12:26.353+0000] {processor.py:154} INFO - Started process (PID=88) to work on /home/airflow/.local/lib/python3.7/site-packages/airflow/example_dags/example_branch_operator.py
[2024-07-31T12:12:26.359+0000] {processor.py:756} INFO - Processing file /home/airflow/.local/lib/python3.7/site-packages/airflow/example_dags/example_branch_operator.py for tasks to queue
[2024-07-31T12:12:26.361+0000] {logging_mixin.py:120} INFO - [2024-07-31T12:12:26.361+0000] {dagbag.py:537} INFO - Filling up the DagBag from /home/airflow/.local/lib/python3.7/site-packages/airflow/example_dags/example_branch_operator.py
[2024-07-31T12:12:26.417+0000] {processor.py:766} INFO - DAG(s) dict_keys(['example_branch_operator']) retrieved from /home/airflow/.local/lib/python3.7/site-packages/airflow/example_dags/example_branch_operator.py
[2024-07-31T12:12:26.736+0000] {logging_mixin.py:120} INFO - [2024-07-31T12:12:26.735+0000] {manager.py:507} INFO - Created Permission View: can read on DAG:example_branch_operator
[2024-07-31T12:12:26.761+0000] {logging_mixin.py:120} INFO - [2024-07-31T12:12:26.760+0000] {manager.py:507} INFO - Created Permission View: can delete on DAG:example_branch_operator
[2024-07-31T12:12:26.780+0000] {logging_mixin.py:120} INFO - [2024-07-31T12:12:26.779+0000] {manager.py:507} INFO - Created Permission View: can edit on DAG:example_branch_operator
[2024-07-31T12:12:26.781+0000] {logging_mixin.py:120} INFO - [2024-07-31T12:12:26.780+0000] {dag.py:2585} INFO - Sync 1 DAGs
[2024-07-31T12:12:26.809+0000] {logging_mixin.py:120} INFO - [2024-07-31T12:12:26.809+0000] {dag.py:2606} INFO - Creating ORM DAG for example_branch_operator
[2024-07-31T12:12:26.838+0000] {logging_mixin.py:120} INFO - [2024-07-31T12:12:26.838+0000] {dag.py:3340} INFO - Setting next_dagrun for example_branch_operator to 2024-07-30T00:00:00+00:00, run_after=2024-07-31T00:00:00+00:00
[2024-07-31T12:12:26.893+0000] {processor.py:176} INFO - Processing /home/airflow/.local/lib/python3.7/site-packages/airflow/example_dags/example_branch_operator.py took 0.548 seconds
[2024-07-31T12:12:57.362+0000] {processor.py:154} INFO - Started process (PID=142) to work on /home/airflow/.local/lib/python3.7/site-packages/airflow/example_dags/example_branch_operator.py
[2024-07-31T12:12:57.364+0000] {processor.py:756} INFO - Processing file /home/airflow/.local/lib/python3.7/site-packages/airflow/example_dags/example_branch_operator.py for tasks to queue
[2024-07-31T12:12:57.366+0000] {logging_mixin.py:120} INFO - [2024-07-31T12:12:57.366+0000] {dagbag.py:537} INFO - Filling up the DagBag from /home/airflow/.local/lib/python3.7/site-packages/airflow/example_dags/example_branch_operator.py
[2024-07-31T12:12:57.401+0000] {processor.py:766} INFO - DAG(s) dict_keys(['example_branch_operator']) retrieved from /home/airflow/.local/lib/python3.7/site-packages/airflow/example_dags/example_branch_operator.py
[2024-07-31T12:12:57.443+0000] {logging_mixin.py:120} INFO - [2024-07-31T12:12:57.442+0000] {dag.py:2585} INFO - Sync 1 DAGs
[2024-07-31T12:12:57.492+0000] {logging_mixin.py:120} INFO - [2024-07-31T12:12:57.491+0000] {dag.py:3340} INFO - Setting next_dagrun for example_branch_operator to 2024-07-30T00:00:00+00:00, run_after=2024-07-31T00:00:00+00:00
[2024-07-31T12:12:57.522+0000] {processor.py:176} INFO - Processing /home/airflow/.local/lib/python3.7/site-packages/airflow/example_dags/example_branch_operator.py took 0.168 seconds
[2024-07-31T12:13:27.680+0000] {processor.py:154} INFO - Started process (PID=206) to work on /home/airflow/.local/lib/python3.7/site-packages/airflow/example_dags/example_branch_operator.py
[2024-07-31T12:13:27.692+0000] {processor.py:756} INFO - Processing file /home/airflow/.local/lib/python3.7/site-packages/airflow/example_dags/example_branch_operator.py for tasks to queue
[2024-07-31T12:13:27.694+0000] {logging_mixin.py:120} INFO - [2024-07-31T12:13:27.693+0000] {dagbag.py:537} INFO - Filling up the DagBag from /home/airflow/.local/lib/python3.7/site-packages/airflow/example_dags/example_branch_operator.py
[2024-07-31T12:13:27.738+0000] {processor.py:766} INFO - DAG(s) dict_keys(['example_branch_operator']) retrieved from /home/airflow/.local/lib/python3.7/site-packages/airflow/example_dags/example_branch_operator.py
[2024-07-31T12:13:27.808+0000] {logging_mixin.py:120} INFO - [2024-07-31T12:13:27.808+0000] {dag.py:2585} INFO - Sync 1 DAGs
[2024-07-31T12:13:27.840+0000] {logging_mixin.py:120} INFO - [2024-07-31T12:13:27.840+0000] {dag.py:3340} INFO - Setting next_dagrun for example_branch_operator to 2024-07-30T00:00:00+00:00, run_after=2024-07-31T00:00:00+00:00
[2024-07-31T12:13:27.868+0000] {processor.py:176} INFO - Processing /home/airflow/.local/lib/python3.7/site-packages/airflow/example_dags/example_branch_operator.py took 0.195 seconds
[2024-07-31T12:13:58.186+0000] {processor.py:154} INFO - Started process (PID=260) to work on /home/airflow/.local/lib/python3.7/site-packages/airflow/example_dags/example_branch_operator.py
[2024-07-31T12:13:58.188+0000] {processor.py:756} INFO - Processing file /home/airflow/.local/lib/python3.7/site-packages/airflow/example_dags/example_branch_operator.py for tasks to queue
[2024-07-31T12:13:58.190+0000] {logging_mixin.py:120} INFO - [2024-07-31T12:13:58.189+0000] {dagbag.py:537} INFO - Filling up the DagBag from /home/airflow/.local/lib/python3.7/site-packages/airflow/example_dags/example_branch_operator.py
[2024-07-31T12:13:58.213+0000] {processor.py:766} INFO - DAG(s) dict_keys(['example_branch_operator']) retrieved from /home/airflow/.local/lib/python3.7/site-packages/airflow/example_dags/example_branch_operator.py
[2024-07-31T12:13:58.264+0000] {logging_mixin.py:120} INFO - [2024-07-31T12:13:58.264+0000] {dag.py:2585} INFO - Sync 1 DAGs
[2024-07-31T12:13:58.301+0000] {logging_mixin.py:120} INFO - [2024-07-31T12:13:58.301+0000] {dag.py:3340} INFO - Setting next_dagrun for example_branch_operator to 2024-07-30T00:00:00+00:00, run_after=2024-07-31T00:00:00+00:00
[2024-07-31T12:13:58.335+0000] {processor.py:176} INFO - Processing /home/airflow/.local/lib/python3.7/site-packages/airflow/example_dags/example_branch_operator.py took 0.153 seconds
[2024-07-31T12:14:28.713+0000] {processor.py:154} INFO - Started process (PID=325) to work on /home/airflow/.local/lib/python3.7/site-packages/airflow/example_dags/example_branch_operator.py
[2024-07-31T12:14:28.714+0000] {processor.py:756} INFO - Processing file /home/airflow/.local/lib/python3.7/site-packages/airflow/example_dags/example_branch_operator.py for tasks to queue
[2024-07-31T12:14:28.716+0000] {logging_mixin.py:120} INFO - [2024-07-31T12:14:28.715+0000] {dagbag.py:537} INFO - Filling up the DagBag from /home/airflow/.local/lib/python3.7/site-packages/airflow/example_dags/example_branch_operator.py
[2024-07-31T12:14:28.743+0000] {processor.py:766} INFO - DAG(s) dict_keys(['example_branch_operator']) retrieved from /home/airflow/.local/lib/python3.7/site-packages/airflow/example_dags/example_branch_operator.py
[2024-07-31T12:14:28.810+0000] {logging_mixin.py:120} INFO - [2024-07-31T12:14:28.809+0000] {dag.py:2585} INFO - Sync 1 DAGs
[2024-07-31T12:14:28.846+0000] {logging_mixin.py:120} INFO - [2024-07-31T12:14:28.846+0000] {dag.py:3340} INFO - Setting next_dagrun for example_branch_operator to 2024-07-30T00:00:00+00:00, run_after=2024-07-31T00:00:00+00:00
[2024-07-31T12:14:28.881+0000] {processor.py:176} INFO - Processing /home/airflow/.local/lib/python3.7/site-packages/airflow/example_dags/example_branch_operator.py took 0.172 seconds
[2024-07-31T12:14:59.418+0000] {processor.py:154} INFO - Started process (PID=389) to work on /home/airflow/.local/lib/python3.7/site-packages/airflow/example_dags/example_branch_operator.py
[2024-07-31T12:14:59.421+0000] {processor.py:756} INFO - Processing file /home/airflow/.local/lib/python3.7/site-packages/airflow/example_dags/example_branch_operator.py for tasks to queue
[2024-07-31T12:14:59.423+0000] {logging_mixin.py:120} INFO - [2024-07-31T12:14:59.422+0000] {dagbag.py:537} INFO - Filling up the DagBag from /home/airflow/.local/lib/python3.7/site-packages/airflow/example_dags/example_branch_operator.py
[2024-07-31T12:14:59.449+0000] {processor.py:766} INFO - DAG(s) dict_keys(['example_branch_operator']) retrieved from /home/airflow/.local/lib/python3.7/site-packages/airflow/example_dags/example_branch_operator.py
[2024-07-31T12:14:59.512+0000] {logging_mixin.py:120} INFO - [2024-07-31T12:14:59.512+0000] {dag.py:2585} INFO - Sync 1 DAGs
[2024-07-31T12:14:59.554+0000] {logging_mixin.py:120} INFO - [2024-07-31T12:14:59.553+0000] {dag.py:3340} INFO - Setting next_dagrun for example_branch_operator to 2024-07-30T00:00:00+00:00, run_after=2024-07-31T00:00:00+00:00
[2024-07-31T12:14:59.595+0000] {processor.py:176} INFO - Processing /home/airflow/.local/lib/python3.7/site-packages/airflow/example_dags/example_branch_operator.py took 0.181 seconds
[2024-07-31T12:15:30.459+0000] {processor.py:154} INFO - Started process (PID=443) to work on /home/airflow/.local/lib/python3.7/site-packages/airflow/example_dags/example_branch_operator.py
[2024-07-31T12:15:30.461+0000] {processor.py:756} INFO - Processing file /home/airflow/.local/lib/python3.7/site-packages/airflow/example_dags/example_branch_operator.py for tasks to queue
[2024-07-31T12:15:30.465+0000] {logging_mixin.py:120} INFO - [2024-07-31T12:15:30.464+0000] {dagbag.py:537} INFO - Filling up the DagBag from /home/airflow/.local/lib/python3.7/site-packages/airflow/example_dags/example_branch_operator.py
[2024-07-31T12:15:30.487+0000] {processor.py:766} INFO - DAG(s) dict_keys(['example_branch_operator']) retrieved from /home/airflow/.local/lib/python3.7/site-packages/airflow/example_dags/example_branch_operator.py
[2024-07-31T12:15:30.539+0000] {logging_mixin.py:120} INFO - [2024-07-31T12:15:30.539+0000] {dag.py:2585} INFO - Sync 1 DAGs
[2024-07-31T12:15:30.578+0000] {logging_mixin.py:120} INFO - [2024-07-31T12:15:30.577+0000] {dag.py:3340} INFO - Setting next_dagrun for example_branch_operator to 2024-07-30T00:00:00+00:00, run_after=2024-07-31T00:00:00+00:00
[2024-07-31T12:15:30.609+0000] {processor.py:176} INFO - Processing /home/airflow/.local/lib/python3.7/site-packages/airflow/example_dags/example_branch_operator.py took 0.154 seconds
[2024-07-31T12:16:00.697+0000] {processor.py:154} INFO - Started process (PID=506) to work on /home/airflow/.local/lib/python3.7/site-packages/airflow/example_dags/example_branch_operator.py
[2024-07-31T12:16:00.699+0000] {processor.py:756} INFO - Processing file /home/airflow/.local/lib/python3.7/site-packages/airflow/example_dags/example_branch_operator.py for tasks to queue
[2024-07-31T12:16:00.700+0000] {logging_mixin.py:120} INFO - [2024-07-31T12:16:00.700+0000] {dagbag.py:537} INFO - Filling up the DagBag from /home/airflow/.local/lib/python3.7/site-packages/airflow/example_dags/example_branch_operator.py
[2024-07-31T12:16:00.720+0000] {processor.py:766} INFO - DAG(s) dict_keys(['example_branch_operator']) retrieved from /home/airflow/.local/lib/python3.7/site-packages/airflow/example_dags/example_branch_operator.py
[2024-07-31T12:16:00.771+0000] {logging_mixin.py:120} INFO - [2024-07-31T12:16:00.771+0000] {dag.py:2585} INFO - Sync 1 DAGs
[2024-07-31T12:16:00.860+0000] {logging_mixin.py:120} INFO - [2024-07-31T12:16:00.860+0000] {dag.py:3340} INFO - Setting next_dagrun for example_branch_operator to 2024-07-30T00:00:00+00:00, run_after=2024-07-31T00:00:00+00:00
[2024-07-31T12:16:00.888+0000] {processor.py:176} INFO - Processing /home/airflow/.local/lib/python3.7/site-packages/airflow/example_dags/example_branch_operator.py took 0.195 seconds
[2024-07-31T12:16:35.104+0000] {processor.py:154} INFO - Started process (PID=569) to work on /home/airflow/.local/lib/python3.7/site-packages/airflow/example_dags/example_branch_operator.py
[2024-07-31T12:16:35.106+0000] {processor.py:756} INFO - Processing file /home/airflow/.local/lib/python3.7/site-packages/airflow/example_dags/example_branch_operator.py for tasks to queue
[2024-07-31T12:16:35.108+0000] {logging_mixin.py:120} INFO - [2024-07-31T12:16:35.107+0000] {dagbag.py:537} INFO - Filling up the DagBag from /home/airflow/.local/lib/python3.7/site-packages/airflow/example_dags/example_branch_operator.py
[2024-07-31T12:16:35.137+0000] {processor.py:766} INFO - DAG(s) dict_keys(['example_branch_operator']) retrieved from /home/airflow/.local/lib/python3.7/site-packages/airflow/example_dags/example_branch_operator.py
[2024-07-31T12:16:35.206+0000] {logging_mixin.py:120} INFO - [2024-07-31T12:16:35.206+0000] {dag.py:2585} INFO - Sync 1 DAGs
[2024-07-31T12:16:35.251+0000] {logging_mixin.py:120} INFO - [2024-07-31T12:16:35.251+0000] {dag.py:3340} INFO - Setting next_dagrun for example_branch_operator to 2024-07-30T00:00:00+00:00, run_after=2024-07-31T00:00:00+00:00
[2024-07-31T12:16:35.287+0000] {processor.py:176} INFO - Processing /home/airflow/.local/lib/python3.7/site-packages/airflow/example_dags/example_branch_operator.py took 0.189 seconds
[2024-07-31T12:17:07.498+0000] {processor.py:154} INFO - Started process (PID=623) to work on /home/airflow/.local/lib/python3.7/site-packages/airflow/example_dags/example_branch_operator.py
[2024-07-31T12:17:07.505+0000] {processor.py:756} INFO - Processing file /home/airflow/.local/lib/python3.7/site-packages/airflow/example_dags/example_branch_operator.py for tasks to queue
[2024-07-31T12:17:07.508+0000] {logging_mixin.py:120} INFO - [2024-07-31T12:17:07.507+0000] {dagbag.py:537} INFO - Filling up the DagBag from /home/airflow/.local/lib/python3.7/site-packages/airflow/example_dags/example_branch_operator.py
[2024-07-31T12:17:07.552+0000] {processor.py:766} INFO - DAG(s) dict_keys(['example_branch_operator']) retrieved from /home/airflow/.local/lib/python3.7/site-packages/airflow/example_dags/example_branch_operator.py
[2024-07-31T12:17:07.678+0000] {logging_mixin.py:120} INFO - [2024-07-31T12:17:07.677+0000] {dag.py:2585} INFO - Sync 1 DAGs
[2024-07-31T12:17:07.734+0000] {logging_mixin.py:120} INFO - [2024-07-31T12:17:07.734+0000] {dag.py:3340} INFO - Setting next_dagrun for example_branch_operator to 2024-07-30T00:00:00+00:00, run_after=2024-07-31T00:00:00+00:00
[2024-07-31T12:17:07.785+0000] {processor.py:176} INFO - Processing /home/airflow/.local/lib/python3.7/site-packages/airflow/example_dags/example_branch_operator.py took 0.292 seconds
[2024-07-31T12:17:38.180+0000] {processor.py:154} INFO - Started process (PID=685) to work on /home/airflow/.local/lib/python3.7/site-packages/airflow/example_dags/example_branch_operator.py
[2024-07-31T12:17:38.181+0000] {processor.py:756} INFO - Processing file /home/airflow/.local/lib/python3.7/site-packages/airflow/example_dags/example_branch_operator.py for tasks to queue
[2024-07-31T12:17:38.182+0000] {logging_mixin.py:120} INFO - [2024-07-31T12:17:38.182+0000] {dagbag.py:537} INFO - Filling up the DagBag from /home/airflow/.local/lib/python3.7/site-packages/airflow/example_dags/example_branch_operator.py
[2024-07-31T12:17:38.203+0000] {processor.py:766} INFO - DAG(s) dict_keys(['example_branch_operator']) retrieved from /home/airflow/.local/lib/python3.7/site-packages/airflow/example_dags/example_branch_operator.py
[2024-07-31T12:17:38.290+0000] {logging_mixin.py:120} INFO - [2024-07-31T12:17:38.290+0000] {dag.py:2585} INFO - Sync 1 DAGs
[2024-07-31T12:17:38.334+0000] {logging_mixin.py:120} INFO - [2024-07-31T12:17:38.334+0000] {dag.py:3340} INFO - Setting next_dagrun for example_branch_operator to 2024-07-30T00:00:00+00:00, run_after=2024-07-31T00:00:00+00:00
[2024-07-31T12:17:38.445+0000] {processor.py:176} INFO - Processing /home/airflow/.local/lib/python3.7/site-packages/airflow/example_dags/example_branch_operator.py took 0.269 seconds
[2024-07-31T12:18:09.510+0000] {processor.py:154} INFO - Started process (PID=739) to work on /home/airflow/.local/lib/python3.7/site-packages/airflow/example_dags/example_branch_operator.py
[2024-07-31T12:18:09.512+0000] {processor.py:756} INFO - Processing file /home/airflow/.local/lib/python3.7/site-packages/airflow/example_dags/example_branch_operator.py for tasks to queue
[2024-07-31T12:18:09.513+0000] {logging_mixin.py:120} INFO - [2024-07-31T12:18:09.513+0000] {dagbag.py:537} INFO - Filling up the DagBag from /home/airflow/.local/lib/python3.7/site-packages/airflow/example_dags/example_branch_operator.py
[2024-07-31T12:18:09.535+0000] {processor.py:766} INFO - DAG(s) dict_keys(['example_branch_operator']) retrieved from /home/airflow/.local/lib/python3.7/site-packages/airflow/example_dags/example_branch_operator.py
[2024-07-31T12:18:09.592+0000] {logging_mixin.py:120} INFO - [2024-07-31T12:18:09.592+0000] {dag.py:2585} INFO - Sync 1 DAGs
[2024-07-31T12:18:09.638+0000] {logging_mixin.py:120} INFO - [2024-07-31T12:18:09.638+0000] {dag.py:3340} INFO - Setting next_dagrun for example_branch_operator to 2024-07-30T00:00:00+00:00, run_after=2024-07-31T00:00:00+00:00
[2024-07-31T12:18:09.669+0000] {processor.py:176} INFO - Processing /home/airflow/.local/lib/python3.7/site-packages/airflow/example_dags/example_branch_operator.py took 0.164 seconds
[2024-07-31T12:18:40.442+0000] {processor.py:154} INFO - Started process (PID=801) to work on /home/airflow/.local/lib/python3.7/site-packages/airflow/example_dags/example_branch_operator.py
[2024-07-31T12:18:40.443+0000] {processor.py:756} INFO - Processing file /home/airflow/.local/lib/python3.7/site-packages/airflow/example_dags/example_branch_operator.py for tasks to queue
[2024-07-31T12:18:40.444+0000] {logging_mixin.py:120} INFO - [2024-07-31T12:18:40.444+0000] {dagbag.py:537} INFO - Filling up the DagBag from /home/airflow/.local/lib/python3.7/site-packages/airflow/example_dags/example_branch_operator.py
[2024-07-31T12:18:40.463+0000] {processor.py:766} INFO - DAG(s) dict_keys(['example_branch_operator']) retrieved from /home/airflow/.local/lib/python3.7/site-packages/airflow/example_dags/example_branch_operator.py
[2024-07-31T12:18:40.512+0000] {logging_mixin.py:120} INFO - [2024-07-31T12:18:40.511+0000] {dag.py:2585} INFO - Sync 1 DAGs
[2024-07-31T12:18:40.541+0000] {logging_mixin.py:120} INFO - [2024-07-31T12:18:40.541+0000] {dag.py:3340} INFO - Setting next_dagrun for example_branch_operator to 2024-07-30T00:00:00+00:00, run_after=2024-07-31T00:00:00+00:00
[2024-07-31T12:18:40.572+0000] {processor.py:176} INFO - Processing /home/airflow/.local/lib/python3.7/site-packages/airflow/example_dags/example_branch_operator.py took 0.133 seconds
[2024-07-31T12:19:12.142+0000] {processor.py:154} INFO - Started process (PID=864) to work on /home/airflow/.local/lib/python3.7/site-packages/airflow/example_dags/example_branch_operator.py
[2024-07-31T12:19:12.169+0000] {processor.py:756} INFO - Processing file /home/airflow/.local/lib/python3.7/site-packages/airflow/example_dags/example_branch_operator.py for tasks to queue
[2024-07-31T12:19:12.187+0000] {logging_mixin.py:120} INFO - [2024-07-31T12:19:12.186+0000] {dagbag.py:537} INFO - Filling up the DagBag from /home/airflow/.local/lib/python3.7/site-packages/airflow/example_dags/example_branch_operator.py
[2024-07-31T12:19:12.230+0000] {processor.py:766} INFO - DAG(s) dict_keys(['example_branch_operator']) retrieved from /home/airflow/.local/lib/python3.7/site-packages/airflow/example_dags/example_branch_operator.py
[2024-07-31T12:19:12.313+0000] {logging_mixin.py:120} INFO - [2024-07-31T12:19:12.312+0000] {dag.py:2585} INFO - Sync 1 DAGs
[2024-07-31T12:19:12.368+0000] {logging_mixin.py:120} INFO - [2024-07-31T12:19:12.368+0000] {dag.py:3340} INFO - Setting next_dagrun for example_branch_operator to 2024-07-30T00:00:00+00:00, run_after=2024-07-31T00:00:00+00:00
[2024-07-31T12:19:12.406+0000] {processor.py:176} INFO - Processing /home/airflow/.local/lib/python3.7/site-packages/airflow/example_dags/example_branch_operator.py took 0.267 seconds
[2024-07-31T12:19:42.893+0000] {processor.py:154} INFO - Started process (PID=918) to work on /home/airflow/.local/lib/python3.7/site-packages/airflow/example_dags/example_branch_operator.py
[2024-07-31T12:19:42.894+0000] {processor.py:756} INFO - Processing file /home/airflow/.local/lib/python3.7/site-packages/airflow/example_dags/example_branch_operator.py for tasks to queue
[2024-07-31T12:19:42.895+0000] {logging_mixin.py:120} INFO - [2024-07-31T12:19:42.895+0000] {dagbag.py:537} INFO - Filling up the DagBag from /home/airflow/.local/lib/python3.7/site-packages/airflow/example_dags/example_branch_operator.py
[2024-07-31T12:19:42.915+0000] {processor.py:766} INFO - DAG(s) dict_keys(['example_branch_operator']) retrieved from /home/airflow/.local/lib/python3.7/site-packages/airflow/example_dags/example_branch_operator.py
[2024-07-31T12:19:42.979+0000] {logging_mixin.py:120} INFO - [2024-07-31T12:19:42.978+0000] {dag.py:2585} INFO - Sync 1 DAGs
[2024-07-31T12:19:43.045+0000] {logging_mixin.py:120} INFO - [2024-07-31T12:19:43.045+0000] {dag.py:3340} INFO - Setting next_dagrun for example_branch_operator to 2024-07-30T00:00:00+00:00, run_after=2024-07-31T00:00:00+00:00
[2024-07-31T12:19:43.156+0000] {processor.py:176} INFO - Processing /home/airflow/.local/lib/python3.7/site-packages/airflow/example_dags/example_branch_operator.py took 0.266 seconds
[2024-07-31T12:20:14.551+0000] {processor.py:154} INFO - Started process (PID=980) to work on /home/airflow/.local/lib/python3.7/site-packages/airflow/example_dags/example_branch_operator.py
[2024-07-31T12:20:14.608+0000] {processor.py:756} INFO - Processing file /home/airflow/.local/lib/python3.7/site-packages/airflow/example_dags/example_branch_operator.py for tasks to queue
[2024-07-31T12:20:14.655+0000] {logging_mixin.py:120} INFO - [2024-07-31T12:20:14.655+0000] {dagbag.py:537} INFO - Filling up the DagBag from /home/airflow/.local/lib/python3.7/site-packages/airflow/example_dags/example_branch_operator.py
[2024-07-31T12:20:14.740+0000] {processor.py:766} INFO - DAG(s) dict_keys(['example_branch_operator']) retrieved from /home/airflow/.local/lib/python3.7/site-packages/airflow/example_dags/example_branch_operator.py
[2024-07-31T12:20:14.939+0000] {logging_mixin.py:120} INFO - [2024-07-31T12:20:14.939+0000] {dag.py:2585} INFO - Sync 1 DAGs
[2024-07-31T12:20:15.053+0000] {logging_mixin.py:120} INFO - [2024-07-31T12:20:15.053+0000] {dag.py:3340} INFO - Setting next_dagrun for example_branch_operator to 2024-07-30T00:00:00+00:00, run_after=2024-07-31T00:00:00+00:00
[2024-07-31T12:20:15.169+0000] {processor.py:176} INFO - Processing /home/airflow/.local/lib/python3.7/site-packages/airflow/example_dags/example_branch_operator.py took 0.622 seconds
[2024-07-31T12:20:45.767+0000] {processor.py:154} INFO - Started process (PID=1043) to work on /home/airflow/.local/lib/python3.7/site-packages/airflow/example_dags/example_branch_operator.py
[2024-07-31T12:20:45.769+0000] {processor.py:756} INFO - Processing file /home/airflow/.local/lib/python3.7/site-packages/airflow/example_dags/example_branch_operator.py for tasks to queue
[2024-07-31T12:20:45.770+0000] {logging_mixin.py:120} INFO - [2024-07-31T12:20:45.770+0000] {dagbag.py:537} INFO - Filling up the DagBag from /home/airflow/.local/lib/python3.7/site-packages/airflow/example_dags/example_branch_operator.py
[2024-07-31T12:20:45.796+0000] {processor.py:766} INFO - DAG(s) dict_keys(['example_branch_operator']) retrieved from /home/airflow/.local/lib/python3.7/site-packages/airflow/example_dags/example_branch_operator.py
[2024-07-31T12:20:45.854+0000] {logging_mixin.py:120} INFO - [2024-07-31T12:20:45.854+0000] {dag.py:2585} INFO - Sync 1 DAGs
[2024-07-31T12:20:45.892+0000] {logging_mixin.py:120} INFO - [2024-07-31T12:20:45.892+0000] {dag.py:3340} INFO - Setting next_dagrun for example_branch_operator to 2024-07-30T00:00:00+00:00, run_after=2024-07-31T00:00:00+00:00
[2024-07-31T12:20:45.928+0000] {processor.py:176} INFO - Processing /home/airflow/.local/lib/python3.7/site-packages/airflow/example_dags/example_branch_operator.py took 0.167 seconds
[2024-07-31T12:21:18.222+0000] {processor.py:154} INFO - Started process (PID=1097) to work on /home/airflow/.local/lib/python3.7/site-packages/airflow/example_dags/example_branch_operator.py
[2024-07-31T12:21:18.223+0000] {processor.py:756} INFO - Processing file /home/airflow/.local/lib/python3.7/site-packages/airflow/example_dags/example_branch_operator.py for tasks to queue
[2024-07-31T12:21:18.228+0000] {logging_mixin.py:120} INFO - [2024-07-31T12:21:18.228+0000] {dagbag.py:537} INFO - Filling up the DagBag from /home/airflow/.local/lib/python3.7/site-packages/airflow/example_dags/example_branch_operator.py
[2024-07-31T12:21:18.250+0000] {processor.py:766} INFO - DAG(s) dict_keys(['example_branch_operator']) retrieved from /home/airflow/.local/lib/python3.7/site-packages/airflow/example_dags/example_branch_operator.py
[2024-07-31T12:21:18.384+0000] {logging_mixin.py:120} INFO - [2024-07-31T12:21:18.384+0000] {dag.py:2585} INFO - Sync 1 DAGs
[2024-07-31T12:21:18.554+0000] {logging_mixin.py:120} INFO - [2024-07-31T12:21:18.554+0000] {dag.py:3340} INFO - Setting next_dagrun for example_branch_operator to 2024-07-30T00:00:00+00:00, run_after=2024-07-31T00:00:00+00:00
[2024-07-31T12:21:18.760+0000] {processor.py:176} INFO - Processing /home/airflow/.local/lib/python3.7/site-packages/airflow/example_dags/example_branch_operator.py took 0.544 seconds
[2024-07-31T12:21:49.157+0000] {processor.py:154} INFO - Started process (PID=1160) to work on /home/airflow/.local/lib/python3.7/site-packages/airflow/example_dags/example_branch_operator.py
[2024-07-31T12:21:49.159+0000] {processor.py:756} INFO - Processing file /home/airflow/.local/lib/python3.7/site-packages/airflow/example_dags/example_branch_operator.py for tasks to queue
[2024-07-31T12:21:49.162+0000] {logging_mixin.py:120} INFO - [2024-07-31T12:21:49.161+0000] {dagbag.py:537} INFO - Filling up the DagBag from /home/airflow/.local/lib/python3.7/site-packages/airflow/example_dags/example_branch_operator.py
[2024-07-31T12:21:49.188+0000] {processor.py:766} INFO - DAG(s) dict_keys(['example_branch_operator']) retrieved from /home/airflow/.local/lib/python3.7/site-packages/airflow/example_dags/example_branch_operator.py
[2024-07-31T12:21:49.258+0000] {logging_mixin.py:120} INFO - [2024-07-31T12:21:49.258+0000] {dag.py:2585} INFO - Sync 1 DAGs
[2024-07-31T12:21:49.305+0000] {logging_mixin.py:120} INFO - [2024-07-31T12:21:49.305+0000] {dag.py:3340} INFO - Setting next_dagrun for example_branch_operator to 2024-07-30T00:00:00+00:00, run_after=2024-07-31T00:00:00+00:00
[2024-07-31T12:21:49.331+0000] {processor.py:176} INFO - Processing /home/airflow/.local/lib/python3.7/site-packages/airflow/example_dags/example_branch_operator.py took 0.178 seconds
[2024-07-31T12:22:20.131+0000] {processor.py:154} INFO - Started process (PID=1223) to work on /home/airflow/.local/lib/python3.7/site-packages/airflow/example_dags/example_branch_operator.py
[2024-07-31T12:22:20.136+0000] {processor.py:756} INFO - Processing file /home/airflow/.local/lib/python3.7/site-packages/airflow/example_dags/example_branch_operator.py for tasks to queue
[2024-07-31T12:22:20.139+0000] {logging_mixin.py:120} INFO - [2024-07-31T12:22:20.139+0000] {dagbag.py:537} INFO - Filling up the DagBag from /home/airflow/.local/lib/python3.7/site-packages/airflow/example_dags/example_branch_operator.py
[2024-07-31T12:22:20.193+0000] {processor.py:766} INFO - DAG(s) dict_keys(['example_branch_operator']) retrieved from /home/airflow/.local/lib/python3.7/site-packages/airflow/example_dags/example_branch_operator.py
[2024-07-31T12:22:20.304+0000] {logging_mixin.py:120} INFO - [2024-07-31T12:22:20.303+0000] {dag.py:2585} INFO - Sync 1 DAGs
[2024-07-31T12:22:20.349+0000] {logging_mixin.py:120} INFO - [2024-07-31T12:22:20.349+0000] {dag.py:3340} INFO - Setting next_dagrun for example_branch_operator to 2024-07-30T00:00:00+00:00, run_after=2024-07-31T00:00:00+00:00
[2024-07-31T12:22:20.388+0000] {processor.py:176} INFO - Processing /home/airflow/.local/lib/python3.7/site-packages/airflow/example_dags/example_branch_operator.py took 0.261 seconds
[2024-07-31T12:22:50.865+0000] {processor.py:154} INFO - Started process (PID=1278) to work on /home/airflow/.local/lib/python3.7/site-packages/airflow/example_dags/example_branch_operator.py
[2024-07-31T12:22:50.867+0000] {processor.py:756} INFO - Processing file /home/airflow/.local/lib/python3.7/site-packages/airflow/example_dags/example_branch_operator.py for tasks to queue
[2024-07-31T12:22:50.868+0000] {logging_mixin.py:120} INFO - [2024-07-31T12:22:50.868+0000] {dagbag.py:537} INFO - Filling up the DagBag from /home/airflow/.local/lib/python3.7/site-packages/airflow/example_dags/example_branch_operator.py
[2024-07-31T12:22:50.892+0000] {processor.py:766} INFO - DAG(s) dict_keys(['example_branch_operator']) retrieved from /home/airflow/.local/lib/python3.7/site-packages/airflow/example_dags/example_branch_operator.py
[2024-07-31T12:22:50.947+0000] {logging_mixin.py:120} INFO - [2024-07-31T12:22:50.946+0000] {dag.py:2585} INFO - Sync 1 DAGs
[2024-07-31T12:22:51.008+0000] {logging_mixin.py:120} INFO - [2024-07-31T12:22:51.008+0000] {dag.py:3340} INFO - Setting next_dagrun for example_branch_operator to 2024-07-30T00:00:00+00:00, run_after=2024-07-31T00:00:00+00:00
[2024-07-31T12:22:51.130+0000] {processor.py:176} INFO - Processing /home/airflow/.local/lib/python3.7/site-packages/airflow/example_dags/example_branch_operator.py took 0.268 seconds
[2024-07-31T12:23:21.747+0000] {processor.py:154} INFO - Started process (PID=1341) to work on /home/airflow/.local/lib/python3.7/site-packages/airflow/example_dags/example_branch_operator.py
[2024-07-31T12:23:21.748+0000] {processor.py:756} INFO - Processing file /home/airflow/.local/lib/python3.7/site-packages/airflow/example_dags/example_branch_operator.py for tasks to queue
[2024-07-31T12:23:21.750+0000] {logging_mixin.py:120} INFO - [2024-07-31T12:23:21.749+0000] {dagbag.py:537} INFO - Filling up the DagBag from /home/airflow/.local/lib/python3.7/site-packages/airflow/example_dags/example_branch_operator.py
[2024-07-31T12:23:21.781+0000] {processor.py:766} INFO - DAG(s) dict_keys(['example_branch_operator']) retrieved from /home/airflow/.local/lib/python3.7/site-packages/airflow/example_dags/example_branch_operator.py
[2024-07-31T12:23:21.841+0000] {logging_mixin.py:120} INFO - [2024-07-31T12:23:21.841+0000] {dag.py:2585} INFO - Sync 1 DAGs
[2024-07-31T12:23:21.879+0000] {logging_mixin.py:120} INFO - [2024-07-31T12:23:21.878+0000] {dag.py:3340} INFO - Setting next_dagrun for example_branch_operator to 2024-07-30T00:00:00+00:00, run_after=2024-07-31T00:00:00+00:00
[2024-07-31T12:23:21.911+0000] {processor.py:176} INFO - Processing /home/airflow/.local/lib/python3.7/site-packages/airflow/example_dags/example_branch_operator.py took 0.169 seconds
[2024-07-31T12:23:52.704+0000] {processor.py:154} INFO - Started process (PID=1395) to work on /home/airflow/.local/lib/python3.7/site-packages/airflow/example_dags/example_branch_operator.py
[2024-07-31T12:23:52.826+0000] {processor.py:756} INFO - Processing file /home/airflow/.local/lib/python3.7/site-packages/airflow/example_dags/example_branch_operator.py for tasks to queue
[2024-07-31T12:23:52.836+0000] {logging_mixin.py:120} INFO - [2024-07-31T12:23:52.836+0000] {dagbag.py:537} INFO - Filling up the DagBag from /home/airflow/.local/lib/python3.7/site-packages/airflow/example_dags/example_branch_operator.py
[2024-07-31T12:23:52.868+0000] {processor.py:766} INFO - DAG(s) dict_keys(['example_branch_operator']) retrieved from /home/airflow/.local/lib/python3.7/site-packages/airflow/example_dags/example_branch_operator.py
[2024-07-31T12:23:52.979+0000] {logging_mixin.py:120} INFO - [2024-07-31T12:23:52.978+0000] {dag.py:2585} INFO - Sync 1 DAGs
[2024-07-31T12:23:53.083+0000] {logging_mixin.py:120} INFO - [2024-07-31T12:23:53.083+0000] {dag.py:3340} INFO - Setting next_dagrun for example_branch_operator to 2024-07-30T00:00:00+00:00, run_after=2024-07-31T00:00:00+00:00
[2024-07-31T12:23:53.199+0000] {processor.py:176} INFO - Processing /home/airflow/.local/lib/python3.7/site-packages/airflow/example_dags/example_branch_operator.py took 0.498 seconds
[2024-07-31T12:24:23.451+0000] {processor.py:154} INFO - Started process (PID=1458) to work on /home/airflow/.local/lib/python3.7/site-packages/airflow/example_dags/example_branch_operator.py
[2024-07-31T12:24:23.453+0000] {processor.py:756} INFO - Processing file /home/airflow/.local/lib/python3.7/site-packages/airflow/example_dags/example_branch_operator.py for tasks to queue
[2024-07-31T12:24:23.454+0000] {logging_mixin.py:120} INFO - [2024-07-31T12:24:23.454+0000] {dagbag.py:537} INFO - Filling up the DagBag from /home/airflow/.local/lib/python3.7/site-packages/airflow/example_dags/example_branch_operator.py
[2024-07-31T12:24:23.477+0000] {processor.py:766} INFO - DAG(s) dict_keys(['example_branch_operator']) retrieved from /home/airflow/.local/lib/python3.7/site-packages/airflow/example_dags/example_branch_operator.py
[2024-07-31T12:24:23.523+0000] {logging_mixin.py:120} INFO - [2024-07-31T12:24:23.522+0000] {dag.py:2585} INFO - Sync 1 DAGs
[2024-07-31T12:24:23.555+0000] {logging_mixin.py:120} INFO - [2024-07-31T12:24:23.555+0000] {dag.py:3340} INFO - Setting next_dagrun for example_branch_operator to 2024-07-30T00:00:00+00:00, run_after=2024-07-31T00:00:00+00:00
[2024-07-31T12:24:23.583+0000] {processor.py:176} INFO - Processing /home/airflow/.local/lib/python3.7/site-packages/airflow/example_dags/example_branch_operator.py took 0.135 seconds
[2024-07-31T12:24:54.806+0000] {processor.py:154} INFO - Started process (PID=1519) to work on /home/airflow/.local/lib/python3.7/site-packages/airflow/example_dags/example_branch_operator.py
[2024-07-31T12:24:54.846+0000] {processor.py:756} INFO - Processing file /home/airflow/.local/lib/python3.7/site-packages/airflow/example_dags/example_branch_operator.py for tasks to queue
[2024-07-31T12:24:54.874+0000] {logging_mixin.py:120} INFO - [2024-07-31T12:24:54.873+0000] {dagbag.py:537} INFO - Filling up the DagBag from /home/airflow/.local/lib/python3.7/site-packages/airflow/example_dags/example_branch_operator.py
[2024-07-31T12:24:54.929+0000] {processor.py:766} INFO - DAG(s) dict_keys(['example_branch_operator']) retrieved from /home/airflow/.local/lib/python3.7/site-packages/airflow/example_dags/example_branch_operator.py
[2024-07-31T12:24:55.016+0000] {logging_mixin.py:120} INFO - [2024-07-31T12:24:55.015+0000] {dag.py:2585} INFO - Sync 1 DAGs
[2024-07-31T12:24:55.080+0000] {logging_mixin.py:120} INFO - [2024-07-31T12:24:55.080+0000] {dag.py:3340} INFO - Setting next_dagrun for example_branch_operator to 2024-07-30T00:00:00+00:00, run_after=2024-07-31T00:00:00+00:00
[2024-07-31T12:24:55.127+0000] {processor.py:176} INFO - Processing /home/airflow/.local/lib/python3.7/site-packages/airflow/example_dags/example_branch_operator.py took 0.324 seconds
[2024-07-31T12:25:25.403+0000] {processor.py:154} INFO - Started process (PID=1574) to work on /home/airflow/.local/lib/python3.7/site-packages/airflow/example_dags/example_branch_operator.py
[2024-07-31T12:25:25.405+0000] {processor.py:756} INFO - Processing file /home/airflow/.local/lib/python3.7/site-packages/airflow/example_dags/example_branch_operator.py for tasks to queue
[2024-07-31T12:25:25.406+0000] {logging_mixin.py:120} INFO - [2024-07-31T12:25:25.406+0000] {dagbag.py:537} INFO - Filling up the DagBag from /home/airflow/.local/lib/python3.7/site-packages/airflow/example_dags/example_branch_operator.py
[2024-07-31T12:25:25.451+0000] {processor.py:766} INFO - DAG(s) dict_keys(['example_branch_operator']) retrieved from /home/airflow/.local/lib/python3.7/site-packages/airflow/example_dags/example_branch_operator.py
[2024-07-31T12:25:25.513+0000] {logging_mixin.py:120} INFO - [2024-07-31T12:25:25.512+0000] {dag.py:2585} INFO - Sync 1 DAGs
[2024-07-31T12:25:25.601+0000] {logging_mixin.py:120} INFO - [2024-07-31T12:25:25.601+0000] {dag.py:3340} INFO - Setting next_dagrun for example_branch_operator to 2024-07-30T00:00:00+00:00, run_after=2024-07-31T00:00:00+00:00
[2024-07-31T12:25:25.645+0000] {processor.py:176} INFO - Processing /home/airflow/.local/lib/python3.7/site-packages/airflow/example_dags/example_branch_operator.py took 0.247 seconds
[2024-07-31T12:25:55.985+0000] {processor.py:154} INFO - Started process (PID=1637) to work on /home/airflow/.local/lib/python3.7/site-packages/airflow/example_dags/example_branch_operator.py
[2024-07-31T12:25:55.987+0000] {processor.py:756} INFO - Processing file /home/airflow/.local/lib/python3.7/site-packages/airflow/example_dags/example_branch_operator.py for tasks to queue
[2024-07-31T12:25:55.989+0000] {logging_mixin.py:120} INFO - [2024-07-31T12:25:55.989+0000] {dagbag.py:537} INFO - Filling up the DagBag from /home/airflow/.local/lib/python3.7/site-packages/airflow/example_dags/example_branch_operator.py
[2024-07-31T12:25:56.016+0000] {processor.py:766} INFO - DAG(s) dict_keys(['example_branch_operator']) retrieved from /home/airflow/.local/lib/python3.7/site-packages/airflow/example_dags/example_branch_operator.py
[2024-07-31T12:25:56.225+0000] {logging_mixin.py:120} INFO - [2024-07-31T12:25:56.224+0000] {dag.py:2585} INFO - Sync 1 DAGs
[2024-07-31T12:25:56.331+0000] {logging_mixin.py:120} INFO - [2024-07-31T12:25:56.331+0000] {dag.py:3340} INFO - Setting next_dagrun for example_branch_operator to 2024-07-30T00:00:00+00:00, run_after=2024-07-31T00:00:00+00:00
[2024-07-31T12:25:56.390+0000] {processor.py:176} INFO - Processing /home/airflow/.local/lib/python3.7/site-packages/airflow/example_dags/example_branch_operator.py took 0.409 seconds
[2024-07-31T12:26:27.184+0000] {processor.py:154} INFO - Started process (PID=1691) to work on /home/airflow/.local/lib/python3.7/site-packages/airflow/example_dags/example_branch_operator.py
[2024-07-31T12:26:27.186+0000] {processor.py:756} INFO - Processing file /home/airflow/.local/lib/python3.7/site-packages/airflow/example_dags/example_branch_operator.py for tasks to queue
[2024-07-31T12:26:27.188+0000] {logging_mixin.py:120} INFO - [2024-07-31T12:26:27.187+0000] {dagbag.py:537} INFO - Filling up the DagBag from /home/airflow/.local/lib/python3.7/site-packages/airflow/example_dags/example_branch_operator.py
[2024-07-31T12:26:27.214+0000] {processor.py:766} INFO - DAG(s) dict_keys(['example_branch_operator']) retrieved from /home/airflow/.local/lib/python3.7/site-packages/airflow/example_dags/example_branch_operator.py
[2024-07-31T12:26:27.272+0000] {logging_mixin.py:120} INFO - [2024-07-31T12:26:27.272+0000] {dag.py:2585} INFO - Sync 1 DAGs
[2024-07-31T12:26:27.300+0000] {logging_mixin.py:120} INFO - [2024-07-31T12:26:27.299+0000] {dag.py:3340} INFO - Setting next_dagrun for example_branch_operator to 2024-07-30T00:00:00+00:00, run_after=2024-07-31T00:00:00+00:00
[2024-07-31T12:26:27.325+0000] {processor.py:176} INFO - Processing /home/airflow/.local/lib/python3.7/site-packages/airflow/example_dags/example_branch_operator.py took 0.145 seconds
[2024-07-31T12:26:58.019+0000] {processor.py:154} INFO - Started process (PID=1754) to work on /home/airflow/.local/lib/python3.7/site-packages/airflow/example_dags/example_branch_operator.py
[2024-07-31T12:26:58.037+0000] {processor.py:756} INFO - Processing file /home/airflow/.local/lib/python3.7/site-packages/airflow/example_dags/example_branch_operator.py for tasks to queue
[2024-07-31T12:26:58.052+0000] {logging_mixin.py:120} INFO - [2024-07-31T12:26:58.052+0000] {dagbag.py:537} INFO - Filling up the DagBag from /home/airflow/.local/lib/python3.7/site-packages/airflow/example_dags/example_branch_operator.py
[2024-07-31T12:26:58.085+0000] {processor.py:766} INFO - DAG(s) dict_keys(['example_branch_operator']) retrieved from /home/airflow/.local/lib/python3.7/site-packages/airflow/example_dags/example_branch_operator.py
[2024-07-31T12:26:58.154+0000] {logging_mixin.py:120} INFO - [2024-07-31T12:26:58.153+0000] {dag.py:2585} INFO - Sync 1 DAGs
[2024-07-31T12:26:58.197+0000] {logging_mixin.py:120} INFO - [2024-07-31T12:26:58.196+0000] {dag.py:3340} INFO - Setting next_dagrun for example_branch_operator to 2024-07-30T00:00:00+00:00, run_after=2024-07-31T00:00:00+00:00
[2024-07-31T12:26:58.236+0000] {processor.py:176} INFO - Processing /home/airflow/.local/lib/python3.7/site-packages/airflow/example_dags/example_branch_operator.py took 0.222 seconds
[2024-07-31T12:27:29.568+0000] {processor.py:154} INFO - Started process (PID=1818) to work on /home/airflow/.local/lib/python3.7/site-packages/airflow/example_dags/example_branch_operator.py
[2024-07-31T12:27:29.570+0000] {processor.py:756} INFO - Processing file /home/airflow/.local/lib/python3.7/site-packages/airflow/example_dags/example_branch_operator.py for tasks to queue
[2024-07-31T12:27:29.572+0000] {logging_mixin.py:120} INFO - [2024-07-31T12:27:29.572+0000] {dagbag.py:537} INFO - Filling up the DagBag from /home/airflow/.local/lib/python3.7/site-packages/airflow/example_dags/example_branch_operator.py
[2024-07-31T12:27:29.597+0000] {processor.py:766} INFO - DAG(s) dict_keys(['example_branch_operator']) retrieved from /home/airflow/.local/lib/python3.7/site-packages/airflow/example_dags/example_branch_operator.py
[2024-07-31T12:27:29.655+0000] {logging_mixin.py:120} INFO - [2024-07-31T12:27:29.655+0000] {dag.py:2585} INFO - Sync 1 DAGs
[2024-07-31T12:27:29.696+0000] {logging_mixin.py:120} INFO - [2024-07-31T12:27:29.696+0000] {dag.py:3340} INFO - Setting next_dagrun for example_branch_operator to 2024-07-30T00:00:00+00:00, run_after=2024-07-31T00:00:00+00:00
[2024-07-31T12:27:29.731+0000] {processor.py:176} INFO - Processing /home/airflow/.local/lib/python3.7/site-packages/airflow/example_dags/example_branch_operator.py took 0.168 seconds
[2024-07-31T12:28:02.532+0000] {processor.py:154} INFO - Started process (PID=1872) to work on /home/airflow/.local/lib/python3.7/site-packages/airflow/example_dags/example_branch_operator.py
[2024-07-31T12:28:02.535+0000] {processor.py:756} INFO - Processing file /home/airflow/.local/lib/python3.7/site-packages/airflow/example_dags/example_branch_operator.py for tasks to queue
[2024-07-31T12:28:02.537+0000] {logging_mixin.py:120} INFO - [2024-07-31T12:28:02.537+0000] {dagbag.py:537} INFO - Filling up the DagBag from /home/airflow/.local/lib/python3.7/site-packages/airflow/example_dags/example_branch_operator.py
[2024-07-31T12:28:02.567+0000] {processor.py:766} INFO - DAG(s) dict_keys(['example_branch_operator']) retrieved from /home/airflow/.local/lib/python3.7/site-packages/airflow/example_dags/example_branch_operator.py
[2024-07-31T12:28:02.658+0000] {logging_mixin.py:120} INFO - [2024-07-31T12:28:02.658+0000] {dag.py:2585} INFO - Sync 1 DAGs
[2024-07-31T12:28:02.704+0000] {logging_mixin.py:120} INFO - [2024-07-31T12:28:02.703+0000] {dag.py:3340} INFO - Setting next_dagrun for example_branch_operator to 2024-07-30T00:00:00+00:00, run_after=2024-07-31T00:00:00+00:00
[2024-07-31T12:28:02.732+0000] {processor.py:176} INFO - Processing /home/airflow/.local/lib/python3.7/site-packages/airflow/example_dags/example_branch_operator.py took 0.205 seconds
[2024-07-31T12:28:35.006+0000] {processor.py:154} INFO - Started process (PID=1936) to work on /home/airflow/.local/lib/python3.7/site-packages/airflow/example_dags/example_branch_operator.py
[2024-07-31T12:28:35.129+0000] {processor.py:756} INFO - Processing file /home/airflow/.local/lib/python3.7/site-packages/airflow/example_dags/example_branch_operator.py for tasks to queue
[2024-07-31T12:28:35.137+0000] {logging_mixin.py:120} INFO - [2024-07-31T12:28:35.137+0000] {dagbag.py:537} INFO - Filling up the DagBag from /home/airflow/.local/lib/python3.7/site-packages/airflow/example_dags/example_branch_operator.py
[2024-07-31T12:28:35.167+0000] {processor.py:766} INFO - DAG(s) dict_keys(['example_branch_operator']) retrieved from /home/airflow/.local/lib/python3.7/site-packages/airflow/example_dags/example_branch_operator.py
[2024-07-31T12:28:35.248+0000] {logging_mixin.py:120} INFO - [2024-07-31T12:28:35.248+0000] {dag.py:2585} INFO - Sync 1 DAGs
[2024-07-31T12:28:35.298+0000] {logging_mixin.py:120} INFO - [2024-07-31T12:28:35.298+0000] {dag.py:3340} INFO - Setting next_dagrun for example_branch_operator to 2024-07-30T00:00:00+00:00, run_after=2024-07-31T00:00:00+00:00
[2024-07-31T12:28:35.382+0000] {processor.py:176} INFO - Processing /home/airflow/.local/lib/python3.7/site-packages/airflow/example_dags/example_branch_operator.py took 0.380 seconds
[2024-07-31T12:29:05.969+0000] {processor.py:154} INFO - Started process (PID=1999) to work on /home/airflow/.local/lib/python3.7/site-packages/airflow/example_dags/example_branch_operator.py
[2024-07-31T12:29:06.116+0000] {processor.py:756} INFO - Processing file /home/airflow/.local/lib/python3.7/site-packages/airflow/example_dags/example_branch_operator.py for tasks to queue
[2024-07-31T12:29:06.214+0000] {logging_mixin.py:120} INFO - [2024-07-31T12:29:06.213+0000] {dagbag.py:537} INFO - Filling up the DagBag from /home/airflow/.local/lib/python3.7/site-packages/airflow/example_dags/example_branch_operator.py
[2024-07-31T12:29:06.255+0000] {processor.py:766} INFO - DAG(s) dict_keys(['example_branch_operator']) retrieved from /home/airflow/.local/lib/python3.7/site-packages/airflow/example_dags/example_branch_operator.py
[2024-07-31T12:29:06.337+0000] {logging_mixin.py:120} INFO - [2024-07-31T12:29:06.336+0000] {dag.py:2585} INFO - Sync 1 DAGs
[2024-07-31T12:29:06.369+0000] {logging_mixin.py:120} INFO - [2024-07-31T12:29:06.368+0000] {dag.py:3340} INFO - Setting next_dagrun for example_branch_operator to 2024-07-30T00:00:00+00:00, run_after=2024-07-31T00:00:00+00:00
[2024-07-31T12:29:06.490+0000] {processor.py:176} INFO - Processing /home/airflow/.local/lib/python3.7/site-packages/airflow/example_dags/example_branch_operator.py took 0.526 seconds
[2024-07-31T12:29:36.815+0000] {processor.py:154} INFO - Started process (PID=2053) to work on /home/airflow/.local/lib/python3.7/site-packages/airflow/example_dags/example_branch_operator.py
[2024-07-31T12:29:36.817+0000] {processor.py:756} INFO - Processing file /home/airflow/.local/lib/python3.7/site-packages/airflow/example_dags/example_branch_operator.py for tasks to queue
[2024-07-31T12:29:36.818+0000] {logging_mixin.py:120} INFO - [2024-07-31T12:29:36.818+0000] {dagbag.py:537} INFO - Filling up the DagBag from /home/airflow/.local/lib/python3.7/site-packages/airflow/example_dags/example_branch_operator.py
[2024-07-31T12:29:36.837+0000] {processor.py:766} INFO - DAG(s) dict_keys(['example_branch_operator']) retrieved from /home/airflow/.local/lib/python3.7/site-packages/airflow/example_dags/example_branch_operator.py
[2024-07-31T12:29:36.920+0000] {logging_mixin.py:120} INFO - [2024-07-31T12:29:36.920+0000] {dag.py:2585} INFO - Sync 1 DAGs
[2024-07-31T12:29:36.954+0000] {logging_mixin.py:120} INFO - [2024-07-31T12:29:36.953+0000] {dag.py:3340} INFO - Setting next_dagrun for example_branch_operator to 2024-07-30T00:00:00+00:00, run_after=2024-07-31T00:00:00+00:00
[2024-07-31T12:29:37.005+0000] {processor.py:176} INFO - Processing /home/airflow/.local/lib/python3.7/site-packages/airflow/example_dags/example_branch_operator.py took 0.193 seconds
[2024-07-31T12:30:07.679+0000] {processor.py:154} INFO - Started process (PID=2117) to work on /home/airflow/.local/lib/python3.7/site-packages/airflow/example_dags/example_branch_operator.py
[2024-07-31T12:30:07.771+0000] {processor.py:756} INFO - Processing file /home/airflow/.local/lib/python3.7/site-packages/airflow/example_dags/example_branch_operator.py for tasks to queue
[2024-07-31T12:30:07.780+0000] {logging_mixin.py:120} INFO - [2024-07-31T12:30:07.780+0000] {dagbag.py:537} INFO - Filling up the DagBag from /home/airflow/.local/lib/python3.7/site-packages/airflow/example_dags/example_branch_operator.py
[2024-07-31T12:30:07.830+0000] {processor.py:766} INFO - DAG(s) dict_keys(['example_branch_operator']) retrieved from /home/airflow/.local/lib/python3.7/site-packages/airflow/example_dags/example_branch_operator.py
[2024-07-31T12:30:08.019+0000] {logging_mixin.py:120} INFO - [2024-07-31T12:30:08.018+0000] {dag.py:2585} INFO - Sync 1 DAGs
[2024-07-31T12:30:08.168+0000] {logging_mixin.py:120} INFO - [2024-07-31T12:30:08.168+0000] {dag.py:3340} INFO - Setting next_dagrun for example_branch_operator to 2024-07-30T00:00:00+00:00, run_after=2024-07-31T00:00:00+00:00
[2024-07-31T12:30:08.308+0000] {processor.py:176} INFO - Processing /home/airflow/.local/lib/python3.7/site-packages/airflow/example_dags/example_branch_operator.py took 0.633 seconds
[2024-07-31T12:30:39.213+0000] {processor.py:154} INFO - Started process (PID=2180) to work on /home/airflow/.local/lib/python3.7/site-packages/airflow/example_dags/example_branch_operator.py
[2024-07-31T12:30:39.215+0000] {processor.py:756} INFO - Processing file /home/airflow/.local/lib/python3.7/site-packages/airflow/example_dags/example_branch_operator.py for tasks to queue
[2024-07-31T12:30:39.216+0000] {logging_mixin.py:120} INFO - [2024-07-31T12:30:39.216+0000] {dagbag.py:537} INFO - Filling up the DagBag from /home/airflow/.local/lib/python3.7/site-packages/airflow/example_dags/example_branch_operator.py
[2024-07-31T12:30:39.247+0000] {processor.py:766} INFO - DAG(s) dict_keys(['example_branch_operator']) retrieved from /home/airflow/.local/lib/python3.7/site-packages/airflow/example_dags/example_branch_operator.py
[2024-07-31T12:30:39.327+0000] {logging_mixin.py:120} INFO - [2024-07-31T12:30:39.326+0000] {dag.py:2585} INFO - Sync 1 DAGs
[2024-07-31T12:30:39.383+0000] {logging_mixin.py:120} INFO - [2024-07-31T12:30:39.383+0000] {dag.py:3340} INFO - Setting next_dagrun for example_branch_operator to 2024-07-30T00:00:00+00:00, run_after=2024-07-31T00:00:00+00:00
[2024-07-31T12:30:39.482+0000] {processor.py:176} INFO - Processing /home/airflow/.local/lib/python3.7/site-packages/airflow/example_dags/example_branch_operator.py took 0.272 seconds
[2024-07-31T12:31:10.270+0000] {processor.py:154} INFO - Started process (PID=2233) to work on /home/airflow/.local/lib/python3.7/site-packages/airflow/example_dags/example_branch_operator.py
[2024-07-31T12:31:10.272+0000] {processor.py:756} INFO - Processing file /home/airflow/.local/lib/python3.7/site-packages/airflow/example_dags/example_branch_operator.py for tasks to queue
[2024-07-31T12:31:10.273+0000] {logging_mixin.py:120} INFO - [2024-07-31T12:31:10.273+0000] {dagbag.py:537} INFO - Filling up the DagBag from /home/airflow/.local/lib/python3.7/site-packages/airflow/example_dags/example_branch_operator.py
[2024-07-31T12:31:10.296+0000] {processor.py:766} INFO - DAG(s) dict_keys(['example_branch_operator']) retrieved from /home/airflow/.local/lib/python3.7/site-packages/airflow/example_dags/example_branch_operator.py
[2024-07-31T12:31:10.342+0000] {logging_mixin.py:120} INFO - [2024-07-31T12:31:10.342+0000] {dag.py:2585} INFO - Sync 1 DAGs
[2024-07-31T12:31:10.384+0000] {logging_mixin.py:120} INFO - [2024-07-31T12:31:10.383+0000] {dag.py:3340} INFO - Setting next_dagrun for example_branch_operator to 2024-07-30T00:00:00+00:00, run_after=2024-07-31T00:00:00+00:00
[2024-07-31T12:31:10.439+0000] {processor.py:176} INFO - Processing /home/airflow/.local/lib/python3.7/site-packages/airflow/example_dags/example_branch_operator.py took 0.173 seconds
[2024-07-31T12:31:40.731+0000] {processor.py:154} INFO - Started process (PID=2297) to work on /home/airflow/.local/lib/python3.7/site-packages/airflow/example_dags/example_branch_operator.py
[2024-07-31T12:31:40.733+0000] {processor.py:756} INFO - Processing file /home/airflow/.local/lib/python3.7/site-packages/airflow/example_dags/example_branch_operator.py for tasks to queue
[2024-07-31T12:31:40.734+0000] {logging_mixin.py:120} INFO - [2024-07-31T12:31:40.733+0000] {dagbag.py:537} INFO - Filling up the DagBag from /home/airflow/.local/lib/python3.7/site-packages/airflow/example_dags/example_branch_operator.py
[2024-07-31T12:31:40.751+0000] {processor.py:766} INFO - DAG(s) dict_keys(['example_branch_operator']) retrieved from /home/airflow/.local/lib/python3.7/site-packages/airflow/example_dags/example_branch_operator.py
[2024-07-31T12:31:40.795+0000] {logging_mixin.py:120} INFO - [2024-07-31T12:31:40.795+0000] {dag.py:2585} INFO - Sync 1 DAGs
[2024-07-31T12:31:40.933+0000] {logging_mixin.py:120} INFO - [2024-07-31T12:31:40.933+0000] {dag.py:3340} INFO - Setting next_dagrun for example_branch_operator to 2024-07-30T00:00:00+00:00, run_after=2024-07-31T00:00:00+00:00
[2024-07-31T12:31:41.022+0000] {processor.py:176} INFO - Processing /home/airflow/.local/lib/python3.7/site-packages/airflow/example_dags/example_branch_operator.py took 0.295 seconds
[2024-07-31T12:32:11.515+0000] {processor.py:154} INFO - Started process (PID=2360) to work on /home/airflow/.local/lib/python3.7/site-packages/airflow/example_dags/example_branch_operator.py
[2024-07-31T12:32:11.516+0000] {processor.py:756} INFO - Processing file /home/airflow/.local/lib/python3.7/site-packages/airflow/example_dags/example_branch_operator.py for tasks to queue
[2024-07-31T12:32:11.517+0000] {logging_mixin.py:120} INFO - [2024-07-31T12:32:11.517+0000] {dagbag.py:537} INFO - Filling up the DagBag from /home/airflow/.local/lib/python3.7/site-packages/airflow/example_dags/example_branch_operator.py
[2024-07-31T12:32:11.542+0000] {processor.py:766} INFO - DAG(s) dict_keys(['example_branch_operator']) retrieved from /home/airflow/.local/lib/python3.7/site-packages/airflow/example_dags/example_branch_operator.py
[2024-07-31T12:32:11.626+0000] {logging_mixin.py:120} INFO - [2024-07-31T12:32:11.625+0000] {dag.py:2585} INFO - Sync 1 DAGs
[2024-07-31T12:32:11.666+0000] {logging_mixin.py:120} INFO - [2024-07-31T12:32:11.666+0000] {dag.py:3340} INFO - Setting next_dagrun for example_branch_operator to 2024-07-30T00:00:00+00:00, run_after=2024-07-31T00:00:00+00:00
[2024-07-31T12:32:11.700+0000] {processor.py:176} INFO - Processing /home/airflow/.local/lib/python3.7/site-packages/airflow/example_dags/example_branch_operator.py took 0.191 seconds
[2024-07-31T12:32:42.148+0000] {processor.py:154} INFO - Started process (PID=2414) to work on /home/airflow/.local/lib/python3.7/site-packages/airflow/example_dags/example_branch_operator.py
[2024-07-31T12:32:42.149+0000] {processor.py:756} INFO - Processing file /home/airflow/.local/lib/python3.7/site-packages/airflow/example_dags/example_branch_operator.py for tasks to queue
[2024-07-31T12:32:42.151+0000] {logging_mixin.py:120} INFO - [2024-07-31T12:32:42.150+0000] {dagbag.py:537} INFO - Filling up the DagBag from /home/airflow/.local/lib/python3.7/site-packages/airflow/example_dags/example_branch_operator.py
[2024-07-31T12:32:42.191+0000] {processor.py:766} INFO - DAG(s) dict_keys(['example_branch_operator']) retrieved from /home/airflow/.local/lib/python3.7/site-packages/airflow/example_dags/example_branch_operator.py
[2024-07-31T12:32:42.348+0000] {logging_mixin.py:120} INFO - [2024-07-31T12:32:42.347+0000] {dag.py:2585} INFO - Sync 1 DAGs
[2024-07-31T12:32:42.510+0000] {logging_mixin.py:120} INFO - [2024-07-31T12:32:42.510+0000] {dag.py:3340} INFO - Setting next_dagrun for example_branch_operator to 2024-07-30T00:00:00+00:00, run_after=2024-07-31T00:00:00+00:00
[2024-07-31T12:32:42.635+0000] {processor.py:176} INFO - Processing /home/airflow/.local/lib/python3.7/site-packages/airflow/example_dags/example_branch_operator.py took 0.490 seconds
[2024-07-31T12:33:12.955+0000] {processor.py:154} INFO - Started process (PID=2477) to work on /home/airflow/.local/lib/python3.7/site-packages/airflow/example_dags/example_branch_operator.py
[2024-07-31T12:33:12.958+0000] {processor.py:756} INFO - Processing file /home/airflow/.local/lib/python3.7/site-packages/airflow/example_dags/example_branch_operator.py for tasks to queue
[2024-07-31T12:33:12.961+0000] {logging_mixin.py:120} INFO - [2024-07-31T12:33:12.960+0000] {dagbag.py:537} INFO - Filling up the DagBag from /home/airflow/.local/lib/python3.7/site-packages/airflow/example_dags/example_branch_operator.py
[2024-07-31T12:33:12.992+0000] {processor.py:766} INFO - DAG(s) dict_keys(['example_branch_operator']) retrieved from /home/airflow/.local/lib/python3.7/site-packages/airflow/example_dags/example_branch_operator.py
[2024-07-31T12:33:13.054+0000] {logging_mixin.py:120} INFO - [2024-07-31T12:33:13.053+0000] {dag.py:2585} INFO - Sync 1 DAGs
[2024-07-31T12:33:13.092+0000] {logging_mixin.py:120} INFO - [2024-07-31T12:33:13.092+0000] {dag.py:3340} INFO - Setting next_dagrun for example_branch_operator to 2024-07-30T00:00:00+00:00, run_after=2024-07-31T00:00:00+00:00
[2024-07-31T12:33:13.127+0000] {processor.py:176} INFO - Processing /home/airflow/.local/lib/python3.7/site-packages/airflow/example_dags/example_branch_operator.py took 0.178 seconds
[2024-07-31T12:33:49.016+0000] {processor.py:154} INFO - Started process (PID=2540) to work on /home/airflow/.local/lib/python3.7/site-packages/airflow/example_dags/example_branch_operator.py
[2024-07-31T12:33:49.018+0000] {processor.py:756} INFO - Processing file /home/airflow/.local/lib/python3.7/site-packages/airflow/example_dags/example_branch_operator.py for tasks to queue
[2024-07-31T12:33:49.019+0000] {logging_mixin.py:120} INFO - [2024-07-31T12:33:49.019+0000] {dagbag.py:537} INFO - Filling up the DagBag from /home/airflow/.local/lib/python3.7/site-packages/airflow/example_dags/example_branch_operator.py
[2024-07-31T12:33:49.039+0000] {processor.py:766} INFO - DAG(s) dict_keys(['example_branch_operator']) retrieved from /home/airflow/.local/lib/python3.7/site-packages/airflow/example_dags/example_branch_operator.py
[2024-07-31T12:33:49.088+0000] {logging_mixin.py:120} INFO - [2024-07-31T12:33:49.088+0000] {dag.py:2585} INFO - Sync 1 DAGs
[2024-07-31T12:33:49.232+0000] {logging_mixin.py:120} INFO - [2024-07-31T12:33:49.232+0000] {dag.py:3340} INFO - Setting next_dagrun for example_branch_operator to 2024-07-30T00:00:00+00:00, run_after=2024-07-31T00:00:00+00:00
[2024-07-31T12:33:49.354+0000] {processor.py:176} INFO - Processing /home/airflow/.local/lib/python3.7/site-packages/airflow/example_dags/example_branch_operator.py took 0.342 seconds
[2024-07-31T12:34:20.071+0000] {processor.py:154} INFO - Started process (PID=2594) to work on /home/airflow/.local/lib/python3.7/site-packages/airflow/example_dags/example_branch_operator.py
[2024-07-31T12:34:20.132+0000] {processor.py:756} INFO - Processing file /home/airflow/.local/lib/python3.7/site-packages/airflow/example_dags/example_branch_operator.py for tasks to queue
[2024-07-31T12:34:20.180+0000] {logging_mixin.py:120} INFO - [2024-07-31T12:34:20.179+0000] {dagbag.py:537} INFO - Filling up the DagBag from /home/airflow/.local/lib/python3.7/site-packages/airflow/example_dags/example_branch_operator.py
[2024-07-31T12:34:20.215+0000] {processor.py:766} INFO - DAG(s) dict_keys(['example_branch_operator']) retrieved from /home/airflow/.local/lib/python3.7/site-packages/airflow/example_dags/example_branch_operator.py
[2024-07-31T12:34:20.356+0000] {logging_mixin.py:120} INFO - [2024-07-31T12:34:20.356+0000] {dag.py:2585} INFO - Sync 1 DAGs
[2024-07-31T12:34:20.606+0000] {logging_mixin.py:120} INFO - [2024-07-31T12:34:20.605+0000] {dag.py:3340} INFO - Setting next_dagrun for example_branch_operator to 2024-07-30T00:00:00+00:00, run_after=2024-07-31T00:00:00+00:00
[2024-07-31T12:34:20.732+0000] {processor.py:176} INFO - Processing /home/airflow/.local/lib/python3.7/site-packages/airflow/example_dags/example_branch_operator.py took 0.666 seconds
[2024-07-31T12:34:51.089+0000] {processor.py:154} INFO - Started process (PID=2657) to work on /home/airflow/.local/lib/python3.7/site-packages/airflow/example_dags/example_branch_operator.py
[2024-07-31T12:34:51.091+0000] {processor.py:756} INFO - Processing file /home/airflow/.local/lib/python3.7/site-packages/airflow/example_dags/example_branch_operator.py for tasks to queue
[2024-07-31T12:34:51.092+0000] {logging_mixin.py:120} INFO - [2024-07-31T12:34:51.091+0000] {dagbag.py:537} INFO - Filling up the DagBag from /home/airflow/.local/lib/python3.7/site-packages/airflow/example_dags/example_branch_operator.py
[2024-07-31T12:34:51.131+0000] {processor.py:766} INFO - DAG(s) dict_keys(['example_branch_operator']) retrieved from /home/airflow/.local/lib/python3.7/site-packages/airflow/example_dags/example_branch_operator.py
[2024-07-31T12:34:51.189+0000] {logging_mixin.py:120} INFO - [2024-07-31T12:34:51.189+0000] {dag.py:2585} INFO - Sync 1 DAGs
[2024-07-31T12:34:51.286+0000] {logging_mixin.py:120} INFO - [2024-07-31T12:34:51.286+0000] {dag.py:3340} INFO - Setting next_dagrun for example_branch_operator to 2024-07-30T00:00:00+00:00, run_after=2024-07-31T00:00:00+00:00
[2024-07-31T12:34:51.366+0000] {processor.py:176} INFO - Processing /home/airflow/.local/lib/python3.7/site-packages/airflow/example_dags/example_branch_operator.py took 0.281 seconds
[2024-07-31T12:35:21.808+0000] {processor.py:154} INFO - Started process (PID=2720) to work on /home/airflow/.local/lib/python3.7/site-packages/airflow/example_dags/example_branch_operator.py
[2024-07-31T12:35:21.810+0000] {processor.py:756} INFO - Processing file /home/airflow/.local/lib/python3.7/site-packages/airflow/example_dags/example_branch_operator.py for tasks to queue
[2024-07-31T12:35:21.811+0000] {logging_mixin.py:120} INFO - [2024-07-31T12:35:21.811+0000] {dagbag.py:537} INFO - Filling up the DagBag from /home/airflow/.local/lib/python3.7/site-packages/airflow/example_dags/example_branch_operator.py
[2024-07-31T12:35:21.834+0000] {processor.py:766} INFO - DAG(s) dict_keys(['example_branch_operator']) retrieved from /home/airflow/.local/lib/python3.7/site-packages/airflow/example_dags/example_branch_operator.py
[2024-07-31T12:35:21.919+0000] {logging_mixin.py:120} INFO - [2024-07-31T12:35:21.919+0000] {dag.py:2585} INFO - Sync 1 DAGs
[2024-07-31T12:35:22.048+0000] {logging_mixin.py:120} INFO - [2024-07-31T12:35:22.048+0000] {dag.py:3340} INFO - Setting next_dagrun for example_branch_operator to 2024-07-30T00:00:00+00:00, run_after=2024-07-31T00:00:00+00:00
[2024-07-31T12:35:22.152+0000] {processor.py:176} INFO - Processing /home/airflow/.local/lib/python3.7/site-packages/airflow/example_dags/example_branch_operator.py took 0.348 seconds
[2024-07-31T12:35:52.652+0000] {processor.py:154} INFO - Started process (PID=2774) to work on /home/airflow/.local/lib/python3.7/site-packages/airflow/example_dags/example_branch_operator.py
[2024-07-31T12:35:52.653+0000] {processor.py:756} INFO - Processing file /home/airflow/.local/lib/python3.7/site-packages/airflow/example_dags/example_branch_operator.py for tasks to queue
[2024-07-31T12:35:52.660+0000] {logging_mixin.py:120} INFO - [2024-07-31T12:35:52.659+0000] {dagbag.py:537} INFO - Filling up the DagBag from /home/airflow/.local/lib/python3.7/site-packages/airflow/example_dags/example_branch_operator.py
[2024-07-31T12:35:52.682+0000] {processor.py:766} INFO - DAG(s) dict_keys(['example_branch_operator']) retrieved from /home/airflow/.local/lib/python3.7/site-packages/airflow/example_dags/example_branch_operator.py
[2024-07-31T12:35:52.785+0000] {logging_mixin.py:120} INFO - [2024-07-31T12:35:52.785+0000] {dag.py:2585} INFO - Sync 1 DAGs
[2024-07-31T12:35:52.870+0000] {logging_mixin.py:120} INFO - [2024-07-31T12:35:52.870+0000] {dag.py:3340} INFO - Setting next_dagrun for example_branch_operator to 2024-07-30T00:00:00+00:00, run_after=2024-07-31T00:00:00+00:00
[2024-07-31T12:35:52.921+0000] {processor.py:176} INFO - Processing /home/airflow/.local/lib/python3.7/site-packages/airflow/example_dags/example_branch_operator.py took 0.273 seconds
[2024-07-31T12:36:23.661+0000] {processor.py:154} INFO - Started process (PID=2838) to work on /home/airflow/.local/lib/python3.7/site-packages/airflow/example_dags/example_branch_operator.py
[2024-07-31T12:36:23.663+0000] {processor.py:756} INFO - Processing file /home/airflow/.local/lib/python3.7/site-packages/airflow/example_dags/example_branch_operator.py for tasks to queue
[2024-07-31T12:36:23.664+0000] {logging_mixin.py:120} INFO - [2024-07-31T12:36:23.664+0000] {dagbag.py:537} INFO - Filling up the DagBag from /home/airflow/.local/lib/python3.7/site-packages/airflow/example_dags/example_branch_operator.py
[2024-07-31T12:36:23.686+0000] {processor.py:766} INFO - DAG(s) dict_keys(['example_branch_operator']) retrieved from /home/airflow/.local/lib/python3.7/site-packages/airflow/example_dags/example_branch_operator.py
[2024-07-31T12:36:23.729+0000] {logging_mixin.py:120} INFO - [2024-07-31T12:36:23.729+0000] {dag.py:2585} INFO - Sync 1 DAGs
[2024-07-31T12:36:23.755+0000] {logging_mixin.py:120} INFO - [2024-07-31T12:36:23.755+0000] {dag.py:3340} INFO - Setting next_dagrun for example_branch_operator to 2024-07-30T00:00:00+00:00, run_after=2024-07-31T00:00:00+00:00
[2024-07-31T12:36:23.777+0000] {processor.py:176} INFO - Processing /home/airflow/.local/lib/python3.7/site-packages/airflow/example_dags/example_branch_operator.py took 0.120 seconds
