[2024-07-31T12:12:26.088+0000] {processor.py:154} INFO - Started process (PID=85) to work on /home/airflow/.local/lib/python3.7/site-packages/airflow/example_dags/example_task_group_decorator.py
[2024-07-31T12:12:26.091+0000] {processor.py:756} INFO - Processing file /home/airflow/.local/lib/python3.7/site-packages/airflow/example_dags/example_task_group_decorator.py for tasks to queue
[2024-07-31T12:12:26.095+0000] {logging_mixin.py:120} INFO - [2024-07-31T12:12:26.093+0000] {dagbag.py:537} INFO - Filling up the DagBag from /home/airflow/.local/lib/python3.7/site-packages/airflow/example_dags/example_task_group_decorator.py
[2024-07-31T12:12:26.172+0000] {processor.py:766} INFO - DAG(s) dict_keys(['example_task_group_decorator']) retrieved from /home/airflow/.local/lib/python3.7/site-packages/airflow/example_dags/example_task_group_decorator.py
[2024-07-31T12:12:26.573+0000] {logging_mixin.py:120} INFO - [2024-07-31T12:12:26.572+0000] {manager.py:507} INFO - Created Permission View: can read on DAG:example_task_group_decorator
[2024-07-31T12:12:26.599+0000] {logging_mixin.py:120} INFO - [2024-07-31T12:12:26.599+0000] {manager.py:507} INFO - Created Permission View: can delete on DAG:example_task_group_decorator
[2024-07-31T12:12:26.621+0000] {logging_mixin.py:120} INFO - [2024-07-31T12:12:26.620+0000] {manager.py:507} INFO - Created Permission View: can edit on DAG:example_task_group_decorator
[2024-07-31T12:12:26.622+0000] {logging_mixin.py:120} INFO - [2024-07-31T12:12:26.622+0000] {dag.py:2585} INFO - Sync 1 DAGs
[2024-07-31T12:12:26.656+0000] {logging_mixin.py:120} INFO - [2024-07-31T12:12:26.656+0000] {dag.py:2606} INFO - Creating ORM DAG for example_task_group_decorator
[2024-07-31T12:12:26.693+0000] {logging_mixin.py:120} INFO - [2024-07-31T12:12:26.693+0000] {dag.py:3340} INFO - Setting next_dagrun for example_task_group_decorator to 2024-07-30T12:12:26.693045+00:00, run_after=2024-07-31T12:12:26.693045+00:00
[2024-07-31T12:12:26.742+0000] {processor.py:176} INFO - Processing /home/airflow/.local/lib/python3.7/site-packages/airflow/example_dags/example_task_group_decorator.py took 0.661 seconds
[2024-07-31T12:12:57.361+0000] {processor.py:154} INFO - Started process (PID=141) to work on /home/airflow/.local/lib/python3.7/site-packages/airflow/example_dags/example_task_group_decorator.py
[2024-07-31T12:12:57.364+0000] {processor.py:756} INFO - Processing file /home/airflow/.local/lib/python3.7/site-packages/airflow/example_dags/example_task_group_decorator.py for tasks to queue
[2024-07-31T12:12:57.367+0000] {logging_mixin.py:120} INFO - [2024-07-31T12:12:57.366+0000] {dagbag.py:537} INFO - Filling up the DagBag from /home/airflow/.local/lib/python3.7/site-packages/airflow/example_dags/example_task_group_decorator.py
[2024-07-31T12:12:57.419+0000] {processor.py:766} INFO - DAG(s) dict_keys(['example_task_group_decorator']) retrieved from /home/airflow/.local/lib/python3.7/site-packages/airflow/example_dags/example_task_group_decorator.py
[2024-07-31T12:12:57.465+0000] {logging_mixin.py:120} INFO - [2024-07-31T12:12:57.465+0000] {dag.py:2585} INFO - Sync 1 DAGs
[2024-07-31T12:12:57.506+0000] {logging_mixin.py:120} INFO - [2024-07-31T12:12:57.505+0000] {dag.py:3340} INFO - Setting next_dagrun for example_task_group_decorator to 2024-07-30T12:12:57.505536+00:00, run_after=2024-07-31T12:12:57.505536+00:00
[2024-07-31T12:12:57.537+0000] {processor.py:176} INFO - Processing /home/airflow/.local/lib/python3.7/site-packages/airflow/example_dags/example_task_group_decorator.py took 0.182 seconds
[2024-07-31T12:13:27.678+0000] {processor.py:154} INFO - Started process (PID=205) to work on /home/airflow/.local/lib/python3.7/site-packages/airflow/example_dags/example_task_group_decorator.py
[2024-07-31T12:13:27.680+0000] {processor.py:756} INFO - Processing file /home/airflow/.local/lib/python3.7/site-packages/airflow/example_dags/example_task_group_decorator.py for tasks to queue
[2024-07-31T12:13:27.681+0000] {logging_mixin.py:120} INFO - [2024-07-31T12:13:27.681+0000] {dagbag.py:537} INFO - Filling up the DagBag from /home/airflow/.local/lib/python3.7/site-packages/airflow/example_dags/example_task_group_decorator.py
[2024-07-31T12:13:27.737+0000] {processor.py:766} INFO - DAG(s) dict_keys(['example_task_group_decorator']) retrieved from /home/airflow/.local/lib/python3.7/site-packages/airflow/example_dags/example_task_group_decorator.py
[2024-07-31T12:13:27.805+0000] {logging_mixin.py:120} INFO - [2024-07-31T12:13:27.804+0000] {dag.py:2585} INFO - Sync 1 DAGs
[2024-07-31T12:13:27.840+0000] {logging_mixin.py:120} INFO - [2024-07-31T12:13:27.840+0000] {dag.py:3340} INFO - Setting next_dagrun for example_task_group_decorator to 2024-07-30T12:13:27.839750+00:00, run_after=2024-07-31T12:13:27.839750+00:00
[2024-07-31T12:13:27.867+0000] {processor.py:176} INFO - Processing /home/airflow/.local/lib/python3.7/site-packages/airflow/example_dags/example_task_group_decorator.py took 0.194 seconds
[2024-07-31T12:13:58.186+0000] {processor.py:154} INFO - Started process (PID=259) to work on /home/airflow/.local/lib/python3.7/site-packages/airflow/example_dags/example_task_group_decorator.py
[2024-07-31T12:13:58.188+0000] {processor.py:756} INFO - Processing file /home/airflow/.local/lib/python3.7/site-packages/airflow/example_dags/example_task_group_decorator.py for tasks to queue
[2024-07-31T12:13:58.190+0000] {logging_mixin.py:120} INFO - [2024-07-31T12:13:58.189+0000] {dagbag.py:537} INFO - Filling up the DagBag from /home/airflow/.local/lib/python3.7/site-packages/airflow/example_dags/example_task_group_decorator.py
[2024-07-31T12:13:58.228+0000] {processor.py:766} INFO - DAG(s) dict_keys(['example_task_group_decorator']) retrieved from /home/airflow/.local/lib/python3.7/site-packages/airflow/example_dags/example_task_group_decorator.py
[2024-07-31T12:13:58.277+0000] {logging_mixin.py:120} INFO - [2024-07-31T12:13:58.277+0000] {dag.py:2585} INFO - Sync 1 DAGs
[2024-07-31T12:13:58.314+0000] {logging_mixin.py:120} INFO - [2024-07-31T12:13:58.314+0000] {dag.py:3340} INFO - Setting next_dagrun for example_task_group_decorator to 2024-07-30T12:13:58.314308+00:00, run_after=2024-07-31T12:13:58.314308+00:00
[2024-07-31T12:13:58.341+0000] {processor.py:176} INFO - Processing /home/airflow/.local/lib/python3.7/site-packages/airflow/example_dags/example_task_group_decorator.py took 0.159 seconds
[2024-07-31T12:14:28.441+0000] {processor.py:154} INFO - Started process (PID=324) to work on /home/airflow/.local/lib/python3.7/site-packages/airflow/example_dags/example_task_group_decorator.py
[2024-07-31T12:14:28.443+0000] {processor.py:756} INFO - Processing file /home/airflow/.local/lib/python3.7/site-packages/airflow/example_dags/example_task_group_decorator.py for tasks to queue
[2024-07-31T12:14:28.444+0000] {logging_mixin.py:120} INFO - [2024-07-31T12:14:28.444+0000] {dagbag.py:537} INFO - Filling up the DagBag from /home/airflow/.local/lib/python3.7/site-packages/airflow/example_dags/example_task_group_decorator.py
[2024-07-31T12:14:28.510+0000] {processor.py:766} INFO - DAG(s) dict_keys(['example_task_group_decorator']) retrieved from /home/airflow/.local/lib/python3.7/site-packages/airflow/example_dags/example_task_group_decorator.py
[2024-07-31T12:14:28.577+0000] {logging_mixin.py:120} INFO - [2024-07-31T12:14:28.576+0000] {dag.py:2585} INFO - Sync 1 DAGs
[2024-07-31T12:14:28.610+0000] {logging_mixin.py:120} INFO - [2024-07-31T12:14:28.610+0000] {dag.py:3340} INFO - Setting next_dagrun for example_task_group_decorator to 2024-07-30T12:14:28.610452+00:00, run_after=2024-07-31T12:14:28.610452+00:00
[2024-07-31T12:14:28.647+0000] {processor.py:176} INFO - Processing /home/airflow/.local/lib/python3.7/site-packages/airflow/example_dags/example_task_group_decorator.py took 0.211 seconds
[2024-07-31T12:14:59.347+0000] {processor.py:154} INFO - Started process (PID=388) to work on /home/airflow/.local/lib/python3.7/site-packages/airflow/example_dags/example_task_group_decorator.py
[2024-07-31T12:14:59.348+0000] {processor.py:756} INFO - Processing file /home/airflow/.local/lib/python3.7/site-packages/airflow/example_dags/example_task_group_decorator.py for tasks to queue
[2024-07-31T12:14:59.350+0000] {logging_mixin.py:120} INFO - [2024-07-31T12:14:59.350+0000] {dagbag.py:537} INFO - Filling up the DagBag from /home/airflow/.local/lib/python3.7/site-packages/airflow/example_dags/example_task_group_decorator.py
[2024-07-31T12:14:59.389+0000] {processor.py:766} INFO - DAG(s) dict_keys(['example_task_group_decorator']) retrieved from /home/airflow/.local/lib/python3.7/site-packages/airflow/example_dags/example_task_group_decorator.py
[2024-07-31T12:14:59.449+0000] {logging_mixin.py:120} INFO - [2024-07-31T12:14:59.449+0000] {dag.py:2585} INFO - Sync 1 DAGs
[2024-07-31T12:14:59.486+0000] {logging_mixin.py:120} INFO - [2024-07-31T12:14:59.486+0000] {dag.py:3340} INFO - Setting next_dagrun for example_task_group_decorator to 2024-07-30T12:14:59.485725+00:00, run_after=2024-07-31T12:14:59.485725+00:00
[2024-07-31T12:14:59.519+0000] {processor.py:176} INFO - Processing /home/airflow/.local/lib/python3.7/site-packages/airflow/example_dags/example_task_group_decorator.py took 0.177 seconds
[2024-07-31T12:15:30.219+0000] {processor.py:154} INFO - Started process (PID=442) to work on /home/airflow/.local/lib/python3.7/site-packages/airflow/example_dags/example_task_group_decorator.py
[2024-07-31T12:15:30.225+0000] {processor.py:756} INFO - Processing file /home/airflow/.local/lib/python3.7/site-packages/airflow/example_dags/example_task_group_decorator.py for tasks to queue
[2024-07-31T12:15:30.226+0000] {logging_mixin.py:120} INFO - [2024-07-31T12:15:30.226+0000] {dagbag.py:537} INFO - Filling up the DagBag from /home/airflow/.local/lib/python3.7/site-packages/airflow/example_dags/example_task_group_decorator.py
[2024-07-31T12:15:30.270+0000] {processor.py:766} INFO - DAG(s) dict_keys(['example_task_group_decorator']) retrieved from /home/airflow/.local/lib/python3.7/site-packages/airflow/example_dags/example_task_group_decorator.py
[2024-07-31T12:15:30.325+0000] {logging_mixin.py:120} INFO - [2024-07-31T12:15:30.325+0000] {dag.py:2585} INFO - Sync 1 DAGs
[2024-07-31T12:15:30.363+0000] {logging_mixin.py:120} INFO - [2024-07-31T12:15:30.363+0000] {dag.py:3340} INFO - Setting next_dagrun for example_task_group_decorator to 2024-07-30T12:15:30.362856+00:00, run_after=2024-07-31T12:15:30.362856+00:00
[2024-07-31T12:15:30.407+0000] {processor.py:176} INFO - Processing /home/airflow/.local/lib/python3.7/site-packages/airflow/example_dags/example_task_group_decorator.py took 0.193 seconds
[2024-07-31T12:16:00.458+0000] {processor.py:154} INFO - Started process (PID=504) to work on /home/airflow/.local/lib/python3.7/site-packages/airflow/example_dags/example_task_group_decorator.py
[2024-07-31T12:16:00.460+0000] {processor.py:756} INFO - Processing file /home/airflow/.local/lib/python3.7/site-packages/airflow/example_dags/example_task_group_decorator.py for tasks to queue
[2024-07-31T12:16:00.461+0000] {logging_mixin.py:120} INFO - [2024-07-31T12:16:00.461+0000] {dagbag.py:537} INFO - Filling up the DagBag from /home/airflow/.local/lib/python3.7/site-packages/airflow/example_dags/example_task_group_decorator.py
[2024-07-31T12:16:00.492+0000] {processor.py:766} INFO - DAG(s) dict_keys(['example_task_group_decorator']) retrieved from /home/airflow/.local/lib/python3.7/site-packages/airflow/example_dags/example_task_group_decorator.py
[2024-07-31T12:16:00.540+0000] {logging_mixin.py:120} INFO - [2024-07-31T12:16:00.539+0000] {dag.py:2585} INFO - Sync 1 DAGs
[2024-07-31T12:16:00.569+0000] {logging_mixin.py:120} INFO - [2024-07-31T12:16:00.569+0000] {dag.py:3340} INFO - Setting next_dagrun for example_task_group_decorator to 2024-07-30T12:16:00.569213+00:00, run_after=2024-07-31T12:16:00.569213+00:00
[2024-07-31T12:16:00.595+0000] {processor.py:176} INFO - Processing /home/airflow/.local/lib/python3.7/site-packages/airflow/example_dags/example_task_group_decorator.py took 0.140 seconds
[2024-07-31T12:16:34.792+0000] {processor.py:154} INFO - Started process (PID=568) to work on /home/airflow/.local/lib/python3.7/site-packages/airflow/example_dags/example_task_group_decorator.py
[2024-07-31T12:16:34.794+0000] {processor.py:756} INFO - Processing file /home/airflow/.local/lib/python3.7/site-packages/airflow/example_dags/example_task_group_decorator.py for tasks to queue
[2024-07-31T12:16:34.796+0000] {logging_mixin.py:120} INFO - [2024-07-31T12:16:34.796+0000] {dagbag.py:537} INFO - Filling up the DagBag from /home/airflow/.local/lib/python3.7/site-packages/airflow/example_dags/example_task_group_decorator.py
[2024-07-31T12:16:34.842+0000] {processor.py:766} INFO - DAG(s) dict_keys(['example_task_group_decorator']) retrieved from /home/airflow/.local/lib/python3.7/site-packages/airflow/example_dags/example_task_group_decorator.py
[2024-07-31T12:16:34.955+0000] {logging_mixin.py:120} INFO - [2024-07-31T12:16:34.954+0000] {dag.py:2585} INFO - Sync 1 DAGs
[2024-07-31T12:16:35.009+0000] {logging_mixin.py:120} INFO - [2024-07-31T12:16:35.009+0000] {dag.py:3340} INFO - Setting next_dagrun for example_task_group_decorator to 2024-07-30T12:16:35.008924+00:00, run_after=2024-07-31T12:16:35.008924+00:00
[2024-07-31T12:16:35.058+0000] {processor.py:176} INFO - Processing /home/airflow/.local/lib/python3.7/site-packages/airflow/example_dags/example_task_group_decorator.py took 0.271 seconds
[2024-07-31T12:17:07.255+0000] {processor.py:154} INFO - Started process (PID=622) to work on /home/airflow/.local/lib/python3.7/site-packages/airflow/example_dags/example_task_group_decorator.py
[2024-07-31T12:17:07.258+0000] {processor.py:756} INFO - Processing file /home/airflow/.local/lib/python3.7/site-packages/airflow/example_dags/example_task_group_decorator.py for tasks to queue
[2024-07-31T12:17:07.260+0000] {logging_mixin.py:120} INFO - [2024-07-31T12:17:07.260+0000] {dagbag.py:537} INFO - Filling up the DagBag from /home/airflow/.local/lib/python3.7/site-packages/airflow/example_dags/example_task_group_decorator.py
[2024-07-31T12:17:07.313+0000] {processor.py:766} INFO - DAG(s) dict_keys(['example_task_group_decorator']) retrieved from /home/airflow/.local/lib/python3.7/site-packages/airflow/example_dags/example_task_group_decorator.py
[2024-07-31T12:17:07.414+0000] {logging_mixin.py:120} INFO - [2024-07-31T12:17:07.414+0000] {dag.py:2585} INFO - Sync 1 DAGs
[2024-07-31T12:17:07.475+0000] {logging_mixin.py:120} INFO - [2024-07-31T12:17:07.475+0000] {dag.py:3340} INFO - Setting next_dagrun for example_task_group_decorator to 2024-07-30T12:17:07.474952+00:00, run_after=2024-07-31T12:17:07.474952+00:00
[2024-07-31T12:17:07.530+0000] {processor.py:176} INFO - Processing /home/airflow/.local/lib/python3.7/site-packages/airflow/example_dags/example_task_group_decorator.py took 0.282 seconds
[2024-07-31T12:17:38.180+0000] {processor.py:154} INFO - Started process (PID=684) to work on /home/airflow/.local/lib/python3.7/site-packages/airflow/example_dags/example_task_group_decorator.py
[2024-07-31T12:17:38.182+0000] {processor.py:756} INFO - Processing file /home/airflow/.local/lib/python3.7/site-packages/airflow/example_dags/example_task_group_decorator.py for tasks to queue
[2024-07-31T12:17:38.185+0000] {logging_mixin.py:120} INFO - [2024-07-31T12:17:38.184+0000] {dagbag.py:537} INFO - Filling up the DagBag from /home/airflow/.local/lib/python3.7/site-packages/airflow/example_dags/example_task_group_decorator.py
[2024-07-31T12:17:38.212+0000] {processor.py:766} INFO - DAG(s) dict_keys(['example_task_group_decorator']) retrieved from /home/airflow/.local/lib/python3.7/site-packages/airflow/example_dags/example_task_group_decorator.py
[2024-07-31T12:17:38.288+0000] {logging_mixin.py:120} INFO - [2024-07-31T12:17:38.288+0000] {dag.py:2585} INFO - Sync 1 DAGs
[2024-07-31T12:17:38.319+0000] {logging_mixin.py:120} INFO - [2024-07-31T12:17:38.319+0000] {dag.py:3340} INFO - Setting next_dagrun for example_task_group_decorator to 2024-07-30T12:17:38.317792+00:00, run_after=2024-07-31T12:17:38.317792+00:00
[2024-07-31T12:17:38.350+0000] {processor.py:176} INFO - Processing /home/airflow/.local/lib/python3.7/site-packages/airflow/example_dags/example_task_group_decorator.py took 0.176 seconds
[2024-07-31T12:18:09.294+0000] {processor.py:154} INFO - Started process (PID=738) to work on /home/airflow/.local/lib/python3.7/site-packages/airflow/example_dags/example_task_group_decorator.py
[2024-07-31T12:18:09.295+0000] {processor.py:756} INFO - Processing file /home/airflow/.local/lib/python3.7/site-packages/airflow/example_dags/example_task_group_decorator.py for tasks to queue
[2024-07-31T12:18:09.298+0000] {logging_mixin.py:120} INFO - [2024-07-31T12:18:09.298+0000] {dagbag.py:537} INFO - Filling up the DagBag from /home/airflow/.local/lib/python3.7/site-packages/airflow/example_dags/example_task_group_decorator.py
[2024-07-31T12:18:09.343+0000] {processor.py:766} INFO - DAG(s) dict_keys(['example_task_group_decorator']) retrieved from /home/airflow/.local/lib/python3.7/site-packages/airflow/example_dags/example_task_group_decorator.py
[2024-07-31T12:18:09.409+0000] {logging_mixin.py:120} INFO - [2024-07-31T12:18:09.408+0000] {dag.py:2585} INFO - Sync 1 DAGs
[2024-07-31T12:18:09.443+0000] {logging_mixin.py:120} INFO - [2024-07-31T12:18:09.443+0000] {dag.py:3340} INFO - Setting next_dagrun for example_task_group_decorator to 2024-07-30T12:18:09.443237+00:00, run_after=2024-07-31T12:18:09.443237+00:00
[2024-07-31T12:18:09.475+0000] {processor.py:176} INFO - Processing /home/airflow/.local/lib/python3.7/site-packages/airflow/example_dags/example_task_group_decorator.py took 0.185 seconds
[2024-07-31T12:18:40.237+0000] {processor.py:154} INFO - Started process (PID=800) to work on /home/airflow/.local/lib/python3.7/site-packages/airflow/example_dags/example_task_group_decorator.py
[2024-07-31T12:18:40.240+0000] {processor.py:756} INFO - Processing file /home/airflow/.local/lib/python3.7/site-packages/airflow/example_dags/example_task_group_decorator.py for tasks to queue
[2024-07-31T12:18:40.241+0000] {logging_mixin.py:120} INFO - [2024-07-31T12:18:40.241+0000] {dagbag.py:537} INFO - Filling up the DagBag from /home/airflow/.local/lib/python3.7/site-packages/airflow/example_dags/example_task_group_decorator.py
[2024-07-31T12:18:40.275+0000] {processor.py:766} INFO - DAG(s) dict_keys(['example_task_group_decorator']) retrieved from /home/airflow/.local/lib/python3.7/site-packages/airflow/example_dags/example_task_group_decorator.py
[2024-07-31T12:18:40.341+0000] {logging_mixin.py:120} INFO - [2024-07-31T12:18:40.341+0000] {dag.py:2585} INFO - Sync 1 DAGs
[2024-07-31T12:18:40.374+0000] {logging_mixin.py:120} INFO - [2024-07-31T12:18:40.374+0000] {dag.py:3340} INFO - Setting next_dagrun for example_task_group_decorator to 2024-07-30T12:18:40.374073+00:00, run_after=2024-07-31T12:18:40.374073+00:00
[2024-07-31T12:18:40.408+0000] {processor.py:176} INFO - Processing /home/airflow/.local/lib/python3.7/site-packages/airflow/example_dags/example_task_group_decorator.py took 0.175 seconds
[2024-07-31T12:19:11.664+0000] {processor.py:154} INFO - Started process (PID=863) to work on /home/airflow/.local/lib/python3.7/site-packages/airflow/example_dags/example_task_group_decorator.py
[2024-07-31T12:19:11.670+0000] {processor.py:756} INFO - Processing file /home/airflow/.local/lib/python3.7/site-packages/airflow/example_dags/example_task_group_decorator.py for tasks to queue
[2024-07-31T12:19:11.704+0000] {logging_mixin.py:120} INFO - [2024-07-31T12:19:11.704+0000] {dagbag.py:537} INFO - Filling up the DagBag from /home/airflow/.local/lib/python3.7/site-packages/airflow/example_dags/example_task_group_decorator.py
[2024-07-31T12:19:11.761+0000] {processor.py:766} INFO - DAG(s) dict_keys(['example_task_group_decorator']) retrieved from /home/airflow/.local/lib/python3.7/site-packages/airflow/example_dags/example_task_group_decorator.py
[2024-07-31T12:19:11.836+0000] {logging_mixin.py:120} INFO - [2024-07-31T12:19:11.835+0000] {dag.py:2585} INFO - Sync 1 DAGs
[2024-07-31T12:19:11.884+0000] {logging_mixin.py:120} INFO - [2024-07-31T12:19:11.884+0000] {dag.py:3340} INFO - Setting next_dagrun for example_task_group_decorator to 2024-07-30T12:19:11.884329+00:00, run_after=2024-07-31T12:19:11.884329+00:00
[2024-07-31T12:19:11.923+0000] {processor.py:176} INFO - Processing /home/airflow/.local/lib/python3.7/site-packages/airflow/example_dags/example_task_group_decorator.py took 0.263 seconds
[2024-07-31T12:19:42.866+0000] {processor.py:154} INFO - Started process (PID=917) to work on /home/airflow/.local/lib/python3.7/site-packages/airflow/example_dags/example_task_group_decorator.py
[2024-07-31T12:19:42.868+0000] {processor.py:756} INFO - Processing file /home/airflow/.local/lib/python3.7/site-packages/airflow/example_dags/example_task_group_decorator.py for tasks to queue
[2024-07-31T12:19:42.869+0000] {logging_mixin.py:120} INFO - [2024-07-31T12:19:42.869+0000] {dagbag.py:537} INFO - Filling up the DagBag from /home/airflow/.local/lib/python3.7/site-packages/airflow/example_dags/example_task_group_decorator.py
[2024-07-31T12:19:42.904+0000] {processor.py:766} INFO - DAG(s) dict_keys(['example_task_group_decorator']) retrieved from /home/airflow/.local/lib/python3.7/site-packages/airflow/example_dags/example_task_group_decorator.py
[2024-07-31T12:19:42.961+0000] {logging_mixin.py:120} INFO - [2024-07-31T12:19:42.960+0000] {dag.py:2585} INFO - Sync 1 DAGs
[2024-07-31T12:19:43.048+0000] {logging_mixin.py:120} INFO - [2024-07-31T12:19:43.048+0000] {dag.py:3340} INFO - Setting next_dagrun for example_task_group_decorator to 2024-07-30T12:19:43.047756+00:00, run_after=2024-07-31T12:19:43.047756+00:00
[2024-07-31T12:19:43.069+0000] {processor.py:176} INFO - Processing /home/airflow/.local/lib/python3.7/site-packages/airflow/example_dags/example_task_group_decorator.py took 0.208 seconds
[2024-07-31T12:20:14.375+0000] {processor.py:154} INFO - Started process (PID=979) to work on /home/airflow/.local/lib/python3.7/site-packages/airflow/example_dags/example_task_group_decorator.py
[2024-07-31T12:20:14.383+0000] {processor.py:756} INFO - Processing file /home/airflow/.local/lib/python3.7/site-packages/airflow/example_dags/example_task_group_decorator.py for tasks to queue
[2024-07-31T12:20:14.392+0000] {logging_mixin.py:120} INFO - [2024-07-31T12:20:14.392+0000] {dagbag.py:537} INFO - Filling up the DagBag from /home/airflow/.local/lib/python3.7/site-packages/airflow/example_dags/example_task_group_decorator.py
[2024-07-31T12:20:14.521+0000] {processor.py:766} INFO - DAG(s) dict_keys(['example_task_group_decorator']) retrieved from /home/airflow/.local/lib/python3.7/site-packages/airflow/example_dags/example_task_group_decorator.py
[2024-07-31T12:20:14.576+0000] {logging_mixin.py:120} INFO - [2024-07-31T12:20:14.576+0000] {dag.py:2585} INFO - Sync 1 DAGs
[2024-07-31T12:20:14.752+0000] {logging_mixin.py:120} INFO - [2024-07-31T12:20:14.752+0000] {dag.py:3340} INFO - Setting next_dagrun for example_task_group_decorator to 2024-07-30T12:20:14.752287+00:00, run_after=2024-07-31T12:20:14.752287+00:00
[2024-07-31T12:20:14.852+0000] {processor.py:176} INFO - Processing /home/airflow/.local/lib/python3.7/site-packages/airflow/example_dags/example_task_group_decorator.py took 0.483 seconds
[2024-07-31T12:20:45.473+0000] {processor.py:154} INFO - Started process (PID=1042) to work on /home/airflow/.local/lib/python3.7/site-packages/airflow/example_dags/example_task_group_decorator.py
[2024-07-31T12:20:45.492+0000] {processor.py:756} INFO - Processing file /home/airflow/.local/lib/python3.7/site-packages/airflow/example_dags/example_task_group_decorator.py for tasks to queue
[2024-07-31T12:20:45.501+0000] {logging_mixin.py:120} INFO - [2024-07-31T12:20:45.501+0000] {dagbag.py:537} INFO - Filling up the DagBag from /home/airflow/.local/lib/python3.7/site-packages/airflow/example_dags/example_task_group_decorator.py
[2024-07-31T12:20:45.552+0000] {processor.py:766} INFO - DAG(s) dict_keys(['example_task_group_decorator']) retrieved from /home/airflow/.local/lib/python3.7/site-packages/airflow/example_dags/example_task_group_decorator.py
[2024-07-31T12:20:45.642+0000] {logging_mixin.py:120} INFO - [2024-07-31T12:20:45.642+0000] {dag.py:2585} INFO - Sync 1 DAGs
[2024-07-31T12:20:45.689+0000] {logging_mixin.py:120} INFO - [2024-07-31T12:20:45.689+0000] {dag.py:3340} INFO - Setting next_dagrun for example_task_group_decorator to 2024-07-30T12:20:45.688972+00:00, run_after=2024-07-31T12:20:45.688972+00:00
[2024-07-31T12:20:45.729+0000] {processor.py:176} INFO - Processing /home/airflow/.local/lib/python3.7/site-packages/airflow/example_dags/example_task_group_decorator.py took 0.260 seconds
[2024-07-31T12:21:18.108+0000] {processor.py:154} INFO - Started process (PID=1096) to work on /home/airflow/.local/lib/python3.7/site-packages/airflow/example_dags/example_task_group_decorator.py
[2024-07-31T12:21:18.110+0000] {processor.py:756} INFO - Processing file /home/airflow/.local/lib/python3.7/site-packages/airflow/example_dags/example_task_group_decorator.py for tasks to queue
[2024-07-31T12:21:18.111+0000] {logging_mixin.py:120} INFO - [2024-07-31T12:21:18.111+0000] {dagbag.py:537} INFO - Filling up the DagBag from /home/airflow/.local/lib/python3.7/site-packages/airflow/example_dags/example_task_group_decorator.py
[2024-07-31T12:21:18.142+0000] {processor.py:766} INFO - DAG(s) dict_keys(['example_task_group_decorator']) retrieved from /home/airflow/.local/lib/python3.7/site-packages/airflow/example_dags/example_task_group_decorator.py
[2024-07-31T12:21:18.277+0000] {logging_mixin.py:120} INFO - [2024-07-31T12:21:18.277+0000] {dag.py:2585} INFO - Sync 1 DAGs
[2024-07-31T12:21:18.363+0000] {logging_mixin.py:120} INFO - [2024-07-31T12:21:18.362+0000] {dag.py:3340} INFO - Setting next_dagrun for example_task_group_decorator to 2024-07-30T12:21:18.362537+00:00, run_after=2024-07-31T12:21:18.362537+00:00
[2024-07-31T12:21:18.551+0000] {processor.py:176} INFO - Processing /home/airflow/.local/lib/python3.7/site-packages/airflow/example_dags/example_task_group_decorator.py took 0.447 seconds
[2024-07-31T12:21:49.157+0000] {processor.py:154} INFO - Started process (PID=1159) to work on /home/airflow/.local/lib/python3.7/site-packages/airflow/example_dags/example_task_group_decorator.py
[2024-07-31T12:21:49.159+0000] {processor.py:756} INFO - Processing file /home/airflow/.local/lib/python3.7/site-packages/airflow/example_dags/example_task_group_decorator.py for tasks to queue
[2024-07-31T12:21:49.161+0000] {logging_mixin.py:120} INFO - [2024-07-31T12:21:49.160+0000] {dagbag.py:537} INFO - Filling up the DagBag from /home/airflow/.local/lib/python3.7/site-packages/airflow/example_dags/example_task_group_decorator.py
[2024-07-31T12:21:49.202+0000] {processor.py:766} INFO - DAG(s) dict_keys(['example_task_group_decorator']) retrieved from /home/airflow/.local/lib/python3.7/site-packages/airflow/example_dags/example_task_group_decorator.py
[2024-07-31T12:21:49.276+0000] {logging_mixin.py:120} INFO - [2024-07-31T12:21:49.276+0000] {dag.py:2585} INFO - Sync 1 DAGs
[2024-07-31T12:21:49.313+0000] {logging_mixin.py:120} INFO - [2024-07-31T12:21:49.313+0000] {dag.py:3340} INFO - Setting next_dagrun for example_task_group_decorator to 2024-07-30T12:21:49.312728+00:00, run_after=2024-07-31T12:21:49.312728+00:00
[2024-07-31T12:21:49.370+0000] {processor.py:176} INFO - Processing /home/airflow/.local/lib/python3.7/site-packages/airflow/example_dags/example_task_group_decorator.py took 0.217 seconds
[2024-07-31T12:22:20.126+0000] {processor.py:154} INFO - Started process (PID=1222) to work on /home/airflow/.local/lib/python3.7/site-packages/airflow/example_dags/example_task_group_decorator.py
[2024-07-31T12:22:20.136+0000] {processor.py:756} INFO - Processing file /home/airflow/.local/lib/python3.7/site-packages/airflow/example_dags/example_task_group_decorator.py for tasks to queue
[2024-07-31T12:22:20.138+0000] {logging_mixin.py:120} INFO - [2024-07-31T12:22:20.138+0000] {dagbag.py:537} INFO - Filling up the DagBag from /home/airflow/.local/lib/python3.7/site-packages/airflow/example_dags/example_task_group_decorator.py
[2024-07-31T12:22:20.180+0000] {processor.py:766} INFO - DAG(s) dict_keys(['example_task_group_decorator']) retrieved from /home/airflow/.local/lib/python3.7/site-packages/airflow/example_dags/example_task_group_decorator.py
[2024-07-31T12:22:20.271+0000] {logging_mixin.py:120} INFO - [2024-07-31T12:22:20.271+0000] {dag.py:2585} INFO - Sync 1 DAGs
[2024-07-31T12:22:20.339+0000] {logging_mixin.py:120} INFO - [2024-07-31T12:22:20.339+0000] {dag.py:3340} INFO - Setting next_dagrun for example_task_group_decorator to 2024-07-30T12:22:20.338669+00:00, run_after=2024-07-31T12:22:20.338669+00:00
[2024-07-31T12:22:20.375+0000] {processor.py:176} INFO - Processing /home/airflow/.local/lib/python3.7/site-packages/airflow/example_dags/example_task_group_decorator.py took 0.254 seconds
[2024-07-31T12:22:50.865+0000] {processor.py:154} INFO - Started process (PID=1277) to work on /home/airflow/.local/lib/python3.7/site-packages/airflow/example_dags/example_task_group_decorator.py
[2024-07-31T12:22:50.867+0000] {processor.py:756} INFO - Processing file /home/airflow/.local/lib/python3.7/site-packages/airflow/example_dags/example_task_group_decorator.py for tasks to queue
[2024-07-31T12:22:50.868+0000] {logging_mixin.py:120} INFO - [2024-07-31T12:22:50.868+0000] {dagbag.py:537} INFO - Filling up the DagBag from /home/airflow/.local/lib/python3.7/site-packages/airflow/example_dags/example_task_group_decorator.py
[2024-07-31T12:22:50.903+0000] {processor.py:766} INFO - DAG(s) dict_keys(['example_task_group_decorator']) retrieved from /home/airflow/.local/lib/python3.7/site-packages/airflow/example_dags/example_task_group_decorator.py
[2024-07-31T12:22:50.960+0000] {logging_mixin.py:120} INFO - [2024-07-31T12:22:50.960+0000] {dag.py:2585} INFO - Sync 1 DAGs
[2024-07-31T12:22:51.010+0000] {logging_mixin.py:120} INFO - [2024-07-31T12:22:51.009+0000] {dag.py:3340} INFO - Setting next_dagrun for example_task_group_decorator to 2024-07-30T12:22:51.009658+00:00, run_after=2024-07-31T12:22:51.009658+00:00
[2024-07-31T12:22:51.067+0000] {processor.py:176} INFO - Processing /home/airflow/.local/lib/python3.7/site-packages/airflow/example_dags/example_task_group_decorator.py took 0.205 seconds
[2024-07-31T12:23:21.491+0000] {processor.py:154} INFO - Started process (PID=1340) to work on /home/airflow/.local/lib/python3.7/site-packages/airflow/example_dags/example_task_group_decorator.py
[2024-07-31T12:23:21.493+0000] {processor.py:756} INFO - Processing file /home/airflow/.local/lib/python3.7/site-packages/airflow/example_dags/example_task_group_decorator.py for tasks to queue
[2024-07-31T12:23:21.495+0000] {logging_mixin.py:120} INFO - [2024-07-31T12:23:21.494+0000] {dagbag.py:537} INFO - Filling up the DagBag from /home/airflow/.local/lib/python3.7/site-packages/airflow/example_dags/example_task_group_decorator.py
[2024-07-31T12:23:21.544+0000] {processor.py:766} INFO - DAG(s) dict_keys(['example_task_group_decorator']) retrieved from /home/airflow/.local/lib/python3.7/site-packages/airflow/example_dags/example_task_group_decorator.py
[2024-07-31T12:23:21.611+0000] {logging_mixin.py:120} INFO - [2024-07-31T12:23:21.610+0000] {dag.py:2585} INFO - Sync 1 DAGs
[2024-07-31T12:23:21.646+0000] {logging_mixin.py:120} INFO - [2024-07-31T12:23:21.645+0000] {dag.py:3340} INFO - Setting next_dagrun for example_task_group_decorator to 2024-07-30T12:23:21.645508+00:00, run_after=2024-07-31T12:23:21.645508+00:00
[2024-07-31T12:23:21.694+0000] {processor.py:176} INFO - Processing /home/airflow/.local/lib/python3.7/site-packages/airflow/example_dags/example_task_group_decorator.py took 0.208 seconds
[2024-07-31T12:23:52.533+0000] {processor.py:154} INFO - Started process (PID=1394) to work on /home/airflow/.local/lib/python3.7/site-packages/airflow/example_dags/example_task_group_decorator.py
[2024-07-31T12:23:52.539+0000] {processor.py:756} INFO - Processing file /home/airflow/.local/lib/python3.7/site-packages/airflow/example_dags/example_task_group_decorator.py for tasks to queue
[2024-07-31T12:23:52.541+0000] {logging_mixin.py:120} INFO - [2024-07-31T12:23:52.541+0000] {dagbag.py:537} INFO - Filling up the DagBag from /home/airflow/.local/lib/python3.7/site-packages/airflow/example_dags/example_task_group_decorator.py
[2024-07-31T12:23:52.575+0000] {processor.py:766} INFO - DAG(s) dict_keys(['example_task_group_decorator']) retrieved from /home/airflow/.local/lib/python3.7/site-packages/airflow/example_dags/example_task_group_decorator.py
[2024-07-31T12:23:52.668+0000] {logging_mixin.py:120} INFO - [2024-07-31T12:23:52.668+0000] {dag.py:2585} INFO - Sync 1 DAGs
[2024-07-31T12:23:52.719+0000] {logging_mixin.py:120} INFO - [2024-07-31T12:23:52.719+0000] {dag.py:3340} INFO - Setting next_dagrun for example_task_group_decorator to 2024-07-30T12:23:52.718920+00:00, run_after=2024-07-31T12:23:52.718920+00:00
[2024-07-31T12:23:52.868+0000] {processor.py:176} INFO - Processing /home/airflow/.local/lib/python3.7/site-packages/airflow/example_dags/example_task_group_decorator.py took 0.338 seconds
[2024-07-31T12:24:23.451+0000] {processor.py:154} INFO - Started process (PID=1457) to work on /home/airflow/.local/lib/python3.7/site-packages/airflow/example_dags/example_task_group_decorator.py
[2024-07-31T12:24:23.452+0000] {processor.py:756} INFO - Processing file /home/airflow/.local/lib/python3.7/site-packages/airflow/example_dags/example_task_group_decorator.py for tasks to queue
[2024-07-31T12:24:23.453+0000] {logging_mixin.py:120} INFO - [2024-07-31T12:24:23.453+0000] {dagbag.py:537} INFO - Filling up the DagBag from /home/airflow/.local/lib/python3.7/site-packages/airflow/example_dags/example_task_group_decorator.py
[2024-07-31T12:24:23.485+0000] {processor.py:766} INFO - DAG(s) dict_keys(['example_task_group_decorator']) retrieved from /home/airflow/.local/lib/python3.7/site-packages/airflow/example_dags/example_task_group_decorator.py
[2024-07-31T12:24:23.531+0000] {logging_mixin.py:120} INFO - [2024-07-31T12:24:23.531+0000] {dag.py:2585} INFO - Sync 1 DAGs
[2024-07-31T12:24:23.561+0000] {logging_mixin.py:120} INFO - [2024-07-31T12:24:23.561+0000] {dag.py:3340} INFO - Setting next_dagrun for example_task_group_decorator to 2024-07-30T12:24:23.561402+00:00, run_after=2024-07-31T12:24:23.561402+00:00
[2024-07-31T12:24:23.586+0000] {processor.py:176} INFO - Processing /home/airflow/.local/lib/python3.7/site-packages/airflow/example_dags/example_task_group_decorator.py took 0.138 seconds
[2024-07-31T12:24:54.769+0000] {processor.py:154} INFO - Started process (PID=1518) to work on /home/airflow/.local/lib/python3.7/site-packages/airflow/example_dags/example_task_group_decorator.py
[2024-07-31T12:24:54.803+0000] {processor.py:756} INFO - Processing file /home/airflow/.local/lib/python3.7/site-packages/airflow/example_dags/example_task_group_decorator.py for tasks to queue
[2024-07-31T12:24:54.845+0000] {logging_mixin.py:120} INFO - [2024-07-31T12:24:54.845+0000] {dagbag.py:537} INFO - Filling up the DagBag from /home/airflow/.local/lib/python3.7/site-packages/airflow/example_dags/example_task_group_decorator.py
[2024-07-31T12:24:54.894+0000] {processor.py:766} INFO - DAG(s) dict_keys(['example_task_group_decorator']) retrieved from /home/airflow/.local/lib/python3.7/site-packages/airflow/example_dags/example_task_group_decorator.py
[2024-07-31T12:24:54.968+0000] {logging_mixin.py:120} INFO - [2024-07-31T12:24:54.968+0000] {dag.py:2585} INFO - Sync 1 DAGs
[2024-07-31T12:24:55.027+0000] {logging_mixin.py:120} INFO - [2024-07-31T12:24:55.026+0000] {dag.py:3340} INFO - Setting next_dagrun for example_task_group_decorator to 2024-07-30T12:24:55.026168+00:00, run_after=2024-07-31T12:24:55.026168+00:00
[2024-07-31T12:24:55.070+0000] {processor.py:176} INFO - Processing /home/airflow/.local/lib/python3.7/site-packages/airflow/example_dags/example_task_group_decorator.py took 0.304 seconds
[2024-07-31T12:25:25.403+0000] {processor.py:154} INFO - Started process (PID=1573) to work on /home/airflow/.local/lib/python3.7/site-packages/airflow/example_dags/example_task_group_decorator.py
[2024-07-31T12:25:25.405+0000] {processor.py:756} INFO - Processing file /home/airflow/.local/lib/python3.7/site-packages/airflow/example_dags/example_task_group_decorator.py for tasks to queue
[2024-07-31T12:25:25.406+0000] {logging_mixin.py:120} INFO - [2024-07-31T12:25:25.406+0000] {dagbag.py:537} INFO - Filling up the DagBag from /home/airflow/.local/lib/python3.7/site-packages/airflow/example_dags/example_task_group_decorator.py
[2024-07-31T12:25:25.471+0000] {processor.py:766} INFO - DAG(s) dict_keys(['example_task_group_decorator']) retrieved from /home/airflow/.local/lib/python3.7/site-packages/airflow/example_dags/example_task_group_decorator.py
[2024-07-31T12:25:25.526+0000] {logging_mixin.py:120} INFO - [2024-07-31T12:25:25.526+0000] {dag.py:2585} INFO - Sync 1 DAGs
[2024-07-31T12:25:25.600+0000] {logging_mixin.py:120} INFO - [2024-07-31T12:25:25.600+0000] {dag.py:3340} INFO - Setting next_dagrun for example_task_group_decorator to 2024-07-30T12:25:25.600249+00:00, run_after=2024-07-31T12:25:25.600249+00:00
[2024-07-31T12:25:25.634+0000] {processor.py:176} INFO - Processing /home/airflow/.local/lib/python3.7/site-packages/airflow/example_dags/example_task_group_decorator.py took 0.235 seconds
[2024-07-31T12:25:55.993+0000] {processor.py:154} INFO - Started process (PID=1636) to work on /home/airflow/.local/lib/python3.7/site-packages/airflow/example_dags/example_task_group_decorator.py
[2024-07-31T12:25:55.996+0000] {processor.py:756} INFO - Processing file /home/airflow/.local/lib/python3.7/site-packages/airflow/example_dags/example_task_group_decorator.py for tasks to queue
[2024-07-31T12:25:55.999+0000] {logging_mixin.py:120} INFO - [2024-07-31T12:25:55.999+0000] {dagbag.py:537} INFO - Filling up the DagBag from /home/airflow/.local/lib/python3.7/site-packages/airflow/example_dags/example_task_group_decorator.py
[2024-07-31T12:25:56.031+0000] {processor.py:766} INFO - DAG(s) dict_keys(['example_task_group_decorator']) retrieved from /home/airflow/.local/lib/python3.7/site-packages/airflow/example_dags/example_task_group_decorator.py
[2024-07-31T12:25:56.226+0000] {logging_mixin.py:120} INFO - [2024-07-31T12:25:56.224+0000] {dag.py:2585} INFO - Sync 1 DAGs
[2024-07-31T12:25:56.338+0000] {logging_mixin.py:120} INFO - [2024-07-31T12:25:56.338+0000] {dag.py:3340} INFO - Setting next_dagrun for example_task_group_decorator to 2024-07-30T12:25:56.338003+00:00, run_after=2024-07-31T12:25:56.338003+00:00
[2024-07-31T12:25:56.381+0000] {processor.py:176} INFO - Processing /home/airflow/.local/lib/python3.7/site-packages/airflow/example_dags/example_task_group_decorator.py took 0.392 seconds
[2024-07-31T12:26:27.144+0000] {processor.py:154} INFO - Started process (PID=1690) to work on /home/airflow/.local/lib/python3.7/site-packages/airflow/example_dags/example_task_group_decorator.py
[2024-07-31T12:26:27.146+0000] {processor.py:756} INFO - Processing file /home/airflow/.local/lib/python3.7/site-packages/airflow/example_dags/example_task_group_decorator.py for tasks to queue
[2024-07-31T12:26:27.147+0000] {logging_mixin.py:120} INFO - [2024-07-31T12:26:27.147+0000] {dagbag.py:537} INFO - Filling up the DagBag from /home/airflow/.local/lib/python3.7/site-packages/airflow/example_dags/example_task_group_decorator.py
[2024-07-31T12:26:27.184+0000] {processor.py:766} INFO - DAG(s) dict_keys(['example_task_group_decorator']) retrieved from /home/airflow/.local/lib/python3.7/site-packages/airflow/example_dags/example_task_group_decorator.py
[2024-07-31T12:26:27.236+0000] {logging_mixin.py:120} INFO - [2024-07-31T12:26:27.235+0000] {dag.py:2585} INFO - Sync 1 DAGs
[2024-07-31T12:26:27.268+0000] {logging_mixin.py:120} INFO - [2024-07-31T12:26:27.268+0000] {dag.py:3340} INFO - Setting next_dagrun for example_task_group_decorator to 2024-07-30T12:26:27.268115+00:00, run_after=2024-07-31T12:26:27.268115+00:00
[2024-07-31T12:26:27.294+0000] {processor.py:176} INFO - Processing /home/airflow/.local/lib/python3.7/site-packages/airflow/example_dags/example_task_group_decorator.py took 0.154 seconds
[2024-07-31T12:26:57.771+0000] {processor.py:154} INFO - Started process (PID=1753) to work on /home/airflow/.local/lib/python3.7/site-packages/airflow/example_dags/example_task_group_decorator.py
[2024-07-31T12:26:57.773+0000] {processor.py:756} INFO - Processing file /home/airflow/.local/lib/python3.7/site-packages/airflow/example_dags/example_task_group_decorator.py for tasks to queue
[2024-07-31T12:26:57.777+0000] {logging_mixin.py:120} INFO - [2024-07-31T12:26:57.777+0000] {dagbag.py:537} INFO - Filling up the DagBag from /home/airflow/.local/lib/python3.7/site-packages/airflow/example_dags/example_task_group_decorator.py
[2024-07-31T12:26:57.821+0000] {processor.py:766} INFO - DAG(s) dict_keys(['example_task_group_decorator']) retrieved from /home/airflow/.local/lib/python3.7/site-packages/airflow/example_dags/example_task_group_decorator.py
[2024-07-31T12:26:57.897+0000] {logging_mixin.py:120} INFO - [2024-07-31T12:26:57.897+0000] {dag.py:2585} INFO - Sync 1 DAGs
[2024-07-31T12:26:57.938+0000] {logging_mixin.py:120} INFO - [2024-07-31T12:26:57.938+0000] {dag.py:3340} INFO - Setting next_dagrun for example_task_group_decorator to 2024-07-30T12:26:57.938101+00:00, run_after=2024-07-31T12:26:57.938101+00:00
[2024-07-31T12:26:57.971+0000] {processor.py:176} INFO - Processing /home/airflow/.local/lib/python3.7/site-packages/airflow/example_dags/example_task_group_decorator.py took 0.205 seconds
[2024-07-31T12:27:29.506+0000] {processor.py:154} INFO - Started process (PID=1817) to work on /home/airflow/.local/lib/python3.7/site-packages/airflow/example_dags/example_task_group_decorator.py
[2024-07-31T12:27:29.507+0000] {processor.py:756} INFO - Processing file /home/airflow/.local/lib/python3.7/site-packages/airflow/example_dags/example_task_group_decorator.py for tasks to queue
[2024-07-31T12:27:29.509+0000] {logging_mixin.py:120} INFO - [2024-07-31T12:27:29.509+0000] {dagbag.py:537} INFO - Filling up the DagBag from /home/airflow/.local/lib/python3.7/site-packages/airflow/example_dags/example_task_group_decorator.py
[2024-07-31T12:27:29.549+0000] {processor.py:766} INFO - DAG(s) dict_keys(['example_task_group_decorator']) retrieved from /home/airflow/.local/lib/python3.7/site-packages/airflow/example_dags/example_task_group_decorator.py
[2024-07-31T12:27:29.608+0000] {logging_mixin.py:120} INFO - [2024-07-31T12:27:29.608+0000] {dag.py:2585} INFO - Sync 1 DAGs
[2024-07-31T12:27:29.643+0000] {logging_mixin.py:120} INFO - [2024-07-31T12:27:29.643+0000] {dag.py:3340} INFO - Setting next_dagrun for example_task_group_decorator to 2024-07-30T12:27:29.643407+00:00, run_after=2024-07-31T12:27:29.643407+00:00
[2024-07-31T12:27:29.681+0000] {processor.py:176} INFO - Processing /home/airflow/.local/lib/python3.7/site-packages/airflow/example_dags/example_task_group_decorator.py took 0.179 seconds
[2024-07-31T12:28:02.455+0000] {processor.py:154} INFO - Started process (PID=1871) to work on /home/airflow/.local/lib/python3.7/site-packages/airflow/example_dags/example_task_group_decorator.py
[2024-07-31T12:28:02.457+0000] {processor.py:756} INFO - Processing file /home/airflow/.local/lib/python3.7/site-packages/airflow/example_dags/example_task_group_decorator.py for tasks to queue
[2024-07-31T12:28:02.458+0000] {logging_mixin.py:120} INFO - [2024-07-31T12:28:02.458+0000] {dagbag.py:537} INFO - Filling up the DagBag from /home/airflow/.local/lib/python3.7/site-packages/airflow/example_dags/example_task_group_decorator.py
[2024-07-31T12:28:02.503+0000] {processor.py:766} INFO - DAG(s) dict_keys(['example_task_group_decorator']) retrieved from /home/airflow/.local/lib/python3.7/site-packages/airflow/example_dags/example_task_group_decorator.py
[2024-07-31T12:28:02.597+0000] {logging_mixin.py:120} INFO - [2024-07-31T12:28:02.597+0000] {dag.py:2585} INFO - Sync 1 DAGs
[2024-07-31T12:28:02.644+0000] {logging_mixin.py:120} INFO - [2024-07-31T12:28:02.643+0000] {dag.py:3340} INFO - Setting next_dagrun for example_task_group_decorator to 2024-07-30T12:28:02.643507+00:00, run_after=2024-07-31T12:28:02.643507+00:00
[2024-07-31T12:28:02.681+0000] {processor.py:176} INFO - Processing /home/airflow/.local/lib/python3.7/site-packages/airflow/example_dags/example_task_group_decorator.py took 0.230 seconds
[2024-07-31T12:28:33.598+0000] {processor.py:154} INFO - Started process (PID=1935) to work on /home/airflow/.local/lib/python3.7/site-packages/airflow/example_dags/example_task_group_decorator.py
[2024-07-31T12:28:33.661+0000] {processor.py:756} INFO - Processing file /home/airflow/.local/lib/python3.7/site-packages/airflow/example_dags/example_task_group_decorator.py for tasks to queue
[2024-07-31T12:28:33.687+0000] {logging_mixin.py:120} INFO - [2024-07-31T12:28:33.687+0000] {dagbag.py:537} INFO - Filling up the DagBag from /home/airflow/.local/lib/python3.7/site-packages/airflow/example_dags/example_task_group_decorator.py
[2024-07-31T12:28:33.731+0000] {processor.py:766} INFO - DAG(s) dict_keys(['example_task_group_decorator']) retrieved from /home/airflow/.local/lib/python3.7/site-packages/airflow/example_dags/example_task_group_decorator.py
[2024-07-31T12:28:33.879+0000] {logging_mixin.py:120} INFO - [2024-07-31T12:28:33.879+0000] {dag.py:2585} INFO - Sync 1 DAGs
[2024-07-31T12:28:34.025+0000] {logging_mixin.py:120} INFO - [2024-07-31T12:28:34.025+0000] {dag.py:3340} INFO - Setting next_dagrun for example_task_group_decorator to 2024-07-30T12:28:34.024860+00:00, run_after=2024-07-31T12:28:34.024860+00:00
[2024-07-31T12:28:34.167+0000] {processor.py:176} INFO - Processing /home/airflow/.local/lib/python3.7/site-packages/airflow/example_dags/example_task_group_decorator.py took 0.573 seconds
[2024-07-31T12:29:04.660+0000] {processor.py:154} INFO - Started process (PID=1998) to work on /home/airflow/.local/lib/python3.7/site-packages/airflow/example_dags/example_task_group_decorator.py
[2024-07-31T12:29:04.661+0000] {processor.py:756} INFO - Processing file /home/airflow/.local/lib/python3.7/site-packages/airflow/example_dags/example_task_group_decorator.py for tasks to queue
[2024-07-31T12:29:04.663+0000] {logging_mixin.py:120} INFO - [2024-07-31T12:29:04.662+0000] {dagbag.py:537} INFO - Filling up the DagBag from /home/airflow/.local/lib/python3.7/site-packages/airflow/example_dags/example_task_group_decorator.py
[2024-07-31T12:29:04.702+0000] {processor.py:766} INFO - DAG(s) dict_keys(['example_task_group_decorator']) retrieved from /home/airflow/.local/lib/python3.7/site-packages/airflow/example_dags/example_task_group_decorator.py
[2024-07-31T12:29:04.766+0000] {logging_mixin.py:120} INFO - [2024-07-31T12:29:04.765+0000] {dag.py:2585} INFO - Sync 1 DAGs
[2024-07-31T12:29:04.803+0000] {logging_mixin.py:120} INFO - [2024-07-31T12:29:04.803+0000] {dag.py:3340} INFO - Setting next_dagrun for example_task_group_decorator to 2024-07-30T12:29:04.802881+00:00, run_after=2024-07-31T12:29:04.802881+00:00
[2024-07-31T12:29:04.836+0000] {processor.py:176} INFO - Processing /home/airflow/.local/lib/python3.7/site-packages/airflow/example_dags/example_task_group_decorator.py took 0.182 seconds
[2024-07-31T12:29:35.663+0000] {processor.py:154} INFO - Started process (PID=2052) to work on /home/airflow/.local/lib/python3.7/site-packages/airflow/example_dags/example_task_group_decorator.py
[2024-07-31T12:29:35.665+0000] {processor.py:756} INFO - Processing file /home/airflow/.local/lib/python3.7/site-packages/airflow/example_dags/example_task_group_decorator.py for tasks to queue
[2024-07-31T12:29:35.666+0000] {logging_mixin.py:120} INFO - [2024-07-31T12:29:35.666+0000] {dagbag.py:537} INFO - Filling up the DagBag from /home/airflow/.local/lib/python3.7/site-packages/airflow/example_dags/example_task_group_decorator.py
[2024-07-31T12:29:35.716+0000] {processor.py:766} INFO - DAG(s) dict_keys(['example_task_group_decorator']) retrieved from /home/airflow/.local/lib/python3.7/site-packages/airflow/example_dags/example_task_group_decorator.py
[2024-07-31T12:29:35.764+0000] {logging_mixin.py:120} INFO - [2024-07-31T12:29:35.764+0000] {dag.py:2585} INFO - Sync 1 DAGs
[2024-07-31T12:29:35.806+0000] {logging_mixin.py:120} INFO - [2024-07-31T12:29:35.806+0000] {dag.py:3340} INFO - Setting next_dagrun for example_task_group_decorator to 2024-07-30T12:29:35.806397+00:00, run_after=2024-07-31T12:29:35.806397+00:00
[2024-07-31T12:29:35.829+0000] {processor.py:176} INFO - Processing /home/airflow/.local/lib/python3.7/site-packages/airflow/example_dags/example_task_group_decorator.py took 0.170 seconds
[2024-07-31T12:30:07.320+0000] {processor.py:154} INFO - Started process (PID=2116) to work on /home/airflow/.local/lib/python3.7/site-packages/airflow/example_dags/example_task_group_decorator.py
[2024-07-31T12:30:07.322+0000] {processor.py:756} INFO - Processing file /home/airflow/.local/lib/python3.7/site-packages/airflow/example_dags/example_task_group_decorator.py for tasks to queue
[2024-07-31T12:30:07.325+0000] {logging_mixin.py:120} INFO - [2024-07-31T12:30:07.325+0000] {dagbag.py:537} INFO - Filling up the DagBag from /home/airflow/.local/lib/python3.7/site-packages/airflow/example_dags/example_task_group_decorator.py
[2024-07-31T12:30:07.365+0000] {processor.py:766} INFO - DAG(s) dict_keys(['example_task_group_decorator']) retrieved from /home/airflow/.local/lib/python3.7/site-packages/airflow/example_dags/example_task_group_decorator.py
[2024-07-31T12:30:07.465+0000] {logging_mixin.py:120} INFO - [2024-07-31T12:30:07.465+0000] {dag.py:2585} INFO - Sync 1 DAGs
[2024-07-31T12:30:07.510+0000] {logging_mixin.py:120} INFO - [2024-07-31T12:30:07.510+0000] {dag.py:3340} INFO - Setting next_dagrun for example_task_group_decorator to 2024-07-30T12:30:07.509875+00:00, run_after=2024-07-31T12:30:07.509875+00:00
[2024-07-31T12:30:07.660+0000] {processor.py:176} INFO - Processing /home/airflow/.local/lib/python3.7/site-packages/airflow/example_dags/example_task_group_decorator.py took 0.344 seconds
[2024-07-31T12:30:37.899+0000] {processor.py:154} INFO - Started process (PID=2179) to work on /home/airflow/.local/lib/python3.7/site-packages/airflow/example_dags/example_task_group_decorator.py
[2024-07-31T12:30:37.901+0000] {processor.py:756} INFO - Processing file /home/airflow/.local/lib/python3.7/site-packages/airflow/example_dags/example_task_group_decorator.py for tasks to queue
[2024-07-31T12:30:37.902+0000] {logging_mixin.py:120} INFO - [2024-07-31T12:30:37.902+0000] {dagbag.py:537} INFO - Filling up the DagBag from /home/airflow/.local/lib/python3.7/site-packages/airflow/example_dags/example_task_group_decorator.py
[2024-07-31T12:30:37.941+0000] {processor.py:766} INFO - DAG(s) dict_keys(['example_task_group_decorator']) retrieved from /home/airflow/.local/lib/python3.7/site-packages/airflow/example_dags/example_task_group_decorator.py
[2024-07-31T12:30:38.012+0000] {logging_mixin.py:120} INFO - [2024-07-31T12:30:38.012+0000] {dag.py:2585} INFO - Sync 1 DAGs
[2024-07-31T12:30:38.046+0000] {logging_mixin.py:120} INFO - [2024-07-31T12:30:38.046+0000] {dag.py:3340} INFO - Setting next_dagrun for example_task_group_decorator to 2024-07-30T12:30:38.046251+00:00, run_after=2024-07-31T12:30:38.046251+00:00
[2024-07-31T12:30:38.081+0000] {processor.py:176} INFO - Processing /home/airflow/.local/lib/python3.7/site-packages/airflow/example_dags/example_task_group_decorator.py took 0.185 seconds
[2024-07-31T12:31:09.220+0000] {processor.py:154} INFO - Started process (PID=2232) to work on /home/airflow/.local/lib/python3.7/site-packages/airflow/example_dags/example_task_group_decorator.py
[2024-07-31T12:31:09.229+0000] {processor.py:756} INFO - Processing file /home/airflow/.local/lib/python3.7/site-packages/airflow/example_dags/example_task_group_decorator.py for tasks to queue
[2024-07-31T12:31:09.231+0000] {logging_mixin.py:120} INFO - [2024-07-31T12:31:09.230+0000] {dagbag.py:537} INFO - Filling up the DagBag from /home/airflow/.local/lib/python3.7/site-packages/airflow/example_dags/example_task_group_decorator.py
[2024-07-31T12:31:09.286+0000] {processor.py:766} INFO - DAG(s) dict_keys(['example_task_group_decorator']) retrieved from /home/airflow/.local/lib/python3.7/site-packages/airflow/example_dags/example_task_group_decorator.py
[2024-07-31T12:31:09.343+0000] {logging_mixin.py:120} INFO - [2024-07-31T12:31:09.343+0000] {dag.py:2585} INFO - Sync 1 DAGs
[2024-07-31T12:31:09.401+0000] {logging_mixin.py:120} INFO - [2024-07-31T12:31:09.400+0000] {dag.py:3340} INFO - Setting next_dagrun for example_task_group_decorator to 2024-07-30T12:31:09.400655+00:00, run_after=2024-07-31T12:31:09.400655+00:00
[2024-07-31T12:31:09.516+0000] {processor.py:176} INFO - Processing /home/airflow/.local/lib/python3.7/site-packages/airflow/example_dags/example_task_group_decorator.py took 0.301 seconds
[2024-07-31T12:31:39.612+0000] {processor.py:154} INFO - Started process (PID=2296) to work on /home/airflow/.local/lib/python3.7/site-packages/airflow/example_dags/example_task_group_decorator.py
[2024-07-31T12:31:39.614+0000] {processor.py:756} INFO - Processing file /home/airflow/.local/lib/python3.7/site-packages/airflow/example_dags/example_task_group_decorator.py for tasks to queue
[2024-07-31T12:31:39.615+0000] {logging_mixin.py:120} INFO - [2024-07-31T12:31:39.615+0000] {dagbag.py:537} INFO - Filling up the DagBag from /home/airflow/.local/lib/python3.7/site-packages/airflow/example_dags/example_task_group_decorator.py
[2024-07-31T12:31:39.652+0000] {processor.py:766} INFO - DAG(s) dict_keys(['example_task_group_decorator']) retrieved from /home/airflow/.local/lib/python3.7/site-packages/airflow/example_dags/example_task_group_decorator.py
[2024-07-31T12:31:39.712+0000] {logging_mixin.py:120} INFO - [2024-07-31T12:31:39.712+0000] {dag.py:2585} INFO - Sync 1 DAGs
[2024-07-31T12:31:39.751+0000] {logging_mixin.py:120} INFO - [2024-07-31T12:31:39.751+0000] {dag.py:3340} INFO - Setting next_dagrun for example_task_group_decorator to 2024-07-30T12:31:39.750869+00:00, run_after=2024-07-31T12:31:39.750869+00:00
[2024-07-31T12:31:39.779+0000] {processor.py:176} INFO - Processing /home/airflow/.local/lib/python3.7/site-packages/airflow/example_dags/example_task_group_decorator.py took 0.173 seconds
[2024-07-31T12:32:10.326+0000] {processor.py:154} INFO - Started process (PID=2350) to work on /home/airflow/.local/lib/python3.7/site-packages/airflow/example_dags/example_task_group_decorator.py
[2024-07-31T12:32:10.327+0000] {processor.py:756} INFO - Processing file /home/airflow/.local/lib/python3.7/site-packages/airflow/example_dags/example_task_group_decorator.py for tasks to queue
[2024-07-31T12:32:10.328+0000] {logging_mixin.py:120} INFO - [2024-07-31T12:32:10.328+0000] {dagbag.py:537} INFO - Filling up the DagBag from /home/airflow/.local/lib/python3.7/site-packages/airflow/example_dags/example_task_group_decorator.py
[2024-07-31T12:32:10.359+0000] {processor.py:766} INFO - DAG(s) dict_keys(['example_task_group_decorator']) retrieved from /home/airflow/.local/lib/python3.7/site-packages/airflow/example_dags/example_task_group_decorator.py
[2024-07-31T12:32:10.428+0000] {logging_mixin.py:120} INFO - [2024-07-31T12:32:10.428+0000] {dag.py:2585} INFO - Sync 1 DAGs
[2024-07-31T12:32:10.466+0000] {logging_mixin.py:120} INFO - [2024-07-31T12:32:10.466+0000] {dag.py:3340} INFO - Setting next_dagrun for example_task_group_decorator to 2024-07-30T12:32:10.466313+00:00, run_after=2024-07-31T12:32:10.466313+00:00
[2024-07-31T12:32:10.502+0000] {processor.py:176} INFO - Processing /home/airflow/.local/lib/python3.7/site-packages/airflow/example_dags/example_task_group_decorator.py took 0.181 seconds
[2024-07-31T12:32:40.996+0000] {processor.py:154} INFO - Started process (PID=2413) to work on /home/airflow/.local/lib/python3.7/site-packages/airflow/example_dags/example_task_group_decorator.py
[2024-07-31T12:32:40.998+0000] {processor.py:756} INFO - Processing file /home/airflow/.local/lib/python3.7/site-packages/airflow/example_dags/example_task_group_decorator.py for tasks to queue
[2024-07-31T12:32:40.999+0000] {logging_mixin.py:120} INFO - [2024-07-31T12:32:40.999+0000] {dagbag.py:537} INFO - Filling up the DagBag from /home/airflow/.local/lib/python3.7/site-packages/airflow/example_dags/example_task_group_decorator.py
[2024-07-31T12:32:41.029+0000] {processor.py:766} INFO - DAG(s) dict_keys(['example_task_group_decorator']) retrieved from /home/airflow/.local/lib/python3.7/site-packages/airflow/example_dags/example_task_group_decorator.py
[2024-07-31T12:32:41.075+0000] {logging_mixin.py:120} INFO - [2024-07-31T12:32:41.075+0000] {dag.py:2585} INFO - Sync 1 DAGs
[2024-07-31T12:32:41.111+0000] {logging_mixin.py:120} INFO - [2024-07-31T12:32:41.111+0000] {dag.py:3340} INFO - Setting next_dagrun for example_task_group_decorator to 2024-07-30T12:32:41.111342+00:00, run_after=2024-07-31T12:32:41.111342+00:00
[2024-07-31T12:32:41.139+0000] {processor.py:176} INFO - Processing /home/airflow/.local/lib/python3.7/site-packages/airflow/example_dags/example_task_group_decorator.py took 0.146 seconds
[2024-07-31T12:33:11.492+0000] {processor.py:154} INFO - Started process (PID=2476) to work on /home/airflow/.local/lib/python3.7/site-packages/airflow/example_dags/example_task_group_decorator.py
[2024-07-31T12:33:11.494+0000] {processor.py:756} INFO - Processing file /home/airflow/.local/lib/python3.7/site-packages/airflow/example_dags/example_task_group_decorator.py for tasks to queue
[2024-07-31T12:33:11.495+0000] {logging_mixin.py:120} INFO - [2024-07-31T12:33:11.495+0000] {dagbag.py:537} INFO - Filling up the DagBag from /home/airflow/.local/lib/python3.7/site-packages/airflow/example_dags/example_task_group_decorator.py
[2024-07-31T12:33:11.534+0000] {processor.py:766} INFO - DAG(s) dict_keys(['example_task_group_decorator']) retrieved from /home/airflow/.local/lib/python3.7/site-packages/airflow/example_dags/example_task_group_decorator.py
[2024-07-31T12:33:11.595+0000] {logging_mixin.py:120} INFO - [2024-07-31T12:33:11.595+0000] {dag.py:2585} INFO - Sync 1 DAGs
[2024-07-31T12:33:11.636+0000] {logging_mixin.py:120} INFO - [2024-07-31T12:33:11.635+0000] {dag.py:3340} INFO - Setting next_dagrun for example_task_group_decorator to 2024-07-30T12:33:11.635592+00:00, run_after=2024-07-31T12:33:11.635592+00:00
[2024-07-31T12:33:11.672+0000] {processor.py:176} INFO - Processing /home/airflow/.local/lib/python3.7/site-packages/airflow/example_dags/example_task_group_decorator.py took 0.183 seconds
[2024-07-31T12:33:48.097+0000] {processor.py:154} INFO - Started process (PID=2539) to work on /home/airflow/.local/lib/python3.7/site-packages/airflow/example_dags/example_task_group_decorator.py
[2024-07-31T12:33:48.240+0000] {processor.py:756} INFO - Processing file /home/airflow/.local/lib/python3.7/site-packages/airflow/example_dags/example_task_group_decorator.py for tasks to queue
[2024-07-31T12:33:48.293+0000] {logging_mixin.py:120} INFO - [2024-07-31T12:33:48.293+0000] {dagbag.py:537} INFO - Filling up the DagBag from /home/airflow/.local/lib/python3.7/site-packages/airflow/example_dags/example_task_group_decorator.py
[2024-07-31T12:33:48.452+0000] {processor.py:766} INFO - DAG(s) dict_keys(['example_task_group_decorator']) retrieved from /home/airflow/.local/lib/python3.7/site-packages/airflow/example_dags/example_task_group_decorator.py
[2024-07-31T12:33:48.584+0000] {logging_mixin.py:120} INFO - [2024-07-31T12:33:48.584+0000] {dag.py:2585} INFO - Sync 1 DAGs
[2024-07-31T12:33:48.730+0000] {logging_mixin.py:120} INFO - [2024-07-31T12:33:48.730+0000] {dag.py:3340} INFO - Setting next_dagrun for example_task_group_decorator to 2024-07-30T12:33:48.730505+00:00, run_after=2024-07-31T12:33:48.730505+00:00
[2024-07-31T12:33:48.859+0000] {processor.py:176} INFO - Processing /home/airflow/.local/lib/python3.7/site-packages/airflow/example_dags/example_task_group_decorator.py took 0.766 seconds
[2024-07-31T12:34:19.984+0000] {processor.py:154} INFO - Started process (PID=2593) to work on /home/airflow/.local/lib/python3.7/site-packages/airflow/example_dags/example_task_group_decorator.py
[2024-07-31T12:34:19.986+0000] {processor.py:756} INFO - Processing file /home/airflow/.local/lib/python3.7/site-packages/airflow/example_dags/example_task_group_decorator.py for tasks to queue
[2024-07-31T12:34:19.989+0000] {logging_mixin.py:120} INFO - [2024-07-31T12:34:19.988+0000] {dagbag.py:537} INFO - Filling up the DagBag from /home/airflow/.local/lib/python3.7/site-packages/airflow/example_dags/example_task_group_decorator.py
[2024-07-31T12:34:20.019+0000] {processor.py:766} INFO - DAG(s) dict_keys(['example_task_group_decorator']) retrieved from /home/airflow/.local/lib/python3.7/site-packages/airflow/example_dags/example_task_group_decorator.py
[2024-07-31T12:34:20.118+0000] {logging_mixin.py:120} INFO - [2024-07-31T12:34:20.118+0000] {dag.py:2585} INFO - Sync 1 DAGs
[2024-07-31T12:34:20.217+0000] {logging_mixin.py:120} INFO - [2024-07-31T12:34:20.217+0000] {dag.py:3340} INFO - Setting next_dagrun for example_task_group_decorator to 2024-07-30T12:34:20.217348+00:00, run_after=2024-07-31T12:34:20.217348+00:00
[2024-07-31T12:34:20.336+0000] {processor.py:176} INFO - Processing /home/airflow/.local/lib/python3.7/site-packages/airflow/example_dags/example_task_group_decorator.py took 0.356 seconds
[2024-07-31T12:34:51.088+0000] {processor.py:154} INFO - Started process (PID=2656) to work on /home/airflow/.local/lib/python3.7/site-packages/airflow/example_dags/example_task_group_decorator.py
[2024-07-31T12:34:51.091+0000] {processor.py:756} INFO - Processing file /home/airflow/.local/lib/python3.7/site-packages/airflow/example_dags/example_task_group_decorator.py for tasks to queue
[2024-07-31T12:34:51.092+0000] {logging_mixin.py:120} INFO - [2024-07-31T12:34:51.092+0000] {dagbag.py:537} INFO - Filling up the DagBag from /home/airflow/.local/lib/python3.7/site-packages/airflow/example_dags/example_task_group_decorator.py
[2024-07-31T12:34:51.148+0000] {processor.py:766} INFO - DAG(s) dict_keys(['example_task_group_decorator']) retrieved from /home/airflow/.local/lib/python3.7/site-packages/airflow/example_dags/example_task_group_decorator.py
[2024-07-31T12:34:51.301+0000] {logging_mixin.py:120} INFO - [2024-07-31T12:34:51.301+0000] {dag.py:2585} INFO - Sync 1 DAGs
[2024-07-31T12:34:51.370+0000] {logging_mixin.py:120} INFO - [2024-07-31T12:34:51.370+0000] {dag.py:3340} INFO - Setting next_dagrun for example_task_group_decorator to 2024-07-30T12:34:51.370553+00:00, run_after=2024-07-31T12:34:51.370553+00:00
[2024-07-31T12:34:51.460+0000] {processor.py:176} INFO - Processing /home/airflow/.local/lib/python3.7/site-packages/airflow/example_dags/example_task_group_decorator.py took 0.376 seconds
[2024-07-31T12:35:21.811+0000] {processor.py:154} INFO - Started process (PID=2719) to work on /home/airflow/.local/lib/python3.7/site-packages/airflow/example_dags/example_task_group_decorator.py
[2024-07-31T12:35:21.813+0000] {processor.py:756} INFO - Processing file /home/airflow/.local/lib/python3.7/site-packages/airflow/example_dags/example_task_group_decorator.py for tasks to queue
[2024-07-31T12:35:21.817+0000] {logging_mixin.py:120} INFO - [2024-07-31T12:35:21.816+0000] {dagbag.py:537} INFO - Filling up the DagBag from /home/airflow/.local/lib/python3.7/site-packages/airflow/example_dags/example_task_group_decorator.py
[2024-07-31T12:35:21.868+0000] {processor.py:766} INFO - DAG(s) dict_keys(['example_task_group_decorator']) retrieved from /home/airflow/.local/lib/python3.7/site-packages/airflow/example_dags/example_task_group_decorator.py
[2024-07-31T12:35:21.951+0000] {logging_mixin.py:120} INFO - [2024-07-31T12:35:21.951+0000] {dag.py:2585} INFO - Sync 1 DAGs
[2024-07-31T12:35:22.043+0000] {logging_mixin.py:120} INFO - [2024-07-31T12:35:22.043+0000] {dag.py:3340} INFO - Setting next_dagrun for example_task_group_decorator to 2024-07-30T12:35:22.042848+00:00, run_after=2024-07-31T12:35:22.042848+00:00
[2024-07-31T12:35:22.151+0000] {processor.py:176} INFO - Processing /home/airflow/.local/lib/python3.7/site-packages/airflow/example_dags/example_task_group_decorator.py took 0.346 seconds
[2024-07-31T12:35:52.659+0000] {processor.py:154} INFO - Started process (PID=2773) to work on /home/airflow/.local/lib/python3.7/site-packages/airflow/example_dags/example_task_group_decorator.py
[2024-07-31T12:35:52.690+0000] {processor.py:756} INFO - Processing file /home/airflow/.local/lib/python3.7/site-packages/airflow/example_dags/example_task_group_decorator.py for tasks to queue
[2024-07-31T12:35:52.748+0000] {logging_mixin.py:120} INFO - [2024-07-31T12:35:52.748+0000] {dagbag.py:537} INFO - Filling up the DagBag from /home/airflow/.local/lib/python3.7/site-packages/airflow/example_dags/example_task_group_decorator.py
[2024-07-31T12:35:52.867+0000] {processor.py:766} INFO - DAG(s) dict_keys(['example_task_group_decorator']) retrieved from /home/airflow/.local/lib/python3.7/site-packages/airflow/example_dags/example_task_group_decorator.py
[2024-07-31T12:35:52.926+0000] {logging_mixin.py:120} INFO - [2024-07-31T12:35:52.926+0000] {dag.py:2585} INFO - Sync 1 DAGs
[2024-07-31T12:35:53.059+0000] {logging_mixin.py:120} INFO - [2024-07-31T12:35:53.059+0000] {dag.py:3340} INFO - Setting next_dagrun for example_task_group_decorator to 2024-07-30T12:35:53.058891+00:00, run_after=2024-07-31T12:35:53.058891+00:00
[2024-07-31T12:35:53.185+0000] {processor.py:176} INFO - Processing /home/airflow/.local/lib/python3.7/site-packages/airflow/example_dags/example_task_group_decorator.py took 0.530 seconds
[2024-07-31T12:36:23.662+0000] {processor.py:154} INFO - Started process (PID=2837) to work on /home/airflow/.local/lib/python3.7/site-packages/airflow/example_dags/example_task_group_decorator.py
[2024-07-31T12:36:23.663+0000] {processor.py:756} INFO - Processing file /home/airflow/.local/lib/python3.7/site-packages/airflow/example_dags/example_task_group_decorator.py for tasks to queue
[2024-07-31T12:36:23.664+0000] {logging_mixin.py:120} INFO - [2024-07-31T12:36:23.664+0000] {dagbag.py:537} INFO - Filling up the DagBag from /home/airflow/.local/lib/python3.7/site-packages/airflow/example_dags/example_task_group_decorator.py
[2024-07-31T12:36:23.696+0000] {processor.py:766} INFO - DAG(s) dict_keys(['example_task_group_decorator']) retrieved from /home/airflow/.local/lib/python3.7/site-packages/airflow/example_dags/example_task_group_decorator.py
[2024-07-31T12:36:23.844+0000] {logging_mixin.py:120} INFO - [2024-07-31T12:36:23.844+0000] {dag.py:2585} INFO - Sync 1 DAGs
[2024-07-31T12:36:23.869+0000] {logging_mixin.py:120} INFO - [2024-07-31T12:36:23.869+0000] {dag.py:3340} INFO - Setting next_dagrun for example_task_group_decorator to 2024-07-30T12:36:23.868943+00:00, run_after=2024-07-31T12:36:23.868943+00:00
[2024-07-31T12:36:23.889+0000] {processor.py:176} INFO - Processing /home/airflow/.local/lib/python3.7/site-packages/airflow/example_dags/example_task_group_decorator.py took 0.231 seconds
