[2024-07-31T12:12:23.700+0000] {processor.py:154} INFO - Started process (PID=70) to work on /home/airflow/.local/lib/python3.7/site-packages/airflow/example_dags/tutorial_dag.py
[2024-07-31T12:12:23.703+0000] {processor.py:756} INFO - Processing file /home/airflow/.local/lib/python3.7/site-packages/airflow/example_dags/tutorial_dag.py for tasks to queue
[2024-07-31T12:12:23.705+0000] {logging_mixin.py:120} INFO - [2024-07-31T12:12:23.704+0000] {dagbag.py:537} INFO - Filling up the DagBag from /home/airflow/.local/lib/python3.7/site-packages/airflow/example_dags/tutorial_dag.py
[2024-07-31T12:12:23.743+0000] {processor.py:766} INFO - DAG(s) dict_keys(['tutorial_dag']) retrieved from /home/airflow/.local/lib/python3.7/site-packages/airflow/example_dags/tutorial_dag.py
[2024-07-31T12:12:24.111+0000] {logging_mixin.py:120} INFO - [2024-07-31T12:12:24.110+0000] {manager.py:507} INFO - Created Permission View: can read on DAG:tutorial_dag
[2024-07-31T12:12:24.165+0000] {logging_mixin.py:120} INFO - [2024-07-31T12:12:24.165+0000] {manager.py:507} INFO - Created Permission View: can delete on DAG:tutorial_dag
[2024-07-31T12:12:24.194+0000] {logging_mixin.py:120} INFO - [2024-07-31T12:12:24.194+0000] {manager.py:507} INFO - Created Permission View: can edit on DAG:tutorial_dag
[2024-07-31T12:12:24.197+0000] {logging_mixin.py:120} INFO - [2024-07-31T12:12:24.197+0000] {dag.py:2585} INFO - Sync 1 DAGs
[2024-07-31T12:12:24.260+0000] {logging_mixin.py:120} INFO - [2024-07-31T12:12:24.259+0000] {dag.py:2606} INFO - Creating ORM DAG for tutorial_dag
[2024-07-31T12:12:24.292+0000] {logging_mixin.py:120} INFO - [2024-07-31T12:12:24.291+0000] {dag.py:3340} INFO - Setting next_dagrun for tutorial_dag to None, run_after=None
[2024-07-31T12:12:24.358+0000] {processor.py:176} INFO - Processing /home/airflow/.local/lib/python3.7/site-packages/airflow/example_dags/tutorial_dag.py took 0.665 seconds
[2024-07-31T12:12:54.663+0000] {processor.py:154} INFO - Started process (PID=133) to work on /home/airflow/.local/lib/python3.7/site-packages/airflow/example_dags/tutorial_dag.py
[2024-07-31T12:12:54.665+0000] {processor.py:756} INFO - Processing file /home/airflow/.local/lib/python3.7/site-packages/airflow/example_dags/tutorial_dag.py for tasks to queue
[2024-07-31T12:12:54.667+0000] {logging_mixin.py:120} INFO - [2024-07-31T12:12:54.667+0000] {dagbag.py:537} INFO - Filling up the DagBag from /home/airflow/.local/lib/python3.7/site-packages/airflow/example_dags/tutorial_dag.py
[2024-07-31T12:12:54.710+0000] {processor.py:766} INFO - DAG(s) dict_keys(['tutorial_dag']) retrieved from /home/airflow/.local/lib/python3.7/site-packages/airflow/example_dags/tutorial_dag.py
[2024-07-31T12:12:54.736+0000] {logging_mixin.py:120} INFO - [2024-07-31T12:12:54.736+0000] {dag.py:2585} INFO - Sync 1 DAGs
[2024-07-31T12:12:54.775+0000] {logging_mixin.py:120} INFO - [2024-07-31T12:12:54.775+0000] {dag.py:3340} INFO - Setting next_dagrun for tutorial_dag to None, run_after=None
[2024-07-31T12:12:54.811+0000] {processor.py:176} INFO - Processing /home/airflow/.local/lib/python3.7/site-packages/airflow/example_dags/tutorial_dag.py took 0.151 seconds
[2024-07-31T12:13:25.560+0000] {processor.py:154} INFO - Started process (PID=197) to work on /home/airflow/.local/lib/python3.7/site-packages/airflow/example_dags/tutorial_dag.py
[2024-07-31T12:13:25.562+0000] {processor.py:756} INFO - Processing file /home/airflow/.local/lib/python3.7/site-packages/airflow/example_dags/tutorial_dag.py for tasks to queue
[2024-07-31T12:13:25.564+0000] {logging_mixin.py:120} INFO - [2024-07-31T12:13:25.563+0000] {dagbag.py:537} INFO - Filling up the DagBag from /home/airflow/.local/lib/python3.7/site-packages/airflow/example_dags/tutorial_dag.py
[2024-07-31T12:13:25.582+0000] {processor.py:766} INFO - DAG(s) dict_keys(['tutorial_dag']) retrieved from /home/airflow/.local/lib/python3.7/site-packages/airflow/example_dags/tutorial_dag.py
[2024-07-31T12:13:25.642+0000] {logging_mixin.py:120} INFO - [2024-07-31T12:13:25.641+0000] {dag.py:2585} INFO - Sync 1 DAGs
[2024-07-31T12:13:25.675+0000] {logging_mixin.py:120} INFO - [2024-07-31T12:13:25.675+0000] {dag.py:3340} INFO - Setting next_dagrun for tutorial_dag to None, run_after=None
[2024-07-31T12:13:25.703+0000] {processor.py:176} INFO - Processing /home/airflow/.local/lib/python3.7/site-packages/airflow/example_dags/tutorial_dag.py took 0.148 seconds
[2024-07-31T12:13:55.814+0000] {processor.py:154} INFO - Started process (PID=251) to work on /home/airflow/.local/lib/python3.7/site-packages/airflow/example_dags/tutorial_dag.py
[2024-07-31T12:13:55.819+0000] {processor.py:756} INFO - Processing file /home/airflow/.local/lib/python3.7/site-packages/airflow/example_dags/tutorial_dag.py for tasks to queue
[2024-07-31T12:13:55.821+0000] {logging_mixin.py:120} INFO - [2024-07-31T12:13:55.821+0000] {dagbag.py:537} INFO - Filling up the DagBag from /home/airflow/.local/lib/python3.7/site-packages/airflow/example_dags/tutorial_dag.py
[2024-07-31T12:13:55.833+0000] {processor.py:766} INFO - DAG(s) dict_keys(['tutorial_dag']) retrieved from /home/airflow/.local/lib/python3.7/site-packages/airflow/example_dags/tutorial_dag.py
[2024-07-31T12:13:55.880+0000] {logging_mixin.py:120} INFO - [2024-07-31T12:13:55.879+0000] {dag.py:2585} INFO - Sync 1 DAGs
[2024-07-31T12:13:55.904+0000] {logging_mixin.py:120} INFO - [2024-07-31T12:13:55.904+0000] {dag.py:3340} INFO - Setting next_dagrun for tutorial_dag to None, run_after=None
[2024-07-31T12:13:55.926+0000] {processor.py:176} INFO - Processing /home/airflow/.local/lib/python3.7/site-packages/airflow/example_dags/tutorial_dag.py took 0.117 seconds
[2024-07-31T12:14:26.944+0000] {processor.py:154} INFO - Started process (PID=316) to work on /home/airflow/.local/lib/python3.7/site-packages/airflow/example_dags/tutorial_dag.py
[2024-07-31T12:14:26.945+0000] {processor.py:756} INFO - Processing file /home/airflow/.local/lib/python3.7/site-packages/airflow/example_dags/tutorial_dag.py for tasks to queue
[2024-07-31T12:14:26.947+0000] {logging_mixin.py:120} INFO - [2024-07-31T12:14:26.947+0000] {dagbag.py:537} INFO - Filling up the DagBag from /home/airflow/.local/lib/python3.7/site-packages/airflow/example_dags/tutorial_dag.py
[2024-07-31T12:14:26.968+0000] {processor.py:766} INFO - DAG(s) dict_keys(['tutorial_dag']) retrieved from /home/airflow/.local/lib/python3.7/site-packages/airflow/example_dags/tutorial_dag.py
[2024-07-31T12:14:27.032+0000] {logging_mixin.py:120} INFO - [2024-07-31T12:14:27.031+0000] {dag.py:2585} INFO - Sync 1 DAGs
[2024-07-31T12:14:27.065+0000] {logging_mixin.py:120} INFO - [2024-07-31T12:14:27.065+0000] {dag.py:3340} INFO - Setting next_dagrun for tutorial_dag to None, run_after=None
[2024-07-31T12:14:27.109+0000] {processor.py:176} INFO - Processing /home/airflow/.local/lib/python3.7/site-packages/airflow/example_dags/tutorial_dag.py took 0.171 seconds
[2024-07-31T12:14:58.419+0000] {processor.py:154} INFO - Started process (PID=380) to work on /home/airflow/.local/lib/python3.7/site-packages/airflow/example_dags/tutorial_dag.py
[2024-07-31T12:14:58.421+0000] {processor.py:756} INFO - Processing file /home/airflow/.local/lib/python3.7/site-packages/airflow/example_dags/tutorial_dag.py for tasks to queue
[2024-07-31T12:14:58.423+0000] {logging_mixin.py:120} INFO - [2024-07-31T12:14:58.423+0000] {dagbag.py:537} INFO - Filling up the DagBag from /home/airflow/.local/lib/python3.7/site-packages/airflow/example_dags/tutorial_dag.py
[2024-07-31T12:14:58.443+0000] {processor.py:766} INFO - DAG(s) dict_keys(['tutorial_dag']) retrieved from /home/airflow/.local/lib/python3.7/site-packages/airflow/example_dags/tutorial_dag.py
[2024-07-31T12:14:58.496+0000] {logging_mixin.py:120} INFO - [2024-07-31T12:14:58.496+0000] {dag.py:2585} INFO - Sync 1 DAGs
[2024-07-31T12:14:58.536+0000] {logging_mixin.py:120} INFO - [2024-07-31T12:14:58.536+0000] {dag.py:3340} INFO - Setting next_dagrun for tutorial_dag to None, run_after=None
[2024-07-31T12:14:58.572+0000] {processor.py:176} INFO - Processing /home/airflow/.local/lib/python3.7/site-packages/airflow/example_dags/tutorial_dag.py took 0.159 seconds
[2024-07-31T12:15:29.135+0000] {processor.py:154} INFO - Started process (PID=434) to work on /home/airflow/.local/lib/python3.7/site-packages/airflow/example_dags/tutorial_dag.py
[2024-07-31T12:15:29.136+0000] {processor.py:756} INFO - Processing file /home/airflow/.local/lib/python3.7/site-packages/airflow/example_dags/tutorial_dag.py for tasks to queue
[2024-07-31T12:15:29.138+0000] {logging_mixin.py:120} INFO - [2024-07-31T12:15:29.137+0000] {dagbag.py:537} INFO - Filling up the DagBag from /home/airflow/.local/lib/python3.7/site-packages/airflow/example_dags/tutorial_dag.py
[2024-07-31T12:15:29.155+0000] {processor.py:766} INFO - DAG(s) dict_keys(['tutorial_dag']) retrieved from /home/airflow/.local/lib/python3.7/site-packages/airflow/example_dags/tutorial_dag.py
[2024-07-31T12:15:29.216+0000] {logging_mixin.py:120} INFO - [2024-07-31T12:15:29.215+0000] {dag.py:2585} INFO - Sync 1 DAGs
[2024-07-31T12:15:29.268+0000] {logging_mixin.py:120} INFO - [2024-07-31T12:15:29.268+0000] {dag.py:3340} INFO - Setting next_dagrun for tutorial_dag to None, run_after=None
[2024-07-31T12:15:29.306+0000] {processor.py:176} INFO - Processing /home/airflow/.local/lib/python3.7/site-packages/airflow/example_dags/tutorial_dag.py took 0.177 seconds
[2024-07-31T12:15:59.470+0000] {processor.py:154} INFO - Started process (PID=497) to work on /home/airflow/.local/lib/python3.7/site-packages/airflow/example_dags/tutorial_dag.py
[2024-07-31T12:15:59.472+0000] {processor.py:756} INFO - Processing file /home/airflow/.local/lib/python3.7/site-packages/airflow/example_dags/tutorial_dag.py for tasks to queue
[2024-07-31T12:15:59.473+0000] {logging_mixin.py:120} INFO - [2024-07-31T12:15:59.473+0000] {dagbag.py:537} INFO - Filling up the DagBag from /home/airflow/.local/lib/python3.7/site-packages/airflow/example_dags/tutorial_dag.py
[2024-07-31T12:15:59.488+0000] {processor.py:766} INFO - DAG(s) dict_keys(['tutorial_dag']) retrieved from /home/airflow/.local/lib/python3.7/site-packages/airflow/example_dags/tutorial_dag.py
[2024-07-31T12:15:59.540+0000] {logging_mixin.py:120} INFO - [2024-07-31T12:15:59.540+0000] {dag.py:2585} INFO - Sync 1 DAGs
[2024-07-31T12:15:59.581+0000] {logging_mixin.py:120} INFO - [2024-07-31T12:15:59.581+0000] {dag.py:3340} INFO - Setting next_dagrun for tutorial_dag to None, run_after=None
[2024-07-31T12:15:59.614+0000] {processor.py:176} INFO - Processing /home/airflow/.local/lib/python3.7/site-packages/airflow/example_dags/tutorial_dag.py took 0.148 seconds
[2024-07-31T12:16:30.885+0000] {processor.py:154} INFO - Started process (PID=551) to work on /home/airflow/.local/lib/python3.7/site-packages/airflow/example_dags/tutorial_dag.py
[2024-07-31T12:16:30.894+0000] {processor.py:756} INFO - Processing file /home/airflow/.local/lib/python3.7/site-packages/airflow/example_dags/tutorial_dag.py for tasks to queue
[2024-07-31T12:16:30.914+0000] {logging_mixin.py:120} INFO - [2024-07-31T12:16:30.914+0000] {dagbag.py:537} INFO - Filling up the DagBag from /home/airflow/.local/lib/python3.7/site-packages/airflow/example_dags/tutorial_dag.py
[2024-07-31T12:16:30.933+0000] {processor.py:766} INFO - DAG(s) dict_keys(['tutorial_dag']) retrieved from /home/airflow/.local/lib/python3.7/site-packages/airflow/example_dags/tutorial_dag.py
[2024-07-31T12:16:30.992+0000] {logging_mixin.py:120} INFO - [2024-07-31T12:16:30.992+0000] {dag.py:2585} INFO - Sync 1 DAGs
[2024-07-31T12:16:31.259+0000] {logging_mixin.py:120} INFO - [2024-07-31T12:16:31.259+0000] {dag.py:3340} INFO - Setting next_dagrun for tutorial_dag to None, run_after=None
[2024-07-31T12:16:31.452+0000] {processor.py:176} INFO - Processing /home/airflow/.local/lib/python3.7/site-packages/airflow/example_dags/tutorial_dag.py took 0.572 seconds
[2024-07-31T12:17:02.874+0000] {processor.py:154} INFO - Started process (PID=614) to work on /home/airflow/.local/lib/python3.7/site-packages/airflow/example_dags/tutorial_dag.py
[2024-07-31T12:17:02.877+0000] {processor.py:756} INFO - Processing file /home/airflow/.local/lib/python3.7/site-packages/airflow/example_dags/tutorial_dag.py for tasks to queue
[2024-07-31T12:17:02.880+0000] {logging_mixin.py:120} INFO - [2024-07-31T12:17:02.879+0000] {dagbag.py:537} INFO - Filling up the DagBag from /home/airflow/.local/lib/python3.7/site-packages/airflow/example_dags/tutorial_dag.py
[2024-07-31T12:17:02.912+0000] {processor.py:766} INFO - DAG(s) dict_keys(['tutorial_dag']) retrieved from /home/airflow/.local/lib/python3.7/site-packages/airflow/example_dags/tutorial_dag.py
[2024-07-31T12:17:03.021+0000] {logging_mixin.py:120} INFO - [2024-07-31T12:17:03.020+0000] {dag.py:2585} INFO - Sync 1 DAGs
[2024-07-31T12:17:03.081+0000] {logging_mixin.py:120} INFO - [2024-07-31T12:17:03.081+0000] {dag.py:3340} INFO - Setting next_dagrun for tutorial_dag to None, run_after=None
[2024-07-31T12:17:03.151+0000] {processor.py:176} INFO - Processing /home/airflow/.local/lib/python3.7/site-packages/airflow/example_dags/tutorial_dag.py took 0.283 seconds
[2024-07-31T12:17:34.195+0000] {processor.py:154} INFO - Started process (PID=667) to work on /home/airflow/.local/lib/python3.7/site-packages/airflow/example_dags/tutorial_dag.py
[2024-07-31T12:17:34.469+0000] {processor.py:756} INFO - Processing file /home/airflow/.local/lib/python3.7/site-packages/airflow/example_dags/tutorial_dag.py for tasks to queue
[2024-07-31T12:17:34.525+0000] {logging_mixin.py:120} INFO - [2024-07-31T12:17:34.525+0000] {dagbag.py:537} INFO - Filling up the DagBag from /home/airflow/.local/lib/python3.7/site-packages/airflow/example_dags/tutorial_dag.py
[2024-07-31T12:17:34.551+0000] {processor.py:766} INFO - DAG(s) dict_keys(['tutorial_dag']) retrieved from /home/airflow/.local/lib/python3.7/site-packages/airflow/example_dags/tutorial_dag.py
[2024-07-31T12:17:34.621+0000] {logging_mixin.py:120} INFO - [2024-07-31T12:17:34.620+0000] {dag.py:2585} INFO - Sync 1 DAGs
[2024-07-31T12:17:34.672+0000] {logging_mixin.py:120} INFO - [2024-07-31T12:17:34.671+0000] {dag.py:3340} INFO - Setting next_dagrun for tutorial_dag to None, run_after=None
[2024-07-31T12:17:34.710+0000] {processor.py:176} INFO - Processing /home/airflow/.local/lib/python3.7/site-packages/airflow/example_dags/tutorial_dag.py took 0.519 seconds
[2024-07-31T12:18:05.243+0000] {processor.py:154} INFO - Started process (PID=730) to work on /home/airflow/.local/lib/python3.7/site-packages/airflow/example_dags/tutorial_dag.py
[2024-07-31T12:18:05.348+0000] {processor.py:756} INFO - Processing file /home/airflow/.local/lib/python3.7/site-packages/airflow/example_dags/tutorial_dag.py for tasks to queue
[2024-07-31T12:18:05.613+0000] {logging_mixin.py:120} INFO - [2024-07-31T12:18:05.613+0000] {dagbag.py:537} INFO - Filling up the DagBag from /home/airflow/.local/lib/python3.7/site-packages/airflow/example_dags/tutorial_dag.py
[2024-07-31T12:18:05.780+0000] {processor.py:766} INFO - DAG(s) dict_keys(['tutorial_dag']) retrieved from /home/airflow/.local/lib/python3.7/site-packages/airflow/example_dags/tutorial_dag.py
[2024-07-31T12:18:05.996+0000] {logging_mixin.py:120} INFO - [2024-07-31T12:18:05.996+0000] {dag.py:2585} INFO - Sync 1 DAGs
[2024-07-31T12:18:06.164+0000] {logging_mixin.py:120} INFO - [2024-07-31T12:18:06.164+0000] {dag.py:3340} INFO - Setting next_dagrun for tutorial_dag to None, run_after=None
[2024-07-31T12:18:06.310+0000] {processor.py:176} INFO - Processing /home/airflow/.local/lib/python3.7/site-packages/airflow/example_dags/tutorial_dag.py took 1.071 seconds
[2024-07-31T12:18:37.758+0000] {processor.py:154} INFO - Started process (PID=792) to work on /home/airflow/.local/lib/python3.7/site-packages/airflow/example_dags/tutorial_dag.py
[2024-07-31T12:18:37.761+0000] {processor.py:756} INFO - Processing file /home/airflow/.local/lib/python3.7/site-packages/airflow/example_dags/tutorial_dag.py for tasks to queue
[2024-07-31T12:18:37.764+0000] {logging_mixin.py:120} INFO - [2024-07-31T12:18:37.764+0000] {dagbag.py:537} INFO - Filling up the DagBag from /home/airflow/.local/lib/python3.7/site-packages/airflow/example_dags/tutorial_dag.py
[2024-07-31T12:18:37.802+0000] {processor.py:766} INFO - DAG(s) dict_keys(['tutorial_dag']) retrieved from /home/airflow/.local/lib/python3.7/site-packages/airflow/example_dags/tutorial_dag.py
[2024-07-31T12:18:37.869+0000] {logging_mixin.py:120} INFO - [2024-07-31T12:18:37.869+0000] {dag.py:2585} INFO - Sync 1 DAGs
[2024-07-31T12:18:37.902+0000] {logging_mixin.py:120} INFO - [2024-07-31T12:18:37.902+0000] {dag.py:3340} INFO - Setting next_dagrun for tutorial_dag to None, run_after=None
[2024-07-31T12:18:37.945+0000] {processor.py:176} INFO - Processing /home/airflow/.local/lib/python3.7/site-packages/airflow/example_dags/tutorial_dag.py took 0.190 seconds
[2024-07-31T12:19:09.133+0000] {processor.py:154} INFO - Started process (PID=846) to work on /home/airflow/.local/lib/python3.7/site-packages/airflow/example_dags/tutorial_dag.py
[2024-07-31T12:19:09.134+0000] {processor.py:756} INFO - Processing file /home/airflow/.local/lib/python3.7/site-packages/airflow/example_dags/tutorial_dag.py for tasks to queue
[2024-07-31T12:19:09.135+0000] {logging_mixin.py:120} INFO - [2024-07-31T12:19:09.135+0000] {dagbag.py:537} INFO - Filling up the DagBag from /home/airflow/.local/lib/python3.7/site-packages/airflow/example_dags/tutorial_dag.py
[2024-07-31T12:19:09.150+0000] {processor.py:766} INFO - DAG(s) dict_keys(['tutorial_dag']) retrieved from /home/airflow/.local/lib/python3.7/site-packages/airflow/example_dags/tutorial_dag.py
[2024-07-31T12:19:09.194+0000] {logging_mixin.py:120} INFO - [2024-07-31T12:19:09.193+0000] {dag.py:2585} INFO - Sync 1 DAGs
[2024-07-31T12:19:09.222+0000] {logging_mixin.py:120} INFO - [2024-07-31T12:19:09.222+0000] {dag.py:3340} INFO - Setting next_dagrun for tutorial_dag to None, run_after=None
[2024-07-31T12:19:09.289+0000] {processor.py:176} INFO - Processing /home/airflow/.local/lib/python3.7/site-packages/airflow/example_dags/tutorial_dag.py took 0.160 seconds
[2024-07-31T12:19:39.442+0000] {processor.py:154} INFO - Started process (PID=908) to work on /home/airflow/.local/lib/python3.7/site-packages/airflow/example_dags/tutorial_dag.py
[2024-07-31T12:19:39.443+0000] {processor.py:756} INFO - Processing file /home/airflow/.local/lib/python3.7/site-packages/airflow/example_dags/tutorial_dag.py for tasks to queue
[2024-07-31T12:19:39.444+0000] {logging_mixin.py:120} INFO - [2024-07-31T12:19:39.444+0000] {dagbag.py:537} INFO - Filling up the DagBag from /home/airflow/.local/lib/python3.7/site-packages/airflow/example_dags/tutorial_dag.py
[2024-07-31T12:19:39.457+0000] {processor.py:766} INFO - DAG(s) dict_keys(['tutorial_dag']) retrieved from /home/airflow/.local/lib/python3.7/site-packages/airflow/example_dags/tutorial_dag.py
[2024-07-31T12:19:39.514+0000] {logging_mixin.py:120} INFO - [2024-07-31T12:19:39.514+0000] {dag.py:2585} INFO - Sync 1 DAGs
[2024-07-31T12:19:39.554+0000] {logging_mixin.py:120} INFO - [2024-07-31T12:19:39.554+0000] {dag.py:3340} INFO - Setting next_dagrun for tutorial_dag to None, run_after=None
[2024-07-31T12:19:39.575+0000] {processor.py:176} INFO - Processing /home/airflow/.local/lib/python3.7/site-packages/airflow/example_dags/tutorial_dag.py took 0.136 seconds
[2024-07-31T12:20:09.780+0000] {processor.py:154} INFO - Started process (PID=970) to work on /home/airflow/.local/lib/python3.7/site-packages/airflow/example_dags/tutorial_dag.py
[2024-07-31T12:20:09.782+0000] {processor.py:756} INFO - Processing file /home/airflow/.local/lib/python3.7/site-packages/airflow/example_dags/tutorial_dag.py for tasks to queue
[2024-07-31T12:20:09.784+0000] {logging_mixin.py:120} INFO - [2024-07-31T12:20:09.783+0000] {dagbag.py:537} INFO - Filling up the DagBag from /home/airflow/.local/lib/python3.7/site-packages/airflow/example_dags/tutorial_dag.py
[2024-07-31T12:20:09.812+0000] {processor.py:766} INFO - DAG(s) dict_keys(['tutorial_dag']) retrieved from /home/airflow/.local/lib/python3.7/site-packages/airflow/example_dags/tutorial_dag.py
[2024-07-31T12:20:09.872+0000] {logging_mixin.py:120} INFO - [2024-07-31T12:20:09.872+0000] {dag.py:2585} INFO - Sync 1 DAGs
[2024-07-31T12:20:09.912+0000] {logging_mixin.py:120} INFO - [2024-07-31T12:20:09.912+0000] {dag.py:3340} INFO - Setting next_dagrun for tutorial_dag to None, run_after=None
[2024-07-31T12:20:09.945+0000] {processor.py:176} INFO - Processing /home/airflow/.local/lib/python3.7/site-packages/airflow/example_dags/tutorial_dag.py took 0.170 seconds
[2024-07-31T12:20:40.418+0000] {processor.py:154} INFO - Started process (PID=1024) to work on /home/airflow/.local/lib/python3.7/site-packages/airflow/example_dags/tutorial_dag.py
[2024-07-31T12:20:40.419+0000] {processor.py:756} INFO - Processing file /home/airflow/.local/lib/python3.7/site-packages/airflow/example_dags/tutorial_dag.py for tasks to queue
[2024-07-31T12:20:40.423+0000] {logging_mixin.py:120} INFO - [2024-07-31T12:20:40.422+0000] {dagbag.py:537} INFO - Filling up the DagBag from /home/airflow/.local/lib/python3.7/site-packages/airflow/example_dags/tutorial_dag.py
[2024-07-31T12:20:40.441+0000] {processor.py:766} INFO - DAG(s) dict_keys(['tutorial_dag']) retrieved from /home/airflow/.local/lib/python3.7/site-packages/airflow/example_dags/tutorial_dag.py
[2024-07-31T12:20:40.564+0000] {logging_mixin.py:120} INFO - [2024-07-31T12:20:40.564+0000] {dag.py:2585} INFO - Sync 1 DAGs
[2024-07-31T12:20:40.620+0000] {logging_mixin.py:120} INFO - [2024-07-31T12:20:40.620+0000] {dag.py:3340} INFO - Setting next_dagrun for tutorial_dag to None, run_after=None
[2024-07-31T12:20:40.649+0000] {processor.py:176} INFO - Processing /home/airflow/.local/lib/python3.7/site-packages/airflow/example_dags/tutorial_dag.py took 0.237 seconds
[2024-07-31T12:21:10.986+0000] {processor.py:154} INFO - Started process (PID=1087) to work on /home/airflow/.local/lib/python3.7/site-packages/airflow/example_dags/tutorial_dag.py
[2024-07-31T12:21:10.988+0000] {processor.py:756} INFO - Processing file /home/airflow/.local/lib/python3.7/site-packages/airflow/example_dags/tutorial_dag.py for tasks to queue
[2024-07-31T12:21:10.991+0000] {logging_mixin.py:120} INFO - [2024-07-31T12:21:10.991+0000] {dagbag.py:537} INFO - Filling up the DagBag from /home/airflow/.local/lib/python3.7/site-packages/airflow/example_dags/tutorial_dag.py
[2024-07-31T12:21:11.018+0000] {processor.py:766} INFO - DAG(s) dict_keys(['tutorial_dag']) retrieved from /home/airflow/.local/lib/python3.7/site-packages/airflow/example_dags/tutorial_dag.py
[2024-07-31T12:21:11.098+0000] {logging_mixin.py:120} INFO - [2024-07-31T12:21:11.095+0000] {dag.py:2585} INFO - Sync 1 DAGs
[2024-07-31T12:21:11.192+0000] {logging_mixin.py:120} INFO - [2024-07-31T12:21:11.192+0000] {dag.py:3340} INFO - Setting next_dagrun for tutorial_dag to None, run_after=None
[2024-07-31T12:21:11.237+0000] {processor.py:176} INFO - Processing /home/airflow/.local/lib/python3.7/site-packages/airflow/example_dags/tutorial_dag.py took 0.258 seconds
[2024-07-31T12:21:41.861+0000] {processor.py:154} INFO - Started process (PID=1141) to work on /home/airflow/.local/lib/python3.7/site-packages/airflow/example_dags/tutorial_dag.py
[2024-07-31T12:21:41.864+0000] {processor.py:756} INFO - Processing file /home/airflow/.local/lib/python3.7/site-packages/airflow/example_dags/tutorial_dag.py for tasks to queue
[2024-07-31T12:21:41.865+0000] {logging_mixin.py:120} INFO - [2024-07-31T12:21:41.865+0000] {dagbag.py:537} INFO - Filling up the DagBag from /home/airflow/.local/lib/python3.7/site-packages/airflow/example_dags/tutorial_dag.py
[2024-07-31T12:21:41.884+0000] {processor.py:766} INFO - DAG(s) dict_keys(['tutorial_dag']) retrieved from /home/airflow/.local/lib/python3.7/site-packages/airflow/example_dags/tutorial_dag.py
[2024-07-31T12:21:41.954+0000] {logging_mixin.py:120} INFO - [2024-07-31T12:21:41.953+0000] {dag.py:2585} INFO - Sync 1 DAGs
[2024-07-31T12:21:42.004+0000] {logging_mixin.py:120} INFO - [2024-07-31T12:21:42.003+0000] {dag.py:3340} INFO - Setting next_dagrun for tutorial_dag to None, run_after=None
[2024-07-31T12:21:42.032+0000] {processor.py:176} INFO - Processing /home/airflow/.local/lib/python3.7/site-packages/airflow/example_dags/tutorial_dag.py took 0.176 seconds
[2024-07-31T12:22:12.416+0000] {processor.py:154} INFO - Started process (PID=1204) to work on /home/airflow/.local/lib/python3.7/site-packages/airflow/example_dags/tutorial_dag.py
[2024-07-31T12:22:12.419+0000] {processor.py:756} INFO - Processing file /home/airflow/.local/lib/python3.7/site-packages/airflow/example_dags/tutorial_dag.py for tasks to queue
[2024-07-31T12:22:12.421+0000] {logging_mixin.py:120} INFO - [2024-07-31T12:22:12.421+0000] {dagbag.py:537} INFO - Filling up the DagBag from /home/airflow/.local/lib/python3.7/site-packages/airflow/example_dags/tutorial_dag.py
[2024-07-31T12:22:12.451+0000] {processor.py:766} INFO - DAG(s) dict_keys(['tutorial_dag']) retrieved from /home/airflow/.local/lib/python3.7/site-packages/airflow/example_dags/tutorial_dag.py
[2024-07-31T12:22:12.541+0000] {logging_mixin.py:120} INFO - [2024-07-31T12:22:12.540+0000] {dag.py:2585} INFO - Sync 1 DAGs
[2024-07-31T12:22:12.586+0000] {logging_mixin.py:120} INFO - [2024-07-31T12:22:12.586+0000] {dag.py:3340} INFO - Setting next_dagrun for tutorial_dag to None, run_after=None
[2024-07-31T12:22:12.632+0000] {processor.py:176} INFO - Processing /home/airflow/.local/lib/python3.7/site-packages/airflow/example_dags/tutorial_dag.py took 0.224 seconds
[2024-07-31T12:22:43.728+0000] {processor.py:154} INFO - Started process (PID=1266) to work on /home/airflow/.local/lib/python3.7/site-packages/airflow/example_dags/tutorial_dag.py
[2024-07-31T12:22:43.730+0000] {processor.py:756} INFO - Processing file /home/airflow/.local/lib/python3.7/site-packages/airflow/example_dags/tutorial_dag.py for tasks to queue
[2024-07-31T12:22:43.732+0000] {logging_mixin.py:120} INFO - [2024-07-31T12:22:43.731+0000] {dagbag.py:537} INFO - Filling up the DagBag from /home/airflow/.local/lib/python3.7/site-packages/airflow/example_dags/tutorial_dag.py
[2024-07-31T12:22:43.754+0000] {processor.py:766} INFO - DAG(s) dict_keys(['tutorial_dag']) retrieved from /home/airflow/.local/lib/python3.7/site-packages/airflow/example_dags/tutorial_dag.py
[2024-07-31T12:22:43.836+0000] {logging_mixin.py:120} INFO - [2024-07-31T12:22:43.836+0000] {dag.py:2585} INFO - Sync 1 DAGs
[2024-07-31T12:22:43.891+0000] {logging_mixin.py:120} INFO - [2024-07-31T12:22:43.891+0000] {dag.py:3340} INFO - Setting next_dagrun for tutorial_dag to None, run_after=None
[2024-07-31T12:22:43.934+0000] {processor.py:176} INFO - Processing /home/airflow/.local/lib/python3.7/site-packages/airflow/example_dags/tutorial_dag.py took 0.211 seconds
[2024-07-31T12:23:13.986+0000] {processor.py:154} INFO - Started process (PID=1322) to work on /home/airflow/.local/lib/python3.7/site-packages/airflow/example_dags/tutorial_dag.py
[2024-07-31T12:23:13.988+0000] {processor.py:756} INFO - Processing file /home/airflow/.local/lib/python3.7/site-packages/airflow/example_dags/tutorial_dag.py for tasks to queue
[2024-07-31T12:23:13.989+0000] {logging_mixin.py:120} INFO - [2024-07-31T12:23:13.988+0000] {dagbag.py:537} INFO - Filling up the DagBag from /home/airflow/.local/lib/python3.7/site-packages/airflow/example_dags/tutorial_dag.py
[2024-07-31T12:23:14.007+0000] {processor.py:766} INFO - DAG(s) dict_keys(['tutorial_dag']) retrieved from /home/airflow/.local/lib/python3.7/site-packages/airflow/example_dags/tutorial_dag.py
[2024-07-31T12:23:14.062+0000] {logging_mixin.py:120} INFO - [2024-07-31T12:23:14.062+0000] {dag.py:2585} INFO - Sync 1 DAGs
[2024-07-31T12:23:14.090+0000] {logging_mixin.py:120} INFO - [2024-07-31T12:23:14.090+0000] {dag.py:3340} INFO - Setting next_dagrun for tutorial_dag to None, run_after=None
[2024-07-31T12:23:14.119+0000] {processor.py:176} INFO - Processing /home/airflow/.local/lib/python3.7/site-packages/airflow/example_dags/tutorial_dag.py took 0.138 seconds
[2024-07-31T12:23:44.883+0000] {processor.py:154} INFO - Started process (PID=1385) to work on /home/airflow/.local/lib/python3.7/site-packages/airflow/example_dags/tutorial_dag.py
[2024-07-31T12:23:44.885+0000] {processor.py:756} INFO - Processing file /home/airflow/.local/lib/python3.7/site-packages/airflow/example_dags/tutorial_dag.py for tasks to queue
[2024-07-31T12:23:44.887+0000] {logging_mixin.py:120} INFO - [2024-07-31T12:23:44.887+0000] {dagbag.py:537} INFO - Filling up the DagBag from /home/airflow/.local/lib/python3.7/site-packages/airflow/example_dags/tutorial_dag.py
[2024-07-31T12:23:44.913+0000] {processor.py:766} INFO - DAG(s) dict_keys(['tutorial_dag']) retrieved from /home/airflow/.local/lib/python3.7/site-packages/airflow/example_dags/tutorial_dag.py
[2024-07-31T12:23:44.976+0000] {logging_mixin.py:120} INFO - [2024-07-31T12:23:44.976+0000] {dag.py:2585} INFO - Sync 1 DAGs
[2024-07-31T12:23:45.021+0000] {logging_mixin.py:120} INFO - [2024-07-31T12:23:45.021+0000] {dag.py:3340} INFO - Setting next_dagrun for tutorial_dag to None, run_after=None
[2024-07-31T12:23:45.060+0000] {processor.py:176} INFO - Processing /home/airflow/.local/lib/python3.7/site-packages/airflow/example_dags/tutorial_dag.py took 0.183 seconds
[2024-07-31T12:24:18.483+0000] {processor.py:154} INFO - Started process (PID=1440) to work on /home/airflow/.local/lib/python3.7/site-packages/airflow/example_dags/tutorial_dag.py
[2024-07-31T12:24:18.485+0000] {processor.py:756} INFO - Processing file /home/airflow/.local/lib/python3.7/site-packages/airflow/example_dags/tutorial_dag.py for tasks to queue
[2024-07-31T12:24:18.486+0000] {logging_mixin.py:120} INFO - [2024-07-31T12:24:18.486+0000] {dagbag.py:537} INFO - Filling up the DagBag from /home/airflow/.local/lib/python3.7/site-packages/airflow/example_dags/tutorial_dag.py
[2024-07-31T12:24:18.502+0000] {processor.py:766} INFO - DAG(s) dict_keys(['tutorial_dag']) retrieved from /home/airflow/.local/lib/python3.7/site-packages/airflow/example_dags/tutorial_dag.py
[2024-07-31T12:24:18.547+0000] {logging_mixin.py:120} INFO - [2024-07-31T12:24:18.547+0000] {dag.py:2585} INFO - Sync 1 DAGs
[2024-07-31T12:24:18.574+0000] {logging_mixin.py:120} INFO - [2024-07-31T12:24:18.574+0000] {dag.py:3340} INFO - Setting next_dagrun for tutorial_dag to None, run_after=None
[2024-07-31T12:24:18.605+0000] {processor.py:176} INFO - Processing /home/airflow/.local/lib/python3.7/site-packages/airflow/example_dags/tutorial_dag.py took 0.126 seconds
[2024-07-31T12:24:48.944+0000] {processor.py:154} INFO - Started process (PID=1502) to work on /home/airflow/.local/lib/python3.7/site-packages/airflow/example_dags/tutorial_dag.py
[2024-07-31T12:24:48.947+0000] {processor.py:756} INFO - Processing file /home/airflow/.local/lib/python3.7/site-packages/airflow/example_dags/tutorial_dag.py for tasks to queue
[2024-07-31T12:24:48.948+0000] {logging_mixin.py:120} INFO - [2024-07-31T12:24:48.948+0000] {dagbag.py:537} INFO - Filling up the DagBag from /home/airflow/.local/lib/python3.7/site-packages/airflow/example_dags/tutorial_dag.py
[2024-07-31T12:24:48.966+0000] {processor.py:766} INFO - DAG(s) dict_keys(['tutorial_dag']) retrieved from /home/airflow/.local/lib/python3.7/site-packages/airflow/example_dags/tutorial_dag.py
[2024-07-31T12:24:49.007+0000] {logging_mixin.py:120} INFO - [2024-07-31T12:24:49.007+0000] {dag.py:2585} INFO - Sync 1 DAGs
[2024-07-31T12:24:49.034+0000] {logging_mixin.py:120} INFO - [2024-07-31T12:24:49.034+0000] {dag.py:3340} INFO - Setting next_dagrun for tutorial_dag to None, run_after=None
[2024-07-31T12:24:49.056+0000] {processor.py:176} INFO - Processing /home/airflow/.local/lib/python3.7/site-packages/airflow/example_dags/tutorial_dag.py took 0.116 seconds
[2024-07-31T12:25:19.523+0000] {processor.py:154} INFO - Started process (PID=1565) to work on /home/airflow/.local/lib/python3.7/site-packages/airflow/example_dags/tutorial_dag.py
[2024-07-31T12:25:19.525+0000] {processor.py:756} INFO - Processing file /home/airflow/.local/lib/python3.7/site-packages/airflow/example_dags/tutorial_dag.py for tasks to queue
[2024-07-31T12:25:19.527+0000] {logging_mixin.py:120} INFO - [2024-07-31T12:25:19.527+0000] {dagbag.py:537} INFO - Filling up the DagBag from /home/airflow/.local/lib/python3.7/site-packages/airflow/example_dags/tutorial_dag.py
[2024-07-31T12:25:19.545+0000] {processor.py:766} INFO - DAG(s) dict_keys(['tutorial_dag']) retrieved from /home/airflow/.local/lib/python3.7/site-packages/airflow/example_dags/tutorial_dag.py
[2024-07-31T12:25:19.624+0000] {logging_mixin.py:120} INFO - [2024-07-31T12:25:19.624+0000] {dag.py:2585} INFO - Sync 1 DAGs
[2024-07-31T12:25:19.672+0000] {logging_mixin.py:120} INFO - [2024-07-31T12:25:19.672+0000] {dag.py:3340} INFO - Setting next_dagrun for tutorial_dag to None, run_after=None
[2024-07-31T12:25:19.708+0000] {processor.py:176} INFO - Processing /home/airflow/.local/lib/python3.7/site-packages/airflow/example_dags/tutorial_dag.py took 0.190 seconds
[2024-07-31T12:25:50.501+0000] {processor.py:154} INFO - Started process (PID=1619) to work on /home/airflow/.local/lib/python3.7/site-packages/airflow/example_dags/tutorial_dag.py
[2024-07-31T12:25:50.502+0000] {processor.py:756} INFO - Processing file /home/airflow/.local/lib/python3.7/site-packages/airflow/example_dags/tutorial_dag.py for tasks to queue
[2024-07-31T12:25:50.503+0000] {logging_mixin.py:120} INFO - [2024-07-31T12:25:50.503+0000] {dagbag.py:537} INFO - Filling up the DagBag from /home/airflow/.local/lib/python3.7/site-packages/airflow/example_dags/tutorial_dag.py
[2024-07-31T12:25:50.517+0000] {processor.py:766} INFO - DAG(s) dict_keys(['tutorial_dag']) retrieved from /home/airflow/.local/lib/python3.7/site-packages/airflow/example_dags/tutorial_dag.py
[2024-07-31T12:25:50.559+0000] {logging_mixin.py:120} INFO - [2024-07-31T12:25:50.559+0000] {dag.py:2585} INFO - Sync 1 DAGs
[2024-07-31T12:25:50.586+0000] {logging_mixin.py:120} INFO - [2024-07-31T12:25:50.585+0000] {dag.py:3340} INFO - Setting next_dagrun for tutorial_dag to None, run_after=None
[2024-07-31T12:25:50.613+0000] {processor.py:176} INFO - Processing /home/airflow/.local/lib/python3.7/site-packages/airflow/example_dags/tutorial_dag.py took 0.117 seconds
[2024-07-31T12:26:21.335+0000] {processor.py:154} INFO - Started process (PID=1682) to work on /home/airflow/.local/lib/python3.7/site-packages/airflow/example_dags/tutorial_dag.py
[2024-07-31T12:26:21.338+0000] {processor.py:756} INFO - Processing file /home/airflow/.local/lib/python3.7/site-packages/airflow/example_dags/tutorial_dag.py for tasks to queue
[2024-07-31T12:26:21.339+0000] {logging_mixin.py:120} INFO - [2024-07-31T12:26:21.339+0000] {dagbag.py:537} INFO - Filling up the DagBag from /home/airflow/.local/lib/python3.7/site-packages/airflow/example_dags/tutorial_dag.py
[2024-07-31T12:26:21.357+0000] {processor.py:766} INFO - DAG(s) dict_keys(['tutorial_dag']) retrieved from /home/airflow/.local/lib/python3.7/site-packages/airflow/example_dags/tutorial_dag.py
[2024-07-31T12:26:21.406+0000] {logging_mixin.py:120} INFO - [2024-07-31T12:26:21.406+0000] {dag.py:2585} INFO - Sync 1 DAGs
[2024-07-31T12:26:21.435+0000] {logging_mixin.py:120} INFO - [2024-07-31T12:26:21.435+0000] {dag.py:3340} INFO - Setting next_dagrun for tutorial_dag to None, run_after=None
[2024-07-31T12:26:21.458+0000] {processor.py:176} INFO - Processing /home/airflow/.local/lib/python3.7/site-packages/airflow/example_dags/tutorial_dag.py took 0.126 seconds
[2024-07-31T12:26:52.174+0000] {processor.py:154} INFO - Started process (PID=1745) to work on /home/airflow/.local/lib/python3.7/site-packages/airflow/example_dags/tutorial_dag.py
[2024-07-31T12:26:52.177+0000] {processor.py:756} INFO - Processing file /home/airflow/.local/lib/python3.7/site-packages/airflow/example_dags/tutorial_dag.py for tasks to queue
[2024-07-31T12:26:52.178+0000] {logging_mixin.py:120} INFO - [2024-07-31T12:26:52.178+0000] {dagbag.py:537} INFO - Filling up the DagBag from /home/airflow/.local/lib/python3.7/site-packages/airflow/example_dags/tutorial_dag.py
[2024-07-31T12:26:52.198+0000] {processor.py:766} INFO - DAG(s) dict_keys(['tutorial_dag']) retrieved from /home/airflow/.local/lib/python3.7/site-packages/airflow/example_dags/tutorial_dag.py
[2024-07-31T12:26:52.266+0000] {logging_mixin.py:120} INFO - [2024-07-31T12:26:52.266+0000] {dag.py:2585} INFO - Sync 1 DAGs
[2024-07-31T12:26:52.310+0000] {logging_mixin.py:120} INFO - [2024-07-31T12:26:52.310+0000] {dag.py:3340} INFO - Setting next_dagrun for tutorial_dag to None, run_after=None
[2024-07-31T12:26:52.361+0000] {processor.py:176} INFO - Processing /home/airflow/.local/lib/python3.7/site-packages/airflow/example_dags/tutorial_dag.py took 0.192 seconds
[2024-07-31T12:27:28.296+0000] {processor.py:154} INFO - Started process (PID=1809) to work on /home/airflow/.local/lib/python3.7/site-packages/airflow/example_dags/tutorial_dag.py
[2024-07-31T12:27:28.300+0000] {processor.py:756} INFO - Processing file /home/airflow/.local/lib/python3.7/site-packages/airflow/example_dags/tutorial_dag.py for tasks to queue
[2024-07-31T12:27:28.302+0000] {logging_mixin.py:120} INFO - [2024-07-31T12:27:28.301+0000] {dagbag.py:537} INFO - Filling up the DagBag from /home/airflow/.local/lib/python3.7/site-packages/airflow/example_dags/tutorial_dag.py
[2024-07-31T12:27:28.325+0000] {processor.py:766} INFO - DAG(s) dict_keys(['tutorial_dag']) retrieved from /home/airflow/.local/lib/python3.7/site-packages/airflow/example_dags/tutorial_dag.py
[2024-07-31T12:27:28.472+0000] {logging_mixin.py:120} INFO - [2024-07-31T12:27:28.471+0000] {dag.py:2585} INFO - Sync 1 DAGs
[2024-07-31T12:27:28.556+0000] {logging_mixin.py:120} INFO - [2024-07-31T12:27:28.556+0000] {dag.py:3340} INFO - Setting next_dagrun for tutorial_dag to None, run_after=None
[2024-07-31T12:27:28.615+0000] {processor.py:176} INFO - Processing /home/airflow/.local/lib/python3.7/site-packages/airflow/example_dags/tutorial_dag.py took 0.330 seconds
[2024-07-31T12:28:00.288+0000] {processor.py:154} INFO - Started process (PID=1863) to work on /home/airflow/.local/lib/python3.7/site-packages/airflow/example_dags/tutorial_dag.py
[2024-07-31T12:28:00.341+0000] {processor.py:756} INFO - Processing file /home/airflow/.local/lib/python3.7/site-packages/airflow/example_dags/tutorial_dag.py for tasks to queue
[2024-07-31T12:28:00.525+0000] {logging_mixin.py:120} INFO - [2024-07-31T12:28:00.525+0000] {dagbag.py:537} INFO - Filling up the DagBag from /home/airflow/.local/lib/python3.7/site-packages/airflow/example_dags/tutorial_dag.py
[2024-07-31T12:28:00.713+0000] {processor.py:766} INFO - DAG(s) dict_keys(['tutorial_dag']) retrieved from /home/airflow/.local/lib/python3.7/site-packages/airflow/example_dags/tutorial_dag.py
[2024-07-31T12:28:00.851+0000] {logging_mixin.py:120} INFO - [2024-07-31T12:28:00.851+0000] {dag.py:2585} INFO - Sync 1 DAGs
[2024-07-31T12:28:00.988+0000] {logging_mixin.py:120} INFO - [2024-07-31T12:28:00.988+0000] {dag.py:3340} INFO - Setting next_dagrun for tutorial_dag to None, run_after=None
[2024-07-31T12:28:01.086+0000] {processor.py:176} INFO - Processing /home/airflow/.local/lib/python3.7/site-packages/airflow/example_dags/tutorial_dag.py took 0.802 seconds
[2024-07-31T12:28:31.657+0000] {processor.py:154} INFO - Started process (PID=1927) to work on /home/airflow/.local/lib/python3.7/site-packages/airflow/example_dags/tutorial_dag.py
[2024-07-31T12:28:31.659+0000] {processor.py:756} INFO - Processing file /home/airflow/.local/lib/python3.7/site-packages/airflow/example_dags/tutorial_dag.py for tasks to queue
[2024-07-31T12:28:31.661+0000] {logging_mixin.py:120} INFO - [2024-07-31T12:28:31.661+0000] {dagbag.py:537} INFO - Filling up the DagBag from /home/airflow/.local/lib/python3.7/site-packages/airflow/example_dags/tutorial_dag.py
[2024-07-31T12:28:31.678+0000] {processor.py:766} INFO - DAG(s) dict_keys(['tutorial_dag']) retrieved from /home/airflow/.local/lib/python3.7/site-packages/airflow/example_dags/tutorial_dag.py
[2024-07-31T12:28:31.725+0000] {logging_mixin.py:120} INFO - [2024-07-31T12:28:31.724+0000] {dag.py:2585} INFO - Sync 1 DAGs
[2024-07-31T12:28:31.751+0000] {logging_mixin.py:120} INFO - [2024-07-31T12:28:31.750+0000] {dag.py:3340} INFO - Setting next_dagrun for tutorial_dag to None, run_after=None
[2024-07-31T12:28:31.776+0000] {processor.py:176} INFO - Processing /home/airflow/.local/lib/python3.7/site-packages/airflow/example_dags/tutorial_dag.py took 0.123 seconds
[2024-07-31T12:29:02.186+0000] {processor.py:154} INFO - Started process (PID=1981) to work on /home/airflow/.local/lib/python3.7/site-packages/airflow/example_dags/tutorial_dag.py
[2024-07-31T12:29:02.187+0000] {processor.py:756} INFO - Processing file /home/airflow/.local/lib/python3.7/site-packages/airflow/example_dags/tutorial_dag.py for tasks to queue
[2024-07-31T12:29:02.259+0000] {logging_mixin.py:120} INFO - [2024-07-31T12:29:02.259+0000] {dagbag.py:537} INFO - Filling up the DagBag from /home/airflow/.local/lib/python3.7/site-packages/airflow/example_dags/tutorial_dag.py
[2024-07-31T12:29:02.345+0000] {processor.py:766} INFO - DAG(s) dict_keys(['tutorial_dag']) retrieved from /home/airflow/.local/lib/python3.7/site-packages/airflow/example_dags/tutorial_dag.py
[2024-07-31T12:29:02.667+0000] {logging_mixin.py:120} INFO - [2024-07-31T12:29:02.666+0000] {dag.py:2585} INFO - Sync 1 DAGs
[2024-07-31T12:29:02.808+0000] {logging_mixin.py:120} INFO - [2024-07-31T12:29:02.808+0000] {dag.py:3340} INFO - Setting next_dagrun for tutorial_dag to None, run_after=None
[2024-07-31T12:29:02.961+0000] {processor.py:176} INFO - Processing /home/airflow/.local/lib/python3.7/site-packages/airflow/example_dags/tutorial_dag.py took 0.780 seconds
[2024-07-31T12:29:33.441+0000] {processor.py:154} INFO - Started process (PID=2044) to work on /home/airflow/.local/lib/python3.7/site-packages/airflow/example_dags/tutorial_dag.py
[2024-07-31T12:29:33.442+0000] {processor.py:756} INFO - Processing file /home/airflow/.local/lib/python3.7/site-packages/airflow/example_dags/tutorial_dag.py for tasks to queue
[2024-07-31T12:29:33.450+0000] {logging_mixin.py:120} INFO - [2024-07-31T12:29:33.450+0000] {dagbag.py:537} INFO - Filling up the DagBag from /home/airflow/.local/lib/python3.7/site-packages/airflow/example_dags/tutorial_dag.py
[2024-07-31T12:29:33.465+0000] {processor.py:766} INFO - DAG(s) dict_keys(['tutorial_dag']) retrieved from /home/airflow/.local/lib/python3.7/site-packages/airflow/example_dags/tutorial_dag.py
[2024-07-31T12:29:33.553+0000] {logging_mixin.py:120} INFO - [2024-07-31T12:29:33.553+0000] {dag.py:2585} INFO - Sync 1 DAGs
[2024-07-31T12:29:33.625+0000] {logging_mixin.py:120} INFO - [2024-07-31T12:29:33.625+0000] {dag.py:3340} INFO - Setting next_dagrun for tutorial_dag to None, run_after=None
[2024-07-31T12:29:33.748+0000] {processor.py:176} INFO - Processing /home/airflow/.local/lib/python3.7/site-packages/airflow/example_dags/tutorial_dag.py took 0.313 seconds
[2024-07-31T12:30:04.232+0000] {processor.py:154} INFO - Started process (PID=2108) to work on /home/airflow/.local/lib/python3.7/site-packages/airflow/example_dags/tutorial_dag.py
[2024-07-31T12:30:04.243+0000] {processor.py:756} INFO - Processing file /home/airflow/.local/lib/python3.7/site-packages/airflow/example_dags/tutorial_dag.py for tasks to queue
[2024-07-31T12:30:04.247+0000] {logging_mixin.py:120} INFO - [2024-07-31T12:30:04.247+0000] {dagbag.py:537} INFO - Filling up the DagBag from /home/airflow/.local/lib/python3.7/site-packages/airflow/example_dags/tutorial_dag.py
[2024-07-31T12:30:04.263+0000] {processor.py:766} INFO - DAG(s) dict_keys(['tutorial_dag']) retrieved from /home/airflow/.local/lib/python3.7/site-packages/airflow/example_dags/tutorial_dag.py
[2024-07-31T12:30:04.309+0000] {logging_mixin.py:120} INFO - [2024-07-31T12:30:04.309+0000] {dag.py:2585} INFO - Sync 1 DAGs
[2024-07-31T12:30:04.342+0000] {logging_mixin.py:120} INFO - [2024-07-31T12:30:04.342+0000] {dag.py:3340} INFO - Setting next_dagrun for tutorial_dag to None, run_after=None
[2024-07-31T12:30:04.430+0000] {processor.py:176} INFO - Processing /home/airflow/.local/lib/python3.7/site-packages/airflow/example_dags/tutorial_dag.py took 0.202 seconds
[2024-07-31T12:30:34.724+0000] {processor.py:154} INFO - Started process (PID=2162) to work on /home/airflow/.local/lib/python3.7/site-packages/airflow/example_dags/tutorial_dag.py
[2024-07-31T12:30:34.725+0000] {processor.py:756} INFO - Processing file /home/airflow/.local/lib/python3.7/site-packages/airflow/example_dags/tutorial_dag.py for tasks to queue
[2024-07-31T12:30:34.726+0000] {logging_mixin.py:120} INFO - [2024-07-31T12:30:34.726+0000] {dagbag.py:537} INFO - Filling up the DagBag from /home/airflow/.local/lib/python3.7/site-packages/airflow/example_dags/tutorial_dag.py
[2024-07-31T12:30:34.750+0000] {processor.py:766} INFO - DAG(s) dict_keys(['tutorial_dag']) retrieved from /home/airflow/.local/lib/python3.7/site-packages/airflow/example_dags/tutorial_dag.py
[2024-07-31T12:30:34.809+0000] {logging_mixin.py:120} INFO - [2024-07-31T12:30:34.808+0000] {dag.py:2585} INFO - Sync 1 DAGs
[2024-07-31T12:30:34.884+0000] {logging_mixin.py:120} INFO - [2024-07-31T12:30:34.884+0000] {dag.py:3340} INFO - Setting next_dagrun for tutorial_dag to None, run_after=None
[2024-07-31T12:30:34.905+0000] {processor.py:176} INFO - Processing /home/airflow/.local/lib/python3.7/site-packages/airflow/example_dags/tutorial_dag.py took 0.187 seconds
[2024-07-31T12:31:05.084+0000] {processor.py:154} INFO - Started process (PID=2224) to work on /home/airflow/.local/lib/python3.7/site-packages/airflow/example_dags/tutorial_dag.py
[2024-07-31T12:31:05.085+0000] {processor.py:756} INFO - Processing file /home/airflow/.local/lib/python3.7/site-packages/airflow/example_dags/tutorial_dag.py for tasks to queue
[2024-07-31T12:31:05.086+0000] {logging_mixin.py:120} INFO - [2024-07-31T12:31:05.086+0000] {dagbag.py:537} INFO - Filling up the DagBag from /home/airflow/.local/lib/python3.7/site-packages/airflow/example_dags/tutorial_dag.py
[2024-07-31T12:31:05.102+0000] {processor.py:766} INFO - DAG(s) dict_keys(['tutorial_dag']) retrieved from /home/airflow/.local/lib/python3.7/site-packages/airflow/example_dags/tutorial_dag.py
[2024-07-31T12:31:05.151+0000] {logging_mixin.py:120} INFO - [2024-07-31T12:31:05.151+0000] {dag.py:2585} INFO - Sync 1 DAGs
[2024-07-31T12:31:05.240+0000] {logging_mixin.py:120} INFO - [2024-07-31T12:31:05.240+0000] {dag.py:3340} INFO - Setting next_dagrun for tutorial_dag to None, run_after=None
[2024-07-31T12:31:05.268+0000] {processor.py:176} INFO - Processing /home/airflow/.local/lib/python3.7/site-packages/airflow/example_dags/tutorial_dag.py took 0.189 seconds
[2024-07-31T12:31:35.403+0000] {processor.py:154} INFO - Started process (PID=2288) to work on /home/airflow/.local/lib/python3.7/site-packages/airflow/example_dags/tutorial_dag.py
[2024-07-31T12:31:35.405+0000] {processor.py:756} INFO - Processing file /home/airflow/.local/lib/python3.7/site-packages/airflow/example_dags/tutorial_dag.py for tasks to queue
[2024-07-31T12:31:35.408+0000] {logging_mixin.py:120} INFO - [2024-07-31T12:31:35.407+0000] {dagbag.py:537} INFO - Filling up the DagBag from /home/airflow/.local/lib/python3.7/site-packages/airflow/example_dags/tutorial_dag.py
[2024-07-31T12:31:35.429+0000] {processor.py:766} INFO - DAG(s) dict_keys(['tutorial_dag']) retrieved from /home/airflow/.local/lib/python3.7/site-packages/airflow/example_dags/tutorial_dag.py
[2024-07-31T12:31:35.490+0000] {logging_mixin.py:120} INFO - [2024-07-31T12:31:35.490+0000] {dag.py:2585} INFO - Sync 1 DAGs
[2024-07-31T12:31:35.536+0000] {logging_mixin.py:120} INFO - [2024-07-31T12:31:35.536+0000] {dag.py:3340} INFO - Setting next_dagrun for tutorial_dag to None, run_after=None
[2024-07-31T12:31:35.574+0000] {processor.py:176} INFO - Processing /home/airflow/.local/lib/python3.7/site-packages/airflow/example_dags/tutorial_dag.py took 0.175 seconds
[2024-07-31T12:32:06.414+0000] {processor.py:154} INFO - Started process (PID=2342) to work on /home/airflow/.local/lib/python3.7/site-packages/airflow/example_dags/tutorial_dag.py
[2024-07-31T12:32:06.416+0000] {processor.py:756} INFO - Processing file /home/airflow/.local/lib/python3.7/site-packages/airflow/example_dags/tutorial_dag.py for tasks to queue
[2024-07-31T12:32:06.417+0000] {logging_mixin.py:120} INFO - [2024-07-31T12:32:06.417+0000] {dagbag.py:537} INFO - Filling up the DagBag from /home/airflow/.local/lib/python3.7/site-packages/airflow/example_dags/tutorial_dag.py
[2024-07-31T12:32:06.436+0000] {processor.py:766} INFO - DAG(s) dict_keys(['tutorial_dag']) retrieved from /home/airflow/.local/lib/python3.7/site-packages/airflow/example_dags/tutorial_dag.py
[2024-07-31T12:32:06.493+0000] {logging_mixin.py:120} INFO - [2024-07-31T12:32:06.492+0000] {dag.py:2585} INFO - Sync 1 DAGs
[2024-07-31T12:32:06.526+0000] {logging_mixin.py:120} INFO - [2024-07-31T12:32:06.526+0000] {dag.py:3340} INFO - Setting next_dagrun for tutorial_dag to None, run_after=None
[2024-07-31T12:32:06.560+0000] {processor.py:176} INFO - Processing /home/airflow/.local/lib/python3.7/site-packages/airflow/example_dags/tutorial_dag.py took 0.149 seconds
[2024-07-31T12:32:38.035+0000] {processor.py:154} INFO - Started process (PID=2405) to work on /home/airflow/.local/lib/python3.7/site-packages/airflow/example_dags/tutorial_dag.py
[2024-07-31T12:32:38.074+0000] {processor.py:756} INFO - Processing file /home/airflow/.local/lib/python3.7/site-packages/airflow/example_dags/tutorial_dag.py for tasks to queue
[2024-07-31T12:32:38.078+0000] {logging_mixin.py:120} INFO - [2024-07-31T12:32:38.078+0000] {dagbag.py:537} INFO - Filling up the DagBag from /home/airflow/.local/lib/python3.7/site-packages/airflow/example_dags/tutorial_dag.py
[2024-07-31T12:32:38.114+0000] {processor.py:766} INFO - DAG(s) dict_keys(['tutorial_dag']) retrieved from /home/airflow/.local/lib/python3.7/site-packages/airflow/example_dags/tutorial_dag.py
[2024-07-31T12:32:38.216+0000] {logging_mixin.py:120} INFO - [2024-07-31T12:32:38.215+0000] {dag.py:2585} INFO - Sync 1 DAGs
[2024-07-31T12:32:38.248+0000] {logging_mixin.py:120} INFO - [2024-07-31T12:32:38.248+0000] {dag.py:3340} INFO - Setting next_dagrun for tutorial_dag to None, run_after=None
[2024-07-31T12:32:38.331+0000] {processor.py:176} INFO - Processing /home/airflow/.local/lib/python3.7/site-packages/airflow/example_dags/tutorial_dag.py took 0.300 seconds
[2024-07-31T12:33:08.496+0000] {processor.py:154} INFO - Started process (PID=2459) to work on /home/airflow/.local/lib/python3.7/site-packages/airflow/example_dags/tutorial_dag.py
[2024-07-31T12:33:08.497+0000] {processor.py:756} INFO - Processing file /home/airflow/.local/lib/python3.7/site-packages/airflow/example_dags/tutorial_dag.py for tasks to queue
[2024-07-31T12:33:08.498+0000] {logging_mixin.py:120} INFO - [2024-07-31T12:33:08.498+0000] {dagbag.py:537} INFO - Filling up the DagBag from /home/airflow/.local/lib/python3.7/site-packages/airflow/example_dags/tutorial_dag.py
[2024-07-31T12:33:08.516+0000] {processor.py:766} INFO - DAG(s) dict_keys(['tutorial_dag']) retrieved from /home/airflow/.local/lib/python3.7/site-packages/airflow/example_dags/tutorial_dag.py
[2024-07-31T12:33:08.563+0000] {logging_mixin.py:120} INFO - [2024-07-31T12:33:08.563+0000] {dag.py:2585} INFO - Sync 1 DAGs
[2024-07-31T12:33:08.590+0000] {logging_mixin.py:120} INFO - [2024-07-31T12:33:08.590+0000] {dag.py:3340} INFO - Setting next_dagrun for tutorial_dag to None, run_after=None
[2024-07-31T12:33:08.615+0000] {processor.py:176} INFO - Processing /home/airflow/.local/lib/python3.7/site-packages/airflow/example_dags/tutorial_dag.py took 0.123 seconds
[2024-07-31T12:33:41.951+0000] {processor.py:154} INFO - Started process (PID=2522) to work on /home/airflow/.local/lib/python3.7/site-packages/airflow/example_dags/tutorial_dag.py
[2024-07-31T12:33:41.954+0000] {processor.py:756} INFO - Processing file /home/airflow/.local/lib/python3.7/site-packages/airflow/example_dags/tutorial_dag.py for tasks to queue
[2024-07-31T12:33:41.955+0000] {logging_mixin.py:120} INFO - [2024-07-31T12:33:41.954+0000] {dagbag.py:537} INFO - Filling up the DagBag from /home/airflow/.local/lib/python3.7/site-packages/airflow/example_dags/tutorial_dag.py
[2024-07-31T12:33:41.972+0000] {processor.py:766} INFO - DAG(s) dict_keys(['tutorial_dag']) retrieved from /home/airflow/.local/lib/python3.7/site-packages/airflow/example_dags/tutorial_dag.py
[2024-07-31T12:33:42.030+0000] {logging_mixin.py:120} INFO - [2024-07-31T12:33:42.029+0000] {dag.py:2585} INFO - Sync 1 DAGs
[2024-07-31T12:33:42.130+0000] {logging_mixin.py:120} INFO - [2024-07-31T12:33:42.129+0000] {dag.py:3340} INFO - Setting next_dagrun for tutorial_dag to None, run_after=None
[2024-07-31T12:33:42.289+0000] {processor.py:176} INFO - Processing /home/airflow/.local/lib/python3.7/site-packages/airflow/example_dags/tutorial_dag.py took 0.343 seconds
[2024-07-31T12:34:13.046+0000] {processor.py:154} INFO - Started process (PID=2585) to work on /home/airflow/.local/lib/python3.7/site-packages/airflow/example_dags/tutorial_dag.py
[2024-07-31T12:34:13.049+0000] {processor.py:756} INFO - Processing file /home/airflow/.local/lib/python3.7/site-packages/airflow/example_dags/tutorial_dag.py for tasks to queue
[2024-07-31T12:34:13.054+0000] {logging_mixin.py:120} INFO - [2024-07-31T12:34:13.054+0000] {dagbag.py:537} INFO - Filling up the DagBag from /home/airflow/.local/lib/python3.7/site-packages/airflow/example_dags/tutorial_dag.py
[2024-07-31T12:34:13.087+0000] {processor.py:766} INFO - DAG(s) dict_keys(['tutorial_dag']) retrieved from /home/airflow/.local/lib/python3.7/site-packages/airflow/example_dags/tutorial_dag.py
[2024-07-31T12:34:13.207+0000] {logging_mixin.py:120} INFO - [2024-07-31T12:34:13.207+0000] {dag.py:2585} INFO - Sync 1 DAGs
[2024-07-31T12:34:13.272+0000] {logging_mixin.py:120} INFO - [2024-07-31T12:34:13.272+0000] {dag.py:3340} INFO - Setting next_dagrun for tutorial_dag to None, run_after=None
[2024-07-31T12:34:13.332+0000] {processor.py:176} INFO - Processing /home/airflow/.local/lib/python3.7/site-packages/airflow/example_dags/tutorial_dag.py took 0.292 seconds
[2024-07-31T12:34:44.253+0000] {processor.py:154} INFO - Started process (PID=2639) to work on /home/airflow/.local/lib/python3.7/site-packages/airflow/example_dags/tutorial_dag.py
[2024-07-31T12:34:44.256+0000] {processor.py:756} INFO - Processing file /home/airflow/.local/lib/python3.7/site-packages/airflow/example_dags/tutorial_dag.py for tasks to queue
[2024-07-31T12:34:44.260+0000] {logging_mixin.py:120} INFO - [2024-07-31T12:34:44.260+0000] {dagbag.py:537} INFO - Filling up the DagBag from /home/airflow/.local/lib/python3.7/site-packages/airflow/example_dags/tutorial_dag.py
[2024-07-31T12:34:44.280+0000] {processor.py:766} INFO - DAG(s) dict_keys(['tutorial_dag']) retrieved from /home/airflow/.local/lib/python3.7/site-packages/airflow/example_dags/tutorial_dag.py
[2024-07-31T12:34:44.459+0000] {logging_mixin.py:120} INFO - [2024-07-31T12:34:44.459+0000] {dag.py:2585} INFO - Sync 1 DAGs
[2024-07-31T12:34:44.585+0000] {logging_mixin.py:120} INFO - [2024-07-31T12:34:44.585+0000] {dag.py:3340} INFO - Setting next_dagrun for tutorial_dag to None, run_after=None
[2024-07-31T12:34:44.713+0000] {processor.py:176} INFO - Processing /home/airflow/.local/lib/python3.7/site-packages/airflow/example_dags/tutorial_dag.py took 0.464 seconds
[2024-07-31T12:35:15.992+0000] {processor.py:154} INFO - Started process (PID=2702) to work on /home/airflow/.local/lib/python3.7/site-packages/airflow/example_dags/tutorial_dag.py
[2024-07-31T12:35:16.046+0000] {processor.py:756} INFO - Processing file /home/airflow/.local/lib/python3.7/site-packages/airflow/example_dags/tutorial_dag.py for tasks to queue
[2024-07-31T12:35:16.147+0000] {logging_mixin.py:120} INFO - [2024-07-31T12:35:16.147+0000] {dagbag.py:537} INFO - Filling up the DagBag from /home/airflow/.local/lib/python3.7/site-packages/airflow/example_dags/tutorial_dag.py
[2024-07-31T12:35:16.184+0000] {processor.py:766} INFO - DAG(s) dict_keys(['tutorial_dag']) retrieved from /home/airflow/.local/lib/python3.7/site-packages/airflow/example_dags/tutorial_dag.py
[2024-07-31T12:35:16.241+0000] {logging_mixin.py:120} INFO - [2024-07-31T12:35:16.241+0000] {dag.py:2585} INFO - Sync 1 DAGs
[2024-07-31T12:35:16.367+0000] {logging_mixin.py:120} INFO - [2024-07-31T12:35:16.366+0000] {dag.py:3340} INFO - Setting next_dagrun for tutorial_dag to None, run_after=None
[2024-07-31T12:35:16.494+0000] {processor.py:176} INFO - Processing /home/airflow/.local/lib/python3.7/site-packages/airflow/example_dags/tutorial_dag.py took 0.505 seconds
[2024-07-31T12:35:47.025+0000] {processor.py:154} INFO - Started process (PID=2765) to work on /home/airflow/.local/lib/python3.7/site-packages/airflow/example_dags/tutorial_dag.py
[2024-07-31T12:35:47.026+0000] {processor.py:756} INFO - Processing file /home/airflow/.local/lib/python3.7/site-packages/airflow/example_dags/tutorial_dag.py for tasks to queue
[2024-07-31T12:35:47.028+0000] {logging_mixin.py:120} INFO - [2024-07-31T12:35:47.028+0000] {dagbag.py:537} INFO - Filling up the DagBag from /home/airflow/.local/lib/python3.7/site-packages/airflow/example_dags/tutorial_dag.py
[2024-07-31T12:35:47.056+0000] {processor.py:766} INFO - DAG(s) dict_keys(['tutorial_dag']) retrieved from /home/airflow/.local/lib/python3.7/site-packages/airflow/example_dags/tutorial_dag.py
[2024-07-31T12:35:47.271+0000] {logging_mixin.py:120} INFO - [2024-07-31T12:35:47.270+0000] {dag.py:2585} INFO - Sync 1 DAGs
[2024-07-31T12:35:47.306+0000] {logging_mixin.py:120} INFO - [2024-07-31T12:35:47.306+0000] {dag.py:3340} INFO - Setting next_dagrun for tutorial_dag to None, run_after=None
[2024-07-31T12:35:47.386+0000] {processor.py:176} INFO - Processing /home/airflow/.local/lib/python3.7/site-packages/airflow/example_dags/tutorial_dag.py took 0.365 seconds
[2024-07-31T12:36:18.167+0000] {processor.py:154} INFO - Started process (PID=2820) to work on /home/airflow/.local/lib/python3.7/site-packages/airflow/example_dags/tutorial_dag.py
[2024-07-31T12:36:18.174+0000] {processor.py:756} INFO - Processing file /home/airflow/.local/lib/python3.7/site-packages/airflow/example_dags/tutorial_dag.py for tasks to queue
[2024-07-31T12:36:18.176+0000] {logging_mixin.py:120} INFO - [2024-07-31T12:36:18.176+0000] {dagbag.py:537} INFO - Filling up the DagBag from /home/airflow/.local/lib/python3.7/site-packages/airflow/example_dags/tutorial_dag.py
[2024-07-31T12:36:18.205+0000] {processor.py:766} INFO - DAG(s) dict_keys(['tutorial_dag']) retrieved from /home/airflow/.local/lib/python3.7/site-packages/airflow/example_dags/tutorial_dag.py
[2024-07-31T12:36:18.493+0000] {logging_mixin.py:120} INFO - [2024-07-31T12:36:18.493+0000] {dag.py:2585} INFO - Sync 1 DAGs
[2024-07-31T12:36:18.609+0000] {logging_mixin.py:120} INFO - [2024-07-31T12:36:18.609+0000] {dag.py:3340} INFO - Setting next_dagrun for tutorial_dag to None, run_after=None
[2024-07-31T12:36:18.761+0000] {processor.py:176} INFO - Processing /home/airflow/.local/lib/python3.7/site-packages/airflow/example_dags/tutorial_dag.py took 0.615 seconds
