[2024-07-31T12:12:23.295+0000] {processor.py:154} INFO - Started process (PID=69) to work on /home/airflow/.local/lib/python3.7/site-packages/airflow/example_dags/tutorial.py
[2024-07-31T12:12:23.297+0000] {processor.py:756} INFO - Processing file /home/airflow/.local/lib/python3.7/site-packages/airflow/example_dags/tutorial.py for tasks to queue
[2024-07-31T12:12:23.299+0000] {logging_mixin.py:120} INFO - [2024-07-31T12:12:23.299+0000] {dagbag.py:537} INFO - Filling up the DagBag from /home/airflow/.local/lib/python3.7/site-packages/airflow/example_dags/tutorial.py
[2024-07-31T12:12:23.328+0000] {processor.py:766} INFO - DAG(s) dict_keys(['tutorial']) retrieved from /home/airflow/.local/lib/python3.7/site-packages/airflow/example_dags/tutorial.py
[2024-07-31T12:12:23.577+0000] {logging_mixin.py:120} INFO - [2024-07-31T12:12:23.576+0000] {manager.py:507} INFO - Created Permission View: can read on DAG:tutorial
[2024-07-31T12:12:23.600+0000] {logging_mixin.py:120} INFO - [2024-07-31T12:12:23.600+0000] {manager.py:507} INFO - Created Permission View: can delete on DAG:tutorial
[2024-07-31T12:12:23.619+0000] {logging_mixin.py:120} INFO - [2024-07-31T12:12:23.619+0000] {manager.py:507} INFO - Created Permission View: can edit on DAG:tutorial
[2024-07-31T12:12:23.620+0000] {logging_mixin.py:120} INFO - [2024-07-31T12:12:23.620+0000] {dag.py:2585} INFO - Sync 1 DAGs
[2024-07-31T12:12:23.647+0000] {logging_mixin.py:120} INFO - [2024-07-31T12:12:23.646+0000] {dag.py:2606} INFO - Creating ORM DAG for tutorial
[2024-07-31T12:12:23.673+0000] {logging_mixin.py:120} INFO - [2024-07-31T12:12:23.673+0000] {dag.py:3340} INFO - Setting next_dagrun for tutorial to 2024-07-30T12:12:23.672698+00:00, run_after=2024-07-31T12:12:23.672698+00:00
[2024-07-31T12:12:23.726+0000] {processor.py:176} INFO - Processing /home/airflow/.local/lib/python3.7/site-packages/airflow/example_dags/tutorial.py took 0.436 seconds
[2024-07-31T12:12:54.425+0000] {processor.py:154} INFO - Started process (PID=132) to work on /home/airflow/.local/lib/python3.7/site-packages/airflow/example_dags/tutorial.py
[2024-07-31T12:12:54.427+0000] {processor.py:756} INFO - Processing file /home/airflow/.local/lib/python3.7/site-packages/airflow/example_dags/tutorial.py for tasks to queue
[2024-07-31T12:12:54.430+0000] {logging_mixin.py:120} INFO - [2024-07-31T12:12:54.430+0000] {dagbag.py:537} INFO - Filling up the DagBag from /home/airflow/.local/lib/python3.7/site-packages/airflow/example_dags/tutorial.py
[2024-07-31T12:12:54.456+0000] {processor.py:766} INFO - DAG(s) dict_keys(['tutorial']) retrieved from /home/airflow/.local/lib/python3.7/site-packages/airflow/example_dags/tutorial.py
[2024-07-31T12:12:54.510+0000] {logging_mixin.py:120} INFO - [2024-07-31T12:12:54.509+0000] {dag.py:2585} INFO - Sync 1 DAGs
[2024-07-31T12:12:54.547+0000] {logging_mixin.py:120} INFO - [2024-07-31T12:12:54.547+0000] {dag.py:3340} INFO - Setting next_dagrun for tutorial to 2024-07-30T12:12:54.547125+00:00, run_after=2024-07-31T12:12:54.547125+00:00
[2024-07-31T12:12:54.594+0000] {processor.py:176} INFO - Processing /home/airflow/.local/lib/python3.7/site-packages/airflow/example_dags/tutorial.py took 0.173 seconds
[2024-07-31T12:13:25.424+0000] {processor.py:154} INFO - Started process (PID=196) to work on /home/airflow/.local/lib/python3.7/site-packages/airflow/example_dags/tutorial.py
[2024-07-31T12:13:25.425+0000] {processor.py:756} INFO - Processing file /home/airflow/.local/lib/python3.7/site-packages/airflow/example_dags/tutorial.py for tasks to queue
[2024-07-31T12:13:25.427+0000] {logging_mixin.py:120} INFO - [2024-07-31T12:13:25.427+0000] {dagbag.py:537} INFO - Filling up the DagBag from /home/airflow/.local/lib/python3.7/site-packages/airflow/example_dags/tutorial.py
[2024-07-31T12:13:25.450+0000] {processor.py:766} INFO - DAG(s) dict_keys(['tutorial']) retrieved from /home/airflow/.local/lib/python3.7/site-packages/airflow/example_dags/tutorial.py
[2024-07-31T12:13:25.506+0000] {logging_mixin.py:120} INFO - [2024-07-31T12:13:25.505+0000] {dag.py:2585} INFO - Sync 1 DAGs
[2024-07-31T12:13:25.546+0000] {logging_mixin.py:120} INFO - [2024-07-31T12:13:25.546+0000] {dag.py:3340} INFO - Setting next_dagrun for tutorial to 2024-07-30T12:13:25.546167+00:00, run_after=2024-07-31T12:13:25.546167+00:00
[2024-07-31T12:13:25.573+0000] {processor.py:176} INFO - Processing /home/airflow/.local/lib/python3.7/site-packages/airflow/example_dags/tutorial.py took 0.156 seconds
[2024-07-31T12:13:55.695+0000] {processor.py:154} INFO - Started process (PID=250) to work on /home/airflow/.local/lib/python3.7/site-packages/airflow/example_dags/tutorial.py
[2024-07-31T12:13:55.696+0000] {processor.py:756} INFO - Processing file /home/airflow/.local/lib/python3.7/site-packages/airflow/example_dags/tutorial.py for tasks to queue
[2024-07-31T12:13:55.697+0000] {logging_mixin.py:120} INFO - [2024-07-31T12:13:55.697+0000] {dagbag.py:537} INFO - Filling up the DagBag from /home/airflow/.local/lib/python3.7/site-packages/airflow/example_dags/tutorial.py
[2024-07-31T12:13:55.721+0000] {processor.py:766} INFO - DAG(s) dict_keys(['tutorial']) retrieved from /home/airflow/.local/lib/python3.7/site-packages/airflow/example_dags/tutorial.py
[2024-07-31T12:13:55.763+0000] {logging_mixin.py:120} INFO - [2024-07-31T12:13:55.763+0000] {dag.py:2585} INFO - Sync 1 DAGs
[2024-07-31T12:13:55.818+0000] {logging_mixin.py:120} INFO - [2024-07-31T12:13:55.818+0000] {dag.py:3340} INFO - Setting next_dagrun for tutorial to 2024-07-30T12:13:55.817729+00:00, run_after=2024-07-31T12:13:55.817729+00:00
[2024-07-31T12:13:55.841+0000] {processor.py:176} INFO - Processing /home/airflow/.local/lib/python3.7/site-packages/airflow/example_dags/tutorial.py took 0.150 seconds
[2024-07-31T12:14:26.839+0000] {processor.py:154} INFO - Started process (PID=315) to work on /home/airflow/.local/lib/python3.7/site-packages/airflow/example_dags/tutorial.py
[2024-07-31T12:14:26.841+0000] {processor.py:756} INFO - Processing file /home/airflow/.local/lib/python3.7/site-packages/airflow/example_dags/tutorial.py for tasks to queue
[2024-07-31T12:14:26.843+0000] {logging_mixin.py:120} INFO - [2024-07-31T12:14:26.843+0000] {dagbag.py:537} INFO - Filling up the DagBag from /home/airflow/.local/lib/python3.7/site-packages/airflow/example_dags/tutorial.py
[2024-07-31T12:14:26.865+0000] {processor.py:766} INFO - DAG(s) dict_keys(['tutorial']) retrieved from /home/airflow/.local/lib/python3.7/site-packages/airflow/example_dags/tutorial.py
[2024-07-31T12:14:26.929+0000] {logging_mixin.py:120} INFO - [2024-07-31T12:14:26.929+0000] {dag.py:2585} INFO - Sync 1 DAGs
[2024-07-31T12:14:26.966+0000] {logging_mixin.py:120} INFO - [2024-07-31T12:14:26.966+0000] {dag.py:3340} INFO - Setting next_dagrun for tutorial to 2024-07-30T12:14:26.966003+00:00, run_after=2024-07-31T12:14:26.966003+00:00
[2024-07-31T12:14:27.000+0000] {processor.py:176} INFO - Processing /home/airflow/.local/lib/python3.7/site-packages/airflow/example_dags/tutorial.py took 0.164 seconds
[2024-07-31T12:14:58.226+0000] {processor.py:154} INFO - Started process (PID=377) to work on /home/airflow/.local/lib/python3.7/site-packages/airflow/example_dags/tutorial.py
[2024-07-31T12:14:58.228+0000] {processor.py:756} INFO - Processing file /home/airflow/.local/lib/python3.7/site-packages/airflow/example_dags/tutorial.py for tasks to queue
[2024-07-31T12:14:58.229+0000] {logging_mixin.py:120} INFO - [2024-07-31T12:14:58.229+0000] {dagbag.py:537} INFO - Filling up the DagBag from /home/airflow/.local/lib/python3.7/site-packages/airflow/example_dags/tutorial.py
[2024-07-31T12:14:58.249+0000] {processor.py:766} INFO - DAG(s) dict_keys(['tutorial']) retrieved from /home/airflow/.local/lib/python3.7/site-packages/airflow/example_dags/tutorial.py
[2024-07-31T12:14:58.319+0000] {logging_mixin.py:120} INFO - [2024-07-31T12:14:58.318+0000] {dag.py:2585} INFO - Sync 1 DAGs
[2024-07-31T12:14:58.370+0000] {logging_mixin.py:120} INFO - [2024-07-31T12:14:58.370+0000] {dag.py:3340} INFO - Setting next_dagrun for tutorial to 2024-07-30T12:14:58.369699+00:00, run_after=2024-07-31T12:14:58.369699+00:00
[2024-07-31T12:14:58.419+0000] {processor.py:176} INFO - Processing /home/airflow/.local/lib/python3.7/site-packages/airflow/example_dags/tutorial.py took 0.196 seconds
[2024-07-31T12:15:28.899+0000] {processor.py:154} INFO - Started process (PID=433) to work on /home/airflow/.local/lib/python3.7/site-packages/airflow/example_dags/tutorial.py
[2024-07-31T12:15:28.901+0000] {processor.py:756} INFO - Processing file /home/airflow/.local/lib/python3.7/site-packages/airflow/example_dags/tutorial.py for tasks to queue
[2024-07-31T12:15:28.903+0000] {logging_mixin.py:120} INFO - [2024-07-31T12:15:28.903+0000] {dagbag.py:537} INFO - Filling up the DagBag from /home/airflow/.local/lib/python3.7/site-packages/airflow/example_dags/tutorial.py
[2024-07-31T12:15:28.925+0000] {processor.py:766} INFO - DAG(s) dict_keys(['tutorial']) retrieved from /home/airflow/.local/lib/python3.7/site-packages/airflow/example_dags/tutorial.py
[2024-07-31T12:15:28.993+0000] {logging_mixin.py:120} INFO - [2024-07-31T12:15:28.993+0000] {dag.py:2585} INFO - Sync 1 DAGs
[2024-07-31T12:15:29.037+0000] {logging_mixin.py:120} INFO - [2024-07-31T12:15:29.037+0000] {dag.py:3340} INFO - Setting next_dagrun for tutorial to 2024-07-30T12:15:29.037495+00:00, run_after=2024-07-31T12:15:29.037495+00:00
[2024-07-31T12:15:29.081+0000] {processor.py:176} INFO - Processing /home/airflow/.local/lib/python3.7/site-packages/airflow/example_dags/tutorial.py took 0.187 seconds
[2024-07-31T12:15:59.256+0000] {processor.py:154} INFO - Started process (PID=496) to work on /home/airflow/.local/lib/python3.7/site-packages/airflow/example_dags/tutorial.py
[2024-07-31T12:15:59.259+0000] {processor.py:756} INFO - Processing file /home/airflow/.local/lib/python3.7/site-packages/airflow/example_dags/tutorial.py for tasks to queue
[2024-07-31T12:15:59.260+0000] {logging_mixin.py:120} INFO - [2024-07-31T12:15:59.260+0000] {dagbag.py:537} INFO - Filling up the DagBag from /home/airflow/.local/lib/python3.7/site-packages/airflow/example_dags/tutorial.py
[2024-07-31T12:15:59.284+0000] {processor.py:766} INFO - DAG(s) dict_keys(['tutorial']) retrieved from /home/airflow/.local/lib/python3.7/site-packages/airflow/example_dags/tutorial.py
[2024-07-31T12:15:59.349+0000] {logging_mixin.py:120} INFO - [2024-07-31T12:15:59.348+0000] {dag.py:2585} INFO - Sync 1 DAGs
[2024-07-31T12:15:59.393+0000] {logging_mixin.py:120} INFO - [2024-07-31T12:15:59.393+0000] {dag.py:3340} INFO - Setting next_dagrun for tutorial to 2024-07-30T12:15:59.392191+00:00, run_after=2024-07-31T12:15:59.392191+00:00
[2024-07-31T12:15:59.425+0000] {processor.py:176} INFO - Processing /home/airflow/.local/lib/python3.7/site-packages/airflow/example_dags/tutorial.py took 0.177 seconds
[2024-07-31T12:16:30.429+0000] {processor.py:154} INFO - Started process (PID=550) to work on /home/airflow/.local/lib/python3.7/site-packages/airflow/example_dags/tutorial.py
[2024-07-31T12:16:30.432+0000] {processor.py:756} INFO - Processing file /home/airflow/.local/lib/python3.7/site-packages/airflow/example_dags/tutorial.py for tasks to queue
[2024-07-31T12:16:30.442+0000] {logging_mixin.py:120} INFO - [2024-07-31T12:16:30.442+0000] {dagbag.py:537} INFO - Filling up the DagBag from /home/airflow/.local/lib/python3.7/site-packages/airflow/example_dags/tutorial.py
[2024-07-31T12:16:30.460+0000] {processor.py:766} INFO - DAG(s) dict_keys(['tutorial']) retrieved from /home/airflow/.local/lib/python3.7/site-packages/airflow/example_dags/tutorial.py
[2024-07-31T12:16:30.614+0000] {logging_mixin.py:120} INFO - [2024-07-31T12:16:30.614+0000] {dag.py:2585} INFO - Sync 1 DAGs
[2024-07-31T12:16:30.772+0000] {logging_mixin.py:120} INFO - [2024-07-31T12:16:30.772+0000] {dag.py:3340} INFO - Setting next_dagrun for tutorial to 2024-07-30T12:16:30.772131+00:00, run_after=2024-07-31T12:16:30.772131+00:00
[2024-07-31T12:16:30.911+0000] {processor.py:176} INFO - Processing /home/airflow/.local/lib/python3.7/site-packages/airflow/example_dags/tutorial.py took 0.488 seconds
[2024-07-31T12:17:01.263+0000] {processor.py:154} INFO - Started process (PID=613) to work on /home/airflow/.local/lib/python3.7/site-packages/airflow/example_dags/tutorial.py
[2024-07-31T12:17:01.266+0000] {processor.py:756} INFO - Processing file /home/airflow/.local/lib/python3.7/site-packages/airflow/example_dags/tutorial.py for tasks to queue
[2024-07-31T12:17:01.277+0000] {logging_mixin.py:120} INFO - [2024-07-31T12:17:01.276+0000] {dagbag.py:537} INFO - Filling up the DagBag from /home/airflow/.local/lib/python3.7/site-packages/airflow/example_dags/tutorial.py
[2024-07-31T12:17:01.348+0000] {processor.py:766} INFO - DAG(s) dict_keys(['tutorial']) retrieved from /home/airflow/.local/lib/python3.7/site-packages/airflow/example_dags/tutorial.py
[2024-07-31T12:17:01.445+0000] {logging_mixin.py:120} INFO - [2024-07-31T12:17:01.444+0000] {dag.py:2585} INFO - Sync 1 DAGs
[2024-07-31T12:17:01.494+0000] {logging_mixin.py:120} INFO - [2024-07-31T12:17:01.494+0000] {dag.py:3340} INFO - Setting next_dagrun for tutorial to 2024-07-30T12:17:01.493657+00:00, run_after=2024-07-31T12:17:01.493657+00:00
[2024-07-31T12:17:01.543+0000] {processor.py:176} INFO - Processing /home/airflow/.local/lib/python3.7/site-packages/airflow/example_dags/tutorial.py took 0.294 seconds
[2024-07-31T12:17:32.051+0000] {processor.py:154} INFO - Started process (PID=666) to work on /home/airflow/.local/lib/python3.7/site-packages/airflow/example_dags/tutorial.py
[2024-07-31T12:17:32.055+0000] {processor.py:756} INFO - Processing file /home/airflow/.local/lib/python3.7/site-packages/airflow/example_dags/tutorial.py for tasks to queue
[2024-07-31T12:17:32.058+0000] {logging_mixin.py:120} INFO - [2024-07-31T12:17:32.058+0000] {dagbag.py:537} INFO - Filling up the DagBag from /home/airflow/.local/lib/python3.7/site-packages/airflow/example_dags/tutorial.py
[2024-07-31T12:17:32.082+0000] {processor.py:766} INFO - DAG(s) dict_keys(['tutorial']) retrieved from /home/airflow/.local/lib/python3.7/site-packages/airflow/example_dags/tutorial.py
[2024-07-31T12:17:32.150+0000] {logging_mixin.py:120} INFO - [2024-07-31T12:17:32.150+0000] {dag.py:2585} INFO - Sync 1 DAGs
[2024-07-31T12:17:32.191+0000] {logging_mixin.py:120} INFO - [2024-07-31T12:17:32.191+0000] {dag.py:3340} INFO - Setting next_dagrun for tutorial to 2024-07-30T12:17:32.191076+00:00, run_after=2024-07-31T12:17:32.191076+00:00
[2024-07-31T12:17:32.227+0000] {processor.py:176} INFO - Processing /home/airflow/.local/lib/python3.7/site-packages/airflow/example_dags/tutorial.py took 0.182 seconds
[2024-07-31T12:18:02.410+0000] {processor.py:154} INFO - Started process (PID=729) to work on /home/airflow/.local/lib/python3.7/site-packages/airflow/example_dags/tutorial.py
[2024-07-31T12:18:02.411+0000] {processor.py:756} INFO - Processing file /home/airflow/.local/lib/python3.7/site-packages/airflow/example_dags/tutorial.py for tasks to queue
[2024-07-31T12:18:02.412+0000] {logging_mixin.py:120} INFO - [2024-07-31T12:18:02.412+0000] {dagbag.py:537} INFO - Filling up the DagBag from /home/airflow/.local/lib/python3.7/site-packages/airflow/example_dags/tutorial.py
[2024-07-31T12:18:02.433+0000] {processor.py:766} INFO - DAG(s) dict_keys(['tutorial']) retrieved from /home/airflow/.local/lib/python3.7/site-packages/airflow/example_dags/tutorial.py
[2024-07-31T12:18:02.488+0000] {logging_mixin.py:120} INFO - [2024-07-31T12:18:02.488+0000] {dag.py:2585} INFO - Sync 1 DAGs
[2024-07-31T12:18:02.574+0000] {logging_mixin.py:120} INFO - [2024-07-31T12:18:02.574+0000] {dag.py:3340} INFO - Setting next_dagrun for tutorial to 2024-07-30T12:18:02.573928+00:00, run_after=2024-07-31T12:18:02.573928+00:00
[2024-07-31T12:18:02.657+0000] {processor.py:176} INFO - Processing /home/airflow/.local/lib/python3.7/site-packages/airflow/example_dags/tutorial.py took 0.252 seconds
[2024-07-31T12:18:37.550+0000] {processor.py:154} INFO - Started process (PID=791) to work on /home/airflow/.local/lib/python3.7/site-packages/airflow/example_dags/tutorial.py
[2024-07-31T12:18:37.578+0000] {processor.py:756} INFO - Processing file /home/airflow/.local/lib/python3.7/site-packages/airflow/example_dags/tutorial.py for tasks to queue
[2024-07-31T12:18:37.621+0000] {logging_mixin.py:120} INFO - [2024-07-31T12:18:37.621+0000] {dagbag.py:537} INFO - Filling up the DagBag from /home/airflow/.local/lib/python3.7/site-packages/airflow/example_dags/tutorial.py
[2024-07-31T12:18:37.653+0000] {processor.py:766} INFO - DAG(s) dict_keys(['tutorial']) retrieved from /home/airflow/.local/lib/python3.7/site-packages/airflow/example_dags/tutorial.py
[2024-07-31T12:18:37.800+0000] {logging_mixin.py:120} INFO - [2024-07-31T12:18:37.799+0000] {dag.py:2585} INFO - Sync 1 DAGs
[2024-07-31T12:18:37.861+0000] {logging_mixin.py:120} INFO - [2024-07-31T12:18:37.861+0000] {dag.py:3340} INFO - Setting next_dagrun for tutorial to 2024-07-30T12:18:37.860976+00:00, run_after=2024-07-31T12:18:37.860976+00:00
[2024-07-31T12:18:37.895+0000] {processor.py:176} INFO - Processing /home/airflow/.local/lib/python3.7/site-packages/airflow/example_dags/tutorial.py took 0.349 seconds
[2024-07-31T12:19:09.133+0000] {processor.py:154} INFO - Started process (PID=845) to work on /home/airflow/.local/lib/python3.7/site-packages/airflow/example_dags/tutorial.py
[2024-07-31T12:19:09.201+0000] {processor.py:756} INFO - Processing file /home/airflow/.local/lib/python3.7/site-packages/airflow/example_dags/tutorial.py for tasks to queue
[2024-07-31T12:19:09.321+0000] {logging_mixin.py:120} INFO - [2024-07-31T12:19:09.321+0000] {dagbag.py:537} INFO - Filling up the DagBag from /home/airflow/.local/lib/python3.7/site-packages/airflow/example_dags/tutorial.py
[2024-07-31T12:19:09.392+0000] {processor.py:766} INFO - DAG(s) dict_keys(['tutorial']) retrieved from /home/airflow/.local/lib/python3.7/site-packages/airflow/example_dags/tutorial.py
[2024-07-31T12:19:09.489+0000] {logging_mixin.py:120} INFO - [2024-07-31T12:19:09.489+0000] {dag.py:2585} INFO - Sync 1 DAGs
[2024-07-31T12:19:09.539+0000] {logging_mixin.py:120} INFO - [2024-07-31T12:19:09.539+0000] {dag.py:3340} INFO - Setting next_dagrun for tutorial to 2024-07-30T12:19:09.538899+00:00, run_after=2024-07-31T12:19:09.538899+00:00
[2024-07-31T12:19:09.612+0000] {processor.py:176} INFO - Processing /home/airflow/.local/lib/python3.7/site-packages/airflow/example_dags/tutorial.py took 0.483 seconds
[2024-07-31T12:19:40.620+0000] {processor.py:154} INFO - Started process (PID=909) to work on /home/airflow/.local/lib/python3.7/site-packages/airflow/example_dags/tutorial.py
[2024-07-31T12:19:40.695+0000] {processor.py:756} INFO - Processing file /home/airflow/.local/lib/python3.7/site-packages/airflow/example_dags/tutorial.py for tasks to queue
[2024-07-31T12:19:40.708+0000] {logging_mixin.py:120} INFO - [2024-07-31T12:19:40.708+0000] {dagbag.py:537} INFO - Filling up the DagBag from /home/airflow/.local/lib/python3.7/site-packages/airflow/example_dags/tutorial.py
[2024-07-31T12:19:40.741+0000] {processor.py:766} INFO - DAG(s) dict_keys(['tutorial']) retrieved from /home/airflow/.local/lib/python3.7/site-packages/airflow/example_dags/tutorial.py
[2024-07-31T12:19:40.869+0000] {logging_mixin.py:120} INFO - [2024-07-31T12:19:40.868+0000] {dag.py:2585} INFO - Sync 1 DAGs
[2024-07-31T12:19:40.904+0000] {logging_mixin.py:120} INFO - [2024-07-31T12:19:40.904+0000] {dag.py:3340} INFO - Setting next_dagrun for tutorial to 2024-07-30T12:19:40.903921+00:00, run_after=2024-07-31T12:19:40.903921+00:00
[2024-07-31T12:19:40.987+0000] {processor.py:176} INFO - Processing /home/airflow/.local/lib/python3.7/site-packages/airflow/example_dags/tutorial.py took 0.370 seconds
[2024-07-31T12:20:11.892+0000] {processor.py:154} INFO - Started process (PID=971) to work on /home/airflow/.local/lib/python3.7/site-packages/airflow/example_dags/tutorial.py
[2024-07-31T12:20:11.894+0000] {processor.py:756} INFO - Processing file /home/airflow/.local/lib/python3.7/site-packages/airflow/example_dags/tutorial.py for tasks to queue
[2024-07-31T12:20:11.895+0000] {logging_mixin.py:120} INFO - [2024-07-31T12:20:11.895+0000] {dagbag.py:537} INFO - Filling up the DagBag from /home/airflow/.local/lib/python3.7/site-packages/airflow/example_dags/tutorial.py
[2024-07-31T12:20:11.920+0000] {processor.py:766} INFO - DAG(s) dict_keys(['tutorial']) retrieved from /home/airflow/.local/lib/python3.7/site-packages/airflow/example_dags/tutorial.py
[2024-07-31T12:20:11.986+0000] {logging_mixin.py:120} INFO - [2024-07-31T12:20:11.986+0000] {dag.py:2585} INFO - Sync 1 DAGs
[2024-07-31T12:20:12.027+0000] {logging_mixin.py:120} INFO - [2024-07-31T12:20:12.027+0000] {dag.py:3340} INFO - Setting next_dagrun for tutorial to 2024-07-30T12:20:12.027010+00:00, run_after=2024-07-31T12:20:12.027010+00:00
[2024-07-31T12:20:12.064+0000] {processor.py:176} INFO - Processing /home/airflow/.local/lib/python3.7/site-packages/airflow/example_dags/tutorial.py took 0.177 seconds
[2024-07-31T12:20:42.331+0000] {processor.py:154} INFO - Started process (PID=1025) to work on /home/airflow/.local/lib/python3.7/site-packages/airflow/example_dags/tutorial.py
[2024-07-31T12:20:42.332+0000] {processor.py:756} INFO - Processing file /home/airflow/.local/lib/python3.7/site-packages/airflow/example_dags/tutorial.py for tasks to queue
[2024-07-31T12:20:42.333+0000] {logging_mixin.py:120} INFO - [2024-07-31T12:20:42.332+0000] {dagbag.py:537} INFO - Filling up the DagBag from /home/airflow/.local/lib/python3.7/site-packages/airflow/example_dags/tutorial.py
[2024-07-31T12:20:42.351+0000] {processor.py:766} INFO - DAG(s) dict_keys(['tutorial']) retrieved from /home/airflow/.local/lib/python3.7/site-packages/airflow/example_dags/tutorial.py
[2024-07-31T12:20:42.400+0000] {logging_mixin.py:120} INFO - [2024-07-31T12:20:42.399+0000] {dag.py:2585} INFO - Sync 1 DAGs
[2024-07-31T12:20:42.432+0000] {logging_mixin.py:120} INFO - [2024-07-31T12:20:42.431+0000] {dag.py:3340} INFO - Setting next_dagrun for tutorial to 2024-07-30T12:20:42.431588+00:00, run_after=2024-07-31T12:20:42.431588+00:00
[2024-07-31T12:20:42.488+0000] {processor.py:176} INFO - Processing /home/airflow/.local/lib/python3.7/site-packages/airflow/example_dags/tutorial.py took 0.161 seconds
[2024-07-31T12:21:13.906+0000] {processor.py:154} INFO - Started process (PID=1088) to work on /home/airflow/.local/lib/python3.7/site-packages/airflow/example_dags/tutorial.py
[2024-07-31T12:21:13.908+0000] {processor.py:756} INFO - Processing file /home/airflow/.local/lib/python3.7/site-packages/airflow/example_dags/tutorial.py for tasks to queue
[2024-07-31T12:21:13.909+0000] {logging_mixin.py:120} INFO - [2024-07-31T12:21:13.908+0000] {dagbag.py:537} INFO - Filling up the DagBag from /home/airflow/.local/lib/python3.7/site-packages/airflow/example_dags/tutorial.py
[2024-07-31T12:21:13.927+0000] {processor.py:766} INFO - DAG(s) dict_keys(['tutorial']) retrieved from /home/airflow/.local/lib/python3.7/site-packages/airflow/example_dags/tutorial.py
[2024-07-31T12:21:13.975+0000] {logging_mixin.py:120} INFO - [2024-07-31T12:21:13.974+0000] {dag.py:2585} INFO - Sync 1 DAGs
[2024-07-31T12:21:14.083+0000] {logging_mixin.py:120} INFO - [2024-07-31T12:21:14.082+0000] {dag.py:3340} INFO - Setting next_dagrun for tutorial to 2024-07-30T12:21:14.082647+00:00, run_after=2024-07-31T12:21:14.082647+00:00
[2024-07-31T12:21:14.208+0000] {processor.py:176} INFO - Processing /home/airflow/.local/lib/python3.7/site-packages/airflow/example_dags/tutorial.py took 0.306 seconds
[2024-07-31T12:21:45.021+0000] {processor.py:154} INFO - Started process (PID=1151) to work on /home/airflow/.local/lib/python3.7/site-packages/airflow/example_dags/tutorial.py
[2024-07-31T12:21:45.056+0000] {processor.py:756} INFO - Processing file /home/airflow/.local/lib/python3.7/site-packages/airflow/example_dags/tutorial.py for tasks to queue
[2024-07-31T12:21:45.086+0000] {logging_mixin.py:120} INFO - [2024-07-31T12:21:45.086+0000] {dagbag.py:537} INFO - Filling up the DagBag from /home/airflow/.local/lib/python3.7/site-packages/airflow/example_dags/tutorial.py
[2024-07-31T12:21:45.128+0000] {processor.py:766} INFO - DAG(s) dict_keys(['tutorial']) retrieved from /home/airflow/.local/lib/python3.7/site-packages/airflow/example_dags/tutorial.py
[2024-07-31T12:21:45.255+0000] {logging_mixin.py:120} INFO - [2024-07-31T12:21:45.255+0000] {dag.py:2585} INFO - Sync 1 DAGs
[2024-07-31T12:21:45.366+0000] {logging_mixin.py:120} INFO - [2024-07-31T12:21:45.365+0000] {dag.py:3340} INFO - Setting next_dagrun for tutorial to 2024-07-30T12:21:45.365446+00:00, run_after=2024-07-31T12:21:45.365446+00:00
[2024-07-31T12:21:45.488+0000] {processor.py:176} INFO - Processing /home/airflow/.local/lib/python3.7/site-packages/airflow/example_dags/tutorial.py took 0.470 seconds
[2024-07-31T12:22:15.693+0000] {processor.py:154} INFO - Started process (PID=1205) to work on /home/airflow/.local/lib/python3.7/site-packages/airflow/example_dags/tutorial.py
[2024-07-31T12:22:15.694+0000] {processor.py:756} INFO - Processing file /home/airflow/.local/lib/python3.7/site-packages/airflow/example_dags/tutorial.py for tasks to queue
[2024-07-31T12:22:15.695+0000] {logging_mixin.py:120} INFO - [2024-07-31T12:22:15.695+0000] {dagbag.py:537} INFO - Filling up the DagBag from /home/airflow/.local/lib/python3.7/site-packages/airflow/example_dags/tutorial.py
[2024-07-31T12:22:15.710+0000] {processor.py:766} INFO - DAG(s) dict_keys(['tutorial']) retrieved from /home/airflow/.local/lib/python3.7/site-packages/airflow/example_dags/tutorial.py
[2024-07-31T12:22:15.754+0000] {logging_mixin.py:120} INFO - [2024-07-31T12:22:15.754+0000] {dag.py:2585} INFO - Sync 1 DAGs
[2024-07-31T12:22:15.781+0000] {logging_mixin.py:120} INFO - [2024-07-31T12:22:15.781+0000] {dag.py:3340} INFO - Setting next_dagrun for tutorial to 2024-07-30T12:22:15.781314+00:00, run_after=2024-07-31T12:22:15.781314+00:00
[2024-07-31T12:22:15.808+0000] {processor.py:176} INFO - Processing /home/airflow/.local/lib/python3.7/site-packages/airflow/example_dags/tutorial.py took 0.118 seconds
[2024-07-31T12:22:45.946+0000] {processor.py:154} INFO - Started process (PID=1269) to work on /home/airflow/.local/lib/python3.7/site-packages/airflow/example_dags/tutorial.py
[2024-07-31T12:22:45.948+0000] {processor.py:756} INFO - Processing file /home/airflow/.local/lib/python3.7/site-packages/airflow/example_dags/tutorial.py for tasks to queue
[2024-07-31T12:22:45.949+0000] {logging_mixin.py:120} INFO - [2024-07-31T12:22:45.949+0000] {dagbag.py:537} INFO - Filling up the DagBag from /home/airflow/.local/lib/python3.7/site-packages/airflow/example_dags/tutorial.py
[2024-07-31T12:22:45.965+0000] {processor.py:766} INFO - DAG(s) dict_keys(['tutorial']) retrieved from /home/airflow/.local/lib/python3.7/site-packages/airflow/example_dags/tutorial.py
[2024-07-31T12:22:46.009+0000] {logging_mixin.py:120} INFO - [2024-07-31T12:22:46.009+0000] {dag.py:2585} INFO - Sync 1 DAGs
[2024-07-31T12:22:46.049+0000] {logging_mixin.py:120} INFO - [2024-07-31T12:22:46.049+0000] {dag.py:3340} INFO - Setting next_dagrun for tutorial to 2024-07-30T12:22:46.048987+00:00, run_after=2024-07-31T12:22:46.048987+00:00
[2024-07-31T12:22:46.076+0000] {processor.py:176} INFO - Processing /home/airflow/.local/lib/python3.7/site-packages/airflow/example_dags/tutorial.py took 0.134 seconds
[2024-07-31T12:23:16.173+0000] {processor.py:154} INFO - Started process (PID=1323) to work on /home/airflow/.local/lib/python3.7/site-packages/airflow/example_dags/tutorial.py
[2024-07-31T12:23:16.174+0000] {processor.py:756} INFO - Processing file /home/airflow/.local/lib/python3.7/site-packages/airflow/example_dags/tutorial.py for tasks to queue
[2024-07-31T12:23:16.175+0000] {logging_mixin.py:120} INFO - [2024-07-31T12:23:16.175+0000] {dagbag.py:537} INFO - Filling up the DagBag from /home/airflow/.local/lib/python3.7/site-packages/airflow/example_dags/tutorial.py
[2024-07-31T12:23:16.192+0000] {processor.py:766} INFO - DAG(s) dict_keys(['tutorial']) retrieved from /home/airflow/.local/lib/python3.7/site-packages/airflow/example_dags/tutorial.py
[2024-07-31T12:23:16.250+0000] {logging_mixin.py:120} INFO - [2024-07-31T12:23:16.250+0000] {dag.py:2585} INFO - Sync 1 DAGs
[2024-07-31T12:23:16.281+0000] {logging_mixin.py:120} INFO - [2024-07-31T12:23:16.281+0000] {dag.py:3340} INFO - Setting next_dagrun for tutorial to 2024-07-30T12:23:16.281120+00:00, run_after=2024-07-31T12:23:16.281120+00:00
[2024-07-31T12:23:16.307+0000] {processor.py:176} INFO - Processing /home/airflow/.local/lib/python3.7/site-packages/airflow/example_dags/tutorial.py took 0.138 seconds
[2024-07-31T12:23:46.942+0000] {processor.py:154} INFO - Started process (PID=1386) to work on /home/airflow/.local/lib/python3.7/site-packages/airflow/example_dags/tutorial.py
[2024-07-31T12:23:46.943+0000] {processor.py:756} INFO - Processing file /home/airflow/.local/lib/python3.7/site-packages/airflow/example_dags/tutorial.py for tasks to queue
[2024-07-31T12:23:46.945+0000] {logging_mixin.py:120} INFO - [2024-07-31T12:23:46.945+0000] {dagbag.py:537} INFO - Filling up the DagBag from /home/airflow/.local/lib/python3.7/site-packages/airflow/example_dags/tutorial.py
[2024-07-31T12:23:46.959+0000] {processor.py:766} INFO - DAG(s) dict_keys(['tutorial']) retrieved from /home/airflow/.local/lib/python3.7/site-packages/airflow/example_dags/tutorial.py
[2024-07-31T12:23:47.004+0000] {logging_mixin.py:120} INFO - [2024-07-31T12:23:47.003+0000] {dag.py:2585} INFO - Sync 1 DAGs
[2024-07-31T12:23:47.042+0000] {logging_mixin.py:120} INFO - [2024-07-31T12:23:47.042+0000] {dag.py:3340} INFO - Setting next_dagrun for tutorial to 2024-07-30T12:23:47.041982+00:00, run_after=2024-07-31T12:23:47.041982+00:00
[2024-07-31T12:23:47.067+0000] {processor.py:176} INFO - Processing /home/airflow/.local/lib/python3.7/site-packages/airflow/example_dags/tutorial.py took 0.128 seconds
[2024-07-31T12:24:18.295+0000] {processor.py:154} INFO - Started process (PID=1439) to work on /home/airflow/.local/lib/python3.7/site-packages/airflow/example_dags/tutorial.py
[2024-07-31T12:24:18.297+0000] {processor.py:756} INFO - Processing file /home/airflow/.local/lib/python3.7/site-packages/airflow/example_dags/tutorial.py for tasks to queue
[2024-07-31T12:24:18.299+0000] {logging_mixin.py:120} INFO - [2024-07-31T12:24:18.299+0000] {dagbag.py:537} INFO - Filling up the DagBag from /home/airflow/.local/lib/python3.7/site-packages/airflow/example_dags/tutorial.py
[2024-07-31T12:24:18.317+0000] {processor.py:766} INFO - DAG(s) dict_keys(['tutorial']) retrieved from /home/airflow/.local/lib/python3.7/site-packages/airflow/example_dags/tutorial.py
[2024-07-31T12:24:18.357+0000] {logging_mixin.py:120} INFO - [2024-07-31T12:24:18.357+0000] {dag.py:2585} INFO - Sync 1 DAGs
[2024-07-31T12:24:18.384+0000] {logging_mixin.py:120} INFO - [2024-07-31T12:24:18.384+0000] {dag.py:3340} INFO - Setting next_dagrun for tutorial to 2024-07-30T12:24:18.384263+00:00, run_after=2024-07-31T12:24:18.384263+00:00
[2024-07-31T12:24:18.408+0000] {processor.py:176} INFO - Processing /home/airflow/.local/lib/python3.7/site-packages/airflow/example_dags/tutorial.py took 0.117 seconds
[2024-07-31T12:24:48.742+0000] {processor.py:154} INFO - Started process (PID=1501) to work on /home/airflow/.local/lib/python3.7/site-packages/airflow/example_dags/tutorial.py
[2024-07-31T12:24:48.749+0000] {processor.py:756} INFO - Processing file /home/airflow/.local/lib/python3.7/site-packages/airflow/example_dags/tutorial.py for tasks to queue
[2024-07-31T12:24:48.752+0000] {logging_mixin.py:120} INFO - [2024-07-31T12:24:48.752+0000] {dagbag.py:537} INFO - Filling up the DagBag from /home/airflow/.local/lib/python3.7/site-packages/airflow/example_dags/tutorial.py
[2024-07-31T12:24:48.770+0000] {processor.py:766} INFO - DAG(s) dict_keys(['tutorial']) retrieved from /home/airflow/.local/lib/python3.7/site-packages/airflow/example_dags/tutorial.py
[2024-07-31T12:24:48.820+0000] {logging_mixin.py:120} INFO - [2024-07-31T12:24:48.819+0000] {dag.py:2585} INFO - Sync 1 DAGs
[2024-07-31T12:24:48.849+0000] {logging_mixin.py:120} INFO - [2024-07-31T12:24:48.849+0000] {dag.py:3340} INFO - Setting next_dagrun for tutorial to 2024-07-30T12:24:48.849119+00:00, run_after=2024-07-31T12:24:48.849119+00:00
[2024-07-31T12:24:48.873+0000] {processor.py:176} INFO - Processing /home/airflow/.local/lib/python3.7/site-packages/airflow/example_dags/tutorial.py took 0.135 seconds
[2024-07-31T12:25:19.419+0000] {processor.py:154} INFO - Started process (PID=1564) to work on /home/airflow/.local/lib/python3.7/site-packages/airflow/example_dags/tutorial.py
[2024-07-31T12:25:19.421+0000] {processor.py:756} INFO - Processing file /home/airflow/.local/lib/python3.7/site-packages/airflow/example_dags/tutorial.py for tasks to queue
[2024-07-31T12:25:19.423+0000] {logging_mixin.py:120} INFO - [2024-07-31T12:25:19.423+0000] {dagbag.py:537} INFO - Filling up the DagBag from /home/airflow/.local/lib/python3.7/site-packages/airflow/example_dags/tutorial.py
[2024-07-31T12:25:19.447+0000] {processor.py:766} INFO - DAG(s) dict_keys(['tutorial']) retrieved from /home/airflow/.local/lib/python3.7/site-packages/airflow/example_dags/tutorial.py
[2024-07-31T12:25:19.519+0000] {logging_mixin.py:120} INFO - [2024-07-31T12:25:19.519+0000] {dag.py:2585} INFO - Sync 1 DAGs
[2024-07-31T12:25:19.564+0000] {logging_mixin.py:120} INFO - [2024-07-31T12:25:19.564+0000] {dag.py:3340} INFO - Setting next_dagrun for tutorial to 2024-07-30T12:25:19.563697+00:00, run_after=2024-07-31T12:25:19.563697+00:00
[2024-07-31T12:25:19.606+0000] {processor.py:176} INFO - Processing /home/airflow/.local/lib/python3.7/site-packages/airflow/example_dags/tutorial.py took 0.193 seconds
[2024-07-31T12:25:50.464+0000] {processor.py:154} INFO - Started process (PID=1618) to work on /home/airflow/.local/lib/python3.7/site-packages/airflow/example_dags/tutorial.py
[2024-07-31T12:25:50.465+0000] {processor.py:756} INFO - Processing file /home/airflow/.local/lib/python3.7/site-packages/airflow/example_dags/tutorial.py for tasks to queue
[2024-07-31T12:25:50.466+0000] {logging_mixin.py:120} INFO - [2024-07-31T12:25:50.466+0000] {dagbag.py:537} INFO - Filling up the DagBag from /home/airflow/.local/lib/python3.7/site-packages/airflow/example_dags/tutorial.py
[2024-07-31T12:25:50.482+0000] {processor.py:766} INFO - DAG(s) dict_keys(['tutorial']) retrieved from /home/airflow/.local/lib/python3.7/site-packages/airflow/example_dags/tutorial.py
[2024-07-31T12:25:50.537+0000] {logging_mixin.py:120} INFO - [2024-07-31T12:25:50.537+0000] {dag.py:2585} INFO - Sync 1 DAGs
[2024-07-31T12:25:50.563+0000] {logging_mixin.py:120} INFO - [2024-07-31T12:25:50.563+0000] {dag.py:3340} INFO - Setting next_dagrun for tutorial to 2024-07-30T12:25:50.563262+00:00, run_after=2024-07-31T12:25:50.563262+00:00
[2024-07-31T12:25:50.585+0000] {processor.py:176} INFO - Processing /home/airflow/.local/lib/python3.7/site-packages/airflow/example_dags/tutorial.py took 0.125 seconds
[2024-07-31T12:26:21.336+0000] {processor.py:154} INFO - Started process (PID=1681) to work on /home/airflow/.local/lib/python3.7/site-packages/airflow/example_dags/tutorial.py
[2024-07-31T12:26:21.337+0000] {processor.py:756} INFO - Processing file /home/airflow/.local/lib/python3.7/site-packages/airflow/example_dags/tutorial.py for tasks to queue
[2024-07-31T12:26:21.339+0000] {logging_mixin.py:120} INFO - [2024-07-31T12:26:21.338+0000] {dagbag.py:537} INFO - Filling up the DagBag from /home/airflow/.local/lib/python3.7/site-packages/airflow/example_dags/tutorial.py
[2024-07-31T12:26:21.358+0000] {processor.py:766} INFO - DAG(s) dict_keys(['tutorial']) retrieved from /home/airflow/.local/lib/python3.7/site-packages/airflow/example_dags/tutorial.py
[2024-07-31T12:26:21.406+0000] {logging_mixin.py:120} INFO - [2024-07-31T12:26:21.406+0000] {dag.py:2585} INFO - Sync 1 DAGs
[2024-07-31T12:26:21.435+0000] {logging_mixin.py:120} INFO - [2024-07-31T12:26:21.435+0000] {dag.py:3340} INFO - Setting next_dagrun for tutorial to 2024-07-30T12:26:21.435304+00:00, run_after=2024-07-31T12:26:21.435304+00:00
[2024-07-31T12:26:21.461+0000] {processor.py:176} INFO - Processing /home/airflow/.local/lib/python3.7/site-packages/airflow/example_dags/tutorial.py took 0.130 seconds
[2024-07-31T12:26:52.085+0000] {processor.py:154} INFO - Started process (PID=1742) to work on /home/airflow/.local/lib/python3.7/site-packages/airflow/example_dags/tutorial.py
[2024-07-31T12:26:52.087+0000] {processor.py:756} INFO - Processing file /home/airflow/.local/lib/python3.7/site-packages/airflow/example_dags/tutorial.py for tasks to queue
[2024-07-31T12:26:52.088+0000] {logging_mixin.py:120} INFO - [2024-07-31T12:26:52.088+0000] {dagbag.py:537} INFO - Filling up the DagBag from /home/airflow/.local/lib/python3.7/site-packages/airflow/example_dags/tutorial.py
[2024-07-31T12:26:52.105+0000] {processor.py:766} INFO - DAG(s) dict_keys(['tutorial']) retrieved from /home/airflow/.local/lib/python3.7/site-packages/airflow/example_dags/tutorial.py
[2024-07-31T12:26:52.167+0000] {logging_mixin.py:120} INFO - [2024-07-31T12:26:52.166+0000] {dag.py:2585} INFO - Sync 1 DAGs
[2024-07-31T12:26:52.218+0000] {logging_mixin.py:120} INFO - [2024-07-31T12:26:52.217+0000] {dag.py:3340} INFO - Setting next_dagrun for tutorial to 2024-07-30T12:26:52.217674+00:00, run_after=2024-07-31T12:26:52.217674+00:00
[2024-07-31T12:26:52.266+0000] {processor.py:176} INFO - Processing /home/airflow/.local/lib/python3.7/site-packages/airflow/example_dags/tutorial.py took 0.184 seconds
[2024-07-31T12:27:28.274+0000] {processor.py:154} INFO - Started process (PID=1808) to work on /home/airflow/.local/lib/python3.7/site-packages/airflow/example_dags/tutorial.py
[2024-07-31T12:27:28.279+0000] {processor.py:756} INFO - Processing file /home/airflow/.local/lib/python3.7/site-packages/airflow/example_dags/tutorial.py for tasks to queue
[2024-07-31T12:27:28.281+0000] {logging_mixin.py:120} INFO - [2024-07-31T12:27:28.280+0000] {dagbag.py:537} INFO - Filling up the DagBag from /home/airflow/.local/lib/python3.7/site-packages/airflow/example_dags/tutorial.py
[2024-07-31T12:27:28.303+0000] {processor.py:766} INFO - DAG(s) dict_keys(['tutorial']) retrieved from /home/airflow/.local/lib/python3.7/site-packages/airflow/example_dags/tutorial.py
[2024-07-31T12:27:28.355+0000] {logging_mixin.py:120} INFO - [2024-07-31T12:27:28.355+0000] {dag.py:2585} INFO - Sync 1 DAGs
[2024-07-31T12:27:28.403+0000] {logging_mixin.py:120} INFO - [2024-07-31T12:27:28.403+0000] {dag.py:3340} INFO - Setting next_dagrun for tutorial to 2024-07-30T12:27:28.403216+00:00, run_after=2024-07-31T12:27:28.403216+00:00
[2024-07-31T12:27:28.530+0000] {processor.py:176} INFO - Processing /home/airflow/.local/lib/python3.7/site-packages/airflow/example_dags/tutorial.py took 0.259 seconds
[2024-07-31T12:27:59.472+0000] {processor.py:154} INFO - Started process (PID=1862) to work on /home/airflow/.local/lib/python3.7/site-packages/airflow/example_dags/tutorial.py
[2024-07-31T12:27:59.474+0000] {processor.py:756} INFO - Processing file /home/airflow/.local/lib/python3.7/site-packages/airflow/example_dags/tutorial.py for tasks to queue
[2024-07-31T12:27:59.476+0000] {logging_mixin.py:120} INFO - [2024-07-31T12:27:59.476+0000] {dagbag.py:537} INFO - Filling up the DagBag from /home/airflow/.local/lib/python3.7/site-packages/airflow/example_dags/tutorial.py
[2024-07-31T12:27:59.504+0000] {processor.py:766} INFO - DAG(s) dict_keys(['tutorial']) retrieved from /home/airflow/.local/lib/python3.7/site-packages/airflow/example_dags/tutorial.py
[2024-07-31T12:27:59.629+0000] {logging_mixin.py:120} INFO - [2024-07-31T12:27:59.629+0000] {dag.py:2585} INFO - Sync 1 DAGs
[2024-07-31T12:27:59.712+0000] {logging_mixin.py:120} INFO - [2024-07-31T12:27:59.711+0000] {dag.py:3340} INFO - Setting next_dagrun for tutorial to 2024-07-30T12:27:59.711607+00:00, run_after=2024-07-31T12:27:59.711607+00:00
[2024-07-31T12:27:59.837+0000] {processor.py:176} INFO - Processing /home/airflow/.local/lib/python3.7/site-packages/airflow/example_dags/tutorial.py took 0.368 seconds
[2024-07-31T12:28:30.438+0000] {processor.py:154} INFO - Started process (PID=1926) to work on /home/airflow/.local/lib/python3.7/site-packages/airflow/example_dags/tutorial.py
[2024-07-31T12:28:30.439+0000] {processor.py:756} INFO - Processing file /home/airflow/.local/lib/python3.7/site-packages/airflow/example_dags/tutorial.py for tasks to queue
[2024-07-31T12:28:30.441+0000] {logging_mixin.py:120} INFO - [2024-07-31T12:28:30.440+0000] {dagbag.py:537} INFO - Filling up the DagBag from /home/airflow/.local/lib/python3.7/site-packages/airflow/example_dags/tutorial.py
[2024-07-31T12:28:30.461+0000] {processor.py:766} INFO - DAG(s) dict_keys(['tutorial']) retrieved from /home/airflow/.local/lib/python3.7/site-packages/airflow/example_dags/tutorial.py
[2024-07-31T12:28:30.513+0000] {logging_mixin.py:120} INFO - [2024-07-31T12:28:30.513+0000] {dag.py:2585} INFO - Sync 1 DAGs
[2024-07-31T12:28:30.543+0000] {logging_mixin.py:120} INFO - [2024-07-31T12:28:30.543+0000] {dag.py:3340} INFO - Setting next_dagrun for tutorial to 2024-07-30T12:28:30.543213+00:00, run_after=2024-07-31T12:28:30.543213+00:00
[2024-07-31T12:28:30.578+0000] {processor.py:176} INFO - Processing /home/airflow/.local/lib/python3.7/site-packages/airflow/example_dags/tutorial.py took 0.144 seconds
[2024-07-31T12:29:00.913+0000] {processor.py:154} INFO - Started process (PID=1980) to work on /home/airflow/.local/lib/python3.7/site-packages/airflow/example_dags/tutorial.py
[2024-07-31T12:29:00.914+0000] {processor.py:756} INFO - Processing file /home/airflow/.local/lib/python3.7/site-packages/airflow/example_dags/tutorial.py for tasks to queue
[2024-07-31T12:29:00.919+0000] {logging_mixin.py:120} INFO - [2024-07-31T12:29:00.919+0000] {dagbag.py:537} INFO - Filling up the DagBag from /home/airflow/.local/lib/python3.7/site-packages/airflow/example_dags/tutorial.py
[2024-07-31T12:29:00.943+0000] {processor.py:766} INFO - DAG(s) dict_keys(['tutorial']) retrieved from /home/airflow/.local/lib/python3.7/site-packages/airflow/example_dags/tutorial.py
[2024-07-31T12:29:00.994+0000] {logging_mixin.py:120} INFO - [2024-07-31T12:29:00.993+0000] {dag.py:2585} INFO - Sync 1 DAGs
[2024-07-31T12:29:01.021+0000] {logging_mixin.py:120} INFO - [2024-07-31T12:29:01.021+0000] {dag.py:3340} INFO - Setting next_dagrun for tutorial to 2024-07-30T12:29:01.020947+00:00, run_after=2024-07-31T12:29:01.020947+00:00
[2024-07-31T12:29:01.047+0000] {processor.py:176} INFO - Processing /home/airflow/.local/lib/python3.7/site-packages/airflow/example_dags/tutorial.py took 0.139 seconds
[2024-07-31T12:29:31.389+0000] {processor.py:154} INFO - Started process (PID=2043) to work on /home/airflow/.local/lib/python3.7/site-packages/airflow/example_dags/tutorial.py
[2024-07-31T12:29:31.391+0000] {processor.py:756} INFO - Processing file /home/airflow/.local/lib/python3.7/site-packages/airflow/example_dags/tutorial.py for tasks to queue
[2024-07-31T12:29:31.392+0000] {logging_mixin.py:120} INFO - [2024-07-31T12:29:31.392+0000] {dagbag.py:537} INFO - Filling up the DagBag from /home/airflow/.local/lib/python3.7/site-packages/airflow/example_dags/tutorial.py
[2024-07-31T12:29:31.425+0000] {processor.py:766} INFO - DAG(s) dict_keys(['tutorial']) retrieved from /home/airflow/.local/lib/python3.7/site-packages/airflow/example_dags/tutorial.py
[2024-07-31T12:29:31.484+0000] {logging_mixin.py:120} INFO - [2024-07-31T12:29:31.484+0000] {dag.py:2585} INFO - Sync 1 DAGs
[2024-07-31T12:29:31.513+0000] {logging_mixin.py:120} INFO - [2024-07-31T12:29:31.513+0000] {dag.py:3340} INFO - Setting next_dagrun for tutorial to 2024-07-30T12:29:31.513203+00:00, run_after=2024-07-31T12:29:31.513203+00:00
[2024-07-31T12:29:31.537+0000] {processor.py:176} INFO - Processing /home/airflow/.local/lib/python3.7/site-packages/airflow/example_dags/tutorial.py took 0.150 seconds
[2024-07-31T12:30:01.961+0000] {processor.py:154} INFO - Started process (PID=2105) to work on /home/airflow/.local/lib/python3.7/site-packages/airflow/example_dags/tutorial.py
[2024-07-31T12:30:01.966+0000] {processor.py:756} INFO - Processing file /home/airflow/.local/lib/python3.7/site-packages/airflow/example_dags/tutorial.py for tasks to queue
[2024-07-31T12:30:01.967+0000] {logging_mixin.py:120} INFO - [2024-07-31T12:30:01.967+0000] {dagbag.py:537} INFO - Filling up the DagBag from /home/airflow/.local/lib/python3.7/site-packages/airflow/example_dags/tutorial.py
[2024-07-31T12:30:01.990+0000] {processor.py:766} INFO - DAG(s) dict_keys(['tutorial']) retrieved from /home/airflow/.local/lib/python3.7/site-packages/airflow/example_dags/tutorial.py
[2024-07-31T12:30:02.055+0000] {logging_mixin.py:120} INFO - [2024-07-31T12:30:02.053+0000] {dag.py:2585} INFO - Sync 1 DAGs
[2024-07-31T12:30:02.105+0000] {logging_mixin.py:120} INFO - [2024-07-31T12:30:02.105+0000] {dag.py:3340} INFO - Setting next_dagrun for tutorial to 2024-07-30T12:30:02.102789+00:00, run_after=2024-07-31T12:30:02.102789+00:00
[2024-07-31T12:30:02.152+0000] {processor.py:176} INFO - Processing /home/airflow/.local/lib/python3.7/site-packages/airflow/example_dags/tutorial.py took 0.194 seconds
[2024-07-31T12:30:32.372+0000] {processor.py:154} INFO - Started process (PID=2161) to work on /home/airflow/.local/lib/python3.7/site-packages/airflow/example_dags/tutorial.py
[2024-07-31T12:30:32.373+0000] {processor.py:756} INFO - Processing file /home/airflow/.local/lib/python3.7/site-packages/airflow/example_dags/tutorial.py for tasks to queue
[2024-07-31T12:30:32.374+0000] {logging_mixin.py:120} INFO - [2024-07-31T12:30:32.374+0000] {dagbag.py:537} INFO - Filling up the DagBag from /home/airflow/.local/lib/python3.7/site-packages/airflow/example_dags/tutorial.py
[2024-07-31T12:30:32.398+0000] {processor.py:766} INFO - DAG(s) dict_keys(['tutorial']) retrieved from /home/airflow/.local/lib/python3.7/site-packages/airflow/example_dags/tutorial.py
[2024-07-31T12:30:32.439+0000] {logging_mixin.py:120} INFO - [2024-07-31T12:30:32.439+0000] {dag.py:2585} INFO - Sync 1 DAGs
[2024-07-31T12:30:32.536+0000] {logging_mixin.py:120} INFO - [2024-07-31T12:30:32.535+0000] {dag.py:3340} INFO - Setting next_dagrun for tutorial to 2024-07-30T12:30:32.535674+00:00, run_after=2024-07-31T12:30:32.535674+00:00
[2024-07-31T12:30:32.566+0000] {processor.py:176} INFO - Processing /home/airflow/.local/lib/python3.7/site-packages/airflow/example_dags/tutorial.py took 0.198 seconds
[2024-07-31T12:31:02.819+0000] {processor.py:154} INFO - Started process (PID=2222) to work on /home/airflow/.local/lib/python3.7/site-packages/airflow/example_dags/tutorial.py
[2024-07-31T12:31:02.823+0000] {processor.py:756} INFO - Processing file /home/airflow/.local/lib/python3.7/site-packages/airflow/example_dags/tutorial.py for tasks to queue
[2024-07-31T12:31:02.825+0000] {logging_mixin.py:120} INFO - [2024-07-31T12:31:02.824+0000] {dagbag.py:537} INFO - Filling up the DagBag from /home/airflow/.local/lib/python3.7/site-packages/airflow/example_dags/tutorial.py
[2024-07-31T12:31:02.852+0000] {processor.py:766} INFO - DAG(s) dict_keys(['tutorial']) retrieved from /home/airflow/.local/lib/python3.7/site-packages/airflow/example_dags/tutorial.py
[2024-07-31T12:31:02.889+0000] {logging_mixin.py:120} INFO - [2024-07-31T12:31:02.889+0000] {dag.py:2585} INFO - Sync 1 DAGs
[2024-07-31T12:31:02.939+0000] {logging_mixin.py:120} INFO - [2024-07-31T12:31:02.939+0000] {dag.py:3340} INFO - Setting next_dagrun for tutorial to 2024-07-30T12:31:02.939106+00:00, run_after=2024-07-31T12:31:02.939106+00:00
[2024-07-31T12:31:02.965+0000] {processor.py:176} INFO - Processing /home/airflow/.local/lib/python3.7/site-packages/airflow/example_dags/tutorial.py took 0.150 seconds
[2024-07-31T12:31:34.200+0000] {processor.py:154} INFO - Started process (PID=2284) to work on /home/airflow/.local/lib/python3.7/site-packages/airflow/example_dags/tutorial.py
[2024-07-31T12:31:34.202+0000] {processor.py:756} INFO - Processing file /home/airflow/.local/lib/python3.7/site-packages/airflow/example_dags/tutorial.py for tasks to queue
[2024-07-31T12:31:34.203+0000] {logging_mixin.py:120} INFO - [2024-07-31T12:31:34.203+0000] {dagbag.py:537} INFO - Filling up the DagBag from /home/airflow/.local/lib/python3.7/site-packages/airflow/example_dags/tutorial.py
[2024-07-31T12:31:34.222+0000] {processor.py:766} INFO - DAG(s) dict_keys(['tutorial']) retrieved from /home/airflow/.local/lib/python3.7/site-packages/airflow/example_dags/tutorial.py
[2024-07-31T12:31:34.285+0000] {logging_mixin.py:120} INFO - [2024-07-31T12:31:34.285+0000] {dag.py:2585} INFO - Sync 1 DAGs
[2024-07-31T12:31:34.318+0000] {logging_mixin.py:120} INFO - [2024-07-31T12:31:34.318+0000] {dag.py:3340} INFO - Setting next_dagrun for tutorial to 2024-07-30T12:31:34.317766+00:00, run_after=2024-07-31T12:31:34.317766+00:00
[2024-07-31T12:31:34.353+0000] {processor.py:176} INFO - Processing /home/airflow/.local/lib/python3.7/site-packages/airflow/example_dags/tutorial.py took 0.157 seconds
[2024-07-31T12:32:05.218+0000] {processor.py:154} INFO - Started process (PID=2341) to work on /home/airflow/.local/lib/python3.7/site-packages/airflow/example_dags/tutorial.py
[2024-07-31T12:32:05.219+0000] {processor.py:756} INFO - Processing file /home/airflow/.local/lib/python3.7/site-packages/airflow/example_dags/tutorial.py for tasks to queue
[2024-07-31T12:32:05.222+0000] {logging_mixin.py:120} INFO - [2024-07-31T12:32:05.221+0000] {dagbag.py:537} INFO - Filling up the DagBag from /home/airflow/.local/lib/python3.7/site-packages/airflow/example_dags/tutorial.py
[2024-07-31T12:32:05.236+0000] {processor.py:766} INFO - DAG(s) dict_keys(['tutorial']) retrieved from /home/airflow/.local/lib/python3.7/site-packages/airflow/example_dags/tutorial.py
[2024-07-31T12:32:05.301+0000] {logging_mixin.py:120} INFO - [2024-07-31T12:32:05.300+0000] {dag.py:2585} INFO - Sync 1 DAGs
[2024-07-31T12:32:05.337+0000] {logging_mixin.py:120} INFO - [2024-07-31T12:32:05.337+0000] {dag.py:3340} INFO - Setting next_dagrun for tutorial to 2024-07-30T12:32:05.336662+00:00, run_after=2024-07-31T12:32:05.336662+00:00
[2024-07-31T12:32:05.373+0000] {processor.py:176} INFO - Processing /home/airflow/.local/lib/python3.7/site-packages/airflow/example_dags/tutorial.py took 0.160 seconds
[2024-07-31T12:32:37.439+0000] {processor.py:154} INFO - Started process (PID=2404) to work on /home/airflow/.local/lib/python3.7/site-packages/airflow/example_dags/tutorial.py
[2024-07-31T12:32:37.440+0000] {processor.py:756} INFO - Processing file /home/airflow/.local/lib/python3.7/site-packages/airflow/example_dags/tutorial.py for tasks to queue
[2024-07-31T12:32:37.441+0000] {logging_mixin.py:120} INFO - [2024-07-31T12:32:37.441+0000] {dagbag.py:537} INFO - Filling up the DagBag from /home/airflow/.local/lib/python3.7/site-packages/airflow/example_dags/tutorial.py
[2024-07-31T12:32:37.457+0000] {processor.py:766} INFO - DAG(s) dict_keys(['tutorial']) retrieved from /home/airflow/.local/lib/python3.7/site-packages/airflow/example_dags/tutorial.py
[2024-07-31T12:32:37.531+0000] {logging_mixin.py:120} INFO - [2024-07-31T12:32:37.531+0000] {dag.py:2585} INFO - Sync 1 DAGs
[2024-07-31T12:32:37.584+0000] {logging_mixin.py:120} INFO - [2024-07-31T12:32:37.584+0000] {dag.py:3340} INFO - Setting next_dagrun for tutorial to 2024-07-30T12:32:37.583785+00:00, run_after=2024-07-31T12:32:37.583785+00:00
[2024-07-31T12:32:37.666+0000] {processor.py:176} INFO - Processing /home/airflow/.local/lib/python3.7/site-packages/airflow/example_dags/tutorial.py took 0.231 seconds
[2024-07-31T12:33:08.361+0000] {processor.py:154} INFO - Started process (PID=2458) to work on /home/airflow/.local/lib/python3.7/site-packages/airflow/example_dags/tutorial.py
[2024-07-31T12:33:08.363+0000] {processor.py:756} INFO - Processing file /home/airflow/.local/lib/python3.7/site-packages/airflow/example_dags/tutorial.py for tasks to queue
[2024-07-31T12:33:08.364+0000] {logging_mixin.py:120} INFO - [2024-07-31T12:33:08.364+0000] {dagbag.py:537} INFO - Filling up the DagBag from /home/airflow/.local/lib/python3.7/site-packages/airflow/example_dags/tutorial.py
[2024-07-31T12:33:08.381+0000] {processor.py:766} INFO - DAG(s) dict_keys(['tutorial']) retrieved from /home/airflow/.local/lib/python3.7/site-packages/airflow/example_dags/tutorial.py
[2024-07-31T12:33:08.432+0000] {logging_mixin.py:120} INFO - [2024-07-31T12:33:08.432+0000] {dag.py:2585} INFO - Sync 1 DAGs
[2024-07-31T12:33:08.464+0000] {logging_mixin.py:120} INFO - [2024-07-31T12:33:08.463+0000] {dag.py:3340} INFO - Setting next_dagrun for tutorial to 2024-07-30T12:33:08.463652+00:00, run_after=2024-07-31T12:33:08.463652+00:00
[2024-07-31T12:33:08.495+0000] {processor.py:176} INFO - Processing /home/airflow/.local/lib/python3.7/site-packages/airflow/example_dags/tutorial.py took 0.139 seconds
[2024-07-31T12:33:41.917+0000] {processor.py:154} INFO - Started process (PID=2521) to work on /home/airflow/.local/lib/python3.7/site-packages/airflow/example_dags/tutorial.py
[2024-07-31T12:33:41.919+0000] {processor.py:756} INFO - Processing file /home/airflow/.local/lib/python3.7/site-packages/airflow/example_dags/tutorial.py for tasks to queue
[2024-07-31T12:33:41.920+0000] {logging_mixin.py:120} INFO - [2024-07-31T12:33:41.920+0000] {dagbag.py:537} INFO - Filling up the DagBag from /home/airflow/.local/lib/python3.7/site-packages/airflow/example_dags/tutorial.py
[2024-07-31T12:33:41.940+0000] {processor.py:766} INFO - DAG(s) dict_keys(['tutorial']) retrieved from /home/airflow/.local/lib/python3.7/site-packages/airflow/example_dags/tutorial.py
[2024-07-31T12:33:41.996+0000] {logging_mixin.py:120} INFO - [2024-07-31T12:33:41.996+0000] {dag.py:2585} INFO - Sync 1 DAGs
[2024-07-31T12:33:42.133+0000] {logging_mixin.py:120} INFO - [2024-07-31T12:33:42.132+0000] {dag.py:3340} INFO - Setting next_dagrun for tutorial to 2024-07-30T12:33:42.132714+00:00, run_after=2024-07-31T12:33:42.132714+00:00
[2024-07-31T12:33:42.289+0000] {processor.py:176} INFO - Processing /home/airflow/.local/lib/python3.7/site-packages/airflow/example_dags/tutorial.py took 0.376 seconds
[2024-07-31T12:34:13.061+0000] {processor.py:154} INFO - Started process (PID=2584) to work on /home/airflow/.local/lib/python3.7/site-packages/airflow/example_dags/tutorial.py
[2024-07-31T12:34:13.064+0000] {processor.py:756} INFO - Processing file /home/airflow/.local/lib/python3.7/site-packages/airflow/example_dags/tutorial.py for tasks to queue
[2024-07-31T12:34:13.070+0000] {logging_mixin.py:120} INFO - [2024-07-31T12:34:13.069+0000] {dagbag.py:537} INFO - Filling up the DagBag from /home/airflow/.local/lib/python3.7/site-packages/airflow/example_dags/tutorial.py
[2024-07-31T12:34:13.101+0000] {processor.py:766} INFO - DAG(s) dict_keys(['tutorial']) retrieved from /home/airflow/.local/lib/python3.7/site-packages/airflow/example_dags/tutorial.py
[2024-07-31T12:34:13.231+0000] {logging_mixin.py:120} INFO - [2024-07-31T12:34:13.231+0000] {dag.py:2585} INFO - Sync 1 DAGs
[2024-07-31T12:34:13.296+0000] {logging_mixin.py:120} INFO - [2024-07-31T12:34:13.296+0000] {dag.py:3340} INFO - Setting next_dagrun for tutorial to 2024-07-30T12:34:13.295473+00:00, run_after=2024-07-31T12:34:13.295473+00:00
[2024-07-31T12:34:13.355+0000] {processor.py:176} INFO - Processing /home/airflow/.local/lib/python3.7/site-packages/airflow/example_dags/tutorial.py took 0.301 seconds
[2024-07-31T12:34:44.252+0000] {processor.py:154} INFO - Started process (PID=2638) to work on /home/airflow/.local/lib/python3.7/site-packages/airflow/example_dags/tutorial.py
[2024-07-31T12:34:44.255+0000] {processor.py:756} INFO - Processing file /home/airflow/.local/lib/python3.7/site-packages/airflow/example_dags/tutorial.py for tasks to queue
[2024-07-31T12:34:44.257+0000] {logging_mixin.py:120} INFO - [2024-07-31T12:34:44.257+0000] {dagbag.py:537} INFO - Filling up the DagBag from /home/airflow/.local/lib/python3.7/site-packages/airflow/example_dags/tutorial.py
[2024-07-31T12:34:44.280+0000] {processor.py:766} INFO - DAG(s) dict_keys(['tutorial']) retrieved from /home/airflow/.local/lib/python3.7/site-packages/airflow/example_dags/tutorial.py
[2024-07-31T12:34:44.458+0000] {logging_mixin.py:120} INFO - [2024-07-31T12:34:44.458+0000] {dag.py:2585} INFO - Sync 1 DAGs
[2024-07-31T12:34:44.582+0000] {logging_mixin.py:120} INFO - [2024-07-31T12:34:44.582+0000] {dag.py:3340} INFO - Setting next_dagrun for tutorial to 2024-07-30T12:34:44.581805+00:00, run_after=2024-07-31T12:34:44.581805+00:00
[2024-07-31T12:34:44.712+0000] {processor.py:176} INFO - Processing /home/airflow/.local/lib/python3.7/site-packages/airflow/example_dags/tutorial.py took 0.464 seconds
[2024-07-31T12:35:15.830+0000] {processor.py:154} INFO - Started process (PID=2701) to work on /home/airflow/.local/lib/python3.7/site-packages/airflow/example_dags/tutorial.py
[2024-07-31T12:35:15.831+0000] {processor.py:756} INFO - Processing file /home/airflow/.local/lib/python3.7/site-packages/airflow/example_dags/tutorial.py for tasks to queue
[2024-07-31T12:35:15.833+0000] {logging_mixin.py:120} INFO - [2024-07-31T12:35:15.832+0000] {dagbag.py:537} INFO - Filling up the DagBag from /home/airflow/.local/lib/python3.7/site-packages/airflow/example_dags/tutorial.py
[2024-07-31T12:35:15.850+0000] {processor.py:766} INFO - DAG(s) dict_keys(['tutorial']) retrieved from /home/airflow/.local/lib/python3.7/site-packages/airflow/example_dags/tutorial.py
[2024-07-31T12:35:15.893+0000] {logging_mixin.py:120} INFO - [2024-07-31T12:35:15.893+0000] {dag.py:2585} INFO - Sync 1 DAGs
[2024-07-31T12:35:15.996+0000] {logging_mixin.py:120} INFO - [2024-07-31T12:35:15.996+0000] {dag.py:3340} INFO - Setting next_dagrun for tutorial to 2024-07-30T12:35:15.996577+00:00, run_after=2024-07-31T12:35:15.996577+00:00
[2024-07-31T12:35:16.085+0000] {processor.py:176} INFO - Processing /home/airflow/.local/lib/python3.7/site-packages/airflow/example_dags/tutorial.py took 0.259 seconds
[2024-07-31T12:35:46.873+0000] {processor.py:154} INFO - Started process (PID=2764) to work on /home/airflow/.local/lib/python3.7/site-packages/airflow/example_dags/tutorial.py
[2024-07-31T12:35:46.878+0000] {processor.py:756} INFO - Processing file /home/airflow/.local/lib/python3.7/site-packages/airflow/example_dags/tutorial.py for tasks to queue
[2024-07-31T12:35:46.880+0000] {logging_mixin.py:120} INFO - [2024-07-31T12:35:46.880+0000] {dagbag.py:537} INFO - Filling up the DagBag from /home/airflow/.local/lib/python3.7/site-packages/airflow/example_dags/tutorial.py
[2024-07-31T12:35:46.903+0000] {processor.py:766} INFO - DAG(s) dict_keys(['tutorial']) retrieved from /home/airflow/.local/lib/python3.7/site-packages/airflow/example_dags/tutorial.py
[2024-07-31T12:35:47.059+0000] {logging_mixin.py:120} INFO - [2024-07-31T12:35:47.058+0000] {dag.py:2585} INFO - Sync 1 DAGs
[2024-07-31T12:35:47.254+0000] {logging_mixin.py:120} INFO - [2024-07-31T12:35:47.254+0000] {dag.py:3340} INFO - Setting next_dagrun for tutorial to 2024-07-30T12:35:47.243495+00:00, run_after=2024-07-31T12:35:47.243495+00:00
[2024-07-31T12:35:47.283+0000] {processor.py:176} INFO - Processing /home/airflow/.local/lib/python3.7/site-packages/airflow/example_dags/tutorial.py took 0.414 seconds
[2024-07-31T12:36:17.767+0000] {processor.py:154} INFO - Started process (PID=2819) to work on /home/airflow/.local/lib/python3.7/site-packages/airflow/example_dags/tutorial.py
[2024-07-31T12:36:17.769+0000] {processor.py:756} INFO - Processing file /home/airflow/.local/lib/python3.7/site-packages/airflow/example_dags/tutorial.py for tasks to queue
[2024-07-31T12:36:17.770+0000] {logging_mixin.py:120} INFO - [2024-07-31T12:36:17.770+0000] {dagbag.py:537} INFO - Filling up the DagBag from /home/airflow/.local/lib/python3.7/site-packages/airflow/example_dags/tutorial.py
[2024-07-31T12:36:17.788+0000] {processor.py:766} INFO - DAG(s) dict_keys(['tutorial']) retrieved from /home/airflow/.local/lib/python3.7/site-packages/airflow/example_dags/tutorial.py
[2024-07-31T12:36:17.836+0000] {logging_mixin.py:120} INFO - [2024-07-31T12:36:17.835+0000] {dag.py:2585} INFO - Sync 1 DAGs
[2024-07-31T12:36:17.921+0000] {logging_mixin.py:120} INFO - [2024-07-31T12:36:17.921+0000] {dag.py:3340} INFO - Setting next_dagrun for tutorial to 2024-07-30T12:36:17.920830+00:00, run_after=2024-07-31T12:36:17.920830+00:00
[2024-07-31T12:36:18.049+0000] {processor.py:176} INFO - Processing /home/airflow/.local/lib/python3.7/site-packages/airflow/example_dags/tutorial.py took 0.286 seconds
