[2024-07-31T12:12:18.799+0000] {processor.py:154} INFO - Started process (PID=56) to work on /home/airflow/.local/lib/python3.7/site-packages/airflow/example_dags/tutorial_taskflow_api.py
[2024-07-31T12:12:18.803+0000] {processor.py:756} INFO - Processing file /home/airflow/.local/lib/python3.7/site-packages/airflow/example_dags/tutorial_taskflow_api.py for tasks to queue
[2024-07-31T12:12:18.805+0000] {logging_mixin.py:120} INFO - [2024-07-31T12:12:18.805+0000] {dagbag.py:537} INFO - Filling up the DagBag from /home/airflow/.local/lib/python3.7/site-packages/airflow/example_dags/tutorial_taskflow_api.py
[2024-07-31T12:12:18.857+0000] {processor.py:766} INFO - DAG(s) dict_keys(['tutorial_taskflow_api']) retrieved from /home/airflow/.local/lib/python3.7/site-packages/airflow/example_dags/tutorial_taskflow_api.py
[2024-07-31T12:12:19.125+0000] {logging_mixin.py:120} INFO - [2024-07-31T12:12:19.125+0000] {manager.py:507} INFO - Created Permission View: can read on DAG:tutorial_taskflow_api
[2024-07-31T12:12:19.160+0000] {logging_mixin.py:120} INFO - [2024-07-31T12:12:19.159+0000] {manager.py:507} INFO - Created Permission View: can delete on DAG:tutorial_taskflow_api
[2024-07-31T12:12:19.198+0000] {logging_mixin.py:120} INFO - [2024-07-31T12:12:19.197+0000] {manager.py:507} INFO - Created Permission View: can edit on DAG:tutorial_taskflow_api
[2024-07-31T12:12:19.199+0000] {logging_mixin.py:120} INFO - [2024-07-31T12:12:19.199+0000] {dag.py:2585} INFO - Sync 1 DAGs
[2024-07-31T12:12:19.226+0000] {logging_mixin.py:120} INFO - [2024-07-31T12:12:19.226+0000] {dag.py:2606} INFO - Creating ORM DAG for tutorial_taskflow_api
[2024-07-31T12:12:19.246+0000] {logging_mixin.py:120} INFO - [2024-07-31T12:12:19.245+0000] {dag.py:3340} INFO - Setting next_dagrun for tutorial_taskflow_api to None, run_after=None
[2024-07-31T12:12:19.295+0000] {processor.py:176} INFO - Processing /home/airflow/.local/lib/python3.7/site-packages/airflow/example_dags/tutorial_taskflow_api.py took 0.505 seconds
[2024-07-31T12:12:50.119+0000] {processor.py:154} INFO - Started process (PID=110) to work on /home/airflow/.local/lib/python3.7/site-packages/airflow/example_dags/tutorial_taskflow_api.py
[2024-07-31T12:12:50.121+0000] {processor.py:756} INFO - Processing file /home/airflow/.local/lib/python3.7/site-packages/airflow/example_dags/tutorial_taskflow_api.py for tasks to queue
[2024-07-31T12:12:50.122+0000] {logging_mixin.py:120} INFO - [2024-07-31T12:12:50.122+0000] {dagbag.py:537} INFO - Filling up the DagBag from /home/airflow/.local/lib/python3.7/site-packages/airflow/example_dags/tutorial_taskflow_api.py
[2024-07-31T12:12:50.154+0000] {processor.py:766} INFO - DAG(s) dict_keys(['tutorial_taskflow_api']) retrieved from /home/airflow/.local/lib/python3.7/site-packages/airflow/example_dags/tutorial_taskflow_api.py
[2024-07-31T12:12:50.211+0000] {logging_mixin.py:120} INFO - [2024-07-31T12:12:50.211+0000] {dag.py:2585} INFO - Sync 1 DAGs
[2024-07-31T12:12:50.239+0000] {logging_mixin.py:120} INFO - [2024-07-31T12:12:50.239+0000] {dag.py:3340} INFO - Setting next_dagrun for tutorial_taskflow_api to None, run_after=None
[2024-07-31T12:12:50.263+0000] {processor.py:176} INFO - Processing /home/airflow/.local/lib/python3.7/site-packages/airflow/example_dags/tutorial_taskflow_api.py took 0.147 seconds
[2024-07-31T12:13:20.661+0000] {processor.py:154} INFO - Started process (PID=174) to work on /home/airflow/.local/lib/python3.7/site-packages/airflow/example_dags/tutorial_taskflow_api.py
[2024-07-31T12:13:20.663+0000] {processor.py:756} INFO - Processing file /home/airflow/.local/lib/python3.7/site-packages/airflow/example_dags/tutorial_taskflow_api.py for tasks to queue
[2024-07-31T12:13:20.664+0000] {logging_mixin.py:120} INFO - [2024-07-31T12:13:20.664+0000] {dagbag.py:537} INFO - Filling up the DagBag from /home/airflow/.local/lib/python3.7/site-packages/airflow/example_dags/tutorial_taskflow_api.py
[2024-07-31T12:13:20.699+0000] {processor.py:766} INFO - DAG(s) dict_keys(['tutorial_taskflow_api']) retrieved from /home/airflow/.local/lib/python3.7/site-packages/airflow/example_dags/tutorial_taskflow_api.py
[2024-07-31T12:13:20.745+0000] {logging_mixin.py:120} INFO - [2024-07-31T12:13:20.745+0000] {dag.py:2585} INFO - Sync 1 DAGs
[2024-07-31T12:13:20.779+0000] {logging_mixin.py:120} INFO - [2024-07-31T12:13:20.778+0000] {dag.py:3340} INFO - Setting next_dagrun for tutorial_taskflow_api to None, run_after=None
[2024-07-31T12:13:20.876+0000] {processor.py:176} INFO - Processing /home/airflow/.local/lib/python3.7/site-packages/airflow/example_dags/tutorial_taskflow_api.py took 0.218 seconds
[2024-07-31T12:13:51.433+0000] {processor.py:154} INFO - Started process (PID=237) to work on /home/airflow/.local/lib/python3.7/site-packages/airflow/example_dags/tutorial_taskflow_api.py
[2024-07-31T12:13:51.434+0000] {processor.py:756} INFO - Processing file /home/airflow/.local/lib/python3.7/site-packages/airflow/example_dags/tutorial_taskflow_api.py for tasks to queue
[2024-07-31T12:13:51.435+0000] {logging_mixin.py:120} INFO - [2024-07-31T12:13:51.435+0000] {dagbag.py:537} INFO - Filling up the DagBag from /home/airflow/.local/lib/python3.7/site-packages/airflow/example_dags/tutorial_taskflow_api.py
[2024-07-31T12:13:51.465+0000] {processor.py:766} INFO - DAG(s) dict_keys(['tutorial_taskflow_api']) retrieved from /home/airflow/.local/lib/python3.7/site-packages/airflow/example_dags/tutorial_taskflow_api.py
[2024-07-31T12:13:51.543+0000] {logging_mixin.py:120} INFO - [2024-07-31T12:13:51.543+0000] {dag.py:2585} INFO - Sync 1 DAGs
[2024-07-31T12:13:51.600+0000] {logging_mixin.py:120} INFO - [2024-07-31T12:13:51.600+0000] {dag.py:3340} INFO - Setting next_dagrun for tutorial_taskflow_api to None, run_after=None
[2024-07-31T12:13:51.659+0000] {processor.py:176} INFO - Processing /home/airflow/.local/lib/python3.7/site-packages/airflow/example_dags/tutorial_taskflow_api.py took 0.230 seconds
[2024-07-31T12:14:22.053+0000] {processor.py:154} INFO - Started process (PID=292) to work on /home/airflow/.local/lib/python3.7/site-packages/airflow/example_dags/tutorial_taskflow_api.py
[2024-07-31T12:14:22.054+0000] {processor.py:756} INFO - Processing file /home/airflow/.local/lib/python3.7/site-packages/airflow/example_dags/tutorial_taskflow_api.py for tasks to queue
[2024-07-31T12:14:22.055+0000] {logging_mixin.py:120} INFO - [2024-07-31T12:14:22.055+0000] {dagbag.py:537} INFO - Filling up the DagBag from /home/airflow/.local/lib/python3.7/site-packages/airflow/example_dags/tutorial_taskflow_api.py
[2024-07-31T12:14:22.096+0000] {processor.py:766} INFO - DAG(s) dict_keys(['tutorial_taskflow_api']) retrieved from /home/airflow/.local/lib/python3.7/site-packages/airflow/example_dags/tutorial_taskflow_api.py
[2024-07-31T12:14:22.147+0000] {logging_mixin.py:120} INFO - [2024-07-31T12:14:22.146+0000] {dag.py:2585} INFO - Sync 1 DAGs
[2024-07-31T12:14:22.199+0000] {logging_mixin.py:120} INFO - [2024-07-31T12:14:22.199+0000] {dag.py:3340} INFO - Setting next_dagrun for tutorial_taskflow_api to None, run_after=None
[2024-07-31T12:14:22.242+0000] {processor.py:176} INFO - Processing /home/airflow/.local/lib/python3.7/site-packages/airflow/example_dags/tutorial_taskflow_api.py took 0.193 seconds
[2024-07-31T12:14:52.758+0000] {processor.py:154} INFO - Started process (PID=357) to work on /home/airflow/.local/lib/python3.7/site-packages/airflow/example_dags/tutorial_taskflow_api.py
[2024-07-31T12:14:52.759+0000] {processor.py:756} INFO - Processing file /home/airflow/.local/lib/python3.7/site-packages/airflow/example_dags/tutorial_taskflow_api.py for tasks to queue
[2024-07-31T12:14:52.761+0000] {logging_mixin.py:120} INFO - [2024-07-31T12:14:52.760+0000] {dagbag.py:537} INFO - Filling up the DagBag from /home/airflow/.local/lib/python3.7/site-packages/airflow/example_dags/tutorial_taskflow_api.py
[2024-07-31T12:14:52.782+0000] {processor.py:766} INFO - DAG(s) dict_keys(['tutorial_taskflow_api']) retrieved from /home/airflow/.local/lib/python3.7/site-packages/airflow/example_dags/tutorial_taskflow_api.py
[2024-07-31T12:14:52.921+0000] {logging_mixin.py:120} INFO - [2024-07-31T12:14:52.920+0000] {dag.py:2585} INFO - Sync 1 DAGs
[2024-07-31T12:14:53.034+0000] {logging_mixin.py:120} INFO - [2024-07-31T12:14:53.033+0000] {dag.py:3340} INFO - Setting next_dagrun for tutorial_taskflow_api to None, run_after=None
[2024-07-31T12:14:53.125+0000] {processor.py:176} INFO - Processing /home/airflow/.local/lib/python3.7/site-packages/airflow/example_dags/tutorial_taskflow_api.py took 0.371 seconds
[2024-07-31T12:15:24.666+0000] {processor.py:154} INFO - Started process (PID=420) to work on /home/airflow/.local/lib/python3.7/site-packages/airflow/example_dags/tutorial_taskflow_api.py
[2024-07-31T12:15:24.721+0000] {processor.py:756} INFO - Processing file /home/airflow/.local/lib/python3.7/site-packages/airflow/example_dags/tutorial_taskflow_api.py for tasks to queue
[2024-07-31T12:15:24.824+0000] {logging_mixin.py:120} INFO - [2024-07-31T12:15:24.824+0000] {dagbag.py:537} INFO - Filling up the DagBag from /home/airflow/.local/lib/python3.7/site-packages/airflow/example_dags/tutorial_taskflow_api.py
[2024-07-31T12:15:24.912+0000] {processor.py:766} INFO - DAG(s) dict_keys(['tutorial_taskflow_api']) retrieved from /home/airflow/.local/lib/python3.7/site-packages/airflow/example_dags/tutorial_taskflow_api.py
[2024-07-31T12:15:24.954+0000] {logging_mixin.py:120} INFO - [2024-07-31T12:15:24.954+0000] {dag.py:2585} INFO - Sync 1 DAGs
[2024-07-31T12:15:25.052+0000] {logging_mixin.py:120} INFO - [2024-07-31T12:15:25.051+0000] {dag.py:3340} INFO - Setting next_dagrun for tutorial_taskflow_api to None, run_after=None
[2024-07-31T12:15:25.097+0000] {processor.py:176} INFO - Processing /home/airflow/.local/lib/python3.7/site-packages/airflow/example_dags/tutorial_taskflow_api.py took 0.435 seconds
[2024-07-31T12:15:55.673+0000] {processor.py:154} INFO - Started process (PID=474) to work on /home/airflow/.local/lib/python3.7/site-packages/airflow/example_dags/tutorial_taskflow_api.py
[2024-07-31T12:15:55.674+0000] {processor.py:756} INFO - Processing file /home/airflow/.local/lib/python3.7/site-packages/airflow/example_dags/tutorial_taskflow_api.py for tasks to queue
[2024-07-31T12:15:55.676+0000] {logging_mixin.py:120} INFO - [2024-07-31T12:15:55.676+0000] {dagbag.py:537} INFO - Filling up the DagBag from /home/airflow/.local/lib/python3.7/site-packages/airflow/example_dags/tutorial_taskflow_api.py
[2024-07-31T12:15:55.704+0000] {processor.py:766} INFO - DAG(s) dict_keys(['tutorial_taskflow_api']) retrieved from /home/airflow/.local/lib/python3.7/site-packages/airflow/example_dags/tutorial_taskflow_api.py
[2024-07-31T12:15:55.757+0000] {logging_mixin.py:120} INFO - [2024-07-31T12:15:55.757+0000] {dag.py:2585} INFO - Sync 1 DAGs
[2024-07-31T12:15:55.904+0000] {logging_mixin.py:120} INFO - [2024-07-31T12:15:55.904+0000] {dag.py:3340} INFO - Setting next_dagrun for tutorial_taskflow_api to None, run_after=None
[2024-07-31T12:15:56.013+0000] {processor.py:176} INFO - Processing /home/airflow/.local/lib/python3.7/site-packages/airflow/example_dags/tutorial_taskflow_api.py took 0.346 seconds
[2024-07-31T12:16:26.216+0000] {processor.py:154} INFO - Started process (PID=537) to work on /home/airflow/.local/lib/python3.7/site-packages/airflow/example_dags/tutorial_taskflow_api.py
[2024-07-31T12:16:26.219+0000] {processor.py:756} INFO - Processing file /home/airflow/.local/lib/python3.7/site-packages/airflow/example_dags/tutorial_taskflow_api.py for tasks to queue
[2024-07-31T12:16:26.220+0000] {logging_mixin.py:120} INFO - [2024-07-31T12:16:26.220+0000] {dagbag.py:537} INFO - Filling up the DagBag from /home/airflow/.local/lib/python3.7/site-packages/airflow/example_dags/tutorial_taskflow_api.py
[2024-07-31T12:16:26.249+0000] {processor.py:766} INFO - DAG(s) dict_keys(['tutorial_taskflow_api']) retrieved from /home/airflow/.local/lib/python3.7/site-packages/airflow/example_dags/tutorial_taskflow_api.py
[2024-07-31T12:16:26.333+0000] {logging_mixin.py:120} INFO - [2024-07-31T12:16:26.333+0000] {dag.py:2585} INFO - Sync 1 DAGs
[2024-07-31T12:16:26.404+0000] {logging_mixin.py:120} INFO - [2024-07-31T12:16:26.404+0000] {dag.py:3340} INFO - Setting next_dagrun for tutorial_taskflow_api to None, run_after=None
[2024-07-31T12:16:26.434+0000] {processor.py:176} INFO - Processing /home/airflow/.local/lib/python3.7/site-packages/airflow/example_dags/tutorial_taskflow_api.py took 0.221 seconds
[2024-07-31T12:16:57.052+0000] {processor.py:154} INFO - Started process (PID=591) to work on /home/airflow/.local/lib/python3.7/site-packages/airflow/example_dags/tutorial_taskflow_api.py
[2024-07-31T12:16:57.054+0000] {processor.py:756} INFO - Processing file /home/airflow/.local/lib/python3.7/site-packages/airflow/example_dags/tutorial_taskflow_api.py for tasks to queue
[2024-07-31T12:16:57.256+0000] {logging_mixin.py:120} INFO - [2024-07-31T12:16:57.256+0000] {dagbag.py:537} INFO - Filling up the DagBag from /home/airflow/.local/lib/python3.7/site-packages/airflow/example_dags/tutorial_taskflow_api.py
[2024-07-31T12:16:57.619+0000] {processor.py:766} INFO - DAG(s) dict_keys(['tutorial_taskflow_api']) retrieved from /home/airflow/.local/lib/python3.7/site-packages/airflow/example_dags/tutorial_taskflow_api.py
[2024-07-31T12:16:57.723+0000] {logging_mixin.py:120} INFO - [2024-07-31T12:16:57.722+0000] {dag.py:2585} INFO - Sync 1 DAGs
[2024-07-31T12:16:57.781+0000] {logging_mixin.py:120} INFO - [2024-07-31T12:16:57.780+0000] {dag.py:3340} INFO - Setting next_dagrun for tutorial_taskflow_api to None, run_after=None
[2024-07-31T12:16:57.823+0000] {processor.py:176} INFO - Processing /home/airflow/.local/lib/python3.7/site-packages/airflow/example_dags/tutorial_taskflow_api.py took 0.774 seconds
[2024-07-31T12:17:28.499+0000] {processor.py:154} INFO - Started process (PID=653) to work on /home/airflow/.local/lib/python3.7/site-packages/airflow/example_dags/tutorial_taskflow_api.py
[2024-07-31T12:17:28.501+0000] {processor.py:756} INFO - Processing file /home/airflow/.local/lib/python3.7/site-packages/airflow/example_dags/tutorial_taskflow_api.py for tasks to queue
[2024-07-31T12:17:28.502+0000] {logging_mixin.py:120} INFO - [2024-07-31T12:17:28.502+0000] {dagbag.py:537} INFO - Filling up the DagBag from /home/airflow/.local/lib/python3.7/site-packages/airflow/example_dags/tutorial_taskflow_api.py
[2024-07-31T12:17:28.528+0000] {processor.py:766} INFO - DAG(s) dict_keys(['tutorial_taskflow_api']) retrieved from /home/airflow/.local/lib/python3.7/site-packages/airflow/example_dags/tutorial_taskflow_api.py
[2024-07-31T12:17:28.590+0000] {logging_mixin.py:120} INFO - [2024-07-31T12:17:28.590+0000] {dag.py:2585} INFO - Sync 1 DAGs
[2024-07-31T12:17:28.624+0000] {logging_mixin.py:120} INFO - [2024-07-31T12:17:28.623+0000] {dag.py:3340} INFO - Setting next_dagrun for tutorial_taskflow_api to None, run_after=None
[2024-07-31T12:17:28.651+0000] {processor.py:176} INFO - Processing /home/airflow/.local/lib/python3.7/site-packages/airflow/example_dags/tutorial_taskflow_api.py took 0.156 seconds
[2024-07-31T12:17:58.994+0000] {processor.py:154} INFO - Started process (PID=714) to work on /home/airflow/.local/lib/python3.7/site-packages/airflow/example_dags/tutorial_taskflow_api.py
[2024-07-31T12:17:58.996+0000] {processor.py:756} INFO - Processing file /home/airflow/.local/lib/python3.7/site-packages/airflow/example_dags/tutorial_taskflow_api.py for tasks to queue
[2024-07-31T12:17:58.999+0000] {logging_mixin.py:120} INFO - [2024-07-31T12:17:58.998+0000] {dagbag.py:537} INFO - Filling up the DagBag from /home/airflow/.local/lib/python3.7/site-packages/airflow/example_dags/tutorial_taskflow_api.py
[2024-07-31T12:17:59.025+0000] {processor.py:766} INFO - DAG(s) dict_keys(['tutorial_taskflow_api']) retrieved from /home/airflow/.local/lib/python3.7/site-packages/airflow/example_dags/tutorial_taskflow_api.py
[2024-07-31T12:17:59.089+0000] {logging_mixin.py:120} INFO - [2024-07-31T12:17:59.089+0000] {dag.py:2585} INFO - Sync 1 DAGs
[2024-07-31T12:17:59.136+0000] {logging_mixin.py:120} INFO - [2024-07-31T12:17:59.136+0000] {dag.py:3340} INFO - Setting next_dagrun for tutorial_taskflow_api to None, run_after=None
[2024-07-31T12:17:59.176+0000] {processor.py:176} INFO - Processing /home/airflow/.local/lib/python3.7/site-packages/airflow/example_dags/tutorial_taskflow_api.py took 0.187 seconds
[2024-07-31T12:18:30.039+0000] {processor.py:154} INFO - Started process (PID=769) to work on /home/airflow/.local/lib/python3.7/site-packages/airflow/example_dags/tutorial_taskflow_api.py
[2024-07-31T12:18:30.041+0000] {processor.py:756} INFO - Processing file /home/airflow/.local/lib/python3.7/site-packages/airflow/example_dags/tutorial_taskflow_api.py for tasks to queue
[2024-07-31T12:18:30.043+0000] {logging_mixin.py:120} INFO - [2024-07-31T12:18:30.043+0000] {dagbag.py:537} INFO - Filling up the DagBag from /home/airflow/.local/lib/python3.7/site-packages/airflow/example_dags/tutorial_taskflow_api.py
[2024-07-31T12:18:30.080+0000] {processor.py:766} INFO - DAG(s) dict_keys(['tutorial_taskflow_api']) retrieved from /home/airflow/.local/lib/python3.7/site-packages/airflow/example_dags/tutorial_taskflow_api.py
[2024-07-31T12:18:30.286+0000] {logging_mixin.py:120} INFO - [2024-07-31T12:18:30.286+0000] {dag.py:2585} INFO - Sync 1 DAGs
[2024-07-31T12:18:30.326+0000] {logging_mixin.py:120} INFO - [2024-07-31T12:18:30.326+0000] {dag.py:3340} INFO - Setting next_dagrun for tutorial_taskflow_api to None, run_after=None
[2024-07-31T12:18:30.441+0000] {processor.py:176} INFO - Processing /home/airflow/.local/lib/python3.7/site-packages/airflow/example_dags/tutorial_taskflow_api.py took 0.406 seconds
[2024-07-31T12:19:00.858+0000] {processor.py:154} INFO - Started process (PID=832) to work on /home/airflow/.local/lib/python3.7/site-packages/airflow/example_dags/tutorial_taskflow_api.py
[2024-07-31T12:19:00.859+0000] {processor.py:756} INFO - Processing file /home/airflow/.local/lib/python3.7/site-packages/airflow/example_dags/tutorial_taskflow_api.py for tasks to queue
[2024-07-31T12:19:00.860+0000] {logging_mixin.py:120} INFO - [2024-07-31T12:19:00.860+0000] {dagbag.py:537} INFO - Filling up the DagBag from /home/airflow/.local/lib/python3.7/site-packages/airflow/example_dags/tutorial_taskflow_api.py
[2024-07-31T12:19:00.881+0000] {processor.py:766} INFO - DAG(s) dict_keys(['tutorial_taskflow_api']) retrieved from /home/airflow/.local/lib/python3.7/site-packages/airflow/example_dags/tutorial_taskflow_api.py
[2024-07-31T12:19:01.015+0000] {logging_mixin.py:120} INFO - [2024-07-31T12:19:01.015+0000] {dag.py:2585} INFO - Sync 1 DAGs
[2024-07-31T12:19:01.061+0000] {logging_mixin.py:120} INFO - [2024-07-31T12:19:01.061+0000] {dag.py:3340} INFO - Setting next_dagrun for tutorial_taskflow_api to None, run_after=None
[2024-07-31T12:19:01.091+0000] {processor.py:176} INFO - Processing /home/airflow/.local/lib/python3.7/site-packages/airflow/example_dags/tutorial_taskflow_api.py took 0.236 seconds
[2024-07-31T12:19:31.393+0000] {processor.py:154} INFO - Started process (PID=886) to work on /home/airflow/.local/lib/python3.7/site-packages/airflow/example_dags/tutorial_taskflow_api.py
[2024-07-31T12:19:31.394+0000] {processor.py:756} INFO - Processing file /home/airflow/.local/lib/python3.7/site-packages/airflow/example_dags/tutorial_taskflow_api.py for tasks to queue
[2024-07-31T12:19:31.396+0000] {logging_mixin.py:120} INFO - [2024-07-31T12:19:31.396+0000] {dagbag.py:537} INFO - Filling up the DagBag from /home/airflow/.local/lib/python3.7/site-packages/airflow/example_dags/tutorial_taskflow_api.py
[2024-07-31T12:19:31.422+0000] {processor.py:766} INFO - DAG(s) dict_keys(['tutorial_taskflow_api']) retrieved from /home/airflow/.local/lib/python3.7/site-packages/airflow/example_dags/tutorial_taskflow_api.py
[2024-07-31T12:19:31.474+0000] {logging_mixin.py:120} INFO - [2024-07-31T12:19:31.474+0000] {dag.py:2585} INFO - Sync 1 DAGs
[2024-07-31T12:19:31.508+0000] {logging_mixin.py:120} INFO - [2024-07-31T12:19:31.508+0000] {dag.py:3340} INFO - Setting next_dagrun for tutorial_taskflow_api to None, run_after=None
[2024-07-31T12:19:31.539+0000] {processor.py:176} INFO - Processing /home/airflow/.local/lib/python3.7/site-packages/airflow/example_dags/tutorial_taskflow_api.py took 0.150 seconds
[2024-07-31T12:20:03.296+0000] {processor.py:154} INFO - Started process (PID=948) to work on /home/airflow/.local/lib/python3.7/site-packages/airflow/example_dags/tutorial_taskflow_api.py
[2024-07-31T12:20:03.384+0000] {processor.py:756} INFO - Processing file /home/airflow/.local/lib/python3.7/site-packages/airflow/example_dags/tutorial_taskflow_api.py for tasks to queue
[2024-07-31T12:20:03.387+0000] {logging_mixin.py:120} INFO - [2024-07-31T12:20:03.387+0000] {dagbag.py:537} INFO - Filling up the DagBag from /home/airflow/.local/lib/python3.7/site-packages/airflow/example_dags/tutorial_taskflow_api.py
[2024-07-31T12:20:03.427+0000] {processor.py:766} INFO - DAG(s) dict_keys(['tutorial_taskflow_api']) retrieved from /home/airflow/.local/lib/python3.7/site-packages/airflow/example_dags/tutorial_taskflow_api.py
[2024-07-31T12:20:03.629+0000] {logging_mixin.py:120} INFO - [2024-07-31T12:20:03.629+0000] {dag.py:2585} INFO - Sync 1 DAGs
[2024-07-31T12:20:03.707+0000] {logging_mixin.py:120} INFO - [2024-07-31T12:20:03.706+0000] {dag.py:3340} INFO - Setting next_dagrun for tutorial_taskflow_api to None, run_after=None
[2024-07-31T12:20:03.776+0000] {processor.py:176} INFO - Processing /home/airflow/.local/lib/python3.7/site-packages/airflow/example_dags/tutorial_taskflow_api.py took 0.483 seconds
[2024-07-31T12:20:33.990+0000] {processor.py:154} INFO - Started process (PID=1011) to work on /home/airflow/.local/lib/python3.7/site-packages/airflow/example_dags/tutorial_taskflow_api.py
[2024-07-31T12:20:33.991+0000] {processor.py:756} INFO - Processing file /home/airflow/.local/lib/python3.7/site-packages/airflow/example_dags/tutorial_taskflow_api.py for tasks to queue
[2024-07-31T12:20:33.993+0000] {logging_mixin.py:120} INFO - [2024-07-31T12:20:33.992+0000] {dagbag.py:537} INFO - Filling up the DagBag from /home/airflow/.local/lib/python3.7/site-packages/airflow/example_dags/tutorial_taskflow_api.py
[2024-07-31T12:20:34.015+0000] {processor.py:766} INFO - DAG(s) dict_keys(['tutorial_taskflow_api']) retrieved from /home/airflow/.local/lib/python3.7/site-packages/airflow/example_dags/tutorial_taskflow_api.py
[2024-07-31T12:20:34.066+0000] {logging_mixin.py:120} INFO - [2024-07-31T12:20:34.065+0000] {dag.py:2585} INFO - Sync 1 DAGs
[2024-07-31T12:20:34.113+0000] {logging_mixin.py:120} INFO - [2024-07-31T12:20:34.113+0000] {dag.py:3340} INFO - Setting next_dagrun for tutorial_taskflow_api to None, run_after=None
[2024-07-31T12:20:34.153+0000] {processor.py:176} INFO - Processing /home/airflow/.local/lib/python3.7/site-packages/airflow/example_dags/tutorial_taskflow_api.py took 0.168 seconds
[2024-07-31T12:21:04.668+0000] {processor.py:154} INFO - Started process (PID=1065) to work on /home/airflow/.local/lib/python3.7/site-packages/airflow/example_dags/tutorial_taskflow_api.py
[2024-07-31T12:21:04.671+0000] {processor.py:756} INFO - Processing file /home/airflow/.local/lib/python3.7/site-packages/airflow/example_dags/tutorial_taskflow_api.py for tasks to queue
[2024-07-31T12:21:04.720+0000] {logging_mixin.py:120} INFO - [2024-07-31T12:21:04.720+0000] {dagbag.py:537} INFO - Filling up the DagBag from /home/airflow/.local/lib/python3.7/site-packages/airflow/example_dags/tutorial_taskflow_api.py
[2024-07-31T12:21:04.789+0000] {processor.py:766} INFO - DAG(s) dict_keys(['tutorial_taskflow_api']) retrieved from /home/airflow/.local/lib/python3.7/site-packages/airflow/example_dags/tutorial_taskflow_api.py
[2024-07-31T12:21:04.878+0000] {logging_mixin.py:120} INFO - [2024-07-31T12:21:04.878+0000] {dag.py:2585} INFO - Sync 1 DAGs
[2024-07-31T12:21:04.965+0000] {logging_mixin.py:120} INFO - [2024-07-31T12:21:04.964+0000] {dag.py:3340} INFO - Setting next_dagrun for tutorial_taskflow_api to None, run_after=None
[2024-07-31T12:21:05.059+0000] {processor.py:176} INFO - Processing /home/airflow/.local/lib/python3.7/site-packages/airflow/example_dags/tutorial_taskflow_api.py took 0.396 seconds
[2024-07-31T12:21:35.397+0000] {processor.py:154} INFO - Started process (PID=1128) to work on /home/airflow/.local/lib/python3.7/site-packages/airflow/example_dags/tutorial_taskflow_api.py
[2024-07-31T12:21:35.399+0000] {processor.py:756} INFO - Processing file /home/airflow/.local/lib/python3.7/site-packages/airflow/example_dags/tutorial_taskflow_api.py for tasks to queue
[2024-07-31T12:21:35.400+0000] {logging_mixin.py:120} INFO - [2024-07-31T12:21:35.400+0000] {dagbag.py:537} INFO - Filling up the DagBag from /home/airflow/.local/lib/python3.7/site-packages/airflow/example_dags/tutorial_taskflow_api.py
[2024-07-31T12:21:35.422+0000] {processor.py:766} INFO - DAG(s) dict_keys(['tutorial_taskflow_api']) retrieved from /home/airflow/.local/lib/python3.7/site-packages/airflow/example_dags/tutorial_taskflow_api.py
[2024-07-31T12:21:35.472+0000] {logging_mixin.py:120} INFO - [2024-07-31T12:21:35.472+0000] {dag.py:2585} INFO - Sync 1 DAGs
[2024-07-31T12:21:35.497+0000] {logging_mixin.py:120} INFO - [2024-07-31T12:21:35.497+0000] {dag.py:3340} INFO - Setting next_dagrun for tutorial_taskflow_api to None, run_after=None
[2024-07-31T12:21:35.522+0000] {processor.py:176} INFO - Processing /home/airflow/.local/lib/python3.7/site-packages/airflow/example_dags/tutorial_taskflow_api.py took 0.130 seconds
[2024-07-31T12:22:07.276+0000] {processor.py:154} INFO - Started process (PID=1191) to work on /home/airflow/.local/lib/python3.7/site-packages/airflow/example_dags/tutorial_taskflow_api.py
[2024-07-31T12:22:07.278+0000] {processor.py:756} INFO - Processing file /home/airflow/.local/lib/python3.7/site-packages/airflow/example_dags/tutorial_taskflow_api.py for tasks to queue
[2024-07-31T12:22:07.288+0000] {logging_mixin.py:120} INFO - [2024-07-31T12:22:07.288+0000] {dagbag.py:537} INFO - Filling up the DagBag from /home/airflow/.local/lib/python3.7/site-packages/airflow/example_dags/tutorial_taskflow_api.py
[2024-07-31T12:22:07.369+0000] {processor.py:766} INFO - DAG(s) dict_keys(['tutorial_taskflow_api']) retrieved from /home/airflow/.local/lib/python3.7/site-packages/airflow/example_dags/tutorial_taskflow_api.py
[2024-07-31T12:22:07.484+0000] {logging_mixin.py:120} INFO - [2024-07-31T12:22:07.483+0000] {dag.py:2585} INFO - Sync 1 DAGs
[2024-07-31T12:22:07.542+0000] {logging_mixin.py:120} INFO - [2024-07-31T12:22:07.540+0000] {dag.py:3340} INFO - Setting next_dagrun for tutorial_taskflow_api to None, run_after=None
[2024-07-31T12:22:07.617+0000] {processor.py:176} INFO - Processing /home/airflow/.local/lib/python3.7/site-packages/airflow/example_dags/tutorial_taskflow_api.py took 0.348 seconds
[2024-07-31T12:22:38.167+0000] {processor.py:154} INFO - Started process (PID=1245) to work on /home/airflow/.local/lib/python3.7/site-packages/airflow/example_dags/tutorial_taskflow_api.py
[2024-07-31T12:22:38.170+0000] {processor.py:756} INFO - Processing file /home/airflow/.local/lib/python3.7/site-packages/airflow/example_dags/tutorial_taskflow_api.py for tasks to queue
[2024-07-31T12:22:38.174+0000] {logging_mixin.py:120} INFO - [2024-07-31T12:22:38.173+0000] {dagbag.py:537} INFO - Filling up the DagBag from /home/airflow/.local/lib/python3.7/site-packages/airflow/example_dags/tutorial_taskflow_api.py
[2024-07-31T12:22:38.222+0000] {processor.py:766} INFO - DAG(s) dict_keys(['tutorial_taskflow_api']) retrieved from /home/airflow/.local/lib/python3.7/site-packages/airflow/example_dags/tutorial_taskflow_api.py
[2024-07-31T12:22:38.316+0000] {logging_mixin.py:120} INFO - [2024-07-31T12:22:38.316+0000] {dag.py:2585} INFO - Sync 1 DAGs
[2024-07-31T12:22:38.387+0000] {logging_mixin.py:120} INFO - [2024-07-31T12:22:38.387+0000] {dag.py:3340} INFO - Setting next_dagrun for tutorial_taskflow_api to None, run_after=None
[2024-07-31T12:22:38.451+0000] {processor.py:176} INFO - Processing /home/airflow/.local/lib/python3.7/site-packages/airflow/example_dags/tutorial_taskflow_api.py took 0.292 seconds
[2024-07-31T12:23:09.251+0000] {processor.py:154} INFO - Started process (PID=1309) to work on /home/airflow/.local/lib/python3.7/site-packages/airflow/example_dags/tutorial_taskflow_api.py
[2024-07-31T12:23:09.253+0000] {processor.py:756} INFO - Processing file /home/airflow/.local/lib/python3.7/site-packages/airflow/example_dags/tutorial_taskflow_api.py for tasks to queue
[2024-07-31T12:23:09.255+0000] {logging_mixin.py:120} INFO - [2024-07-31T12:23:09.254+0000] {dagbag.py:537} INFO - Filling up the DagBag from /home/airflow/.local/lib/python3.7/site-packages/airflow/example_dags/tutorial_taskflow_api.py
[2024-07-31T12:23:09.291+0000] {processor.py:766} INFO - DAG(s) dict_keys(['tutorial_taskflow_api']) retrieved from /home/airflow/.local/lib/python3.7/site-packages/airflow/example_dags/tutorial_taskflow_api.py
[2024-07-31T12:23:09.361+0000] {logging_mixin.py:120} INFO - [2024-07-31T12:23:09.360+0000] {dag.py:2585} INFO - Sync 1 DAGs
[2024-07-31T12:23:09.407+0000] {logging_mixin.py:120} INFO - [2024-07-31T12:23:09.407+0000] {dag.py:3340} INFO - Setting next_dagrun for tutorial_taskflow_api to None, run_after=None
[2024-07-31T12:23:09.447+0000] {processor.py:176} INFO - Processing /home/airflow/.local/lib/python3.7/site-packages/airflow/example_dags/tutorial_taskflow_api.py took 0.202 seconds
[2024-07-31T12:23:39.552+0000] {processor.py:154} INFO - Started process (PID=1363) to work on /home/airflow/.local/lib/python3.7/site-packages/airflow/example_dags/tutorial_taskflow_api.py
[2024-07-31T12:23:39.554+0000] {processor.py:756} INFO - Processing file /home/airflow/.local/lib/python3.7/site-packages/airflow/example_dags/tutorial_taskflow_api.py for tasks to queue
[2024-07-31T12:23:39.555+0000] {logging_mixin.py:120} INFO - [2024-07-31T12:23:39.555+0000] {dagbag.py:537} INFO - Filling up the DagBag from /home/airflow/.local/lib/python3.7/site-packages/airflow/example_dags/tutorial_taskflow_api.py
[2024-07-31T12:23:39.581+0000] {processor.py:766} INFO - DAG(s) dict_keys(['tutorial_taskflow_api']) retrieved from /home/airflow/.local/lib/python3.7/site-packages/airflow/example_dags/tutorial_taskflow_api.py
[2024-07-31T12:23:39.630+0000] {logging_mixin.py:120} INFO - [2024-07-31T12:23:39.630+0000] {dag.py:2585} INFO - Sync 1 DAGs
[2024-07-31T12:23:39.657+0000] {logging_mixin.py:120} INFO - [2024-07-31T12:23:39.657+0000] {dag.py:3340} INFO - Setting next_dagrun for tutorial_taskflow_api to None, run_after=None
[2024-07-31T12:23:39.681+0000] {processor.py:176} INFO - Processing /home/airflow/.local/lib/python3.7/site-packages/airflow/example_dags/tutorial_taskflow_api.py took 0.133 seconds
[2024-07-31T12:24:10.510+0000] {processor.py:154} INFO - Started process (PID=1426) to work on /home/airflow/.local/lib/python3.7/site-packages/airflow/example_dags/tutorial_taskflow_api.py
[2024-07-31T12:24:10.683+0000] {processor.py:756} INFO - Processing file /home/airflow/.local/lib/python3.7/site-packages/airflow/example_dags/tutorial_taskflow_api.py for tasks to queue
[2024-07-31T12:24:10.767+0000] {logging_mixin.py:120} INFO - [2024-07-31T12:24:10.766+0000] {dagbag.py:537} INFO - Filling up the DagBag from /home/airflow/.local/lib/python3.7/site-packages/airflow/example_dags/tutorial_taskflow_api.py
[2024-07-31T12:24:10.848+0000] {processor.py:766} INFO - DAG(s) dict_keys(['tutorial_taskflow_api']) retrieved from /home/airflow/.local/lib/python3.7/site-packages/airflow/example_dags/tutorial_taskflow_api.py
[2024-07-31T12:24:10.988+0000] {logging_mixin.py:120} INFO - [2024-07-31T12:24:10.987+0000] {dag.py:2585} INFO - Sync 1 DAGs
[2024-07-31T12:24:11.064+0000] {logging_mixin.py:120} INFO - [2024-07-31T12:24:11.064+0000] {dag.py:3340} INFO - Setting next_dagrun for tutorial_taskflow_api to None, run_after=None
[2024-07-31T12:24:11.538+0000] {processor.py:176} INFO - Processing /home/airflow/.local/lib/python3.7/site-packages/airflow/example_dags/tutorial_taskflow_api.py took 1.033 seconds
[2024-07-31T12:24:42.055+0000] {processor.py:154} INFO - Started process (PID=1479) to work on /home/airflow/.local/lib/python3.7/site-packages/airflow/example_dags/tutorial_taskflow_api.py
[2024-07-31T12:24:42.057+0000] {processor.py:756} INFO - Processing file /home/airflow/.local/lib/python3.7/site-packages/airflow/example_dags/tutorial_taskflow_api.py for tasks to queue
[2024-07-31T12:24:42.061+0000] {logging_mixin.py:120} INFO - [2024-07-31T12:24:42.061+0000] {dagbag.py:537} INFO - Filling up the DagBag from /home/airflow/.local/lib/python3.7/site-packages/airflow/example_dags/tutorial_taskflow_api.py
[2024-07-31T12:24:42.087+0000] {processor.py:766} INFO - DAG(s) dict_keys(['tutorial_taskflow_api']) retrieved from /home/airflow/.local/lib/python3.7/site-packages/airflow/example_dags/tutorial_taskflow_api.py
[2024-07-31T12:24:42.144+0000] {logging_mixin.py:120} INFO - [2024-07-31T12:24:42.143+0000] {dag.py:2585} INFO - Sync 1 DAGs
[2024-07-31T12:24:42.180+0000] {logging_mixin.py:120} INFO - [2024-07-31T12:24:42.179+0000] {dag.py:3340} INFO - Setting next_dagrun for tutorial_taskflow_api to None, run_after=None
[2024-07-31T12:24:42.217+0000] {processor.py:176} INFO - Processing /home/airflow/.local/lib/python3.7/site-packages/airflow/example_dags/tutorial_taskflow_api.py took 0.165 seconds
[2024-07-31T12:25:13.648+0000] {processor.py:154} INFO - Started process (PID=1542) to work on /home/airflow/.local/lib/python3.7/site-packages/airflow/example_dags/tutorial_taskflow_api.py
[2024-07-31T12:25:13.677+0000] {processor.py:756} INFO - Processing file /home/airflow/.local/lib/python3.7/site-packages/airflow/example_dags/tutorial_taskflow_api.py for tasks to queue
[2024-07-31T12:25:13.687+0000] {logging_mixin.py:120} INFO - [2024-07-31T12:25:13.687+0000] {dagbag.py:537} INFO - Filling up the DagBag from /home/airflow/.local/lib/python3.7/site-packages/airflow/example_dags/tutorial_taskflow_api.py
[2024-07-31T12:25:13.747+0000] {processor.py:766} INFO - DAG(s) dict_keys(['tutorial_taskflow_api']) retrieved from /home/airflow/.local/lib/python3.7/site-packages/airflow/example_dags/tutorial_taskflow_api.py
[2024-07-31T12:25:13.803+0000] {logging_mixin.py:120} INFO - [2024-07-31T12:25:13.803+0000] {dag.py:2585} INFO - Sync 1 DAGs
[2024-07-31T12:25:13.898+0000] {logging_mixin.py:120} INFO - [2024-07-31T12:25:13.898+0000] {dag.py:3340} INFO - Setting next_dagrun for tutorial_taskflow_api to None, run_after=None
[2024-07-31T12:25:14.027+0000] {processor.py:176} INFO - Processing /home/airflow/.local/lib/python3.7/site-packages/airflow/example_dags/tutorial_taskflow_api.py took 0.383 seconds
[2024-07-31T12:25:44.780+0000] {processor.py:154} INFO - Started process (PID=1605) to work on /home/airflow/.local/lib/python3.7/site-packages/airflow/example_dags/tutorial_taskflow_api.py
[2024-07-31T12:25:44.781+0000] {processor.py:756} INFO - Processing file /home/airflow/.local/lib/python3.7/site-packages/airflow/example_dags/tutorial_taskflow_api.py for tasks to queue
[2024-07-31T12:25:44.782+0000] {logging_mixin.py:120} INFO - [2024-07-31T12:25:44.782+0000] {dagbag.py:537} INFO - Filling up the DagBag from /home/airflow/.local/lib/python3.7/site-packages/airflow/example_dags/tutorial_taskflow_api.py
[2024-07-31T12:25:44.812+0000] {processor.py:766} INFO - DAG(s) dict_keys(['tutorial_taskflow_api']) retrieved from /home/airflow/.local/lib/python3.7/site-packages/airflow/example_dags/tutorial_taskflow_api.py
[2024-07-31T12:25:44.874+0000] {logging_mixin.py:120} INFO - [2024-07-31T12:25:44.873+0000] {dag.py:2585} INFO - Sync 1 DAGs
[2024-07-31T12:25:44.929+0000] {logging_mixin.py:120} INFO - [2024-07-31T12:25:44.928+0000] {dag.py:3340} INFO - Setting next_dagrun for tutorial_taskflow_api to None, run_after=None
[2024-07-31T12:25:44.974+0000] {processor.py:176} INFO - Processing /home/airflow/.local/lib/python3.7/site-packages/airflow/example_dags/tutorial_taskflow_api.py took 0.198 seconds
[2024-07-31T12:26:15.177+0000] {processor.py:154} INFO - Started process (PID=1659) to work on /home/airflow/.local/lib/python3.7/site-packages/airflow/example_dags/tutorial_taskflow_api.py
[2024-07-31T12:26:15.246+0000] {processor.py:756} INFO - Processing file /home/airflow/.local/lib/python3.7/site-packages/airflow/example_dags/tutorial_taskflow_api.py for tasks to queue
[2024-07-31T12:26:15.268+0000] {logging_mixin.py:120} INFO - [2024-07-31T12:26:15.268+0000] {dagbag.py:537} INFO - Filling up the DagBag from /home/airflow/.local/lib/python3.7/site-packages/airflow/example_dags/tutorial_taskflow_api.py
[2024-07-31T12:26:15.299+0000] {processor.py:766} INFO - DAG(s) dict_keys(['tutorial_taskflow_api']) retrieved from /home/airflow/.local/lib/python3.7/site-packages/airflow/example_dags/tutorial_taskflow_api.py
[2024-07-31T12:26:15.352+0000] {logging_mixin.py:120} INFO - [2024-07-31T12:26:15.352+0000] {dag.py:2585} INFO - Sync 1 DAGs
[2024-07-31T12:26:15.379+0000] {logging_mixin.py:120} INFO - [2024-07-31T12:26:15.378+0000] {dag.py:3340} INFO - Setting next_dagrun for tutorial_taskflow_api to None, run_after=None
[2024-07-31T12:26:15.404+0000] {processor.py:176} INFO - Processing /home/airflow/.local/lib/python3.7/site-packages/airflow/example_dags/tutorial_taskflow_api.py took 0.232 seconds
[2024-07-31T12:26:45.827+0000] {processor.py:154} INFO - Started process (PID=1722) to work on /home/airflow/.local/lib/python3.7/site-packages/airflow/example_dags/tutorial_taskflow_api.py
[2024-07-31T12:26:45.829+0000] {processor.py:756} INFO - Processing file /home/airflow/.local/lib/python3.7/site-packages/airflow/example_dags/tutorial_taskflow_api.py for tasks to queue
[2024-07-31T12:26:45.830+0000] {logging_mixin.py:120} INFO - [2024-07-31T12:26:45.830+0000] {dagbag.py:537} INFO - Filling up the DagBag from /home/airflow/.local/lib/python3.7/site-packages/airflow/example_dags/tutorial_taskflow_api.py
[2024-07-31T12:26:45.859+0000] {processor.py:766} INFO - DAG(s) dict_keys(['tutorial_taskflow_api']) retrieved from /home/airflow/.local/lib/python3.7/site-packages/airflow/example_dags/tutorial_taskflow_api.py
[2024-07-31T12:26:45.995+0000] {logging_mixin.py:120} INFO - [2024-07-31T12:26:45.994+0000] {dag.py:2585} INFO - Sync 1 DAGs
[2024-07-31T12:26:46.075+0000] {logging_mixin.py:120} INFO - [2024-07-31T12:26:46.075+0000] {dag.py:3340} INFO - Setting next_dagrun for tutorial_taskflow_api to None, run_after=None
[2024-07-31T12:26:46.235+0000] {processor.py:176} INFO - Processing /home/airflow/.local/lib/python3.7/site-packages/airflow/example_dags/tutorial_taskflow_api.py took 0.412 seconds
[2024-07-31T12:27:16.505+0000] {processor.py:154} INFO - Started process (PID=1785) to work on /home/airflow/.local/lib/python3.7/site-packages/airflow/example_dags/tutorial_taskflow_api.py
[2024-07-31T12:27:16.507+0000] {processor.py:756} INFO - Processing file /home/airflow/.local/lib/python3.7/site-packages/airflow/example_dags/tutorial_taskflow_api.py for tasks to queue
[2024-07-31T12:27:16.511+0000] {logging_mixin.py:120} INFO - [2024-07-31T12:27:16.510+0000] {dagbag.py:537} INFO - Filling up the DagBag from /home/airflow/.local/lib/python3.7/site-packages/airflow/example_dags/tutorial_taskflow_api.py
[2024-07-31T12:27:16.537+0000] {processor.py:766} INFO - DAG(s) dict_keys(['tutorial_taskflow_api']) retrieved from /home/airflow/.local/lib/python3.7/site-packages/airflow/example_dags/tutorial_taskflow_api.py
[2024-07-31T12:27:16.594+0000] {logging_mixin.py:120} INFO - [2024-07-31T12:27:16.593+0000] {dag.py:2585} INFO - Sync 1 DAGs
[2024-07-31T12:27:16.625+0000] {logging_mixin.py:120} INFO - [2024-07-31T12:27:16.625+0000] {dag.py:3340} INFO - Setting next_dagrun for tutorial_taskflow_api to None, run_after=None
[2024-07-31T12:27:16.658+0000] {processor.py:176} INFO - Processing /home/airflow/.local/lib/python3.7/site-packages/airflow/example_dags/tutorial_taskflow_api.py took 0.158 seconds
[2024-07-31T12:27:47.156+0000] {processor.py:154} INFO - Started process (PID=1840) to work on /home/airflow/.local/lib/python3.7/site-packages/airflow/example_dags/tutorial_taskflow_api.py
[2024-07-31T12:27:47.158+0000] {processor.py:756} INFO - Processing file /home/airflow/.local/lib/python3.7/site-packages/airflow/example_dags/tutorial_taskflow_api.py for tasks to queue
[2024-07-31T12:27:47.159+0000] {logging_mixin.py:120} INFO - [2024-07-31T12:27:47.159+0000] {dagbag.py:537} INFO - Filling up the DagBag from /home/airflow/.local/lib/python3.7/site-packages/airflow/example_dags/tutorial_taskflow_api.py
[2024-07-31T12:27:47.182+0000] {processor.py:766} INFO - DAG(s) dict_keys(['tutorial_taskflow_api']) retrieved from /home/airflow/.local/lib/python3.7/site-packages/airflow/example_dags/tutorial_taskflow_api.py
[2024-07-31T12:27:47.226+0000] {logging_mixin.py:120} INFO - [2024-07-31T12:27:47.226+0000] {dag.py:2585} INFO - Sync 1 DAGs
[2024-07-31T12:27:47.253+0000] {logging_mixin.py:120} INFO - [2024-07-31T12:27:47.253+0000] {dag.py:3340} INFO - Setting next_dagrun for tutorial_taskflow_api to None, run_after=None
[2024-07-31T12:27:47.274+0000] {processor.py:176} INFO - Processing /home/airflow/.local/lib/python3.7/site-packages/airflow/example_dags/tutorial_taskflow_api.py took 0.121 seconds
[2024-07-31T12:28:18.267+0000] {processor.py:154} INFO - Started process (PID=1904) to work on /home/airflow/.local/lib/python3.7/site-packages/airflow/example_dags/tutorial_taskflow_api.py
[2024-07-31T12:28:18.269+0000] {processor.py:756} INFO - Processing file /home/airflow/.local/lib/python3.7/site-packages/airflow/example_dags/tutorial_taskflow_api.py for tasks to queue
[2024-07-31T12:28:18.271+0000] {logging_mixin.py:120} INFO - [2024-07-31T12:28:18.270+0000] {dagbag.py:537} INFO - Filling up the DagBag from /home/airflow/.local/lib/python3.7/site-packages/airflow/example_dags/tutorial_taskflow_api.py
[2024-07-31T12:28:18.298+0000] {processor.py:766} INFO - DAG(s) dict_keys(['tutorial_taskflow_api']) retrieved from /home/airflow/.local/lib/python3.7/site-packages/airflow/example_dags/tutorial_taskflow_api.py
[2024-07-31T12:28:18.352+0000] {logging_mixin.py:120} INFO - [2024-07-31T12:28:18.351+0000] {dag.py:2585} INFO - Sync 1 DAGs
[2024-07-31T12:28:18.387+0000] {logging_mixin.py:120} INFO - [2024-07-31T12:28:18.387+0000] {dag.py:3340} INFO - Setting next_dagrun for tutorial_taskflow_api to None, run_after=None
[2024-07-31T12:28:18.422+0000] {processor.py:176} INFO - Processing /home/airflow/.local/lib/python3.7/site-packages/airflow/example_dags/tutorial_taskflow_api.py took 0.159 seconds
[2024-07-31T12:28:49.674+0000] {processor.py:154} INFO - Started process (PID=1958) to work on /home/airflow/.local/lib/python3.7/site-packages/airflow/example_dags/tutorial_taskflow_api.py
[2024-07-31T12:28:49.692+0000] {processor.py:756} INFO - Processing file /home/airflow/.local/lib/python3.7/site-packages/airflow/example_dags/tutorial_taskflow_api.py for tasks to queue
[2024-07-31T12:28:49.701+0000] {logging_mixin.py:120} INFO - [2024-07-31T12:28:49.701+0000] {dagbag.py:537} INFO - Filling up the DagBag from /home/airflow/.local/lib/python3.7/site-packages/airflow/example_dags/tutorial_taskflow_api.py
[2024-07-31T12:28:49.727+0000] {processor.py:766} INFO - DAG(s) dict_keys(['tutorial_taskflow_api']) retrieved from /home/airflow/.local/lib/python3.7/site-packages/airflow/example_dags/tutorial_taskflow_api.py
[2024-07-31T12:28:49.777+0000] {logging_mixin.py:120} INFO - [2024-07-31T12:28:49.777+0000] {dag.py:2585} INFO - Sync 1 DAGs
[2024-07-31T12:28:49.803+0000] {logging_mixin.py:120} INFO - [2024-07-31T12:28:49.803+0000] {dag.py:3340} INFO - Setting next_dagrun for tutorial_taskflow_api to None, run_after=None
[2024-07-31T12:28:49.828+0000] {processor.py:176} INFO - Processing /home/airflow/.local/lib/python3.7/site-packages/airflow/example_dags/tutorial_taskflow_api.py took 0.158 seconds
[2024-07-31T12:29:20.236+0000] {processor.py:154} INFO - Started process (PID=2021) to work on /home/airflow/.local/lib/python3.7/site-packages/airflow/example_dags/tutorial_taskflow_api.py
[2024-07-31T12:29:20.237+0000] {processor.py:756} INFO - Processing file /home/airflow/.local/lib/python3.7/site-packages/airflow/example_dags/tutorial_taskflow_api.py for tasks to queue
[2024-07-31T12:29:20.238+0000] {logging_mixin.py:120} INFO - [2024-07-31T12:29:20.238+0000] {dagbag.py:537} INFO - Filling up the DagBag from /home/airflow/.local/lib/python3.7/site-packages/airflow/example_dags/tutorial_taskflow_api.py
[2024-07-31T12:29:20.258+0000] {processor.py:766} INFO - DAG(s) dict_keys(['tutorial_taskflow_api']) retrieved from /home/airflow/.local/lib/python3.7/site-packages/airflow/example_dags/tutorial_taskflow_api.py
[2024-07-31T12:29:20.298+0000] {logging_mixin.py:120} INFO - [2024-07-31T12:29:20.298+0000] {dag.py:2585} INFO - Sync 1 DAGs
[2024-07-31T12:29:20.328+0000] {logging_mixin.py:120} INFO - [2024-07-31T12:29:20.328+0000] {dag.py:3340} INFO - Setting next_dagrun for tutorial_taskflow_api to None, run_after=None
[2024-07-31T12:29:20.349+0000] {processor.py:176} INFO - Processing /home/airflow/.local/lib/python3.7/site-packages/airflow/example_dags/tutorial_taskflow_api.py took 0.116 seconds
[2024-07-31T12:29:51.948+0000] {processor.py:154} INFO - Started process (PID=2085) to work on /home/airflow/.local/lib/python3.7/site-packages/airflow/example_dags/tutorial_taskflow_api.py
[2024-07-31T12:29:51.980+0000] {processor.py:756} INFO - Processing file /home/airflow/.local/lib/python3.7/site-packages/airflow/example_dags/tutorial_taskflow_api.py for tasks to queue
[2024-07-31T12:29:52.106+0000] {logging_mixin.py:120} INFO - [2024-07-31T12:29:52.106+0000] {dagbag.py:537} INFO - Filling up the DagBag from /home/airflow/.local/lib/python3.7/site-packages/airflow/example_dags/tutorial_taskflow_api.py
[2024-07-31T12:29:52.166+0000] {processor.py:766} INFO - DAG(s) dict_keys(['tutorial_taskflow_api']) retrieved from /home/airflow/.local/lib/python3.7/site-packages/airflow/example_dags/tutorial_taskflow_api.py
[2024-07-31T12:29:52.212+0000] {logging_mixin.py:120} INFO - [2024-07-31T12:29:52.211+0000] {dag.py:2585} INFO - Sync 1 DAGs
[2024-07-31T12:29:52.302+0000] {logging_mixin.py:120} INFO - [2024-07-31T12:29:52.302+0000] {dag.py:3340} INFO - Setting next_dagrun for tutorial_taskflow_api to None, run_after=None
[2024-07-31T12:29:52.329+0000] {processor.py:176} INFO - Processing /home/airflow/.local/lib/python3.7/site-packages/airflow/example_dags/tutorial_taskflow_api.py took 0.384 seconds
[2024-07-31T12:30:22.408+0000] {processor.py:154} INFO - Started process (PID=2139) to work on /home/airflow/.local/lib/python3.7/site-packages/airflow/example_dags/tutorial_taskflow_api.py
[2024-07-31T12:30:22.409+0000] {processor.py:756} INFO - Processing file /home/airflow/.local/lib/python3.7/site-packages/airflow/example_dags/tutorial_taskflow_api.py for tasks to queue
[2024-07-31T12:30:22.410+0000] {logging_mixin.py:120} INFO - [2024-07-31T12:30:22.409+0000] {dagbag.py:537} INFO - Filling up the DagBag from /home/airflow/.local/lib/python3.7/site-packages/airflow/example_dags/tutorial_taskflow_api.py
[2024-07-31T12:30:22.431+0000] {processor.py:766} INFO - DAG(s) dict_keys(['tutorial_taskflow_api']) retrieved from /home/airflow/.local/lib/python3.7/site-packages/airflow/example_dags/tutorial_taskflow_api.py
[2024-07-31T12:30:22.477+0000] {logging_mixin.py:120} INFO - [2024-07-31T12:30:22.477+0000] {dag.py:2585} INFO - Sync 1 DAGs
[2024-07-31T12:30:22.504+0000] {logging_mixin.py:120} INFO - [2024-07-31T12:30:22.504+0000] {dag.py:3340} INFO - Setting next_dagrun for tutorial_taskflow_api to None, run_after=None
[2024-07-31T12:30:22.527+0000] {processor.py:176} INFO - Processing /home/airflow/.local/lib/python3.7/site-packages/airflow/example_dags/tutorial_taskflow_api.py took 0.122 seconds
[2024-07-31T12:30:53.215+0000] {processor.py:154} INFO - Started process (PID=2201) to work on /home/airflow/.local/lib/python3.7/site-packages/airflow/example_dags/tutorial_taskflow_api.py
[2024-07-31T12:30:53.216+0000] {processor.py:756} INFO - Processing file /home/airflow/.local/lib/python3.7/site-packages/airflow/example_dags/tutorial_taskflow_api.py for tasks to queue
[2024-07-31T12:30:53.217+0000] {logging_mixin.py:120} INFO - [2024-07-31T12:30:53.217+0000] {dagbag.py:537} INFO - Filling up the DagBag from /home/airflow/.local/lib/python3.7/site-packages/airflow/example_dags/tutorial_taskflow_api.py
[2024-07-31T12:30:53.240+0000] {processor.py:766} INFO - DAG(s) dict_keys(['tutorial_taskflow_api']) retrieved from /home/airflow/.local/lib/python3.7/site-packages/airflow/example_dags/tutorial_taskflow_api.py
[2024-07-31T12:30:53.280+0000] {logging_mixin.py:120} INFO - [2024-07-31T12:30:53.279+0000] {dag.py:2585} INFO - Sync 1 DAGs
[2024-07-31T12:30:53.305+0000] {logging_mixin.py:120} INFO - [2024-07-31T12:30:53.305+0000] {dag.py:3340} INFO - Setting next_dagrun for tutorial_taskflow_api to None, run_after=None
[2024-07-31T12:30:53.327+0000] {processor.py:176} INFO - Processing /home/airflow/.local/lib/python3.7/site-packages/airflow/example_dags/tutorial_taskflow_api.py took 0.115 seconds
[2024-07-31T12:31:24.207+0000] {processor.py:154} INFO - Started process (PID=2264) to work on /home/airflow/.local/lib/python3.7/site-packages/airflow/example_dags/tutorial_taskflow_api.py
[2024-07-31T12:31:24.224+0000] {processor.py:756} INFO - Processing file /home/airflow/.local/lib/python3.7/site-packages/airflow/example_dags/tutorial_taskflow_api.py for tasks to queue
[2024-07-31T12:31:24.229+0000] {logging_mixin.py:120} INFO - [2024-07-31T12:31:24.228+0000] {dagbag.py:537} INFO - Filling up the DagBag from /home/airflow/.local/lib/python3.7/site-packages/airflow/example_dags/tutorial_taskflow_api.py
[2024-07-31T12:31:24.252+0000] {processor.py:766} INFO - DAG(s) dict_keys(['tutorial_taskflow_api']) retrieved from /home/airflow/.local/lib/python3.7/site-packages/airflow/example_dags/tutorial_taskflow_api.py
[2024-07-31T12:31:24.327+0000] {logging_mixin.py:120} INFO - [2024-07-31T12:31:24.327+0000] {dag.py:2585} INFO - Sync 1 DAGs
[2024-07-31T12:31:24.369+0000] {logging_mixin.py:120} INFO - [2024-07-31T12:31:24.369+0000] {dag.py:3340} INFO - Setting next_dagrun for tutorial_taskflow_api to None, run_after=None
[2024-07-31T12:31:24.419+0000] {processor.py:176} INFO - Processing /home/airflow/.local/lib/python3.7/site-packages/airflow/example_dags/tutorial_taskflow_api.py took 0.217 seconds
[2024-07-31T12:31:55.258+0000] {processor.py:154} INFO - Started process (PID=2319) to work on /home/airflow/.local/lib/python3.7/site-packages/airflow/example_dags/tutorial_taskflow_api.py
[2024-07-31T12:31:55.259+0000] {processor.py:756} INFO - Processing file /home/airflow/.local/lib/python3.7/site-packages/airflow/example_dags/tutorial_taskflow_api.py for tasks to queue
[2024-07-31T12:31:55.261+0000] {logging_mixin.py:120} INFO - [2024-07-31T12:31:55.260+0000] {dagbag.py:537} INFO - Filling up the DagBag from /home/airflow/.local/lib/python3.7/site-packages/airflow/example_dags/tutorial_taskflow_api.py
[2024-07-31T12:31:55.292+0000] {processor.py:766} INFO - DAG(s) dict_keys(['tutorial_taskflow_api']) retrieved from /home/airflow/.local/lib/python3.7/site-packages/airflow/example_dags/tutorial_taskflow_api.py
[2024-07-31T12:31:55.356+0000] {logging_mixin.py:120} INFO - [2024-07-31T12:31:55.356+0000] {dag.py:2585} INFO - Sync 1 DAGs
[2024-07-31T12:31:55.397+0000] {logging_mixin.py:120} INFO - [2024-07-31T12:31:55.397+0000] {dag.py:3340} INFO - Setting next_dagrun for tutorial_taskflow_api to None, run_after=None
[2024-07-31T12:31:55.431+0000] {processor.py:176} INFO - Processing /home/airflow/.local/lib/python3.7/site-packages/airflow/example_dags/tutorial_taskflow_api.py took 0.177 seconds
[2024-07-31T12:32:26.254+0000] {processor.py:154} INFO - Started process (PID=2382) to work on /home/airflow/.local/lib/python3.7/site-packages/airflow/example_dags/tutorial_taskflow_api.py
[2024-07-31T12:32:26.262+0000] {processor.py:756} INFO - Processing file /home/airflow/.local/lib/python3.7/site-packages/airflow/example_dags/tutorial_taskflow_api.py for tasks to queue
[2024-07-31T12:32:26.271+0000] {logging_mixin.py:120} INFO - [2024-07-31T12:32:26.271+0000] {dagbag.py:537} INFO - Filling up the DagBag from /home/airflow/.local/lib/python3.7/site-packages/airflow/example_dags/tutorial_taskflow_api.py
[2024-07-31T12:32:26.319+0000] {processor.py:766} INFO - DAG(s) dict_keys(['tutorial_taskflow_api']) retrieved from /home/airflow/.local/lib/python3.7/site-packages/airflow/example_dags/tutorial_taskflow_api.py
[2024-07-31T12:32:26.366+0000] {logging_mixin.py:120} INFO - [2024-07-31T12:32:26.366+0000] {dag.py:2585} INFO - Sync 1 DAGs
[2024-07-31T12:32:26.392+0000] {logging_mixin.py:120} INFO - [2024-07-31T12:32:26.392+0000] {dag.py:3340} INFO - Setting next_dagrun for tutorial_taskflow_api to None, run_after=None
[2024-07-31T12:32:26.420+0000] {processor.py:176} INFO - Processing /home/airflow/.local/lib/python3.7/site-packages/airflow/example_dags/tutorial_taskflow_api.py took 0.173 seconds
[2024-07-31T12:32:56.872+0000] {processor.py:154} INFO - Started process (PID=2436) to work on /home/airflow/.local/lib/python3.7/site-packages/airflow/example_dags/tutorial_taskflow_api.py
[2024-07-31T12:32:56.874+0000] {processor.py:756} INFO - Processing file /home/airflow/.local/lib/python3.7/site-packages/airflow/example_dags/tutorial_taskflow_api.py for tasks to queue
[2024-07-31T12:32:56.875+0000] {logging_mixin.py:120} INFO - [2024-07-31T12:32:56.874+0000] {dagbag.py:537} INFO - Filling up the DagBag from /home/airflow/.local/lib/python3.7/site-packages/airflow/example_dags/tutorial_taskflow_api.py
[2024-07-31T12:32:56.896+0000] {processor.py:766} INFO - DAG(s) dict_keys(['tutorial_taskflow_api']) retrieved from /home/airflow/.local/lib/python3.7/site-packages/airflow/example_dags/tutorial_taskflow_api.py
[2024-07-31T12:32:56.955+0000] {logging_mixin.py:120} INFO - [2024-07-31T12:32:56.955+0000] {dag.py:2585} INFO - Sync 1 DAGs
[2024-07-31T12:32:57.044+0000] {logging_mixin.py:120} INFO - [2024-07-31T12:32:57.044+0000] {dag.py:3340} INFO - Setting next_dagrun for tutorial_taskflow_api to None, run_after=None
[2024-07-31T12:32:57.137+0000] {processor.py:176} INFO - Processing /home/airflow/.local/lib/python3.7/site-packages/airflow/example_dags/tutorial_taskflow_api.py took 0.268 seconds
[2024-07-31T12:33:28.103+0000] {processor.py:154} INFO - Started process (PID=2499) to work on /home/airflow/.local/lib/python3.7/site-packages/airflow/example_dags/tutorial_taskflow_api.py
[2024-07-31T12:33:28.107+0000] {processor.py:756} INFO - Processing file /home/airflow/.local/lib/python3.7/site-packages/airflow/example_dags/tutorial_taskflow_api.py for tasks to queue
[2024-07-31T12:33:28.111+0000] {logging_mixin.py:120} INFO - [2024-07-31T12:33:28.109+0000] {dagbag.py:537} INFO - Filling up the DagBag from /home/airflow/.local/lib/python3.7/site-packages/airflow/example_dags/tutorial_taskflow_api.py
[2024-07-31T12:33:28.169+0000] {processor.py:766} INFO - DAG(s) dict_keys(['tutorial_taskflow_api']) retrieved from /home/airflow/.local/lib/python3.7/site-packages/airflow/example_dags/tutorial_taskflow_api.py
[2024-07-31T12:33:28.264+0000] {logging_mixin.py:120} INFO - [2024-07-31T12:33:28.264+0000] {dag.py:2585} INFO - Sync 1 DAGs
[2024-07-31T12:33:28.330+0000] {logging_mixin.py:120} INFO - [2024-07-31T12:33:28.329+0000] {dag.py:3340} INFO - Setting next_dagrun for tutorial_taskflow_api to None, run_after=None
[2024-07-31T12:33:28.384+0000] {processor.py:176} INFO - Processing /home/airflow/.local/lib/python3.7/site-packages/airflow/example_dags/tutorial_taskflow_api.py took 0.295 seconds
[2024-07-31T12:33:59.100+0000] {processor.py:154} INFO - Started process (PID=2562) to work on /home/airflow/.local/lib/python3.7/site-packages/airflow/example_dags/tutorial_taskflow_api.py
[2024-07-31T12:33:59.103+0000] {processor.py:756} INFO - Processing file /home/airflow/.local/lib/python3.7/site-packages/airflow/example_dags/tutorial_taskflow_api.py for tasks to queue
[2024-07-31T12:33:59.104+0000] {logging_mixin.py:120} INFO - [2024-07-31T12:33:59.104+0000] {dagbag.py:537} INFO - Filling up the DagBag from /home/airflow/.local/lib/python3.7/site-packages/airflow/example_dags/tutorial_taskflow_api.py
[2024-07-31T12:33:59.139+0000] {processor.py:766} INFO - DAG(s) dict_keys(['tutorial_taskflow_api']) retrieved from /home/airflow/.local/lib/python3.7/site-packages/airflow/example_dags/tutorial_taskflow_api.py
[2024-07-31T12:33:59.209+0000] {logging_mixin.py:120} INFO - [2024-07-31T12:33:59.208+0000] {dag.py:2585} INFO - Sync 1 DAGs
[2024-07-31T12:33:59.264+0000] {logging_mixin.py:120} INFO - [2024-07-31T12:33:59.264+0000] {dag.py:3340} INFO - Setting next_dagrun for tutorial_taskflow_api to None, run_after=None
[2024-07-31T12:33:59.313+0000] {processor.py:176} INFO - Processing /home/airflow/.local/lib/python3.7/site-packages/airflow/example_dags/tutorial_taskflow_api.py took 0.218 seconds
[2024-07-31T12:34:30.144+0000] {processor.py:154} INFO - Started process (PID=2616) to work on /home/airflow/.local/lib/python3.7/site-packages/airflow/example_dags/tutorial_taskflow_api.py
[2024-07-31T12:34:30.271+0000] {processor.py:756} INFO - Processing file /home/airflow/.local/lib/python3.7/site-packages/airflow/example_dags/tutorial_taskflow_api.py for tasks to queue
[2024-07-31T12:34:30.381+0000] {logging_mixin.py:120} INFO - [2024-07-31T12:34:30.381+0000] {dagbag.py:537} INFO - Filling up the DagBag from /home/airflow/.local/lib/python3.7/site-packages/airflow/example_dags/tutorial_taskflow_api.py
[2024-07-31T12:34:30.425+0000] {processor.py:766} INFO - DAG(s) dict_keys(['tutorial_taskflow_api']) retrieved from /home/airflow/.local/lib/python3.7/site-packages/airflow/example_dags/tutorial_taskflow_api.py
[2024-07-31T12:34:30.551+0000] {logging_mixin.py:120} INFO - [2024-07-31T12:34:30.551+0000] {dag.py:2585} INFO - Sync 1 DAGs
[2024-07-31T12:34:30.604+0000] {logging_mixin.py:120} INFO - [2024-07-31T12:34:30.604+0000] {dag.py:3340} INFO - Setting next_dagrun for tutorial_taskflow_api to None, run_after=None
[2024-07-31T12:34:30.657+0000] {processor.py:176} INFO - Processing /home/airflow/.local/lib/python3.7/site-packages/airflow/example_dags/tutorial_taskflow_api.py took 0.516 seconds
[2024-07-31T12:35:01.126+0000] {processor.py:154} INFO - Started process (PID=2679) to work on /home/airflow/.local/lib/python3.7/site-packages/airflow/example_dags/tutorial_taskflow_api.py
[2024-07-31T12:35:01.127+0000] {processor.py:756} INFO - Processing file /home/airflow/.local/lib/python3.7/site-packages/airflow/example_dags/tutorial_taskflow_api.py for tasks to queue
[2024-07-31T12:35:01.128+0000] {logging_mixin.py:120} INFO - [2024-07-31T12:35:01.128+0000] {dagbag.py:537} INFO - Filling up the DagBag from /home/airflow/.local/lib/python3.7/site-packages/airflow/example_dags/tutorial_taskflow_api.py
[2024-07-31T12:35:01.147+0000] {processor.py:766} INFO - DAG(s) dict_keys(['tutorial_taskflow_api']) retrieved from /home/airflow/.local/lib/python3.7/site-packages/airflow/example_dags/tutorial_taskflow_api.py
[2024-07-31T12:35:01.306+0000] {logging_mixin.py:120} INFO - [2024-07-31T12:35:01.306+0000] {dag.py:2585} INFO - Sync 1 DAGs
[2024-07-31T12:35:01.439+0000] {logging_mixin.py:120} INFO - [2024-07-31T12:35:01.439+0000] {dag.py:3340} INFO - Setting next_dagrun for tutorial_taskflow_api to None, run_after=None
[2024-07-31T12:35:01.570+0000] {processor.py:176} INFO - Processing /home/airflow/.local/lib/python3.7/site-packages/airflow/example_dags/tutorial_taskflow_api.py took 0.447 seconds
[2024-07-31T12:35:32.755+0000] {processor.py:154} INFO - Started process (PID=2740) to work on /home/airflow/.local/lib/python3.7/site-packages/airflow/example_dags/tutorial_taskflow_api.py
[2024-07-31T12:35:32.796+0000] {processor.py:756} INFO - Processing file /home/airflow/.local/lib/python3.7/site-packages/airflow/example_dags/tutorial_taskflow_api.py for tasks to queue
[2024-07-31T12:35:32.798+0000] {logging_mixin.py:120} INFO - [2024-07-31T12:35:32.798+0000] {dagbag.py:537} INFO - Filling up the DagBag from /home/airflow/.local/lib/python3.7/site-packages/airflow/example_dags/tutorial_taskflow_api.py
[2024-07-31T12:35:32.844+0000] {processor.py:766} INFO - DAG(s) dict_keys(['tutorial_taskflow_api']) retrieved from /home/airflow/.local/lib/python3.7/site-packages/airflow/example_dags/tutorial_taskflow_api.py
[2024-07-31T12:35:32.991+0000] {logging_mixin.py:120} INFO - [2024-07-31T12:35:32.991+0000] {dag.py:2585} INFO - Sync 1 DAGs
[2024-07-31T12:35:33.125+0000] {logging_mixin.py:120} INFO - [2024-07-31T12:35:33.124+0000] {dag.py:3340} INFO - Setting next_dagrun for tutorial_taskflow_api to None, run_after=None
[2024-07-31T12:35:33.225+0000] {processor.py:176} INFO - Processing /home/airflow/.local/lib/python3.7/site-packages/airflow/example_dags/tutorial_taskflow_api.py took 0.475 seconds
[2024-07-31T12:36:04.276+0000] {processor.py:154} INFO - Started process (PID=2796) to work on /home/airflow/.local/lib/python3.7/site-packages/airflow/example_dags/tutorial_taskflow_api.py
[2024-07-31T12:36:04.342+0000] {processor.py:756} INFO - Processing file /home/airflow/.local/lib/python3.7/site-packages/airflow/example_dags/tutorial_taskflow_api.py for tasks to queue
[2024-07-31T12:36:04.354+0000] {logging_mixin.py:120} INFO - [2024-07-31T12:36:04.354+0000] {dagbag.py:537} INFO - Filling up the DagBag from /home/airflow/.local/lib/python3.7/site-packages/airflow/example_dags/tutorial_taskflow_api.py
[2024-07-31T12:36:04.379+0000] {processor.py:766} INFO - DAG(s) dict_keys(['tutorial_taskflow_api']) retrieved from /home/airflow/.local/lib/python3.7/site-packages/airflow/example_dags/tutorial_taskflow_api.py
[2024-07-31T12:36:04.505+0000] {logging_mixin.py:120} INFO - [2024-07-31T12:36:04.505+0000] {dag.py:2585} INFO - Sync 1 DAGs
[2024-07-31T12:36:04.622+0000] {logging_mixin.py:120} INFO - [2024-07-31T12:36:04.621+0000] {dag.py:3340} INFO - Setting next_dagrun for tutorial_taskflow_api to None, run_after=None
[2024-07-31T12:36:04.766+0000] {processor.py:176} INFO - Processing /home/airflow/.local/lib/python3.7/site-packages/airflow/example_dags/tutorial_taskflow_api.py took 0.493 seconds
[2024-07-31T12:36:35.721+0000] {processor.py:154} INFO - Started process (PID=2860) to work on /home/airflow/.local/lib/python3.7/site-packages/airflow/example_dags/tutorial_taskflow_api.py
[2024-07-31T12:36:35.723+0000] {processor.py:756} INFO - Processing file /home/airflow/.local/lib/python3.7/site-packages/airflow/example_dags/tutorial_taskflow_api.py for tasks to queue
[2024-07-31T12:36:35.727+0000] {logging_mixin.py:120} INFO - [2024-07-31T12:36:35.727+0000] {dagbag.py:537} INFO - Filling up the DagBag from /home/airflow/.local/lib/python3.7/site-packages/airflow/example_dags/tutorial_taskflow_api.py
[2024-07-31T12:36:35.779+0000] {processor.py:766} INFO - DAG(s) dict_keys(['tutorial_taskflow_api']) retrieved from /home/airflow/.local/lib/python3.7/site-packages/airflow/example_dags/tutorial_taskflow_api.py
[2024-07-31T12:36:35.874+0000] {logging_mixin.py:120} INFO - [2024-07-31T12:36:35.874+0000] {dag.py:2585} INFO - Sync 1 DAGs
[2024-07-31T12:36:35.933+0000] {logging_mixin.py:120} INFO - [2024-07-31T12:36:35.933+0000] {dag.py:3340} INFO - Setting next_dagrun for tutorial_taskflow_api to None, run_after=None
[2024-07-31T12:36:36.140+0000] {processor.py:176} INFO - Processing /home/airflow/.local/lib/python3.7/site-packages/airflow/example_dags/tutorial_taskflow_api.py took 0.427 seconds
