[2024-09-13T09:59:42.829+0000] {taskinstance.py:1165} INFO - Dependencies all met for <TaskInstance: xcom_dag.t4 manual__2024-09-13T09:59:33.503159+00:00 [queued]>
[2024-09-13T09:59:42.857+0000] {taskinstance.py:1165} INFO - Dependencies all met for <TaskInstance: xcom_dag.t4 manual__2024-09-13T09:59:33.503159+00:00 [queued]>
[2024-09-13T09:59:42.858+0000] {taskinstance.py:1362} INFO - 
--------------------------------------------------------------------------------
[2024-09-13T09:59:42.859+0000] {taskinstance.py:1363} INFO - Starting attempt 1 of 1
[2024-09-13T09:59:42.860+0000] {taskinstance.py:1364} INFO - 
--------------------------------------------------------------------------------
[2024-09-13T09:59:43.158+0000] {taskinstance.py:1383} INFO - Executing <Task(BashOperator): t4> on 2024-09-13 09:59:33.503159+00:00
[2024-09-13T09:59:43.178+0000] {standard_task_runner.py:55} INFO - Started process 5685 to run task
[2024-09-13T09:59:43.184+0000] {standard_task_runner.py:82} INFO - Running: ['***', 'tasks', 'run', 'xcom_dag', 't4', 'manual__2024-09-13T09:59:33.503159+00:00', '--job-id', '42', '--raw', '--subdir', 'DAGS_FOLDER/xcom_dag.py', '--cfg-path', '/tmp/tmp9ua8bn43']
[2024-09-13T09:59:43.188+0000] {standard_task_runner.py:83} INFO - Job 42: Subtask t4
[2024-09-13T09:59:43.329+0000] {task_command.py:376} INFO - Running <TaskInstance: xcom_dag.t4 manual__2024-09-13T09:59:33.503159+00:00 [running]> on host 35989190ca54
[2024-09-13T09:59:43.545+0000] {taskinstance.py:1592} INFO - Exporting the following env vars:
AIRFLOW_CTX_DAG_OWNER=***
AIRFLOW_CTX_DAG_ID=xcom_dag
AIRFLOW_CTX_TASK_ID=t4
AIRFLOW_CTX_EXECUTION_DATE=2024-09-13T09:59:33.503159+00:00
AIRFLOW_CTX_TRY_NUMBER=1
AIRFLOW_CTX_DAG_RUN_ID=manual__2024-09-13T09:59:33.503159+00:00
[2024-09-13T09:59:43.582+0000] {subprocess.py:63} INFO - Tmp dir root location: 
 /tmp
[2024-09-13T09:59:43.621+0000] {subprocess.py:75} INFO - Running command: ['/bin/bash', '-c', "echo ''"]
[2024-09-13T09:59:43.662+0000] {subprocess.py:86} INFO - Output:
[2024-09-13T09:59:43.687+0000] {subprocess.py:93} INFO - 
[2024-09-13T09:59:43.726+0000] {subprocess.py:97} INFO - Command exited with return code 0
[2024-09-13T09:59:43.815+0000] {taskinstance.py:1406} INFO - Marking task as SUCCESS. dag_id=xcom_dag, task_id=t4, execution_date=20240913T095933, start_date=20240913T095942, end_date=20240913T095943
[2024-09-13T09:59:43.936+0000] {local_task_job.py:164} INFO - Task exited with return code 0
[2024-09-13T09:59:44.044+0000] {local_task_job.py:273} INFO - 0 downstream tasks scheduled from follow-on schedule check
