[2024-09-14T10:20:45.517+0000] {taskinstance.py:1165} INFO - Dependencies all met for <TaskInstance: xcom_dag.branch scheduled__2024-09-13T00:00:00+00:00 [queued]>
[2024-09-14T10:20:45.551+0000] {taskinstance.py:1165} INFO - Dependencies all met for <TaskInstance: xcom_dag.branch scheduled__2024-09-13T00:00:00+00:00 [queued]>
[2024-09-14T10:20:45.553+0000] {taskinstance.py:1362} INFO - 
--------------------------------------------------------------------------------
[2024-09-14T10:20:45.558+0000] {taskinstance.py:1363} INFO - Starting attempt 1 of 1
[2024-09-14T10:20:45.560+0000] {taskinstance.py:1364} INFO - 
--------------------------------------------------------------------------------
[2024-09-14T10:20:45.608+0000] {taskinstance.py:1383} INFO - Executing <Task(BranchPythonOperator): branch> on 2024-09-13 00:00:00+00:00
[2024-09-14T10:20:45.620+0000] {standard_task_runner.py:55} INFO - Started process 80 to run task
[2024-09-14T10:20:45.639+0000] {standard_task_runner.py:82} INFO - Running: ['***', 'tasks', 'run', 'xcom_dag', 'branch', 'scheduled__2024-09-13T00:00:00+00:00', '--job-id', '49', '--raw', '--subdir', 'DAGS_FOLDER/xcom_dag.py', '--cfg-path', '/tmp/tmprkog1gmy']
[2024-09-14T10:20:45.650+0000] {standard_task_runner.py:83} INFO - Job 49: Subtask branch
[2024-09-14T10:20:45.797+0000] {task_command.py:376} INFO - Running <TaskInstance: xcom_dag.branch scheduled__2024-09-13T00:00:00+00:00 [running]> on host 92ae82aad1c9
[2024-09-14T10:20:45.970+0000] {taskinstance.py:1592} INFO - Exporting the following env vars:
AIRFLOW_CTX_DAG_OWNER=***
AIRFLOW_CTX_DAG_ID=xcom_dag
AIRFLOW_CTX_TASK_ID=branch
AIRFLOW_CTX_EXECUTION_DATE=2024-09-13T00:00:00+00:00
AIRFLOW_CTX_TRY_NUMBER=1
AIRFLOW_CTX_DAG_RUN_ID=scheduled__2024-09-13T00:00:00+00:00
[2024-09-14T10:20:45.995+0000] {python.py:177} INFO - Done. Returned value was: t2
[2024-09-14T10:20:45.996+0000] {skipmixin.py:155} INFO - Following branch t2
[2024-09-14T10:20:45.997+0000] {skipmixin.py:190} INFO - Skipping tasks ['t3']
[2024-09-14T10:20:46.079+0000] {taskinstance.py:1406} INFO - Marking task as SUCCESS. dag_id=xcom_dag, task_id=branch, execution_date=20240913T000000, start_date=20240914T102045, end_date=20240914T102046
[2024-09-14T10:20:46.124+0000] {local_task_job.py:164} INFO - Task exited with return code 0
[2024-09-14T10:20:46.206+0000] {local_task_job.py:273} INFO - 1 downstream tasks scheduled from follow-on schedule check
