[2024-09-14T10:43:56.776+0000] {processor.py:154} INFO - Started process (PID=387) to work on /opt/airflow/dags/elastic_dag.py
[2024-09-14T10:43:56.777+0000] {processor.py:756} INFO - Processing file /opt/airflow/dags/elastic_dag.py for tasks to queue
[2024-09-14T10:43:56.778+0000] {logging_mixin.py:120} INFO - [2024-09-14T10:43:56.778+0000] {dagbag.py:537} INFO - Filling up the DagBag from /opt/airflow/dags/elastic_dag.py
[2024-09-14T10:43:57.223+0000] {processor.py:766} INFO - DAG(s) dict_keys(['elastic_dag']) retrieved from /opt/airflow/dags/elastic_dag.py
[2024-09-14T10:43:57.402+0000] {logging_mixin.py:120} INFO - [2024-09-14T10:43:57.402+0000] {manager.py:507} INFO - Created Permission View: can read on DAG:elastic_dag
[2024-09-14T10:43:57.417+0000] {logging_mixin.py:120} INFO - [2024-09-14T10:43:57.417+0000] {manager.py:507} INFO - Created Permission View: can delete on DAG:elastic_dag
[2024-09-14T10:43:57.426+0000] {logging_mixin.py:120} INFO - [2024-09-14T10:43:57.426+0000] {manager.py:507} INFO - Created Permission View: can edit on DAG:elastic_dag
[2024-09-14T10:43:57.427+0000] {logging_mixin.py:120} INFO - [2024-09-14T10:43:57.427+0000] {dag.py:2585} INFO - Sync 1 DAGs
[2024-09-14T10:43:57.609+0000] {logging_mixin.py:120} INFO - [2024-09-14T10:43:57.608+0000] {dag.py:2606} INFO - Creating ORM DAG for elastic_dag
[2024-09-14T10:43:57.623+0000] {logging_mixin.py:120} INFO - [2024-09-14T10:43:57.623+0000] {dag.py:3340} INFO - Setting next_dagrun for elastic_dag to 2024-09-13T00:00:00+00:00, run_after=2024-09-14T00:00:00+00:00
[2024-09-14T10:43:57.645+0000] {processor.py:176} INFO - Processing /opt/airflow/dags/elastic_dag.py took 0.871 seconds
[2024-09-14T10:44:27.892+0000] {processor.py:154} INFO - Started process (PID=429) to work on /opt/airflow/dags/elastic_dag.py
[2024-09-14T10:44:27.893+0000] {processor.py:756} INFO - Processing file /opt/airflow/dags/elastic_dag.py for tasks to queue
[2024-09-14T10:44:27.894+0000] {logging_mixin.py:120} INFO - [2024-09-14T10:44:27.894+0000] {dagbag.py:537} INFO - Filling up the DagBag from /opt/airflow/dags/elastic_dag.py
[2024-09-14T10:44:28.326+0000] {processor.py:766} INFO - DAG(s) dict_keys(['elastic_dag']) retrieved from /opt/airflow/dags/elastic_dag.py
[2024-09-14T10:44:28.374+0000] {logging_mixin.py:120} INFO - [2024-09-14T10:44:28.373+0000] {dag.py:2585} INFO - Sync 1 DAGs
[2024-09-14T10:44:28.407+0000] {logging_mixin.py:120} INFO - [2024-09-14T10:44:28.407+0000] {dag.py:3340} INFO - Setting next_dagrun for elastic_dag to 2024-09-14T00:00:00+00:00, run_after=2024-09-15T00:00:00+00:00
[2024-09-14T10:44:28.434+0000] {processor.py:176} INFO - Processing /opt/airflow/dags/elastic_dag.py took 0.545 seconds
[2024-09-14T10:44:58.778+0000] {processor.py:154} INFO - Started process (PID=467) to work on /opt/airflow/dags/elastic_dag.py
[2024-09-14T10:44:58.780+0000] {processor.py:756} INFO - Processing file /opt/airflow/dags/elastic_dag.py for tasks to queue
[2024-09-14T10:44:58.781+0000] {logging_mixin.py:120} INFO - [2024-09-14T10:44:58.781+0000] {dagbag.py:537} INFO - Filling up the DagBag from /opt/airflow/dags/elastic_dag.py
[2024-09-14T10:44:59.139+0000] {processor.py:766} INFO - DAG(s) dict_keys(['elastic_dag']) retrieved from /opt/airflow/dags/elastic_dag.py
[2024-09-14T10:44:59.180+0000] {logging_mixin.py:120} INFO - [2024-09-14T10:44:59.180+0000] {dag.py:2585} INFO - Sync 1 DAGs
[2024-09-14T10:44:59.231+0000] {logging_mixin.py:120} INFO - [2024-09-14T10:44:59.231+0000] {dag.py:3340} INFO - Setting next_dagrun for elastic_dag to 2024-09-14T00:00:00+00:00, run_after=2024-09-15T00:00:00+00:00
[2024-09-14T10:44:59.388+0000] {processor.py:176} INFO - Processing /opt/airflow/dags/elastic_dag.py took 0.613 seconds
[2024-09-14T10:45:30.168+0000] {processor.py:154} INFO - Started process (PID=496) to work on /opt/airflow/dags/elastic_dag.py
[2024-09-14T10:45:30.169+0000] {processor.py:756} INFO - Processing file /opt/airflow/dags/elastic_dag.py for tasks to queue
[2024-09-14T10:45:30.170+0000] {logging_mixin.py:120} INFO - [2024-09-14T10:45:30.170+0000] {dagbag.py:537} INFO - Filling up the DagBag from /opt/airflow/dags/elastic_dag.py
[2024-09-14T10:45:30.646+0000] {processor.py:766} INFO - DAG(s) dict_keys(['elastic_dag']) retrieved from /opt/airflow/dags/elastic_dag.py
[2024-09-14T10:45:30.692+0000] {logging_mixin.py:120} INFO - [2024-09-14T10:45:30.692+0000] {dag.py:2585} INFO - Sync 1 DAGs
[2024-09-14T10:45:30.792+0000] {logging_mixin.py:120} INFO - [2024-09-14T10:45:30.791+0000] {dag.py:3340} INFO - Setting next_dagrun for elastic_dag to 2024-09-14T00:00:00+00:00, run_after=2024-09-15T00:00:00+00:00
[2024-09-14T10:45:30.821+0000] {processor.py:176} INFO - Processing /opt/airflow/dags/elastic_dag.py took 0.657 seconds
[2024-09-14T10:45:46.913+0000] {processor.py:154} INFO - Started process (PID=523) to work on /opt/airflow/dags/elastic_dag.py
[2024-09-14T10:45:46.915+0000] {processor.py:756} INFO - Processing file /opt/airflow/dags/elastic_dag.py for tasks to queue
[2024-09-14T10:45:46.916+0000] {logging_mixin.py:120} INFO - [2024-09-14T10:45:46.916+0000] {dagbag.py:537} INFO - Filling up the DagBag from /opt/airflow/dags/elastic_dag.py
[2024-09-14T10:45:47.017+0000] {logging_mixin.py:120} INFO - [2024-09-14T10:45:46.961+0000] {dagbag.py:342} ERROR - Failed to import: /opt/airflow/dags/elastic_dag.py
Traceback (most recent call last):
  File "/home/airflow/.local/lib/python3.7/site-packages/airflow/models/dagbag.py", line 338, in parse
    loader.exec_module(new_module)
  File "<frozen importlib._bootstrap_external>", line 728, in exec_module
  File "<frozen importlib._bootstrap>", line 219, in _call_with_frames_removed
  File "/opt/airflow/dags/elastic_dag.py", line 3, in <module>
    from plugins.hooks.elastic.elastic_hook import ElasticHook
ModuleNotFoundError: No module named 'plugins'
[2024-09-14T10:45:47.028+0000] {processor.py:768} WARNING - No viable dags retrieved from /opt/airflow/dags/elastic_dag.py
[2024-09-14T10:45:47.056+0000] {processor.py:176} INFO - Processing /opt/airflow/dags/elastic_dag.py took 0.146 seconds
[2024-09-14T10:46:05.959+0000] {processor.py:154} INFO - Started process (PID=535) to work on /opt/airflow/dags/elastic_dag.py
[2024-09-14T10:46:05.961+0000] {processor.py:756} INFO - Processing file /opt/airflow/dags/elastic_dag.py for tasks to queue
[2024-09-14T10:46:05.962+0000] {logging_mixin.py:120} INFO - [2024-09-14T10:46:05.962+0000] {dagbag.py:537} INFO - Filling up the DagBag from /opt/airflow/dags/elastic_dag.py
[2024-09-14T10:46:06.402+0000] {processor.py:766} INFO - DAG(s) dict_keys(['elastic_dag']) retrieved from /opt/airflow/dags/elastic_dag.py
[2024-09-14T10:46:06.439+0000] {logging_mixin.py:120} INFO - [2024-09-14T10:46:06.439+0000] {dag.py:2585} INFO - Sync 1 DAGs
[2024-09-14T10:46:06.474+0000] {logging_mixin.py:120} INFO - [2024-09-14T10:46:06.474+0000] {dag.py:3340} INFO - Setting next_dagrun for elastic_dag to 2024-09-14T00:00:00+00:00, run_after=2024-09-15T00:00:00+00:00
[2024-09-14T10:46:06.545+0000] {processor.py:176} INFO - Processing /opt/airflow/dags/elastic_dag.py took 0.589 seconds
[2024-09-14T10:46:38.335+0000] {processor.py:154} INFO - Started process (PID=573) to work on /opt/airflow/dags/elastic_dag.py
[2024-09-14T10:46:38.336+0000] {processor.py:756} INFO - Processing file /opt/airflow/dags/elastic_dag.py for tasks to queue
[2024-09-14T10:46:38.338+0000] {logging_mixin.py:120} INFO - [2024-09-14T10:46:38.338+0000] {dagbag.py:537} INFO - Filling up the DagBag from /opt/airflow/dags/elastic_dag.py
[2024-09-14T10:46:38.667+0000] {processor.py:766} INFO - DAG(s) dict_keys(['elastic_dag']) retrieved from /opt/airflow/dags/elastic_dag.py
[2024-09-14T10:46:38.719+0000] {logging_mixin.py:120} INFO - [2024-09-14T10:46:38.718+0000] {dag.py:2585} INFO - Sync 1 DAGs
[2024-09-14T10:46:38.770+0000] {logging_mixin.py:120} INFO - [2024-09-14T10:46:38.770+0000] {dag.py:3340} INFO - Setting next_dagrun for elastic_dag to 2024-09-14T00:00:00+00:00, run_after=2024-09-15T00:00:00+00:00
[2024-09-14T10:46:38.806+0000] {processor.py:176} INFO - Processing /opt/airflow/dags/elastic_dag.py took 0.474 seconds
[2024-09-14T10:47:09.191+0000] {processor.py:154} INFO - Started process (PID=612) to work on /opt/airflow/dags/elastic_dag.py
[2024-09-14T10:47:09.192+0000] {processor.py:756} INFO - Processing file /opt/airflow/dags/elastic_dag.py for tasks to queue
[2024-09-14T10:47:09.194+0000] {logging_mixin.py:120} INFO - [2024-09-14T10:47:09.193+0000] {dagbag.py:537} INFO - Filling up the DagBag from /opt/airflow/dags/elastic_dag.py
[2024-09-14T10:47:09.538+0000] {processor.py:766} INFO - DAG(s) dict_keys(['elastic_dag']) retrieved from /opt/airflow/dags/elastic_dag.py
[2024-09-14T10:47:09.639+0000] {logging_mixin.py:120} INFO - [2024-09-14T10:47:09.638+0000] {dag.py:2585} INFO - Sync 1 DAGs
[2024-09-14T10:47:09.710+0000] {logging_mixin.py:120} INFO - [2024-09-14T10:47:09.710+0000] {dag.py:3340} INFO - Setting next_dagrun for elastic_dag to 2024-09-14T00:00:00+00:00, run_after=2024-09-15T00:00:00+00:00
[2024-09-14T10:47:09.746+0000] {processor.py:176} INFO - Processing /opt/airflow/dags/elastic_dag.py took 0.559 seconds
[2024-09-14T10:47:40.118+0000] {processor.py:154} INFO - Started process (PID=641) to work on /opt/airflow/dags/elastic_dag.py
[2024-09-14T10:47:40.123+0000] {processor.py:756} INFO - Processing file /opt/airflow/dags/elastic_dag.py for tasks to queue
[2024-09-14T10:47:40.125+0000] {logging_mixin.py:120} INFO - [2024-09-14T10:47:40.125+0000] {dagbag.py:537} INFO - Filling up the DagBag from /opt/airflow/dags/elastic_dag.py
[2024-09-14T10:47:40.768+0000] {processor.py:766} INFO - DAG(s) dict_keys(['elastic_dag']) retrieved from /opt/airflow/dags/elastic_dag.py
[2024-09-14T10:47:40.811+0000] {logging_mixin.py:120} INFO - [2024-09-14T10:47:40.810+0000] {dag.py:2585} INFO - Sync 1 DAGs
[2024-09-14T10:47:40.843+0000] {logging_mixin.py:120} INFO - [2024-09-14T10:47:40.843+0000] {dag.py:3340} INFO - Setting next_dagrun for elastic_dag to 2024-09-14T00:00:00+00:00, run_after=2024-09-15T00:00:00+00:00
[2024-09-14T10:47:40.869+0000] {processor.py:176} INFO - Processing /opt/airflow/dags/elastic_dag.py took 0.755 seconds
[2024-09-14T10:48:11.260+0000] {processor.py:154} INFO - Started process (PID=680) to work on /opt/airflow/dags/elastic_dag.py
[2024-09-14T10:48:11.262+0000] {processor.py:756} INFO - Processing file /opt/airflow/dags/elastic_dag.py for tasks to queue
[2024-09-14T10:48:11.264+0000] {logging_mixin.py:120} INFO - [2024-09-14T10:48:11.264+0000] {dagbag.py:537} INFO - Filling up the DagBag from /opt/airflow/dags/elastic_dag.py
[2024-09-14T10:48:11.745+0000] {processor.py:766} INFO - DAG(s) dict_keys(['elastic_dag']) retrieved from /opt/airflow/dags/elastic_dag.py
[2024-09-14T10:48:11.785+0000] {logging_mixin.py:120} INFO - [2024-09-14T10:48:11.784+0000] {dag.py:2585} INFO - Sync 1 DAGs
[2024-09-14T10:48:11.814+0000] {logging_mixin.py:120} INFO - [2024-09-14T10:48:11.814+0000] {dag.py:3340} INFO - Setting next_dagrun for elastic_dag to 2024-09-14T00:00:00+00:00, run_after=2024-09-15T00:00:00+00:00
[2024-09-14T10:48:11.841+0000] {processor.py:176} INFO - Processing /opt/airflow/dags/elastic_dag.py took 0.585 seconds
[2024-09-14T10:48:42.108+0000] {processor.py:154} INFO - Started process (PID=718) to work on /opt/airflow/dags/elastic_dag.py
[2024-09-14T10:48:42.110+0000] {processor.py:756} INFO - Processing file /opt/airflow/dags/elastic_dag.py for tasks to queue
[2024-09-14T10:48:42.111+0000] {logging_mixin.py:120} INFO - [2024-09-14T10:48:42.111+0000] {dagbag.py:537} INFO - Filling up the DagBag from /opt/airflow/dags/elastic_dag.py
[2024-09-14T10:48:42.580+0000] {processor.py:766} INFO - DAG(s) dict_keys(['elastic_dag']) retrieved from /opt/airflow/dags/elastic_dag.py
[2024-09-14T10:48:42.645+0000] {logging_mixin.py:120} INFO - [2024-09-14T10:48:42.645+0000] {dag.py:2585} INFO - Sync 1 DAGs
[2024-09-14T10:48:42.688+0000] {logging_mixin.py:120} INFO - [2024-09-14T10:48:42.688+0000] {dag.py:3340} INFO - Setting next_dagrun for elastic_dag to 2024-09-14T00:00:00+00:00, run_after=2024-09-15T00:00:00+00:00
[2024-09-14T10:48:42.724+0000] {processor.py:176} INFO - Processing /opt/airflow/dags/elastic_dag.py took 0.621 seconds
[2024-09-14T10:49:12.823+0000] {processor.py:154} INFO - Started process (PID=747) to work on /opt/airflow/dags/elastic_dag.py
[2024-09-14T10:49:12.826+0000] {processor.py:756} INFO - Processing file /opt/airflow/dags/elastic_dag.py for tasks to queue
[2024-09-14T10:49:12.827+0000] {logging_mixin.py:120} INFO - [2024-09-14T10:49:12.827+0000] {dagbag.py:537} INFO - Filling up the DagBag from /opt/airflow/dags/elastic_dag.py
[2024-09-14T10:49:13.157+0000] {processor.py:766} INFO - DAG(s) dict_keys(['elastic_dag']) retrieved from /opt/airflow/dags/elastic_dag.py
[2024-09-14T10:49:13.205+0000] {logging_mixin.py:120} INFO - [2024-09-14T10:49:13.205+0000] {dag.py:2585} INFO - Sync 1 DAGs
[2024-09-14T10:49:13.231+0000] {logging_mixin.py:120} INFO - [2024-09-14T10:49:13.231+0000] {dag.py:3340} INFO - Setting next_dagrun for elastic_dag to 2024-09-14T00:00:00+00:00, run_after=2024-09-15T00:00:00+00:00
[2024-09-14T10:49:13.252+0000] {processor.py:176} INFO - Processing /opt/airflow/dags/elastic_dag.py took 0.432 seconds
[2024-09-14T10:49:44.035+0000] {processor.py:154} INFO - Started process (PID=784) to work on /opt/airflow/dags/elastic_dag.py
[2024-09-14T10:49:44.040+0000] {processor.py:756} INFO - Processing file /opt/airflow/dags/elastic_dag.py for tasks to queue
[2024-09-14T10:49:44.066+0000] {logging_mixin.py:120} INFO - [2024-09-14T10:49:44.066+0000] {dagbag.py:537} INFO - Filling up the DagBag from /opt/airflow/dags/elastic_dag.py
[2024-09-14T10:49:44.937+0000] {processor.py:766} INFO - DAG(s) dict_keys(['elastic_dag']) retrieved from /opt/airflow/dags/elastic_dag.py
[2024-09-14T10:49:45.055+0000] {logging_mixin.py:120} INFO - [2024-09-14T10:49:45.054+0000] {dag.py:2585} INFO - Sync 1 DAGs
[2024-09-14T10:49:45.149+0000] {logging_mixin.py:120} INFO - [2024-09-14T10:49:45.149+0000] {dag.py:3340} INFO - Setting next_dagrun for elastic_dag to 2024-09-14T00:00:00+00:00, run_after=2024-09-15T00:00:00+00:00
[2024-09-14T10:49:45.478+0000] {processor.py:176} INFO - Processing /opt/airflow/dags/elastic_dag.py took 1.446 seconds
[2024-09-14T10:50:16.375+0000] {processor.py:154} INFO - Started process (PID=823) to work on /opt/airflow/dags/elastic_dag.py
[2024-09-14T10:50:16.378+0000] {processor.py:756} INFO - Processing file /opt/airflow/dags/elastic_dag.py for tasks to queue
[2024-09-14T10:50:16.384+0000] {logging_mixin.py:120} INFO - [2024-09-14T10:50:16.383+0000] {dagbag.py:537} INFO - Filling up the DagBag from /opt/airflow/dags/elastic_dag.py
[2024-09-14T10:50:16.976+0000] {processor.py:766} INFO - DAG(s) dict_keys(['elastic_dag']) retrieved from /opt/airflow/dags/elastic_dag.py
[2024-09-14T10:50:17.033+0000] {logging_mixin.py:120} INFO - [2024-09-14T10:50:17.032+0000] {dag.py:2585} INFO - Sync 1 DAGs
[2024-09-14T10:50:17.081+0000] {logging_mixin.py:120} INFO - [2024-09-14T10:50:17.081+0000] {dag.py:3340} INFO - Setting next_dagrun for elastic_dag to 2024-09-14T00:00:00+00:00, run_after=2024-09-15T00:00:00+00:00
[2024-09-14T10:50:17.116+0000] {processor.py:176} INFO - Processing /opt/airflow/dags/elastic_dag.py took 0.746 seconds
[2024-09-14T10:50:47.743+0000] {processor.py:154} INFO - Started process (PID=851) to work on /opt/airflow/dags/elastic_dag.py
[2024-09-14T10:50:47.772+0000] {processor.py:756} INFO - Processing file /opt/airflow/dags/elastic_dag.py for tasks to queue
[2024-09-14T10:50:47.922+0000] {logging_mixin.py:120} INFO - [2024-09-14T10:50:47.921+0000] {dagbag.py:537} INFO - Filling up the DagBag from /opt/airflow/dags/elastic_dag.py
[2024-09-14T10:50:50.652+0000] {processor.py:766} INFO - DAG(s) dict_keys(['elastic_dag']) retrieved from /opt/airflow/dags/elastic_dag.py
[2024-09-14T10:50:50.732+0000] {logging_mixin.py:120} INFO - [2024-09-14T10:50:50.731+0000] {dag.py:2585} INFO - Sync 1 DAGs
[2024-09-14T10:50:50.796+0000] {logging_mixin.py:120} INFO - [2024-09-14T10:50:50.796+0000] {dag.py:3340} INFO - Setting next_dagrun for elastic_dag to 2024-09-14T00:00:00+00:00, run_after=2024-09-15T00:00:00+00:00
[2024-09-14T10:50:50.843+0000] {processor.py:176} INFO - Processing /opt/airflow/dags/elastic_dag.py took 3.104 seconds
[2024-09-14T10:51:20.996+0000] {processor.py:154} INFO - Started process (PID=894) to work on /opt/airflow/dags/elastic_dag.py
[2024-09-14T10:51:20.998+0000] {processor.py:756} INFO - Processing file /opt/airflow/dags/elastic_dag.py for tasks to queue
[2024-09-14T10:51:20.999+0000] {logging_mixin.py:120} INFO - [2024-09-14T10:51:20.999+0000] {dagbag.py:537} INFO - Filling up the DagBag from /opt/airflow/dags/elastic_dag.py
[2024-09-14T10:51:21.810+0000] {processor.py:766} INFO - DAG(s) dict_keys(['elastic_dag']) retrieved from /opt/airflow/dags/elastic_dag.py
[2024-09-14T10:51:21.913+0000] {logging_mixin.py:120} INFO - [2024-09-14T10:51:21.913+0000] {dag.py:2585} INFO - Sync 1 DAGs
[2024-09-14T10:51:22.003+0000] {logging_mixin.py:120} INFO - [2024-09-14T10:51:22.003+0000] {dag.py:3340} INFO - Setting next_dagrun for elastic_dag to 2024-09-14T00:00:00+00:00, run_after=2024-09-15T00:00:00+00:00
[2024-09-14T10:51:22.397+0000] {processor.py:176} INFO - Processing /opt/airflow/dags/elastic_dag.py took 1.403 seconds
[2024-09-14T10:51:53.208+0000] {processor.py:154} INFO - Started process (PID=934) to work on /opt/airflow/dags/elastic_dag.py
[2024-09-14T10:51:53.214+0000] {processor.py:756} INFO - Processing file /opt/airflow/dags/elastic_dag.py for tasks to queue
[2024-09-14T10:51:53.215+0000] {logging_mixin.py:120} INFO - [2024-09-14T10:51:53.215+0000] {dagbag.py:537} INFO - Filling up the DagBag from /opt/airflow/dags/elastic_dag.py
[2024-09-14T10:51:53.780+0000] {processor.py:766} INFO - DAG(s) dict_keys(['elastic_dag']) retrieved from /opt/airflow/dags/elastic_dag.py
[2024-09-14T10:51:53.822+0000] {logging_mixin.py:120} INFO - [2024-09-14T10:51:53.821+0000] {dag.py:2585} INFO - Sync 1 DAGs
[2024-09-14T10:51:53.858+0000] {logging_mixin.py:120} INFO - [2024-09-14T10:51:53.857+0000] {dag.py:3340} INFO - Setting next_dagrun for elastic_dag to 2024-09-14T00:00:00+00:00, run_after=2024-09-15T00:00:00+00:00
[2024-09-14T10:51:53.891+0000] {processor.py:176} INFO - Processing /opt/airflow/dags/elastic_dag.py took 0.687 seconds
[2024-09-14T10:52:24.018+0000] {processor.py:154} INFO - Started process (PID=962) to work on /opt/airflow/dags/elastic_dag.py
[2024-09-14T10:52:24.020+0000] {processor.py:756} INFO - Processing file /opt/airflow/dags/elastic_dag.py for tasks to queue
[2024-09-14T10:52:24.022+0000] {logging_mixin.py:120} INFO - [2024-09-14T10:52:24.021+0000] {dagbag.py:537} INFO - Filling up the DagBag from /opt/airflow/dags/elastic_dag.py
[2024-09-14T10:52:24.434+0000] {processor.py:766} INFO - DAG(s) dict_keys(['elastic_dag']) retrieved from /opt/airflow/dags/elastic_dag.py
[2024-09-14T10:52:24.501+0000] {logging_mixin.py:120} INFO - [2024-09-14T10:52:24.500+0000] {dag.py:2585} INFO - Sync 1 DAGs
[2024-09-14T10:52:24.529+0000] {logging_mixin.py:120} INFO - [2024-09-14T10:52:24.529+0000] {dag.py:3340} INFO - Setting next_dagrun for elastic_dag to 2024-09-14T00:00:00+00:00, run_after=2024-09-15T00:00:00+00:00
[2024-09-14T10:52:24.566+0000] {processor.py:176} INFO - Processing /opt/airflow/dags/elastic_dag.py took 0.552 seconds
[2024-09-14T10:52:55.157+0000] {processor.py:154} INFO - Started process (PID=999) to work on /opt/airflow/dags/elastic_dag.py
[2024-09-14T10:52:55.159+0000] {processor.py:756} INFO - Processing file /opt/airflow/dags/elastic_dag.py for tasks to queue
[2024-09-14T10:52:55.160+0000] {logging_mixin.py:120} INFO - [2024-09-14T10:52:55.160+0000] {dagbag.py:537} INFO - Filling up the DagBag from /opt/airflow/dags/elastic_dag.py
[2024-09-14T10:52:55.538+0000] {processor.py:766} INFO - DAG(s) dict_keys(['elastic_dag']) retrieved from /opt/airflow/dags/elastic_dag.py
[2024-09-14T10:52:55.581+0000] {logging_mixin.py:120} INFO - [2024-09-14T10:52:55.580+0000] {dag.py:2585} INFO - Sync 1 DAGs
[2024-09-14T10:52:55.615+0000] {logging_mixin.py:120} INFO - [2024-09-14T10:52:55.615+0000] {dag.py:3340} INFO - Setting next_dagrun for elastic_dag to 2024-09-14T00:00:00+00:00, run_after=2024-09-15T00:00:00+00:00
[2024-09-14T10:52:55.727+0000] {processor.py:176} INFO - Processing /opt/airflow/dags/elastic_dag.py took 0.581 seconds
[2024-09-14T10:53:25.962+0000] {processor.py:154} INFO - Started process (PID=1036) to work on /opt/airflow/dags/elastic_dag.py
[2024-09-14T10:53:25.963+0000] {processor.py:756} INFO - Processing file /opt/airflow/dags/elastic_dag.py for tasks to queue
[2024-09-14T10:53:25.964+0000] {logging_mixin.py:120} INFO - [2024-09-14T10:53:25.964+0000] {dagbag.py:537} INFO - Filling up the DagBag from /opt/airflow/dags/elastic_dag.py
[2024-09-14T10:53:26.649+0000] {processor.py:766} INFO - DAG(s) dict_keys(['elastic_dag']) retrieved from /opt/airflow/dags/elastic_dag.py
[2024-09-14T10:53:26.713+0000] {logging_mixin.py:120} INFO - [2024-09-14T10:53:26.712+0000] {dag.py:2585} INFO - Sync 1 DAGs
[2024-09-14T10:53:26.753+0000] {logging_mixin.py:120} INFO - [2024-09-14T10:53:26.753+0000] {dag.py:3340} INFO - Setting next_dagrun for elastic_dag to 2024-09-14T00:00:00+00:00, run_after=2024-09-15T00:00:00+00:00
[2024-09-14T10:53:26.806+0000] {processor.py:176} INFO - Processing /opt/airflow/dags/elastic_dag.py took 0.852 seconds
[2024-09-14T10:53:58.249+0000] {processor.py:154} INFO - Started process (PID=1065) to work on /opt/airflow/dags/elastic_dag.py
[2024-09-14T10:53:58.250+0000] {processor.py:756} INFO - Processing file /opt/airflow/dags/elastic_dag.py for tasks to queue
[2024-09-14T10:53:58.251+0000] {logging_mixin.py:120} INFO - [2024-09-14T10:53:58.251+0000] {dagbag.py:537} INFO - Filling up the DagBag from /opt/airflow/dags/elastic_dag.py
[2024-09-14T10:53:58.715+0000] {processor.py:766} INFO - DAG(s) dict_keys(['elastic_dag']) retrieved from /opt/airflow/dags/elastic_dag.py
[2024-09-14T10:53:58.752+0000] {logging_mixin.py:120} INFO - [2024-09-14T10:53:58.752+0000] {dag.py:2585} INFO - Sync 1 DAGs
[2024-09-14T10:53:58.839+0000] {logging_mixin.py:120} INFO - [2024-09-14T10:53:58.839+0000] {dag.py:3340} INFO - Setting next_dagrun for elastic_dag to 2024-09-14T00:00:00+00:00, run_after=2024-09-15T00:00:00+00:00
[2024-09-14T10:53:58.863+0000] {processor.py:176} INFO - Processing /opt/airflow/dags/elastic_dag.py took 0.616 seconds
[2024-09-14T10:54:29.076+0000] {processor.py:154} INFO - Started process (PID=1103) to work on /opt/airflow/dags/elastic_dag.py
[2024-09-14T10:54:29.078+0000] {processor.py:756} INFO - Processing file /opt/airflow/dags/elastic_dag.py for tasks to queue
[2024-09-14T10:54:29.079+0000] {logging_mixin.py:120} INFO - [2024-09-14T10:54:29.078+0000] {dagbag.py:537} INFO - Filling up the DagBag from /opt/airflow/dags/elastic_dag.py
[2024-09-14T10:54:29.389+0000] {processor.py:766} INFO - DAG(s) dict_keys(['elastic_dag']) retrieved from /opt/airflow/dags/elastic_dag.py
[2024-09-14T10:54:29.472+0000] {logging_mixin.py:120} INFO - [2024-09-14T10:54:29.472+0000] {dag.py:2585} INFO - Sync 1 DAGs
[2024-09-14T10:54:29.550+0000] {logging_mixin.py:120} INFO - [2024-09-14T10:54:29.549+0000] {dag.py:3340} INFO - Setting next_dagrun for elastic_dag to 2024-09-14T00:00:00+00:00, run_after=2024-09-15T00:00:00+00:00
[2024-09-14T10:54:29.650+0000] {processor.py:176} INFO - Processing /opt/airflow/dags/elastic_dag.py took 0.578 seconds
[2024-09-14T10:54:59.924+0000] {processor.py:154} INFO - Started process (PID=1143) to work on /opt/airflow/dags/elastic_dag.py
[2024-09-14T10:54:59.925+0000] {processor.py:756} INFO - Processing file /opt/airflow/dags/elastic_dag.py for tasks to queue
[2024-09-14T10:54:59.927+0000] {logging_mixin.py:120} INFO - [2024-09-14T10:54:59.926+0000] {dagbag.py:537} INFO - Filling up the DagBag from /opt/airflow/dags/elastic_dag.py
[2024-09-14T10:55:00.339+0000] {processor.py:766} INFO - DAG(s) dict_keys(['elastic_dag']) retrieved from /opt/airflow/dags/elastic_dag.py
[2024-09-14T10:55:00.384+0000] {logging_mixin.py:120} INFO - [2024-09-14T10:55:00.384+0000] {dag.py:2585} INFO - Sync 1 DAGs
[2024-09-14T10:55:00.422+0000] {logging_mixin.py:120} INFO - [2024-09-14T10:55:00.421+0000] {dag.py:3340} INFO - Setting next_dagrun for elastic_dag to 2024-09-14T00:00:00+00:00, run_after=2024-09-15T00:00:00+00:00
[2024-09-14T10:55:00.453+0000] {processor.py:176} INFO - Processing /opt/airflow/dags/elastic_dag.py took 0.533 seconds
[2024-09-14T10:55:31.288+0000] {processor.py:154} INFO - Started process (PID=1172) to work on /opt/airflow/dags/elastic_dag.py
[2024-09-14T10:55:31.315+0000] {processor.py:756} INFO - Processing file /opt/airflow/dags/elastic_dag.py for tasks to queue
[2024-09-14T10:55:31.317+0000] {logging_mixin.py:120} INFO - [2024-09-14T10:55:31.317+0000] {dagbag.py:537} INFO - Filling up the DagBag from /opt/airflow/dags/elastic_dag.py
[2024-09-14T10:55:31.736+0000] {processor.py:766} INFO - DAG(s) dict_keys(['elastic_dag']) retrieved from /opt/airflow/dags/elastic_dag.py
[2024-09-14T10:55:31.784+0000] {logging_mixin.py:120} INFO - [2024-09-14T10:55:31.783+0000] {dag.py:2585} INFO - Sync 1 DAGs
[2024-09-14T10:55:31.814+0000] {logging_mixin.py:120} INFO - [2024-09-14T10:55:31.814+0000] {dag.py:3340} INFO - Setting next_dagrun for elastic_dag to 2024-09-14T00:00:00+00:00, run_after=2024-09-15T00:00:00+00:00
[2024-09-14T10:55:31.838+0000] {processor.py:176} INFO - Processing /opt/airflow/dags/elastic_dag.py took 0.554 seconds
[2024-09-14T10:56:02.403+0000] {processor.py:154} INFO - Started process (PID=1210) to work on /opt/airflow/dags/elastic_dag.py
[2024-09-14T10:56:02.405+0000] {processor.py:756} INFO - Processing file /opt/airflow/dags/elastic_dag.py for tasks to queue
[2024-09-14T10:56:02.406+0000] {logging_mixin.py:120} INFO - [2024-09-14T10:56:02.406+0000] {dagbag.py:537} INFO - Filling up the DagBag from /opt/airflow/dags/elastic_dag.py
[2024-09-14T10:56:02.904+0000] {processor.py:766} INFO - DAG(s) dict_keys(['elastic_dag']) retrieved from /opt/airflow/dags/elastic_dag.py
[2024-09-14T10:56:02.949+0000] {logging_mixin.py:120} INFO - [2024-09-14T10:56:02.949+0000] {dag.py:2585} INFO - Sync 1 DAGs
[2024-09-14T10:56:03.005+0000] {logging_mixin.py:120} INFO - [2024-09-14T10:56:03.005+0000] {dag.py:3340} INFO - Setting next_dagrun for elastic_dag to 2024-09-14T00:00:00+00:00, run_after=2024-09-15T00:00:00+00:00
[2024-09-14T10:56:03.120+0000] {processor.py:176} INFO - Processing /opt/airflow/dags/elastic_dag.py took 0.720 seconds
[2024-09-14T10:56:33.420+0000] {processor.py:154} INFO - Started process (PID=1241) to work on /opt/airflow/dags/elastic_dag.py
[2024-09-14T10:56:33.422+0000] {processor.py:756} INFO - Processing file /opt/airflow/dags/elastic_dag.py for tasks to queue
[2024-09-14T10:56:33.423+0000] {logging_mixin.py:120} INFO - [2024-09-14T10:56:33.423+0000] {dagbag.py:537} INFO - Filling up the DagBag from /opt/airflow/dags/elastic_dag.py
[2024-09-14T10:56:33.857+0000] {processor.py:766} INFO - DAG(s) dict_keys(['elastic_dag']) retrieved from /opt/airflow/dags/elastic_dag.py
[2024-09-14T10:56:33.900+0000] {logging_mixin.py:120} INFO - [2024-09-14T10:56:33.899+0000] {dag.py:2585} INFO - Sync 1 DAGs
[2024-09-14T10:56:33.934+0000] {logging_mixin.py:120} INFO - [2024-09-14T10:56:33.934+0000] {dag.py:3340} INFO - Setting next_dagrun for elastic_dag to 2024-09-14T00:00:00+00:00, run_after=2024-09-15T00:00:00+00:00
[2024-09-14T10:56:33.959+0000] {processor.py:176} INFO - Processing /opt/airflow/dags/elastic_dag.py took 0.544 seconds
[2024-09-14T10:57:04.083+0000] {processor.py:154} INFO - Started process (PID=1278) to work on /opt/airflow/dags/elastic_dag.py
[2024-09-14T10:57:04.084+0000] {processor.py:756} INFO - Processing file /opt/airflow/dags/elastic_dag.py for tasks to queue
[2024-09-14T10:57:04.085+0000] {logging_mixin.py:120} INFO - [2024-09-14T10:57:04.085+0000] {dagbag.py:537} INFO - Filling up the DagBag from /opt/airflow/dags/elastic_dag.py
[2024-09-14T10:57:04.451+0000] {processor.py:766} INFO - DAG(s) dict_keys(['elastic_dag']) retrieved from /opt/airflow/dags/elastic_dag.py
[2024-09-14T10:57:04.508+0000] {logging_mixin.py:120} INFO - [2024-09-14T10:57:04.507+0000] {dag.py:2585} INFO - Sync 1 DAGs
[2024-09-14T10:57:04.540+0000] {logging_mixin.py:120} INFO - [2024-09-14T10:57:04.540+0000] {dag.py:3340} INFO - Setting next_dagrun for elastic_dag to 2024-09-14T00:00:00+00:00, run_after=2024-09-15T00:00:00+00:00
[2024-09-14T10:57:04.687+0000] {processor.py:176} INFO - Processing /opt/airflow/dags/elastic_dag.py took 0.608 seconds
[2024-09-14T10:57:35.626+0000] {processor.py:154} INFO - Started process (PID=1314) to work on /opt/airflow/dags/elastic_dag.py
[2024-09-14T10:57:35.647+0000] {processor.py:756} INFO - Processing file /opt/airflow/dags/elastic_dag.py for tasks to queue
[2024-09-14T10:57:35.649+0000] {logging_mixin.py:120} INFO - [2024-09-14T10:57:35.649+0000] {dagbag.py:537} INFO - Filling up the DagBag from /opt/airflow/dags/elastic_dag.py
[2024-09-14T10:57:36.615+0000] {processor.py:766} INFO - DAG(s) dict_keys(['elastic_dag']) retrieved from /opt/airflow/dags/elastic_dag.py
[2024-09-14T10:57:36.696+0000] {logging_mixin.py:120} INFO - [2024-09-14T10:57:36.695+0000] {dag.py:2585} INFO - Sync 1 DAGs
[2024-09-14T10:57:36.787+0000] {logging_mixin.py:120} INFO - [2024-09-14T10:57:36.786+0000] {dag.py:3340} INFO - Setting next_dagrun for elastic_dag to 2024-09-14T00:00:00+00:00, run_after=2024-09-15T00:00:00+00:00
[2024-09-14T10:57:36.848+0000] {processor.py:176} INFO - Processing /opt/airflow/dags/elastic_dag.py took 1.226 seconds
[2024-09-14T10:58:07.144+0000] {processor.py:154} INFO - Started process (PID=1344) to work on /opt/airflow/dags/elastic_dag.py
[2024-09-14T10:58:07.148+0000] {processor.py:756} INFO - Processing file /opt/airflow/dags/elastic_dag.py for tasks to queue
[2024-09-14T10:58:07.150+0000] {logging_mixin.py:120} INFO - [2024-09-14T10:58:07.149+0000] {dagbag.py:537} INFO - Filling up the DagBag from /opt/airflow/dags/elastic_dag.py
[2024-09-14T10:58:07.832+0000] {processor.py:766} INFO - DAG(s) dict_keys(['elastic_dag']) retrieved from /opt/airflow/dags/elastic_dag.py
[2024-09-14T10:58:07.878+0000] {logging_mixin.py:120} INFO - [2024-09-14T10:58:07.877+0000] {dag.py:2585} INFO - Sync 1 DAGs
[2024-09-14T10:58:07.927+0000] {logging_mixin.py:120} INFO - [2024-09-14T10:58:07.927+0000] {dag.py:3340} INFO - Setting next_dagrun for elastic_dag to 2024-09-14T00:00:00+00:00, run_after=2024-09-15T00:00:00+00:00
[2024-09-14T10:58:08.044+0000] {processor.py:176} INFO - Processing /opt/airflow/dags/elastic_dag.py took 0.904 seconds
[2024-09-14T10:58:38.365+0000] {processor.py:154} INFO - Started process (PID=1383) to work on /opt/airflow/dags/elastic_dag.py
[2024-09-14T10:58:38.367+0000] {processor.py:756} INFO - Processing file /opt/airflow/dags/elastic_dag.py for tasks to queue
[2024-09-14T10:58:38.368+0000] {logging_mixin.py:120} INFO - [2024-09-14T10:58:38.368+0000] {dagbag.py:537} INFO - Filling up the DagBag from /opt/airflow/dags/elastic_dag.py
[2024-09-14T10:58:38.816+0000] {processor.py:766} INFO - DAG(s) dict_keys(['elastic_dag']) retrieved from /opt/airflow/dags/elastic_dag.py
[2024-09-14T10:58:38.863+0000] {logging_mixin.py:120} INFO - [2024-09-14T10:58:38.863+0000] {dag.py:2585} INFO - Sync 1 DAGs
[2024-09-14T10:58:38.889+0000] {logging_mixin.py:120} INFO - [2024-09-14T10:58:38.889+0000] {dag.py:3340} INFO - Setting next_dagrun for elastic_dag to 2024-09-14T00:00:00+00:00, run_after=2024-09-15T00:00:00+00:00
[2024-09-14T10:58:38.908+0000] {processor.py:176} INFO - Processing /opt/airflow/dags/elastic_dag.py took 0.547 seconds
[2024-09-14T10:59:09.468+0000] {processor.py:154} INFO - Started process (PID=1421) to work on /opt/airflow/dags/elastic_dag.py
[2024-09-14T10:59:09.470+0000] {processor.py:756} INFO - Processing file /opt/airflow/dags/elastic_dag.py for tasks to queue
[2024-09-14T10:59:09.471+0000] {logging_mixin.py:120} INFO - [2024-09-14T10:59:09.471+0000] {dagbag.py:537} INFO - Filling up the DagBag from /opt/airflow/dags/elastic_dag.py
[2024-09-14T10:59:09.860+0000] {processor.py:766} INFO - DAG(s) dict_keys(['elastic_dag']) retrieved from /opt/airflow/dags/elastic_dag.py
[2024-09-14T10:59:09.902+0000] {logging_mixin.py:120} INFO - [2024-09-14T10:59:09.902+0000] {dag.py:2585} INFO - Sync 1 DAGs
[2024-09-14T10:59:09.943+0000] {logging_mixin.py:120} INFO - [2024-09-14T10:59:09.943+0000] {dag.py:3340} INFO - Setting next_dagrun for elastic_dag to 2024-09-14T00:00:00+00:00, run_after=2024-09-15T00:00:00+00:00
[2024-09-14T10:59:10.047+0000] {processor.py:176} INFO - Processing /opt/airflow/dags/elastic_dag.py took 0.582 seconds
[2024-09-14T10:59:40.728+0000] {processor.py:154} INFO - Started process (PID=1451) to work on /opt/airflow/dags/elastic_dag.py
[2024-09-14T10:59:40.733+0000] {processor.py:756} INFO - Processing file /opt/airflow/dags/elastic_dag.py for tasks to queue
[2024-09-14T10:59:40.738+0000] {logging_mixin.py:120} INFO - [2024-09-14T10:59:40.737+0000] {dagbag.py:537} INFO - Filling up the DagBag from /opt/airflow/dags/elastic_dag.py
[2024-09-14T10:59:41.330+0000] {processor.py:766} INFO - DAG(s) dict_keys(['elastic_dag']) retrieved from /opt/airflow/dags/elastic_dag.py
[2024-09-14T10:59:41.372+0000] {logging_mixin.py:120} INFO - [2024-09-14T10:59:41.371+0000] {dag.py:2585} INFO - Sync 1 DAGs
[2024-09-14T10:59:41.407+0000] {logging_mixin.py:120} INFO - [2024-09-14T10:59:41.407+0000] {dag.py:3340} INFO - Setting next_dagrun for elastic_dag to 2024-09-14T00:00:00+00:00, run_after=2024-09-15T00:00:00+00:00
[2024-09-14T10:59:41.427+0000] {processor.py:176} INFO - Processing /opt/airflow/dags/elastic_dag.py took 0.704 seconds
[2024-09-14T11:00:11.681+0000] {processor.py:154} INFO - Started process (PID=1492) to work on /opt/airflow/dags/elastic_dag.py
[2024-09-14T11:00:11.682+0000] {processor.py:756} INFO - Processing file /opt/airflow/dags/elastic_dag.py for tasks to queue
[2024-09-14T11:00:11.683+0000] {logging_mixin.py:120} INFO - [2024-09-14T11:00:11.683+0000] {dagbag.py:537} INFO - Filling up the DagBag from /opt/airflow/dags/elastic_dag.py
[2024-09-14T11:00:12.214+0000] {processor.py:766} INFO - DAG(s) dict_keys(['elastic_dag']) retrieved from /opt/airflow/dags/elastic_dag.py
[2024-09-14T11:00:12.282+0000] {logging_mixin.py:120} INFO - [2024-09-14T11:00:12.281+0000] {dag.py:2585} INFO - Sync 1 DAGs
[2024-09-14T11:00:12.325+0000] {logging_mixin.py:120} INFO - [2024-09-14T11:00:12.325+0000] {dag.py:3340} INFO - Setting next_dagrun for elastic_dag to 2024-09-14T00:00:00+00:00, run_after=2024-09-15T00:00:00+00:00
[2024-09-14T11:00:12.362+0000] {processor.py:176} INFO - Processing /opt/airflow/dags/elastic_dag.py took 0.684 seconds
[2024-09-14T11:00:43.057+0000] {processor.py:154} INFO - Started process (PID=1530) to work on /opt/airflow/dags/elastic_dag.py
[2024-09-14T11:00:43.134+0000] {processor.py:756} INFO - Processing file /opt/airflow/dags/elastic_dag.py for tasks to queue
[2024-09-14T11:00:43.155+0000] {logging_mixin.py:120} INFO - [2024-09-14T11:00:43.154+0000] {dagbag.py:537} INFO - Filling up the DagBag from /opt/airflow/dags/elastic_dag.py
[2024-09-14T11:00:43.814+0000] {processor.py:766} INFO - DAG(s) dict_keys(['elastic_dag']) retrieved from /opt/airflow/dags/elastic_dag.py
[2024-09-14T11:00:43.849+0000] {logging_mixin.py:120} INFO - [2024-09-14T11:00:43.848+0000] {dag.py:2585} INFO - Sync 1 DAGs
[2024-09-14T11:00:43.877+0000] {logging_mixin.py:120} INFO - [2024-09-14T11:00:43.877+0000] {dag.py:3340} INFO - Setting next_dagrun for elastic_dag to 2024-09-14T00:00:00+00:00, run_after=2024-09-15T00:00:00+00:00
[2024-09-14T11:00:43.902+0000] {processor.py:176} INFO - Processing /opt/airflow/dags/elastic_dag.py took 0.849 seconds
[2024-09-14T11:01:14.277+0000] {processor.py:154} INFO - Started process (PID=1569) to work on /opt/airflow/dags/elastic_dag.py
[2024-09-14T11:01:14.279+0000] {processor.py:756} INFO - Processing file /opt/airflow/dags/elastic_dag.py for tasks to queue
[2024-09-14T11:01:14.281+0000] {logging_mixin.py:120} INFO - [2024-09-14T11:01:14.280+0000] {dagbag.py:537} INFO - Filling up the DagBag from /opt/airflow/dags/elastic_dag.py
[2024-09-14T11:01:14.663+0000] {processor.py:766} INFO - DAG(s) dict_keys(['elastic_dag']) retrieved from /opt/airflow/dags/elastic_dag.py
[2024-09-14T11:01:14.718+0000] {logging_mixin.py:120} INFO - [2024-09-14T11:01:14.717+0000] {dag.py:2585} INFO - Sync 1 DAGs
[2024-09-14T11:01:14.763+0000] {logging_mixin.py:120} INFO - [2024-09-14T11:01:14.762+0000] {dag.py:3340} INFO - Setting next_dagrun for elastic_dag to 2024-09-14T00:00:00+00:00, run_after=2024-09-15T00:00:00+00:00
[2024-09-14T11:01:14.797+0000] {processor.py:176} INFO - Processing /opt/airflow/dags/elastic_dag.py took 0.525 seconds
[2024-09-14T11:01:45.085+0000] {processor.py:154} INFO - Started process (PID=1598) to work on /opt/airflow/dags/elastic_dag.py
[2024-09-14T11:01:45.087+0000] {processor.py:756} INFO - Processing file /opt/airflow/dags/elastic_dag.py for tasks to queue
[2024-09-14T11:01:45.089+0000] {logging_mixin.py:120} INFO - [2024-09-14T11:01:45.089+0000] {dagbag.py:537} INFO - Filling up the DagBag from /opt/airflow/dags/elastic_dag.py
[2024-09-14T11:01:45.376+0000] {processor.py:766} INFO - DAG(s) dict_keys(['elastic_dag']) retrieved from /opt/airflow/dags/elastic_dag.py
[2024-09-14T11:01:45.417+0000] {logging_mixin.py:120} INFO - [2024-09-14T11:01:45.417+0000] {dag.py:2585} INFO - Sync 1 DAGs
[2024-09-14T11:01:45.451+0000] {logging_mixin.py:120} INFO - [2024-09-14T11:01:45.451+0000] {dag.py:3340} INFO - Setting next_dagrun for elastic_dag to 2024-09-14T00:00:00+00:00, run_after=2024-09-15T00:00:00+00:00
[2024-09-14T11:01:45.471+0000] {processor.py:176} INFO - Processing /opt/airflow/dags/elastic_dag.py took 0.390 seconds
[2024-09-14T11:02:15.838+0000] {processor.py:154} INFO - Started process (PID=1636) to work on /opt/airflow/dags/elastic_dag.py
[2024-09-14T11:02:15.840+0000] {processor.py:756} INFO - Processing file /opt/airflow/dags/elastic_dag.py for tasks to queue
[2024-09-14T11:02:15.841+0000] {logging_mixin.py:120} INFO - [2024-09-14T11:02:15.841+0000] {dagbag.py:537} INFO - Filling up the DagBag from /opt/airflow/dags/elastic_dag.py
[2024-09-14T11:02:16.325+0000] {processor.py:766} INFO - DAG(s) dict_keys(['elastic_dag']) retrieved from /opt/airflow/dags/elastic_dag.py
[2024-09-14T11:02:16.385+0000] {logging_mixin.py:120} INFO - [2024-09-14T11:02:16.384+0000] {dag.py:2585} INFO - Sync 1 DAGs
[2024-09-14T11:02:16.432+0000] {logging_mixin.py:120} INFO - [2024-09-14T11:02:16.431+0000] {dag.py:3340} INFO - Setting next_dagrun for elastic_dag to 2024-09-14T00:00:00+00:00, run_after=2024-09-15T00:00:00+00:00
[2024-09-14T11:02:16.458+0000] {processor.py:176} INFO - Processing /opt/airflow/dags/elastic_dag.py took 0.624 seconds
[2024-09-14T11:02:46.540+0000] {processor.py:154} INFO - Started process (PID=1665) to work on /opt/airflow/dags/elastic_dag.py
[2024-09-14T11:02:46.541+0000] {processor.py:756} INFO - Processing file /opt/airflow/dags/elastic_dag.py for tasks to queue
[2024-09-14T11:02:46.542+0000] {logging_mixin.py:120} INFO - [2024-09-14T11:02:46.542+0000] {dagbag.py:537} INFO - Filling up the DagBag from /opt/airflow/dags/elastic_dag.py
[2024-09-14T11:02:47.497+0000] {processor.py:766} INFO - DAG(s) dict_keys(['elastic_dag']) retrieved from /opt/airflow/dags/elastic_dag.py
[2024-09-14T11:02:47.555+0000] {logging_mixin.py:120} INFO - [2024-09-14T11:02:47.554+0000] {dag.py:2585} INFO - Sync 1 DAGs
[2024-09-14T11:02:47.597+0000] {logging_mixin.py:120} INFO - [2024-09-14T11:02:47.597+0000] {dag.py:3340} INFO - Setting next_dagrun for elastic_dag to 2024-09-14T00:00:00+00:00, run_after=2024-09-15T00:00:00+00:00
[2024-09-14T11:02:47.643+0000] {processor.py:176} INFO - Processing /opt/airflow/dags/elastic_dag.py took 1.107 seconds
[2024-09-14T11:03:18.399+0000] {processor.py:154} INFO - Started process (PID=1703) to work on /opt/airflow/dags/elastic_dag.py
[2024-09-14T11:03:18.400+0000] {processor.py:756} INFO - Processing file /opt/airflow/dags/elastic_dag.py for tasks to queue
[2024-09-14T11:03:18.401+0000] {logging_mixin.py:120} INFO - [2024-09-14T11:03:18.401+0000] {dagbag.py:537} INFO - Filling up the DagBag from /opt/airflow/dags/elastic_dag.py
[2024-09-14T11:03:18.708+0000] {processor.py:766} INFO - DAG(s) dict_keys(['elastic_dag']) retrieved from /opt/airflow/dags/elastic_dag.py
[2024-09-14T11:03:18.759+0000] {logging_mixin.py:120} INFO - [2024-09-14T11:03:18.758+0000] {dag.py:2585} INFO - Sync 1 DAGs
[2024-09-14T11:03:18.788+0000] {logging_mixin.py:120} INFO - [2024-09-14T11:03:18.788+0000] {dag.py:3340} INFO - Setting next_dagrun for elastic_dag to 2024-09-14T00:00:00+00:00, run_after=2024-09-15T00:00:00+00:00
[2024-09-14T11:03:18.812+0000] {processor.py:176} INFO - Processing /opt/airflow/dags/elastic_dag.py took 0.417 seconds
[2024-09-14T11:03:48.897+0000] {processor.py:154} INFO - Started process (PID=1741) to work on /opt/airflow/dags/elastic_dag.py
[2024-09-14T11:03:48.898+0000] {processor.py:756} INFO - Processing file /opt/airflow/dags/elastic_dag.py for tasks to queue
[2024-09-14T11:03:48.899+0000] {logging_mixin.py:120} INFO - [2024-09-14T11:03:48.899+0000] {dagbag.py:537} INFO - Filling up the DagBag from /opt/airflow/dags/elastic_dag.py
[2024-09-14T11:03:49.226+0000] {processor.py:766} INFO - DAG(s) dict_keys(['elastic_dag']) retrieved from /opt/airflow/dags/elastic_dag.py
[2024-09-14T11:03:49.272+0000] {logging_mixin.py:120} INFO - [2024-09-14T11:03:49.272+0000] {dag.py:2585} INFO - Sync 1 DAGs
[2024-09-14T11:03:49.306+0000] {logging_mixin.py:120} INFO - [2024-09-14T11:03:49.306+0000] {dag.py:3340} INFO - Setting next_dagrun for elastic_dag to 2024-09-14T00:00:00+00:00, run_after=2024-09-15T00:00:00+00:00
[2024-09-14T11:03:49.333+0000] {processor.py:176} INFO - Processing /opt/airflow/dags/elastic_dag.py took 0.438 seconds
[2024-09-14T11:04:20.115+0000] {processor.py:154} INFO - Started process (PID=1770) to work on /opt/airflow/dags/elastic_dag.py
[2024-09-14T11:04:20.117+0000] {processor.py:756} INFO - Processing file /opt/airflow/dags/elastic_dag.py for tasks to queue
[2024-09-14T11:04:20.118+0000] {logging_mixin.py:120} INFO - [2024-09-14T11:04:20.118+0000] {dagbag.py:537} INFO - Filling up the DagBag from /opt/airflow/dags/elastic_dag.py
[2024-09-14T11:04:20.478+0000] {processor.py:766} INFO - DAG(s) dict_keys(['elastic_dag']) retrieved from /opt/airflow/dags/elastic_dag.py
[2024-09-14T11:04:20.520+0000] {logging_mixin.py:120} INFO - [2024-09-14T11:04:20.518+0000] {dag.py:2585} INFO - Sync 1 DAGs
[2024-09-14T11:04:20.723+0000] {logging_mixin.py:120} INFO - [2024-09-14T11:04:20.723+0000] {dag.py:3340} INFO - Setting next_dagrun for elastic_dag to 2024-09-14T00:00:00+00:00, run_after=2024-09-15T00:00:00+00:00
[2024-09-14T11:04:21.174+0000] {processor.py:176} INFO - Processing /opt/airflow/dags/elastic_dag.py took 1.062 seconds
[2024-09-14T11:04:52.380+0000] {processor.py:154} INFO - Started process (PID=1807) to work on /opt/airflow/dags/elastic_dag.py
[2024-09-14T11:04:52.381+0000] {processor.py:756} INFO - Processing file /opt/airflow/dags/elastic_dag.py for tasks to queue
[2024-09-14T11:04:52.382+0000] {logging_mixin.py:120} INFO - [2024-09-14T11:04:52.382+0000] {dagbag.py:537} INFO - Filling up the DagBag from /opt/airflow/dags/elastic_dag.py
[2024-09-14T11:04:53.776+0000] {processor.py:766} INFO - DAG(s) dict_keys(['elastic_dag']) retrieved from /opt/airflow/dags/elastic_dag.py
[2024-09-14T11:04:53.813+0000] {logging_mixin.py:120} INFO - [2024-09-14T11:04:53.812+0000] {dag.py:2585} INFO - Sync 1 DAGs
[2024-09-14T11:04:53.842+0000] {logging_mixin.py:120} INFO - [2024-09-14T11:04:53.842+0000] {dag.py:3340} INFO - Setting next_dagrun for elastic_dag to 2024-09-14T00:00:00+00:00, run_after=2024-09-15T00:00:00+00:00
[2024-09-14T11:04:53.866+0000] {processor.py:176} INFO - Processing /opt/airflow/dags/elastic_dag.py took 1.490 seconds
[2024-09-14T11:05:24.841+0000] {processor.py:154} INFO - Started process (PID=1845) to work on /opt/airflow/dags/elastic_dag.py
[2024-09-14T11:05:24.847+0000] {processor.py:756} INFO - Processing file /opt/airflow/dags/elastic_dag.py for tasks to queue
[2024-09-14T11:05:24.934+0000] {logging_mixin.py:120} INFO - [2024-09-14T11:05:24.934+0000] {dagbag.py:537} INFO - Filling up the DagBag from /opt/airflow/dags/elastic_dag.py
[2024-09-14T11:05:25.693+0000] {processor.py:766} INFO - DAG(s) dict_keys(['elastic_dag']) retrieved from /opt/airflow/dags/elastic_dag.py
[2024-09-14T11:05:25.830+0000] {logging_mixin.py:120} INFO - [2024-09-14T11:05:25.829+0000] {dag.py:2585} INFO - Sync 1 DAGs
[2024-09-14T11:05:25.952+0000] {logging_mixin.py:120} INFO - [2024-09-14T11:05:25.951+0000] {dag.py:3340} INFO - Setting next_dagrun for elastic_dag to 2024-09-14T00:00:00+00:00, run_after=2024-09-15T00:00:00+00:00
[2024-09-14T11:05:25.981+0000] {processor.py:176} INFO - Processing /opt/airflow/dags/elastic_dag.py took 1.143 seconds
[2024-09-14T11:05:56.483+0000] {processor.py:154} INFO - Started process (PID=1883) to work on /opt/airflow/dags/elastic_dag.py
[2024-09-14T11:05:56.485+0000] {processor.py:756} INFO - Processing file /opt/airflow/dags/elastic_dag.py for tasks to queue
[2024-09-14T11:05:56.486+0000] {logging_mixin.py:120} INFO - [2024-09-14T11:05:56.485+0000] {dagbag.py:537} INFO - Filling up the DagBag from /opt/airflow/dags/elastic_dag.py
[2024-09-14T11:05:56.838+0000] {processor.py:766} INFO - DAG(s) dict_keys(['elastic_dag']) retrieved from /opt/airflow/dags/elastic_dag.py
[2024-09-14T11:05:56.896+0000] {logging_mixin.py:120} INFO - [2024-09-14T11:05:56.892+0000] {dag.py:2585} INFO - Sync 1 DAGs
[2024-09-14T11:05:56.949+0000] {logging_mixin.py:120} INFO - [2024-09-14T11:05:56.949+0000] {dag.py:3340} INFO - Setting next_dagrun for elastic_dag to 2024-09-14T00:00:00+00:00, run_after=2024-09-15T00:00:00+00:00
[2024-09-14T11:05:56.989+0000] {processor.py:176} INFO - Processing /opt/airflow/dags/elastic_dag.py took 0.509 seconds
[2024-09-14T11:06:27.972+0000] {processor.py:154} INFO - Started process (PID=1911) to work on /opt/airflow/dags/elastic_dag.py
[2024-09-14T11:06:27.974+0000] {processor.py:756} INFO - Processing file /opt/airflow/dags/elastic_dag.py for tasks to queue
[2024-09-14T11:06:27.975+0000] {logging_mixin.py:120} INFO - [2024-09-14T11:06:27.975+0000] {dagbag.py:537} INFO - Filling up the DagBag from /opt/airflow/dags/elastic_dag.py
[2024-09-14T11:06:28.611+0000] {processor.py:766} INFO - DAG(s) dict_keys(['elastic_dag']) retrieved from /opt/airflow/dags/elastic_dag.py
[2024-09-14T11:06:28.679+0000] {logging_mixin.py:120} INFO - [2024-09-14T11:06:28.678+0000] {dag.py:2585} INFO - Sync 1 DAGs
[2024-09-14T11:06:28.714+0000] {logging_mixin.py:120} INFO - [2024-09-14T11:06:28.713+0000] {dag.py:3340} INFO - Setting next_dagrun for elastic_dag to 2024-09-14T00:00:00+00:00, run_after=2024-09-15T00:00:00+00:00
[2024-09-14T11:06:28.747+0000] {processor.py:176} INFO - Processing /opt/airflow/dags/elastic_dag.py took 0.779 seconds
[2024-09-14T11:06:59.887+0000] {processor.py:154} INFO - Started process (PID=1949) to work on /opt/airflow/dags/elastic_dag.py
[2024-09-14T11:06:59.891+0000] {processor.py:756} INFO - Processing file /opt/airflow/dags/elastic_dag.py for tasks to queue
[2024-09-14T11:06:59.892+0000] {logging_mixin.py:120} INFO - [2024-09-14T11:06:59.892+0000] {dagbag.py:537} INFO - Filling up the DagBag from /opt/airflow/dags/elastic_dag.py
[2024-09-14T11:07:00.366+0000] {processor.py:766} INFO - DAG(s) dict_keys(['elastic_dag']) retrieved from /opt/airflow/dags/elastic_dag.py
[2024-09-14T11:07:00.420+0000] {logging_mixin.py:120} INFO - [2024-09-14T11:07:00.419+0000] {dag.py:2585} INFO - Sync 1 DAGs
[2024-09-14T11:07:00.473+0000] {logging_mixin.py:120} INFO - [2024-09-14T11:07:00.473+0000] {dag.py:3340} INFO - Setting next_dagrun for elastic_dag to 2024-09-14T00:00:00+00:00, run_after=2024-09-15T00:00:00+00:00
[2024-09-14T11:07:00.505+0000] {processor.py:176} INFO - Processing /opt/airflow/dags/elastic_dag.py took 0.622 seconds
[2024-09-14T11:07:30.743+0000] {processor.py:154} INFO - Started process (PID=1987) to work on /opt/airflow/dags/elastic_dag.py
[2024-09-14T11:07:30.745+0000] {processor.py:756} INFO - Processing file /opt/airflow/dags/elastic_dag.py for tasks to queue
[2024-09-14T11:07:30.746+0000] {logging_mixin.py:120} INFO - [2024-09-14T11:07:30.746+0000] {dagbag.py:537} INFO - Filling up the DagBag from /opt/airflow/dags/elastic_dag.py
[2024-09-14T11:07:31.329+0000] {processor.py:766} INFO - DAG(s) dict_keys(['elastic_dag']) retrieved from /opt/airflow/dags/elastic_dag.py
[2024-09-14T11:07:31.366+0000] {logging_mixin.py:120} INFO - [2024-09-14T11:07:31.365+0000] {dag.py:2585} INFO - Sync 1 DAGs
[2024-09-14T11:07:31.420+0000] {logging_mixin.py:120} INFO - [2024-09-14T11:07:31.420+0000] {dag.py:3340} INFO - Setting next_dagrun for elastic_dag to 2024-09-14T00:00:00+00:00, run_after=2024-09-15T00:00:00+00:00
[2024-09-14T11:07:31.451+0000] {processor.py:176} INFO - Processing /opt/airflow/dags/elastic_dag.py took 0.711 seconds
[2024-09-14T11:08:02.759+0000] {processor.py:154} INFO - Started process (PID=2016) to work on /opt/airflow/dags/elastic_dag.py
[2024-09-14T11:08:02.800+0000] {processor.py:756} INFO - Processing file /opt/airflow/dags/elastic_dag.py for tasks to queue
[2024-09-14T11:08:02.836+0000] {logging_mixin.py:120} INFO - [2024-09-14T11:08:02.835+0000] {dagbag.py:537} INFO - Filling up the DagBag from /opt/airflow/dags/elastic_dag.py
[2024-09-14T11:08:03.899+0000] {processor.py:766} INFO - DAG(s) dict_keys(['elastic_dag']) retrieved from /opt/airflow/dags/elastic_dag.py
[2024-09-14T11:08:03.936+0000] {logging_mixin.py:120} INFO - [2024-09-14T11:08:03.935+0000] {dag.py:2585} INFO - Sync 1 DAGs
[2024-09-14T11:08:03.966+0000] {logging_mixin.py:120} INFO - [2024-09-14T11:08:03.966+0000] {dag.py:3340} INFO - Setting next_dagrun for elastic_dag to 2024-09-14T00:00:00+00:00, run_after=2024-09-15T00:00:00+00:00
[2024-09-14T11:08:03.999+0000] {processor.py:176} INFO - Processing /opt/airflow/dags/elastic_dag.py took 1.243 seconds
[2024-09-14T11:08:34.800+0000] {processor.py:154} INFO - Started process (PID=2053) to work on /opt/airflow/dags/elastic_dag.py
[2024-09-14T11:08:34.803+0000] {processor.py:756} INFO - Processing file /opt/airflow/dags/elastic_dag.py for tasks to queue
[2024-09-14T11:08:34.805+0000] {logging_mixin.py:120} INFO - [2024-09-14T11:08:34.804+0000] {dagbag.py:537} INFO - Filling up the DagBag from /opt/airflow/dags/elastic_dag.py
[2024-09-14T11:08:35.401+0000] {processor.py:766} INFO - DAG(s) dict_keys(['elastic_dag']) retrieved from /opt/airflow/dags/elastic_dag.py
[2024-09-14T11:08:35.527+0000] {logging_mixin.py:120} INFO - [2024-09-14T11:08:35.527+0000] {dag.py:2585} INFO - Sync 1 DAGs
[2024-09-14T11:08:35.562+0000] {logging_mixin.py:120} INFO - [2024-09-14T11:08:35.562+0000] {dag.py:3340} INFO - Setting next_dagrun for elastic_dag to 2024-09-14T00:00:00+00:00, run_after=2024-09-15T00:00:00+00:00
[2024-09-14T11:08:35.646+0000] {processor.py:176} INFO - Processing /opt/airflow/dags/elastic_dag.py took 0.850 seconds
[2024-09-14T11:09:06.097+0000] {processor.py:154} INFO - Started process (PID=2091) to work on /opt/airflow/dags/elastic_dag.py
[2024-09-14T11:09:06.107+0000] {processor.py:756} INFO - Processing file /opt/airflow/dags/elastic_dag.py for tasks to queue
[2024-09-14T11:09:06.108+0000] {logging_mixin.py:120} INFO - [2024-09-14T11:09:06.108+0000] {dagbag.py:537} INFO - Filling up the DagBag from /opt/airflow/dags/elastic_dag.py
[2024-09-14T11:09:06.393+0000] {processor.py:766} INFO - DAG(s) dict_keys(['elastic_dag']) retrieved from /opt/airflow/dags/elastic_dag.py
[2024-09-14T11:09:06.427+0000] {logging_mixin.py:120} INFO - [2024-09-14T11:09:06.426+0000] {dag.py:2585} INFO - Sync 1 DAGs
[2024-09-14T11:09:06.451+0000] {logging_mixin.py:120} INFO - [2024-09-14T11:09:06.451+0000] {dag.py:3340} INFO - Setting next_dagrun for elastic_dag to 2024-09-14T00:00:00+00:00, run_after=2024-09-15T00:00:00+00:00
[2024-09-14T11:09:06.475+0000] {processor.py:176} INFO - Processing /opt/airflow/dags/elastic_dag.py took 0.381 seconds
[2024-09-14T11:09:37.272+0000] {processor.py:154} INFO - Started process (PID=2129) to work on /opt/airflow/dags/elastic_dag.py
[2024-09-14T11:09:37.273+0000] {processor.py:756} INFO - Processing file /opt/airflow/dags/elastic_dag.py for tasks to queue
[2024-09-14T11:09:37.274+0000] {logging_mixin.py:120} INFO - [2024-09-14T11:09:37.274+0000] {dagbag.py:537} INFO - Filling up the DagBag from /opt/airflow/dags/elastic_dag.py
[2024-09-14T11:09:37.635+0000] {processor.py:766} INFO - DAG(s) dict_keys(['elastic_dag']) retrieved from /opt/airflow/dags/elastic_dag.py
[2024-09-14T11:09:37.675+0000] {logging_mixin.py:120} INFO - [2024-09-14T11:09:37.675+0000] {dag.py:2585} INFO - Sync 1 DAGs
[2024-09-14T11:09:37.754+0000] {logging_mixin.py:120} INFO - [2024-09-14T11:09:37.754+0000] {dag.py:3340} INFO - Setting next_dagrun for elastic_dag to 2024-09-14T00:00:00+00:00, run_after=2024-09-15T00:00:00+00:00
[2024-09-14T11:09:37.781+0000] {processor.py:176} INFO - Processing /opt/airflow/dags/elastic_dag.py took 0.511 seconds
[2024-09-14T11:10:08.222+0000] {processor.py:154} INFO - Started process (PID=2157) to work on /opt/airflow/dags/elastic_dag.py
[2024-09-14T11:10:08.223+0000] {processor.py:756} INFO - Processing file /opt/airflow/dags/elastic_dag.py for tasks to queue
[2024-09-14T11:10:08.224+0000] {logging_mixin.py:120} INFO - [2024-09-14T11:10:08.224+0000] {dagbag.py:537} INFO - Filling up the DagBag from /opt/airflow/dags/elastic_dag.py
[2024-09-14T11:10:08.527+0000] {processor.py:766} INFO - DAG(s) dict_keys(['elastic_dag']) retrieved from /opt/airflow/dags/elastic_dag.py
[2024-09-14T11:10:08.577+0000] {logging_mixin.py:120} INFO - [2024-09-14T11:10:08.576+0000] {dag.py:2585} INFO - Sync 1 DAGs
[2024-09-14T11:10:08.601+0000] {logging_mixin.py:120} INFO - [2024-09-14T11:10:08.601+0000] {dag.py:3340} INFO - Setting next_dagrun for elastic_dag to 2024-09-14T00:00:00+00:00, run_after=2024-09-15T00:00:00+00:00
[2024-09-14T11:10:08.636+0000] {processor.py:176} INFO - Processing /opt/airflow/dags/elastic_dag.py took 0.417 seconds
[2024-09-14T11:10:38.960+0000] {processor.py:154} INFO - Started process (PID=2195) to work on /opt/airflow/dags/elastic_dag.py
[2024-09-14T11:10:39.007+0000] {processor.py:756} INFO - Processing file /opt/airflow/dags/elastic_dag.py for tasks to queue
[2024-09-14T11:10:39.013+0000] {logging_mixin.py:120} INFO - [2024-09-14T11:10:39.013+0000] {dagbag.py:537} INFO - Filling up the DagBag from /opt/airflow/dags/elastic_dag.py
[2024-09-14T11:10:40.080+0000] {processor.py:766} INFO - DAG(s) dict_keys(['elastic_dag']) retrieved from /opt/airflow/dags/elastic_dag.py
[2024-09-14T11:10:40.123+0000] {logging_mixin.py:120} INFO - [2024-09-14T11:10:40.122+0000] {dag.py:2585} INFO - Sync 1 DAGs
[2024-09-14T11:10:40.188+0000] {logging_mixin.py:120} INFO - [2024-09-14T11:10:40.188+0000] {dag.py:3340} INFO - Setting next_dagrun for elastic_dag to 2024-09-14T00:00:00+00:00, run_after=2024-09-15T00:00:00+00:00
[2024-09-14T11:10:40.209+0000] {processor.py:176} INFO - Processing /opt/airflow/dags/elastic_dag.py took 1.254 seconds
[2024-09-14T11:11:10.855+0000] {processor.py:154} INFO - Started process (PID=2233) to work on /opt/airflow/dags/elastic_dag.py
[2024-09-14T11:11:10.857+0000] {processor.py:756} INFO - Processing file /opt/airflow/dags/elastic_dag.py for tasks to queue
[2024-09-14T11:11:10.857+0000] {logging_mixin.py:120} INFO - [2024-09-14T11:11:10.857+0000] {dagbag.py:537} INFO - Filling up the DagBag from /opt/airflow/dags/elastic_dag.py
[2024-09-14T11:11:11.532+0000] {processor.py:766} INFO - DAG(s) dict_keys(['elastic_dag']) retrieved from /opt/airflow/dags/elastic_dag.py
[2024-09-14T11:11:11.571+0000] {logging_mixin.py:120} INFO - [2024-09-14T11:11:11.571+0000] {dag.py:2585} INFO - Sync 1 DAGs
[2024-09-14T11:11:11.602+0000] {logging_mixin.py:120} INFO - [2024-09-14T11:11:11.602+0000] {dag.py:3340} INFO - Setting next_dagrun for elastic_dag to 2024-09-14T00:00:00+00:00, run_after=2024-09-15T00:00:00+00:00
[2024-09-14T11:11:11.624+0000] {processor.py:176} INFO - Processing /opt/airflow/dags/elastic_dag.py took 0.772 seconds
[2024-09-14T11:11:42.575+0000] {processor.py:154} INFO - Started process (PID=2271) to work on /opt/airflow/dags/elastic_dag.py
[2024-09-14T11:11:42.577+0000] {processor.py:756} INFO - Processing file /opt/airflow/dags/elastic_dag.py for tasks to queue
[2024-09-14T11:11:42.578+0000] {logging_mixin.py:120} INFO - [2024-09-14T11:11:42.578+0000] {dagbag.py:537} INFO - Filling up the DagBag from /opt/airflow/dags/elastic_dag.py
[2024-09-14T11:11:42.916+0000] {processor.py:766} INFO - DAG(s) dict_keys(['elastic_dag']) retrieved from /opt/airflow/dags/elastic_dag.py
[2024-09-14T11:11:42.959+0000] {logging_mixin.py:120} INFO - [2024-09-14T11:11:42.958+0000] {dag.py:2585} INFO - Sync 1 DAGs
[2024-09-14T11:11:42.995+0000] {logging_mixin.py:120} INFO - [2024-09-14T11:11:42.995+0000] {dag.py:3340} INFO - Setting next_dagrun for elastic_dag to 2024-09-14T00:00:00+00:00, run_after=2024-09-15T00:00:00+00:00
[2024-09-14T11:11:43.023+0000] {processor.py:176} INFO - Processing /opt/airflow/dags/elastic_dag.py took 0.451 seconds
[2024-09-14T11:12:13.168+0000] {processor.py:154} INFO - Started process (PID=2300) to work on /opt/airflow/dags/elastic_dag.py
[2024-09-14T11:12:13.169+0000] {processor.py:756} INFO - Processing file /opt/airflow/dags/elastic_dag.py for tasks to queue
[2024-09-14T11:12:13.170+0000] {logging_mixin.py:120} INFO - [2024-09-14T11:12:13.170+0000] {dagbag.py:537} INFO - Filling up the DagBag from /opt/airflow/dags/elastic_dag.py
[2024-09-14T11:12:13.934+0000] {processor.py:766} INFO - DAG(s) dict_keys(['elastic_dag']) retrieved from /opt/airflow/dags/elastic_dag.py
[2024-09-14T11:12:13.978+0000] {logging_mixin.py:120} INFO - [2024-09-14T11:12:13.977+0000] {dag.py:2585} INFO - Sync 1 DAGs
[2024-09-14T11:12:14.033+0000] {logging_mixin.py:120} INFO - [2024-09-14T11:12:14.033+0000] {dag.py:3340} INFO - Setting next_dagrun for elastic_dag to 2024-09-14T00:00:00+00:00, run_after=2024-09-15T00:00:00+00:00
[2024-09-14T11:12:14.075+0000] {processor.py:176} INFO - Processing /opt/airflow/dags/elastic_dag.py took 0.911 seconds
[2024-09-14T11:12:44.952+0000] {processor.py:154} INFO - Started process (PID=2340) to work on /opt/airflow/dags/elastic_dag.py
[2024-09-14T11:12:44.953+0000] {processor.py:756} INFO - Processing file /opt/airflow/dags/elastic_dag.py for tasks to queue
[2024-09-14T11:12:44.954+0000] {logging_mixin.py:120} INFO - [2024-09-14T11:12:44.954+0000] {dagbag.py:537} INFO - Filling up the DagBag from /opt/airflow/dags/elastic_dag.py
[2024-09-14T11:12:45.507+0000] {processor.py:766} INFO - DAG(s) dict_keys(['elastic_dag']) retrieved from /opt/airflow/dags/elastic_dag.py
[2024-09-14T11:12:45.551+0000] {logging_mixin.py:120} INFO - [2024-09-14T11:12:45.550+0000] {dag.py:2585} INFO - Sync 1 DAGs
[2024-09-14T11:12:45.592+0000] {logging_mixin.py:120} INFO - [2024-09-14T11:12:45.592+0000] {dag.py:3340} INFO - Setting next_dagrun for elastic_dag to 2024-09-14T00:00:00+00:00, run_after=2024-09-15T00:00:00+00:00
[2024-09-14T11:12:45.619+0000] {processor.py:176} INFO - Processing /opt/airflow/dags/elastic_dag.py took 0.669 seconds
[2024-09-14T11:13:15.943+0000] {processor.py:154} INFO - Started process (PID=2377) to work on /opt/airflow/dags/elastic_dag.py
[2024-09-14T11:13:15.944+0000] {processor.py:756} INFO - Processing file /opt/airflow/dags/elastic_dag.py for tasks to queue
[2024-09-14T11:13:15.946+0000] {logging_mixin.py:120} INFO - [2024-09-14T11:13:15.946+0000] {dagbag.py:537} INFO - Filling up the DagBag from /opt/airflow/dags/elastic_dag.py
[2024-09-14T11:13:16.377+0000] {processor.py:766} INFO - DAG(s) dict_keys(['elastic_dag']) retrieved from /opt/airflow/dags/elastic_dag.py
[2024-09-14T11:13:16.424+0000] {logging_mixin.py:120} INFO - [2024-09-14T11:13:16.423+0000] {dag.py:2585} INFO - Sync 1 DAGs
[2024-09-14T11:13:16.453+0000] {logging_mixin.py:120} INFO - [2024-09-14T11:13:16.453+0000] {dag.py:3340} INFO - Setting next_dagrun for elastic_dag to 2024-09-14T00:00:00+00:00, run_after=2024-09-15T00:00:00+00:00
[2024-09-14T11:13:16.478+0000] {processor.py:176} INFO - Processing /opt/airflow/dags/elastic_dag.py took 0.539 seconds
[2024-09-14T11:13:47.912+0000] {processor.py:154} INFO - Started process (PID=2406) to work on /opt/airflow/dags/elastic_dag.py
[2024-09-14T11:13:47.913+0000] {processor.py:756} INFO - Processing file /opt/airflow/dags/elastic_dag.py for tasks to queue
[2024-09-14T11:13:47.915+0000] {logging_mixin.py:120} INFO - [2024-09-14T11:13:47.915+0000] {dagbag.py:537} INFO - Filling up the DagBag from /opt/airflow/dags/elastic_dag.py
[2024-09-14T11:13:49.112+0000] {processor.py:766} INFO - DAG(s) dict_keys(['elastic_dag']) retrieved from /opt/airflow/dags/elastic_dag.py
[2024-09-14T11:13:49.205+0000] {logging_mixin.py:120} INFO - [2024-09-14T11:13:49.205+0000] {dag.py:2585} INFO - Sync 1 DAGs
[2024-09-14T11:13:49.264+0000] {logging_mixin.py:120} INFO - [2024-09-14T11:13:49.264+0000] {dag.py:3340} INFO - Setting next_dagrun for elastic_dag to 2024-09-14T00:00:00+00:00, run_after=2024-09-15T00:00:00+00:00
[2024-09-14T11:13:49.394+0000] {processor.py:176} INFO - Processing /opt/airflow/dags/elastic_dag.py took 1.486 seconds
[2024-09-14T11:14:19.711+0000] {processor.py:154} INFO - Started process (PID=2444) to work on /opt/airflow/dags/elastic_dag.py
[2024-09-14T11:14:19.714+0000] {processor.py:756} INFO - Processing file /opt/airflow/dags/elastic_dag.py for tasks to queue
[2024-09-14T11:14:19.715+0000] {logging_mixin.py:120} INFO - [2024-09-14T11:14:19.715+0000] {dagbag.py:537} INFO - Filling up the DagBag from /opt/airflow/dags/elastic_dag.py
[2024-09-14T11:14:20.315+0000] {processor.py:766} INFO - DAG(s) dict_keys(['elastic_dag']) retrieved from /opt/airflow/dags/elastic_dag.py
[2024-09-14T11:14:20.357+0000] {logging_mixin.py:120} INFO - [2024-09-14T11:14:20.356+0000] {dag.py:2585} INFO - Sync 1 DAGs
[2024-09-14T11:14:20.389+0000] {logging_mixin.py:120} INFO - [2024-09-14T11:14:20.389+0000] {dag.py:3340} INFO - Setting next_dagrun for elastic_dag to 2024-09-14T00:00:00+00:00, run_after=2024-09-15T00:00:00+00:00
[2024-09-14T11:14:20.424+0000] {processor.py:176} INFO - Processing /opt/airflow/dags/elastic_dag.py took 0.717 seconds
[2024-09-14T11:14:51.012+0000] {processor.py:154} INFO - Started process (PID=2482) to work on /opt/airflow/dags/elastic_dag.py
[2024-09-14T11:14:51.019+0000] {processor.py:756} INFO - Processing file /opt/airflow/dags/elastic_dag.py for tasks to queue
[2024-09-14T11:14:51.025+0000] {logging_mixin.py:120} INFO - [2024-09-14T11:14:51.024+0000] {dagbag.py:537} INFO - Filling up the DagBag from /opt/airflow/dags/elastic_dag.py
[2024-09-14T11:14:51.486+0000] {processor.py:766} INFO - DAG(s) dict_keys(['elastic_dag']) retrieved from /opt/airflow/dags/elastic_dag.py
[2024-09-14T11:14:51.567+0000] {logging_mixin.py:120} INFO - [2024-09-14T11:14:51.566+0000] {dag.py:2585} INFO - Sync 1 DAGs
[2024-09-14T11:14:51.618+0000] {logging_mixin.py:120} INFO - [2024-09-14T11:14:51.617+0000] {dag.py:3340} INFO - Setting next_dagrun for elastic_dag to 2024-09-14T00:00:00+00:00, run_after=2024-09-15T00:00:00+00:00
[2024-09-14T11:14:51.718+0000] {processor.py:176} INFO - Processing /opt/airflow/dags/elastic_dag.py took 0.712 seconds
[2024-09-14T11:15:28.383+0000] {processor.py:154} INFO - Started process (PID=2519) to work on /opt/airflow/dags/elastic_dag.py
[2024-09-14T11:15:28.484+0000] {processor.py:756} INFO - Processing file /opt/airflow/dags/elastic_dag.py for tasks to queue
[2024-09-14T11:15:28.719+0000] {logging_mixin.py:120} INFO - [2024-09-14T11:15:28.719+0000] {dagbag.py:537} INFO - Filling up the DagBag from /opt/airflow/dags/elastic_dag.py
[2024-09-14T11:15:33.101+0000] {processor.py:766} INFO - DAG(s) dict_keys(['elastic_dag']) retrieved from /opt/airflow/dags/elastic_dag.py
[2024-09-14T11:15:33.166+0000] {logging_mixin.py:120} INFO - [2024-09-14T11:15:33.166+0000] {dag.py:2585} INFO - Sync 1 DAGs
[2024-09-14T11:15:33.235+0000] {logging_mixin.py:120} INFO - [2024-09-14T11:15:33.234+0000] {dag.py:3340} INFO - Setting next_dagrun for elastic_dag to 2024-09-14T00:00:00+00:00, run_after=2024-09-15T00:00:00+00:00
[2024-09-14T11:15:33.329+0000] {processor.py:176} INFO - Processing /opt/airflow/dags/elastic_dag.py took 4.939 seconds
[2024-09-14T11:16:03.630+0000] {processor.py:154} INFO - Started process (PID=2557) to work on /opt/airflow/dags/elastic_dag.py
[2024-09-14T11:16:03.632+0000] {processor.py:756} INFO - Processing file /opt/airflow/dags/elastic_dag.py for tasks to queue
[2024-09-14T11:16:03.634+0000] {logging_mixin.py:120} INFO - [2024-09-14T11:16:03.633+0000] {dagbag.py:537} INFO - Filling up the DagBag from /opt/airflow/dags/elastic_dag.py
[2024-09-14T11:16:04.188+0000] {processor.py:766} INFO - DAG(s) dict_keys(['elastic_dag']) retrieved from /opt/airflow/dags/elastic_dag.py
[2024-09-14T11:16:04.301+0000] {logging_mixin.py:120} INFO - [2024-09-14T11:16:04.300+0000] {dag.py:2585} INFO - Sync 1 DAGs
[2024-09-14T11:16:04.326+0000] {logging_mixin.py:120} INFO - [2024-09-14T11:16:04.326+0000] {dag.py:3340} INFO - Setting next_dagrun for elastic_dag to 2024-09-14T00:00:00+00:00, run_after=2024-09-15T00:00:00+00:00
[2024-09-14T11:16:04.358+0000] {processor.py:176} INFO - Processing /opt/airflow/dags/elastic_dag.py took 0.732 seconds
[2024-09-14T11:16:35.562+0000] {processor.py:154} INFO - Started process (PID=2587) to work on /opt/airflow/dags/elastic_dag.py
[2024-09-14T11:16:35.564+0000] {processor.py:756} INFO - Processing file /opt/airflow/dags/elastic_dag.py for tasks to queue
[2024-09-14T11:16:35.565+0000] {logging_mixin.py:120} INFO - [2024-09-14T11:16:35.565+0000] {dagbag.py:537} INFO - Filling up the DagBag from /opt/airflow/dags/elastic_dag.py
[2024-09-14T11:16:36.712+0000] {processor.py:766} INFO - DAG(s) dict_keys(['elastic_dag']) retrieved from /opt/airflow/dags/elastic_dag.py
[2024-09-14T11:16:36.828+0000] {logging_mixin.py:120} INFO - [2024-09-14T11:16:36.828+0000] {dag.py:2585} INFO - Sync 1 DAGs
[2024-09-14T11:16:36.968+0000] {logging_mixin.py:120} INFO - [2024-09-14T11:16:36.967+0000] {dag.py:3340} INFO - Setting next_dagrun for elastic_dag to 2024-09-14T00:00:00+00:00, run_after=2024-09-15T00:00:00+00:00
[2024-09-14T11:16:37.084+0000] {processor.py:176} INFO - Processing /opt/airflow/dags/elastic_dag.py took 1.526 seconds
