[2024-09-13T09:18:37.581+0000] {taskinstance.py:1165} INFO - Dependencies all met for <TaskInstance: xcom_dag.t1 manual__2024-09-13T09:18:35.480213+00:00 [queued]>
[2024-09-13T09:18:37.619+0000] {taskinstance.py:1165} INFO - Dependencies all met for <TaskInstance: xcom_dag.t1 manual__2024-09-13T09:18:35.480213+00:00 [queued]>
[2024-09-13T09:18:37.659+0000] {taskinstance.py:1362} INFO - 
--------------------------------------------------------------------------------
[2024-09-13T09:18:37.678+0000] {taskinstance.py:1363} INFO - Starting attempt 1 of 1
[2024-09-13T09:18:37.680+0000] {taskinstance.py:1364} INFO - 
--------------------------------------------------------------------------------
[2024-09-13T09:18:37.698+0000] {taskinstance.py:1383} INFO - Executing <Task(PythonOperator): t1> on 2024-09-13 09:18:35.480213+00:00
[2024-09-13T09:18:37.703+0000] {standard_task_runner.py:55} INFO - Started process 3798 to run task
[2024-09-13T09:18:37.706+0000] {standard_task_runner.py:82} INFO - Running: ['***', 'tasks', 'run', 'xcom_dag', 't1', 'manual__2024-09-13T09:18:35.480213+00:00', '--job-id', '25', '--raw', '--subdir', 'DAGS_FOLDER/xcom_dag.py', '--cfg-path', '/tmp/tmpugib56ev']
[2024-09-13T09:18:37.707+0000] {standard_task_runner.py:83} INFO - Job 25: Subtask t1
[2024-09-13T09:18:37.771+0000] {task_command.py:376} INFO - Running <TaskInstance: xcom_dag.t1 manual__2024-09-13T09:18:35.480213+00:00 [running]> on host 35989190ca54
[2024-09-13T09:18:37.836+0000] {taskinstance.py:1592} INFO - Exporting the following env vars:
AIRFLOW_CTX_DAG_OWNER=***
AIRFLOW_CTX_DAG_ID=xcom_dag
AIRFLOW_CTX_TASK_ID=t1
AIRFLOW_CTX_EXECUTION_DATE=2024-09-13T09:18:35.480213+00:00
AIRFLOW_CTX_TRY_NUMBER=1
AIRFLOW_CTX_DAG_RUN_ID=manual__2024-09-13T09:18:35.480213+00:00
[2024-09-13T09:18:37.837+0000] {python.py:177} INFO - Done. Returned value was: 42
[2024-09-13T09:18:37.859+0000] {taskinstance.py:1406} INFO - Marking task as SUCCESS. dag_id=xcom_dag, task_id=t1, execution_date=20240913T091835, start_date=20240913T091837, end_date=20240913T091837
[2024-09-13T09:18:37.878+0000] {local_task_job.py:164} INFO - Task exited with return code 0
[2024-09-13T09:18:37.918+0000] {local_task_job.py:273} INFO - 1 downstream tasks scheduled from follow-on schedule check
