[2024-08-26T11:43:26.306+0000] {processor.py:154} INFO - Started process (PID=50) to work on /opt/airflow/dags/parallel_dag.py
[2024-08-26T11:43:26.308+0000] {processor.py:756} INFO - Processing file /opt/airflow/dags/parallel_dag.py for tasks to queue
[2024-08-26T11:43:26.310+0000] {logging_mixin.py:120} INFO - [2024-08-26T11:43:26.310+0000] {dagbag.py:537} INFO - Filling up the DagBag from /opt/airflow/dags/parallel_dag.py
[2024-08-26T11:43:26.448+0000] {processor.py:766} INFO - DAG(s) dict_keys(['parallel_dag']) retrieved from /opt/airflow/dags/parallel_dag.py
[2024-08-26T11:43:26.894+0000] {logging_mixin.py:120} INFO - [2024-08-26T11:43:26.894+0000] {dag.py:2585} INFO - Sync 1 DAGs
[2024-08-26T11:43:27.000+0000] {logging_mixin.py:120} INFO - [2024-08-26T11:43:27.000+0000] {dag.py:3340} INFO - Setting next_dagrun for parallel_dag to 2024-08-25T00:00:00+00:00, run_after=2024-08-26T00:00:00+00:00
[2024-08-26T11:43:27.239+0000] {processor.py:176} INFO - Processing /opt/airflow/dags/parallel_dag.py took 0.938 seconds
[2024-08-26T11:43:57.999+0000] {processor.py:154} INFO - Started process (PID=96) to work on /opt/airflow/dags/parallel_dag.py
[2024-08-26T11:43:58.001+0000] {processor.py:756} INFO - Processing file /opt/airflow/dags/parallel_dag.py for tasks to queue
[2024-08-26T11:43:58.005+0000] {logging_mixin.py:120} INFO - [2024-08-26T11:43:58.005+0000] {dagbag.py:537} INFO - Filling up the DagBag from /opt/airflow/dags/parallel_dag.py
[2024-08-26T11:43:58.069+0000] {processor.py:766} INFO - DAG(s) dict_keys(['parallel_dag']) retrieved from /opt/airflow/dags/parallel_dag.py
[2024-08-26T11:43:58.194+0000] {logging_mixin.py:120} INFO - [2024-08-26T11:43:58.194+0000] {dag.py:2585} INFO - Sync 1 DAGs
[2024-08-26T11:43:58.258+0000] {logging_mixin.py:120} INFO - [2024-08-26T11:43:58.258+0000] {dag.py:3340} INFO - Setting next_dagrun for parallel_dag to 2024-08-26T00:00:00+00:00, run_after=2024-08-27T00:00:00+00:00
[2024-08-26T11:43:58.316+0000] {processor.py:176} INFO - Processing /opt/airflow/dags/parallel_dag.py took 0.323 seconds
[2024-08-26T11:44:29.043+0000] {processor.py:154} INFO - Started process (PID=119) to work on /opt/airflow/dags/parallel_dag.py
[2024-08-26T11:44:29.045+0000] {processor.py:756} INFO - Processing file /opt/airflow/dags/parallel_dag.py for tasks to queue
[2024-08-26T11:44:29.046+0000] {logging_mixin.py:120} INFO - [2024-08-26T11:44:29.046+0000] {dagbag.py:537} INFO - Filling up the DagBag from /opt/airflow/dags/parallel_dag.py
[2024-08-26T11:44:29.086+0000] {processor.py:766} INFO - DAG(s) dict_keys(['parallel_dag']) retrieved from /opt/airflow/dags/parallel_dag.py
[2024-08-26T11:44:29.157+0000] {logging_mixin.py:120} INFO - [2024-08-26T11:44:29.157+0000] {dag.py:2585} INFO - Sync 1 DAGs
[2024-08-26T11:44:29.197+0000] {logging_mixin.py:120} INFO - [2024-08-26T11:44:29.197+0000] {dag.py:3340} INFO - Setting next_dagrun for parallel_dag to 2024-08-26T00:00:00+00:00, run_after=2024-08-27T00:00:00+00:00
[2024-08-26T11:44:29.255+0000] {processor.py:176} INFO - Processing /opt/airflow/dags/parallel_dag.py took 0.215 seconds
