[2024-08-26T11:43:27.779+0000] {processor.py:154} INFO - Started process (PID=60) to work on /opt/airflow/dags/user_processing.py
[2024-08-26T11:43:27.790+0000] {processor.py:756} INFO - Processing file /opt/airflow/dags/user_processing.py for tasks to queue
[2024-08-26T11:43:27.808+0000] {logging_mixin.py:120} INFO - [2024-08-26T11:43:27.807+0000] {dagbag.py:537} INFO - Filling up the DagBag from /opt/airflow/dags/user_processing.py
[2024-08-26T11:43:31.935+0000] {processor.py:766} INFO - DAG(s) dict_keys(['user_processing']) retrieved from /opt/airflow/dags/user_processing.py
[2024-08-26T11:43:32.998+0000] {logging_mixin.py:120} INFO - [2024-08-26T11:43:32.997+0000] {dag.py:2585} INFO - Sync 1 DAGs
[2024-08-26T11:43:33.107+0000] {logging_mixin.py:120} INFO - [2024-08-26T11:43:33.107+0000] {dag.py:3340} INFO - Setting next_dagrun for user_processing to 2024-08-25T00:00:00+00:00, run_after=2024-08-26T00:00:00+00:00
[2024-08-26T11:43:33.181+0000] {processor.py:176} INFO - Processing /opt/airflow/dags/user_processing.py took 5.412 seconds
[2024-08-26T11:44:03.468+0000] {processor.py:154} INFO - Started process (PID=99) to work on /opt/airflow/dags/user_processing.py
[2024-08-26T11:44:03.530+0000] {processor.py:756} INFO - Processing file /opt/airflow/dags/user_processing.py for tasks to queue
[2024-08-26T11:44:03.641+0000] {logging_mixin.py:120} INFO - [2024-08-26T11:44:03.640+0000] {dagbag.py:537} INFO - Filling up the DagBag from /opt/airflow/dags/user_processing.py
[2024-08-26T11:44:04.265+0000] {processor.py:766} INFO - DAG(s) dict_keys(['user_processing']) retrieved from /opt/airflow/dags/user_processing.py
[2024-08-26T11:44:04.575+0000] {logging_mixin.py:120} INFO - [2024-08-26T11:44:04.574+0000] {dag.py:2585} INFO - Sync 1 DAGs
[2024-08-26T11:44:04.619+0000] {logging_mixin.py:120} INFO - [2024-08-26T11:44:04.618+0000] {dag.py:3340} INFO - Setting next_dagrun for user_processing to 2024-08-26T00:00:00+00:00, run_after=2024-08-27T00:00:00+00:00
[2024-08-26T11:44:04.668+0000] {processor.py:176} INFO - Processing /opt/airflow/dags/user_processing.py took 1.204 seconds
[2024-08-26T11:44:35.177+0000] {processor.py:154} INFO - Started process (PID=122) to work on /opt/airflow/dags/user_processing.py
[2024-08-26T11:44:35.180+0000] {processor.py:756} INFO - Processing file /opt/airflow/dags/user_processing.py for tasks to queue
[2024-08-26T11:44:35.182+0000] {logging_mixin.py:120} INFO - [2024-08-26T11:44:35.181+0000] {dagbag.py:537} INFO - Filling up the DagBag from /opt/airflow/dags/user_processing.py
[2024-08-26T11:44:35.765+0000] {processor.py:766} INFO - DAG(s) dict_keys(['user_processing']) retrieved from /opt/airflow/dags/user_processing.py
[2024-08-26T11:44:35.977+0000] {logging_mixin.py:120} INFO - [2024-08-26T11:44:35.976+0000] {dag.py:2585} INFO - Sync 1 DAGs
[2024-08-26T11:44:36.022+0000] {logging_mixin.py:120} INFO - [2024-08-26T11:44:36.022+0000] {dag.py:3340} INFO - Setting next_dagrun for user_processing to 2024-08-26T00:00:00+00:00, run_after=2024-08-27T00:00:00+00:00
[2024-08-26T11:44:36.057+0000] {processor.py:176} INFO - Processing /opt/airflow/dags/user_processing.py took 0.885 seconds
