[2024-09-14T10:20:55.483+0000] {taskinstance.py:1165} INFO - Dependencies all met for <TaskInstance: group_dag.check_files scheduled__2024-09-13T00:00:00+00:00 [queued]>
[2024-09-14T10:20:55.499+0000] {taskinstance.py:1165} INFO - Dependencies all met for <TaskInstance: group_dag.check_files scheduled__2024-09-13T00:00:00+00:00 [queued]>
[2024-09-14T10:20:55.500+0000] {taskinstance.py:1362} INFO - 
--------------------------------------------------------------------------------
[2024-09-14T10:20:55.502+0000] {taskinstance.py:1363} INFO - Starting attempt 1 of 1
[2024-09-14T10:20:55.503+0000] {taskinstance.py:1364} INFO - 
--------------------------------------------------------------------------------
[2024-09-14T10:20:55.528+0000] {taskinstance.py:1383} INFO - Executing <Task(BashOperator): check_files> on 2024-09-13 00:00:00+00:00
[2024-09-14T10:20:55.536+0000] {standard_task_runner.py:55} INFO - Started process 95 to run task
[2024-09-14T10:20:55.542+0000] {standard_task_runner.py:82} INFO - Running: ['***', 'tasks', 'run', 'group_dag', 'check_files', 'scheduled__2024-09-13T00:00:00+00:00', '--job-id', '52', '--raw', '--subdir', 'DAGS_FOLDER/group_dag.py', '--cfg-path', '/tmp/tmp4ridqt5f']
[2024-09-14T10:20:55.543+0000] {standard_task_runner.py:83} INFO - Job 52: Subtask check_files
[2024-09-14T10:20:55.646+0000] {task_command.py:376} INFO - Running <TaskInstance: group_dag.check_files scheduled__2024-09-13T00:00:00+00:00 [running]> on host 92ae82aad1c9
[2024-09-14T10:20:55.767+0000] {taskinstance.py:1592} INFO - Exporting the following env vars:
AIRFLOW_CTX_DAG_OWNER=***
AIRFLOW_CTX_DAG_ID=group_dag
AIRFLOW_CTX_TASK_ID=check_files
AIRFLOW_CTX_EXECUTION_DATE=2024-09-13T00:00:00+00:00
AIRFLOW_CTX_TRY_NUMBER=1
AIRFLOW_CTX_DAG_RUN_ID=scheduled__2024-09-13T00:00:00+00:00
[2024-09-14T10:20:55.773+0000] {subprocess.py:63} INFO - Tmp dir root location: 
 /tmp
[2024-09-14T10:20:55.776+0000] {subprocess.py:75} INFO - Running command: ['/bin/bash', '-c', 'sleep 10']
[2024-09-14T10:20:55.815+0000] {subprocess.py:86} INFO - Output:
[2024-09-14T10:21:05.818+0000] {subprocess.py:97} INFO - Command exited with return code 0
[2024-09-14T10:21:05.847+0000] {taskinstance.py:1406} INFO - Marking task as SUCCESS. dag_id=group_dag, task_id=check_files, execution_date=20240913T000000, start_date=20240914T102055, end_date=20240914T102105
[2024-09-14T10:21:05.919+0000] {local_task_job.py:164} INFO - Task exited with return code 0
[2024-09-14T10:21:05.941+0000] {local_task_job.py:273} INFO - 3 downstream tasks scheduled from follow-on schedule check
