[2024-09-13T09:13:24.313+0000] {processor.py:154} INFO - Started process (PID=4576) to work on /opt/airflow/dags/xcom_dag.py
[2024-09-13T09:13:24.314+0000] {processor.py:756} INFO - Processing file /opt/airflow/dags/xcom_dag.py for tasks to queue
[2024-09-13T09:13:24.316+0000] {logging_mixin.py:120} INFO - [2024-09-13T09:13:24.316+0000] {dagbag.py:537} INFO - Filling up the DagBag from /opt/airflow/dags/xcom_dag.py
[2024-09-13T09:13:24.384+0000] {processor.py:766} INFO - DAG(s) dict_keys(['xcom_dag']) retrieved from /opt/airflow/dags/xcom_dag.py
[2024-09-13T09:13:24.552+0000] {logging_mixin.py:120} INFO - [2024-09-13T09:13:24.551+0000] {manager.py:507} INFO - Created Permission View: can read on DAG:xcom_dag
[2024-09-13T09:13:24.582+0000] {logging_mixin.py:120} INFO - [2024-09-13T09:13:24.581+0000] {manager.py:507} INFO - Created Permission View: can delete on DAG:xcom_dag
[2024-09-13T09:13:24.593+0000] {logging_mixin.py:120} INFO - [2024-09-13T09:13:24.593+0000] {manager.py:507} INFO - Created Permission View: can edit on DAG:xcom_dag
[2024-09-13T09:13:24.609+0000] {logging_mixin.py:120} INFO - [2024-09-13T09:13:24.609+0000] {dag.py:2585} INFO - Sync 1 DAGs
[2024-09-13T09:13:24.629+0000] {logging_mixin.py:120} INFO - [2024-09-13T09:13:24.629+0000] {dag.py:2606} INFO - Creating ORM DAG for xcom_dag
[2024-09-13T09:13:24.643+0000] {logging_mixin.py:120} INFO - [2024-09-13T09:13:24.643+0000] {dag.py:3340} INFO - Setting next_dagrun for xcom_dag to 2024-09-12T00:00:00+00:00, run_after=2024-09-13T00:00:00+00:00
[2024-09-13T09:13:24.678+0000] {processor.py:176} INFO - Processing /opt/airflow/dags/xcom_dag.py took 0.372 seconds
[2024-09-13T09:13:55.397+0000] {processor.py:154} INFO - Started process (PID=4604) to work on /opt/airflow/dags/xcom_dag.py
[2024-09-13T09:13:55.399+0000] {processor.py:756} INFO - Processing file /opt/airflow/dags/xcom_dag.py for tasks to queue
[2024-09-13T09:13:55.401+0000] {logging_mixin.py:120} INFO - [2024-09-13T09:13:55.401+0000] {dagbag.py:537} INFO - Filling up the DagBag from /opt/airflow/dags/xcom_dag.py
[2024-09-13T09:13:55.442+0000] {processor.py:766} INFO - DAG(s) dict_keys(['xcom_dag']) retrieved from /opt/airflow/dags/xcom_dag.py
[2024-09-13T09:13:55.486+0000] {logging_mixin.py:120} INFO - [2024-09-13T09:13:55.485+0000] {dag.py:2585} INFO - Sync 1 DAGs
[2024-09-13T09:13:55.513+0000] {logging_mixin.py:120} INFO - [2024-09-13T09:13:55.513+0000] {dag.py:3340} INFO - Setting next_dagrun for xcom_dag to 2024-09-12T00:00:00+00:00, run_after=2024-09-13T00:00:00+00:00
[2024-09-13T09:13:55.542+0000] {processor.py:176} INFO - Processing /opt/airflow/dags/xcom_dag.py took 0.150 seconds
[2024-09-13T09:14:25.576+0000] {processor.py:154} INFO - Started process (PID=4639) to work on /opt/airflow/dags/xcom_dag.py
[2024-09-13T09:14:25.578+0000] {processor.py:756} INFO - Processing file /opt/airflow/dags/xcom_dag.py for tasks to queue
[2024-09-13T09:14:25.580+0000] {logging_mixin.py:120} INFO - [2024-09-13T09:14:25.580+0000] {dagbag.py:537} INFO - Filling up the DagBag from /opt/airflow/dags/xcom_dag.py
[2024-09-13T09:14:27.019+0000] {processor.py:766} INFO - DAG(s) dict_keys(['xcom_dag']) retrieved from /opt/airflow/dags/xcom_dag.py
[2024-09-13T09:14:27.197+0000] {logging_mixin.py:120} INFO - [2024-09-13T09:14:27.197+0000] {dag.py:2585} INFO - Sync 1 DAGs
[2024-09-13T09:14:27.326+0000] {logging_mixin.py:120} INFO - [2024-09-13T09:14:27.326+0000] {dag.py:3340} INFO - Setting next_dagrun for xcom_dag to 2024-09-12T00:00:00+00:00, run_after=2024-09-13T00:00:00+00:00
[2024-09-13T09:14:27.673+0000] {processor.py:176} INFO - Processing /opt/airflow/dags/xcom_dag.py took 2.101 seconds
[2024-09-13T09:14:59.838+0000] {processor.py:154} INFO - Started process (PID=4676) to work on /opt/airflow/dags/xcom_dag.py
[2024-09-13T09:14:59.859+0000] {processor.py:756} INFO - Processing file /opt/airflow/dags/xcom_dag.py for tasks to queue
[2024-09-13T09:14:59.878+0000] {logging_mixin.py:120} INFO - [2024-09-13T09:14:59.877+0000] {dagbag.py:537} INFO - Filling up the DagBag from /opt/airflow/dags/xcom_dag.py
[2024-09-13T09:15:00.543+0000] {processor.py:766} INFO - DAG(s) dict_keys(['xcom_dag']) retrieved from /opt/airflow/dags/xcom_dag.py
[2024-09-13T09:15:00.591+0000] {logging_mixin.py:120} INFO - [2024-09-13T09:15:00.590+0000] {dag.py:2585} INFO - Sync 1 DAGs
[2024-09-13T09:15:00.674+0000] {logging_mixin.py:120} INFO - [2024-09-13T09:15:00.674+0000] {dag.py:3340} INFO - Setting next_dagrun for xcom_dag to 2024-09-12T00:00:00+00:00, run_after=2024-09-13T00:00:00+00:00
[2024-09-13T09:15:00.817+0000] {processor.py:176} INFO - Processing /opt/airflow/dags/xcom_dag.py took 0.984 seconds
[2024-09-13T09:15:34.790+0000] {processor.py:154} INFO - Started process (PID=4712) to work on /opt/airflow/dags/xcom_dag.py
[2024-09-13T09:15:34.791+0000] {processor.py:756} INFO - Processing file /opt/airflow/dags/xcom_dag.py for tasks to queue
[2024-09-13T09:15:34.792+0000] {logging_mixin.py:120} INFO - [2024-09-13T09:15:34.792+0000] {dagbag.py:537} INFO - Filling up the DagBag from /opt/airflow/dags/xcom_dag.py
[2024-09-13T09:15:35.660+0000] {processor.py:766} INFO - DAG(s) dict_keys(['xcom_dag']) retrieved from /opt/airflow/dags/xcom_dag.py
[2024-09-13T09:15:35.779+0000] {logging_mixin.py:120} INFO - [2024-09-13T09:15:35.779+0000] {dag.py:2585} INFO - Sync 1 DAGs
[2024-09-13T09:15:35.849+0000] {logging_mixin.py:120} INFO - [2024-09-13T09:15:35.848+0000] {dag.py:3340} INFO - Setting next_dagrun for xcom_dag to 2024-09-12T00:00:00+00:00, run_after=2024-09-13T00:00:00+00:00
[2024-09-13T09:15:35.903+0000] {processor.py:176} INFO - Processing /opt/airflow/dags/xcom_dag.py took 1.126 seconds
[2024-09-13T09:16:07.181+0000] {processor.py:154} INFO - Started process (PID=4738) to work on /opt/airflow/dags/xcom_dag.py
[2024-09-13T09:16:07.197+0000] {processor.py:756} INFO - Processing file /opt/airflow/dags/xcom_dag.py for tasks to queue
[2024-09-13T09:16:07.208+0000] {logging_mixin.py:120} INFO - [2024-09-13T09:16:07.208+0000] {dagbag.py:537} INFO - Filling up the DagBag from /opt/airflow/dags/xcom_dag.py
[2024-09-13T09:16:07.304+0000] {processor.py:766} INFO - DAG(s) dict_keys(['xcom_dag']) retrieved from /opt/airflow/dags/xcom_dag.py
[2024-09-13T09:16:07.347+0000] {logging_mixin.py:120} INFO - [2024-09-13T09:16:07.347+0000] {dag.py:2585} INFO - Sync 1 DAGs
[2024-09-13T09:16:07.375+0000] {logging_mixin.py:120} INFO - [2024-09-13T09:16:07.375+0000] {dag.py:3340} INFO - Setting next_dagrun for xcom_dag to 2024-09-12T00:00:00+00:00, run_after=2024-09-13T00:00:00+00:00
[2024-09-13T09:16:07.401+0000] {processor.py:176} INFO - Processing /opt/airflow/dags/xcom_dag.py took 0.223 seconds
[2024-09-13T09:16:38.101+0000] {processor.py:154} INFO - Started process (PID=4774) to work on /opt/airflow/dags/xcom_dag.py
[2024-09-13T09:16:38.103+0000] {processor.py:756} INFO - Processing file /opt/airflow/dags/xcom_dag.py for tasks to queue
[2024-09-13T09:16:38.104+0000] {logging_mixin.py:120} INFO - [2024-09-13T09:16:38.104+0000] {dagbag.py:537} INFO - Filling up the DagBag from /opt/airflow/dags/xcom_dag.py
[2024-09-13T09:16:38.145+0000] {processor.py:766} INFO - DAG(s) dict_keys(['xcom_dag']) retrieved from /opt/airflow/dags/xcom_dag.py
[2024-09-13T09:16:38.193+0000] {logging_mixin.py:120} INFO - [2024-09-13T09:16:38.192+0000] {dag.py:2585} INFO - Sync 1 DAGs
[2024-09-13T09:16:38.226+0000] {logging_mixin.py:120} INFO - [2024-09-13T09:16:38.226+0000] {dag.py:3340} INFO - Setting next_dagrun for xcom_dag to 2024-09-12T00:00:00+00:00, run_after=2024-09-13T00:00:00+00:00
[2024-09-13T09:16:38.254+0000] {processor.py:176} INFO - Processing /opt/airflow/dags/xcom_dag.py took 0.160 seconds
[2024-09-13T09:17:09.542+0000] {processor.py:154} INFO - Started process (PID=4802) to work on /opt/airflow/dags/xcom_dag.py
[2024-09-13T09:17:09.543+0000] {processor.py:756} INFO - Processing file /opt/airflow/dags/xcom_dag.py for tasks to queue
[2024-09-13T09:17:09.544+0000] {logging_mixin.py:120} INFO - [2024-09-13T09:17:09.544+0000] {dagbag.py:537} INFO - Filling up the DagBag from /opt/airflow/dags/xcom_dag.py
[2024-09-13T09:17:09.715+0000] {processor.py:766} INFO - DAG(s) dict_keys(['xcom_dag']) retrieved from /opt/airflow/dags/xcom_dag.py
[2024-09-13T09:17:09.860+0000] {logging_mixin.py:120} INFO - [2024-09-13T09:17:09.859+0000] {dag.py:2585} INFO - Sync 1 DAGs
[2024-09-13T09:17:09.978+0000] {logging_mixin.py:120} INFO - [2024-09-13T09:17:09.977+0000] {dag.py:3340} INFO - Setting next_dagrun for xcom_dag to 2024-09-12T00:00:00+00:00, run_after=2024-09-13T00:00:00+00:00
[2024-09-13T09:17:10.465+0000] {processor.py:176} INFO - Processing /opt/airflow/dags/xcom_dag.py took 0.923 seconds
[2024-09-13T09:17:40.962+0000] {processor.py:154} INFO - Started process (PID=4850) to work on /opt/airflow/dags/xcom_dag.py
[2024-09-13T09:17:40.963+0000] {processor.py:756} INFO - Processing file /opt/airflow/dags/xcom_dag.py for tasks to queue
[2024-09-13T09:17:40.964+0000] {logging_mixin.py:120} INFO - [2024-09-13T09:17:40.964+0000] {dagbag.py:537} INFO - Filling up the DagBag from /opt/airflow/dags/xcom_dag.py
[2024-09-13T09:17:40.998+0000] {processor.py:766} INFO - DAG(s) dict_keys(['xcom_dag']) retrieved from /opt/airflow/dags/xcom_dag.py
[2024-09-13T09:17:41.044+0000] {logging_mixin.py:120} INFO - [2024-09-13T09:17:41.043+0000] {dag.py:2585} INFO - Sync 1 DAGs
[2024-09-13T09:17:41.072+0000] {logging_mixin.py:120} INFO - [2024-09-13T09:17:41.072+0000] {dag.py:3340} INFO - Setting next_dagrun for xcom_dag to 2024-09-13T00:00:00+00:00, run_after=2024-09-14T00:00:00+00:00
[2024-09-13T09:17:41.098+0000] {processor.py:176} INFO - Processing /opt/airflow/dags/xcom_dag.py took 0.141 seconds
[2024-09-13T09:18:11.259+0000] {processor.py:154} INFO - Started process (PID=4886) to work on /opt/airflow/dags/xcom_dag.py
[2024-09-13T09:18:11.260+0000] {processor.py:756} INFO - Processing file /opt/airflow/dags/xcom_dag.py for tasks to queue
[2024-09-13T09:18:11.263+0000] {logging_mixin.py:120} INFO - [2024-09-13T09:18:11.263+0000] {dagbag.py:537} INFO - Filling up the DagBag from /opt/airflow/dags/xcom_dag.py
[2024-09-13T09:18:11.306+0000] {processor.py:766} INFO - DAG(s) dict_keys(['xcom_dag']) retrieved from /opt/airflow/dags/xcom_dag.py
[2024-09-13T09:18:11.349+0000] {logging_mixin.py:120} INFO - [2024-09-13T09:18:11.349+0000] {dag.py:2585} INFO - Sync 1 DAGs
[2024-09-13T09:18:11.480+0000] {logging_mixin.py:120} INFO - [2024-09-13T09:18:11.480+0000] {dag.py:3340} INFO - Setting next_dagrun for xcom_dag to 2024-09-13T00:00:00+00:00, run_after=2024-09-14T00:00:00+00:00
[2024-09-13T09:18:11.508+0000] {processor.py:176} INFO - Processing /opt/airflow/dags/xcom_dag.py took 0.252 seconds
[2024-09-13T09:18:14.848+0000] {processor.py:154} INFO - Started process (PID=4890) to work on /opt/airflow/dags/xcom_dag.py
[2024-09-13T09:18:14.849+0000] {processor.py:756} INFO - Processing file /opt/airflow/dags/xcom_dag.py for tasks to queue
[2024-09-13T09:18:14.850+0000] {logging_mixin.py:120} INFO - [2024-09-13T09:18:14.850+0000] {dagbag.py:537} INFO - Filling up the DagBag from /opt/airflow/dags/xcom_dag.py
[2024-09-13T09:18:14.913+0000] {processor.py:766} INFO - DAG(s) dict_keys(['xcom_dag']) retrieved from /opt/airflow/dags/xcom_dag.py
[2024-09-13T09:18:14.959+0000] {logging_mixin.py:120} INFO - [2024-09-13T09:18:14.958+0000] {dag.py:2585} INFO - Sync 1 DAGs
[2024-09-13T09:18:14.989+0000] {logging_mixin.py:120} INFO - [2024-09-13T09:18:14.989+0000] {dag.py:3340} INFO - Setting next_dagrun for xcom_dag to 2024-09-13T00:00:00+00:00, run_after=2024-09-14T00:00:00+00:00
[2024-09-13T09:18:15.023+0000] {processor.py:176} INFO - Processing /opt/airflow/dags/xcom_dag.py took 0.182 seconds
[2024-09-13T09:18:45.508+0000] {processor.py:154} INFO - Started process (PID=4926) to work on /opt/airflow/dags/xcom_dag.py
[2024-09-13T09:18:45.510+0000] {processor.py:756} INFO - Processing file /opt/airflow/dags/xcom_dag.py for tasks to queue
[2024-09-13T09:18:45.512+0000] {logging_mixin.py:120} INFO - [2024-09-13T09:18:45.512+0000] {dagbag.py:537} INFO - Filling up the DagBag from /opt/airflow/dags/xcom_dag.py
[2024-09-13T09:18:45.555+0000] {processor.py:766} INFO - DAG(s) dict_keys(['xcom_dag']) retrieved from /opt/airflow/dags/xcom_dag.py
[2024-09-13T09:18:45.608+0000] {logging_mixin.py:120} INFO - [2024-09-13T09:18:45.608+0000] {dag.py:2585} INFO - Sync 1 DAGs
[2024-09-13T09:18:45.714+0000] {logging_mixin.py:120} INFO - [2024-09-13T09:18:45.714+0000] {dag.py:3340} INFO - Setting next_dagrun for xcom_dag to 2024-09-13T00:00:00+00:00, run_after=2024-09-14T00:00:00+00:00
[2024-09-13T09:18:45.939+0000] {processor.py:176} INFO - Processing /opt/airflow/dags/xcom_dag.py took 0.436 seconds
[2024-09-13T09:19:17.049+0000] {processor.py:154} INFO - Started process (PID=4951) to work on /opt/airflow/dags/xcom_dag.py
[2024-09-13T09:19:17.051+0000] {processor.py:756} INFO - Processing file /opt/airflow/dags/xcom_dag.py for tasks to queue
[2024-09-13T09:19:17.053+0000] {logging_mixin.py:120} INFO - [2024-09-13T09:19:17.052+0000] {dagbag.py:537} INFO - Filling up the DagBag from /opt/airflow/dags/xcom_dag.py
[2024-09-13T09:19:17.619+0000] {processor.py:766} INFO - DAG(s) dict_keys(['xcom_dag']) retrieved from /opt/airflow/dags/xcom_dag.py
[2024-09-13T09:19:17.724+0000] {logging_mixin.py:120} INFO - [2024-09-13T09:19:17.724+0000] {dag.py:2585} INFO - Sync 1 DAGs
[2024-09-13T09:19:17.810+0000] {logging_mixin.py:120} INFO - [2024-09-13T09:19:17.810+0000] {dag.py:3340} INFO - Setting next_dagrun for xcom_dag to 2024-09-13T00:00:00+00:00, run_after=2024-09-14T00:00:00+00:00
[2024-09-13T09:19:17.853+0000] {processor.py:176} INFO - Processing /opt/airflow/dags/xcom_dag.py took 0.807 seconds
[2024-09-13T09:19:48.519+0000] {processor.py:154} INFO - Started process (PID=4986) to work on /opt/airflow/dags/xcom_dag.py
[2024-09-13T09:19:48.521+0000] {processor.py:756} INFO - Processing file /opt/airflow/dags/xcom_dag.py for tasks to queue
[2024-09-13T09:19:48.522+0000] {logging_mixin.py:120} INFO - [2024-09-13T09:19:48.521+0000] {dagbag.py:537} INFO - Filling up the DagBag from /opt/airflow/dags/xcom_dag.py
[2024-09-13T09:19:48.553+0000] {processor.py:766} INFO - DAG(s) dict_keys(['xcom_dag']) retrieved from /opt/airflow/dags/xcom_dag.py
[2024-09-13T09:19:48.598+0000] {logging_mixin.py:120} INFO - [2024-09-13T09:19:48.597+0000] {dag.py:2585} INFO - Sync 1 DAGs
[2024-09-13T09:19:48.627+0000] {logging_mixin.py:120} INFO - [2024-09-13T09:19:48.627+0000] {dag.py:3340} INFO - Setting next_dagrun for xcom_dag to 2024-09-13T00:00:00+00:00, run_after=2024-09-14T00:00:00+00:00
[2024-09-13T09:19:48.654+0000] {processor.py:176} INFO - Processing /opt/airflow/dags/xcom_dag.py took 0.138 seconds
[2024-09-13T09:20:21.711+0000] {processor.py:154} INFO - Started process (PID=5023) to work on /opt/airflow/dags/xcom_dag.py
[2024-09-13T09:20:21.712+0000] {processor.py:756} INFO - Processing file /opt/airflow/dags/xcom_dag.py for tasks to queue
[2024-09-13T09:20:21.713+0000] {logging_mixin.py:120} INFO - [2024-09-13T09:20:21.713+0000] {dagbag.py:537} INFO - Filling up the DagBag from /opt/airflow/dags/xcom_dag.py
[2024-09-13T09:20:21.753+0000] {processor.py:766} INFO - DAG(s) dict_keys(['xcom_dag']) retrieved from /opt/airflow/dags/xcom_dag.py
[2024-09-13T09:20:21.859+0000] {logging_mixin.py:120} INFO - [2024-09-13T09:20:21.859+0000] {dag.py:2585} INFO - Sync 1 DAGs
[2024-09-13T09:20:21.923+0000] {logging_mixin.py:120} INFO - [2024-09-13T09:20:21.923+0000] {dag.py:3340} INFO - Setting next_dagrun for xcom_dag to 2024-09-13T00:00:00+00:00, run_after=2024-09-14T00:00:00+00:00
[2024-09-13T09:20:21.947+0000] {processor.py:176} INFO - Processing /opt/airflow/dags/xcom_dag.py took 0.241 seconds
[2024-09-13T09:20:51.999+0000] {processor.py:154} INFO - Started process (PID=5051) to work on /opt/airflow/dags/xcom_dag.py
[2024-09-13T09:20:52.000+0000] {processor.py:756} INFO - Processing file /opt/airflow/dags/xcom_dag.py for tasks to queue
[2024-09-13T09:20:52.002+0000] {logging_mixin.py:120} INFO - [2024-09-13T09:20:52.001+0000] {dagbag.py:537} INFO - Filling up the DagBag from /opt/airflow/dags/xcom_dag.py
[2024-09-13T09:20:52.051+0000] {processor.py:766} INFO - DAG(s) dict_keys(['xcom_dag']) retrieved from /opt/airflow/dags/xcom_dag.py
[2024-09-13T09:20:52.093+0000] {logging_mixin.py:120} INFO - [2024-09-13T09:20:52.093+0000] {dag.py:2585} INFO - Sync 1 DAGs
[2024-09-13T09:20:52.136+0000] {logging_mixin.py:120} INFO - [2024-09-13T09:20:52.136+0000] {dag.py:3340} INFO - Setting next_dagrun for xcom_dag to 2024-09-13T00:00:00+00:00, run_after=2024-09-14T00:00:00+00:00
[2024-09-13T09:20:52.239+0000] {processor.py:176} INFO - Processing /opt/airflow/dags/xcom_dag.py took 0.243 seconds
[2024-09-13T09:21:23.054+0000] {processor.py:154} INFO - Started process (PID=5087) to work on /opt/airflow/dags/xcom_dag.py
[2024-09-13T09:21:23.057+0000] {processor.py:756} INFO - Processing file /opt/airflow/dags/xcom_dag.py for tasks to queue
[2024-09-13T09:21:23.058+0000] {logging_mixin.py:120} INFO - [2024-09-13T09:21:23.058+0000] {dagbag.py:537} INFO - Filling up the DagBag from /opt/airflow/dags/xcom_dag.py
[2024-09-13T09:21:23.141+0000] {processor.py:766} INFO - DAG(s) dict_keys(['xcom_dag']) retrieved from /opt/airflow/dags/xcom_dag.py
[2024-09-13T09:21:23.196+0000] {logging_mixin.py:120} INFO - [2024-09-13T09:21:23.195+0000] {dag.py:2585} INFO - Sync 1 DAGs
[2024-09-13T09:21:23.233+0000] {logging_mixin.py:120} INFO - [2024-09-13T09:21:23.233+0000] {dag.py:3340} INFO - Setting next_dagrun for xcom_dag to 2024-09-13T00:00:00+00:00, run_after=2024-09-14T00:00:00+00:00
[2024-09-13T09:21:23.264+0000] {processor.py:176} INFO - Processing /opt/airflow/dags/xcom_dag.py took 0.216 seconds
[2024-09-13T09:21:42.171+0000] {processor.py:154} INFO - Started process (PID=5111) to work on /opt/airflow/dags/xcom_dag.py
[2024-09-13T09:21:42.187+0000] {processor.py:756} INFO - Processing file /opt/airflow/dags/xcom_dag.py for tasks to queue
[2024-09-13T09:21:42.201+0000] {logging_mixin.py:120} INFO - [2024-09-13T09:21:42.201+0000] {dagbag.py:537} INFO - Filling up the DagBag from /opt/airflow/dags/xcom_dag.py
[2024-09-13T09:21:42.275+0000] {processor.py:766} INFO - DAG(s) dict_keys(['xcom_dag']) retrieved from /opt/airflow/dags/xcom_dag.py
[2024-09-13T09:21:42.326+0000] {logging_mixin.py:120} INFO - [2024-09-13T09:21:42.326+0000] {dag.py:2585} INFO - Sync 1 DAGs
[2024-09-13T09:21:42.424+0000] {logging_mixin.py:120} INFO - [2024-09-13T09:21:42.424+0000] {dag.py:3340} INFO - Setting next_dagrun for xcom_dag to 2024-09-13T00:00:00+00:00, run_after=2024-09-14T00:00:00+00:00
[2024-09-13T09:21:42.533+0000] {processor.py:176} INFO - Processing /opt/airflow/dags/xcom_dag.py took 0.362 seconds
[2024-09-13T09:22:00.917+0000] {processor.py:154} INFO - Started process (PID=5126) to work on /opt/airflow/dags/xcom_dag.py
[2024-09-13T09:22:00.920+0000] {processor.py:756} INFO - Processing file /opt/airflow/dags/xcom_dag.py for tasks to queue
[2024-09-13T09:22:00.926+0000] {logging_mixin.py:120} INFO - [2024-09-13T09:22:00.925+0000] {dagbag.py:537} INFO - Filling up the DagBag from /opt/airflow/dags/xcom_dag.py
[2024-09-13T09:22:01.075+0000] {processor.py:766} INFO - DAG(s) dict_keys(['xcom_dag']) retrieved from /opt/airflow/dags/xcom_dag.py
[2024-09-13T09:22:01.180+0000] {logging_mixin.py:120} INFO - [2024-09-13T09:22:01.180+0000] {dag.py:2585} INFO - Sync 1 DAGs
[2024-09-13T09:22:01.216+0000] {logging_mixin.py:120} INFO - [2024-09-13T09:22:01.215+0000] {dag.py:3340} INFO - Setting next_dagrun for xcom_dag to 2024-09-13T00:00:00+00:00, run_after=2024-09-14T00:00:00+00:00
[2024-09-13T09:22:01.250+0000] {processor.py:176} INFO - Processing /opt/airflow/dags/xcom_dag.py took 0.339 seconds
[2024-09-13T09:22:31.795+0000] {processor.py:154} INFO - Started process (PID=5162) to work on /opt/airflow/dags/xcom_dag.py
[2024-09-13T09:22:31.797+0000] {processor.py:756} INFO - Processing file /opt/airflow/dags/xcom_dag.py for tasks to queue
[2024-09-13T09:22:31.797+0000] {logging_mixin.py:120} INFO - [2024-09-13T09:22:31.797+0000] {dagbag.py:537} INFO - Filling up the DagBag from /opt/airflow/dags/xcom_dag.py
[2024-09-13T09:22:31.834+0000] {processor.py:766} INFO - DAG(s) dict_keys(['xcom_dag']) retrieved from /opt/airflow/dags/xcom_dag.py
[2024-09-13T09:22:31.930+0000] {logging_mixin.py:120} INFO - [2024-09-13T09:22:31.930+0000] {dag.py:2585} INFO - Sync 1 DAGs
[2024-09-13T09:22:32.028+0000] {logging_mixin.py:120} INFO - [2024-09-13T09:22:32.028+0000] {dag.py:3340} INFO - Setting next_dagrun for xcom_dag to 2024-09-13T00:00:00+00:00, run_after=2024-09-14T00:00:00+00:00
[2024-09-13T09:22:32.177+0000] {processor.py:176} INFO - Processing /opt/airflow/dags/xcom_dag.py took 0.389 seconds
[2024-09-13T09:23:02.972+0000] {processor.py:154} INFO - Started process (PID=5198) to work on /opt/airflow/dags/xcom_dag.py
[2024-09-13T09:23:02.975+0000] {processor.py:756} INFO - Processing file /opt/airflow/dags/xcom_dag.py for tasks to queue
[2024-09-13T09:23:02.977+0000] {logging_mixin.py:120} INFO - [2024-09-13T09:23:02.976+0000] {dagbag.py:537} INFO - Filling up the DagBag from /opt/airflow/dags/xcom_dag.py
[2024-09-13T09:23:03.033+0000] {processor.py:766} INFO - DAG(s) dict_keys(['xcom_dag']) retrieved from /opt/airflow/dags/xcom_dag.py
[2024-09-13T09:23:03.072+0000] {logging_mixin.py:120} INFO - [2024-09-13T09:23:03.071+0000] {dag.py:2585} INFO - Sync 1 DAGs
[2024-09-13T09:23:03.098+0000] {logging_mixin.py:120} INFO - [2024-09-13T09:23:03.098+0000] {dag.py:3340} INFO - Setting next_dagrun for xcom_dag to 2024-09-13T00:00:00+00:00, run_after=2024-09-14T00:00:00+00:00
[2024-09-13T09:23:03.126+0000] {processor.py:176} INFO - Processing /opt/airflow/dags/xcom_dag.py took 0.159 seconds
[2024-09-13T09:23:25.218+0000] {processor.py:154} INFO - Started process (PID=5220) to work on /opt/airflow/dags/xcom_dag.py
[2024-09-13T09:23:25.219+0000] {processor.py:756} INFO - Processing file /opt/airflow/dags/xcom_dag.py for tasks to queue
[2024-09-13T09:23:25.220+0000] {logging_mixin.py:120} INFO - [2024-09-13T09:23:25.220+0000] {dagbag.py:537} INFO - Filling up the DagBag from /opt/airflow/dags/xcom_dag.py
[2024-09-13T09:23:25.389+0000] {processor.py:766} INFO - DAG(s) dict_keys(['xcom_dag']) retrieved from /opt/airflow/dags/xcom_dag.py
[2024-09-13T09:23:25.432+0000] {logging_mixin.py:120} INFO - [2024-09-13T09:23:25.432+0000] {dag.py:2585} INFO - Sync 1 DAGs
[2024-09-13T09:23:25.470+0000] {logging_mixin.py:120} INFO - [2024-09-13T09:23:25.470+0000] {dag.py:3340} INFO - Setting next_dagrun for xcom_dag to 2024-09-13T00:00:00+00:00, run_after=2024-09-14T00:00:00+00:00
[2024-09-13T09:23:25.530+0000] {processor.py:176} INFO - Processing /opt/airflow/dags/xcom_dag.py took 0.314 seconds
[2024-09-13T09:23:51.883+0000] {processor.py:154} INFO - Started process (PID=5246) to work on /opt/airflow/dags/xcom_dag.py
[2024-09-13T09:23:51.884+0000] {processor.py:756} INFO - Processing file /opt/airflow/dags/xcom_dag.py for tasks to queue
[2024-09-13T09:23:51.885+0000] {logging_mixin.py:120} INFO - [2024-09-13T09:23:51.885+0000] {dagbag.py:537} INFO - Filling up the DagBag from /opt/airflow/dags/xcom_dag.py
[2024-09-13T09:23:52.035+0000] {processor.py:766} INFO - DAG(s) dict_keys(['xcom_dag']) retrieved from /opt/airflow/dags/xcom_dag.py
[2024-09-13T09:23:52.083+0000] {logging_mixin.py:120} INFO - [2024-09-13T09:23:52.083+0000] {dag.py:2585} INFO - Sync 1 DAGs
[2024-09-13T09:23:52.155+0000] {logging_mixin.py:120} INFO - [2024-09-13T09:23:52.154+0000] {dag.py:3340} INFO - Setting next_dagrun for xcom_dag to 2024-09-13T00:00:00+00:00, run_after=2024-09-14T00:00:00+00:00
[2024-09-13T09:23:52.282+0000] {processor.py:176} INFO - Processing /opt/airflow/dags/xcom_dag.py took 0.402 seconds
[2024-09-13T09:24:23.893+0000] {processor.py:154} INFO - Started process (PID=5282) to work on /opt/airflow/dags/xcom_dag.py
[2024-09-13T09:24:23.969+0000] {processor.py:756} INFO - Processing file /opt/airflow/dags/xcom_dag.py for tasks to queue
[2024-09-13T09:24:23.971+0000] {logging_mixin.py:120} INFO - [2024-09-13T09:24:23.971+0000] {dagbag.py:537} INFO - Filling up the DagBag from /opt/airflow/dags/xcom_dag.py
[2024-09-13T09:24:24.280+0000] {processor.py:766} INFO - DAG(s) dict_keys(['xcom_dag']) retrieved from /opt/airflow/dags/xcom_dag.py
[2024-09-13T09:24:24.370+0000] {logging_mixin.py:120} INFO - [2024-09-13T09:24:24.370+0000] {dag.py:2585} INFO - Sync 1 DAGs
[2024-09-13T09:24:24.425+0000] {logging_mixin.py:120} INFO - [2024-09-13T09:24:24.425+0000] {dag.py:3340} INFO - Setting next_dagrun for xcom_dag to 2024-09-13T00:00:00+00:00, run_after=2024-09-14T00:00:00+00:00
[2024-09-13T09:24:24.483+0000] {processor.py:176} INFO - Processing /opt/airflow/dags/xcom_dag.py took 0.597 seconds
[2024-09-13T09:24:51.690+0000] {processor.py:154} INFO - Started process (PID=5309) to work on /opt/airflow/dags/xcom_dag.py
[2024-09-13T09:24:51.691+0000] {processor.py:756} INFO - Processing file /opt/airflow/dags/xcom_dag.py for tasks to queue
[2024-09-13T09:24:51.692+0000] {logging_mixin.py:120} INFO - [2024-09-13T09:24:51.692+0000] {dagbag.py:537} INFO - Filling up the DagBag from /opt/airflow/dags/xcom_dag.py
[2024-09-13T09:24:51.757+0000] {processor.py:766} INFO - DAG(s) dict_keys(['xcom_dag']) retrieved from /opt/airflow/dags/xcom_dag.py
[2024-09-13T09:24:51.809+0000] {logging_mixin.py:120} INFO - [2024-09-13T09:24:51.809+0000] {dag.py:2585} INFO - Sync 1 DAGs
[2024-09-13T09:24:51.835+0000] {logging_mixin.py:120} INFO - [2024-09-13T09:24:51.835+0000] {dag.py:3340} INFO - Setting next_dagrun for xcom_dag to 2024-09-13T00:00:00+00:00, run_after=2024-09-14T00:00:00+00:00
[2024-09-13T09:24:51.868+0000] {processor.py:176} INFO - Processing /opt/airflow/dags/xcom_dag.py took 0.182 seconds
[2024-09-13T09:25:22.657+0000] {processor.py:154} INFO - Started process (PID=5345) to work on /opt/airflow/dags/xcom_dag.py
[2024-09-13T09:25:22.661+0000] {processor.py:756} INFO - Processing file /opt/airflow/dags/xcom_dag.py for tasks to queue
[2024-09-13T09:25:22.665+0000] {logging_mixin.py:120} INFO - [2024-09-13T09:25:22.665+0000] {dagbag.py:537} INFO - Filling up the DagBag from /opt/airflow/dags/xcom_dag.py
[2024-09-13T09:25:22.710+0000] {processor.py:766} INFO - DAG(s) dict_keys(['xcom_dag']) retrieved from /opt/airflow/dags/xcom_dag.py
[2024-09-13T09:25:22.764+0000] {logging_mixin.py:120} INFO - [2024-09-13T09:25:22.764+0000] {dag.py:2585} INFO - Sync 1 DAGs
[2024-09-13T09:25:22.798+0000] {logging_mixin.py:120} INFO - [2024-09-13T09:25:22.798+0000] {dag.py:3340} INFO - Setting next_dagrun for xcom_dag to 2024-09-13T00:00:00+00:00, run_after=2024-09-14T00:00:00+00:00
[2024-09-13T09:25:22.837+0000] {processor.py:176} INFO - Processing /opt/airflow/dags/xcom_dag.py took 0.186 seconds
[2024-09-13T09:25:52.981+0000] {processor.py:154} INFO - Started process (PID=5372) to work on /opt/airflow/dags/xcom_dag.py
[2024-09-13T09:25:52.983+0000] {processor.py:756} INFO - Processing file /opt/airflow/dags/xcom_dag.py for tasks to queue
[2024-09-13T09:25:52.984+0000] {logging_mixin.py:120} INFO - [2024-09-13T09:25:52.984+0000] {dagbag.py:537} INFO - Filling up the DagBag from /opt/airflow/dags/xcom_dag.py
[2024-09-13T09:25:53.026+0000] {processor.py:766} INFO - DAG(s) dict_keys(['xcom_dag']) retrieved from /opt/airflow/dags/xcom_dag.py
[2024-09-13T09:25:53.071+0000] {logging_mixin.py:120} INFO - [2024-09-13T09:25:53.070+0000] {dag.py:2585} INFO - Sync 1 DAGs
[2024-09-13T09:25:53.109+0000] {logging_mixin.py:120} INFO - [2024-09-13T09:25:53.109+0000] {dag.py:3340} INFO - Setting next_dagrun for xcom_dag to 2024-09-13T00:00:00+00:00, run_after=2024-09-14T00:00:00+00:00
[2024-09-13T09:25:53.147+0000] {processor.py:176} INFO - Processing /opt/airflow/dags/xcom_dag.py took 0.170 seconds
[2024-09-13T09:26:23.245+0000] {processor.py:154} INFO - Started process (PID=5407) to work on /opt/airflow/dags/xcom_dag.py
[2024-09-13T09:26:23.249+0000] {processor.py:756} INFO - Processing file /opt/airflow/dags/xcom_dag.py for tasks to queue
[2024-09-13T09:26:23.250+0000] {logging_mixin.py:120} INFO - [2024-09-13T09:26:23.250+0000] {dagbag.py:537} INFO - Filling up the DagBag from /opt/airflow/dags/xcom_dag.py
[2024-09-13T09:26:23.304+0000] {processor.py:766} INFO - DAG(s) dict_keys(['xcom_dag']) retrieved from /opt/airflow/dags/xcom_dag.py
[2024-09-13T09:26:23.398+0000] {logging_mixin.py:120} INFO - [2024-09-13T09:26:23.398+0000] {dag.py:2585} INFO - Sync 1 DAGs
[2024-09-13T09:26:23.450+0000] {logging_mixin.py:120} INFO - [2024-09-13T09:26:23.449+0000] {dag.py:3340} INFO - Setting next_dagrun for xcom_dag to 2024-09-13T00:00:00+00:00, run_after=2024-09-14T00:00:00+00:00
[2024-09-13T09:26:23.489+0000] {processor.py:176} INFO - Processing /opt/airflow/dags/xcom_dag.py took 0.251 seconds
[2024-09-13T09:26:53.659+0000] {processor.py:154} INFO - Started process (PID=5432) to work on /opt/airflow/dags/xcom_dag.py
[2024-09-13T09:26:53.661+0000] {processor.py:756} INFO - Processing file /opt/airflow/dags/xcom_dag.py for tasks to queue
[2024-09-13T09:26:53.662+0000] {logging_mixin.py:120} INFO - [2024-09-13T09:26:53.662+0000] {dagbag.py:537} INFO - Filling up the DagBag from /opt/airflow/dags/xcom_dag.py
[2024-09-13T09:26:53.707+0000] {processor.py:766} INFO - DAG(s) dict_keys(['xcom_dag']) retrieved from /opt/airflow/dags/xcom_dag.py
[2024-09-13T09:26:53.755+0000] {logging_mixin.py:120} INFO - [2024-09-13T09:26:53.754+0000] {dag.py:2585} INFO - Sync 1 DAGs
[2024-09-13T09:26:53.796+0000] {logging_mixin.py:120} INFO - [2024-09-13T09:26:53.795+0000] {dag.py:3340} INFO - Setting next_dagrun for xcom_dag to 2024-09-13T00:00:00+00:00, run_after=2024-09-14T00:00:00+00:00
[2024-09-13T09:26:53.834+0000] {processor.py:176} INFO - Processing /opt/airflow/dags/xcom_dag.py took 0.179 seconds
[2024-09-13T09:27:24.346+0000] {processor.py:154} INFO - Started process (PID=5468) to work on /opt/airflow/dags/xcom_dag.py
[2024-09-13T09:27:24.349+0000] {processor.py:756} INFO - Processing file /opt/airflow/dags/xcom_dag.py for tasks to queue
[2024-09-13T09:27:24.353+0000] {logging_mixin.py:120} INFO - [2024-09-13T09:27:24.353+0000] {dagbag.py:537} INFO - Filling up the DagBag from /opt/airflow/dags/xcom_dag.py
[2024-09-13T09:27:24.424+0000] {processor.py:766} INFO - DAG(s) dict_keys(['xcom_dag']) retrieved from /opt/airflow/dags/xcom_dag.py
[2024-09-13T09:27:24.494+0000] {logging_mixin.py:120} INFO - [2024-09-13T09:27:24.494+0000] {dag.py:2585} INFO - Sync 1 DAGs
[2024-09-13T09:27:24.534+0000] {logging_mixin.py:120} INFO - [2024-09-13T09:27:24.534+0000] {dag.py:3340} INFO - Setting next_dagrun for xcom_dag to 2024-09-13T00:00:00+00:00, run_after=2024-09-14T00:00:00+00:00
[2024-09-13T09:27:24.576+0000] {processor.py:176} INFO - Processing /opt/airflow/dags/xcom_dag.py took 0.237 seconds
[2024-09-13T09:27:55.036+0000] {processor.py:154} INFO - Started process (PID=5495) to work on /opt/airflow/dags/xcom_dag.py
[2024-09-13T09:27:55.038+0000] {processor.py:756} INFO - Processing file /opt/airflow/dags/xcom_dag.py for tasks to queue
[2024-09-13T09:27:55.042+0000] {logging_mixin.py:120} INFO - [2024-09-13T09:27:55.042+0000] {dagbag.py:537} INFO - Filling up the DagBag from /opt/airflow/dags/xcom_dag.py
[2024-09-13T09:27:55.127+0000] {processor.py:766} INFO - DAG(s) dict_keys(['xcom_dag']) retrieved from /opt/airflow/dags/xcom_dag.py
[2024-09-13T09:27:55.193+0000] {logging_mixin.py:120} INFO - [2024-09-13T09:27:55.193+0000] {dag.py:2585} INFO - Sync 1 DAGs
[2024-09-13T09:27:55.299+0000] {logging_mixin.py:120} INFO - [2024-09-13T09:27:55.299+0000] {dag.py:3340} INFO - Setting next_dagrun for xcom_dag to 2024-09-13T00:00:00+00:00, run_after=2024-09-14T00:00:00+00:00
[2024-09-13T09:27:55.581+0000] {processor.py:176} INFO - Processing /opt/airflow/dags/xcom_dag.py took 0.548 seconds
[2024-09-13T09:28:28.266+0000] {processor.py:154} INFO - Started process (PID=5531) to work on /opt/airflow/dags/xcom_dag.py
[2024-09-13T09:28:28.268+0000] {processor.py:756} INFO - Processing file /opt/airflow/dags/xcom_dag.py for tasks to queue
[2024-09-13T09:28:28.273+0000] {logging_mixin.py:120} INFO - [2024-09-13T09:28:28.273+0000] {dagbag.py:537} INFO - Filling up the DagBag from /opt/airflow/dags/xcom_dag.py
[2024-09-13T09:28:28.505+0000] {processor.py:766} INFO - DAG(s) dict_keys(['xcom_dag']) retrieved from /opt/airflow/dags/xcom_dag.py
[2024-09-13T09:28:28.569+0000] {logging_mixin.py:120} INFO - [2024-09-13T09:28:28.568+0000] {dag.py:2585} INFO - Sync 1 DAGs
[2024-09-13T09:28:28.652+0000] {logging_mixin.py:120} INFO - [2024-09-13T09:28:28.651+0000] {dag.py:3340} INFO - Setting next_dagrun for xcom_dag to 2024-09-13T00:00:00+00:00, run_after=2024-09-14T00:00:00+00:00
[2024-09-13T09:28:28.684+0000] {processor.py:176} INFO - Processing /opt/airflow/dags/xcom_dag.py took 0.422 seconds
[2024-09-13T09:28:59.386+0000] {processor.py:154} INFO - Started process (PID=5567) to work on /opt/airflow/dags/xcom_dag.py
[2024-09-13T09:28:59.406+0000] {processor.py:756} INFO - Processing file /opt/airflow/dags/xcom_dag.py for tasks to queue
[2024-09-13T09:28:59.407+0000] {logging_mixin.py:120} INFO - [2024-09-13T09:28:59.407+0000] {dagbag.py:537} INFO - Filling up the DagBag from /opt/airflow/dags/xcom_dag.py
[2024-09-13T09:28:59.488+0000] {processor.py:766} INFO - DAG(s) dict_keys(['xcom_dag']) retrieved from /opt/airflow/dags/xcom_dag.py
[2024-09-13T09:28:59.531+0000] {logging_mixin.py:120} INFO - [2024-09-13T09:28:59.531+0000] {dag.py:2585} INFO - Sync 1 DAGs
[2024-09-13T09:28:59.568+0000] {logging_mixin.py:120} INFO - [2024-09-13T09:28:59.568+0000] {dag.py:3340} INFO - Setting next_dagrun for xcom_dag to 2024-09-13T00:00:00+00:00, run_after=2024-09-14T00:00:00+00:00
[2024-09-13T09:28:59.599+0000] {processor.py:176} INFO - Processing /opt/airflow/dags/xcom_dag.py took 0.216 seconds
[2024-09-13T09:29:29.923+0000] {processor.py:154} INFO - Started process (PID=5594) to work on /opt/airflow/dags/xcom_dag.py
[2024-09-13T09:29:29.923+0000] {processor.py:756} INFO - Processing file /opt/airflow/dags/xcom_dag.py for tasks to queue
[2024-09-13T09:29:29.924+0000] {logging_mixin.py:120} INFO - [2024-09-13T09:29:29.924+0000] {dagbag.py:537} INFO - Filling up the DagBag from /opt/airflow/dags/xcom_dag.py
[2024-09-13T09:29:29.948+0000] {processor.py:766} INFO - DAG(s) dict_keys(['xcom_dag']) retrieved from /opt/airflow/dags/xcom_dag.py
[2024-09-13T09:29:29.987+0000] {logging_mixin.py:120} INFO - [2024-09-13T09:29:29.987+0000] {dag.py:2585} INFO - Sync 1 DAGs
[2024-09-13T09:29:30.011+0000] {logging_mixin.py:120} INFO - [2024-09-13T09:29:30.011+0000] {dag.py:3340} INFO - Setting next_dagrun for xcom_dag to 2024-09-13T00:00:00+00:00, run_after=2024-09-14T00:00:00+00:00
[2024-09-13T09:29:30.036+0000] {processor.py:176} INFO - Processing /opt/airflow/dags/xcom_dag.py took 0.116 seconds
[2024-09-13T09:30:00.798+0000] {processor.py:154} INFO - Started process (PID=5630) to work on /opt/airflow/dags/xcom_dag.py
[2024-09-13T09:30:00.858+0000] {processor.py:756} INFO - Processing file /opt/airflow/dags/xcom_dag.py for tasks to queue
[2024-09-13T09:30:00.913+0000] {logging_mixin.py:120} INFO - [2024-09-13T09:30:00.912+0000] {dagbag.py:537} INFO - Filling up the DagBag from /opt/airflow/dags/xcom_dag.py
[2024-09-13T09:30:01.236+0000] {processor.py:766} INFO - DAG(s) dict_keys(['xcom_dag']) retrieved from /opt/airflow/dags/xcom_dag.py
[2024-09-13T09:30:01.415+0000] {logging_mixin.py:120} INFO - [2024-09-13T09:30:01.415+0000] {dag.py:2585} INFO - Sync 1 DAGs
[2024-09-13T09:30:01.564+0000] {logging_mixin.py:120} INFO - [2024-09-13T09:30:01.563+0000] {dag.py:3340} INFO - Setting next_dagrun for xcom_dag to 2024-09-13T00:00:00+00:00, run_after=2024-09-14T00:00:00+00:00
[2024-09-13T09:30:01.691+0000] {processor.py:176} INFO - Processing /opt/airflow/dags/xcom_dag.py took 0.897 seconds
[2024-09-13T09:30:32.086+0000] {processor.py:154} INFO - Started process (PID=5667) to work on /opt/airflow/dags/xcom_dag.py
[2024-09-13T09:30:32.087+0000] {processor.py:756} INFO - Processing file /opt/airflow/dags/xcom_dag.py for tasks to queue
[2024-09-13T09:30:32.088+0000] {logging_mixin.py:120} INFO - [2024-09-13T09:30:32.088+0000] {dagbag.py:537} INFO - Filling up the DagBag from /opt/airflow/dags/xcom_dag.py
[2024-09-13T09:30:32.117+0000] {processor.py:766} INFO - DAG(s) dict_keys(['xcom_dag']) retrieved from /opt/airflow/dags/xcom_dag.py
[2024-09-13T09:30:32.159+0000] {logging_mixin.py:120} INFO - [2024-09-13T09:30:32.158+0000] {dag.py:2585} INFO - Sync 1 DAGs
[2024-09-13T09:30:32.191+0000] {logging_mixin.py:120} INFO - [2024-09-13T09:30:32.189+0000] {dag.py:3340} INFO - Setting next_dagrun for xcom_dag to 2024-09-13T00:00:00+00:00, run_after=2024-09-14T00:00:00+00:00
[2024-09-13T09:30:32.219+0000] {processor.py:176} INFO - Processing /opt/airflow/dags/xcom_dag.py took 0.137 seconds
[2024-09-13T09:31:02.993+0000] {processor.py:154} INFO - Started process (PID=5694) to work on /opt/airflow/dags/xcom_dag.py
[2024-09-13T09:31:02.995+0000] {processor.py:756} INFO - Processing file /opt/airflow/dags/xcom_dag.py for tasks to queue
[2024-09-13T09:31:02.997+0000] {logging_mixin.py:120} INFO - [2024-09-13T09:31:02.996+0000] {dagbag.py:537} INFO - Filling up the DagBag from /opt/airflow/dags/xcom_dag.py
[2024-09-13T09:31:03.030+0000] {processor.py:766} INFO - DAG(s) dict_keys(['xcom_dag']) retrieved from /opt/airflow/dags/xcom_dag.py
[2024-09-13T09:31:03.075+0000] {logging_mixin.py:120} INFO - [2024-09-13T09:31:03.075+0000] {dag.py:2585} INFO - Sync 1 DAGs
[2024-09-13T09:31:03.107+0000] {logging_mixin.py:120} INFO - [2024-09-13T09:31:03.107+0000] {dag.py:3340} INFO - Setting next_dagrun for xcom_dag to 2024-09-13T00:00:00+00:00, run_after=2024-09-14T00:00:00+00:00
[2024-09-13T09:31:03.133+0000] {processor.py:176} INFO - Processing /opt/airflow/dags/xcom_dag.py took 0.144 seconds
[2024-09-13T09:31:34.171+0000] {processor.py:154} INFO - Started process (PID=5730) to work on /opt/airflow/dags/xcom_dag.py
[2024-09-13T09:31:34.173+0000] {processor.py:756} INFO - Processing file /opt/airflow/dags/xcom_dag.py for tasks to queue
[2024-09-13T09:31:34.281+0000] {logging_mixin.py:120} INFO - [2024-09-13T09:31:34.281+0000] {dagbag.py:537} INFO - Filling up the DagBag from /opt/airflow/dags/xcom_dag.py
[2024-09-13T09:31:36.193+0000] {processor.py:766} INFO - DAG(s) dict_keys(['xcom_dag']) retrieved from /opt/airflow/dags/xcom_dag.py
[2024-09-13T09:31:36.274+0000] {logging_mixin.py:120} INFO - [2024-09-13T09:31:36.273+0000] {dag.py:2585} INFO - Sync 1 DAGs
[2024-09-13T09:31:36.341+0000] {logging_mixin.py:120} INFO - [2024-09-13T09:31:36.341+0000] {dag.py:3340} INFO - Setting next_dagrun for xcom_dag to 2024-09-13T00:00:00+00:00, run_after=2024-09-14T00:00:00+00:00
[2024-09-13T09:31:36.460+0000] {processor.py:176} INFO - Processing /opt/airflow/dags/xcom_dag.py took 2.293 seconds
[2024-09-13T09:32:07.710+0000] {processor.py:154} INFO - Started process (PID=5766) to work on /opt/airflow/dags/xcom_dag.py
[2024-09-13T09:32:07.717+0000] {processor.py:756} INFO - Processing file /opt/airflow/dags/xcom_dag.py for tasks to queue
[2024-09-13T09:32:07.721+0000] {logging_mixin.py:120} INFO - [2024-09-13T09:32:07.721+0000] {dagbag.py:537} INFO - Filling up the DagBag from /opt/airflow/dags/xcom_dag.py
[2024-09-13T09:32:07.798+0000] {processor.py:766} INFO - DAG(s) dict_keys(['xcom_dag']) retrieved from /opt/airflow/dags/xcom_dag.py
[2024-09-13T09:32:07.858+0000] {logging_mixin.py:120} INFO - [2024-09-13T09:32:07.858+0000] {dag.py:2585} INFO - Sync 1 DAGs
[2024-09-13T09:32:07.904+0000] {logging_mixin.py:120} INFO - [2024-09-13T09:32:07.904+0000] {dag.py:3340} INFO - Setting next_dagrun for xcom_dag to 2024-09-13T00:00:00+00:00, run_after=2024-09-14T00:00:00+00:00
[2024-09-13T09:32:07.945+0000] {processor.py:176} INFO - Processing /opt/airflow/dags/xcom_dag.py took 0.239 seconds
[2024-09-13T09:32:38.428+0000] {processor.py:154} INFO - Started process (PID=5793) to work on /opt/airflow/dags/xcom_dag.py
[2024-09-13T09:32:38.429+0000] {processor.py:756} INFO - Processing file /opt/airflow/dags/xcom_dag.py for tasks to queue
[2024-09-13T09:32:38.430+0000] {logging_mixin.py:120} INFO - [2024-09-13T09:32:38.430+0000] {dagbag.py:537} INFO - Filling up the DagBag from /opt/airflow/dags/xcom_dag.py
[2024-09-13T09:32:38.473+0000] {processor.py:766} INFO - DAG(s) dict_keys(['xcom_dag']) retrieved from /opt/airflow/dags/xcom_dag.py
[2024-09-13T09:32:38.526+0000] {logging_mixin.py:120} INFO - [2024-09-13T09:32:38.526+0000] {dag.py:2585} INFO - Sync 1 DAGs
[2024-09-13T09:32:38.553+0000] {logging_mixin.py:120} INFO - [2024-09-13T09:32:38.553+0000] {dag.py:3340} INFO - Setting next_dagrun for xcom_dag to 2024-09-13T00:00:00+00:00, run_after=2024-09-14T00:00:00+00:00
[2024-09-13T09:32:38.584+0000] {processor.py:176} INFO - Processing /opt/airflow/dags/xcom_dag.py took 0.160 seconds
[2024-09-13T09:33:08.816+0000] {processor.py:154} INFO - Started process (PID=5829) to work on /opt/airflow/dags/xcom_dag.py
[2024-09-13T09:33:08.818+0000] {processor.py:756} INFO - Processing file /opt/airflow/dags/xcom_dag.py for tasks to queue
[2024-09-13T09:33:08.819+0000] {logging_mixin.py:120} INFO - [2024-09-13T09:33:08.819+0000] {dagbag.py:537} INFO - Filling up the DagBag from /opt/airflow/dags/xcom_dag.py
[2024-09-13T09:33:08.854+0000] {processor.py:766} INFO - DAG(s) dict_keys(['xcom_dag']) retrieved from /opt/airflow/dags/xcom_dag.py
[2024-09-13T09:33:08.924+0000] {logging_mixin.py:120} INFO - [2024-09-13T09:33:08.924+0000] {dag.py:2585} INFO - Sync 1 DAGs
[2024-09-13T09:33:08.964+0000] {logging_mixin.py:120} INFO - [2024-09-13T09:33:08.964+0000] {dag.py:3340} INFO - Setting next_dagrun for xcom_dag to 2024-09-13T00:00:00+00:00, run_after=2024-09-14T00:00:00+00:00
[2024-09-13T09:33:08.993+0000] {processor.py:176} INFO - Processing /opt/airflow/dags/xcom_dag.py took 0.181 seconds
[2024-09-13T09:33:39.354+0000] {processor.py:154} INFO - Started process (PID=5856) to work on /opt/airflow/dags/xcom_dag.py
[2024-09-13T09:33:39.450+0000] {processor.py:756} INFO - Processing file /opt/airflow/dags/xcom_dag.py for tasks to queue
[2024-09-13T09:33:39.456+0000] {logging_mixin.py:120} INFO - [2024-09-13T09:33:39.455+0000] {dagbag.py:537} INFO - Filling up the DagBag from /opt/airflow/dags/xcom_dag.py
[2024-09-13T09:33:39.810+0000] {processor.py:766} INFO - DAG(s) dict_keys(['xcom_dag']) retrieved from /opt/airflow/dags/xcom_dag.py
[2024-09-13T09:33:39.970+0000] {logging_mixin.py:120} INFO - [2024-09-13T09:33:39.970+0000] {dag.py:2585} INFO - Sync 1 DAGs
[2024-09-13T09:33:40.119+0000] {logging_mixin.py:120} INFO - [2024-09-13T09:33:40.119+0000] {dag.py:3340} INFO - Setting next_dagrun for xcom_dag to 2024-09-13T00:00:00+00:00, run_after=2024-09-14T00:00:00+00:00
[2024-09-13T09:33:40.655+0000] {processor.py:176} INFO - Processing /opt/airflow/dags/xcom_dag.py took 1.306 seconds
[2024-09-13T09:34:11.614+0000] {processor.py:154} INFO - Started process (PID=5893) to work on /opt/airflow/dags/xcom_dag.py
[2024-09-13T09:34:11.615+0000] {processor.py:756} INFO - Processing file /opt/airflow/dags/xcom_dag.py for tasks to queue
[2024-09-13T09:34:11.616+0000] {logging_mixin.py:120} INFO - [2024-09-13T09:34:11.616+0000] {dagbag.py:537} INFO - Filling up the DagBag from /opt/airflow/dags/xcom_dag.py
[2024-09-13T09:34:11.659+0000] {processor.py:766} INFO - DAG(s) dict_keys(['xcom_dag']) retrieved from /opt/airflow/dags/xcom_dag.py
[2024-09-13T09:34:11.710+0000] {logging_mixin.py:120} INFO - [2024-09-13T09:34:11.710+0000] {dag.py:2585} INFO - Sync 1 DAGs
[2024-09-13T09:34:11.743+0000] {logging_mixin.py:120} INFO - [2024-09-13T09:34:11.743+0000] {dag.py:3340} INFO - Setting next_dagrun for xcom_dag to 2024-09-13T00:00:00+00:00, run_after=2024-09-14T00:00:00+00:00
[2024-09-13T09:34:11.783+0000] {processor.py:176} INFO - Processing /opt/airflow/dags/xcom_dag.py took 0.172 seconds
[2024-09-13T09:34:42.084+0000] {processor.py:154} INFO - Started process (PID=5929) to work on /opt/airflow/dags/xcom_dag.py
[2024-09-13T09:34:42.090+0000] {processor.py:756} INFO - Processing file /opt/airflow/dags/xcom_dag.py for tasks to queue
[2024-09-13T09:34:42.164+0000] {logging_mixin.py:120} INFO - [2024-09-13T09:34:42.163+0000] {dagbag.py:537} INFO - Filling up the DagBag from /opt/airflow/dags/xcom_dag.py
[2024-09-13T09:34:42.509+0000] {processor.py:766} INFO - DAG(s) dict_keys(['xcom_dag']) retrieved from /opt/airflow/dags/xcom_dag.py
[2024-09-13T09:34:42.616+0000] {logging_mixin.py:120} INFO - [2024-09-13T09:34:42.616+0000] {dag.py:2585} INFO - Sync 1 DAGs
[2024-09-13T09:34:42.687+0000] {logging_mixin.py:120} INFO - [2024-09-13T09:34:42.680+0000] {dag.py:3340} INFO - Setting next_dagrun for xcom_dag to 2024-09-13T00:00:00+00:00, run_after=2024-09-14T00:00:00+00:00
[2024-09-13T09:34:42.779+0000] {processor.py:176} INFO - Processing /opt/airflow/dags/xcom_dag.py took 0.699 seconds
[2024-09-13T09:35:13.148+0000] {processor.py:154} INFO - Started process (PID=5956) to work on /opt/airflow/dags/xcom_dag.py
[2024-09-13T09:35:13.149+0000] {processor.py:756} INFO - Processing file /opt/airflow/dags/xcom_dag.py for tasks to queue
[2024-09-13T09:35:13.150+0000] {logging_mixin.py:120} INFO - [2024-09-13T09:35:13.150+0000] {dagbag.py:537} INFO - Filling up the DagBag from /opt/airflow/dags/xcom_dag.py
[2024-09-13T09:35:13.215+0000] {processor.py:766} INFO - DAG(s) dict_keys(['xcom_dag']) retrieved from /opt/airflow/dags/xcom_dag.py
[2024-09-13T09:35:13.269+0000] {logging_mixin.py:120} INFO - [2024-09-13T09:35:13.268+0000] {dag.py:2585} INFO - Sync 1 DAGs
[2024-09-13T09:35:13.330+0000] {logging_mixin.py:120} INFO - [2024-09-13T09:35:13.330+0000] {dag.py:3340} INFO - Setting next_dagrun for xcom_dag to 2024-09-13T00:00:00+00:00, run_after=2024-09-14T00:00:00+00:00
[2024-09-13T09:35:13.388+0000] {processor.py:176} INFO - Processing /opt/airflow/dags/xcom_dag.py took 0.244 seconds
[2024-09-13T09:35:44.093+0000] {processor.py:154} INFO - Started process (PID=5992) to work on /opt/airflow/dags/xcom_dag.py
[2024-09-13T09:35:44.096+0000] {processor.py:756} INFO - Processing file /opt/airflow/dags/xcom_dag.py for tasks to queue
[2024-09-13T09:35:44.104+0000] {logging_mixin.py:120} INFO - [2024-09-13T09:35:44.103+0000] {dagbag.py:537} INFO - Filling up the DagBag from /opt/airflow/dags/xcom_dag.py
[2024-09-13T09:35:44.287+0000] {processor.py:766} INFO - DAG(s) dict_keys(['xcom_dag']) retrieved from /opt/airflow/dags/xcom_dag.py
[2024-09-13T09:35:44.345+0000] {logging_mixin.py:120} INFO - [2024-09-13T09:35:44.345+0000] {dag.py:2585} INFO - Sync 1 DAGs
[2024-09-13T09:35:44.391+0000] {logging_mixin.py:120} INFO - [2024-09-13T09:35:44.390+0000] {dag.py:3340} INFO - Setting next_dagrun for xcom_dag to 2024-09-13T00:00:00+00:00, run_after=2024-09-14T00:00:00+00:00
[2024-09-13T09:35:44.440+0000] {processor.py:176} INFO - Processing /opt/airflow/dags/xcom_dag.py took 0.350 seconds
[2024-09-13T09:36:08.796+0000] {processor.py:154} INFO - Started process (PID=6019) to work on /opt/airflow/dags/xcom_dag.py
[2024-09-13T09:36:08.799+0000] {processor.py:756} INFO - Processing file /opt/airflow/dags/xcom_dag.py for tasks to queue
[2024-09-13T09:36:08.801+0000] {logging_mixin.py:120} INFO - [2024-09-13T09:36:08.801+0000] {dagbag.py:537} INFO - Filling up the DagBag from /opt/airflow/dags/xcom_dag.py
[2024-09-13T09:36:08.892+0000] {processor.py:766} INFO - DAG(s) dict_keys(['xcom_dag']) retrieved from /opt/airflow/dags/xcom_dag.py
[2024-09-13T09:36:08.994+0000] {logging_mixin.py:120} INFO - [2024-09-13T09:36:08.994+0000] {dag.py:2585} INFO - Sync 1 DAGs
[2024-09-13T09:36:09.038+0000] {logging_mixin.py:120} INFO - [2024-09-13T09:36:09.038+0000] {dag.py:3340} INFO - Setting next_dagrun for xcom_dag to 2024-09-13T00:00:00+00:00, run_after=2024-09-14T00:00:00+00:00
[2024-09-13T09:36:09.091+0000] {processor.py:176} INFO - Processing /opt/airflow/dags/xcom_dag.py took 0.300 seconds
[2024-09-13T09:36:39.755+0000] {processor.py:154} INFO - Started process (PID=6055) to work on /opt/airflow/dags/xcom_dag.py
[2024-09-13T09:36:39.757+0000] {processor.py:756} INFO - Processing file /opt/airflow/dags/xcom_dag.py for tasks to queue
[2024-09-13T09:36:39.758+0000] {logging_mixin.py:120} INFO - [2024-09-13T09:36:39.758+0000] {dagbag.py:537} INFO - Filling up the DagBag from /opt/airflow/dags/xcom_dag.py
[2024-09-13T09:36:39.793+0000] {processor.py:766} INFO - DAG(s) dict_keys(['xcom_dag']) retrieved from /opt/airflow/dags/xcom_dag.py
[2024-09-13T09:36:39.835+0000] {logging_mixin.py:120} INFO - [2024-09-13T09:36:39.835+0000] {dag.py:2585} INFO - Sync 1 DAGs
[2024-09-13T09:36:39.871+0000] {logging_mixin.py:120} INFO - [2024-09-13T09:36:39.871+0000] {dag.py:3340} INFO - Setting next_dagrun for xcom_dag to 2024-09-13T00:00:00+00:00, run_after=2024-09-14T00:00:00+00:00
[2024-09-13T09:36:39.962+0000] {processor.py:176} INFO - Processing /opt/airflow/dags/xcom_dag.py took 0.212 seconds
[2024-09-13T09:37:10.754+0000] {processor.py:154} INFO - Started process (PID=6082) to work on /opt/airflow/dags/xcom_dag.py
[2024-09-13T09:37:10.755+0000] {processor.py:756} INFO - Processing file /opt/airflow/dags/xcom_dag.py for tasks to queue
[2024-09-13T09:37:10.756+0000] {logging_mixin.py:120} INFO - [2024-09-13T09:37:10.756+0000] {dagbag.py:537} INFO - Filling up the DagBag from /opt/airflow/dags/xcom_dag.py
[2024-09-13T09:37:10.783+0000] {processor.py:766} INFO - DAG(s) dict_keys(['xcom_dag']) retrieved from /opt/airflow/dags/xcom_dag.py
[2024-09-13T09:37:10.815+0000] {logging_mixin.py:120} INFO - [2024-09-13T09:37:10.815+0000] {dag.py:2585} INFO - Sync 1 DAGs
[2024-09-13T09:37:10.857+0000] {logging_mixin.py:120} INFO - [2024-09-13T09:37:10.857+0000] {dag.py:3340} INFO - Setting next_dagrun for xcom_dag to 2024-09-13T00:00:00+00:00, run_after=2024-09-14T00:00:00+00:00
[2024-09-13T09:37:10.891+0000] {processor.py:176} INFO - Processing /opt/airflow/dags/xcom_dag.py took 0.140 seconds
[2024-09-13T09:37:40.988+0000] {processor.py:154} INFO - Started process (PID=6117) to work on /opt/airflow/dags/xcom_dag.py
[2024-09-13T09:37:40.989+0000] {processor.py:756} INFO - Processing file /opt/airflow/dags/xcom_dag.py for tasks to queue
[2024-09-13T09:37:40.991+0000] {logging_mixin.py:120} INFO - [2024-09-13T09:37:40.990+0000] {dagbag.py:537} INFO - Filling up the DagBag from /opt/airflow/dags/xcom_dag.py
[2024-09-13T09:37:41.120+0000] {processor.py:766} INFO - DAG(s) dict_keys(['xcom_dag']) retrieved from /opt/airflow/dags/xcom_dag.py
[2024-09-13T09:37:41.161+0000] {logging_mixin.py:120} INFO - [2024-09-13T09:37:41.160+0000] {dag.py:2585} INFO - Sync 1 DAGs
[2024-09-13T09:37:41.190+0000] {logging_mixin.py:120} INFO - [2024-09-13T09:37:41.190+0000] {dag.py:3340} INFO - Setting next_dagrun for xcom_dag to 2024-09-13T00:00:00+00:00, run_after=2024-09-14T00:00:00+00:00
[2024-09-13T09:37:41.234+0000] {processor.py:176} INFO - Processing /opt/airflow/dags/xcom_dag.py took 0.249 seconds
[2024-09-13T09:38:11.430+0000] {processor.py:154} INFO - Started process (PID=6153) to work on /opt/airflow/dags/xcom_dag.py
[2024-09-13T09:38:11.431+0000] {processor.py:756} INFO - Processing file /opt/airflow/dags/xcom_dag.py for tasks to queue
[2024-09-13T09:38:11.432+0000] {logging_mixin.py:120} INFO - [2024-09-13T09:38:11.432+0000] {dagbag.py:537} INFO - Filling up the DagBag from /opt/airflow/dags/xcom_dag.py
[2024-09-13T09:38:11.469+0000] {processor.py:766} INFO - DAG(s) dict_keys(['xcom_dag']) retrieved from /opt/airflow/dags/xcom_dag.py
[2024-09-13T09:38:11.508+0000] {logging_mixin.py:120} INFO - [2024-09-13T09:38:11.508+0000] {dag.py:2585} INFO - Sync 1 DAGs
[2024-09-13T09:38:11.649+0000] {logging_mixin.py:120} INFO - [2024-09-13T09:38:11.648+0000] {dag.py:3340} INFO - Setting next_dagrun for xcom_dag to 2024-09-13T00:00:00+00:00, run_after=2024-09-14T00:00:00+00:00
[2024-09-13T09:38:11.724+0000] {processor.py:176} INFO - Processing /opt/airflow/dags/xcom_dag.py took 0.298 seconds
[2024-09-13T09:38:41.908+0000] {processor.py:154} INFO - Started process (PID=6180) to work on /opt/airflow/dags/xcom_dag.py
[2024-09-13T09:38:41.983+0000] {processor.py:756} INFO - Processing file /opt/airflow/dags/xcom_dag.py for tasks to queue
[2024-09-13T09:38:41.985+0000] {logging_mixin.py:120} INFO - [2024-09-13T09:38:41.985+0000] {dagbag.py:537} INFO - Filling up the DagBag from /opt/airflow/dags/xcom_dag.py
[2024-09-13T09:38:42.026+0000] {processor.py:766} INFO - DAG(s) dict_keys(['xcom_dag']) retrieved from /opt/airflow/dags/xcom_dag.py
[2024-09-13T09:38:42.113+0000] {logging_mixin.py:120} INFO - [2024-09-13T09:38:42.113+0000] {dag.py:2585} INFO - Sync 1 DAGs
[2024-09-13T09:38:42.189+0000] {logging_mixin.py:120} INFO - [2024-09-13T09:38:42.189+0000] {dag.py:3340} INFO - Setting next_dagrun for xcom_dag to 2024-09-13T00:00:00+00:00, run_after=2024-09-14T00:00:00+00:00
[2024-09-13T09:38:42.332+0000] {processor.py:176} INFO - Processing /opt/airflow/dags/xcom_dag.py took 0.429 seconds
[2024-09-13T09:39:12.698+0000] {processor.py:154} INFO - Started process (PID=6215) to work on /opt/airflow/dags/xcom_dag.py
[2024-09-13T09:39:12.699+0000] {processor.py:756} INFO - Processing file /opt/airflow/dags/xcom_dag.py for tasks to queue
[2024-09-13T09:39:12.702+0000] {logging_mixin.py:120} INFO - [2024-09-13T09:39:12.702+0000] {dagbag.py:537} INFO - Filling up the DagBag from /opt/airflow/dags/xcom_dag.py
[2024-09-13T09:39:12.742+0000] {processor.py:766} INFO - DAG(s) dict_keys(['xcom_dag']) retrieved from /opt/airflow/dags/xcom_dag.py
[2024-09-13T09:39:12.799+0000] {logging_mixin.py:120} INFO - [2024-09-13T09:39:12.799+0000] {dag.py:2585} INFO - Sync 1 DAGs
[2024-09-13T09:39:12.841+0000] {logging_mixin.py:120} INFO - [2024-09-13T09:39:12.840+0000] {dag.py:3340} INFO - Setting next_dagrun for xcom_dag to 2024-09-13T00:00:00+00:00, run_after=2024-09-14T00:00:00+00:00
[2024-09-13T09:39:12.879+0000] {processor.py:176} INFO - Processing /opt/airflow/dags/xcom_dag.py took 0.186 seconds
[2024-09-13T09:39:43.083+0000] {processor.py:154} INFO - Started process (PID=6242) to work on /opt/airflow/dags/xcom_dag.py
[2024-09-13T09:39:43.126+0000] {processor.py:756} INFO - Processing file /opt/airflow/dags/xcom_dag.py for tasks to queue
[2024-09-13T09:39:43.129+0000] {logging_mixin.py:120} INFO - [2024-09-13T09:39:43.128+0000] {dagbag.py:537} INFO - Filling up the DagBag from /opt/airflow/dags/xcom_dag.py
[2024-09-13T09:39:43.169+0000] {processor.py:766} INFO - DAG(s) dict_keys(['xcom_dag']) retrieved from /opt/airflow/dags/xcom_dag.py
[2024-09-13T09:39:43.211+0000] {logging_mixin.py:120} INFO - [2024-09-13T09:39:43.210+0000] {dag.py:2585} INFO - Sync 1 DAGs
[2024-09-13T09:39:43.306+0000] {logging_mixin.py:120} INFO - [2024-09-13T09:39:43.306+0000] {dag.py:3340} INFO - Setting next_dagrun for xcom_dag to 2024-09-13T00:00:00+00:00, run_after=2024-09-14T00:00:00+00:00
[2024-09-13T09:39:43.676+0000] {processor.py:176} INFO - Processing /opt/airflow/dags/xcom_dag.py took 0.596 seconds
[2024-09-13T09:40:16.431+0000] {processor.py:154} INFO - Started process (PID=6278) to work on /opt/airflow/dags/xcom_dag.py
[2024-09-13T09:40:16.433+0000] {processor.py:756} INFO - Processing file /opt/airflow/dags/xcom_dag.py for tasks to queue
[2024-09-13T09:40:16.436+0000] {logging_mixin.py:120} INFO - [2024-09-13T09:40:16.436+0000] {dagbag.py:537} INFO - Filling up the DagBag from /opt/airflow/dags/xcom_dag.py
[2024-09-13T09:40:18.306+0000] {processor.py:766} INFO - DAG(s) dict_keys(['xcom_dag']) retrieved from /opt/airflow/dags/xcom_dag.py
[2024-09-13T09:40:18.466+0000] {logging_mixin.py:120} INFO - [2024-09-13T09:40:18.466+0000] {dag.py:2585} INFO - Sync 1 DAGs
[2024-09-13T09:40:18.621+0000] {logging_mixin.py:120} INFO - [2024-09-13T09:40:18.621+0000] {dag.py:3340} INFO - Setting next_dagrun for xcom_dag to 2024-09-13T00:00:00+00:00, run_after=2024-09-14T00:00:00+00:00
[2024-09-13T09:40:18.793+0000] {processor.py:176} INFO - Processing /opt/airflow/dags/xcom_dag.py took 2.365 seconds
[2024-09-13T09:40:49.454+0000] {processor.py:154} INFO - Started process (PID=6314) to work on /opt/airflow/dags/xcom_dag.py
[2024-09-13T09:40:49.455+0000] {processor.py:756} INFO - Processing file /opt/airflow/dags/xcom_dag.py for tasks to queue
[2024-09-13T09:40:49.456+0000] {logging_mixin.py:120} INFO - [2024-09-13T09:40:49.456+0000] {dagbag.py:537} INFO - Filling up the DagBag from /opt/airflow/dags/xcom_dag.py
[2024-09-13T09:40:49.587+0000] {processor.py:766} INFO - DAG(s) dict_keys(['xcom_dag']) retrieved from /opt/airflow/dags/xcom_dag.py
[2024-09-13T09:40:49.684+0000] {logging_mixin.py:120} INFO - [2024-09-13T09:40:49.684+0000] {dag.py:2585} INFO - Sync 1 DAGs
[2024-09-13T09:40:49.723+0000] {logging_mixin.py:120} INFO - [2024-09-13T09:40:49.722+0000] {dag.py:3340} INFO - Setting next_dagrun for xcom_dag to 2024-09-13T00:00:00+00:00, run_after=2024-09-14T00:00:00+00:00
[2024-09-13T09:40:49.792+0000] {processor.py:176} INFO - Processing /opt/airflow/dags/xcom_dag.py took 0.342 seconds
[2024-09-13T09:41:19.990+0000] {processor.py:154} INFO - Started process (PID=6341) to work on /opt/airflow/dags/xcom_dag.py
[2024-09-13T09:41:19.992+0000] {processor.py:756} INFO - Processing file /opt/airflow/dags/xcom_dag.py for tasks to queue
[2024-09-13T09:41:19.994+0000] {logging_mixin.py:120} INFO - [2024-09-13T09:41:19.994+0000] {dagbag.py:537} INFO - Filling up the DagBag from /opt/airflow/dags/xcom_dag.py
[2024-09-13T09:41:20.033+0000] {processor.py:766} INFO - DAG(s) dict_keys(['xcom_dag']) retrieved from /opt/airflow/dags/xcom_dag.py
[2024-09-13T09:41:20.084+0000] {logging_mixin.py:120} INFO - [2024-09-13T09:41:20.084+0000] {dag.py:2585} INFO - Sync 1 DAGs
[2024-09-13T09:41:20.126+0000] {logging_mixin.py:120} INFO - [2024-09-13T09:41:20.125+0000] {dag.py:3340} INFO - Setting next_dagrun for xcom_dag to 2024-09-13T00:00:00+00:00, run_after=2024-09-14T00:00:00+00:00
[2024-09-13T09:41:20.168+0000] {processor.py:176} INFO - Processing /opt/airflow/dags/xcom_dag.py took 0.182 seconds
[2024-09-13T09:41:50.493+0000] {processor.py:154} INFO - Started process (PID=6377) to work on /opt/airflow/dags/xcom_dag.py
[2024-09-13T09:41:50.537+0000] {processor.py:756} INFO - Processing file /opt/airflow/dags/xcom_dag.py for tasks to queue
[2024-09-13T09:41:50.601+0000] {logging_mixin.py:120} INFO - [2024-09-13T09:41:50.601+0000] {dagbag.py:537} INFO - Filling up the DagBag from /opt/airflow/dags/xcom_dag.py
[2024-09-13T09:41:50.907+0000] {processor.py:766} INFO - DAG(s) dict_keys(['xcom_dag']) retrieved from /opt/airflow/dags/xcom_dag.py
[2024-09-13T09:41:50.971+0000] {logging_mixin.py:120} INFO - [2024-09-13T09:41:50.970+0000] {dag.py:2585} INFO - Sync 1 DAGs
[2024-09-13T09:41:51.050+0000] {logging_mixin.py:120} INFO - [2024-09-13T09:41:51.050+0000] {dag.py:3340} INFO - Setting next_dagrun for xcom_dag to 2024-09-13T00:00:00+00:00, run_after=2024-09-14T00:00:00+00:00
[2024-09-13T09:41:51.169+0000] {processor.py:176} INFO - Processing /opt/airflow/dags/xcom_dag.py took 0.681 seconds
[2024-09-13T09:42:22.336+0000] {processor.py:154} INFO - Started process (PID=6413) to work on /opt/airflow/dags/xcom_dag.py
[2024-09-13T09:42:22.337+0000] {processor.py:756} INFO - Processing file /opt/airflow/dags/xcom_dag.py for tasks to queue
[2024-09-13T09:42:22.342+0000] {logging_mixin.py:120} INFO - [2024-09-13T09:42:22.341+0000] {dagbag.py:537} INFO - Filling up the DagBag from /opt/airflow/dags/xcom_dag.py
[2024-09-13T09:42:22.711+0000] {processor.py:766} INFO - DAG(s) dict_keys(['xcom_dag']) retrieved from /opt/airflow/dags/xcom_dag.py
[2024-09-13T09:42:22.948+0000] {logging_mixin.py:120} INFO - [2024-09-13T09:42:22.948+0000] {dag.py:2585} INFO - Sync 1 DAGs
[2024-09-13T09:42:23.056+0000] {logging_mixin.py:120} INFO - [2024-09-13T09:42:23.056+0000] {dag.py:3340} INFO - Setting next_dagrun for xcom_dag to 2024-09-13T00:00:00+00:00, run_after=2024-09-14T00:00:00+00:00
[2024-09-13T09:42:23.099+0000] {processor.py:176} INFO - Processing /opt/airflow/dags/xcom_dag.py took 0.767 seconds
[2024-09-13T09:42:54.334+0000] {processor.py:154} INFO - Started process (PID=6440) to work on /opt/airflow/dags/xcom_dag.py
[2024-09-13T09:42:54.336+0000] {processor.py:756} INFO - Processing file /opt/airflow/dags/xcom_dag.py for tasks to queue
[2024-09-13T09:42:54.361+0000] {logging_mixin.py:120} INFO - [2024-09-13T09:42:54.360+0000] {dagbag.py:537} INFO - Filling up the DagBag from /opt/airflow/dags/xcom_dag.py
[2024-09-13T09:42:54.793+0000] {processor.py:766} INFO - DAG(s) dict_keys(['xcom_dag']) retrieved from /opt/airflow/dags/xcom_dag.py
[2024-09-13T09:42:54.922+0000] {logging_mixin.py:120} INFO - [2024-09-13T09:42:54.922+0000] {dag.py:2585} INFO - Sync 1 DAGs
[2024-09-13T09:42:54.955+0000] {logging_mixin.py:120} INFO - [2024-09-13T09:42:54.955+0000] {dag.py:3340} INFO - Setting next_dagrun for xcom_dag to 2024-09-13T00:00:00+00:00, run_after=2024-09-14T00:00:00+00:00
[2024-09-13T09:42:55.059+0000] {processor.py:176} INFO - Processing /opt/airflow/dags/xcom_dag.py took 0.728 seconds
[2024-09-13T09:43:27.954+0000] {processor.py:154} INFO - Started process (PID=6476) to work on /opt/airflow/dags/xcom_dag.py
[2024-09-13T09:43:28.018+0000] {processor.py:756} INFO - Processing file /opt/airflow/dags/xcom_dag.py for tasks to queue
[2024-09-13T09:43:28.024+0000] {logging_mixin.py:120} INFO - [2024-09-13T09:43:28.024+0000] {dagbag.py:537} INFO - Filling up the DagBag from /opt/airflow/dags/xcom_dag.py
[2024-09-13T09:43:28.088+0000] {processor.py:766} INFO - DAG(s) dict_keys(['xcom_dag']) retrieved from /opt/airflow/dags/xcom_dag.py
[2024-09-13T09:43:28.204+0000] {logging_mixin.py:120} INFO - [2024-09-13T09:43:28.204+0000] {dag.py:2585} INFO - Sync 1 DAGs
[2024-09-13T09:43:28.389+0000] {logging_mixin.py:120} INFO - [2024-09-13T09:43:28.388+0000] {dag.py:3340} INFO - Setting next_dagrun for xcom_dag to 2024-09-13T00:00:00+00:00, run_after=2024-09-14T00:00:00+00:00
[2024-09-13T09:43:28.512+0000] {processor.py:176} INFO - Processing /opt/airflow/dags/xcom_dag.py took 0.561 seconds
[2024-09-13T09:43:58.757+0000] {processor.py:154} INFO - Started process (PID=6512) to work on /opt/airflow/dags/xcom_dag.py
[2024-09-13T09:43:58.758+0000] {processor.py:756} INFO - Processing file /opt/airflow/dags/xcom_dag.py for tasks to queue
[2024-09-13T09:43:58.759+0000] {logging_mixin.py:120} INFO - [2024-09-13T09:43:58.758+0000] {dagbag.py:537} INFO - Filling up the DagBag from /opt/airflow/dags/xcom_dag.py
[2024-09-13T09:43:58.902+0000] {processor.py:766} INFO - DAG(s) dict_keys(['xcom_dag']) retrieved from /opt/airflow/dags/xcom_dag.py
[2024-09-13T09:43:59.043+0000] {logging_mixin.py:120} INFO - [2024-09-13T09:43:59.043+0000] {dag.py:2585} INFO - Sync 1 DAGs
[2024-09-13T09:43:59.134+0000] {logging_mixin.py:120} INFO - [2024-09-13T09:43:59.134+0000] {dag.py:3340} INFO - Setting next_dagrun for xcom_dag to 2024-09-13T00:00:00+00:00, run_after=2024-09-14T00:00:00+00:00
[2024-09-13T09:43:59.266+0000] {processor.py:176} INFO - Processing /opt/airflow/dags/xcom_dag.py took 0.513 seconds
[2024-09-13T09:44:30.241+0000] {processor.py:154} INFO - Started process (PID=6539) to work on /opt/airflow/dags/xcom_dag.py
[2024-09-13T09:44:30.247+0000] {processor.py:756} INFO - Processing file /opt/airflow/dags/xcom_dag.py for tasks to queue
[2024-09-13T09:44:30.260+0000] {logging_mixin.py:120} INFO - [2024-09-13T09:44:30.260+0000] {dagbag.py:537} INFO - Filling up the DagBag from /opt/airflow/dags/xcom_dag.py
[2024-09-13T09:44:30.468+0000] {processor.py:766} INFO - DAG(s) dict_keys(['xcom_dag']) retrieved from /opt/airflow/dags/xcom_dag.py
[2024-09-13T09:44:30.577+0000] {logging_mixin.py:120} INFO - [2024-09-13T09:44:30.577+0000] {dag.py:2585} INFO - Sync 1 DAGs
[2024-09-13T09:44:30.676+0000] {logging_mixin.py:120} INFO - [2024-09-13T09:44:30.676+0000] {dag.py:3340} INFO - Setting next_dagrun for xcom_dag to 2024-09-13T00:00:00+00:00, run_after=2024-09-14T00:00:00+00:00
[2024-09-13T09:44:30.809+0000] {processor.py:176} INFO - Processing /opt/airflow/dags/xcom_dag.py took 0.572 seconds
[2024-09-13T09:45:01.593+0000] {processor.py:154} INFO - Started process (PID=6576) to work on /opt/airflow/dags/xcom_dag.py
[2024-09-13T09:45:01.594+0000] {processor.py:756} INFO - Processing file /opt/airflow/dags/xcom_dag.py for tasks to queue
[2024-09-13T09:45:01.597+0000] {logging_mixin.py:120} INFO - [2024-09-13T09:45:01.597+0000] {dagbag.py:537} INFO - Filling up the DagBag from /opt/airflow/dags/xcom_dag.py
[2024-09-13T09:45:01.952+0000] {processor.py:766} INFO - DAG(s) dict_keys(['xcom_dag']) retrieved from /opt/airflow/dags/xcom_dag.py
[2024-09-13T09:45:02.113+0000] {logging_mixin.py:120} INFO - [2024-09-13T09:45:02.113+0000] {dag.py:2585} INFO - Sync 1 DAGs
[2024-09-13T09:45:02.241+0000] {logging_mixin.py:120} INFO - [2024-09-13T09:45:02.241+0000] {dag.py:3340} INFO - Setting next_dagrun for xcom_dag to 2024-09-13T00:00:00+00:00, run_after=2024-09-14T00:00:00+00:00
[2024-09-13T09:45:02.370+0000] {processor.py:176} INFO - Processing /opt/airflow/dags/xcom_dag.py took 0.784 seconds
[2024-09-13T09:45:32.566+0000] {processor.py:154} INFO - Started process (PID=6612) to work on /opt/airflow/dags/xcom_dag.py
[2024-09-13T09:45:32.577+0000] {processor.py:756} INFO - Processing file /opt/airflow/dags/xcom_dag.py for tasks to queue
[2024-09-13T09:45:32.579+0000] {logging_mixin.py:120} INFO - [2024-09-13T09:45:32.578+0000] {dagbag.py:537} INFO - Filling up the DagBag from /opt/airflow/dags/xcom_dag.py
[2024-09-13T09:45:32.627+0000] {processor.py:766} INFO - DAG(s) dict_keys(['xcom_dag']) retrieved from /opt/airflow/dags/xcom_dag.py
[2024-09-13T09:45:32.690+0000] {logging_mixin.py:120} INFO - [2024-09-13T09:45:32.690+0000] {dag.py:2585} INFO - Sync 1 DAGs
[2024-09-13T09:45:32.730+0000] {logging_mixin.py:120} INFO - [2024-09-13T09:45:32.730+0000] {dag.py:3340} INFO - Setting next_dagrun for xcom_dag to 2024-09-13T00:00:00+00:00, run_after=2024-09-14T00:00:00+00:00
[2024-09-13T09:45:32.773+0000] {processor.py:176} INFO - Processing /opt/airflow/dags/xcom_dag.py took 0.211 seconds
[2024-09-13T09:46:03.761+0000] {processor.py:154} INFO - Started process (PID=6639) to work on /opt/airflow/dags/xcom_dag.py
[2024-09-13T09:46:03.763+0000] {processor.py:756} INFO - Processing file /opt/airflow/dags/xcom_dag.py for tasks to queue
[2024-09-13T09:46:03.764+0000] {logging_mixin.py:120} INFO - [2024-09-13T09:46:03.764+0000] {dagbag.py:537} INFO - Filling up the DagBag from /opt/airflow/dags/xcom_dag.py
[2024-09-13T09:46:03.800+0000] {processor.py:766} INFO - DAG(s) dict_keys(['xcom_dag']) retrieved from /opt/airflow/dags/xcom_dag.py
[2024-09-13T09:46:03.844+0000] {logging_mixin.py:120} INFO - [2024-09-13T09:46:03.844+0000] {dag.py:2585} INFO - Sync 1 DAGs
[2024-09-13T09:46:03.870+0000] {logging_mixin.py:120} INFO - [2024-09-13T09:46:03.870+0000] {dag.py:3340} INFO - Setting next_dagrun for xcom_dag to 2024-09-13T00:00:00+00:00, run_after=2024-09-14T00:00:00+00:00
[2024-09-13T09:46:03.897+0000] {processor.py:176} INFO - Processing /opt/airflow/dags/xcom_dag.py took 0.140 seconds
[2024-09-13T09:46:34.280+0000] {processor.py:154} INFO - Started process (PID=6676) to work on /opt/airflow/dags/xcom_dag.py
[2024-09-13T09:46:34.281+0000] {processor.py:756} INFO - Processing file /opt/airflow/dags/xcom_dag.py for tasks to queue
[2024-09-13T09:46:34.282+0000] {logging_mixin.py:120} INFO - [2024-09-13T09:46:34.282+0000] {dagbag.py:537} INFO - Filling up the DagBag from /opt/airflow/dags/xcom_dag.py
[2024-09-13T09:46:34.446+0000] {processor.py:766} INFO - DAG(s) dict_keys(['xcom_dag']) retrieved from /opt/airflow/dags/xcom_dag.py
[2024-09-13T09:46:34.506+0000] {logging_mixin.py:120} INFO - [2024-09-13T09:46:34.506+0000] {dag.py:2585} INFO - Sync 1 DAGs
[2024-09-13T09:46:34.552+0000] {logging_mixin.py:120} INFO - [2024-09-13T09:46:34.549+0000] {dag.py:3340} INFO - Setting next_dagrun for xcom_dag to 2024-09-13T00:00:00+00:00, run_after=2024-09-14T00:00:00+00:00
[2024-09-13T09:46:34.638+0000] {processor.py:176} INFO - Processing /opt/airflow/dags/xcom_dag.py took 0.361 seconds
[2024-09-13T09:47:05.379+0000] {processor.py:154} INFO - Started process (PID=6703) to work on /opt/airflow/dags/xcom_dag.py
[2024-09-13T09:47:05.380+0000] {processor.py:756} INFO - Processing file /opt/airflow/dags/xcom_dag.py for tasks to queue
[2024-09-13T09:47:05.381+0000] {logging_mixin.py:120} INFO - [2024-09-13T09:47:05.381+0000] {dagbag.py:537} INFO - Filling up the DagBag from /opt/airflow/dags/xcom_dag.py
[2024-09-13T09:47:05.418+0000] {processor.py:766} INFO - DAG(s) dict_keys(['xcom_dag']) retrieved from /opt/airflow/dags/xcom_dag.py
[2024-09-13T09:47:05.465+0000] {logging_mixin.py:120} INFO - [2024-09-13T09:47:05.464+0000] {dag.py:2585} INFO - Sync 1 DAGs
[2024-09-13T09:47:05.490+0000] {logging_mixin.py:120} INFO - [2024-09-13T09:47:05.490+0000] {dag.py:3340} INFO - Setting next_dagrun for xcom_dag to 2024-09-13T00:00:00+00:00, run_after=2024-09-14T00:00:00+00:00
[2024-09-13T09:47:05.515+0000] {processor.py:176} INFO - Processing /opt/airflow/dags/xcom_dag.py took 0.140 seconds
[2024-09-13T09:47:36.459+0000] {processor.py:154} INFO - Started process (PID=6738) to work on /opt/airflow/dags/xcom_dag.py
[2024-09-13T09:47:36.460+0000] {processor.py:756} INFO - Processing file /opt/airflow/dags/xcom_dag.py for tasks to queue
[2024-09-13T09:47:36.461+0000] {logging_mixin.py:120} INFO - [2024-09-13T09:47:36.461+0000] {dagbag.py:537} INFO - Filling up the DagBag from /opt/airflow/dags/xcom_dag.py
[2024-09-13T09:47:36.490+0000] {processor.py:766} INFO - DAG(s) dict_keys(['xcom_dag']) retrieved from /opt/airflow/dags/xcom_dag.py
[2024-09-13T09:47:36.532+0000] {logging_mixin.py:120} INFO - [2024-09-13T09:47:36.532+0000] {dag.py:2585} INFO - Sync 1 DAGs
[2024-09-13T09:47:36.567+0000] {logging_mixin.py:120} INFO - [2024-09-13T09:47:36.567+0000] {dag.py:3340} INFO - Setting next_dagrun for xcom_dag to 2024-09-13T00:00:00+00:00, run_after=2024-09-14T00:00:00+00:00
[2024-09-13T09:47:36.591+0000] {processor.py:176} INFO - Processing /opt/airflow/dags/xcom_dag.py took 0.136 seconds
[2024-09-13T09:48:06.693+0000] {processor.py:154} INFO - Started process (PID=6774) to work on /opt/airflow/dags/xcom_dag.py
[2024-09-13T09:48:06.695+0000] {processor.py:756} INFO - Processing file /opt/airflow/dags/xcom_dag.py for tasks to queue
[2024-09-13T09:48:06.696+0000] {logging_mixin.py:120} INFO - [2024-09-13T09:48:06.696+0000] {dagbag.py:537} INFO - Filling up the DagBag from /opt/airflow/dags/xcom_dag.py
[2024-09-13T09:48:06.773+0000] {processor.py:766} INFO - DAG(s) dict_keys(['xcom_dag']) retrieved from /opt/airflow/dags/xcom_dag.py
[2024-09-13T09:48:06.835+0000] {logging_mixin.py:120} INFO - [2024-09-13T09:48:06.834+0000] {dag.py:2585} INFO - Sync 1 DAGs
[2024-09-13T09:48:06.876+0000] {logging_mixin.py:120} INFO - [2024-09-13T09:48:06.876+0000] {dag.py:3340} INFO - Setting next_dagrun for xcom_dag to 2024-09-13T00:00:00+00:00, run_after=2024-09-14T00:00:00+00:00
[2024-09-13T09:48:06.914+0000] {processor.py:176} INFO - Processing /opt/airflow/dags/xcom_dag.py took 0.224 seconds
[2024-09-13T09:48:37.721+0000] {processor.py:154} INFO - Started process (PID=6801) to work on /opt/airflow/dags/xcom_dag.py
[2024-09-13T09:48:37.722+0000] {processor.py:756} INFO - Processing file /opt/airflow/dags/xcom_dag.py for tasks to queue
[2024-09-13T09:48:37.723+0000] {logging_mixin.py:120} INFO - [2024-09-13T09:48:37.723+0000] {dagbag.py:537} INFO - Filling up the DagBag from /opt/airflow/dags/xcom_dag.py
[2024-09-13T09:48:37.762+0000] {processor.py:766} INFO - DAG(s) dict_keys(['xcom_dag']) retrieved from /opt/airflow/dags/xcom_dag.py
[2024-09-13T09:48:37.808+0000] {logging_mixin.py:120} INFO - [2024-09-13T09:48:37.808+0000] {dag.py:2585} INFO - Sync 1 DAGs
[2024-09-13T09:48:37.834+0000] {logging_mixin.py:120} INFO - [2024-09-13T09:48:37.834+0000] {dag.py:3340} INFO - Setting next_dagrun for xcom_dag to 2024-09-13T00:00:00+00:00, run_after=2024-09-14T00:00:00+00:00
[2024-09-13T09:48:37.872+0000] {processor.py:176} INFO - Processing /opt/airflow/dags/xcom_dag.py took 0.155 seconds
[2024-09-13T09:49:08.380+0000] {processor.py:154} INFO - Started process (PID=6836) to work on /opt/airflow/dags/xcom_dag.py
[2024-09-13T09:49:08.381+0000] {processor.py:756} INFO - Processing file /opt/airflow/dags/xcom_dag.py for tasks to queue
[2024-09-13T09:49:08.383+0000] {logging_mixin.py:120} INFO - [2024-09-13T09:49:08.382+0000] {dagbag.py:537} INFO - Filling up the DagBag from /opt/airflow/dags/xcom_dag.py
[2024-09-13T09:49:08.927+0000] {processor.py:766} INFO - DAG(s) dict_keys(['xcom_dag']) retrieved from /opt/airflow/dags/xcom_dag.py
[2024-09-13T09:49:09.012+0000] {logging_mixin.py:120} INFO - [2024-09-13T09:49:09.012+0000] {dag.py:2585} INFO - Sync 1 DAGs
[2024-09-13T09:49:09.045+0000] {logging_mixin.py:120} INFO - [2024-09-13T09:49:09.045+0000] {dag.py:3340} INFO - Setting next_dagrun for xcom_dag to 2024-09-13T00:00:00+00:00, run_after=2024-09-14T00:00:00+00:00
[2024-09-13T09:49:09.110+0000] {processor.py:176} INFO - Processing /opt/airflow/dags/xcom_dag.py took 0.733 seconds
[2024-09-13T09:49:39.738+0000] {processor.py:154} INFO - Started process (PID=6872) to work on /opt/airflow/dags/xcom_dag.py
[2024-09-13T09:49:39.739+0000] {processor.py:756} INFO - Processing file /opt/airflow/dags/xcom_dag.py for tasks to queue
[2024-09-13T09:49:39.740+0000] {logging_mixin.py:120} INFO - [2024-09-13T09:49:39.740+0000] {dagbag.py:537} INFO - Filling up the DagBag from /opt/airflow/dags/xcom_dag.py
[2024-09-13T09:49:39.780+0000] {processor.py:766} INFO - DAG(s) dict_keys(['xcom_dag']) retrieved from /opt/airflow/dags/xcom_dag.py
[2024-09-13T09:49:39.823+0000] {logging_mixin.py:120} INFO - [2024-09-13T09:49:39.822+0000] {dag.py:2585} INFO - Sync 1 DAGs
[2024-09-13T09:49:39.860+0000] {logging_mixin.py:120} INFO - [2024-09-13T09:49:39.860+0000] {dag.py:3340} INFO - Setting next_dagrun for xcom_dag to 2024-09-13T00:00:00+00:00, run_after=2024-09-14T00:00:00+00:00
[2024-09-13T09:49:39.889+0000] {processor.py:176} INFO - Processing /opt/airflow/dags/xcom_dag.py took 0.155 seconds
[2024-09-13T09:50:10.231+0000] {processor.py:154} INFO - Started process (PID=6899) to work on /opt/airflow/dags/xcom_dag.py
[2024-09-13T09:50:10.318+0000] {processor.py:756} INFO - Processing file /opt/airflow/dags/xcom_dag.py for tasks to queue
[2024-09-13T09:50:10.319+0000] {logging_mixin.py:120} INFO - [2024-09-13T09:50:10.319+0000] {dagbag.py:537} INFO - Filling up the DagBag from /opt/airflow/dags/xcom_dag.py
[2024-09-13T09:50:10.384+0000] {processor.py:766} INFO - DAG(s) dict_keys(['xcom_dag']) retrieved from /opt/airflow/dags/xcom_dag.py
[2024-09-13T09:50:10.528+0000] {logging_mixin.py:120} INFO - [2024-09-13T09:50:10.528+0000] {dag.py:2585} INFO - Sync 1 DAGs
[2024-09-13T09:50:10.655+0000] {logging_mixin.py:120} INFO - [2024-09-13T09:50:10.655+0000] {dag.py:3340} INFO - Setting next_dagrun for xcom_dag to 2024-09-13T00:00:00+00:00, run_after=2024-09-14T00:00:00+00:00
[2024-09-13T09:50:10.810+0000] {processor.py:176} INFO - Processing /opt/airflow/dags/xcom_dag.py took 0.582 seconds
[2024-09-13T09:50:41.835+0000] {processor.py:154} INFO - Started process (PID=6935) to work on /opt/airflow/dags/xcom_dag.py
[2024-09-13T09:50:41.837+0000] {processor.py:756} INFO - Processing file /opt/airflow/dags/xcom_dag.py for tasks to queue
[2024-09-13T09:50:41.839+0000] {logging_mixin.py:120} INFO - [2024-09-13T09:50:41.839+0000] {dagbag.py:537} INFO - Filling up the DagBag from /opt/airflow/dags/xcom_dag.py
[2024-09-13T09:50:41.882+0000] {processor.py:766} INFO - DAG(s) dict_keys(['xcom_dag']) retrieved from /opt/airflow/dags/xcom_dag.py
[2024-09-13T09:50:41.953+0000] {logging_mixin.py:120} INFO - [2024-09-13T09:50:41.953+0000] {dag.py:2585} INFO - Sync 1 DAGs
[2024-09-13T09:50:41.988+0000] {logging_mixin.py:120} INFO - [2024-09-13T09:50:41.988+0000] {dag.py:3340} INFO - Setting next_dagrun for xcom_dag to 2024-09-13T00:00:00+00:00, run_after=2024-09-14T00:00:00+00:00
[2024-09-13T09:50:42.045+0000] {processor.py:176} INFO - Processing /opt/airflow/dags/xcom_dag.py took 0.213 seconds
[2024-09-13T09:51:13.393+0000] {processor.py:154} INFO - Started process (PID=6969) to work on /opt/airflow/dags/xcom_dag.py
[2024-09-13T09:51:13.398+0000] {processor.py:756} INFO - Processing file /opt/airflow/dags/xcom_dag.py for tasks to queue
[2024-09-13T09:51:13.401+0000] {logging_mixin.py:120} INFO - [2024-09-13T09:51:13.401+0000] {dagbag.py:537} INFO - Filling up the DagBag from /opt/airflow/dags/xcom_dag.py
[2024-09-13T09:51:14.140+0000] {processor.py:766} INFO - DAG(s) dict_keys(['xcom_dag']) retrieved from /opt/airflow/dags/xcom_dag.py
[2024-09-13T09:51:14.262+0000] {logging_mixin.py:120} INFO - [2024-09-13T09:51:14.262+0000] {dag.py:2585} INFO - Sync 1 DAGs
[2024-09-13T09:51:14.327+0000] {logging_mixin.py:120} INFO - [2024-09-13T09:51:14.327+0000] {dag.py:3340} INFO - Setting next_dagrun for xcom_dag to 2024-09-13T00:00:00+00:00, run_after=2024-09-14T00:00:00+00:00
[2024-09-13T09:51:14.383+0000] {processor.py:176} INFO - Processing /opt/airflow/dags/xcom_dag.py took 0.993 seconds
[2024-09-13T09:51:45.380+0000] {processor.py:154} INFO - Started process (PID=6996) to work on /opt/airflow/dags/xcom_dag.py
[2024-09-13T09:51:45.382+0000] {processor.py:756} INFO - Processing file /opt/airflow/dags/xcom_dag.py for tasks to queue
[2024-09-13T09:51:45.383+0000] {logging_mixin.py:120} INFO - [2024-09-13T09:51:45.383+0000] {dagbag.py:537} INFO - Filling up the DagBag from /opt/airflow/dags/xcom_dag.py
[2024-09-13T09:51:45.418+0000] {processor.py:766} INFO - DAG(s) dict_keys(['xcom_dag']) retrieved from /opt/airflow/dags/xcom_dag.py
[2024-09-13T09:51:45.559+0000] {logging_mixin.py:120} INFO - [2024-09-13T09:51:45.559+0000] {dag.py:2585} INFO - Sync 1 DAGs
[2024-09-13T09:51:45.674+0000] {logging_mixin.py:120} INFO - [2024-09-13T09:51:45.674+0000] {dag.py:3340} INFO - Setting next_dagrun for xcom_dag to 2024-09-13T00:00:00+00:00, run_after=2024-09-14T00:00:00+00:00
[2024-09-13T09:51:46.286+0000] {processor.py:176} INFO - Processing /opt/airflow/dags/xcom_dag.py took 0.909 seconds
[2024-09-13T09:52:18.600+0000] {processor.py:154} INFO - Started process (PID=7033) to work on /opt/airflow/dags/xcom_dag.py
[2024-09-13T09:52:18.601+0000] {processor.py:756} INFO - Processing file /opt/airflow/dags/xcom_dag.py for tasks to queue
[2024-09-13T09:52:18.602+0000] {logging_mixin.py:120} INFO - [2024-09-13T09:52:18.602+0000] {dagbag.py:537} INFO - Filling up the DagBag from /opt/airflow/dags/xcom_dag.py
[2024-09-13T09:52:18.918+0000] {processor.py:766} INFO - DAG(s) dict_keys(['xcom_dag']) retrieved from /opt/airflow/dags/xcom_dag.py
[2024-09-13T09:52:18.971+0000] {logging_mixin.py:120} INFO - [2024-09-13T09:52:18.970+0000] {dag.py:2585} INFO - Sync 1 DAGs
[2024-09-13T09:52:19.015+0000] {logging_mixin.py:120} INFO - [2024-09-13T09:52:19.015+0000] {dag.py:3340} INFO - Setting next_dagrun for xcom_dag to 2024-09-13T00:00:00+00:00, run_after=2024-09-14T00:00:00+00:00
[2024-09-13T09:52:19.064+0000] {processor.py:176} INFO - Processing /opt/airflow/dags/xcom_dag.py took 0.467 seconds
[2024-09-13T09:52:49.594+0000] {processor.py:154} INFO - Started process (PID=7069) to work on /opt/airflow/dags/xcom_dag.py
[2024-09-13T09:52:49.595+0000] {processor.py:756} INFO - Processing file /opt/airflow/dags/xcom_dag.py for tasks to queue
[2024-09-13T09:52:49.597+0000] {logging_mixin.py:120} INFO - [2024-09-13T09:52:49.596+0000] {dagbag.py:537} INFO - Filling up the DagBag from /opt/airflow/dags/xcom_dag.py
[2024-09-13T09:52:49.802+0000] {processor.py:766} INFO - DAG(s) dict_keys(['xcom_dag']) retrieved from /opt/airflow/dags/xcom_dag.py
[2024-09-13T09:52:49.848+0000] {logging_mixin.py:120} INFO - [2024-09-13T09:52:49.847+0000] {dag.py:2585} INFO - Sync 1 DAGs
[2024-09-13T09:52:49.877+0000] {logging_mixin.py:120} INFO - [2024-09-13T09:52:49.877+0000] {dag.py:3340} INFO - Setting next_dagrun for xcom_dag to 2024-09-13T00:00:00+00:00, run_after=2024-09-14T00:00:00+00:00
[2024-09-13T09:52:49.905+0000] {processor.py:176} INFO - Processing /opt/airflow/dags/xcom_dag.py took 0.314 seconds
[2024-09-13T09:53:20.099+0000] {processor.py:154} INFO - Started process (PID=7096) to work on /opt/airflow/dags/xcom_dag.py
[2024-09-13T09:53:20.100+0000] {processor.py:756} INFO - Processing file /opt/airflow/dags/xcom_dag.py for tasks to queue
[2024-09-13T09:53:20.101+0000] {logging_mixin.py:120} INFO - [2024-09-13T09:53:20.101+0000] {dagbag.py:537} INFO - Filling up the DagBag from /opt/airflow/dags/xcom_dag.py
[2024-09-13T09:53:20.140+0000] {processor.py:766} INFO - DAG(s) dict_keys(['xcom_dag']) retrieved from /opt/airflow/dags/xcom_dag.py
[2024-09-13T09:53:20.183+0000] {logging_mixin.py:120} INFO - [2024-09-13T09:53:20.182+0000] {dag.py:2585} INFO - Sync 1 DAGs
[2024-09-13T09:53:20.215+0000] {logging_mixin.py:120} INFO - [2024-09-13T09:53:20.214+0000] {dag.py:3340} INFO - Setting next_dagrun for xcom_dag to 2024-09-13T00:00:00+00:00, run_after=2024-09-14T00:00:00+00:00
[2024-09-13T09:53:20.244+0000] {processor.py:176} INFO - Processing /opt/airflow/dags/xcom_dag.py took 0.149 seconds
[2024-09-13T09:53:51.286+0000] {processor.py:154} INFO - Started process (PID=7132) to work on /opt/airflow/dags/xcom_dag.py
[2024-09-13T09:53:51.416+0000] {processor.py:756} INFO - Processing file /opt/airflow/dags/xcom_dag.py for tasks to queue
[2024-09-13T09:53:51.555+0000] {logging_mixin.py:120} INFO - [2024-09-13T09:53:51.555+0000] {dagbag.py:537} INFO - Filling up the DagBag from /opt/airflow/dags/xcom_dag.py
[2024-09-13T09:53:51.796+0000] {processor.py:766} INFO - DAG(s) dict_keys(['xcom_dag']) retrieved from /opt/airflow/dags/xcom_dag.py
[2024-09-13T09:53:51.837+0000] {logging_mixin.py:120} INFO - [2024-09-13T09:53:51.837+0000] {dag.py:2585} INFO - Sync 1 DAGs
[2024-09-13T09:53:51.868+0000] {logging_mixin.py:120} INFO - [2024-09-13T09:53:51.868+0000] {dag.py:3340} INFO - Setting next_dagrun for xcom_dag to 2024-09-13T00:00:00+00:00, run_after=2024-09-14T00:00:00+00:00
[2024-09-13T09:53:51.897+0000] {processor.py:176} INFO - Processing /opt/airflow/dags/xcom_dag.py took 0.626 seconds
[2024-09-13T09:54:22.538+0000] {processor.py:154} INFO - Started process (PID=7168) to work on /opt/airflow/dags/xcom_dag.py
[2024-09-13T09:54:22.540+0000] {processor.py:756} INFO - Processing file /opt/airflow/dags/xcom_dag.py for tasks to queue
[2024-09-13T09:54:22.543+0000] {logging_mixin.py:120} INFO - [2024-09-13T09:54:22.543+0000] {dagbag.py:537} INFO - Filling up the DagBag from /opt/airflow/dags/xcom_dag.py
[2024-09-13T09:54:22.588+0000] {processor.py:766} INFO - DAG(s) dict_keys(['xcom_dag']) retrieved from /opt/airflow/dags/xcom_dag.py
[2024-09-13T09:54:22.651+0000] {logging_mixin.py:120} INFO - [2024-09-13T09:54:22.651+0000] {dag.py:2585} INFO - Sync 1 DAGs
[2024-09-13T09:54:22.701+0000] {logging_mixin.py:120} INFO - [2024-09-13T09:54:22.700+0000] {dag.py:3340} INFO - Setting next_dagrun for xcom_dag to 2024-09-13T00:00:00+00:00, run_after=2024-09-14T00:00:00+00:00
[2024-09-13T09:54:22.754+0000] {processor.py:176} INFO - Processing /opt/airflow/dags/xcom_dag.py took 0.221 seconds
[2024-09-13T09:54:53.798+0000] {processor.py:154} INFO - Started process (PID=7195) to work on /opt/airflow/dags/xcom_dag.py
[2024-09-13T09:54:53.814+0000] {processor.py:756} INFO - Processing file /opt/airflow/dags/xcom_dag.py for tasks to queue
[2024-09-13T09:54:53.816+0000] {logging_mixin.py:120} INFO - [2024-09-13T09:54:53.816+0000] {dagbag.py:537} INFO - Filling up the DagBag from /opt/airflow/dags/xcom_dag.py
[2024-09-13T09:54:53.891+0000] {processor.py:766} INFO - DAG(s) dict_keys(['xcom_dag']) retrieved from /opt/airflow/dags/xcom_dag.py
[2024-09-13T09:54:53.940+0000] {logging_mixin.py:120} INFO - [2024-09-13T09:54:53.940+0000] {dag.py:2585} INFO - Sync 1 DAGs
[2024-09-13T09:54:53.986+0000] {logging_mixin.py:120} INFO - [2024-09-13T09:54:53.986+0000] {dag.py:3340} INFO - Setting next_dagrun for xcom_dag to 2024-09-13T00:00:00+00:00, run_after=2024-09-14T00:00:00+00:00
[2024-09-13T09:54:54.017+0000] {processor.py:176} INFO - Processing /opt/airflow/dags/xcom_dag.py took 0.224 seconds
[2024-09-13T09:55:24.495+0000] {processor.py:154} INFO - Started process (PID=7232) to work on /opt/airflow/dags/xcom_dag.py
[2024-09-13T09:55:24.504+0000] {processor.py:756} INFO - Processing file /opt/airflow/dags/xcom_dag.py for tasks to queue
[2024-09-13T09:55:24.505+0000] {logging_mixin.py:120} INFO - [2024-09-13T09:55:24.505+0000] {dagbag.py:537} INFO - Filling up the DagBag from /opt/airflow/dags/xcom_dag.py
[2024-09-13T09:55:24.623+0000] {processor.py:766} INFO - DAG(s) dict_keys(['xcom_dag']) retrieved from /opt/airflow/dags/xcom_dag.py
[2024-09-13T09:55:24.698+0000] {logging_mixin.py:120} INFO - [2024-09-13T09:55:24.697+0000] {dag.py:2585} INFO - Sync 1 DAGs
[2024-09-13T09:55:24.739+0000] {logging_mixin.py:120} INFO - [2024-09-13T09:55:24.739+0000] {dag.py:3340} INFO - Setting next_dagrun for xcom_dag to 2024-09-13T00:00:00+00:00, run_after=2024-09-14T00:00:00+00:00
[2024-09-13T09:55:24.786+0000] {processor.py:176} INFO - Processing /opt/airflow/dags/xcom_dag.py took 0.297 seconds
[2024-09-13T09:55:54.973+0000] {processor.py:154} INFO - Started process (PID=7260) to work on /opt/airflow/dags/xcom_dag.py
[2024-09-13T09:55:55.299+0000] {processor.py:756} INFO - Processing file /opt/airflow/dags/xcom_dag.py for tasks to queue
[2024-09-13T09:55:55.458+0000] {logging_mixin.py:120} INFO - [2024-09-13T09:55:55.458+0000] {dagbag.py:537} INFO - Filling up the DagBag from /opt/airflow/dags/xcom_dag.py
[2024-09-13T09:55:55.758+0000] {processor.py:766} INFO - DAG(s) dict_keys(['xcom_dag']) retrieved from /opt/airflow/dags/xcom_dag.py
[2024-09-13T09:55:55.872+0000] {logging_mixin.py:120} INFO - [2024-09-13T09:55:55.872+0000] {dag.py:2585} INFO - Sync 1 DAGs
[2024-09-13T09:55:55.946+0000] {logging_mixin.py:120} INFO - [2024-09-13T09:55:55.946+0000] {dag.py:3340} INFO - Setting next_dagrun for xcom_dag to 2024-09-13T00:00:00+00:00, run_after=2024-09-14T00:00:00+00:00
[2024-09-13T09:55:56.098+0000] {processor.py:176} INFO - Processing /opt/airflow/dags/xcom_dag.py took 1.128 seconds
[2024-09-13T09:56:27.082+0000] {processor.py:154} INFO - Started process (PID=7296) to work on /opt/airflow/dags/xcom_dag.py
[2024-09-13T09:56:27.153+0000] {processor.py:756} INFO - Processing file /opt/airflow/dags/xcom_dag.py for tasks to queue
[2024-09-13T09:56:27.181+0000] {logging_mixin.py:120} INFO - [2024-09-13T09:56:27.181+0000] {dagbag.py:537} INFO - Filling up the DagBag from /opt/airflow/dags/xcom_dag.py
[2024-09-13T09:56:27.232+0000] {processor.py:766} INFO - DAG(s) dict_keys(['xcom_dag']) retrieved from /opt/airflow/dags/xcom_dag.py
[2024-09-13T09:56:27.357+0000] {logging_mixin.py:120} INFO - [2024-09-13T09:56:27.356+0000] {dag.py:2585} INFO - Sync 1 DAGs
[2024-09-13T09:56:27.488+0000] {logging_mixin.py:120} INFO - [2024-09-13T09:56:27.488+0000] {dag.py:3340} INFO - Setting next_dagrun for xcom_dag to 2024-09-13T00:00:00+00:00, run_after=2024-09-14T00:00:00+00:00
[2024-09-13T09:56:27.729+0000] {processor.py:176} INFO - Processing /opt/airflow/dags/xcom_dag.py took 0.651 seconds
[2024-09-13T09:56:58.517+0000] {processor.py:154} INFO - Started process (PID=7323) to work on /opt/airflow/dags/xcom_dag.py
[2024-09-13T09:56:58.519+0000] {processor.py:756} INFO - Processing file /opt/airflow/dags/xcom_dag.py for tasks to queue
[2024-09-13T09:56:58.521+0000] {logging_mixin.py:120} INFO - [2024-09-13T09:56:58.521+0000] {dagbag.py:537} INFO - Filling up the DagBag from /opt/airflow/dags/xcom_dag.py
[2024-09-13T09:56:58.581+0000] {processor.py:766} INFO - DAG(s) dict_keys(['xcom_dag']) retrieved from /opt/airflow/dags/xcom_dag.py
[2024-09-13T09:56:58.654+0000] {logging_mixin.py:120} INFO - [2024-09-13T09:56:58.653+0000] {dag.py:2585} INFO - Sync 1 DAGs
[2024-09-13T09:56:58.692+0000] {logging_mixin.py:120} INFO - [2024-09-13T09:56:58.692+0000] {dag.py:3340} INFO - Setting next_dagrun for xcom_dag to 2024-09-13T00:00:00+00:00, run_after=2024-09-14T00:00:00+00:00
[2024-09-13T09:56:58.722+0000] {processor.py:176} INFO - Processing /opt/airflow/dags/xcom_dag.py took 0.210 seconds
[2024-09-13T09:57:28.887+0000] {processor.py:154} INFO - Started process (PID=7359) to work on /opt/airflow/dags/xcom_dag.py
[2024-09-13T09:57:28.930+0000] {processor.py:756} INFO - Processing file /opt/airflow/dags/xcom_dag.py for tasks to queue
[2024-09-13T09:57:28.940+0000] {logging_mixin.py:120} INFO - [2024-09-13T09:57:28.939+0000] {dagbag.py:537} INFO - Filling up the DagBag from /opt/airflow/dags/xcom_dag.py
[2024-09-13T09:57:29.271+0000] {processor.py:766} INFO - DAG(s) dict_keys(['xcom_dag']) retrieved from /opt/airflow/dags/xcom_dag.py
[2024-09-13T09:57:29.321+0000] {logging_mixin.py:120} INFO - [2024-09-13T09:57:29.320+0000] {dag.py:2585} INFO - Sync 1 DAGs
[2024-09-13T09:57:29.356+0000] {logging_mixin.py:120} INFO - [2024-09-13T09:57:29.356+0000] {dag.py:3340} INFO - Setting next_dagrun for xcom_dag to 2024-09-13T00:00:00+00:00, run_after=2024-09-14T00:00:00+00:00
[2024-09-13T09:57:29.403+0000] {processor.py:176} INFO - Processing /opt/airflow/dags/xcom_dag.py took 0.519 seconds
[2024-09-13T09:58:00.552+0000] {processor.py:154} INFO - Started process (PID=7394) to work on /opt/airflow/dags/xcom_dag.py
[2024-09-13T09:58:00.621+0000] {processor.py:756} INFO - Processing file /opt/airflow/dags/xcom_dag.py for tasks to queue
[2024-09-13T09:58:00.677+0000] {logging_mixin.py:120} INFO - [2024-09-13T09:58:00.677+0000] {dagbag.py:537} INFO - Filling up the DagBag from /opt/airflow/dags/xcom_dag.py
[2024-09-13T09:58:01.193+0000] {processor.py:766} INFO - DAG(s) dict_keys(['xcom_dag']) retrieved from /opt/airflow/dags/xcom_dag.py
[2024-09-13T09:58:01.256+0000] {logging_mixin.py:120} INFO - [2024-09-13T09:58:01.256+0000] {dag.py:2585} INFO - Sync 1 DAGs
[2024-09-13T09:58:01.302+0000] {logging_mixin.py:120} INFO - [2024-09-13T09:58:01.302+0000] {dag.py:3340} INFO - Setting next_dagrun for xcom_dag to 2024-09-13T00:00:00+00:00, run_after=2024-09-14T00:00:00+00:00
[2024-09-13T09:58:01.344+0000] {processor.py:176} INFO - Processing /opt/airflow/dags/xcom_dag.py took 0.796 seconds
[2024-09-13T09:58:32.534+0000] {processor.py:154} INFO - Started process (PID=7421) to work on /opt/airflow/dags/xcom_dag.py
[2024-09-13T09:58:32.535+0000] {processor.py:756} INFO - Processing file /opt/airflow/dags/xcom_dag.py for tasks to queue
[2024-09-13T09:58:32.536+0000] {logging_mixin.py:120} INFO - [2024-09-13T09:58:32.536+0000] {dagbag.py:537} INFO - Filling up the DagBag from /opt/airflow/dags/xcom_dag.py
[2024-09-13T09:58:32.574+0000] {processor.py:766} INFO - DAG(s) dict_keys(['xcom_dag']) retrieved from /opt/airflow/dags/xcom_dag.py
[2024-09-13T09:58:32.633+0000] {logging_mixin.py:120} INFO - [2024-09-13T09:58:32.633+0000] {dag.py:2585} INFO - Sync 1 DAGs
[2024-09-13T09:58:32.669+0000] {logging_mixin.py:120} INFO - [2024-09-13T09:58:32.669+0000] {dag.py:3340} INFO - Setting next_dagrun for xcom_dag to 2024-09-13T00:00:00+00:00, run_after=2024-09-14T00:00:00+00:00
[2024-09-13T09:58:32.711+0000] {processor.py:176} INFO - Processing /opt/airflow/dags/xcom_dag.py took 0.179 seconds
[2024-09-13T09:59:04.933+0000] {processor.py:154} INFO - Started process (PID=7448) to work on /opt/airflow/dags/xcom_dag.py
[2024-09-13T09:59:04.935+0000] {processor.py:756} INFO - Processing file /opt/airflow/dags/xcom_dag.py for tasks to queue
[2024-09-13T09:59:04.937+0000] {logging_mixin.py:120} INFO - [2024-09-13T09:59:04.937+0000] {dagbag.py:537} INFO - Filling up the DagBag from /opt/airflow/dags/xcom_dag.py
[2024-09-13T09:59:04.978+0000] {processor.py:766} INFO - DAG(s) dict_keys(['xcom_dag']) retrieved from /opt/airflow/dags/xcom_dag.py
[2024-09-13T09:59:05.028+0000] {logging_mixin.py:120} INFO - [2024-09-13T09:59:05.028+0000] {dag.py:2585} INFO - Sync 1 DAGs
[2024-09-13T09:59:05.066+0000] {logging_mixin.py:120} INFO - [2024-09-13T09:59:05.065+0000] {dag.py:3340} INFO - Setting next_dagrun for xcom_dag to 2024-09-13T00:00:00+00:00, run_after=2024-09-14T00:00:00+00:00
[2024-09-13T09:59:05.139+0000] {processor.py:176} INFO - Processing /opt/airflow/dags/xcom_dag.py took 0.211 seconds
[2024-09-13T09:59:19.755+0000] {processor.py:154} INFO - Started process (PID=7474) to work on /opt/airflow/dags/xcom_dag.py
[2024-09-13T09:59:19.757+0000] {processor.py:756} INFO - Processing file /opt/airflow/dags/xcom_dag.py for tasks to queue
[2024-09-13T09:59:19.759+0000] {logging_mixin.py:120} INFO - [2024-09-13T09:59:19.759+0000] {dagbag.py:537} INFO - Filling up the DagBag from /opt/airflow/dags/xcom_dag.py
[2024-09-13T09:59:19.857+0000] {processor.py:766} INFO - DAG(s) dict_keys(['xcom_dag']) retrieved from /opt/airflow/dags/xcom_dag.py
[2024-09-13T09:59:19.987+0000] {logging_mixin.py:120} INFO - [2024-09-13T09:59:19.986+0000] {dag.py:2585} INFO - Sync 1 DAGs
[2024-09-13T09:59:20.033+0000] {logging_mixin.py:120} INFO - [2024-09-13T09:59:20.033+0000] {dag.py:3340} INFO - Setting next_dagrun for xcom_dag to 2024-09-13T00:00:00+00:00, run_after=2024-09-14T00:00:00+00:00
[2024-09-13T09:59:20.079+0000] {processor.py:176} INFO - Processing /opt/airflow/dags/xcom_dag.py took 0.329 seconds
[2024-09-13T09:59:50.476+0000] {processor.py:154} INFO - Started process (PID=7501) to work on /opt/airflow/dags/xcom_dag.py
[2024-09-13T09:59:50.477+0000] {processor.py:756} INFO - Processing file /opt/airflow/dags/xcom_dag.py for tasks to queue
[2024-09-13T09:59:50.479+0000] {logging_mixin.py:120} INFO - [2024-09-13T09:59:50.479+0000] {dagbag.py:537} INFO - Filling up the DagBag from /opt/airflow/dags/xcom_dag.py
[2024-09-13T09:59:50.519+0000] {processor.py:766} INFO - DAG(s) dict_keys(['xcom_dag']) retrieved from /opt/airflow/dags/xcom_dag.py
[2024-09-13T09:59:50.585+0000] {logging_mixin.py:120} INFO - [2024-09-13T09:59:50.585+0000] {dag.py:2585} INFO - Sync 1 DAGs
[2024-09-13T09:59:50.615+0000] {logging_mixin.py:120} INFO - [2024-09-13T09:59:50.614+0000] {dag.py:3340} INFO - Setting next_dagrun for xcom_dag to 2024-09-13T00:00:00+00:00, run_after=2024-09-14T00:00:00+00:00
[2024-09-13T09:59:50.642+0000] {processor.py:176} INFO - Processing /opt/airflow/dags/xcom_dag.py took 0.170 seconds
