[2024-08-02T06:03:40.190+0000] {taskinstance.py:1165} INFO - Dependencies all met for <TaskInstance: user_processing.is_api_available manual__2024-08-02T06:03:37.722717+00:00 [queued]>
[2024-08-02T06:03:40.202+0000] {taskinstance.py:1165} INFO - Dependencies all met for <TaskInstance: user_processing.is_api_available manual__2024-08-02T06:03:37.722717+00:00 [queued]>
[2024-08-02T06:03:40.203+0000] {taskinstance.py:1362} INFO - 
--------------------------------------------------------------------------------
[2024-08-02T06:03:40.204+0000] {taskinstance.py:1363} INFO - Starting attempt 1 of 1
[2024-08-02T06:03:40.205+0000] {taskinstance.py:1364} INFO - 
--------------------------------------------------------------------------------
[2024-08-02T06:03:40.228+0000] {taskinstance.py:1383} INFO - Executing <Task(HttpSensor): is_api_available> on 2024-08-02 06:03:37.722717+00:00
[2024-08-02T06:03:40.237+0000] {standard_task_runner.py:55} INFO - Started process 2069 to run task
[2024-08-02T06:03:40.241+0000] {standard_task_runner.py:82} INFO - Running: ['***', 'tasks', 'run', 'user_processing', 'is_api_available', 'manual__2024-08-02T06:03:37.722717+00:00', '--job-id', '14', '--raw', '--subdir', 'DAGS_FOLDER/user_processing.py', '--cfg-path', '/tmp/tmpzbbnwk4p']
[2024-08-02T06:03:40.244+0000] {standard_task_runner.py:83} INFO - Job 14: Subtask is_api_available
[2024-08-02T06:03:40.315+0000] {task_command.py:376} INFO - Running <TaskInstance: user_processing.is_api_available manual__2024-08-02T06:03:37.722717+00:00 [running]> on host 18f5bdb82dad
[2024-08-02T06:03:40.385+0000] {taskinstance.py:1592} INFO - Exporting the following env vars:
AIRFLOW_CTX_DAG_OWNER=***
AIRFLOW_CTX_DAG_ID=user_processing
AIRFLOW_CTX_TASK_ID=is_api_available
AIRFLOW_CTX_EXECUTION_DATE=2024-08-02T06:03:37.722717+00:00
AIRFLOW_CTX_TRY_NUMBER=1
AIRFLOW_CTX_DAG_RUN_ID=manual__2024-08-02T06:03:37.722717+00:00
[2024-08-02T06:03:40.387+0000] {http.py:120} INFO - Poking: api/
[2024-08-02T06:03:40.397+0000] {base.py:71} INFO - Using connection ID 'user_api' for task execution.
[2024-08-02T06:03:40.399+0000] {http.py:148} INFO - Sending 'GET' to url: http://randomuser.me/api/
[2024-08-02T06:03:41.275+0000] {base.py:213} INFO - Success criteria met. Exiting.
[2024-08-02T06:03:41.294+0000] {taskinstance.py:1406} INFO - Marking task as SUCCESS. dag_id=user_processing, task_id=is_api_available, execution_date=20240802T060337, start_date=20240802T060340, end_date=20240802T060341
[2024-08-02T06:03:41.340+0000] {local_task_job.py:164} INFO - Task exited with return code 0
[2024-08-02T06:03:41.381+0000] {local_task_job.py:273} INFO - 1 downstream tasks scheduled from follow-on schedule check
