[2024-08-05T12:37:56.248+0000] {taskinstance.py:1165} INFO - Dependencies all met for <TaskInstance: parallel_dag.extract_b manual__2024-08-05T12:37:54.801380+00:00 [queued]>
[2024-08-05T12:37:56.262+0000] {taskinstance.py:1165} INFO - Dependencies all met for <TaskInstance: parallel_dag.extract_b manual__2024-08-05T12:37:54.801380+00:00 [queued]>
[2024-08-05T12:37:56.263+0000] {taskinstance.py:1362} INFO - 
--------------------------------------------------------------------------------
[2024-08-05T12:37:56.264+0000] {taskinstance.py:1363} INFO - Starting attempt 1 of 1
[2024-08-05T12:37:56.265+0000] {taskinstance.py:1364} INFO - 
--------------------------------------------------------------------------------
[2024-08-05T12:37:56.286+0000] {taskinstance.py:1383} INFO - Executing <Task(BashOperator): extract_b> on 2024-08-05 12:37:54.801380+00:00
[2024-08-05T12:37:56.297+0000] {standard_task_runner.py:55} INFO - Started process 315 to run task
[2024-08-05T12:37:56.304+0000] {standard_task_runner.py:82} INFO - Running: ['***', 'tasks', 'run', 'parallel_dag', 'extract_b', 'manual__2024-08-05T12:37:54.801380+00:00', '--job-id', '65', '--raw', '--subdir', 'DAGS_FOLDER/parallel_dag.py', '--cfg-path', '/tmp/tmp7y5_2cse']
[2024-08-05T12:37:56.306+0000] {standard_task_runner.py:83} INFO - Job 65: Subtask extract_b
[2024-08-05T12:37:56.427+0000] {task_command.py:376} INFO - Running <TaskInstance: parallel_dag.extract_b manual__2024-08-05T12:37:54.801380+00:00 [running]> on host bf2ee2ebe7b3
[2024-08-05T12:37:56.585+0000] {taskinstance.py:1592} INFO - Exporting the following env vars:
AIRFLOW_CTX_DAG_OWNER=***
AIRFLOW_CTX_DAG_ID=parallel_dag
AIRFLOW_CTX_TASK_ID=extract_b
AIRFLOW_CTX_EXECUTION_DATE=2024-08-05T12:37:54.801380+00:00
AIRFLOW_CTX_TRY_NUMBER=1
AIRFLOW_CTX_DAG_RUN_ID=manual__2024-08-05T12:37:54.801380+00:00
[2024-08-05T12:37:56.588+0000] {subprocess.py:63} INFO - Tmp dir root location: 
 /tmp
[2024-08-05T12:37:56.589+0000] {subprocess.py:75} INFO - Running command: ['/bin/bash', '-c', 'sleep 10']
[2024-08-05T12:37:56.605+0000] {subprocess.py:86} INFO - Output:
[2024-08-05T12:38:06.609+0000] {subprocess.py:97} INFO - Command exited with return code 0
[2024-08-05T12:38:06.683+0000] {taskinstance.py:1406} INFO - Marking task as SUCCESS. dag_id=parallel_dag, task_id=extract_b, execution_date=20240805T123754, start_date=20240805T123756, end_date=20240805T123806
[2024-08-05T12:38:07.052+0000] {local_task_job.py:164} INFO - Task exited with return code 0
[2024-08-05T12:38:07.178+0000] {local_task_job.py:273} INFO - 1 downstream tasks scheduled from follow-on schedule check
