[2024-08-26T11:43:50.388+0000] {taskinstance.py:1165} INFO - Dependencies all met for <TaskInstance: parallel_dag.load_a scheduled__2024-08-25T00:00:00+00:00 [queued]>
[2024-08-26T11:43:50.434+0000] {taskinstance.py:1165} INFO - Dependencies all met for <TaskInstance: parallel_dag.load_a scheduled__2024-08-25T00:00:00+00:00 [queued]>
[2024-08-26T11:43:50.437+0000] {taskinstance.py:1362} INFO - 
--------------------------------------------------------------------------------
[2024-08-26T11:43:50.438+0000] {taskinstance.py:1363} INFO - Starting attempt 1 of 1
[2024-08-26T11:43:50.444+0000] {taskinstance.py:1364} INFO - 
--------------------------------------------------------------------------------
[2024-08-26T11:43:50.509+0000] {taskinstance.py:1383} INFO - Executing <Task(BashOperator): load_a> on 2024-08-25 00:00:00+00:00
[2024-08-26T11:43:50.534+0000] {standard_task_runner.py:55} INFO - Started process 107 to run task
[2024-08-26T11:43:50.560+0000] {standard_task_runner.py:82} INFO - Running: ['***', 'tasks', 'run', 'parallel_dag', 'load_a', 'scheduled__2024-08-25T00:00:00+00:00', '--job-id', '79', '--raw', '--subdir', 'DAGS_FOLDER/parallel_dag.py', '--cfg-path', '/tmp/tmp0ai_ig8s']
[2024-08-26T11:43:50.566+0000] {standard_task_runner.py:83} INFO - Job 79: Subtask load_a
[2024-08-26T11:43:50.832+0000] {task_command.py:376} INFO - Running <TaskInstance: parallel_dag.load_a scheduled__2024-08-25T00:00:00+00:00 [running]> on host b67495cd0aeb
[2024-08-26T11:43:51.072+0000] {taskinstance.py:1592} INFO - Exporting the following env vars:
AIRFLOW_CTX_DAG_OWNER=***
AIRFLOW_CTX_DAG_ID=parallel_dag
AIRFLOW_CTX_TASK_ID=load_a
AIRFLOW_CTX_EXECUTION_DATE=2024-08-25T00:00:00+00:00
AIRFLOW_CTX_TRY_NUMBER=1
AIRFLOW_CTX_DAG_RUN_ID=scheduled__2024-08-25T00:00:00+00:00
[2024-08-26T11:43:51.074+0000] {subprocess.py:63} INFO - Tmp dir root location: 
 /tmp
[2024-08-26T11:43:51.076+0000] {subprocess.py:75} INFO - Running command: ['/bin/bash', '-c', 'sleep 10']
[2024-08-26T11:43:51.095+0000] {subprocess.py:86} INFO - Output:
[2024-08-26T11:44:01.100+0000] {subprocess.py:97} INFO - Command exited with return code 0
[2024-08-26T11:44:01.189+0000] {taskinstance.py:1406} INFO - Marking task as SUCCESS. dag_id=parallel_dag, task_id=load_a, execution_date=20240825T000000, start_date=20240826T114350, end_date=20240826T114401
[2024-08-26T11:44:01.310+0000] {local_task_job.py:164} INFO - Task exited with return code 0
[2024-08-26T11:44:01.795+0000] {local_task_job.py:273} INFO - 1 downstream tasks scheduled from follow-on schedule check
