[2024-08-05T05:54:38.333+0000] {taskinstance.py:1165} INFO - Dependencies all met for <TaskInstance: user_processing.is_api_available scheduled__2024-08-04T00:00:00+00:00 [queued]>
[2024-08-05T05:54:38.345+0000] {taskinstance.py:1165} INFO - Dependencies all met for <TaskInstance: user_processing.is_api_available scheduled__2024-08-04T00:00:00+00:00 [queued]>
[2024-08-05T05:54:38.346+0000] {taskinstance.py:1362} INFO - 
--------------------------------------------------------------------------------
[2024-08-05T05:54:38.347+0000] {taskinstance.py:1363} INFO - Starting attempt 1 of 1
[2024-08-05T05:54:38.348+0000] {taskinstance.py:1364} INFO - 
--------------------------------------------------------------------------------
[2024-08-05T05:54:38.363+0000] {taskinstance.py:1383} INFO - Executing <Task(HttpSensor): is_api_available> on 2024-08-04 00:00:00+00:00
[2024-08-05T05:54:38.369+0000] {standard_task_runner.py:55} INFO - Started process 73 to run task
[2024-08-05T05:54:38.373+0000] {standard_task_runner.py:82} INFO - Running: ['***', 'tasks', 'run', 'user_processing', 'is_api_available', 'scheduled__2024-08-04T00:00:00+00:00', '--job-id', '33', '--raw', '--subdir', 'DAGS_FOLDER/user_processing.py', '--cfg-path', '/tmp/tmp_95pdgy7']
[2024-08-05T05:54:38.375+0000] {standard_task_runner.py:83} INFO - Job 33: Subtask is_api_available
[2024-08-05T05:54:38.460+0000] {task_command.py:376} INFO - Running <TaskInstance: user_processing.is_api_available scheduled__2024-08-04T00:00:00+00:00 [running]> on host 6111c72ad3dd
[2024-08-05T05:54:38.593+0000] {taskinstance.py:1592} INFO - Exporting the following env vars:
AIRFLOW_CTX_DAG_OWNER=***
AIRFLOW_CTX_DAG_ID=user_processing
AIRFLOW_CTX_TASK_ID=is_api_available
AIRFLOW_CTX_EXECUTION_DATE=2024-08-04T00:00:00+00:00
AIRFLOW_CTX_TRY_NUMBER=1
AIRFLOW_CTX_DAG_RUN_ID=scheduled__2024-08-04T00:00:00+00:00
[2024-08-05T05:54:38.594+0000] {http.py:120} INFO - Poking: api/
[2024-08-05T05:54:38.608+0000] {base.py:71} INFO - Using connection ID 'user_api' for task execution.
[2024-08-05T05:54:38.610+0000] {http.py:148} INFO - Sending 'GET' to url: http://randomuser.me/api/
[2024-08-05T05:54:40.016+0000] {base.py:213} INFO - Success criteria met. Exiting.
[2024-08-05T05:54:40.029+0000] {taskinstance.py:1406} INFO - Marking task as SUCCESS. dag_id=user_processing, task_id=is_api_available, execution_date=20240804T000000, start_date=20240805T055438, end_date=20240805T055440
[2024-08-05T05:54:40.079+0000] {local_task_job.py:164} INFO - Task exited with return code 0
[2024-08-05T05:54:40.128+0000] {local_task_job.py:273} INFO - 1 downstream tasks scheduled from follow-on schedule check
