[2024-08-05T06:55:48.021+0000] {taskinstance.py:1165} INFO - Dependencies all met for <TaskInstance: consumer.read_dataset dataset_triggered__2024-08-05T06:55:46.785621+00:00 [queued]>
[2024-08-05T06:55:48.038+0000] {taskinstance.py:1165} INFO - Dependencies all met for <TaskInstance: consumer.read_dataset dataset_triggered__2024-08-05T06:55:46.785621+00:00 [queued]>
[2024-08-05T06:55:48.040+0000] {taskinstance.py:1362} INFO - 
--------------------------------------------------------------------------------
[2024-08-05T06:55:48.043+0000] {taskinstance.py:1363} INFO - Starting attempt 1 of 1
[2024-08-05T06:55:48.043+0000] {taskinstance.py:1364} INFO - 
--------------------------------------------------------------------------------
[2024-08-05T06:55:48.070+0000] {taskinstance.py:1383} INFO - Executing <Task(_PythonDecoratedOperator): read_dataset> on 2024-08-05 06:55:46.785621+00:00
[2024-08-05T06:55:48.084+0000] {standard_task_runner.py:82} INFO - Running: ['***', 'tasks', 'run', 'consumer', 'read_dataset', 'dataset_triggered__2024-08-05T06:55:46.785621+00:00', '--job-id', '38', '--raw', '--subdir', 'DAGS_FOLDER/consumer.py', '--cfg-path', '/tmp/tmp9i900p3x']
[2024-08-05T06:55:48.080+0000] {standard_task_runner.py:55} INFO - Started process 2640 to run task
[2024-08-05T06:55:48.091+0000] {standard_task_runner.py:83} INFO - Job 38: Subtask read_dataset
[2024-08-05T06:55:48.190+0000] {task_command.py:376} INFO - Running <TaskInstance: consumer.read_dataset dataset_triggered__2024-08-05T06:55:46.785621+00:00 [running]> on host 6111c72ad3dd
[2024-08-05T06:55:48.288+0000] {taskinstance.py:1592} INFO - Exporting the following env vars:
AIRFLOW_CTX_DAG_OWNER=***
AIRFLOW_CTX_DAG_ID=consumer
AIRFLOW_CTX_TASK_ID=read_dataset
AIRFLOW_CTX_EXECUTION_DATE=2024-08-05T06:55:46.785621+00:00
AIRFLOW_CTX_TRY_NUMBER=1
AIRFLOW_CTX_DAG_RUN_ID=dataset_triggered__2024-08-05T06:55:46.785621+00:00
[2024-08-05T06:55:48.291+0000] {logging_mixin.py:120} INFO - Producer update
[2024-08-05T06:55:48.292+0000] {python.py:177} INFO - Done. Returned value was: None
[2024-08-05T06:55:48.309+0000] {taskinstance.py:1406} INFO - Marking task as SUCCESS. dag_id=consumer, task_id=read_dataset, execution_date=20240805T065546, start_date=20240805T065548, end_date=20240805T065548
[2024-08-05T06:55:48.349+0000] {local_task_job.py:164} INFO - Task exited with return code 0
[2024-08-05T06:55:48.378+0000] {local_task_job.py:273} INFO - 0 downstream tasks scheduled from follow-on schedule check
