[2024-08-05T07:09:16.871+0000] {taskinstance.py:1165} INFO - Dependencies all met for <TaskInstance: producer.update_dataset2__1 manual__2024-08-05T07:09:14.356996+00:00 [queued]>
[2024-08-05T07:09:16.890+0000] {taskinstance.py:1165} INFO - Dependencies all met for <TaskInstance: producer.update_dataset2__1 manual__2024-08-05T07:09:14.356996+00:00 [queued]>
[2024-08-05T07:09:16.891+0000] {taskinstance.py:1362} INFO - 
--------------------------------------------------------------------------------
[2024-08-05T07:09:16.893+0000] {taskinstance.py:1363} INFO - Starting attempt 1 of 1
[2024-08-05T07:09:16.894+0000] {taskinstance.py:1364} INFO - 
--------------------------------------------------------------------------------
[2024-08-05T07:09:16.920+0000] {taskinstance.py:1383} INFO - Executing <Task(_PythonDecoratedOperator): update_dataset2__1> on 2024-08-05 07:09:14.356996+00:00
[2024-08-05T07:09:16.937+0000] {standard_task_runner.py:55} INFO - Started process 3262 to run task
[2024-08-05T07:09:16.941+0000] {standard_task_runner.py:82} INFO - Running: ['***', 'tasks', 'run', 'producer', 'update_dataset2__1', 'manual__2024-08-05T07:09:14.356996+00:00', '--job-id', '45', '--raw', '--subdir', 'DAGS_FOLDER/producer.py', '--cfg-path', '/tmp/tmpvi5kkj6x']
[2024-08-05T07:09:16.981+0000] {standard_task_runner.py:83} INFO - Job 45: Subtask update_dataset2__1
[2024-08-05T07:09:17.109+0000] {task_command.py:376} INFO - Running <TaskInstance: producer.update_dataset2__1 manual__2024-08-05T07:09:14.356996+00:00 [running]> on host 6111c72ad3dd
[2024-08-05T07:09:17.217+0000] {taskinstance.py:1592} INFO - Exporting the following env vars:
AIRFLOW_CTX_DAG_OWNER=***
AIRFLOW_CTX_DAG_ID=producer
AIRFLOW_CTX_TASK_ID=update_dataset2__1
AIRFLOW_CTX_EXECUTION_DATE=2024-08-05T07:09:14.356996+00:00
AIRFLOW_CTX_TRY_NUMBER=1
AIRFLOW_CTX_DAG_RUN_ID=manual__2024-08-05T07:09:14.356996+00:00
[2024-08-05T07:09:17.219+0000] {python.py:177} INFO - Done. Returned value was: None
[2024-08-05T07:09:17.223+0000] {warnings.py:110} WARNING - /home/***/.local/lib/python3.7/site-packages/***/models/baseoperator.py:1390: RemovedInAirflow3Warning: Passing 'execution_date' to 'TaskInstance.xcom_push()' is deprecated.
  context['ti'].xcom_push(key=key, value=value, execution_date=execution_date)

[2024-08-05T07:09:17.256+0000] {taskinstance.py:1406} INFO - Marking task as SUCCESS. dag_id=producer, task_id=update_dataset2__1, execution_date=20240805T070914, start_date=20240805T070916, end_date=20240805T070917
[2024-08-05T07:09:17.326+0000] {local_task_job.py:164} INFO - Task exited with return code 0
[2024-08-05T07:09:17.356+0000] {local_task_job.py:273} INFO - 0 downstream tasks scheduled from follow-on schedule check
