[2024-09-14T10:20:43.479+0000] {taskinstance.py:1165} INFO - Dependencies all met for <TaskInstance: group_dag.downloads.download_b scheduled__2024-09-13T00:00:00+00:00 [queued]>
[2024-09-14T10:20:43.518+0000] {taskinstance.py:1165} INFO - Dependencies all met for <TaskInstance: group_dag.downloads.download_b scheduled__2024-09-13T00:00:00+00:00 [queued]>
[2024-09-14T10:20:43.520+0000] {taskinstance.py:1362} INFO - 
--------------------------------------------------------------------------------
[2024-09-14T10:20:43.522+0000] {taskinstance.py:1363} INFO - Starting attempt 1 of 1
[2024-09-14T10:20:43.524+0000] {taskinstance.py:1364} INFO - 
--------------------------------------------------------------------------------
[2024-09-14T10:20:43.587+0000] {taskinstance.py:1383} INFO - Executing <Task(BashOperator): downloads.download_b> on 2024-09-13 00:00:00+00:00
[2024-09-14T10:20:43.605+0000] {standard_task_runner.py:55} INFO - Started process 74 to run task
[2024-09-14T10:20:43.610+0000] {standard_task_runner.py:82} INFO - Running: ['***', 'tasks', 'run', 'group_dag', 'downloads.download_b', 'scheduled__2024-09-13T00:00:00+00:00', '--job-id', '48', '--raw', '--subdir', 'DAGS_FOLDER/group_dag.py', '--cfg-path', '/tmp/tmpvq4vznk0']
[2024-09-14T10:20:43.612+0000] {standard_task_runner.py:83} INFO - Job 48: Subtask downloads.download_b
[2024-09-14T10:20:43.802+0000] {task_command.py:376} INFO - Running <TaskInstance: group_dag.downloads.download_b scheduled__2024-09-13T00:00:00+00:00 [running]> on host 92ae82aad1c9
[2024-09-14T10:20:44.004+0000] {taskinstance.py:1592} INFO - Exporting the following env vars:
AIRFLOW_CTX_DAG_OWNER=***
AIRFLOW_CTX_DAG_ID=group_dag
AIRFLOW_CTX_TASK_ID=downloads.download_b
AIRFLOW_CTX_EXECUTION_DATE=2024-09-13T00:00:00+00:00
AIRFLOW_CTX_TRY_NUMBER=1
AIRFLOW_CTX_DAG_RUN_ID=scheduled__2024-09-13T00:00:00+00:00
[2024-09-14T10:20:44.006+0000] {subprocess.py:63} INFO - Tmp dir root location: 
 /tmp
[2024-09-14T10:20:44.008+0000] {subprocess.py:75} INFO - Running command: ['/bin/bash', '-c', 'sleep 10']
[2024-09-14T10:20:44.032+0000] {subprocess.py:86} INFO - Output:
[2024-09-14T10:20:54.039+0000] {subprocess.py:97} INFO - Command exited with return code 0
[2024-09-14T10:20:54.106+0000] {taskinstance.py:1406} INFO - Marking task as SUCCESS. dag_id=group_dag, task_id=downloads.download_b, execution_date=20240913T000000, start_date=20240914T102043, end_date=20240914T102054
[2024-09-14T10:20:54.294+0000] {local_task_job.py:164} INFO - Task exited with return code 0
[2024-09-14T10:20:54.436+0000] {local_task_job.py:273} INFO - 0 downstream tasks scheduled from follow-on schedule check
